

================================================================
== Vitis HLS Report for 'process_tcp_checksum'
================================================================
* Date:           Fri Feb 20 12:33:34 2026

* Version:        2023.1 (Build 3854077 on May  4 2023)
* Project:        calculate_tcp_checksum
* Solution:       solution (Vitis Kernel Flow Target)
* Product family: virtexuplusHBM
* Target device:  xcu280-fsvh2892-2L-e


================================================================
== Performance Estimates
================================================================
+ Timing: 
    * Summary: 
    +--------+---------+----------+------------+
    |  Clock |  Target | Estimated| Uncertainty|
    +--------+---------+----------+------------+
    |ap_clk  |  3.33 ns|  2.433 ns|     0.90 ns|
    +--------+---------+----------+------------+

+ Latency: 
    * Summary: 
    +---------+---------+----------+----------+-----+-----+---------+
    |  Latency (cycles) |  Latency (absolute) |  Interval | Pipeline|
    |   min   |   max   |    min   |    max   | min | max |   Type  |
    +---------+---------+----------+----------+-----+-----+---------+
    |        ?|        ?|         ?|         ?|    ?|    ?|       no|
    +---------+---------+----------+----------+-----+-----+---------+

    + Detail: 
        * Instance: 
        +---------------------------------------------------------+----------------------------------------------+---------+----------+----------+-----------+-----+----------+---------+
        |                                                         |                                              |  Latency (cycles)  |  Latency (absolute)  |    Interval    | Pipeline|
        |                         Instance                        |                    Module                    |   min   |    max   |    min   |    max    | min |    max   |   Type  |
        +---------------------------------------------------------+----------------------------------------------+---------+----------+----------+-----------+-----+----------+---------+
        |grp_process_tcp_checksum_Pipeline_word_loop_fu_263       |process_tcp_checksum_Pipeline_word_loop       |        ?|         ?|         ?|          ?|    ?|         ?|       no|
        |grp_process_tcp_checksum_Pipeline_vec_word_loop_fu_274   |process_tcp_checksum_Pipeline_vec_word_loop   |        3|  67108868|  9.999 ns|  0.224 sec|    3|  67108868|       no|
        |grp_process_tcp_checksum_Pipeline_tail_word_loop_fu_283  |process_tcp_checksum_Pipeline_tail_word_loop  |        ?|         ?|         ?|          ?|    ?|         ?|       no|
        +---------------------------------------------------------+----------------------------------------------+---------+----------+----------+-----------+-----+----------+---------+

        * Loop: 
        +------------------+---------+---------+----------+-----------+-----------+------+----------+
        |                  |  Latency (cycles) | Iteration|  Initiation Interval  | Trip |          |
        |     Loop Name    |   min   |   max   |  Latency |  achieved |   target  | Count| Pipelined|
        +------------------+---------+---------+----------+-----------+-----------+------+----------+
        |- tcp_chunk_loop  |        ?|        ?|         ?|          -|          -|     ?|        no|
        +------------------+---------+---------+----------+-----------+-----------+------+----------+



================================================================
== Utilization Estimates
================================================================
* Summary: 
+---------------------+---------+------+---------+---------+-----+
|         Name        | BRAM_18K|  DSP |    FF   |   LUT   | URAM|
+---------------------+---------+------+---------+---------+-----+
|DSP                  |        -|     -|        -|        -|    -|
|Expression           |        -|     -|        0|     7809|    -|
|FIFO                 |        -|     -|        -|        -|    -|
|Instance             |        -|     -|     3879|    10958|    -|
|Memory               |        -|     -|        -|        -|    -|
|Multiplexer          |        -|     -|        -|     2041|    -|
|Register             |        -|     -|     2806|        -|    -|
+---------------------+---------+------+---------+---------+-----+
|Total                |        0|     0|     6685|    20808|    0|
+---------------------+---------+------+---------+---------+-----+
|Available SLR        |     1344|  3008|   869120|   434560|  320|
+---------------------+---------+------+---------+---------+-----+
|Utilization SLR (%)  |        0|     0|       ~0|        4|    0|
+---------------------+---------+------+---------+---------+-----+
|Available            |     4032|  9024|  2607360|  1303680|  960|
+---------------------+---------+------+---------+---------+-----+
|Utilization (%)      |        0|     0|       ~0|        1|    0|
+---------------------+---------+------+---------+---------+-----+

+ Detail: 
    * Instance: 
    +---------------------------------------------------------+----------------------------------------------+---------+----+------+------+-----+
    |                         Instance                        |                    Module                    | BRAM_18K| DSP|  FF  |  LUT | URAM|
    +---------------------------------------------------------+----------------------------------------------+---------+----+------+------+-----+
    |grp_process_tcp_checksum_Pipeline_tail_word_loop_fu_283  |process_tcp_checksum_Pipeline_tail_word_loop  |        0|   0|  1513|  5003|    0|
    |grp_process_tcp_checksum_Pipeline_vec_word_loop_fu_274   |process_tcp_checksum_Pipeline_vec_word_loop   |        0|   0|   756|   982|    0|
    |grp_process_tcp_checksum_Pipeline_word_loop_fu_263       |process_tcp_checksum_Pipeline_word_loop       |        0|   0|  1610|  4973|    0|
    +---------------------------------------------------------+----------------------------------------------+---------+----+------+------+-----+
    |Total                                                    |                                              |        0|   0|  3879| 10958|    0|
    +---------------------------------------------------------+----------------------------------------------+---------+----+------+------+-----+

    * DSP: 
    N/A

    * Memory: 
    N/A

    * FIFO: 
    N/A

    * Expression: 
    +-------------------------+----------+----+---+------+------------+------------+
    |      Variable Name      | Operation| DSP| FF|  LUT | Bitwidth P0| Bitwidth P1|
    +-------------------------+----------+----+---+------+------------+------------+
    |add_ln452_2_fu_556_p2    |         +|   0|  0|    23|          16|          16|
    |add_ln474_1_fu_483_p2    |         +|   0|  0|    71|          64|          64|
    |add_ln474_2_fu_499_p2    |         +|   0|  0|    13|           6|           6|
    |add_ln474_fu_471_p2      |         +|   0|  0|    71|          64|          64|
    |add_ln557_1_fu_636_p2    |         +|   0|  0|    71|          64|          64|
    |add_ln557_2_fu_651_p2    |         +|   0|  0|    13|           6|           6|
    |add_ln557_fu_628_p2      |         +|   0|  0|    71|          64|          64|
    |add_ln566_2_fu_764_p2    |         +|   0|  0|    23|          16|          16|
    |add_ln566_fu_732_p2      |         +|   0|  0|    23|          16|          16|
    |add_ln568_1_fu_808_p2    |         +|   0|  0|     2|           2|           2|
    |add_ln568_2_fu_814_p2    |         +|   0|  0|     2|           2|           2|
    |add_ln568_fu_824_p2      |         +|   0|  0|    23|          16|          16|
    |add_ln580_1_fu_407_p2    |         +|   0|  0|    71|          64|          64|
    |add_ln580_fu_417_p2      |         +|   0|  0|    39|          32|           1|
    |add_ln583_fu_441_p2      |         +|   0|  0|    71|          64|          64|
    |add_ln596_1_fu_856_p2    |         +|   0|  0|    13|           6|           6|
    |add_ln596_fu_851_p2      |         +|   0|  0|    71|          64|          64|
    |folded_2_fu_726_p2       |         +|   0|  0|    24|          17|          17|
    |folded_3_fu_758_p2       |         +|   0|  0|    24|          17|          17|
    |folded_4_fu_787_p2       |         +|   0|  0|    24|          17|          17|
    |folded_fu_600_p2         |         +|   0|  0|    23|          16|          16|
    |sub136_i_fu_341_p2       |         +|   0|  0|    39|          32|           2|
    |sum_9_fu_578_p2          |         +|   0|  0|    24|          17|          17|
    |sum_fu_698_p2            |         +|   0|  0|    39|          32|          32|
    |tmp_8_fu_550_p2          |         +|   0|  0|    24|          17|          17|
    |tail_bytes_fu_331_p2     |         -|   0|  0|    39|          32|          32|
    |icmp38_fu_377_p2         |      icmp|   0|  0|    38|          31|           1|
    |icmp_fu_361_p2           |      icmp|   0|  0|    38|          31|           1|
    |icmp_ln472_fu_462_p2     |      icmp|   0|  0|    39|          32|          32|
    |icmp_ln580_fu_412_p2     |      icmp|   0|  0|    39|          32|          32|
    |vector_blocks_fu_299_p2  |      icmp|   0|  0|    13|           6|           1|
    |lshr_ln474_fu_526_p2     |      lshr|   0|  0|  2171|         512|         512|
    |lshr_ln557_fu_677_p2     |      lshr|   0|  0|  2171|         512|         512|
    |shl_ln596_1_fu_909_p2    |       shl|   0|  0|  2171|         512|         512|
    |shl_ln596_fu_892_p2      |       shl|   0|  0|   182|           4|          64|
    |checksum_fu_879_p2       |       xor|   0|  0|    16|          16|           2|
    +-------------------------+----------+----+---+------+------------+------------+
    |Total                    |          |   0|  0|  7809|        2451|        2371|
    +-------------------------+----------+----+---+------+------------+------------+

    * Multiplexer: 
    +------------------------------------------+------+-----------+-----+-----------+
    |                   Name                   |  LUT | Input Size| Bits| Total Bits|
    +------------------------------------------+------+-----------+-----+-----------+
    |ap_NS_fsm                                 |  1606|        303|    1|        303|
    |ap_phi_mux_sum_10_phi_fu_247_p4           |     9|          2|   32|         64|
    |ap_phi_mux_sum_i13_1_lcssa_phi_fu_237_p4  |     9|          2|   32|         64|
    |c_fu_112                                  |     9|          2|   32|         64|
    |checksum_0_in_reg_254                     |     9|          2|   16|         32|
    |chunk_offset_fu_108                       |     9|          2|   64|        128|
    |gmem0_blk_n_AR                            |     9|          2|    1|          2|
    |gmem0_blk_n_AW                            |     9|          2|    1|          2|
    |gmem0_blk_n_B                             |     9|          2|    1|          2|
    |gmem0_blk_n_R                             |     9|          2|    1|          2|
    |gmem0_blk_n_W                             |     9|          2|    1|          2|
    |i_0_i_lcssa_reg_213                       |     9|          2|   32|         64|
    |m_axi_gmem0_ARADDR                        |    37|          7|   64|        448|
    |m_axi_gmem0_ARBURST                       |    20|          4|    2|          8|
    |m_axi_gmem0_ARCACHE                       |    20|          4|    4|         16|
    |m_axi_gmem0_ARID                          |    20|          4|    1|          4|
    |m_axi_gmem0_ARLEN                         |    31|          6|   32|        192|
    |m_axi_gmem0_ARLOCK                        |    20|          4|    2|          8|
    |m_axi_gmem0_ARPROT                        |    20|          4|    3|         12|
    |m_axi_gmem0_ARQOS                         |    20|          4|    4|         16|
    |m_axi_gmem0_ARREGION                      |    20|          4|    4|         16|
    |m_axi_gmem0_ARSIZE                        |    20|          4|    3|         12|
    |m_axi_gmem0_ARUSER                        |    20|          4|    1|          4|
    |m_axi_gmem0_ARVALID                       |    26|          5|    1|          5|
    |m_axi_gmem0_RREADY                        |    26|          5|    1|          5|
    |sum_10_reg_244                            |     9|          2|   32|         64|
    |sum_7_reg_224                             |     9|          2|   17|         34|
    |sum_i13_1_lcssa_reg_234                   |     9|          2|   32|         64|
    |sum_i_0_lcssa_reg_201                     |     9|          2|   17|         34|
    +------------------------------------------+------+-----------+-----+-----------+
    |Total                                     |  2041|        392|  434|       1671|
    +------------------------------------------+------+-----------+-----+-----------+

    * Register: 
    +----------------------------------------------------------------------+-----+----+-----+-----------+
    |                                 Name                                 |  FF | LUT| Bits| Const Bits|
    +----------------------------------------------------------------------+-----+----+-----+-----------+
    |add_ln474_2_reg_1083                                                  |    6|   0|    6|          0|
    |add_ln545_1_loc_fu_124                                                |   32|   0|   32|          0|
    |add_ln557_2_reg_1132                                                  |    6|   0|    6|          0|
    |add_ln566_2_reg_1163                                                  |   16|   0|   16|          0|
    |add_ln566_reg_1153                                                    |   16|   0|   16|          0|
    |add_ln580_1_reg_1050                                                  |   64|   0|   64|          0|
    |add_ln580_reg_1058                                                    |   32|   0|   32|          0|
    |add_ln596_1_reg_1179                                                  |    6|   0|    6|          0|
    |ap_CS_fsm                                                             |  302|   0|  302|          0|
    |c_fu_112                                                              |   32|   0|   32|          0|
    |checksum_0_in_reg_254                                                 |   16|   0|   16|          0|
    |chunk_offset_fu_108                                                   |   64|   0|   64|          0|
    |conv2_reg_992                                                         |   32|   0|   64|         32|
    |empty_27_reg_1017                                                     |    1|   0|    1|          0|
    |gmem0_addr_3_read_reg_1143                                            |  512|   0|  512|          0|
    |gmem0_addr_4_read_reg_1094                                            |  512|   0|  512|          0|
    |grp_process_tcp_checksum_Pipeline_tail_word_loop_fu_283_ap_start_reg  |    1|   0|    1|          0|
    |grp_process_tcp_checksum_Pipeline_vec_word_loop_fu_274_ap_start_reg   |    1|   0|    1|          0|
    |grp_process_tcp_checksum_Pipeline_word_loop_fu_263_ap_start_reg       |    1|   0|    1|          0|
    |i_0_i_lcssa_reg_213                                                   |   32|   0|   32|          0|
    |icmp38_reg_1030                                                       |    1|   0|    1|          0|
    |icmp_reg_1026                                                         |    1|   0|    1|          0|
    |idxprom137_i_reg_1021                                                 |   32|   0|   64|         32|
    |shl_ln596_1_reg_1195                                                  |  512|   0|  512|          0|
    |shl_ln596_reg_1190                                                    |   64|   0|   64|          0|
    |sum_10_reg_244                                                        |   32|   0|   32|          0|
    |sum_3_loc_fu_120                                                      |   17|   0|   17|          0|
    |sum_7_reg_224                                                         |   17|   0|   17|          0|
    |sum_i13_1_lcssa_reg_234                                               |   32|   0|   32|          0|
    |sum_i_0_lcssa_reg_201                                                 |   17|   0|   17|          0|
    |sum_reg_1148                                                          |   32|   0|   32|          0|
    |tail_bytes_reg_1012                                                   |   32|   0|   32|          0|
    |tail_offset_reg_1007                                                  |   26|   0|   32|          6|
    |tmp_4_reg_1158                                                        |    1|   0|    1|          0|
    |tmp_6_reg_1168                                                        |    1|   0|    1|          0|
    |trunc_ln1_reg_1063                                                    |   58|   0|   58|          0|
    |trunc_ln474_2_reg_1099                                                |    8|   0|    8|          0|
    |trunc_ln474_3_reg_1078                                                |   58|   0|   58|          0|
    |trunc_ln557_2_reg_1127                                                |   58|   0|   58|          0|
    |trunc_ln557_reg_1039                                                  |    6|   0|    6|          0|
    |trunc_ln596_reg_1034                                                  |    6|   0|    6|          0|
    |trunc_ln9_reg_1185                                                    |   58|   0|   58|          0|
    |vec_words_1_reg_1002                                                  |   26|   0|   32|          6|
    |vec_words_reg_997                                                     |   26|   0|   26|          0|
    |vector_blocks_reg_988                                                 |    1|   0|    1|          0|
    +----------------------------------------------------------------------+-----+----+-----+-----------+
    |Total                                                                 | 2806|   0| 2882|         76|
    +----------------------------------------------------------------------+-----+----+-----+-----------+



================================================================
== Interface
================================================================
* Summary: 
+----------------------+-----+-----+------------+----------------------+--------------+
|       RTL Ports      | Dir | Bits|  Protocol  |     Source Object    |    C Type    |
+----------------------+-----+-----+------------+----------------------+--------------+
|ap_clk                |   in|    1|  ap_ctrl_hs|  process_tcp_checksum|  return value|
|ap_rst                |   in|    1|  ap_ctrl_hs|  process_tcp_checksum|  return value|
|ap_start              |   in|    1|  ap_ctrl_hs|  process_tcp_checksum|  return value|
|ap_done               |  out|    1|  ap_ctrl_hs|  process_tcp_checksum|  return value|
|ap_idle               |  out|    1|  ap_ctrl_hs|  process_tcp_checksum|  return value|
|ap_ready              |  out|    1|  ap_ctrl_hs|  process_tcp_checksum|  return value|
|m_axi_gmem0_AWVALID   |  out|    1|       m_axi|                 gmem0|       pointer|
|m_axi_gmem0_AWREADY   |   in|    1|       m_axi|                 gmem0|       pointer|
|m_axi_gmem0_AWADDR    |  out|   64|       m_axi|                 gmem0|       pointer|
|m_axi_gmem0_AWID      |  out|    1|       m_axi|                 gmem0|       pointer|
|m_axi_gmem0_AWLEN     |  out|   32|       m_axi|                 gmem0|       pointer|
|m_axi_gmem0_AWSIZE    |  out|    3|       m_axi|                 gmem0|       pointer|
|m_axi_gmem0_AWBURST   |  out|    2|       m_axi|                 gmem0|       pointer|
|m_axi_gmem0_AWLOCK    |  out|    2|       m_axi|                 gmem0|       pointer|
|m_axi_gmem0_AWCACHE   |  out|    4|       m_axi|                 gmem0|       pointer|
|m_axi_gmem0_AWPROT    |  out|    3|       m_axi|                 gmem0|       pointer|
|m_axi_gmem0_AWQOS     |  out|    4|       m_axi|                 gmem0|       pointer|
|m_axi_gmem0_AWREGION  |  out|    4|       m_axi|                 gmem0|       pointer|
|m_axi_gmem0_AWUSER    |  out|    1|       m_axi|                 gmem0|       pointer|
|m_axi_gmem0_WVALID    |  out|    1|       m_axi|                 gmem0|       pointer|
|m_axi_gmem0_WREADY    |   in|    1|       m_axi|                 gmem0|       pointer|
|m_axi_gmem0_WDATA     |  out|  512|       m_axi|                 gmem0|       pointer|
|m_axi_gmem0_WSTRB     |  out|   64|       m_axi|                 gmem0|       pointer|
|m_axi_gmem0_WLAST     |  out|    1|       m_axi|                 gmem0|       pointer|
|m_axi_gmem0_WID       |  out|    1|       m_axi|                 gmem0|       pointer|
|m_axi_gmem0_WUSER     |  out|    1|       m_axi|                 gmem0|       pointer|
|m_axi_gmem0_ARVALID   |  out|    1|       m_axi|                 gmem0|       pointer|
|m_axi_gmem0_ARREADY   |   in|    1|       m_axi|                 gmem0|       pointer|
|m_axi_gmem0_ARADDR    |  out|   64|       m_axi|                 gmem0|       pointer|
|m_axi_gmem0_ARID      |  out|    1|       m_axi|                 gmem0|       pointer|
|m_axi_gmem0_ARLEN     |  out|   32|       m_axi|                 gmem0|       pointer|
|m_axi_gmem0_ARSIZE    |  out|    3|       m_axi|                 gmem0|       pointer|
|m_axi_gmem0_ARBURST   |  out|    2|       m_axi|                 gmem0|       pointer|
|m_axi_gmem0_ARLOCK    |  out|    2|       m_axi|                 gmem0|       pointer|
|m_axi_gmem0_ARCACHE   |  out|    4|       m_axi|                 gmem0|       pointer|
|m_axi_gmem0_ARPROT    |  out|    3|       m_axi|                 gmem0|       pointer|
|m_axi_gmem0_ARQOS     |  out|    4|       m_axi|                 gmem0|       pointer|
|m_axi_gmem0_ARREGION  |  out|    4|       m_axi|                 gmem0|       pointer|
|m_axi_gmem0_ARUSER    |  out|    1|       m_axi|                 gmem0|       pointer|
|m_axi_gmem0_RVALID    |   in|    1|       m_axi|                 gmem0|       pointer|
|m_axi_gmem0_RREADY    |  out|    1|       m_axi|                 gmem0|       pointer|
|m_axi_gmem0_RDATA     |   in|  512|       m_axi|                 gmem0|       pointer|
|m_axi_gmem0_RLAST     |   in|    1|       m_axi|                 gmem0|       pointer|
|m_axi_gmem0_RID       |   in|    1|       m_axi|                 gmem0|       pointer|
|m_axi_gmem0_RFIFONUM  |   in|    9|       m_axi|                 gmem0|       pointer|
|m_axi_gmem0_RUSER     |   in|    1|       m_axi|                 gmem0|       pointer|
|m_axi_gmem0_RRESP     |   in|    2|       m_axi|                 gmem0|       pointer|
|m_axi_gmem0_BVALID    |   in|    1|       m_axi|                 gmem0|       pointer|
|m_axi_gmem0_BREADY    |  out|    1|       m_axi|                 gmem0|       pointer|
|m_axi_gmem0_BRESP     |   in|    2|       m_axi|                 gmem0|       pointer|
|m_axi_gmem0_BID       |   in|    1|       m_axi|                 gmem0|       pointer|
|m_axi_gmem0_BUSER     |   in|    1|       m_axi|                 gmem0|       pointer|
|data_in               |   in|   64|     ap_none|               data_in|        scalar|
|crc_out               |   in|   64|     ap_none|               crc_out|        scalar|
|numChunks             |   in|   32|     ap_none|             numChunks|        scalar|
|chunkSize             |   in|   32|     ap_none|             chunkSize|        scalar|
+----------------------+-----+-----+------------+----------------------+--------------+

