

================================================================
== Synthesis Summary Report of 'calculate_crc'
================================================================
+ General Information: 
    * Date:           Mon Feb 16 01:30:49 2026
    * Version:        2023.1 (Build 3854077 on May  4 2023)
    * Project:        calculate_crc
    * Solution:       solution (Vitis Kernel Flow Target)
    * Product family: virtexuplusHBM
    * Target device:  xcu280-fsvh2892-2L-e
    

+ Performance & Resource Estimates: 
    
    PS: '+' for module; 'o' for loop; '*' for dataflow
    +------------------------------------------------------------------------+--------+-------+-----------+-----------+----------+-----------+-----------+----------+----------+---------+------------+-------------+-----+
    |                                 Modules                                |  Issue |       |  Latency  |  Latency  | Iteration|           |    Trip   |          |          |         |            |             |     |
    |                                 & Loops                                |  Type  | Slack |  (cycles) |    (ns)   |  Latency |  Interval |   Count   | Pipelined|   BRAM   |   DSP   |     FF     |     LUT     | URAM|
    +------------------------------------------------------------------------+--------+-------+-----------+-----------+----------+-----------+-----------+----------+----------+---------+------------+-------------+-----+
    |+ calculate_crc                                                         |  Timing|  -1.20|          -|          -|         -|          -|          -|        no|   54 (1%)|  3 (~0%)|  8630 (~0%)|  11038 (~0%)|    -|
    | + process_crc*                                                         |  Timing|  -1.20|          -|          -|         -|          -|          -|  dataflow|  16 (~0%)|  3 (~0%)|  3325 (~0%)|   6442 (~0%)|    -|
    |  + process_crc_Loop_init_lut_proc                                      |  Timing|  -0.00|       4171|  1.390e+04|         -|       4171|          -|        no|         -|        -|  1185 (~0%)|   1129 (~0%)|    -|
    |   + process_crc_Loop_init_lut_proc_Pipeline_init_lut_VITIS_LOOP_678_1  |  Timing|  -0.00|       4099|  1.366e+04|         -|       4099|          -|        no|         -|        -|  1052 (~0%)|    631 (~0%)|    -|
    |    o init_lut_VITIS_LOOP_678_1                                         |       -|   2.43|       4097|  1.366e+04|         3|          1|       4096|       yes|         -|        -|           -|            -|    -|
    |  + read_input                                                          |  Timing|  -0.00|  134217806|  4.473e+08|         -|  134217806|          -|        no|         -|  3 (~0%)|   612 (~0%)|   1183 (~0%)|    -|
    |   + read_input_Pipeline_mem_rd                                         |  Timing|  -0.00|  134217730|  4.473e+08|         -|  134217730|          -|        no|         -|        -|   162 (~0%)|    278 (~0%)|    -|
    |    o mem_rd                                                            |       -|   2.43|  134217728|  4.473e+08|         3|          1|  134217727|       yes|         -|        -|           -|            -|    -|
    |  + entry_proc                                                          |       -|   1.21|          0|      0.000|         -|          0|          -|        no|         -|        -|     3 (~0%)|     55 (~0%)|    -|
    |  + process_blocks                                                      |  Timing|  -0.21|          -|          -|         -|          -|          -|        no|         -|        -|   542 (~0%)|   2135 (~0%)|    -|
    |   o chunk_loop                                                         |       -|   2.43|          -|          -|         -|          -|          -|        no|         -|        -|           -|            -|    -|
    |    + process_blocks_Pipeline_block_loop                                |  Timing|  -0.21|  134217730|  4.473e+08|         -|  134217730|          -|        no|         -|        -|    66 (~0%)|    827 (~0%)|    -|
    |     o block_loop                                                       |       -|   2.43|  134217728|  4.473e+08|         3|          1|  134217727|       yes|         -|        -|           -|            -|    -|
    |    + process_blocks_Pipeline_tail_loop                                 |       -|   0.64|          -|          -|         -|          -|          -|        no|         -|        -|   155 (~0%)|    508 (~0%)|    -|
    |     o tail_loop                                                        |       -|   2.43|          -|          -|         4|          1|          -|       yes|         -|        -|           -|            -|    -|
    |  + write_output                                                        |  Timing|  -0.00|          -|          -|         -|          -|          -|        no|         -|        -|   483 (~0%)|    799 (~0%)|    -|
    |   + write_output_Pipeline_VITIS_LOOP_442_1                             |  Timing|  -0.00|          -|          -|         -|          -|          -|        no|         -|        -|   378 (~0%)|    706 (~0%)|    -|
    |    o VITIS_LOOP_442_1                                                  |       -|   2.43|          -|          -|        71|          1|          -|       yes|         -|        -|           -|            -|    -|
    +------------------------------------------------------------------------+--------+-------+-----------+-----------+----------+-----------+-----------+----------+----------+---------+------------+-------------+-----+


================================================================
== HW Interfaces
================================================================
* M_AXI
+-------------+------------+---------------+---------+--------+----------+-----------+--------------+--------------+-------------+-------------+-------------------+
| Interface   | Data Width | Address Width | Latency | Offset | Register | Max Widen | Max Read     | Max Write    | Num Read    | Num Write   | Resource Estimate |
|             | (SW->HW)   |               |         |        |          | Bitwidth  | Burst Length | Burst Length | Outstanding | Outstanding |                   |
+-------------+------------+---------------+---------+--------+----------+-----------+--------------+--------------+-------------+-------------+-------------------+
| m_axi_gmem0 | 8 -> 128   | 64            | 64      | slave  | 0        | 512       | 16           | 16           | 16          | 16          | BRAM=8            |
| m_axi_gmem1 | 32 -> 512  | 64            | 64      | slave  | 0        | 512       | 16           | 16           | 16          | 16          | BRAM=30           |
+-------------+------------+---------------+---------+--------+----------+-----------+--------------+--------------+-------------+-------------+-------------------+

* S_AXILITE Interfaces
+---------------+------------+---------------+--------+----------+
| Interface     | Data Width | Address Width | Offset | Register |
+---------------+------------+---------------+--------+----------+
| s_axi_control | 32         | 7             | 16     | 0        |
+---------------+------------+---------------+--------+----------+

* S_AXILITE Registers
+---------------+------------+--------+-------+--------+----------------------------------+------------------------------------------------------------------------------------+
| Interface     | Register   | Offset | Width | Access | Description                      | Bit Fields                                                                         |
+---------------+------------+--------+-------+--------+----------------------------------+------------------------------------------------------------------------------------+
| s_axi_control | CTRL       | 0x00   | 32    | RW     | Control signals                  | 0=AP_START 1=AP_DONE 2=AP_IDLE 3=AP_READY 4=AP_CONTINUE 7=AUTO_RESTART 9=INTERRUPT |
| s_axi_control | GIER       | 0x04   | 32    | RW     | Global Interrupt Enable Register | 0=Enable                                                                           |
| s_axi_control | IP_IER     | 0x08   | 32    | RW     | IP Interrupt Enable Register     | 0=CHAN0_INT_EN 1=CHAN1_INT_EN                                                      |
| s_axi_control | IP_ISR     | 0x0c   | 32    | RW     | IP Interrupt Status Register     | 0=CHAN0_INT_ST 1=CHAN1_INT_ST                                                      |
| s_axi_control | data_in_1  | 0x10   | 32    | W      | Data signal of data_in           |                                                                                    |
| s_axi_control | data_in_2  | 0x14   | 32    | W      | Data signal of data_in           |                                                                                    |
| s_axi_control | crc_out_1  | 0x1c   | 32    | W      | Data signal of crc_out           |                                                                                    |
| s_axi_control | crc_out_2  | 0x20   | 32    | W      | Data signal of crc_out           |                                                                                    |
| s_axi_control | tables_1   | 0x28   | 32    | W      | Data signal of tables            |                                                                                    |
| s_axi_control | tables_2   | 0x2c   | 32    | W      | Data signal of tables            |                                                                                    |
| s_axi_control | numChunks  | 0x34   | 32    | W      | Data signal of numChunks         |                                                                                    |
| s_axi_control | chunkSize  | 0x3c   | 32    | W      | Data signal of chunkSize         |                                                                                    |
| s_axi_control | crc_size   | 0x44   | 32    | W      | Data signal of crc_size          |                                                                                    |
| s_axi_control | init_value | 0x4c   | 32    | W      | Data signal of init_value        |                                                                                    |
+---------------+------------+--------+-------+--------+----------------------------------+------------------------------------------------------------------------------------+

* Other Ports
+-------------+-----------+----------+
| Port        | Direction | Bitwidth |
+-------------+-----------+----------+
| event_done  | out       | 1        |
| event_start | out       | 1        |
+-------------+-----------+----------+

* TOP LEVEL CONTROL
+-----------+---------------+-----------+
| Interface | Type          | Ports     |
+-----------+---------------+-----------+
| ap_clk    | clock         | ap_clk    |
| ap_rst_n  | reset         | ap_rst_n  |
| interrupt | interrupt     | interrupt |
| ap_ctrl   | ap_ctrl_chain |           |
+-----------+---------------+-----------+


================================================================
== SW I/O Information
================================================================
* Top Function Arguments
+------------+-----------+-----------------------+
| Argument   | Direction | Datatype              |
+------------+-----------+-----------------------+
| data_in    | inout     | unsigned char const * |
| crc_out    | inout     | unsigned int*         |
| tables     | in        | unsigned int const *  |
| numChunks  | in        | unsigned int const    |
| chunkSize  | in        | unsigned int const    |
| crc_size   | in        | unsigned int const    |
| init_value | in        | unsigned int const    |
+------------+-----------+-----------------------+

* SW-to-HW Mapping
+------------+---------------+-----------+----------+--------------------------------------+
| Argument   | HW Interface  | HW Type   | HW Usage | HW Info                              |
+------------+---------------+-----------+----------+--------------------------------------+
| data_in    | m_axi_gmem0   | interface |          |                                      |
| data_in    | s_axi_control | register  | offset   | name=data_in_1 offset=0x10 range=32  |
| data_in    | s_axi_control | register  | offset   | name=data_in_2 offset=0x14 range=32  |
| crc_out    | m_axi_gmem0   | interface |          |                                      |
| crc_out    | s_axi_control | register  | offset   | name=crc_out_1 offset=0x1c range=32  |
| crc_out    | s_axi_control | register  | offset   | name=crc_out_2 offset=0x20 range=32  |
| tables     | m_axi_gmem1   | interface |          |                                      |
| tables     | s_axi_control | register  | offset   | name=tables_1 offset=0x28 range=32   |
| tables     | s_axi_control | register  | offset   | name=tables_2 offset=0x2c range=32   |
| numChunks  | s_axi_control | register  |          | name=numChunks offset=0x34 range=32  |
| chunkSize  | s_axi_control | register  |          | name=chunkSize offset=0x3c range=32  |
| crc_size   | s_axi_control | register  |          | name=crc_size offset=0x44 range=32   |
| init_value | s_axi_control | register  |          | name=init_value offset=0x4c range=32 |
+------------+---------------+-----------+----------+--------------------------------------+


================================================================
== M_AXI Burst Information
================================================================
 Note: All burst requests might be further partitioned into multiple requests during RTL generation based on max_read_burst_length or max_write_burst_length settings.

* Inferred Burst Summary
+--------------+-----------+----------+-------+--------+---------------------------------------------------------+
| HW Interface | Direction | Length   | Width | Loop   | Loop Location                                           |
+--------------+-----------+----------+-------+--------+---------------------------------------------------------+
| m_axi_gmem0  | read      | variable | 128   | mem_rd | /users/arashs/U280_CRC_Accelerator/src/kernel.cpp:287:5 |
| m_axi_gmem1  | read      | 256      | 512   |        |                                                         |
+--------------+-----------+----------+-------+--------+---------------------------------------------------------+

* All M_AXI Variable Accesses
+--------------+----------+----------------------------------------------------------+-----------+--------------+----------+------------------+----------------------------------------------------------+------------+------------------------------------------------+
| HW Interface | Variable | Access Location                                          | Direction | Burst Status | Length   | Loop             | Loop Location                                            | Resolution | Problem                                        |
+--------------+----------+----------------------------------------------------------+-----------+--------------+----------+------------------+----------------------------------------------------------+------------+------------------------------------------------+
| m_axi_gmem0  | in       | /users/arashs/U280_CRC_Accelerator/src/kernel.cpp:290:22 | read      | Widen Fail   |          | mem_rd           | /users/arashs/U280_CRC_Accelerator/src/kernel.cpp:287:5  | 214-234    | Sequential access length is not divisible by 2 |
| m_axi_gmem0  | in       | /users/arashs/U280_CRC_Accelerator/src/kernel.cpp:290:22 | read      | Inferred     | variable | mem_rd           | /users/arashs/U280_CRC_Accelerator/src/kernel.cpp:287:5  |            |                                                |
| m_axi_gmem0  | crc_out  | /users/arashs/U280_CRC_Accelerator/src/kernel.cpp:445:13 | write     | Widen Fail   |          | VITIS_LOOP_442_1 | /users/arashs/U280_CRC_Accelerator/src/kernel.cpp:442:23 | 214-234    | Sequential access length is not divisible by 2 |
| m_axi_gmem0  | crc_out  | /users/arashs/U280_CRC_Accelerator/src/kernel.cpp:445:13 | write     | Inferred     | variable | VITIS_LOOP_442_1 | /users/arashs/U280_CRC_Accelerator/src/kernel.cpp:442:23 |            |                                                |
| m_axi_gmem1  | tables   | /users/arashs/U280_CRC_Accelerator/src/kernel.cpp:681:20 | read      | Widened      | 256      | VITIS_LOOP_678_1 | /users/arashs/U280_CRC_Accelerator/src/kernel.cpp:678:27 |            |                                                |
| m_axi_gmem1  | tables   | /users/arashs/U280_CRC_Accelerator/src/kernel.cpp:681:20 | read      | Inferred     | 4096     | init_lut         | /users/arashs/U280_CRC_Accelerator/src/kernel.cpp:676:5  |            |                                                |
+--------------+----------+----------------------------------------------------------+-----------+--------------+----------+------------------+----------------------------------------------------------+------------+------------------------------------------------+

    * Resolution URL: www.xilinx.com/cgi-bin/docs/rdoc?v=2023.1;t=hls+guidance;d=XXX-YYY.html (replace XXX-YYY with column value)

================================================================
== Bind Op Report
================================================================
+------------------------------------------------------------------------+-----+--------+-------------+-----+--------+---------+
| Name                                                                   | DSP | Pragma | Variable    | Op  | Impl   | Latency |
+------------------------------------------------------------------------+-----+--------+-------------+-----+--------+---------+
| + calculate_crc                                                        | 3   |        |             |     |        |         |
|  + process_crc                                                         | 3   |        |             |     |        |         |
|   + process_crc_Loop_init_lut_proc                                     | 0   |        |             |     |        |         |
|    + process_crc_Loop_init_lut_proc_Pipeline_init_lut_VITIS_LOOP_678_1 | 0   |        |             |     |        |         |
|      add_ln676_fu_415_p2                                               | -   |        | add_ln676   | add | fabric | 0       |
|      add_ln676_1_fu_473_p2                                             | -   |        | add_ln676_1 | add | fabric | 0       |
|      add_ln678_fu_448_p2                                               | -   |        | add_ln678   | add | fabric | 0       |
|   + read_input                                                         | 3   |        |             |     |        |         |
|     mul_32s_32s_32_2_1_U62                                             | 3   |        | total_bytes | mul | auto   | 1       |
|     sub_ln283_fu_206_p2                                                | -   |        | sub_ln283   | sub | fabric | 0       |
|     sub_ln283_1_fu_224_p2                                              | -   |        | sub_ln283_1 | sub | fabric | 0       |
|    + read_input_Pipeline_mem_rd                                        | 0   |        |             |     |        |         |
|      add_ln287_fu_301_p2                                               | -   |        | add_ln287   | add | fabric | 0       |
|   + process_blocks                                                     | 0   |        |             |     |        |         |
|     mask_fu_373_p2                                                     | -   |        | mask        | add | fabric | 0       |
|     p_neg_fu_337_p2                                                    | -   |        | p_neg       | sub | fabric | 0       |
|     p_neg_t_fu_389_p2                                                  | -   |        | p_neg_t     | sub | fabric | 0       |
|     sub_ln329_fu_417_p2                                                | -   |        | sub_ln329   | sub | fabric | 0       |
|     add_ln329_fu_434_p2                                                | -   |        | add_ln329   | add | fabric | 0       |
|    + process_blocks_Pipeline_block_loop                                | 0   |        |             |     |        |         |
|      add_ln331_fu_492_p2                                               | -   |        | add_ln331   | add | fabric | 0       |
|    + process_blocks_Pipeline_tail_loop                                 | 0   |        |             |     |        |         |
|      t_2_fu_318_p2                                                     | -   |        | t_2         | add | fabric | 0       |
|   + write_output                                                       | 0   |        |             |     |        |         |
|    + write_output_Pipeline_VITIS_LOOP_442_1                            | 0   |        |             |     |        |         |
|      add_ln442_fu_137_p2                                               | -   |        | add_ln442   | add | fabric | 0       |
|      add_ln445_fu_159_p2                                               | -   |        | add_ln445   | add | fabric | 0       |
|      add_ln445_1_fu_191_p2                                             | -   |        | add_ln445_1 | add | fabric | 0       |
+------------------------------------------------------------------------+-----+--------+-------------+-----+--------+---------+


================================================================
== Bind Storage Report
================================================================
+--------------------+------+------+--------+---------------+---------+--------+---------+
| Name               | BRAM | URAM | Pragma | Variable      | Storage | Impl   | Latency |
+--------------------+------+------+--------+---------------+---------+--------+---------+
| + calculate_crc    | 54   | 0    |        |               |         |        |         |
|  + process_crc     | 16   | 0    |        |               |         |        |         |
|    init_value_c_U  | -    | -    |        | init_value_c  | fifo    | srl    | 0       |
|    crc_size_c_U    | -    | -    |        | crc_size_c    | fifo    | srl    | 0       |
|    chunkSize_c_U   | -    | -    |        | chunkSize_c   | fifo    | srl    | 0       |
|    numChunks_c12_U | -    | -    |        | numChunks_c12 | fifo    | srl    | 0       |
|    numChunks_c_U   | -    | -    |        | numChunks_c   | fifo    | srl    | 0       |
|    crc_out_c_U     | -    | -    |        | crc_out_c     | fifo    | srl    | 0       |
|    inByte0_U       | -    | -    |        | inByte0       | fifo    | srl    | 0       |
|    inByte1_U       | -    | -    |        | inByte1       | fifo    | srl    | 0       |
|    inByte2_U       | -    | -    |        | inByte2       | fifo    | srl    | 0       |
|    inByte3_U       | -    | -    |        | inByte3       | fifo    | srl    | 0       |
|    inByte4_U       | -    | -    |        | inByte4       | fifo    | srl    | 0       |
|    inByte5_U       | -    | -    |        | inByte5       | fifo    | srl    | 0       |
|    inByte6_U       | -    | -    |        | inByte6       | fifo    | srl    | 0       |
|    inByte7_U       | -    | -    |        | inByte7       | fifo    | srl    | 0       |
|    inByte8_U       | -    | -    |        | inByte8       | fifo    | srl    | 0       |
|    inByte9_U       | -    | -    |        | inByte9       | fifo    | srl    | 0       |
|    inByte10_U      | -    | -    |        | inByte10      | fifo    | srl    | 0       |
|    inByte11_U      | -    | -    |        | inByte11      | fifo    | srl    | 0       |
|    inByte12_U      | -    | -    |        | inByte12      | fifo    | srl    | 0       |
|    inByte13_U      | -    | -    |        | inByte13      | fifo    | srl    | 0       |
|    inByte14_U      | -    | -    |        | inByte14      | fifo    | srl    | 0       |
|    inByte15_U      | -    | -    |        | inByte15      | fifo    | srl    | 0       |
|    outStream_U     | -    | -    |        | outStream     | fifo    | memory | 0       |
|    crcTables_U     | 1    | -    | yes    | crcTables     | ram_1p  | bram   | 1       |
|    crcTables_1_U   | 1    | -    | yes    | crcTables_1   | ram_1p  | bram   | 1       |
|    crcTables_2_U   | 1    | -    | yes    | crcTables_2   | ram_1p  | bram   | 1       |
|    crcTables_3_U   | 1    | -    | yes    | crcTables_3   | ram_1p  | bram   | 1       |
|    crcTables_4_U   | 1    | -    | yes    | crcTables_4   | ram_1p  | bram   | 1       |
|    crcTables_5_U   | 1    | -    | yes    | crcTables_5   | ram_1p  | bram   | 1       |
|    crcTables_6_U   | 1    | -    | yes    | crcTables_6   | ram_1p  | bram   | 1       |
|    crcTables_7_U   | 1    | -    | yes    | crcTables_7   | ram_1p  | bram   | 1       |
|    crcTables_8_U   | 1    | -    | yes    | crcTables_8   | ram_1p  | bram   | 1       |
|    crcTables_9_U   | 1    | -    | yes    | crcTables_9   | ram_1p  | bram   | 1       |
|    crcTables_10_U  | 1    | -    | yes    | crcTables_10  | ram_1p  | bram   | 1       |
|    crcTables_11_U  | 1    | -    | yes    | crcTables_11  | ram_1p  | bram   | 1       |
|    crcTables_12_U  | 1    | -    | yes    | crcTables_12  | ram_1p  | bram   | 1       |
|    crcTables_13_U  | 1    | -    | yes    | crcTables_13  | ram_1p  | bram   | 1       |
|    crcTables_14_U  | 1    | -    | yes    | crcTables_14  | ram_1p  | bram   | 1       |
|    crcTables_15_U  | 1    | -    | yes    | crcTables_15  | ram_1p  | bram   | 1       |
+--------------------+------+------+--------+---------------+---------+--------+---------+


================================================================
== Pragma Report
================================================================
* Pragmas with Warnings
+----------+---------+--------------------------------------------+------------------------------------------------------------------------------------------------------------------------------------------------------------------------------------+
| Type     | Options | Location                                   | Messages                                                                                                                                                                           |
+----------+---------+--------------------------------------------+------------------------------------------------------------------------------------------------------------------------------------------------------------------------------------+
| dataflow |         | ../../../src/kernel.cpp:685 in process_crc | Since the only kind of statements allowed in a canonical dataflow region are variable declarations and function calls, the compiler may not be able to correctly handle the region |
+----------+---------+--------------------------------------------+------------------------------------------------------------------------------------------------------------------------------------------------------------------------------------+

* Valid Pragma Syntax
+-----------------+-----------------------------------------------------------------+----------------------------------------------------------+
| Type            | Options                                                         | Location                                                 |
+-----------------+-----------------------------------------------------------------+----------------------------------------------------------+
| inline          |                                                                 | ../../../src/kernel.cpp:53 in rotr32                     |
| inline          |                                                                 | ../../../src/kernel.cpp:59 in sha256_ch                  |
| inline          |                                                                 | ../../../src/kernel.cpp:65 in sha256_maj                 |
| inline          |                                                                 | ../../../src/kernel.cpp:71 in sha256_bsig0               |
| inline          |                                                                 | ../../../src/kernel.cpp:77 in sha256_bsig1               |
| inline          |                                                                 | ../../../src/kernel.cpp:83 in sha256_ssig0               |
| inline          |                                                                 | ../../../src/kernel.cpp:89 in sha256_ssig1               |
| inline          |                                                                 | ../../../src/kernel.cpp:95 in to_be16                    |
| inline          |                                                                 | ../../../src/kernel.cpp:101 in to_be32                   |
| inline          |                                                                 | ../../../src/kernel.cpp:110 in pack_block_64             |
| unroll          |                                                                 | ../../../src/kernel.cpp:115 in pack_block_64             |
| inline          | off                                                             | ../../../src/kernel.cpp:123 in sha256_compress_block     |
| pipeline        | II = 1                                                          | ../../../src/kernel.cpp:129 in sha256_compress_block     |
| pipeline        | II = 1                                                          | ../../../src/kernel.cpp:137 in sha256_compress_block     |
| pipeline        | II = 1                                                          | ../../../src/kernel.cpp:153 in sha256_compress_block     |
| inline          | off                                                             | ../../../src/kernel.cpp:181 in sha256_process_chunk      |
| unroll          |                                                                 | ../../../src/kernel.cpp:187 in sha256_process_chunk      |
| pipeline        | II = 1                                                          | ../../../src/kernel.cpp:220 in sha256_process_chunk      |
| pipeline        | II = 1                                                          | ../../../src/kernel.cpp:227 in sha256_process_chunk      |
| pipeline        | II = 1                                                          | ../../../src/kernel.cpp:239 in sha256_process_chunk      |
| pipeline        | II = 1                                                          | ../../../src/kernel.cpp:253 in sha256_process_chunk      |
| pipeline        | II = 1                                                          | ../../../src/kernel.cpp:260 in sha256_process_chunk      |
| unroll          |                                                                 | ../../../src/kernel.cpp:270 in sha256_process_chunk      |
| pipeline        | II = 1                                                          | ../../../src/kernel.cpp:289 in read_input                |
| inline          | off                                                             | ../../../src/kernel.cpp:320 in process_blocks            |
| array_partition | variable = crcTables complete dim = 1                           | ../../../src/kernel.cpp:321 in process_blocks            |
| bind_storage    | variable = crcTables type = ram_1p impl = bram                  | ../../../src/kernel.cpp:322 in process_blocks            |
| pipeline        | II = 1                                                          | ../../../src/kernel.cpp:339 in process_blocks            |
| pipeline        | II = 1                                                          | ../../../src/kernel.cpp:378 in process_blocks            |
| pipeline        | II = 1                                                          | ../../../src/kernel.cpp:444 in write_output              |
| inline          |                                                                 | ../../../src/kernel.cpp:451 in fold_add                  |
| inline          |                                                                 | ../../../src/kernel.cpp:458 in tcp_checksum_chunk_scalar |
| pipeline        | II = 1                                                          | ../../../src/kernel.cpp:465 in tcp_checksum_chunk_scalar |
| inline          |                                                                 | ../../../src/kernel.cpp:487 in tcp_checksum_chunk_vector |
| pipeline        | II = 1                                                          | ../../../src/kernel.cpp:494 in tcp_checksum_chunk_vector |
| array_partition | variable = lvl1 complete                                        | ../../../src/kernel.cpp:501 in tcp_checksum_chunk_vector |
| array_partition | variable = lvl2 complete                                        | ../../../src/kernel.cpp:502 in tcp_checksum_chunk_vector |
| array_partition | variable = lvl3 complete                                        | ../../../src/kernel.cpp:503 in tcp_checksum_chunk_vector |
| array_partition | variable = lvl4 complete                                        | ../../../src/kernel.cpp:504 in tcp_checksum_chunk_vector |
| unroll          |                                                                 | ../../../src/kernel.cpp:509 in tcp_checksum_chunk_vector |
| unroll          |                                                                 | ../../../src/kernel.cpp:520 in tcp_checksum_chunk_vector |
| unroll          |                                                                 | ../../../src/kernel.cpp:527 in tcp_checksum_chunk_vector |
| unroll          |                                                                 | ../../../src/kernel.cpp:534 in tcp_checksum_chunk_vector |
| pipeline        | II = 1                                                          | ../../../src/kernel.cpp:547 in tcp_checksum_chunk_vector |
| unroll          |                                                                 | ../../../src/kernel.cpp:565 in tcp_checksum_chunk_vector |
| pipeline        | II = 1                                                          | ../../../src/kernel.cpp:582 in process_tcp_checksum      |
| array_partition | variable = digest complete dim = 1                              | ../../../src/kernel.cpp:612 in process_hash              |
| pipeline        | II = 1                                                          | ../../../src/kernel.cpp:618 in process_hash              |
| stream          | variable = inByte0 depth = 64                                   | ../../../src/kernel.cpp:651 in process_crc               |
| stream          | variable = inByte1 depth = 64                                   | ../../../src/kernel.cpp:652 in process_crc               |
| stream          | variable = inByte2 depth = 64                                   | ../../../src/kernel.cpp:653 in process_crc               |
| stream          | variable = inByte3 depth = 64                                   | ../../../src/kernel.cpp:654 in process_crc               |
| stream          | variable = inByte4 depth = 64                                   | ../../../src/kernel.cpp:655 in process_crc               |
| stream          | variable = inByte5 depth = 64                                   | ../../../src/kernel.cpp:656 in process_crc               |
| stream          | variable = inByte6 depth = 64                                   | ../../../src/kernel.cpp:657 in process_crc               |
| stream          | variable = inByte7 depth = 64                                   | ../../../src/kernel.cpp:658 in process_crc               |
| stream          | variable = inByte8 depth = 64                                   | ../../../src/kernel.cpp:659 in process_crc               |
| stream          | variable = inByte9 depth = 64                                   | ../../../src/kernel.cpp:660 in process_crc               |
| stream          | variable = inByte10 depth = 64                                  | ../../../src/kernel.cpp:661 in process_crc               |
| stream          | variable = inByte11 depth = 64                                  | ../../../src/kernel.cpp:662 in process_crc               |
| stream          | variable = inByte12 depth = 64                                  | ../../../src/kernel.cpp:663 in process_crc               |
| stream          | variable = inByte13 depth = 64                                  | ../../../src/kernel.cpp:664 in process_crc               |
| stream          | variable = inByte14 depth = 64                                  | ../../../src/kernel.cpp:665 in process_crc               |
| stream          | variable = inByte15 depth = 64                                  | ../../../src/kernel.cpp:666 in process_crc               |
| stream          | variable = outStream depth = 64                                 | ../../../src/kernel.cpp:669 in process_crc               |
| array_partition | variable = crcTables complete dim = 1                           | ../../../src/kernel.cpp:672 in process_crc               |
| bind_storage    | variable = crcTables type = ram_1p impl = bram                  | ../../../src/kernel.cpp:673 in process_crc               |
| pipeline        | II = 1                                                          | ../../../src/kernel.cpp:680 in process_crc               |
| interface       | m_axi port = data_in bundle = gmem0 depth = 1024 offset = slave | ../../../src/kernel.cpp:706 in calculate_crc             |
| interface       | m_axi port = tables bundle = gmem1 depth = 4096 offset = slave  | ../../../src/kernel.cpp:707 in calculate_crc             |
| interface       | m_axi port = crc_out bundle = gmem0 depth = 1024 offset = slave | ../../../src/kernel.cpp:708 in calculate_crc             |
+-----------------+-----------------------------------------------------------------+----------------------------------------------------------+


