

================================================================
== Vitis HLS Report for 'process_crc_Loop_init_lut_proc_Pipeline_init_lut_VITIS_LOOP_678_1'
================================================================
* Date:           Mon Feb 16 01:30:44 2026

* Version:        2023.1 (Build 3854077 on May  4 2023)
* Project:        calculate_crc
* Solution:       solution (Vitis Kernel Flow Target)
* Product family: virtexuplusHBM
* Target device:  xcu280-fsvh2892-2L-e


================================================================
== Performance Estimates
================================================================
+ Timing: 
    * Summary: 
    +--------+---------+----------+------------+
    |  Clock |  Target | Estimated| Uncertainty|
    +--------+---------+----------+------------+
    |ap_clk  |  3.33 ns|  2.433 ns|     0.90 ns|
    +--------+---------+----------+------------+

+ Latency: 
    * Summary: 
    +---------+---------+-----------+-----------+------+------+---------+
    |  Latency (cycles) |   Latency (absolute)  |   Interval  | Pipeline|
    |   min   |   max   |    min    |    max    |  min |  max |   Type  |
    +---------+---------+-----------+-----------+------+------+---------+
    |     4099|     4099|  13.662 us|  13.662 us|  4099|  4099|       no|
    +---------+---------+-----------+-----------+------+------+---------+

    + Detail: 
        * Instance: 
        N/A

        * Loop: 
        +-----------------------------+---------+---------+----------+-----------+-----------+------+----------+
        |                             |  Latency (cycles) | Iteration|  Initiation Interval  | Trip |          |
        |          Loop Name          |   min   |   max   |  Latency |  achieved |   target  | Count| Pipelined|
        +-----------------------------+---------+---------+----------+-----------+-----------+------+----------+
        |- init_lut_VITIS_LOOP_678_1  |     4097|     4097|         3|          1|          1|  4096|       yes|
        +-----------------------------+---------+---------+----------+-----------+-----------+------+----------+



================================================================
== Utilization Estimates
================================================================
* Summary: 
+---------------------+---------+------+---------+---------+-----+
|         Name        | BRAM_18K|  DSP |    FF   |   LUT   | URAM|
+---------------------+---------+------+---------+---------+-----+
|DSP                  |        -|     -|        -|        -|    -|
|Expression           |        -|     -|        0|      536|    -|
|FIFO                 |        -|     -|        -|        -|    -|
|Instance             |        -|     -|        -|        -|    -|
|Memory               |        -|     -|        -|        -|    -|
|Multiplexer          |        -|     -|        -|       95|    -|
|Register             |        -|     -|     1052|        -|    -|
+---------------------+---------+------+---------+---------+-----+
|Total                |        0|     0|     1052|      631|    0|
+---------------------+---------+------+---------+---------+-----+
|Available SLR        |     1344|  3008|   869120|   434560|  320|
+---------------------+---------+------+---------+---------+-----+
|Utilization SLR (%)  |        0|     0|       ~0|       ~0|    0|
+---------------------+---------+------+---------+---------+-----+
|Available            |     4032|  9024|  2607360|  1303680|  960|
+---------------------+---------+------+---------+---------+-----+
|Utilization (%)      |        0|     0|       ~0|       ~0|    0|
+---------------------+---------+------+---------+---------+-----+

+ Detail: 
    * Instance: 
    N/A

    * DSP: 
    N/A

    * Memory: 
    N/A

    * FIFO: 
    N/A

    * Expression: 
    +----------------------------------+----------+----+---+-----+------------+------------+
    |           Variable Name          | Operation| DSP| FF| LUT | Bitwidth P0| Bitwidth P1|
    +----------------------------------+----------+----+---+-----+------------+------------+
    |add_ln676_1_fu_473_p2             |         +|   0|  0|   12|           5|           1|
    |add_ln676_fu_415_p2               |         +|   0|  0|   20|          13|           1|
    |add_ln678_fu_448_p2               |         +|   0|  0|   16|           9|           1|
    |ap_block_pp0_stage0_11001         |       and|   0|  0|    2|           1|           1|
    |ap_block_state2_pp0_stage0_iter1  |       and|   0|  0|    2|           1|           1|
    |ap_ext_blocking_cur_n             |       and|   0|  0|    2|           1|           0|
    |ap_ext_blocking_n                 |       and|   0|  0|    2|           1|           2|
    |ap_int_blocking_n                 |       and|   0|  0|    2|           2|           2|
    |ap_predicate_op51_read_state2     |       and|   0|  0|    2|           1|           1|
    |ap_str_blocking_n                 |       and|   0|  0|    2|           2|           2|
    |icmp_ln676_fu_409_p2              |      icmp|   0|  0|   21|          13|          14|
    |icmp_ln678_fu_424_p2              |      icmp|   0|  0|   17|           9|          10|
    |icmp_ln681_fu_442_p2              |      icmp|   0|  0|   12|           4|           1|
    |select_ln676_1_fu_498_p3          |    select|   0|  0|  408|           1|           1|
    |select_ln676_2_fu_479_p3          |    select|   0|  0|    5|           1|           5|
    |select_ln676_fu_430_p3            |    select|   0|  0|    9|           1|           1|
    |ap_enable_pp0                     |       xor|   0|  0|    2|           1|           2|
    +----------------------------------+----------+----+---+-----+------------+------------+
    |Total                             |          |   0|  0|  536|          66|          46|
    +----------------------------------+----------+----+---+-----+------------+------------+

    * Multiplexer: 
    +--------------------------------------+----+-----------+-----+-----------+
    |                 Name                 | LUT| Input Size| Bits| Total Bits|
    +--------------------------------------+----+-----------+-----+-----------+
    |ap_done_int                           |   9|          2|    1|          2|
    |ap_enable_reg_pp0_iter2               |   9|          2|    1|          2|
    |ap_phi_mux_empty_phi_fu_376_p4        |  14|          3|  512|       1536|
    |ap_sig_allocacmp_indvar_flatten_load  |   9|          2|   13|         26|
    |ap_sig_allocacmp_j_load               |   9|          2|    9|         18|
    |gmem1_blk_n_R                         |   9|          2|    1|          2|
    |i_fu_146                              |   9|          2|    5|         10|
    |indvar_flatten_fu_150                 |   9|          2|   13|         26|
    |j_fu_142                              |   9|          2|    9|         18|
    |shiftreg_fu_138                       |   9|          2|  480|        960|
    +--------------------------------------+----+-----------+-----+-----------+
    |Total                                 |  95|         21| 1044|       2600|
    +--------------------------------------+----+-----------+-----+-----------+

    * Register: 
    +------------------------------------+-----+----+-----+-----------+
    |                Name                |  FF | LUT| Bits| Const Bits|
    +------------------------------------+-----+----+-----+-----------+
    |ap_CS_fsm                           |    1|   0|    1|          0|
    |ap_done_reg                         |    1|   0|    1|          0|
    |ap_enable_reg_pp0_iter1             |    1|   0|    1|          0|
    |ap_enable_reg_pp0_iter2             |    1|   0|    1|          0|
    |ap_loop_exit_ready_pp0_iter1_reg    |    1|   0|    1|          0|
    |gmem1_addr_read_reg_620             |  512|   0|  512|          0|
    |i_fu_146                            |    5|   0|    5|          0|
    |icmp_ln676_reg_597                  |    1|   0|    1|          0|
    |icmp_ln676_reg_597_pp0_iter1_reg    |    1|   0|    1|          0|
    |icmp_ln678_reg_601                  |    1|   0|    1|          0|
    |icmp_ln678_reg_601_pp0_iter1_reg    |    1|   0|    1|          0|
    |icmp_ln681_reg_612                  |    1|   0|    1|          0|
    |icmp_ln681_reg_612_pp0_iter1_reg    |    1|   0|    1|          0|
    |indvar_flatten_fu_150               |   13|   0|   13|          0|
    |j_fu_142                            |    9|   0|    9|          0|
    |select_ln676_reg_607                |    9|   0|    9|          0|
    |select_ln676_reg_607_pp0_iter1_reg  |    9|   0|    9|          0|
    |shiftreg_fu_138                     |  480|   0|  480|          0|
    |trunc_ln676_reg_616                 |    4|   0|    4|          0|
    +------------------------------------+-----+----+-----+-----------+
    |Total                               | 1052|   0| 1052|          0|
    +------------------------------------+-----+----+-----+-----------+



================================================================
== Interface
================================================================
* Summary: 
+-----------------------+-----+-----+------------+-------------------------------------------------------------------+--------------+
|       RTL Ports       | Dir | Bits|  Protocol  |                           Source Object                           |    C Type    |
+-----------------------+-----+-----+------------+-------------------------------------------------------------------+--------------+
|ap_clk                 |   in|    1|  ap_ctrl_hs|  process_crc_Loop_init_lut_proc_Pipeline_init_lut_VITIS_LOOP_678_1|  return value|
|ap_rst                 |   in|    1|  ap_ctrl_hs|  process_crc_Loop_init_lut_proc_Pipeline_init_lut_VITIS_LOOP_678_1|  return value|
|ap_start               |   in|    1|  ap_ctrl_hs|  process_crc_Loop_init_lut_proc_Pipeline_init_lut_VITIS_LOOP_678_1|  return value|
|ap_done                |  out|    1|  ap_ctrl_hs|  process_crc_Loop_init_lut_proc_Pipeline_init_lut_VITIS_LOOP_678_1|  return value|
|ap_idle                |  out|    1|  ap_ctrl_hs|  process_crc_Loop_init_lut_proc_Pipeline_init_lut_VITIS_LOOP_678_1|  return value|
|ap_ready               |  out|    1|  ap_ctrl_hs|  process_crc_Loop_init_lut_proc_Pipeline_init_lut_VITIS_LOOP_678_1|  return value|
|ap_ext_blocking_n      |  out|    1|  ap_ctrl_hs|  process_crc_Loop_init_lut_proc_Pipeline_init_lut_VITIS_LOOP_678_1|  return value|
|ap_str_blocking_n      |  out|    1|  ap_ctrl_hs|  process_crc_Loop_init_lut_proc_Pipeline_init_lut_VITIS_LOOP_678_1|  return value|
|ap_int_blocking_n      |  out|    1|  ap_ctrl_hs|  process_crc_Loop_init_lut_proc_Pipeline_init_lut_VITIS_LOOP_678_1|  return value|
|m_axi_gmem1_AWVALID    |  out|    1|       m_axi|                                                              gmem1|       pointer|
|m_axi_gmem1_AWREADY    |   in|    1|       m_axi|                                                              gmem1|       pointer|
|m_axi_gmem1_AWADDR     |  out|   64|       m_axi|                                                              gmem1|       pointer|
|m_axi_gmem1_AWID       |  out|    1|       m_axi|                                                              gmem1|       pointer|
|m_axi_gmem1_AWLEN      |  out|   32|       m_axi|                                                              gmem1|       pointer|
|m_axi_gmem1_AWSIZE     |  out|    3|       m_axi|                                                              gmem1|       pointer|
|m_axi_gmem1_AWBURST    |  out|    2|       m_axi|                                                              gmem1|       pointer|
|m_axi_gmem1_AWLOCK     |  out|    2|       m_axi|                                                              gmem1|       pointer|
|m_axi_gmem1_AWCACHE    |  out|    4|       m_axi|                                                              gmem1|       pointer|
|m_axi_gmem1_AWPROT     |  out|    3|       m_axi|                                                              gmem1|       pointer|
|m_axi_gmem1_AWQOS      |  out|    4|       m_axi|                                                              gmem1|       pointer|
|m_axi_gmem1_AWREGION   |  out|    4|       m_axi|                                                              gmem1|       pointer|
|m_axi_gmem1_AWUSER     |  out|    1|       m_axi|                                                              gmem1|       pointer|
|m_axi_gmem1_WVALID     |  out|    1|       m_axi|                                                              gmem1|       pointer|
|m_axi_gmem1_WREADY     |   in|    1|       m_axi|                                                              gmem1|       pointer|
|m_axi_gmem1_WDATA      |  out|  512|       m_axi|                                                              gmem1|       pointer|
|m_axi_gmem1_WSTRB      |  out|   64|       m_axi|                                                              gmem1|       pointer|
|m_axi_gmem1_WLAST      |  out|    1|       m_axi|                                                              gmem1|       pointer|
|m_axi_gmem1_WID        |  out|    1|       m_axi|                                                              gmem1|       pointer|
|m_axi_gmem1_WUSER      |  out|    1|       m_axi|                                                              gmem1|       pointer|
|m_axi_gmem1_ARVALID    |  out|    1|       m_axi|                                                              gmem1|       pointer|
|m_axi_gmem1_ARREADY    |   in|    1|       m_axi|                                                              gmem1|       pointer|
|m_axi_gmem1_ARADDR     |  out|   64|       m_axi|                                                              gmem1|       pointer|
|m_axi_gmem1_ARID       |  out|    1|       m_axi|                                                              gmem1|       pointer|
|m_axi_gmem1_ARLEN      |  out|   32|       m_axi|                                                              gmem1|       pointer|
|m_axi_gmem1_ARSIZE     |  out|    3|       m_axi|                                                              gmem1|       pointer|
|m_axi_gmem1_ARBURST    |  out|    2|       m_axi|                                                              gmem1|       pointer|
|m_axi_gmem1_ARLOCK     |  out|    2|       m_axi|                                                              gmem1|       pointer|
|m_axi_gmem1_ARCACHE    |  out|    4|       m_axi|                                                              gmem1|       pointer|
|m_axi_gmem1_ARPROT     |  out|    3|       m_axi|                                                              gmem1|       pointer|
|m_axi_gmem1_ARQOS      |  out|    4|       m_axi|                                                              gmem1|       pointer|
|m_axi_gmem1_ARREGION   |  out|    4|       m_axi|                                                              gmem1|       pointer|
|m_axi_gmem1_ARUSER     |  out|    1|       m_axi|                                                              gmem1|       pointer|
|m_axi_gmem1_RVALID     |   in|    1|       m_axi|                                                              gmem1|       pointer|
|m_axi_gmem1_RREADY     |  out|    1|       m_axi|                                                              gmem1|       pointer|
|m_axi_gmem1_RDATA      |   in|  512|       m_axi|                                                              gmem1|       pointer|
|m_axi_gmem1_RLAST      |   in|    1|       m_axi|                                                              gmem1|       pointer|
|m_axi_gmem1_RID        |   in|    1|       m_axi|                                                              gmem1|       pointer|
|m_axi_gmem1_RFIFONUM   |   in|    9|       m_axi|                                                              gmem1|       pointer|
|m_axi_gmem1_RUSER      |   in|    1|       m_axi|                                                              gmem1|       pointer|
|m_axi_gmem1_RRESP      |   in|    2|       m_axi|                                                              gmem1|       pointer|
|m_axi_gmem1_BVALID     |   in|    1|       m_axi|                                                              gmem1|       pointer|
|m_axi_gmem1_BREADY     |  out|    1|       m_axi|                                                              gmem1|       pointer|
|m_axi_gmem1_BRESP      |   in|    2|       m_axi|                                                              gmem1|       pointer|
|m_axi_gmem1_BID        |   in|    1|       m_axi|                                                              gmem1|       pointer|
|m_axi_gmem1_BUSER      |   in|    1|       m_axi|                                                              gmem1|       pointer|
|sext_ln676             |   in|   58|     ap_none|                                                         sext_ln676|        scalar|
|crcTables_address0     |  out|    8|   ap_memory|                                                          crcTables|         array|
|crcTables_ce0          |  out|    1|   ap_memory|                                                          crcTables|         array|
|crcTables_we0          |  out|    1|   ap_memory|                                                          crcTables|         array|
|crcTables_d0           |  out|   32|   ap_memory|                                                          crcTables|         array|
|crcTables_1_address0   |  out|    8|   ap_memory|                                                        crcTables_1|         array|
|crcTables_1_ce0        |  out|    1|   ap_memory|                                                        crcTables_1|         array|
|crcTables_1_we0        |  out|    1|   ap_memory|                                                        crcTables_1|         array|
|crcTables_1_d0         |  out|   32|   ap_memory|                                                        crcTables_1|         array|
|crcTables_2_address0   |  out|    8|   ap_memory|                                                        crcTables_2|         array|
|crcTables_2_ce0        |  out|    1|   ap_memory|                                                        crcTables_2|         array|
|crcTables_2_we0        |  out|    1|   ap_memory|                                                        crcTables_2|         array|
|crcTables_2_d0         |  out|   32|   ap_memory|                                                        crcTables_2|         array|
|crcTables_3_address0   |  out|    8|   ap_memory|                                                        crcTables_3|         array|
|crcTables_3_ce0        |  out|    1|   ap_memory|                                                        crcTables_3|         array|
|crcTables_3_we0        |  out|    1|   ap_memory|                                                        crcTables_3|         array|
|crcTables_3_d0         |  out|   32|   ap_memory|                                                        crcTables_3|         array|
|crcTables_4_address0   |  out|    8|   ap_memory|                                                        crcTables_4|         array|
|crcTables_4_ce0        |  out|    1|   ap_memory|                                                        crcTables_4|         array|
|crcTables_4_we0        |  out|    1|   ap_memory|                                                        crcTables_4|         array|
|crcTables_4_d0         |  out|   32|   ap_memory|                                                        crcTables_4|         array|
|crcTables_5_address0   |  out|    8|   ap_memory|                                                        crcTables_5|         array|
|crcTables_5_ce0        |  out|    1|   ap_memory|                                                        crcTables_5|         array|
|crcTables_5_we0        |  out|    1|   ap_memory|                                                        crcTables_5|         array|
|crcTables_5_d0         |  out|   32|   ap_memory|                                                        crcTables_5|         array|
|crcTables_6_address0   |  out|    8|   ap_memory|                                                        crcTables_6|         array|
|crcTables_6_ce0        |  out|    1|   ap_memory|                                                        crcTables_6|         array|
|crcTables_6_we0        |  out|    1|   ap_memory|                                                        crcTables_6|         array|
|crcTables_6_d0         |  out|   32|   ap_memory|                                                        crcTables_6|         array|
|crcTables_7_address0   |  out|    8|   ap_memory|                                                        crcTables_7|         array|
|crcTables_7_ce0        |  out|    1|   ap_memory|                                                        crcTables_7|         array|
|crcTables_7_we0        |  out|    1|   ap_memory|                                                        crcTables_7|         array|
|crcTables_7_d0         |  out|   32|   ap_memory|                                                        crcTables_7|         array|
|crcTables_8_address0   |  out|    8|   ap_memory|                                                        crcTables_8|         array|
|crcTables_8_ce0        |  out|    1|   ap_memory|                                                        crcTables_8|         array|
|crcTables_8_we0        |  out|    1|   ap_memory|                                                        crcTables_8|         array|
|crcTables_8_d0         |  out|   32|   ap_memory|                                                        crcTables_8|         array|
|crcTables_9_address0   |  out|    8|   ap_memory|                                                        crcTables_9|         array|
|crcTables_9_ce0        |  out|    1|   ap_memory|                                                        crcTables_9|         array|
|crcTables_9_we0        |  out|    1|   ap_memory|                                                        crcTables_9|         array|
|crcTables_9_d0         |  out|   32|   ap_memory|                                                        crcTables_9|         array|
|crcTables_10_address0  |  out|    8|   ap_memory|                                                       crcTables_10|         array|
|crcTables_10_ce0       |  out|    1|   ap_memory|                                                       crcTables_10|         array|
|crcTables_10_we0       |  out|    1|   ap_memory|                                                       crcTables_10|         array|
|crcTables_10_d0        |  out|   32|   ap_memory|                                                       crcTables_10|         array|
|crcTables_11_address0  |  out|    8|   ap_memory|                                                       crcTables_11|         array|
|crcTables_11_ce0       |  out|    1|   ap_memory|                                                       crcTables_11|         array|
|crcTables_11_we0       |  out|    1|   ap_memory|                                                       crcTables_11|         array|
|crcTables_11_d0        |  out|   32|   ap_memory|                                                       crcTables_11|         array|
|crcTables_12_address0  |  out|    8|   ap_memory|                                                       crcTables_12|         array|
|crcTables_12_ce0       |  out|    1|   ap_memory|                                                       crcTables_12|         array|
|crcTables_12_we0       |  out|    1|   ap_memory|                                                       crcTables_12|         array|
|crcTables_12_d0        |  out|   32|   ap_memory|                                                       crcTables_12|         array|
|crcTables_13_address0  |  out|    8|   ap_memory|                                                       crcTables_13|         array|
|crcTables_13_ce0       |  out|    1|   ap_memory|                                                       crcTables_13|         array|
|crcTables_13_we0       |  out|    1|   ap_memory|                                                       crcTables_13|         array|
|crcTables_13_d0        |  out|   32|   ap_memory|                                                       crcTables_13|         array|
|crcTables_14_address0  |  out|    8|   ap_memory|                                                       crcTables_14|         array|
|crcTables_14_ce0       |  out|    1|   ap_memory|                                                       crcTables_14|         array|
|crcTables_14_we0       |  out|    1|   ap_memory|                                                       crcTables_14|         array|
|crcTables_14_d0        |  out|   32|   ap_memory|                                                       crcTables_14|         array|
|crcTables_15_address0  |  out|    8|   ap_memory|                                                       crcTables_15|         array|
|crcTables_15_ce0       |  out|    1|   ap_memory|                                                       crcTables_15|         array|
|crcTables_15_we0       |  out|    1|   ap_memory|                                                       crcTables_15|         array|
|crcTables_15_d0        |  out|   32|   ap_memory|                                                       crcTables_15|         array|
+-----------------------+-----+-----+------------+-------------------------------------------------------------------+--------------+

