

================================================================
== Vitis HLS Report for 'process_tcp_checksum_Pipeline_vec_word_loop'
================================================================
* Date:           Fri Feb 20 12:33:33 2026

* Version:        2023.1 (Build 3854077 on May  4 2023)
* Project:        calculate_tcp_checksum
* Solution:       solution (Vitis Kernel Flow Target)
* Product family: virtexuplusHBM
* Target device:  xcu280-fsvh2892-2L-e


================================================================
== Performance Estimates
================================================================
+ Timing: 
    * Summary: 
    +--------+---------+----------+------------+
    |  Clock |  Target | Estimated| Uncertainty|
    +--------+---------+----------+------------+
    |ap_clk  |  3.33 ns|  2.433 ns|     0.90 ns|
    +--------+---------+----------+------------+

+ Latency: 
    * Summary: 
    +---------+----------+----------+-----------+-----+----------+---------+
    |  Latency (cycles)  |  Latency (absolute)  |    Interval    | Pipeline|
    |   min   |    max   |    min   |    max    | min |    max   |   Type  |
    +---------+----------+----------+-----------+-----+----------+---------+
    |        3|  67108868|  9.999 ns|  0.224 sec|    3|  67108868|       no|
    +---------+----------+----------+-----------+-----+----------+---------+

    + Detail: 
        * Instance: 
        N/A

        * Loop: 
        +-----------------+---------+----------+----------+-----------+-----------+--------------+----------+
        |                 |  Latency (cycles)  | Iteration|  Initiation Interval  |     Trip     |          |
        |    Loop Name    |   min   |    max   |  Latency |  achieved |   target  |     Count    | Pipelined|
        +-----------------+---------+----------+----------+-----------+-----------+--------------+----------+
        |- vec_word_loop  |        1|  67108866|         5|          1|          1|  0 ~ 67108863|       yes|
        +-----------------+---------+----------+----------+-----------+-----------+--------------+----------+



================================================================
== Utilization Estimates
================================================================
* Summary: 
+---------------------+---------+------+---------+---------+-----+
|         Name        | BRAM_18K|  DSP |    FF   |   LUT   | URAM|
+---------------------+---------+------+---------+---------+-----+
|DSP                  |        -|     -|        -|        -|    -|
|Expression           |        -|     -|        0|      896|    -|
|FIFO                 |        -|     -|        -|        -|    -|
|Instance             |        -|     -|        -|        -|    -|
|Memory               |        -|     -|        -|        -|    -|
|Multiplexer          |        -|     -|        -|       54|    -|
|Register             |        -|     -|      756|       32|    -|
+---------------------+---------+------+---------+---------+-----+
|Total                |        0|     0|      756|      982|    0|
+---------------------+---------+------+---------+---------+-----+
|Available SLR        |     1344|  3008|   869120|   434560|  320|
+---------------------+---------+------+---------+---------+-----+
|Utilization SLR (%)  |        0|     0|       ~0|       ~0|    0|
+---------------------+---------+------+---------+---------+-----+
|Available            |     4032|  9024|  2607360|  1303680|  960|
+---------------------+---------+------+---------+---------+-----+
|Utilization (%)      |        0|     0|       ~0|       ~0|    0|
+---------------------+---------+------+---------+---------+-----+

+ Detail: 
    * Instance: 
    N/A

    * DSP: 
    N/A

    * Memory: 
    N/A

    * FIFO: 
    N/A

    * Expression: 
    +----------------------------------+----------+----+---+----+------------+------------+
    |           Variable Name          | Operation| DSP| FF| LUT| Bitwidth P0| Bitwidth P1|
    +----------------------------------+----------+----+---+----+------------+------------+
    |add_ln492_fu_365_p2               |         +|   0|  0|  33|          26|           1|
    |add_ln514_10_fu_1296_p2           |         +|   0|  0|  24|          17|          17|
    |add_ln514_11_fu_1322_p2           |         +|   0|  0|  24|          17|          17|
    |add_ln514_12_fu_1348_p2           |         +|   0|  0|  24|          17|          17|
    |add_ln514_13_fu_1374_p2           |         +|   0|  0|  24|          17|          17|
    |add_ln514_14_fu_1400_p2           |         +|   0|  0|  24|          17|          17|
    |add_ln514_15_fu_1426_p2           |         +|   0|  0|  24|          17|          17|
    |add_ln514_1_fu_1062_p2            |         +|   0|  0|  24|          17|          17|
    |add_ln514_2_fu_1088_p2            |         +|   0|  0|  24|          17|          17|
    |add_ln514_3_fu_1114_p2            |         +|   0|  0|  24|          17|          17|
    |add_ln514_4_fu_1140_p2            |         +|   0|  0|  24|          17|          17|
    |add_ln514_5_fu_1166_p2            |         +|   0|  0|  24|          17|          17|
    |add_ln514_6_fu_1192_p2            |         +|   0|  0|  24|          17|          17|
    |add_ln514_7_fu_1218_p2            |         +|   0|  0|  24|          17|          17|
    |add_ln514_8_fu_1244_p2            |         +|   0|  0|  24|          17|          17|
    |add_ln514_9_fu_1270_p2            |         +|   0|  0|  24|          17|          17|
    |add_ln514_fu_1036_p2              |         +|   0|  0|  24|          17|          17|
    |add_ln521_1_fu_1454_p2            |         +|   0|  0|  25|          18|          18|
    |add_ln521_2_fu_1468_p2            |         +|   0|  0|  25|          18|          18|
    |add_ln521_3_fu_1482_p2            |         +|   0|  0|  25|          18|          18|
    |add_ln521_4_fu_1496_p2            |         +|   0|  0|  25|          18|          18|
    |add_ln521_5_fu_1510_p2            |         +|   0|  0|  25|          18|          18|
    |add_ln521_6_fu_1524_p2            |         +|   0|  0|  25|          18|          18|
    |add_ln521_7_fu_1538_p2            |         +|   0|  0|  25|          18|          18|
    |add_ln521_fu_1440_p2              |         +|   0|  0|  25|          18|          18|
    |add_ln528_1_fu_1566_p2            |         +|   0|  0|  26|          19|          19|
    |add_ln528_2_fu_1580_p2            |         +|   0|  0|  26|          19|          19|
    |add_ln528_3_fu_1594_p2            |         +|   0|  0|  26|          19|          19|
    |add_ln528_fu_1552_p2              |         +|   0|  0|  26|          19|          19|
    |add_ln535_1_fu_1618_p2            |         +|   0|  0|  27|          20|          20|
    |add_ln535_fu_1606_p2              |         +|   0|  0|  27|          20|          20|
    |add_ln538_fu_1632_p2              |         +|   0|  0|  28|          21|          21|
    |sum_3_fu_1644_p2                  |         +|   0|  0|  54|          47|          47|
    |ap_block_pp0_stage0_01001         |       and|   0|  0|   2|           1|           1|
    |ap_block_state2_pp0_stage0_iter1  |       and|   0|  0|   2|           1|           1|
    |icmp_ln492_fu_359_p2              |      icmp|   0|  0|  33|          26|          26|
    |ap_enable_pp0                     |       xor|   0|  0|   2|           1|           2|
    +----------------------------------+----------+----+---+----+------------+------------+
    |Total                             |          |   0|  0| 896|         655|         631|
    +----------------------------------+----------+----+---+----+------------+------------+

    * Multiplexer: 
    +-------------------------+----+-----------+-----+-----------+
    |           Name          | LUT| Input Size| Bits| Total Bits|
    +-------------------------+----+-----------+-----+-----------+
    |ap_done_int              |   9|          2|    1|          2|
    |ap_enable_reg_pp0_iter2  |   9|          2|    1|          2|
    |ap_sig_allocacmp_w_1     |   9|          2|   26|         52|
    |gmem0_blk_n_R            |   9|          2|    1|          2|
    |sum_fu_310               |   9|          2|   47|         94|
    |w_fu_314                 |   9|          2|   26|         52|
    +-------------------------+----+-----------+-----+-----------+
    |Total                    |  54|         12|  102|        204|
    +-------------------------+----+-----------+-----+-----------+

    * Register: 
    +----------------------------------+----+----+-----+-----------+
    |               Name               | FF | LUT| Bits| Const Bits|
    +----------------------------------+----+----+-----+-----------+
    |add_ln528_1_reg_2008              |  19|   0|   19|          0|
    |add_ln528_2_reg_2013              |  19|   0|   19|          0|
    |add_ln528_3_reg_2018              |  19|   0|   19|          0|
    |add_ln528_reg_2003                |  19|   0|   19|          0|
    |add_ln538_reg_2023                |  21|   0|   21|          0|
    |ap_CS_fsm                         |   1|   0|    1|          0|
    |ap_done_reg                       |   1|   0|    1|          0|
    |ap_enable_reg_pp0_iter1           |   1|   0|    1|          0|
    |ap_enable_reg_pp0_iter2           |   1|   0|    1|          0|
    |ap_enable_reg_pp0_iter3           |   1|   0|    1|          0|
    |ap_enable_reg_pp0_iter4           |   1|   0|    1|          0|
    |ap_loop_exit_ready_pp0_iter1_reg  |   1|   0|    1|          0|
    |ap_loop_exit_ready_pp0_iter2_reg  |   1|   0|    1|          0|
    |ap_loop_exit_ready_pp0_iter3_reg  |   1|   0|    1|          0|
    |empty_reg_1683                    |   8|   0|    8|          0|
    |icmp_ln492_reg_1679               |   1|   0|    1|          0|
    |p_10_reg_1738                     |   8|   0|    8|          0|
    |p_11_reg_1743                     |   8|   0|    8|          0|
    |p_12_reg_1748                     |   8|   0|    8|          0|
    |p_13_reg_1753                     |   8|   0|    8|          0|
    |p_14_reg_1758                     |   8|   0|    8|          0|
    |p_15_reg_1763                     |   8|   0|    8|          0|
    |p_16_reg_1768                     |   8|   0|    8|          0|
    |p_17_reg_1773                     |   8|   0|    8|          0|
    |p_18_reg_1778                     |   8|   0|    8|          0|
    |p_19_reg_1783                     |   8|   0|    8|          0|
    |p_1_reg_1688                      |   8|   0|    8|          0|
    |p_20_reg_1788                     |   8|   0|    8|          0|
    |p_21_reg_1793                     |   8|   0|    8|          0|
    |p_22_reg_1798                     |   8|   0|    8|          0|
    |p_23_reg_1803                     |   8|   0|    8|          0|
    |p_24_reg_1808                     |   8|   0|    8|          0|
    |p_25_reg_1813                     |   8|   0|    8|          0|
    |p_26_reg_1818                     |   8|   0|    8|          0|
    |p_27_reg_1823                     |   8|   0|    8|          0|
    |p_28_reg_1828                     |   8|   0|    8|          0|
    |p_29_reg_1833                     |   8|   0|    8|          0|
    |p_2_reg_1698                      |   8|   0|    8|          0|
    |p_30_reg_1838                     |   8|   0|    8|          0|
    |p_31_reg_1843                     |   8|   0|    8|          0|
    |p_32_reg_1848                     |   8|   0|    8|          0|
    |p_33_reg_1853                     |   8|   0|    8|          0|
    |p_34_reg_1858                     |   8|   0|    8|          0|
    |p_35_reg_1863                     |   8|   0|    8|          0|
    |p_36_reg_1868                     |   8|   0|    8|          0|
    |p_37_reg_1873                     |   8|   0|    8|          0|
    |p_38_reg_1878                     |   8|   0|    8|          0|
    |p_39_reg_1883                     |   8|   0|    8|          0|
    |p_3_reg_1703                      |   8|   0|    8|          0|
    |p_40_reg_1888                     |   8|   0|    8|          0|
    |p_41_reg_1893                     |   8|   0|    8|          0|
    |p_42_reg_1898                     |   8|   0|    8|          0|
    |p_43_reg_1903                     |   8|   0|    8|          0|
    |p_44_reg_1908                     |   8|   0|    8|          0|
    |p_45_reg_1913                     |   8|   0|    8|          0|
    |p_46_reg_1918                     |   8|   0|    8|          0|
    |p_47_reg_1923                     |   8|   0|    8|          0|
    |p_48_reg_1928                     |   8|   0|    8|          0|
    |p_49_reg_1933                     |   8|   0|    8|          0|
    |p_4_reg_1708                      |   8|   0|    8|          0|
    |p_50_reg_1938                     |   8|   0|    8|          0|
    |p_51_reg_1943                     |   8|   0|    8|          0|
    |p_52_reg_1948                     |   8|   0|    8|          0|
    |p_53_reg_1953                     |   8|   0|    8|          0|
    |p_54_reg_1958                     |   8|   0|    8|          0|
    |p_55_reg_1963                     |   8|   0|    8|          0|
    |p_56_reg_1968                     |   8|   0|    8|          0|
    |p_57_reg_1973                     |   8|   0|    8|          0|
    |p_58_reg_1978                     |   8|   0|    8|          0|
    |p_59_reg_1983                     |   8|   0|    8|          0|
    |p_5_reg_1713                      |   8|   0|    8|          0|
    |p_60_reg_1988                     |   8|   0|    8|          0|
    |p_61_reg_1993                     |   8|   0|    8|          0|
    |p_62_reg_1998                     |   8|   0|    8|          0|
    |p_6_reg_1718                      |   8|   0|    8|          0|
    |p_7_reg_1723                      |   8|   0|    8|          0|
    |p_8_reg_1728                      |   8|   0|    8|          0|
    |p_9_reg_1733                      |   8|   0|    8|          0|
    |p_s_reg_1693                      |   8|   0|    8|          0|
    |sum_fu_310                        |  47|   0|   47|          0|
    |w_fu_314                          |  26|   0|   26|          0|
    |icmp_ln492_reg_1679               |  64|  32|    1|          0|
    +----------------------------------+----+----+-----+-----------+
    |Total                             | 756|  32|  693|          0|
    +----------------------------------+----+----+-----+-----------+



================================================================
== Interface
================================================================
* Summary: 
+----------------------+-----+-----+------------+---------------------------------------------+--------------+
|       RTL Ports      | Dir | Bits|  Protocol  |                Source Object                |    C Type    |
+----------------------+-----+-----+------------+---------------------------------------------+--------------+
|ap_clk                |   in|    1|  ap_ctrl_hs|  process_tcp_checksum_Pipeline_vec_word_loop|  return value|
|ap_rst                |   in|    1|  ap_ctrl_hs|  process_tcp_checksum_Pipeline_vec_word_loop|  return value|
|ap_start              |   in|    1|  ap_ctrl_hs|  process_tcp_checksum_Pipeline_vec_word_loop|  return value|
|ap_done               |  out|    1|  ap_ctrl_hs|  process_tcp_checksum_Pipeline_vec_word_loop|  return value|
|ap_idle               |  out|    1|  ap_ctrl_hs|  process_tcp_checksum_Pipeline_vec_word_loop|  return value|
|ap_ready              |  out|    1|  ap_ctrl_hs|  process_tcp_checksum_Pipeline_vec_word_loop|  return value|
|m_axi_gmem0_AWVALID   |  out|    1|       m_axi|                                        gmem0|       pointer|
|m_axi_gmem0_AWREADY   |   in|    1|       m_axi|                                        gmem0|       pointer|
|m_axi_gmem0_AWADDR    |  out|   64|       m_axi|                                        gmem0|       pointer|
|m_axi_gmem0_AWID      |  out|    1|       m_axi|                                        gmem0|       pointer|
|m_axi_gmem0_AWLEN     |  out|   32|       m_axi|                                        gmem0|       pointer|
|m_axi_gmem0_AWSIZE    |  out|    3|       m_axi|                                        gmem0|       pointer|
|m_axi_gmem0_AWBURST   |  out|    2|       m_axi|                                        gmem0|       pointer|
|m_axi_gmem0_AWLOCK    |  out|    2|       m_axi|                                        gmem0|       pointer|
|m_axi_gmem0_AWCACHE   |  out|    4|       m_axi|                                        gmem0|       pointer|
|m_axi_gmem0_AWPROT    |  out|    3|       m_axi|                                        gmem0|       pointer|
|m_axi_gmem0_AWQOS     |  out|    4|       m_axi|                                        gmem0|       pointer|
|m_axi_gmem0_AWREGION  |  out|    4|       m_axi|                                        gmem0|       pointer|
|m_axi_gmem0_AWUSER    |  out|    1|       m_axi|                                        gmem0|       pointer|
|m_axi_gmem0_WVALID    |  out|    1|       m_axi|                                        gmem0|       pointer|
|m_axi_gmem0_WREADY    |   in|    1|       m_axi|                                        gmem0|       pointer|
|m_axi_gmem0_WDATA     |  out|  512|       m_axi|                                        gmem0|       pointer|
|m_axi_gmem0_WSTRB     |  out|   64|       m_axi|                                        gmem0|       pointer|
|m_axi_gmem0_WLAST     |  out|    1|       m_axi|                                        gmem0|       pointer|
|m_axi_gmem0_WID       |  out|    1|       m_axi|                                        gmem0|       pointer|
|m_axi_gmem0_WUSER     |  out|    1|       m_axi|                                        gmem0|       pointer|
|m_axi_gmem0_ARVALID   |  out|    1|       m_axi|                                        gmem0|       pointer|
|m_axi_gmem0_ARREADY   |   in|    1|       m_axi|                                        gmem0|       pointer|
|m_axi_gmem0_ARADDR    |  out|   64|       m_axi|                                        gmem0|       pointer|
|m_axi_gmem0_ARID      |  out|    1|       m_axi|                                        gmem0|       pointer|
|m_axi_gmem0_ARLEN     |  out|   32|       m_axi|                                        gmem0|       pointer|
|m_axi_gmem0_ARSIZE    |  out|    3|       m_axi|                                        gmem0|       pointer|
|m_axi_gmem0_ARBURST   |  out|    2|       m_axi|                                        gmem0|       pointer|
|m_axi_gmem0_ARLOCK    |  out|    2|       m_axi|                                        gmem0|       pointer|
|m_axi_gmem0_ARCACHE   |  out|    4|       m_axi|                                        gmem0|       pointer|
|m_axi_gmem0_ARPROT    |  out|    3|       m_axi|                                        gmem0|       pointer|
|m_axi_gmem0_ARQOS     |  out|    4|       m_axi|                                        gmem0|       pointer|
|m_axi_gmem0_ARREGION  |  out|    4|       m_axi|                                        gmem0|       pointer|
|m_axi_gmem0_ARUSER    |  out|    1|       m_axi|                                        gmem0|       pointer|
|m_axi_gmem0_RVALID    |   in|    1|       m_axi|                                        gmem0|       pointer|
|m_axi_gmem0_RREADY    |  out|    1|       m_axi|                                        gmem0|       pointer|
|m_axi_gmem0_RDATA     |   in|  512|       m_axi|                                        gmem0|       pointer|
|m_axi_gmem0_RLAST     |   in|    1|       m_axi|                                        gmem0|       pointer|
|m_axi_gmem0_RID       |   in|    1|       m_axi|                                        gmem0|       pointer|
|m_axi_gmem0_RFIFONUM  |   in|    9|       m_axi|                                        gmem0|       pointer|
|m_axi_gmem0_RUSER     |   in|    1|       m_axi|                                        gmem0|       pointer|
|m_axi_gmem0_RRESP     |   in|    2|       m_axi|                                        gmem0|       pointer|
|m_axi_gmem0_BVALID    |   in|    1|       m_axi|                                        gmem0|       pointer|
|m_axi_gmem0_BREADY    |  out|    1|       m_axi|                                        gmem0|       pointer|
|m_axi_gmem0_BRESP     |   in|    2|       m_axi|                                        gmem0|       pointer|
|m_axi_gmem0_BID       |   in|    1|       m_axi|                                        gmem0|       pointer|
|m_axi_gmem0_BUSER     |   in|    1|       m_axi|                                        gmem0|       pointer|
|sext_ln492            |   in|   58|     ap_none|                                   sext_ln492|        scalar|
|vec_words             |   in|   26|     ap_none|                                    vec_words|        scalar|
|sum_out               |  out|   47|      ap_vld|                                      sum_out|       pointer|
|sum_out_ap_vld        |  out|    1|      ap_vld|                                      sum_out|       pointer|
+----------------------+-----+-----+------------+---------------------------------------------+--------------+

