

================================================================
== Vitis HLS Report for 'sha256_process_chunk'
================================================================
* Date:           Fri Feb 20 12:34:58 2026

* Version:        2023.1 (Build 3854077 on May  4 2023)
* Project:        calculate_sha256
* Solution:       solution (Vitis Kernel Flow Target)
* Product family: virtexuplusHBM
* Target device:  xcu280-fsvh2892-2L-e


================================================================
== Performance Estimates
================================================================
+ Timing: 
    * Summary: 
    +--------+---------+----------+------------+
    |  Clock |  Target | Estimated| Uncertainty|
    +--------+---------+----------+------------+
    |ap_clk  |  3.33 ns|  3.429 ns|     0.90 ns|
    +--------+---------+----------+------------+

+ Latency: 
    * Summary: 
    +---------+-------------+----------+------------+-----+-------------+---------+
    |    Latency (cycles)   |   Latency (absolute)  |      Interval     | Pipeline|
    |   min   |     max     |    min   |     max    | min |     max     |   Type  |
    +---------+-------------+----------+------------+-----+-------------+---------+
    |      323|  22749905249|  1.108 us|  78.006 sec|  323|  22749905249|       no|
    +---------+-------------+----------+------------+-----+-------------+---------+

    + Detail: 
        * Instance: 
        +--------------------------------------------------------------+--------------------------------------------------+---------+---------+-----------+-----------+-----+-----+---------+
        |                                                              |                                                  |  Latency (cycles) |   Latency (absolute)  |  Interval | Pipeline|
        |                           Instance                           |                      Module                      |   min   |   max   |    min    |    max    | min | max |   Type  |
        +--------------------------------------------------------------+--------------------------------------------------+---------+---------+-----------+-----------+-----+-----+---------+
        |grp_sha256_compress_block_fu_2497                             |sha256_compress_block                             |      200|      200|   0.686 us|   0.686 us|  200|  200|       no|
        |grp_sha256_process_chunk_Pipeline_clear_pad_block_fu_2520     |sha256_process_chunk_Pipeline_clear_pad_block     |       66|       66|   0.220 us|   0.220 us|   66|   66|       no|
        |grp_sha256_process_chunk_Pipeline_copy_remainder_fu_2525      |sha256_process_chunk_Pipeline_copy_remainder      |        2|      137|   6.666 ns|   0.457 us|    2|  137|       no|
        |grp_sha256_process_chunk_Pipeline_clear_second_block_fu_2536  |sha256_process_chunk_Pipeline_clear_second_block  |       66|       66|   0.220 us|   0.220 us|   66|   66|       no|
        |grp_sha256_process_chunk_Pipeline_len_store_double_fu_2541    |sha256_process_chunk_Pipeline_len_store_double    |       10|       10|  33.330 ns|  33.330 ns|   10|   10|       no|
        |grp_sha256_process_chunk_Pipeline_len_store_single_fu_2547    |sha256_process_chunk_Pipeline_len_store_single    |       10|       10|  33.330 ns|  33.330 ns|   10|   10|       no|
        +--------------------------------------------------------------+--------------------------------------------------+---------+---------+-----------+-----------+-----+-----+---------+

        * Loop: 
        +--------------------------+---------+-------------+----------+-----------+-----------+--------------+----------+
        |                          |    Latency (cycles)   | Iteration|  Initiation Interval  |     Trip     |          |
        |         Loop Name        |   min   |     max     |  Latency |  achieved |   target  |     Count    | Pipelined|
        +--------------------------+---------+-------------+----------+-----------+-----------+--------------+----------+
        |- full_block_loop_vec     |        0|  13690208052|       204|          -|          -|  0 ~ 67108863|        no|
        |- full_block_loop_scalar  |        0|  22749904557|       339|          -|          -|  0 ~ 67108863|        no|
        +--------------------------+---------+-------------+----------+-----------+-----------+--------------+----------+



================================================================
== Utilization Estimates
================================================================
* Summary: 
+---------------------+---------+------+---------+---------+-----+
|         Name        | BRAM_18K|  DSP |    FF   |   LUT   | URAM|
+---------------------+---------+------+---------+---------+-----+
|DSP                  |        -|     -|        -|        -|    -|
|Expression           |        -|     -|        0|   146415|    -|
|FIFO                 |        -|     -|        -|        -|    -|
|Instance             |        0|     0|     1753|     7849|    0|
|Memory               |        0|     -|        8|        9|    0|
|Multiplexer          |        -|     -|        -|     3766|    -|
|Register             |        -|     -|    42724|        -|    -|
+---------------------+---------+------+---------+---------+-----+
|Total                |        0|     0|    44485|   158039|    0|
+---------------------+---------+------+---------+---------+-----+
|Available SLR        |     1344|  3008|   869120|   434560|  320|
+---------------------+---------+------+---------+---------+-----+
|Utilization SLR (%)  |        0|     0|        5|       36|    0|
+---------------------+---------+------+---------+---------+-----+
|Available            |     4032|  9024|  2607360|  1303680|  960|
+---------------------+---------+------+---------+---------+-----+
|Utilization (%)      |        0|     0|        1|       12|    0|
+---------------------+---------+------+---------+---------+-----+

+ Detail: 
    * Instance: 
    +--------------------------------------------------------------+--------------------------------------------------+---------+----+-----+------+-----+
    |                           Instance                           |                      Module                      | BRAM_18K| DSP|  FF |  LUT | URAM|
    +--------------------------------------------------------------+--------------------------------------------------+---------+----+-----+------+-----+
    |grp_sha256_compress_block_fu_2497                             |sha256_compress_block                             |        0|   0|  860|  4795|    0|
    |grp_sha256_process_chunk_Pipeline_clear_pad_block_fu_2520     |sha256_process_chunk_Pipeline_clear_pad_block     |        0|   0|    9|    56|    0|
    |grp_sha256_process_chunk_Pipeline_clear_second_block_fu_2536  |sha256_process_chunk_Pipeline_clear_second_block  |        0|   0|    9|    56|    0|
    |grp_sha256_process_chunk_Pipeline_copy_remainder_fu_2525      |sha256_process_chunk_Pipeline_copy_remainder      |        0|   0|  863|  2460|    0|
    |grp_sha256_process_chunk_Pipeline_len_store_double_fu_2541    |sha256_process_chunk_Pipeline_len_store_double    |        0|   0|    6|   241|    0|
    |grp_sha256_process_chunk_Pipeline_len_store_single_fu_2547    |sha256_process_chunk_Pipeline_len_store_single    |        0|   0|    6|   241|    0|
    +--------------------------------------------------------------+--------------------------------------------------+---------+----+-----+------+-----+
    |Total                                                         |                                                  |        0|   0| 1753|  7849|    0|
    +--------------------------------------------------------------+--------------------------------------------------+---------+----+-----+------+-----+

    * DSP: 
    N/A

    * Memory: 
    +-------------+----------------------------------------------+---------+---+----+-----+------+-----+------+-------------+
    |    Memory   |                    Module                    | BRAM_18K| FF| LUT| URAM| Words| Bits| Banks| W*Bits*Banks|
    +-------------+----------------------------------------------+---------+---+----+-----+------+-----+------+-------------+
    |pad_block_U  |sha256_process_chunk_pad_block_RAM_AUTO_1R1W  |        0|  8|   9|    0|    64|    8|     1|          512|
    +-------------+----------------------------------------------+---------+---+----+-----+------+-----+------+-------------+
    |Total        |                                              |        0|  8|   9|    0|    64|    8|     1|          512|
    +-------------+----------------------------------------------+---------+---+----+-----+------+-----+------+-------------+

    * FIFO: 
    N/A

    * Expression: 
    +-----------------------------------+----------+----+---+------+------------+------------+
    |           Variable Name           | Operation| DSP| FF|  LUT | Bitwidth P0| Bitwidth P1|
    +-----------------------------------+----------+----+---+------+------------+------------+
    |add_ln116_10_fu_4531_p2            |         +|   0|  0|    71|          64|          64|
    |add_ln116_11_fu_4565_p2            |         +|   0|  0|    71|          64|          64|
    |add_ln116_12_fu_4599_p2            |         +|   0|  0|    71|          64|          64|
    |add_ln116_13_fu_4633_p2            |         +|   0|  0|    71|          64|          64|
    |add_ln116_14_fu_4667_p2            |         +|   0|  0|    71|          64|          64|
    |add_ln116_15_fu_4701_p2            |         +|   0|  0|    71|          64|          64|
    |add_ln116_16_fu_4735_p2            |         +|   0|  0|    71|          64|          64|
    |add_ln116_17_fu_4769_p2            |         +|   0|  0|    71|          64|          64|
    |add_ln116_18_fu_4803_p2            |         +|   0|  0|    71|          64|          64|
    |add_ln116_19_fu_4837_p2            |         +|   0|  0|    71|          64|          64|
    |add_ln116_1_fu_4225_p2             |         +|   0|  0|    71|          64|          64|
    |add_ln116_20_fu_4871_p2            |         +|   0|  0|    71|          64|          64|
    |add_ln116_21_fu_4905_p2            |         +|   0|  0|    71|          64|          64|
    |add_ln116_22_fu_4939_p2            |         +|   0|  0|    71|          64|          64|
    |add_ln116_23_fu_4973_p2            |         +|   0|  0|    71|          64|          64|
    |add_ln116_24_fu_5007_p2            |         +|   0|  0|    71|          64|          64|
    |add_ln116_25_fu_5041_p2            |         +|   0|  0|    71|          64|          64|
    |add_ln116_26_fu_5075_p2            |         +|   0|  0|    71|          64|          64|
    |add_ln116_27_fu_5109_p2            |         +|   0|  0|    71|          64|          64|
    |add_ln116_28_fu_5143_p2            |         +|   0|  0|    71|          64|          64|
    |add_ln116_29_fu_5177_p2            |         +|   0|  0|    71|          64|          64|
    |add_ln116_2_fu_4259_p2             |         +|   0|  0|    71|          64|          64|
    |add_ln116_30_fu_5211_p2            |         +|   0|  0|    71|          64|          64|
    |add_ln116_31_fu_5245_p2            |         +|   0|  0|    71|          64|          64|
    |add_ln116_32_fu_5279_p2            |         +|   0|  0|    71|          64|          64|
    |add_ln116_33_fu_5313_p2            |         +|   0|  0|    71|          64|          64|
    |add_ln116_34_fu_5347_p2            |         +|   0|  0|    71|          64|          64|
    |add_ln116_35_fu_5381_p2            |         +|   0|  0|    71|          64|          64|
    |add_ln116_36_fu_5415_p2            |         +|   0|  0|    71|          64|          64|
    |add_ln116_37_fu_5449_p2            |         +|   0|  0|    71|          64|          64|
    |add_ln116_38_fu_5483_p2            |         +|   0|  0|    71|          64|          64|
    |add_ln116_39_fu_5517_p2            |         +|   0|  0|    71|          64|          64|
    |add_ln116_3_fu_4293_p2             |         +|   0|  0|    71|          64|          64|
    |add_ln116_40_fu_5551_p2            |         +|   0|  0|    71|          64|          64|
    |add_ln116_41_fu_5585_p2            |         +|   0|  0|    71|          64|          64|
    |add_ln116_42_fu_5619_p2            |         +|   0|  0|    71|          64|          64|
    |add_ln116_43_fu_5653_p2            |         +|   0|  0|    71|          64|          64|
    |add_ln116_44_fu_5687_p2            |         +|   0|  0|    71|          64|          64|
    |add_ln116_45_fu_5721_p2            |         +|   0|  0|    71|          64|          64|
    |add_ln116_46_fu_5755_p2            |         +|   0|  0|    71|          64|          64|
    |add_ln116_47_fu_5789_p2            |         +|   0|  0|    71|          64|          64|
    |add_ln116_48_fu_5823_p2            |         +|   0|  0|    71|          64|          64|
    |add_ln116_49_fu_5857_p2            |         +|   0|  0|    71|          64|          64|
    |add_ln116_4_fu_4327_p2             |         +|   0|  0|    71|          64|          64|
    |add_ln116_50_fu_5891_p2            |         +|   0|  0|    71|          64|          64|
    |add_ln116_51_fu_5925_p2            |         +|   0|  0|    71|          64|          64|
    |add_ln116_52_fu_5959_p2            |         +|   0|  0|    71|          64|          64|
    |add_ln116_53_fu_5993_p2            |         +|   0|  0|    71|          64|          64|
    |add_ln116_54_fu_6027_p2            |         +|   0|  0|    71|          64|          64|
    |add_ln116_55_fu_6061_p2            |         +|   0|  0|    71|          64|          64|
    |add_ln116_56_fu_6095_p2            |         +|   0|  0|    71|          64|          64|
    |add_ln116_57_fu_6129_p2            |         +|   0|  0|    71|          64|          64|
    |add_ln116_58_fu_6163_p2            |         +|   0|  0|    71|          64|          64|
    |add_ln116_59_fu_6197_p2            |         +|   0|  0|    71|          64|          64|
    |add_ln116_5_fu_4361_p2             |         +|   0|  0|    71|          64|          64|
    |add_ln116_60_fu_6231_p2            |         +|   0|  0|    71|          64|          64|
    |add_ln116_61_fu_6265_p2            |         +|   0|  0|    71|          64|          64|
    |add_ln116_62_fu_6299_p2            |         +|   0|  0|    71|          64|          64|
    |add_ln116_63_fu_6333_p2            |         +|   0|  0|    71|          64|          64|
    |add_ln116_6_fu_4395_p2             |         +|   0|  0|    71|          64|          64|
    |add_ln116_7_fu_4429_p2             |         +|   0|  0|    71|          64|          64|
    |add_ln116_8_fu_4463_p2             |         +|   0|  0|    71|          64|          64|
    |add_ln116_9_fu_4497_p2             |         +|   0|  0|    71|          64|          64|
    |add_ln116_fu_4186_p2               |         +|   0|  0|    71|          64|          64|
    |add_ln208_10_fu_2977_p2            |         +|   0|  0|    13|           6|           4|
    |add_ln208_11_fu_2983_p2            |         +|   0|  0|    13|           6|           4|
    |add_ln208_12_fu_2989_p2            |         +|   0|  0|    13|           6|           4|
    |add_ln208_13_fu_2995_p2            |         +|   0|  0|    13|           6|           4|
    |add_ln208_14_fu_3001_p2            |         +|   0|  0|    13|           6|           4|
    |add_ln208_15_fu_3007_p2            |         +|   0|  0|    13|           6|           5|
    |add_ln208_16_fu_3013_p2            |         +|   0|  0|    13|           6|           5|
    |add_ln208_17_fu_3019_p2            |         +|   0|  0|    13|           6|           5|
    |add_ln208_18_fu_3025_p2            |         +|   0|  0|    13|           6|           5|
    |add_ln208_19_fu_3031_p2            |         +|   0|  0|    13|           6|           5|
    |add_ln208_1_fu_2923_p2             |         +|   0|  0|    13|           6|           2|
    |add_ln208_20_fu_3037_p2            |         +|   0|  0|    13|           6|           5|
    |add_ln208_21_fu_3043_p2            |         +|   0|  0|    13|           6|           5|
    |add_ln208_22_fu_3049_p2            |         +|   0|  0|    13|           6|           5|
    |add_ln208_23_fu_3055_p2            |         +|   0|  0|    13|           6|           5|
    |add_ln208_24_fu_3061_p2            |         +|   0|  0|    13|           6|           5|
    |add_ln208_25_fu_3067_p2            |         +|   0|  0|    13|           6|           5|
    |add_ln208_26_fu_3073_p2            |         +|   0|  0|    13|           6|           5|
    |add_ln208_27_fu_3079_p2            |         +|   0|  0|    13|           6|           5|
    |add_ln208_28_fu_3085_p2            |         +|   0|  0|    13|           6|           5|
    |add_ln208_29_fu_3091_p2            |         +|   0|  0|    13|           6|           5|
    |add_ln208_2_fu_2929_p2             |         +|   0|  0|    13|           6|           2|
    |add_ln208_30_fu_3097_p2            |         +|   0|  0|    13|           6|           5|
    |add_ln208_31_fu_3109_p2            |         +|   0|  0|    13|           6|           6|
    |add_ln208_32_fu_3115_p2            |         +|   0|  0|    13|           6|           6|
    |add_ln208_33_fu_3121_p2            |         +|   0|  0|    13|           6|           6|
    |add_ln208_34_fu_3127_p2            |         +|   0|  0|    13|           6|           6|
    |add_ln208_35_fu_3133_p2            |         +|   0|  0|    13|           6|           6|
    |add_ln208_36_fu_3139_p2            |         +|   0|  0|    13|           6|           6|
    |add_ln208_37_fu_3145_p2            |         +|   0|  0|    13|           6|           6|
    |add_ln208_38_fu_3151_p2            |         +|   0|  0|    13|           6|           6|
    |add_ln208_39_fu_3157_p2            |         +|   0|  0|    13|           6|           6|
    |add_ln208_3_fu_2935_p2             |         +|   0|  0|    13|           6|           3|
    |add_ln208_40_fu_3163_p2            |         +|   0|  0|    13|           6|           6|
    |add_ln208_41_fu_3169_p2            |         +|   0|  0|    13|           6|           6|
    |add_ln208_42_fu_3175_p2            |         +|   0|  0|    13|           6|           6|
    |add_ln208_43_fu_3181_p2            |         +|   0|  0|    13|           6|           6|
    |add_ln208_44_fu_3187_p2            |         +|   0|  0|    13|           6|           6|
    |add_ln208_45_fu_3193_p2            |         +|   0|  0|    13|           6|           6|
    |add_ln208_46_fu_3199_p2            |         +|   0|  0|    13|           6|           6|
    |add_ln208_47_fu_3205_p2            |         +|   0|  0|    13|           6|           5|
    |add_ln208_48_fu_3211_p2            |         +|   0|  0|    13|           6|           5|
    |add_ln208_49_fu_3217_p2            |         +|   0|  0|    13|           6|           5|
    |add_ln208_4_fu_2941_p2             |         +|   0|  0|    13|           6|           3|
    |add_ln208_50_fu_3223_p2            |         +|   0|  0|    13|           6|           5|
    |add_ln208_51_fu_3229_p2            |         +|   0|  0|    13|           6|           5|
    |add_ln208_52_fu_3235_p2            |         +|   0|  0|    13|           6|           5|
    |add_ln208_53_fu_3241_p2            |         +|   0|  0|    13|           6|           5|
    |add_ln208_54_fu_3247_p2            |         +|   0|  0|    13|           6|           5|
    |add_ln208_55_fu_3253_p2            |         +|   0|  0|    13|           6|           4|
    |add_ln208_56_fu_3259_p2            |         +|   0|  0|    13|           6|           4|
    |add_ln208_57_fu_3265_p2            |         +|   0|  0|    13|           6|           4|
    |add_ln208_58_fu_3271_p2            |         +|   0|  0|    13|           6|           4|
    |add_ln208_59_fu_3277_p2            |         +|   0|  0|    13|           6|           3|
    |add_ln208_5_fu_2947_p2             |         +|   0|  0|    13|           6|           3|
    |add_ln208_60_fu_3283_p2            |         +|   0|  0|    13|           6|           3|
    |add_ln208_61_fu_3289_p2            |         +|   0|  0|    13|           6|           2|
    |add_ln208_6_fu_2953_p2             |         +|   0|  0|    13|           6|           3|
    |add_ln208_7_fu_2959_p2             |         +|   0|  0|    13|           6|           4|
    |add_ln208_8_fu_2965_p2             |         +|   0|  0|    13|           6|           4|
    |add_ln208_9_fu_2971_p2             |         +|   0|  0|    13|           6|           4|
    |add_ln208_fu_2917_p2               |         +|   0|  0|    13|           6|           1|
    |grp_fu_2585_p2                     |         +|   0|  0|    33|          26|           1|
    |ap_block_state291_on_subcall_done  |       and|   0|  0|     2|           1|           1|
    |ap_block_state2_io                 |       and|   0|  0|     2|           1|           1|
    |grp_fu_2580_p2                     |      icmp|   0|  0|    33|          26|          26|
    |icmp_ln234_fu_7047_p2              |      icmp|   0|  0|    13|           6|           5|
    |vector_blocks_fu_2903_p2           |      icmp|   0|  0|    13|           6|           1|
    |lshr_ln116_10_fu_6438_p2           |      lshr|   0|  0|  2171|         512|         512|
    |lshr_ln116_11_fu_6446_p2           |      lshr|   0|  0|  2171|         512|         512|
    |lshr_ln116_12_fu_6454_p2           |      lshr|   0|  0|  2171|         512|         512|
    |lshr_ln116_13_fu_6462_p2           |      lshr|   0|  0|  2171|         512|         512|
    |lshr_ln116_14_fu_6470_p2           |      lshr|   0|  0|  2171|         512|         512|
    |lshr_ln116_15_fu_6478_p2           |      lshr|   0|  0|  2171|         512|         512|
    |lshr_ln116_16_fu_6486_p2           |      lshr|   0|  0|  2171|         512|         512|
    |lshr_ln116_17_fu_6494_p2           |      lshr|   0|  0|  2171|         512|         512|
    |lshr_ln116_18_fu_6502_p2           |      lshr|   0|  0|  2171|         512|         512|
    |lshr_ln116_19_fu_6510_p2           |      lshr|   0|  0|  2171|         512|         512|
    |lshr_ln116_1_fu_6366_p2            |      lshr|   0|  0|  2171|         512|         512|
    |lshr_ln116_20_fu_6518_p2           |      lshr|   0|  0|  2171|         512|         512|
    |lshr_ln116_21_fu_6526_p2           |      lshr|   0|  0|  2171|         512|         512|
    |lshr_ln116_22_fu_6534_p2           |      lshr|   0|  0|  2171|         512|         512|
    |lshr_ln116_23_fu_6542_p2           |      lshr|   0|  0|  2171|         512|         512|
    |lshr_ln116_24_fu_6550_p2           |      lshr|   0|  0|  2171|         512|         512|
    |lshr_ln116_25_fu_6558_p2           |      lshr|   0|  0|  2171|         512|         512|
    |lshr_ln116_26_fu_6566_p2           |      lshr|   0|  0|  2171|         512|         512|
    |lshr_ln116_27_fu_6574_p2           |      lshr|   0|  0|  2171|         512|         512|
    |lshr_ln116_28_fu_6582_p2           |      lshr|   0|  0|  2171|         512|         512|
    |lshr_ln116_29_fu_6590_p2           |      lshr|   0|  0|  2171|         512|         512|
    |lshr_ln116_2_fu_6374_p2            |      lshr|   0|  0|  2171|         512|         512|
    |lshr_ln116_30_fu_6598_p2           |      lshr|   0|  0|  2171|         512|         512|
    |lshr_ln116_31_fu_6606_p2           |      lshr|   0|  0|  2171|         512|         512|
    |lshr_ln116_32_fu_6614_p2           |      lshr|   0|  0|  2171|         512|         512|
    |lshr_ln116_33_fu_6622_p2           |      lshr|   0|  0|  2171|         512|         512|
    |lshr_ln116_34_fu_6630_p2           |      lshr|   0|  0|  2171|         512|         512|
    |lshr_ln116_35_fu_6638_p2           |      lshr|   0|  0|  2171|         512|         512|
    |lshr_ln116_36_fu_6646_p2           |      lshr|   0|  0|  2171|         512|         512|
    |lshr_ln116_37_fu_6654_p2           |      lshr|   0|  0|  2171|         512|         512|
    |lshr_ln116_38_fu_6662_p2           |      lshr|   0|  0|  2171|         512|         512|
    |lshr_ln116_39_fu_6670_p2           |      lshr|   0|  0|  2171|         512|         512|
    |lshr_ln116_3_fu_6382_p2            |      lshr|   0|  0|  2171|         512|         512|
    |lshr_ln116_40_fu_6678_p2           |      lshr|   0|  0|  2171|         512|         512|
    |lshr_ln116_41_fu_6686_p2           |      lshr|   0|  0|  2171|         512|         512|
    |lshr_ln116_42_fu_6694_p2           |      lshr|   0|  0|  2171|         512|         512|
    |lshr_ln116_43_fu_6702_p2           |      lshr|   0|  0|  2171|         512|         512|
    |lshr_ln116_44_fu_6710_p2           |      lshr|   0|  0|  2171|         512|         512|
    |lshr_ln116_45_fu_6718_p2           |      lshr|   0|  0|  2171|         512|         512|
    |lshr_ln116_46_fu_6726_p2           |      lshr|   0|  0|  2171|         512|         512|
    |lshr_ln116_47_fu_6734_p2           |      lshr|   0|  0|  2171|         512|         512|
    |lshr_ln116_48_fu_6742_p2           |      lshr|   0|  0|  2171|         512|         512|
    |lshr_ln116_49_fu_6750_p2           |      lshr|   0|  0|  2171|         512|         512|
    |lshr_ln116_4_fu_6390_p2            |      lshr|   0|  0|  2171|         512|         512|
    |lshr_ln116_50_fu_6758_p2           |      lshr|   0|  0|  2171|         512|         512|
    |lshr_ln116_51_fu_6766_p2           |      lshr|   0|  0|  2171|         512|         512|
    |lshr_ln116_52_fu_6774_p2           |      lshr|   0|  0|  2171|         512|         512|
    |lshr_ln116_53_fu_6782_p2           |      lshr|   0|  0|  2171|         512|         512|
    |lshr_ln116_54_fu_6790_p2           |      lshr|   0|  0|  2171|         512|         512|
    |lshr_ln116_55_fu_6798_p2           |      lshr|   0|  0|  2171|         512|         512|
    |lshr_ln116_56_fu_6806_p2           |      lshr|   0|  0|  2171|         512|         512|
    |lshr_ln116_57_fu_6814_p2           |      lshr|   0|  0|  2171|         512|         512|
    |lshr_ln116_58_fu_6822_p2           |      lshr|   0|  0|  2171|         512|         512|
    |lshr_ln116_59_fu_6830_p2           |      lshr|   0|  0|  2171|         512|         512|
    |lshr_ln116_5_fu_6398_p2            |      lshr|   0|  0|  2171|         512|         512|
    |lshr_ln116_60_fu_6838_p2           |      lshr|   0|  0|  2171|         512|         512|
    |lshr_ln116_61_fu_6846_p2           |      lshr|   0|  0|  2171|         512|         512|
    |lshr_ln116_62_fu_6854_p2           |      lshr|   0|  0|  2171|         512|         512|
    |lshr_ln116_63_fu_6862_p2           |      lshr|   0|  0|  2171|         512|         512|
    |lshr_ln116_6_fu_6406_p2            |      lshr|   0|  0|  2171|         512|         512|
    |lshr_ln116_7_fu_6414_p2            |      lshr|   0|  0|  2171|         512|         512|
    |lshr_ln116_8_fu_6422_p2            |      lshr|   0|  0|  2171|         512|         512|
    |lshr_ln116_9_fu_6430_p2            |      lshr|   0|  0|  2171|         512|         512|
    |lshr_ln116_fu_6358_p2              |      lshr|   0|  0|  2171|         512|         512|
    |ap_block_state254_on_subcall_done  |        or|   0|  0|     2|           1|           1|
    |or_ln210_10_fu_4546_p2             |        or|   0|  0|    32|          32|           4|
    |or_ln210_11_fu_4580_p2             |        or|   0|  0|    32|          32|           4|
    |or_ln210_12_fu_4614_p2             |        or|   0|  0|    32|          32|           4|
    |or_ln210_13_fu_4648_p2             |        or|   0|  0|    32|          32|           4|
    |or_ln210_14_fu_4682_p2             |        or|   0|  0|    32|          32|           4|
    |or_ln210_15_fu_4716_p2             |        or|   0|  0|    32|          32|           5|
    |or_ln210_16_fu_4750_p2             |        or|   0|  0|    32|          32|           5|
    |or_ln210_17_fu_4784_p2             |        or|   0|  0|    32|          32|           5|
    |or_ln210_18_fu_4818_p2             |        or|   0|  0|    32|          32|           5|
    |or_ln210_19_fu_4852_p2             |        or|   0|  0|    32|          32|           5|
    |or_ln210_1_fu_4240_p2              |        or|   0|  0|    32|          32|           2|
    |or_ln210_20_fu_4886_p2             |        or|   0|  0|    32|          32|           5|
    |or_ln210_21_fu_4920_p2             |        or|   0|  0|    32|          32|           5|
    |or_ln210_22_fu_4954_p2             |        or|   0|  0|    32|          32|           5|
    |or_ln210_23_fu_4988_p2             |        or|   0|  0|    32|          32|           5|
    |or_ln210_24_fu_5022_p2             |        or|   0|  0|    32|          32|           5|
    |or_ln210_25_fu_5056_p2             |        or|   0|  0|    32|          32|           5|
    |or_ln210_26_fu_5090_p2             |        or|   0|  0|    32|          32|           5|
    |or_ln210_27_fu_5124_p2             |        or|   0|  0|    32|          32|           5|
    |or_ln210_28_fu_5158_p2             |        or|   0|  0|    32|          32|           5|
    |or_ln210_29_fu_5192_p2             |        or|   0|  0|    32|          32|           5|
    |or_ln210_2_fu_4274_p2              |        or|   0|  0|    32|          32|           2|
    |or_ln210_30_fu_5226_p2             |        or|   0|  0|    32|          32|           5|
    |or_ln210_31_fu_5260_p2             |        or|   0|  0|    32|          32|           6|
    |or_ln210_32_fu_5294_p2             |        or|   0|  0|    32|          32|           6|
    |or_ln210_33_fu_5328_p2             |        or|   0|  0|    32|          32|           6|
    |or_ln210_34_fu_5362_p2             |        or|   0|  0|    32|          32|           6|
    |or_ln210_35_fu_5396_p2             |        or|   0|  0|    32|          32|           6|
    |or_ln210_36_fu_5430_p2             |        or|   0|  0|    32|          32|           6|
    |or_ln210_37_fu_5464_p2             |        or|   0|  0|    32|          32|           6|
    |or_ln210_38_fu_5498_p2             |        or|   0|  0|    32|          32|           6|
    |or_ln210_39_fu_5532_p2             |        or|   0|  0|    32|          32|           6|
    |or_ln210_3_fu_4308_p2              |        or|   0|  0|    32|          32|           3|
    |or_ln210_40_fu_5566_p2             |        or|   0|  0|    32|          32|           6|
    |or_ln210_41_fu_5600_p2             |        or|   0|  0|    32|          32|           6|
    |or_ln210_42_fu_5634_p2             |        or|   0|  0|    32|          32|           6|
    |or_ln210_43_fu_5668_p2             |        or|   0|  0|    32|          32|           6|
    |or_ln210_44_fu_5702_p2             |        or|   0|  0|    32|          32|           6|
    |or_ln210_45_fu_5736_p2             |        or|   0|  0|    32|          32|           6|
    |or_ln210_46_fu_5770_p2             |        or|   0|  0|    32|          32|           6|
    |or_ln210_47_fu_5804_p2             |        or|   0|  0|    32|          32|           6|
    |or_ln210_48_fu_5838_p2             |        or|   0|  0|    32|          32|           6|
    |or_ln210_49_fu_5872_p2             |        or|   0|  0|    32|          32|           6|
    |or_ln210_4_fu_4342_p2              |        or|   0|  0|    32|          32|           3|
    |or_ln210_50_fu_5906_p2             |        or|   0|  0|    32|          32|           6|
    |or_ln210_51_fu_5940_p2             |        or|   0|  0|    32|          32|           6|
    |or_ln210_52_fu_5974_p2             |        or|   0|  0|    32|          32|           6|
    |or_ln210_53_fu_6008_p2             |        or|   0|  0|    32|          32|           6|
    |or_ln210_54_fu_6042_p2             |        or|   0|  0|    32|          32|           6|
    |or_ln210_55_fu_6076_p2             |        or|   0|  0|    32|          32|           6|
    |or_ln210_56_fu_6110_p2             |        or|   0|  0|    32|          32|           6|
    |or_ln210_57_fu_6144_p2             |        or|   0|  0|    32|          32|           6|
    |or_ln210_58_fu_6178_p2             |        or|   0|  0|    32|          32|           6|
    |or_ln210_59_fu_6212_p2             |        or|   0|  0|    32|          32|           6|
    |or_ln210_5_fu_4376_p2              |        or|   0|  0|    32|          32|           3|
    |or_ln210_60_fu_6246_p2             |        or|   0|  0|    32|          32|           6|
    |or_ln210_61_fu_6280_p2             |        or|   0|  0|    32|          32|           6|
    |or_ln210_62_fu_6314_p2             |        or|   0|  0|    32|          32|           6|
    |or_ln210_6_fu_4410_p2              |        or|   0|  0|    32|          32|           3|
    |or_ln210_7_fu_4444_p2              |        or|   0|  0|    32|          32|           4|
    |or_ln210_8_fu_4478_p2              |        or|   0|  0|    32|          32|           4|
    |or_ln210_9_fu_4512_p2              |        or|   0|  0|    32|          32|           4|
    |or_ln210_fu_4206_p2                |        or|   0|  0|    32|          32|           1|
    |xor_ln208_fu_3103_p2               |       xor|   0|  0|     7|           6|           7|
    +-----------------------------------+----------+----+---+------+------------+------------+
    |Total                              |          |   0|  0|146415|       39325|       37517|
    +-----------------------------------+----------+----+---+------+------------+------------+

    * Multiplexer: 
    +-------------------------------------------------+------+-----------+-----+-----------+
    |                       Name                      |  LUT | Input Size| Bits| Total Bits|
    +-------------------------------------------------+------+-----------+-----+-----------+
    |ap_NS_fsm                                        |  1741|        329|    1|        329|
    |ap_phi_mux_digest_write_assign_1_phi_fu_2482_p4  |     9|          2|   32|         64|
    |ap_phi_mux_digest_write_assign_2_phi_fu_2473_p4  |     9|          2|   32|         64|
    |ap_phi_mux_digest_write_assign_3_phi_fu_2464_p4  |     9|          2|   32|         64|
    |ap_phi_mux_digest_write_assign_4_phi_fu_2455_p4  |     9|          2|   32|         64|
    |ap_phi_mux_digest_write_assign_5_phi_fu_2446_p4  |     9|          2|   32|         64|
    |ap_phi_mux_digest_write_assign_6_phi_fu_2437_p4  |     9|          2|   32|         64|
    |ap_phi_mux_digest_write_assign_7_phi_fu_2428_p4  |     9|          2|   32|         64|
    |ap_phi_mux_digest_write_assign_phi_fu_2491_p4    |     9|          2|   32|         64|
    |ap_return_0                                      |     9|          2|   32|         64|
    |ap_return_1                                      |     9|          2|   32|         64|
    |ap_return_2                                      |     9|          2|   32|         64|
    |ap_return_3                                      |     9|          2|   32|         64|
    |ap_return_4                                      |     9|          2|   32|         64|
    |ap_return_5                                      |     9|          2|   32|         64|
    |ap_return_6                                      |     9|          2|   32|         64|
    |ap_return_7                                      |     9|          2|   32|         64|
    |b_fu_486                                         |     9|          2|   26|         52|
    |gmem0_blk_n_AR                                   |     9|          2|    1|          2|
    |gmem0_blk_n_R                                    |     9|          2|    1|          2|
    |grp_sha256_compress_block_fu_2497_block_val      |    31|          6|  512|       3072|
    |grp_sha256_compress_block_fu_2497_state_0_read   |    26|          5|   32|        160|
    |grp_sha256_compress_block_fu_2497_state_1_read   |    26|          5|   32|        160|
    |grp_sha256_compress_block_fu_2497_state_2_read   |    26|          5|   32|        160|
    |grp_sha256_compress_block_fu_2497_state_3_read   |    26|          5|   32|        160|
    |grp_sha256_compress_block_fu_2497_state_4_read   |    26|          5|   32|        160|
    |grp_sha256_compress_block_fu_2497_state_5_read   |    26|          5|   32|        160|
    |grp_sha256_compress_block_fu_2497_state_6_read   |    26|          5|   32|        160|
    |grp_sha256_compress_block_fu_2497_state_7_read   |    26|          5|   32|        160|
    |m_axi_gmem0_ARADDR                               |   292|         67|   64|       4288|
    |m_axi_gmem0_ARBURST                              |     9|          2|    2|          4|
    |m_axi_gmem0_ARCACHE                              |     9|          2|    4|          8|
    |m_axi_gmem0_ARID                                 |     9|          2|    1|          2|
    |m_axi_gmem0_ARLEN                                |    20|          4|   32|        128|
    |m_axi_gmem0_ARLOCK                               |     9|          2|    2|          4|
    |m_axi_gmem0_ARPROT                               |     9|          2|    3|          6|
    |m_axi_gmem0_ARQOS                                |     9|          2|    4|          8|
    |m_axi_gmem0_ARREGION                             |     9|          2|    4|          8|
    |m_axi_gmem0_ARSIZE                               |     9|          2|    3|          6|
    |m_axi_gmem0_ARUSER                               |     9|          2|    1|          2|
    |m_axi_gmem0_ARVALID                              |    14|          3|    1|          3|
    |m_axi_gmem0_RREADY                               |    14|          3|    1|          3|
    |pad_block_address0                               |   508|        102|    6|        612|
    |pad_block_address1                               |   485|         97|    6|        582|
    |pad_block_ce0                                    |    37|          7|    1|          7|
    |pad_block_d0                                     |    37|          7|    8|         56|
    |pad_block_we0                                    |    37|          7|    1|          7|
    |reg_2631                                         |     9|          2|    8|         16|
    |reg_2636                                         |     9|          2|    8|         16|
    |state_0_5_fu_490                                 |     9|          2|   32|         64|
    |state_1_5_fu_494                                 |     9|          2|   32|         64|
    |state_2_5_fu_498                                 |     9|          2|   32|         64|
    |state_3_5_fu_502                                 |     9|          2|   32|         64|
    |state_4_5_fu_506                                 |     9|          2|   32|         64|
    |state_5_5_fu_510                                 |     9|          2|   32|         64|
    |state_6_5_fu_514                                 |     9|          2|   32|         64|
    |state_7_5_fu_518                                 |     9|          2|   32|         64|
    +-------------------------------------------------+------+-----------+-----+-----------+
    |Total                                            |  3766|        748| 1725|      12039|
    +-------------------------------------------------+------+-----------+-----+-----------+

    * Register: 
    +---------------------------------------------------------------------------+-----+----+-----+-----------+
    |                                    Name                                   |  FF | LUT| Bits| Const Bits|
    +---------------------------------------------------------------------------+-----+----+-----+-----------+
    |and_ln_reg_9527                                                            |   26|   0|   32|          6|
    |ap_CS_fsm                                                                  |  328|   0|  328|          0|
    |ap_return_0_preg                                                           |   32|   0|   32|          0|
    |ap_return_1_preg                                                           |   32|   0|   32|          0|
    |ap_return_2_preg                                                           |   32|   0|   32|          0|
    |ap_return_3_preg                                                           |   32|   0|   32|          0|
    |ap_return_4_preg                                                           |   32|   0|   32|          0|
    |ap_return_5_preg                                                           |   32|   0|   32|          0|
    |ap_return_6_preg                                                           |   32|   0|   32|          0|
    |ap_return_7_preg                                                           |   32|   0|   32|          0|
    |b_fu_486                                                                   |   26|   0|   26|          0|
    |bit_len_reg_9543                                                           |   32|   0|   35|          3|
    |block_reg_9522                                                             |  512|   0|  512|          0|
    |digest_write_assign_1_reg_2479                                             |   32|   0|   32|          0|
    |digest_write_assign_2_reg_2470                                             |   32|   0|   32|          0|
    |digest_write_assign_3_reg_2461                                             |   32|   0|   32|          0|
    |digest_write_assign_4_reg_2452                                             |   32|   0|   32|          0|
    |digest_write_assign_5_reg_2443                                             |   32|   0|   32|          0|
    |digest_write_assign_6_reg_2434                                             |   32|   0|   32|          0|
    |digest_write_assign_7_reg_2425                                             |   32|   0|   32|          0|
    |digest_write_assign_reg_2488                                               |   32|   0|   32|          0|
    |full_blocks_reg_7511                                                       |   26|   0|   26|          0|
    |gmem0_addr_10_read_reg_8916                                                |  512|   0|  512|          0|
    |gmem0_addr_11_read_reg_8926                                                |  512|   0|  512|          0|
    |gmem0_addr_12_read_reg_8936                                                |  512|   0|  512|          0|
    |gmem0_addr_13_read_reg_8946                                                |  512|   0|  512|          0|
    |gmem0_addr_14_read_reg_8956                                                |  512|   0|  512|          0|
    |gmem0_addr_15_read_reg_8966                                                |  512|   0|  512|          0|
    |gmem0_addr_16_read_reg_8976                                                |  512|   0|  512|          0|
    |gmem0_addr_17_read_reg_8986                                                |  512|   0|  512|          0|
    |gmem0_addr_18_read_reg_8996                                                |  512|   0|  512|          0|
    |gmem0_addr_19_read_reg_9006                                                |  512|   0|  512|          0|
    |gmem0_addr_1_read_reg_8826                                                 |  512|   0|  512|          0|
    |gmem0_addr_20_read_reg_9016                                                |  512|   0|  512|          0|
    |gmem0_addr_21_read_reg_9026                                                |  512|   0|  512|          0|
    |gmem0_addr_22_read_reg_9036                                                |  512|   0|  512|          0|
    |gmem0_addr_23_read_reg_9046                                                |  512|   0|  512|          0|
    |gmem0_addr_24_read_reg_9056                                                |  512|   0|  512|          0|
    |gmem0_addr_25_read_reg_9066                                                |  512|   0|  512|          0|
    |gmem0_addr_26_read_reg_9076                                                |  512|   0|  512|          0|
    |gmem0_addr_27_read_reg_9086                                                |  512|   0|  512|          0|
    |gmem0_addr_28_read_reg_9096                                                |  512|   0|  512|          0|
    |gmem0_addr_29_read_reg_9106                                                |  512|   0|  512|          0|
    |gmem0_addr_2_read_reg_8836                                                 |  512|   0|  512|          0|
    |gmem0_addr_30_read_reg_9116                                                |  512|   0|  512|          0|
    |gmem0_addr_31_read_reg_9126                                                |  512|   0|  512|          0|
    |gmem0_addr_32_read_reg_9136                                                |  512|   0|  512|          0|
    |gmem0_addr_33_read_reg_9146                                                |  512|   0|  512|          0|
    |gmem0_addr_34_read_reg_9156                                                |  512|   0|  512|          0|
    |gmem0_addr_35_read_reg_9166                                                |  512|   0|  512|          0|
    |gmem0_addr_36_read_reg_9176                                                |  512|   0|  512|          0|
    |gmem0_addr_37_read_reg_9186                                                |  512|   0|  512|          0|
    |gmem0_addr_38_read_reg_9196                                                |  512|   0|  512|          0|
    |gmem0_addr_39_read_reg_9206                                                |  512|   0|  512|          0|
    |gmem0_addr_3_read_reg_8846                                                 |  512|   0|  512|          0|
    |gmem0_addr_40_read_reg_9216                                                |  512|   0|  512|          0|
    |gmem0_addr_41_read_reg_9226                                                |  512|   0|  512|          0|
    |gmem0_addr_42_read_reg_9236                                                |  512|   0|  512|          0|
    |gmem0_addr_43_read_reg_9246                                                |  512|   0|  512|          0|
    |gmem0_addr_44_read_reg_9256                                                |  512|   0|  512|          0|
    |gmem0_addr_45_read_reg_9266                                                |  512|   0|  512|          0|
    |gmem0_addr_46_read_reg_9276                                                |  512|   0|  512|          0|
    |gmem0_addr_47_read_reg_9286                                                |  512|   0|  512|          0|
    |gmem0_addr_48_read_reg_9296                                                |  512|   0|  512|          0|
    |gmem0_addr_49_read_reg_9306                                                |  512|   0|  512|          0|
    |gmem0_addr_4_read_reg_8856                                                 |  512|   0|  512|          0|
    |gmem0_addr_50_read_reg_9316                                                |  512|   0|  512|          0|
    |gmem0_addr_51_read_reg_9326                                                |  512|   0|  512|          0|
    |gmem0_addr_52_read_reg_9336                                                |  512|   0|  512|          0|
    |gmem0_addr_53_read_reg_9346                                                |  512|   0|  512|          0|
    |gmem0_addr_54_read_reg_9356                                                |  512|   0|  512|          0|
    |gmem0_addr_55_read_reg_9366                                                |  512|   0|  512|          0|
    |gmem0_addr_56_read_reg_9376                                                |  512|   0|  512|          0|
    |gmem0_addr_57_read_reg_9386                                                |  512|   0|  512|          0|
    |gmem0_addr_58_read_reg_9396                                                |  512|   0|  512|          0|
    |gmem0_addr_59_read_reg_9406                                                |  512|   0|  512|          0|
    |gmem0_addr_5_read_reg_8866                                                 |  512|   0|  512|          0|
    |gmem0_addr_60_read_reg_9416                                                |  512|   0|  512|          0|
    |gmem0_addr_61_read_reg_9426                                                |  512|   0|  512|          0|
    |gmem0_addr_62_read_reg_9436                                                |  512|   0|  512|          0|
    |gmem0_addr_63_read_reg_9446                                                |  512|   0|  512|          0|
    |gmem0_addr_64_read_reg_9456                                                |  512|   0|  512|          0|
    |gmem0_addr_6_read_reg_8876                                                 |  512|   0|  512|          0|
    |gmem0_addr_7_read_reg_8886                                                 |  512|   0|  512|          0|
    |gmem0_addr_8_read_reg_8896                                                 |  512|   0|  512|          0|
    |gmem0_addr_9_read_reg_8906                                                 |  512|   0|  512|          0|
    |grp_sha256_compress_block_fu_2497_ap_start_reg                             |    1|   0|    1|          0|
    |grp_sha256_process_chunk_Pipeline_clear_pad_block_fu_2520_ap_start_reg     |    1|   0|    1|          0|
    |grp_sha256_process_chunk_Pipeline_clear_second_block_fu_2536_ap_start_reg  |    1|   0|    1|          0|
    |grp_sha256_process_chunk_Pipeline_copy_remainder_fu_2525_ap_start_reg      |    1|   0|    1|          0|
    |grp_sha256_process_chunk_Pipeline_len_store_double_fu_2541_ap_start_reg    |    1|   0|    1|          0|
    |grp_sha256_process_chunk_Pipeline_len_store_single_fu_2547_ap_start_reg    |    1|   0|    1|          0|
    |icmp_ln234_reg_9549                                                        |    1|   0|    1|          0|
    |packed_4_reg_10234                                                         |  512|   0|  512|          0|
    |packed_5_reg_9869                                                          |  512|   0|  512|          0|
    |packed_6_reg_9914                                                          |  512|   0|  512|          0|
    |packed_reg_9466                                                            |  512|   0|  512|          0|
    |reg_2631                                                                   |    8|   0|    8|          0|
    |reg_2636                                                                   |    8|   0|    8|          0|
    |reg_2641                                                                   |    8|   0|    8|          0|
    |reg_2645                                                                   |    8|   0|    8|          0|
    |reg_2649                                                                   |    8|   0|    8|          0|
    |reg_2653                                                                   |    8|   0|    8|          0|
    |reg_2657                                                                   |    8|   0|    8|          0|
    |reg_2661                                                                   |    8|   0|    8|          0|
    |reg_2665                                                                   |    8|   0|    8|          0|
    |reg_2669                                                                   |    8|   0|    8|          0|
    |reg_2673                                                                   |    8|   0|    8|          0|
    |reg_2677                                                                   |    8|   0|    8|          0|
    |reg_2681                                                                   |    8|   0|    8|          0|
    |reg_2685                                                                   |    8|   0|    8|          0|
    |reg_2689                                                                   |    8|   0|    8|          0|
    |reg_2693                                                                   |    8|   0|    8|          0|
    |reg_2697                                                                   |    8|   0|    8|          0|
    |reg_2701                                                                   |    8|   0|    8|          0|
    |reg_2705                                                                   |    8|   0|    8|          0|
    |reg_2709                                                                   |    8|   0|    8|          0|
    |reg_2713                                                                   |    8|   0|    8|          0|
    |reg_2717                                                                   |    8|   0|    8|          0|
    |reg_2721                                                                   |    8|   0|    8|          0|
    |reg_2725                                                                   |    8|   0|    8|          0|
    |reg_2729                                                                   |    8|   0|    8|          0|
    |reg_2733                                                                   |    8|   0|    8|          0|
    |reg_2737                                                                   |    8|   0|    8|          0|
    |reg_2741                                                                   |    8|   0|    8|          0|
    |reg_2745                                                                   |    8|   0|    8|          0|
    |reg_2749                                                                   |    8|   0|    8|          0|
    |reg_2753                                                                   |    8|   0|    8|          0|
    |reg_2757                                                                   |    8|   0|    8|          0|
    |reg_2761                                                                   |    8|   0|    8|          0|
    |reg_2765                                                                   |    8|   0|    8|          0|
    |reg_2769                                                                   |    8|   0|    8|          0|
    |reg_2773                                                                   |    8|   0|    8|          0|
    |reg_2777                                                                   |    8|   0|    8|          0|
    |reg_2781                                                                   |    8|   0|    8|          0|
    |reg_2785                                                                   |    8|   0|    8|          0|
    |reg_2789                                                                   |    8|   0|    8|          0|
    |reg_2793                                                                   |    8|   0|    8|          0|
    |reg_2797                                                                   |    8|   0|    8|          0|
    |reg_2801                                                                   |    8|   0|    8|          0|
    |reg_2805                                                                   |    8|   0|    8|          0|
    |reg_2809                                                                   |    8|   0|    8|          0|
    |reg_2813                                                                   |    8|   0|    8|          0|
    |reg_2817                                                                   |    8|   0|    8|          0|
    |reg_2821                                                                   |    8|   0|    8|          0|
    |reg_2825                                                                   |    8|   0|    8|          0|
    |reg_2829                                                                   |    8|   0|    8|          0|
    |reg_2833                                                                   |    8|   0|    8|          0|
    |reg_2837                                                                   |    8|   0|    8|          0|
    |reg_2841                                                                   |    8|   0|    8|          0|
    |reg_2845                                                                   |    8|   0|    8|          0|
    |reg_2849                                                                   |    8|   0|    8|          0|
    |reg_2853                                                                   |    8|   0|    8|          0|
    |reg_2857                                                                   |    8|   0|    8|          0|
    |reg_2861                                                                   |    8|   0|    8|          0|
    |reg_2865                                                                   |    8|   0|    8|          0|
    |reg_2869                                                                   |    8|   0|    8|          0|
    |reg_2873                                                                   |    8|   0|    8|          0|
    |reg_2877                                                                   |    8|   0|    8|          0|
    |reg_2881                                                                   |    8|   0|    8|          0|
    |reg_2885                                                                   |    8|   0|    8|          0|
    |rem_reg_7504                                                               |    6|   0|    6|          0|
    |shl_ln1_reg_8055                                                           |   26|   0|   32|          6|
    |state_0_2_43_reg_9874                                                      |   32|   0|   32|          0|
    |state_0_2_reg_2415                                                         |   32|   0|   32|          0|
    |state_0_5_fu_490                                                           |   32|   0|   32|          0|
    |state_0_5_load_1_reg_8004                                                  |   32|   0|   32|          0|
    |state_0_5_load_reg_9471                                                    |   32|   0|   32|          0|
    |state_1_2_44_reg_9879                                                      |   32|   0|   32|          0|
    |state_1_2_reg_2405                                                         |   32|   0|   32|          0|
    |state_1_5_fu_494                                                           |   32|   0|   32|          0|
    |state_1_5_load_1_reg_8010                                                  |   32|   0|   32|          0|
    |state_1_5_load_reg_9477                                                    |   32|   0|   32|          0|
    |state_2_2_45_reg_9884                                                      |   32|   0|   32|          0|
    |state_2_2_reg_2395                                                         |   32|   0|   32|          0|
    |state_2_5_fu_498                                                           |   32|   0|   32|          0|
    |state_2_5_load_1_reg_8016                                                  |   32|   0|   32|          0|
    |state_2_5_load_reg_9483                                                    |   32|   0|   32|          0|
    |state_3_2_46_reg_9889                                                      |   32|   0|   32|          0|
    |state_3_2_reg_2385                                                         |   32|   0|   32|          0|
    |state_3_5_fu_502                                                           |   32|   0|   32|          0|
    |state_3_5_load_1_reg_8022                                                  |   32|   0|   32|          0|
    |state_3_5_load_reg_9489                                                    |   32|   0|   32|          0|
    |state_4_2_47_reg_9894                                                      |   32|   0|   32|          0|
    |state_4_2_reg_2375                                                         |   32|   0|   32|          0|
    |state_4_5_fu_506                                                           |   32|   0|   32|          0|
    |state_4_5_load_1_reg_8028                                                  |   32|   0|   32|          0|
    |state_4_5_load_reg_9495                                                    |   32|   0|   32|          0|
    |state_5_2_48_reg_9899                                                      |   32|   0|   32|          0|
    |state_5_2_reg_2365                                                         |   32|   0|   32|          0|
    |state_5_5_fu_510                                                           |   32|   0|   32|          0|
    |state_5_5_load_1_reg_8034                                                  |   32|   0|   32|          0|
    |state_5_5_load_reg_9501                                                    |   32|   0|   32|          0|
    |state_6_2_49_reg_9904                                                      |   32|   0|   32|          0|
    |state_6_2_reg_2355                                                         |   32|   0|   32|          0|
    |state_6_5_fu_514                                                           |   32|   0|   32|          0|
    |state_6_5_load_1_reg_8040                                                  |   32|   0|   32|          0|
    |state_6_5_load_reg_9507                                                    |   32|   0|   32|          0|
    |state_7_2_50_reg_9909                                                      |   32|   0|   32|          0|
    |state_7_2_reg_2345                                                         |   32|   0|   32|          0|
    |state_7_5_fu_518                                                           |   32|   0|   32|          0|
    |state_7_5_load_1_reg_8046                                                  |   32|   0|   32|          0|
    |state_7_5_load_reg_9513                                                    |   32|   0|   32|          0|
    |trunc_ln116_100_reg_9331                                                   |    8|   0|    8|          0|
    |trunc_ln116_101_reg_8683                                                   |   58|   0|   58|          0|
    |trunc_ln116_102_reg_9341                                                   |    8|   0|    8|          0|
    |trunc_ln116_103_reg_8694                                                   |   58|   0|   58|          0|
    |trunc_ln116_104_reg_9351                                                   |    8|   0|    8|          0|
    |trunc_ln116_105_reg_8705                                                   |   58|   0|   58|          0|
    |trunc_ln116_106_reg_9361                                                   |    8|   0|    8|          0|
    |trunc_ln116_107_reg_8716                                                   |   58|   0|   58|          0|
    |trunc_ln116_108_reg_9371                                                   |    8|   0|    8|          0|
    |trunc_ln116_109_reg_8727                                                   |   58|   0|   58|          0|
    |trunc_ln116_10_reg_8881                                                    |    8|   0|    8|          0|
    |trunc_ln116_110_reg_9381                                                   |    8|   0|    8|          0|
    |trunc_ln116_111_reg_8738                                                   |   58|   0|   58|          0|
    |trunc_ln116_112_reg_9391                                                   |    8|   0|    8|          0|
    |trunc_ln116_113_reg_8749                                                   |   58|   0|   58|          0|
    |trunc_ln116_114_reg_9401                                                   |    8|   0|    8|          0|
    |trunc_ln116_115_reg_8760                                                   |   58|   0|   58|          0|
    |trunc_ln116_116_reg_9411                                                   |    8|   0|    8|          0|
    |trunc_ln116_117_reg_8771                                                   |   58|   0|   58|          0|
    |trunc_ln116_118_reg_9421                                                   |    8|   0|    8|          0|
    |trunc_ln116_119_reg_8782                                                   |   58|   0|   58|          0|
    |trunc_ln116_11_reg_8188                                                    |   58|   0|   58|          0|
    |trunc_ln116_120_reg_9431                                                   |    8|   0|    8|          0|
    |trunc_ln116_121_reg_8793                                                   |   58|   0|   58|          0|
    |trunc_ln116_122_reg_9441                                                   |    8|   0|    8|          0|
    |trunc_ln116_123_reg_8804                                                   |   58|   0|   58|          0|
    |trunc_ln116_124_reg_9451                                                   |    8|   0|    8|          0|
    |trunc_ln116_125_reg_8815                                                   |   58|   0|   58|          0|
    |trunc_ln116_126_reg_9461                                                   |    8|   0|    8|          0|
    |trunc_ln116_12_reg_8891                                                    |    8|   0|    8|          0|
    |trunc_ln116_13_reg_8199                                                    |   58|   0|   58|          0|
    |trunc_ln116_14_reg_8901                                                    |    8|   0|    8|          0|
    |trunc_ln116_15_reg_8210                                                    |   58|   0|   58|          0|
    |trunc_ln116_16_reg_8911                                                    |    8|   0|    8|          0|
    |trunc_ln116_17_reg_8221                                                    |   58|   0|   58|          0|
    |trunc_ln116_18_reg_8921                                                    |    8|   0|    8|          0|
    |trunc_ln116_19_reg_8232                                                    |   58|   0|   58|          0|
    |trunc_ln116_1_reg_8133                                                     |   58|   0|   58|          0|
    |trunc_ln116_20_reg_8931                                                    |    8|   0|    8|          0|
    |trunc_ln116_21_reg_8243                                                    |   58|   0|   58|          0|
    |trunc_ln116_22_reg_8941                                                    |    8|   0|    8|          0|
    |trunc_ln116_23_reg_8254                                                    |   58|   0|   58|          0|
    |trunc_ln116_24_reg_8951                                                    |    8|   0|    8|          0|
    |trunc_ln116_25_reg_8265                                                    |   58|   0|   58|          0|
    |trunc_ln116_26_reg_8961                                                    |    8|   0|    8|          0|
    |trunc_ln116_27_reg_8276                                                    |   58|   0|   58|          0|
    |trunc_ln116_28_reg_8971                                                    |    8|   0|    8|          0|
    |trunc_ln116_29_reg_8287                                                    |   58|   0|   58|          0|
    |trunc_ln116_2_reg_8841                                                     |    8|   0|    8|          0|
    |trunc_ln116_30_reg_8981                                                    |    8|   0|    8|          0|
    |trunc_ln116_31_reg_8298                                                    |   58|   0|   58|          0|
    |trunc_ln116_32_reg_8991                                                    |    8|   0|    8|          0|
    |trunc_ln116_33_reg_8309                                                    |   58|   0|   58|          0|
    |trunc_ln116_34_reg_9001                                                    |    8|   0|    8|          0|
    |trunc_ln116_35_reg_8320                                                    |   58|   0|   58|          0|
    |trunc_ln116_36_reg_9011                                                    |    8|   0|    8|          0|
    |trunc_ln116_37_reg_8331                                                    |   58|   0|   58|          0|
    |trunc_ln116_38_reg_9021                                                    |    8|   0|    8|          0|
    |trunc_ln116_39_reg_8342                                                    |   58|   0|   58|          0|
    |trunc_ln116_3_reg_8144                                                     |   58|   0|   58|          0|
    |trunc_ln116_40_reg_9031                                                    |    8|   0|    8|          0|
    |trunc_ln116_41_reg_8353                                                    |   58|   0|   58|          0|
    |trunc_ln116_42_reg_9041                                                    |    8|   0|    8|          0|
    |trunc_ln116_43_reg_8364                                                    |   58|   0|   58|          0|
    |trunc_ln116_44_reg_9051                                                    |    8|   0|    8|          0|
    |trunc_ln116_45_reg_8375                                                    |   58|   0|   58|          0|
    |trunc_ln116_46_reg_9061                                                    |    8|   0|    8|          0|
    |trunc_ln116_47_reg_8386                                                    |   58|   0|   58|          0|
    |trunc_ln116_48_reg_9071                                                    |    8|   0|    8|          0|
    |trunc_ln116_49_reg_8397                                                    |   58|   0|   58|          0|
    |trunc_ln116_4_reg_8851                                                     |    8|   0|    8|          0|
    |trunc_ln116_50_reg_9081                                                    |    8|   0|    8|          0|
    |trunc_ln116_51_reg_8408                                                    |   58|   0|   58|          0|
    |trunc_ln116_52_reg_9091                                                    |    8|   0|    8|          0|
    |trunc_ln116_53_reg_8419                                                    |   58|   0|   58|          0|
    |trunc_ln116_54_reg_9101                                                    |    8|   0|    8|          0|
    |trunc_ln116_55_reg_8430                                                    |   58|   0|   58|          0|
    |trunc_ln116_56_reg_9111                                                    |    8|   0|    8|          0|
    |trunc_ln116_57_reg_8441                                                    |   58|   0|   58|          0|
    |trunc_ln116_58_reg_9121                                                    |    8|   0|    8|          0|
    |trunc_ln116_59_reg_8452                                                    |   58|   0|   58|          0|
    |trunc_ln116_5_reg_8155                                                     |   58|   0|   58|          0|
    |trunc_ln116_60_reg_9131                                                    |    8|   0|    8|          0|
    |trunc_ln116_61_reg_8463                                                    |   58|   0|   58|          0|
    |trunc_ln116_62_reg_9141                                                    |    8|   0|    8|          0|
    |trunc_ln116_63_reg_8474                                                    |   58|   0|   58|          0|
    |trunc_ln116_64_reg_9151                                                    |    8|   0|    8|          0|
    |trunc_ln116_65_reg_8485                                                    |   58|   0|   58|          0|
    |trunc_ln116_66_reg_9161                                                    |    8|   0|    8|          0|
    |trunc_ln116_67_reg_8496                                                    |   58|   0|   58|          0|
    |trunc_ln116_68_reg_9171                                                    |    8|   0|    8|          0|
    |trunc_ln116_69_reg_8507                                                    |   58|   0|   58|          0|
    |trunc_ln116_6_reg_8861                                                     |    8|   0|    8|          0|
    |trunc_ln116_70_reg_9181                                                    |    8|   0|    8|          0|
    |trunc_ln116_71_reg_8518                                                    |   58|   0|   58|          0|
    |trunc_ln116_72_reg_9191                                                    |    8|   0|    8|          0|
    |trunc_ln116_73_reg_8529                                                    |   58|   0|   58|          0|
    |trunc_ln116_74_reg_9201                                                    |    8|   0|    8|          0|
    |trunc_ln116_75_reg_8540                                                    |   58|   0|   58|          0|
    |trunc_ln116_76_reg_9211                                                    |    8|   0|    8|          0|
    |trunc_ln116_77_reg_8551                                                    |   58|   0|   58|          0|
    |trunc_ln116_78_reg_9221                                                    |    8|   0|    8|          0|
    |trunc_ln116_79_reg_8562                                                    |   58|   0|   58|          0|
    |trunc_ln116_7_reg_8166                                                     |   58|   0|   58|          0|
    |trunc_ln116_80_reg_9231                                                    |    8|   0|    8|          0|
    |trunc_ln116_81_reg_8573                                                    |   58|   0|   58|          0|
    |trunc_ln116_82_reg_9241                                                    |    8|   0|    8|          0|
    |trunc_ln116_83_reg_8584                                                    |   58|   0|   58|          0|
    |trunc_ln116_84_reg_9251                                                    |    8|   0|    8|          0|
    |trunc_ln116_85_reg_8595                                                    |   58|   0|   58|          0|
    |trunc_ln116_86_reg_9261                                                    |    8|   0|    8|          0|
    |trunc_ln116_87_reg_8606                                                    |   58|   0|   58|          0|
    |trunc_ln116_88_reg_9271                                                    |    8|   0|    8|          0|
    |trunc_ln116_89_reg_8617                                                    |   58|   0|   58|          0|
    |trunc_ln116_8_reg_8871                                                     |    8|   0|    8|          0|
    |trunc_ln116_90_reg_9281                                                    |    8|   0|    8|          0|
    |trunc_ln116_91_reg_8628                                                    |   58|   0|   58|          0|
    |trunc_ln116_92_reg_9291                                                    |    8|   0|    8|          0|
    |trunc_ln116_93_reg_8639                                                    |   58|   0|   58|          0|
    |trunc_ln116_94_reg_9301                                                    |    8|   0|    8|          0|
    |trunc_ln116_95_reg_8650                                                    |   58|   0|   58|          0|
    |trunc_ln116_96_reg_9311                                                    |    8|   0|    8|          0|
    |trunc_ln116_97_reg_8661                                                    |   58|   0|   58|          0|
    |trunc_ln116_98_reg_9321                                                    |    8|   0|    8|          0|
    |trunc_ln116_99_reg_8672                                                    |   58|   0|   58|          0|
    |trunc_ln116_9_reg_8177                                                     |   58|   0|   58|          0|
    |trunc_ln116_reg_8831                                                       |    8|   0|    8|          0|
    |trunc_ln116_s_reg_8122                                                     |   58|   0|   58|          0|
    |trunc_ln225_reg_9532                                                       |    6|   0|    6|          0|
    |vector_blocks_reg_7518                                                     |    1|   0|    1|          0|
    |zext_ln116_10_reg_7728                                                     |    6|   0|  512|        506|
    |zext_ln116_11_reg_7733                                                     |    6|   0|  512|        506|
    |zext_ln116_12_reg_7738                                                     |    6|   0|  512|        506|
    |zext_ln116_13_reg_7743                                                     |    6|   0|  512|        506|
    |zext_ln116_14_reg_7748                                                     |    6|   0|  512|        506|
    |zext_ln116_15_reg_7753                                                     |    6|   0|  512|        506|
    |zext_ln116_16_reg_7758                                                     |    6|   0|  512|        506|
    |zext_ln116_17_reg_7763                                                     |    6|   0|  512|        506|
    |zext_ln116_18_reg_7768                                                     |    6|   0|  512|        506|
    |zext_ln116_19_reg_7773                                                     |    6|   0|  512|        506|
    |zext_ln116_1_reg_7683                                                      |    6|   0|  512|        506|
    |zext_ln116_20_reg_7778                                                     |    6|   0|  512|        506|
    |zext_ln116_21_reg_7783                                                     |    6|   0|  512|        506|
    |zext_ln116_22_reg_7788                                                     |    6|   0|  512|        506|
    |zext_ln116_23_reg_7793                                                     |    6|   0|  512|        506|
    |zext_ln116_24_reg_7798                                                     |    6|   0|  512|        506|
    |zext_ln116_25_reg_7803                                                     |    6|   0|  512|        506|
    |zext_ln116_26_reg_7808                                                     |    6|   0|  512|        506|
    |zext_ln116_27_reg_7813                                                     |    6|   0|  512|        506|
    |zext_ln116_28_reg_7818                                                     |    6|   0|  512|        506|
    |zext_ln116_29_reg_7823                                                     |    6|   0|  512|        506|
    |zext_ln116_2_reg_7688                                                      |    6|   0|  512|        506|
    |zext_ln116_30_reg_7828                                                     |    6|   0|  512|        506|
    |zext_ln116_31_reg_7833                                                     |    6|   0|  512|        506|
    |zext_ln116_32_reg_7838                                                     |    6|   0|  512|        506|
    |zext_ln116_33_reg_7843                                                     |    6|   0|  512|        506|
    |zext_ln116_34_reg_7848                                                     |    6|   0|  512|        506|
    |zext_ln116_35_reg_7853                                                     |    6|   0|  512|        506|
    |zext_ln116_36_reg_7858                                                     |    6|   0|  512|        506|
    |zext_ln116_37_reg_7863                                                     |    6|   0|  512|        506|
    |zext_ln116_38_reg_7868                                                     |    6|   0|  512|        506|
    |zext_ln116_39_reg_7873                                                     |    6|   0|  512|        506|
    |zext_ln116_3_reg_7693                                                      |    6|   0|  512|        506|
    |zext_ln116_40_reg_7878                                                     |    6|   0|  512|        506|
    |zext_ln116_41_reg_7883                                                     |    6|   0|  512|        506|
    |zext_ln116_42_reg_7888                                                     |    6|   0|  512|        506|
    |zext_ln116_43_reg_7893                                                     |    6|   0|  512|        506|
    |zext_ln116_44_reg_7898                                                     |    6|   0|  512|        506|
    |zext_ln116_45_reg_7903                                                     |    6|   0|  512|        506|
    |zext_ln116_46_reg_7908                                                     |    6|   0|  512|        506|
    |zext_ln116_47_reg_7913                                                     |    6|   0|  512|        506|
    |zext_ln116_48_reg_7918                                                     |    6|   0|  512|        506|
    |zext_ln116_49_reg_7923                                                     |    6|   0|  512|        506|
    |zext_ln116_4_reg_7698                                                      |    6|   0|  512|        506|
    |zext_ln116_50_reg_7928                                                     |    6|   0|  512|        506|
    |zext_ln116_51_reg_7933                                                     |    6|   0|  512|        506|
    |zext_ln116_52_reg_7938                                                     |    6|   0|  512|        506|
    |zext_ln116_53_reg_7943                                                     |    6|   0|  512|        506|
    |zext_ln116_54_reg_7948                                                     |    6|   0|  512|        506|
    |zext_ln116_55_reg_7953                                                     |    6|   0|  512|        506|
    |zext_ln116_56_reg_7958                                                     |    6|   0|  512|        506|
    |zext_ln116_57_reg_7963                                                     |    6|   0|  512|        506|
    |zext_ln116_58_reg_7968                                                     |    6|   0|  512|        506|
    |zext_ln116_59_reg_7973                                                     |    6|   0|  512|        506|
    |zext_ln116_5_reg_7703                                                      |    6|   0|  512|        506|
    |zext_ln116_60_reg_7978                                                     |    6|   0|  512|        506|
    |zext_ln116_61_reg_7983                                                     |    6|   0|  512|        506|
    |zext_ln116_62_reg_7988                                                     |    6|   0|  512|        506|
    |zext_ln116_6_reg_7708                                                      |    6|   0|  512|        506|
    |zext_ln116_7_reg_7713                                                      |    6|   0|  512|        506|
    |zext_ln116_8_reg_7718                                                      |    6|   0|  512|        506|
    |zext_ln116_9_reg_7723                                                      |    6|   0|  512|        506|
    |zext_ln116_reg_7678                                                        |    6|   0|  512|        506|
    |zext_ln208_reg_7993                                                        |    6|   0|  512|        506|
    +---------------------------------------------------------------------------+-----+----+-----+-----------+
    |Total                                                                      |42724|   0|75123|      32399|
    +---------------------------------------------------------------------------+-----+----+-----+-----------+



================================================================
== Interface
================================================================
* Summary: 
+----------------------+-----+-----+------------+----------------------+--------------+
|       RTL Ports      | Dir | Bits|  Protocol  |     Source Object    |    C Type    |
+----------------------+-----+-----+------------+----------------------+--------------+
|ap_clk                |   in|    1|  ap_ctrl_hs|  sha256_process_chunk|  return value|
|ap_rst                |   in|    1|  ap_ctrl_hs|  sha256_process_chunk|  return value|
|ap_start              |   in|    1|  ap_ctrl_hs|  sha256_process_chunk|  return value|
|ap_done               |  out|    1|  ap_ctrl_hs|  sha256_process_chunk|  return value|
|ap_idle               |  out|    1|  ap_ctrl_hs|  sha256_process_chunk|  return value|
|ap_ready              |  out|    1|  ap_ctrl_hs|  sha256_process_chunk|  return value|
|ap_return_0           |  out|   32|  ap_ctrl_hs|  sha256_process_chunk|  return value|
|ap_return_1           |  out|   32|  ap_ctrl_hs|  sha256_process_chunk|  return value|
|ap_return_2           |  out|   32|  ap_ctrl_hs|  sha256_process_chunk|  return value|
|ap_return_3           |  out|   32|  ap_ctrl_hs|  sha256_process_chunk|  return value|
|ap_return_4           |  out|   32|  ap_ctrl_hs|  sha256_process_chunk|  return value|
|ap_return_5           |  out|   32|  ap_ctrl_hs|  sha256_process_chunk|  return value|
|ap_return_6           |  out|   32|  ap_ctrl_hs|  sha256_process_chunk|  return value|
|ap_return_7           |  out|   32|  ap_ctrl_hs|  sha256_process_chunk|  return value|
|m_axi_gmem0_AWVALID   |  out|    1|       m_axi|                 gmem0|       pointer|
|m_axi_gmem0_AWREADY   |   in|    1|       m_axi|                 gmem0|       pointer|
|m_axi_gmem0_AWADDR    |  out|   64|       m_axi|                 gmem0|       pointer|
|m_axi_gmem0_AWID      |  out|    1|       m_axi|                 gmem0|       pointer|
|m_axi_gmem0_AWLEN     |  out|   32|       m_axi|                 gmem0|       pointer|
|m_axi_gmem0_AWSIZE    |  out|    3|       m_axi|                 gmem0|       pointer|
|m_axi_gmem0_AWBURST   |  out|    2|       m_axi|                 gmem0|       pointer|
|m_axi_gmem0_AWLOCK    |  out|    2|       m_axi|                 gmem0|       pointer|
|m_axi_gmem0_AWCACHE   |  out|    4|       m_axi|                 gmem0|       pointer|
|m_axi_gmem0_AWPROT    |  out|    3|       m_axi|                 gmem0|       pointer|
|m_axi_gmem0_AWQOS     |  out|    4|       m_axi|                 gmem0|       pointer|
|m_axi_gmem0_AWREGION  |  out|    4|       m_axi|                 gmem0|       pointer|
|m_axi_gmem0_AWUSER    |  out|    1|       m_axi|                 gmem0|       pointer|
|m_axi_gmem0_WVALID    |  out|    1|       m_axi|                 gmem0|       pointer|
|m_axi_gmem0_WREADY    |   in|    1|       m_axi|                 gmem0|       pointer|
|m_axi_gmem0_WDATA     |  out|  512|       m_axi|                 gmem0|       pointer|
|m_axi_gmem0_WSTRB     |  out|   64|       m_axi|                 gmem0|       pointer|
|m_axi_gmem0_WLAST     |  out|    1|       m_axi|                 gmem0|       pointer|
|m_axi_gmem0_WID       |  out|    1|       m_axi|                 gmem0|       pointer|
|m_axi_gmem0_WUSER     |  out|    1|       m_axi|                 gmem0|       pointer|
|m_axi_gmem0_ARVALID   |  out|    1|       m_axi|                 gmem0|       pointer|
|m_axi_gmem0_ARREADY   |   in|    1|       m_axi|                 gmem0|       pointer|
|m_axi_gmem0_ARADDR    |  out|   64|       m_axi|                 gmem0|       pointer|
|m_axi_gmem0_ARID      |  out|    1|       m_axi|                 gmem0|       pointer|
|m_axi_gmem0_ARLEN     |  out|   32|       m_axi|                 gmem0|       pointer|
|m_axi_gmem0_ARSIZE    |  out|    3|       m_axi|                 gmem0|       pointer|
|m_axi_gmem0_ARBURST   |  out|    2|       m_axi|                 gmem0|       pointer|
|m_axi_gmem0_ARLOCK    |  out|    2|       m_axi|                 gmem0|       pointer|
|m_axi_gmem0_ARCACHE   |  out|    4|       m_axi|                 gmem0|       pointer|
|m_axi_gmem0_ARPROT    |  out|    3|       m_axi|                 gmem0|       pointer|
|m_axi_gmem0_ARQOS     |  out|    4|       m_axi|                 gmem0|       pointer|
|m_axi_gmem0_ARREGION  |  out|    4|       m_axi|                 gmem0|       pointer|
|m_axi_gmem0_ARUSER    |  out|    1|       m_axi|                 gmem0|       pointer|
|m_axi_gmem0_RVALID    |   in|    1|       m_axi|                 gmem0|       pointer|
|m_axi_gmem0_RREADY    |  out|    1|       m_axi|                 gmem0|       pointer|
|m_axi_gmem0_RDATA     |   in|  512|       m_axi|                 gmem0|       pointer|
|m_axi_gmem0_RLAST     |   in|    1|       m_axi|                 gmem0|       pointer|
|m_axi_gmem0_RID       |   in|    1|       m_axi|                 gmem0|       pointer|
|m_axi_gmem0_RFIFONUM  |   in|    9|       m_axi|                 gmem0|       pointer|
|m_axi_gmem0_RUSER     |   in|    1|       m_axi|                 gmem0|       pointer|
|m_axi_gmem0_RRESP     |   in|    2|       m_axi|                 gmem0|       pointer|
|m_axi_gmem0_BVALID    |   in|    1|       m_axi|                 gmem0|       pointer|
|m_axi_gmem0_BREADY    |  out|    1|       m_axi|                 gmem0|       pointer|
|m_axi_gmem0_BRESP     |   in|    2|       m_axi|                 gmem0|       pointer|
|m_axi_gmem0_BID       |   in|    1|       m_axi|                 gmem0|       pointer|
|m_axi_gmem0_BUSER     |   in|    1|       m_axi|                 gmem0|       pointer|
|chunk                 |   in|   64|     ap_none|                 chunk|        scalar|
|chunk_size            |   in|   32|     ap_none|            chunk_size|        scalar|
+----------------------+-----+-----+------------+----------------------+--------------+

