

================================================================
== Vitis HLS Report for 'sha256_compress_block_Pipeline_round_loop'
================================================================
* Date:           Thu Apr  2 18:19:33 2026

* Version:        2022.1 (Build 3526262 on Mon Apr 18 15:47:01 MDT 2022)
* Project:        calculate_sha256
* Solution:       solution (Vitis Kernel Flow Target)
* Product family: virtexuplus
* Target device:  xcu280-fsvh2892-2L-e


================================================================
== Performance Estimates
================================================================
+ Timing: 
    * Summary: 
    +--------+---------+----------+------------+
    |  Clock |  Target | Estimated| Uncertainty|
    +--------+---------+----------+------------+
    |ap_clk  |  3.33 ns|  2.939 ns|     0.90 ns|
    +--------+---------+----------+------------+

+ Latency: 
    * Summary: 
    +---------+---------+----------+----------+-----+-----+---------+
    |  Latency (cycles) |  Latency (absolute) |  Interval | Pipeline|
    |   min   |   max   |    min   |    max   | min | max |   Type  |
    +---------+---------+----------+----------+-----+-----+---------+
    |       68|       68|  0.227 us|  0.227 us|   68|   68|       no|
    +---------+---------+----------+----------+-----+-----+---------+

    + Detail: 
        * Instance: 
        N/A

        * Loop: 
        +--------------+---------+---------+----------+-----------+-----------+------+----------+
        |              |  Latency (cycles) | Iteration|  Initiation Interval  | Trip |          |
        |   Loop Name  |   min   |   max   |  Latency |  achieved |   target  | Count| Pipelined|
        +--------------+---------+---------+----------+-----------+-----------+------+----------+
        |- round_loop  |       66|       66|         3|          1|          1|    64|       yes|
        +--------------+---------+---------+----------+-----------+-----------+------+----------+



================================================================
== Utilization Estimates
================================================================
* Summary: 
+---------------------+---------+------+---------+---------+-----+
|         Name        | BRAM_18K|  DSP |    FF   |   LUT   | URAM|
+---------------------+---------+------+---------+---------+-----+
|DSP                  |        -|     -|        -|        -|    -|
|Expression           |        -|     -|        0|      949|    -|
|FIFO                 |        -|     -|        -|        -|    -|
|Instance             |        -|     -|        0|      325|    -|
|Memory               |        0|     -|       32|       33|    -|
|Multiplexer          |        -|     -|        -|      266|    -|
|Register             |        -|     -|      899|        -|    -|
+---------------------+---------+------+---------+---------+-----+
|Total                |        0|     0|      931|     1573|    0|
+---------------------+---------+------+---------+---------+-----+
|Available SLR        |     1344|  3008|   869120|   434560|  320|
+---------------------+---------+------+---------+---------+-----+
|Utilization SLR (%)  |        0|     0|       ~0|       ~0|    0|
+---------------------+---------+------+---------+---------+-----+
|Available            |     4032|  9024|  2607360|  1303680|  960|
+---------------------+---------+------+---------+---------+-----+
|Utilization (%)      |        0|     0|       ~0|       ~0|    0|
+---------------------+---------+------+---------+---------+-----+

+ Detail: 
    * Instance: 
    +-------------------+----------------+---------+----+---+----+-----+
    |      Instance     |     Module     | BRAM_18K| DSP| FF| LUT| URAM|
    +-------------------+----------------+---------+----+---+----+-----+
    |mux_164_32_1_1_U1  |mux_164_32_1_1  |        0|   0|  0|  65|    0|
    |mux_164_32_1_1_U2  |mux_164_32_1_1  |        0|   0|  0|  65|    0|
    |mux_164_32_1_1_U3  |mux_164_32_1_1  |        0|   0|  0|  65|    0|
    |mux_164_32_1_1_U4  |mux_164_32_1_1  |        0|   0|  0|  65|    0|
    |mux_167_32_1_1_U5  |mux_167_32_1_1  |        0|   0|  0|  65|    0|
    +-------------------+----------------+---------+----+---+----+-----+
    |Total              |                |        0|   0|  0| 325|    0|
    +-------------------+----------------+---------+----+---+----+-----+

    * DSP: 
    N/A

    * Memory: 
    +------------+----------------------------------------------------------------+---------+----+----+-----+------+-----+------+-------------+
    |   Memory   |                             Module                             | BRAM_18K| FF | LUT| URAM| Words| Bits| Banks| W*Bits*Banks|
    +------------+----------------------------------------------------------------+---------+----+----+-----+------+-----+------+-------------+
    |SHA256_K_U  |sha256_compress_block_Pipeline_round_loop_SHA256_K_ROM_AUTO_1R  |        0|  32|  33|    0|    64|   32|     1|         2048|
    +------------+----------------------------------------------------------------+---------+----+----+-----+------+-----+------+-------------+
    |Total       |                                                                |        0|  32|  33|    0|    64|   32|     1|         2048|
    +------------+----------------------------------------------------------------+---------+----+----+-----+------+-----+------+-------------+

    * FIFO: 
    N/A

    * Expression: 
    +------------------------+----------+----+---+----+------------+------------+
    |      Variable Name     | Operation| DSP| FF| LUT| Bitwidth P0| Bitwidth P1|
    +------------------------+----------+----+---+----+------------+------------+
    |a_fu_1486_p2            |         +|   0|  0|  32|          32|          32|
    |add_ln147_fu_692_p2     |         +|   0|  0|  14|           7|           1|
    |add_ln159_fu_723_p2     |         +|   0|  0|  12|           4|           1|
    |add_ln160_fu_729_p2     |         +|   0|  0|  12|           4|           3|
    |add_ln161_1_fu_1082_p2  |         +|   0|  0|  32|          32|          32|
    |add_ln161_2_fu_1088_p2  |         +|   0|  0|  39|          32|          32|
    |add_ln165_1_fu_1354_p2  |         +|   0|  0|  32|          32|          32|
    |add_ln165_2_fu_1360_p2  |         +|   0|  0|  32|          32|          32|
    |add_ln165_fu_1349_p2    |         +|   0|  0|  32|          32|          32|
    |add_ln175_fu_1480_p2    |         +|   0|  0|  32|          32|          32|
    |e_fu_1474_p2            |         +|   0|  0|  39|          32|          32|
    |t1_fu_1366_p2           |         +|   0|  0|  32|          32|          32|
    |tmp_s_fu_1007_p17       |         +|   0|  0|  12|           4|           4|
    |wbuf_33_fu_1094_p2      |         +|   0|  0|  32|          32|          32|
    |and_ln61_1_fu_1337_p2   |       and|   0|  0|  32|          32|          32|
    |and_ln61_fu_1325_p2     |       and|   0|  0|  32|          32|          32|
    |and_ln67_1_fu_1462_p2   |       and|   0|  0|  32|          32|          32|
    |and_ln67_fu_1456_p2     |       and|   0|  0|  32|          32|          32|
    |ap_condition_829        |       and|   0|  0|   2|           1|           1|
    |ap_condition_834        |       and|   0|  0|   2|           1|           1|
    |ap_condition_839        |       and|   0|  0|   2|           1|           1|
    |ap_condition_844        |       and|   0|  0|   2|           1|           1|
    |ap_condition_849        |       and|   0|  0|   2|           1|           1|
    |ap_condition_854        |       and|   0|  0|   2|           1|           1|
    |ap_condition_859        |       and|   0|  0|   2|           1|           1|
    |ap_condition_864        |       and|   0|  0|   2|           1|           1|
    |ap_condition_869        |       and|   0|  0|   2|           1|           1|
    |ap_condition_874        |       and|   0|  0|   2|           1|           1|
    |ap_condition_879        |       and|   0|  0|   2|           1|           1|
    |ap_condition_884        |       and|   0|  0|   2|           1|           1|
    |ap_condition_889        |       and|   0|  0|   2|           1|           1|
    |ap_condition_894        |       and|   0|  0|   2|           1|           1|
    |ap_condition_899        |       and|   0|  0|   2|           1|           1|
    |ap_condition_904        |       and|   0|  0|   2|           1|           1|
    |icmp_ln147_fu_686_p2    |      icmp|   0|  0|  11|           7|           8|
    |icmp_ln152_fu_713_p2    |      icmp|   0|  0|   8|           3|           1|
    |ap_enable_pp0           |       xor|   0|  0|   2|           1|           2|
    |s0_fu_889_p2            |       xor|   0|  0|  32|          32|          32|
    |s1_fu_996_p2            |       xor|   0|  0|  32|          32|          32|
    |xor_ln61_1_fu_1343_p2   |       xor|   0|  0|  32|          32|          32|
    |xor_ln61_fu_1331_p2     |       xor|   0|  0|  32|          32|           2|
    |xor_ln67_1_fu_1468_p2   |       xor|   0|  0|  32|          32|          32|
    |xor_ln67_fu_1450_p2     |       xor|   0|  0|  32|          32|          32|
    |xor_ln73_1_fu_1444_p2   |       xor|   0|  0|  32|          32|          32|
    |xor_ln73_fu_1438_p2     |       xor|   0|  0|  32|          32|          32|
    |xor_ln79_1_fu_1319_p2   |       xor|   0|  0|  32|          32|          32|
    |xor_ln79_fu_1313_p2     |       xor|   0|  0|  32|          32|          32|
    |xor_ln85_fu_883_p2      |       xor|   0|  0|  32|          32|          32|
    |xor_ln91_fu_990_p2      |       xor|   0|  0|  32|          32|          32|
    +------------------------+----------+----+---+----+------------+------------+
    |Total                   |          |   0|  0| 949|         878|         838|
    +------------------------+----------+----+---+----+------------+------------+

    * Multiplexer: 
    +-----------------------------------+----+-----------+-----+-----------+
    |                Name               | LUT| Input Size| Bits| Total Bits|
    +-----------------------------------+----+-----------+-----+-----------+
    |ap_done_int                        |   9|          2|    1|          2|
    |ap_loop_exit_ready_pp0_iter2_reg   |   9|          2|    1|          2|
    |ap_phi_reg_pp0_iter2_wt_2_reg_519  |  14|          3|   32|         96|
    |ap_sig_allocacmp_i_6               |   9|          2|    7|         14|
    |b_fu_302                           |   9|          2|   32|         64|
    |c_fu_298                           |   9|          2|   32|         64|
    |d_1_fu_294                         |   9|          2|   32|         64|
    |d_fu_210                           |   9|          2|   32|         64|
    |f_fu_290                           |   9|          2|   32|         64|
    |g_fu_286                           |   9|          2|   32|         64|
    |h_1_fu_282                         |   9|          2|   32|         64|
    |h_fu_206                           |   9|          2|   32|         64|
    |i_fu_214                           |   9|          2|    7|         14|
    |wbuf_16_fu_218                     |   9|          2|   32|         64|
    |wbuf_17_fu_222                     |   9|          2|   32|         64|
    |wbuf_18_fu_226                     |   9|          2|   32|         64|
    |wbuf_19_fu_230                     |   9|          2|   32|         64|
    |wbuf_20_fu_234                     |   9|          2|   32|         64|
    |wbuf_21_fu_238                     |   9|          2|   32|         64|
    |wbuf_22_fu_242                     |   9|          2|   32|         64|
    |wbuf_23_fu_246                     |   9|          2|   32|         64|
    |wbuf_24_fu_250                     |   9|          2|   32|         64|
    |wbuf_25_fu_254                     |   9|          2|   32|         64|
    |wbuf_26_fu_258                     |   9|          2|   32|         64|
    |wbuf_27_fu_262                     |   9|          2|   32|         64|
    |wbuf_28_fu_266                     |   9|          2|   32|         64|
    |wbuf_29_fu_270                     |   9|          2|   32|         64|
    |wbuf_30_fu_274                     |   9|          2|   32|         64|
    |wbuf_31_fu_278                     |   9|          2|   32|         64|
    +-----------------------------------+----+-----------+-----+-----------+
    |Total                              | 266|         59|  816|       1664|
    +-----------------------------------+----+-----------+-----+-----------+

    * Register: 
    +-----------------------------------+----+----+-----+-----------+
    |                Name               | FF | LUT| Bits| Const Bits|
    +-----------------------------------+----+----+-----+-----------+
    |SHA256_K_load_reg_1776             |  32|   0|   32|          0|
    |add_ln159_reg_1736                 |   4|   0|    4|          0|
    |add_ln160_reg_1741                 |   4|   0|    4|          0|
    |ap_CS_fsm                          |   1|   0|    1|          0|
    |ap_done_reg                        |   1|   0|    1|          0|
    |ap_enable_reg_pp0_iter1            |   1|   0|    1|          0|
    |ap_enable_reg_pp0_iter2            |   1|   0|    1|          0|
    |ap_loop_exit_ready_pp0_iter1_reg   |   1|   0|    1|          0|
    |ap_loop_exit_ready_pp0_iter2_reg   |   1|   0|    1|          0|
    |ap_phi_reg_pp0_iter1_wt_2_reg_519  |  32|   0|   32|          0|
    |ap_phi_reg_pp0_iter2_wt_2_reg_519  |  32|   0|   32|          0|
    |b_fu_302                           |  32|   0|   32|          0|
    |c_fu_298                           |  32|   0|   32|          0|
    |d_1_fu_294                         |  32|   0|   32|          0|
    |d_fu_210                           |  32|   0|   32|          0|
    |f_fu_290                           |  32|   0|   32|          0|
    |g_fu_286                           |  32|   0|   32|          0|
    |h_1_fu_282                         |  32|   0|   32|          0|
    |h_fu_206                           |  32|   0|   32|          0|
    |i_6_reg_1717                       |   7|   0|    7|          0|
    |i_fu_214                           |   7|   0|    7|          0|
    |icmp_ln147_reg_1722                |   1|   0|    1|          0|
    |icmp_ln147_reg_1722_pp0_iter1_reg  |   1|   0|    1|          0|
    |icmp_ln152_reg_1726                |   1|   0|    1|          0|
    |idx_reg_1730                       |   4|   0|    4|          0|
    |wbuf_16_fu_218                     |  32|   0|   32|          0|
    |wbuf_17_fu_222                     |  32|   0|   32|          0|
    |wbuf_18_fu_226                     |  32|   0|   32|          0|
    |wbuf_19_fu_230                     |  32|   0|   32|          0|
    |wbuf_20_fu_234                     |  32|   0|   32|          0|
    |wbuf_21_fu_238                     |  32|   0|   32|          0|
    |wbuf_22_fu_242                     |  32|   0|   32|          0|
    |wbuf_23_fu_246                     |  32|   0|   32|          0|
    |wbuf_24_fu_250                     |  32|   0|   32|          0|
    |wbuf_25_fu_254                     |  32|   0|   32|          0|
    |wbuf_26_fu_258                     |  32|   0|   32|          0|
    |wbuf_27_fu_262                     |  32|   0|   32|          0|
    |wbuf_28_fu_266                     |  32|   0|   32|          0|
    |wbuf_29_fu_270                     |  32|   0|   32|          0|
    |wbuf_30_fu_274                     |  32|   0|   32|          0|
    |wbuf_31_fu_278                     |  32|   0|   32|          0|
    +-----------------------------------+----+----+-----+-----------+
    |Total                              | 899|   0|  899|          0|
    +-----------------------------------+----+----+-----+-----------+



================================================================
== Interface
================================================================
* Summary: 
+----------------+-----+-----+------------+-------------------------------------------+--------------+
|    RTL Ports   | Dir | Bits|  Protocol  |               Source Object               |    C Type    |
+----------------+-----+-----+------------+-------------------------------------------+--------------+
|ap_clk          |   in|    1|  ap_ctrl_hs|  sha256_compress_block_Pipeline_round_loop|  return value|
|ap_rst          |   in|    1|  ap_ctrl_hs|  sha256_compress_block_Pipeline_round_loop|  return value|
|ap_start        |   in|    1|  ap_ctrl_hs|  sha256_compress_block_Pipeline_round_loop|  return value|
|ap_done         |  out|    1|  ap_ctrl_hs|  sha256_compress_block_Pipeline_round_loop|  return value|
|ap_idle         |  out|    1|  ap_ctrl_hs|  sha256_compress_block_Pipeline_round_loop|  return value|
|ap_ready        |  out|    1|  ap_ctrl_hs|  sha256_compress_block_Pipeline_round_loop|  return value|
|wbuf_15         |   in|   32|     ap_none|                                    wbuf_15|        scalar|
|wbuf_14         |   in|   32|     ap_none|                                    wbuf_14|        scalar|
|wbuf_13         |   in|   32|     ap_none|                                    wbuf_13|        scalar|
|wbuf_12         |   in|   32|     ap_none|                                    wbuf_12|        scalar|
|wbuf_11         |   in|   32|     ap_none|                                    wbuf_11|        scalar|
|wbuf_10         |   in|   32|     ap_none|                                    wbuf_10|        scalar|
|wbuf_9          |   in|   32|     ap_none|                                     wbuf_9|        scalar|
|wbuf_8          |   in|   32|     ap_none|                                     wbuf_8|        scalar|
|wbuf_7          |   in|   32|     ap_none|                                     wbuf_7|        scalar|
|wbuf_6          |   in|   32|     ap_none|                                     wbuf_6|        scalar|
|wbuf_5          |   in|   32|     ap_none|                                     wbuf_5|        scalar|
|wbuf_4          |   in|   32|     ap_none|                                     wbuf_4|        scalar|
|wbuf_3          |   in|   32|     ap_none|                                     wbuf_3|        scalar|
|wbuf_2          |   in|   32|     ap_none|                                     wbuf_2|        scalar|
|wbuf_1          |   in|   32|     ap_none|                                     wbuf_1|        scalar|
|wbuf            |   in|   32|     ap_none|                                       wbuf|        scalar|
|state_0_read    |   in|   32|     ap_none|                               state_0_read|        scalar|
|state_1_read    |   in|   32|     ap_none|                               state_1_read|        scalar|
|state_2_read    |   in|   32|     ap_none|                               state_2_read|        scalar|
|state_3_read    |   in|   32|     ap_none|                               state_3_read|        scalar|
|state_4_read    |   in|   32|     ap_none|                               state_4_read|        scalar|
|state_5_read    |   in|   32|     ap_none|                               state_5_read|        scalar|
|state_6_read    |   in|   32|     ap_none|                               state_6_read|        scalar|
|state_7_read    |   in|   32|     ap_none|                               state_7_read|        scalar|
|a_2_out         |  out|   32|      ap_vld|                                    a_2_out|       pointer|
|a_2_out_ap_vld  |  out|    1|      ap_vld|                                    a_2_out|       pointer|
|b_out           |  out|   32|      ap_vld|                                      b_out|       pointer|
|b_out_ap_vld    |  out|    1|      ap_vld|                                      b_out|       pointer|
|c_out           |  out|   32|      ap_vld|                                      c_out|       pointer|
|c_out_ap_vld    |  out|    1|      ap_vld|                                      c_out|       pointer|
|d_out           |  out|   32|      ap_vld|                                      d_out|       pointer|
|d_out_ap_vld    |  out|    1|      ap_vld|                                      d_out|       pointer|
|e_2_out         |  out|   32|      ap_vld|                                    e_2_out|       pointer|
|e_2_out_ap_vld  |  out|    1|      ap_vld|                                    e_2_out|       pointer|
|f_out           |  out|   32|      ap_vld|                                      f_out|       pointer|
|f_out_ap_vld    |  out|    1|      ap_vld|                                      f_out|       pointer|
|g_out           |  out|   32|      ap_vld|                                      g_out|       pointer|
|g_out_ap_vld    |  out|    1|      ap_vld|                                      g_out|       pointer|
|h_out           |  out|   32|      ap_vld|                                      h_out|       pointer|
|h_out_ap_vld    |  out|    1|      ap_vld|                                      h_out|       pointer|
+----------------+-----+-----+------------+-------------------------------------------+--------------+

