

================================================================
== Vitis HLS Report for 'sha256_compress_block'
================================================================
* Date:           Fri Feb 20 12:34:57 2026

* Version:        2023.1 (Build 3854077 on May  4 2023)
* Project:        calculate_sha256
* Solution:       solution (Vitis Kernel Flow Target)
* Product family: virtexuplusHBM
* Target device:  xcu280-fsvh2892-2L-e


================================================================
== Performance Estimates
================================================================
+ Timing: 
    * Summary: 
    +--------+---------+----------+------------+
    |  Clock |  Target | Estimated| Uncertainty|
    +--------+---------+----------+------------+
    |ap_clk  |  3.33 ns|  3.429 ns|     0.90 ns|
    +--------+---------+----------+------------+

+ Latency: 
    * Summary: 
    +---------+---------+----------+----------+-----+-----+---------+
    |  Latency (cycles) |  Latency (absolute) |  Interval | Pipeline|
    |   min   |   max   |    min   |    max   | min | max |   Type  |
    +---------+---------+----------+----------+-----+-----+---------+
    |      200|      200|  0.686 us|  0.686 us|  200|  200|       no|
    +---------+---------+----------+----------+-----+-----+---------+

    + Detail: 
        * Instance: 
        +--------------------------------------------------------+---------------------------------------------+---------+---------+-----------+-----------+-----+-----+---------+
        |                                                        |                                             |  Latency (cycles) |   Latency (absolute)  |  Interval | Pipeline|
        |                        Instance                        |                    Module                   |   min   |   max   |    min    |    max    | min | max |   Type  |
        +--------------------------------------------------------+---------------------------------------------+---------+---------+-----------+-----------+-----+-----+---------+
        |grp_sha256_compress_block_Pipeline_init_words_fu_132    |sha256_compress_block_Pipeline_init_words    |       18|       18|  59.994 ns|  59.994 ns|   18|   18|       no|
        |grp_sha256_compress_block_Pipeline_expand_words_fu_144  |sha256_compress_block_Pipeline_expand_words  |      108|      108|   0.370 us|   0.370 us|  108|  108|       no|
        |grp_sha256_compress_block_Pipeline_round_loop_fu_151    |sha256_compress_block_Pipeline_round_loop    |       68|       68|   0.227 us|   0.227 us|   68|   68|       no|
        +--------------------------------------------------------+---------------------------------------------+---------+---------+-----------+-----------+-----+-----+---------+

        * Loop: 
        N/A



================================================================
== Utilization Estimates
================================================================
* Summary: 
+---------------------+---------+------+---------+---------+-----+
|         Name        | BRAM_18K|  DSP |    FF   |   LUT   | URAM|
+---------------------+---------+------+---------+---------+-----+
|DSP                  |        -|     -|        -|        -|    -|
|Expression           |        -|     -|        0|      312|    -|
|FIFO                 |        -|     -|        -|        -|    -|
|Instance             |        0|     0|      754|     4110|    -|
|Memory               |        0|     -|       96|       99|    0|
|Multiplexer          |        -|     -|        -|      274|    -|
|Register             |        -|     -|       10|        -|    -|
+---------------------+---------+------+---------+---------+-----+
|Total                |        0|     0|      860|     4795|    0|
+---------------------+---------+------+---------+---------+-----+
|Available SLR        |     1344|  3008|   869120|   434560|  320|
+---------------------+---------+------+---------+---------+-----+
|Utilization SLR (%)  |        0|     0|       ~0|        1|    0|
+---------------------+---------+------+---------+---------+-----+
|Available            |     4032|  9024|  2607360|  1303680|  960|
+---------------------+---------+------+---------+---------+-----+
|Utilization (%)      |        0|     0|       ~0|       ~0|    0|
+---------------------+---------+------+---------+---------+-----+

+ Detail: 
    * Instance: 
    +--------------------------------------------------------+---------------------------------------------+---------+----+-----+------+-----+
    |                        Instance                        |                    Module                   | BRAM_18K| DSP|  FF |  LUT | URAM|
    +--------------------------------------------------------+---------------------------------------------+---------+----+-----+------+-----+
    |grp_sha256_compress_block_Pipeline_expand_words_fu_144  |sha256_compress_block_Pipeline_expand_words  |        0|   0|  344|   921|    0|
    |grp_sha256_compress_block_Pipeline_init_words_fu_132    |sha256_compress_block_Pipeline_init_words    |        0|   0|   22|  2305|    0|
    |grp_sha256_compress_block_Pipeline_round_loop_fu_151    |sha256_compress_block_Pipeline_round_loop    |        0|   0|  388|   884|    0|
    +--------------------------------------------------------+---------------------------------------------+---------+----+-----+------+-----+
    |Total                                                   |                                             |        0|   0|  754|  4110|    0|
    +--------------------------------------------------------+---------------------------------------------+---------+----+-----+------+-----+

    * DSP: 
    N/A

    * Memory: 
    +-------+--------------------------------------------+---------+----+----+-----+------+-----+------+-------------+
    | Memory|                   Module                   | BRAM_18K| FF | LUT| URAM| Words| Bits| Banks| W*Bits*Banks|
    +-------+--------------------------------------------+---------+----+----+-----+------+-----+------+-------------+
    |w_U    |sha256_compress_block_w_RAM_1WNR_AUTO_1R1W  |        0|  32|  33|    0|    22|   32|     1|          704|
    |w_1_U  |sha256_compress_block_w_RAM_1WNR_AUTO_1R1W  |        0|  32|  33|    0|    22|   32|     1|          704|
    |w_2_U  |sha256_compress_block_w_RAM_1WNR_AUTO_1R1W  |        0|  32|  33|    0|    22|   32|     1|          704|
    +-------+--------------------------------------------+---------+----+----+-----+------+-----+------+-------------+
    |Total  |                                            |        0|  96|  99|    0|    66|   96|     3|         2112|
    +-------+--------------------------------------------+---------+----+----+-----+------+-----+------+-------------+

    * FIFO: 
    N/A

    * Expression: 
    +---------------------+----------+----+---+----+------------+------------+
    |    Variable Name    | Operation| DSP| FF| LUT| Bitwidth P0| Bitwidth P1|
    +---------------------+----------+----+---+----+------------+------------+
    |add_ln167_fu_208_p2  |         +|   0|  0|  39|          32|          32|
    |add_ln168_fu_213_p2  |         +|   0|  0|  39|          32|          32|
    |add_ln169_fu_218_p2  |         +|   0|  0|  39|          32|          32|
    |add_ln170_fu_223_p2  |         +|   0|  0|  39|          32|          32|
    |add_ln171_fu_228_p2  |         +|   0|  0|  39|          32|          32|
    |add_ln172_fu_233_p2  |         +|   0|  0|  39|          32|          32|
    |add_ln173_fu_238_p2  |         +|   0|  0|  39|          32|          32|
    |add_ln174_fu_243_p2  |         +|   0|  0|  39|          32|          32|
    +---------------------+----------+----+---+----+------------+------------+
    |Total                |          |   0|  0| 312|         256|         256|
    +---------------------+----------+----+---+----+------------+------------+

    * Multiplexer: 
    +--------------+----+-----------+-----+-----------+
    |     Name     | LUT| Input Size| Bits| Total Bits|
    +--------------+----+-----------+-----+-----------+
    |ap_NS_fsm     |  43|          8|    1|          8|
    |w_1_address0  |  20|          4|    5|         20|
    |w_1_ce0       |  20|          4|    1|          4|
    |w_1_ce1       |   9|          2|    1|          2|
    |w_1_d0        |  14|          3|   32|         96|
    |w_1_we0       |  14|          3|    1|          3|
    |w_2_address0  |  20|          4|    5|         20|
    |w_2_ce0       |  20|          4|    1|          4|
    |w_2_ce1       |   9|          2|    1|          2|
    |w_2_d0        |  14|          3|   32|         96|
    |w_2_we0       |  14|          3|    1|          3|
    |w_address0    |  20|          4|    5|         20|
    |w_ce0         |  20|          4|    1|          4|
    |w_ce1         |   9|          2|    1|          2|
    |w_d0          |  14|          3|   32|         96|
    |w_we0         |  14|          3|    1|          3|
    +--------------+----+-----------+-----+-----------+
    |Total         | 274|         56|  121|        383|
    +--------------+----+-----------+-----+-----------+

    * Register: 
    +---------------------------------------------------------------------+---+----+-----+-----------+
    |                                 Name                                | FF| LUT| Bits| Const Bits|
    +---------------------------------------------------------------------+---+----+-----+-----------+
    |ap_CS_fsm                                                            |  7|   0|    7|          0|
    |grp_sha256_compress_block_Pipeline_expand_words_fu_144_ap_start_reg  |  1|   0|    1|          0|
    |grp_sha256_compress_block_Pipeline_init_words_fu_132_ap_start_reg    |  1|   0|    1|          0|
    |grp_sha256_compress_block_Pipeline_round_loop_fu_151_ap_start_reg    |  1|   0|    1|          0|
    +---------------------------------------------------------------------+---+----+-----+-----------+
    |Total                                                                | 10|   0|   10|          0|
    +---------------------------------------------------------------------+---+----+-----+-----------+



================================================================
== Interface
================================================================
* Summary: 
+--------------+-----+-----+------------+-----------------------+--------------+
|   RTL Ports  | Dir | Bits|  Protocol  |     Source Object     |    C Type    |
+--------------+-----+-----+------------+-----------------------+--------------+
|ap_clk        |   in|    1|  ap_ctrl_hs|  sha256_compress_block|  return value|
|ap_rst        |   in|    1|  ap_ctrl_hs|  sha256_compress_block|  return value|
|ap_start      |   in|    1|  ap_ctrl_hs|  sha256_compress_block|  return value|
|ap_done       |  out|    1|  ap_ctrl_hs|  sha256_compress_block|  return value|
|ap_idle       |  out|    1|  ap_ctrl_hs|  sha256_compress_block|  return value|
|ap_ready      |  out|    1|  ap_ctrl_hs|  sha256_compress_block|  return value|
|ap_return_0   |  out|   32|  ap_ctrl_hs|  sha256_compress_block|  return value|
|ap_return_1   |  out|   32|  ap_ctrl_hs|  sha256_compress_block|  return value|
|ap_return_2   |  out|   32|  ap_ctrl_hs|  sha256_compress_block|  return value|
|ap_return_3   |  out|   32|  ap_ctrl_hs|  sha256_compress_block|  return value|
|ap_return_4   |  out|   32|  ap_ctrl_hs|  sha256_compress_block|  return value|
|ap_return_5   |  out|   32|  ap_ctrl_hs|  sha256_compress_block|  return value|
|ap_return_6   |  out|   32|  ap_ctrl_hs|  sha256_compress_block|  return value|
|ap_return_7   |  out|   32|  ap_ctrl_hs|  sha256_compress_block|  return value|
|block_val     |   in|  512|     ap_none|              block_val|        scalar|
|state_0_read  |   in|   32|     ap_none|           state_0_read|        scalar|
|state_1_read  |   in|   32|     ap_none|           state_1_read|        scalar|
|state_2_read  |   in|   32|     ap_none|           state_2_read|        scalar|
|state_3_read  |   in|   32|     ap_none|           state_3_read|        scalar|
|state_4_read  |   in|   32|     ap_none|           state_4_read|        scalar|
|state_5_read  |   in|   32|     ap_none|           state_5_read|        scalar|
|state_6_read  |   in|   32|     ap_none|           state_6_read|        scalar|
|state_7_read  |   in|   32|     ap_none|           state_7_read|        scalar|
+--------------+-----+-----+------------+-----------------------+--------------+

