

================================================================
== Synthesis Summary Report of 'calculate_tcp_checksum'
================================================================
+ General Information: 
    * Date:           Thu Apr  2 18:18:23 2026
    * Version:        2022.1 (Build 3526262 on Mon Apr 18 15:47:01 MDT 2022)
    * Project:        calculate_tcp_checksum
    * Solution:       solution (Vitis Kernel Flow Target)
    * Product family: virtexuplus
    * Target device:  xcu280-fsvh2892-2L-e
    

+ Performance & Resource Estimates: 
    
    PS: '+' for module; 'o' for loop; '*' for dataflow
    +---------------------------------------------------+--------+-------+---------+--------+----------+---------+------+----------+------+----+-------------+------------+-----+
    |                      Modules                      |  Issue |       | Latency | Latency| Iteration|         | Trip |          |      |    |             |            |     |
    |                      & Loops                      |  Type  | Slack | (cycles)|  (ns)  |  Latency | Interval| Count| Pipelined| BRAM | DSP|      FF     |     LUT    | URAM|
    +---------------------------------------------------+--------+-------+---------+--------+----------+---------+------+----------+------+----+-------------+------------+-----+
    |+ calculate_tcp_checksum                           |  Timing|  -0.00|        -|       -|         -|        -|     -|        no|     -|   -|  11712 (~0%)|  29382 (2%)|    -|
    | + process_tcp_checksum                            |  Timing|  -0.00|        -|       -|         -|        -|     -|        no|     -|   -|   6757 (~0%)|  20881 (1%)|    -|
    |  o tcp_chunk_loop                                 |       -|   2.43|        -|       -|         -|        -|     -|        no|     -|   -|            -|           -|    -|
    |   + process_tcp_checksum_Pipeline_word_loop       |  Timing|  -0.00|        -|       -|         -|        -|     -|        no|     -|   -|   1546 (~0%)|  5216 (~0%)|    -|
    |    o word_loop                                    |      II|   2.43|        -|       -|        75|        2|     -|       yes|     -|   -|            -|           -|    -|
    |   + process_tcp_checksum_Pipeline_vec_word_loop   |  Timing|  -0.00|        -|       -|         -|        -|     -|        no|     -|   -|    756 (~0%)|   966 (~0%)|    -|
    |    o vec_word_loop                                |       -|   2.43|        -|       -|         5|        1|     -|       yes|     -|   -|            -|           -|    -|
    |   + process_tcp_checksum_Pipeline_tail_word_loop  |  Timing|  -0.00|        -|       -|         -|        -|     -|        no|     -|   -|   1558 (~0%)|  4874 (~0%)|    -|
    |    o tail_word_loop                               |      II|   2.43|        -|       -|        75|        2|     -|       yes|     -|   -|            -|           -|    -|
    +---------------------------------------------------+--------+-------+---------+--------+----------+---------+------+----------+------+----+-------------+------------+-----+


================================================================
== HW Interfaces
================================================================
* M_AXI
+-------------+------------+---------------+---------+--------+----------+-----------+--------------+--------------+-------------+-------------+
| Interface   | Data Width | Address Width | Latency | Offset | Register | Max Widen | Max Read     | Max Write    | Num Read    | Num Write   |
|             | (SW->HW)   |               |         |        |          | Bitwidth  | Burst Length | Burst Length | Outstanding | Outstanding |
+-------------+------------+---------------+---------+--------+----------+-----------+--------------+--------------+-------------+-------------+
| m_axi_gmem0 | 512 -> 512 | 64            | 64      | slave  | 0        | 512       | 16           | 16           | 16          | 16          |
+-------------+------------+---------------+---------+--------+----------+-----------+--------------+--------------+-------------+-------------+

* S_AXILITE Interfaces
+---------------+------------+---------------+--------+----------+
| Interface     | Data Width | Address Width | Offset | Register |
+---------------+------------+---------------+--------+----------+
| s_axi_control | 32         | 6             | 16     | 0        |
+---------------+------------+---------------+--------+----------+

* S_AXILITE Registers
+---------------+-----------+--------+-------+--------+----------------------------------+------------------------------------------------------------------------------------+
| Interface     | Register  | Offset | Width | Access | Description                      | Bit Fields                                                                         |
+---------------+-----------+--------+-------+--------+----------------------------------+------------------------------------------------------------------------------------+
| s_axi_control | CTRL      | 0x00   | 32    | RW     | Control signals                  | 0=AP_START 1=AP_DONE 2=AP_IDLE 3=AP_READY 4=AP_CONTINUE 7=AUTO_RESTART 9=INTERRUPT |
| s_axi_control | GIER      | 0x04   | 32    | RW     | Global Interrupt Enable Register | 0=Enable                                                                           |
| s_axi_control | IP_IER    | 0x08   | 32    | RW     | IP Interrupt Enable Register     | 0=CHAN0_INT_EN 1=CHAN1_INT_EN                                                      |
| s_axi_control | IP_ISR    | 0x0c   | 32    | RW     | IP Interrupt Status Register     | 0=CHAN0_INT_ST 1=CHAN1_INT_ST                                                      |
| s_axi_control | data_in_1 | 0x10   | 32    | W      | Data signal of data_in           |                                                                                    |
| s_axi_control | data_in_2 | 0x14   | 32    | W      | Data signal of data_in           |                                                                                    |
| s_axi_control | crc_out_1 | 0x1c   | 32    | W      | Data signal of crc_out           |                                                                                    |
| s_axi_control | crc_out_2 | 0x20   | 32    | W      | Data signal of crc_out           |                                                                                    |
| s_axi_control | numChunks | 0x28   | 32    | W      | Data signal of numChunks         |                                                                                    |
| s_axi_control | chunkSize | 0x30   | 32    | W      | Data signal of chunkSize         |                                                                                    |
+---------------+-----------+--------+-------+--------+----------------------------------+------------------------------------------------------------------------------------+

* TOP LEVEL CONTROL
+-----------+---------------+-----------+
| Interface | Type          | Ports     |
+-----------+---------------+-----------+
| ap_clk    | clock         | ap_clk    |
| ap_rst_n  | reset         | ap_rst_n  |
| interrupt | interrupt     | interrupt |
| ap_ctrl   | ap_ctrl_chain |           |
+-----------+---------------+-----------+


================================================================
== SW I/O Information
================================================================
* Top Function Arguments
+-----------+-----------+----------------------+
| Argument  | Direction | Datatype             |
+-----------+-----------+----------------------+
| data_in   | inout     | ap_uint<512> const * |
| crc_out   | inout     | unsigned int*        |
| numChunks | in        | unsigned int const   |
| chunkSize | in        | unsigned int const   |
+-----------+-----------+----------------------+

* SW-to-HW Mapping
+-----------+---------------+-----------+----------+-------------------------------------+
| Argument  | HW Interface  | HW Type   | HW Usage | HW Info                             |
+-----------+---------------+-----------+----------+-------------------------------------+
| data_in   | m_axi_gmem0   | interface |          |                                     |
| data_in   | s_axi_control | register  | offset   | name=data_in_1 offset=0x10 range=32 |
| data_in   | s_axi_control | register  | offset   | name=data_in_2 offset=0x14 range=32 |
| crc_out   | m_axi_gmem0   | interface |          |                                     |
| crc_out   | s_axi_control | register  | offset   | name=crc_out_1 offset=0x1c range=32 |
| crc_out   | s_axi_control | register  | offset   | name=crc_out_2 offset=0x20 range=32 |
| numChunks | s_axi_control | register  |          | name=numChunks offset=0x28 range=32 |
| chunkSize | s_axi_control | register  |          | name=chunkSize offset=0x30 range=32 |
+-----------+---------------+-----------+----------+-------------------------------------+


================================================================
== M_AXI Burst Information
================================================================
 Note: All burst requests might be further partitioned into multiple requests during RTL generation based on max_read_burst_length or max_write_burst_length settings.

* Inferred Burst Summary
+--------------+---------------+-----------+----------+-------+----------------------------------------------------------------------+
| HW Interface | Loop          | Direction | Length   | Width | Location                                                             |
+--------------+---------------+-----------+----------+-------+----------------------------------------------------------------------+
| m_axi_gmem0  | vec_word_loop | read      | variable | 512   | /home/efrink/mled/split_cu/U280_CRC_Accelerator/src/kernel.cpp:670:5 |
+--------------+---------------+-----------+----------+-------+----------------------------------------------------------------------+

* Inferred Bursts and Widening Missed
+--------------+----------+----------------+----------------------------------------------------------------------------------------------------------+------------+-----------------------------------------------------------------------+
| HW Interface | Variable | Loop           | Problem                                                                                                  | Resolution | Location                                                              |
+--------------+----------+----------------+----------------------------------------------------------------------------------------------------------+------------+-----------------------------------------------------------------------+
| m_axi_gmem0  | data_in  | tcp_chunk_loop | Access op is in the conditional branch                                                                   | 214-232    | /home/efrink/mled/split_cu/U280_CRC_Accelerator/src/kernel.cpp:758:5  |
| m_axi_gmem0  | data_in  | tcp_chunk_loop | Access op is in the conditional branch                                                                   | 214-232    | /home/efrink/mled/split_cu/U280_CRC_Accelerator/src/kernel.cpp:758:5  |
| m_axi_gmem0  | data_in  | tcp_chunk_loop | Access call is in the conditional branch                                                                 | 214-232    | /home/efrink/mled/split_cu/U280_CRC_Accelerator/src/kernel.cpp:758:5  |
| m_axi_gmem0  | crc_out  | tcp_chunk_loop | Sequential access length is not divisible by 2                                                           | 214-234    | /home/efrink/mled/split_cu/U280_CRC_Accelerator/src/kernel.cpp:758:5  |
| m_axi_gmem0  | data_in  |                | Could not widen since type i8 size is greater than or equal to alignment 1(bytes)                        | 214-307    | /home/efrink/mled/split_cu/U280_CRC_Accelerator/src/kernel.cpp:727:39 |
| m_axi_gmem0  | data_in  | vec_word_loop  | Could not widen since type i512 size is greater than or equal to the max_widen_bitwidth threshold of 512 | 214-353    | /home/efrink/mled/split_cu/U280_CRC_Accelerator/src/kernel.cpp:670:5  |
| m_axi_gmem0  | data_in  |                | Could not widen since type i8 size is greater than or equal to alignment 1(bytes)                        | 214-307    | /home/efrink/mled/split_cu/U280_CRC_Accelerator/src/kernel.cpp:645:39 |
+--------------+----------+----------------+----------------------------------------------------------------------------------------------------------+------------+-----------------------------------------------------------------------+

    * Resolution URL: www.xilinx.com/cgi-bin/docs/rdoc?v=2022.1;t=hls+guidance;d=XXX-YYY.html (replace XXX-YYY with column value)

================================================================
== Bind Op Report
================================================================
+--------------------------------------------------+-----+--------+--------------+-----+--------+---------+
| Name                                             | DSP | Pragma | Variable     | Op  | Impl   | Latency |
+--------------------------------------------------+-----+--------+--------------+-----+--------+---------+
| + calculate_tcp_checksum                         | 0   |        |              |     |        |         |
|  + process_tcp_checksum                          | 0   |        |              |     |        |         |
|    tail_bytes_fu_363_p2                          | -   |        | tail_bytes   | sub | fabric | 0       |
|    sub136_i_fu_373_p2                            | -   |        | sub136_i     | add | fabric | 0       |
|    add_ln758_1_fu_446_p2                         | -   |        | add_ln758_1  | add | fabric | 0       |
|    add_ln758_fu_456_p2                           | -   |        | add_ln758    | add | fabric | 0       |
|    add_ln761_fu_480_p2                           | -   |        | add_ln761    | add | fabric | 0       |
|    grp_fu_317_p2                                 | -   |        | add_ln645    | add | fabric | 0       |
|    grp_fu_317_p2                                 | -   |        | add_ln652    | add | fabric | 0       |
|    add_ln652_1_fu_522_p2                         | -   |        | add_ln652_1  | add | fabric | 0       |
|    add_ln652_2_fu_538_p2                         | -   |        | add_ln652_2  | add | fabric | 0       |
|    tmp_4_fu_589_p2                               | -   |        | tmp_4        | add | fabric | 0       |
|    add_ln630_fu_595_p2                           | -   |        | add_ln630    | add | fabric | 0       |
|    sum_V_fu_617_p2                               | -   |        | sum_V        | add | fabric | 0       |
|    folded_V_fu_639_p2                            | -   |        | folded_V     | add | fabric | 0       |
|    grp_fu_317_p2                                 | -   |        | add_ln727_1  | add | fabric | 0       |
|    add_ln723_1_fu_677_p2                         | -   |        | add_ln723_1  | add | fabric | 0       |
|    add_ln735_fu_684_p2                           | -   |        | add_ln735    | add | fabric | 0       |
|    add_ln735_1_fu_692_p2                         | -   |        | add_ln735_1  | add | fabric | 0       |
|    add_ln735_2_fu_707_p2                         | -   |        | add_ln735_2  | add | fabric | 0       |
|    sum_V_7_fu_754_p2                             | -   |        | sum_V_7      | add | fabric | 0       |
|    folded_V_2_fu_782_p2                          | -   |        | folded_V_2   | add | fabric | 0       |
|    add_ln1543_fu_788_p2                          | -   |        | add_ln1543   | add | fabric | 0       |
|    folded_V_3_fu_814_p2                          | -   |        | folded_V_3   | add | fabric | 0       |
|    add_ln1543_1_fu_820_p2                        | -   |        | add_ln1543_1 | add | fabric | 0       |
|    folded_V_4_fu_842_p2                          | -   |        | folded_V_4   | add | fabric | 0       |
|    add_ln955_fu_881_p2                           | -   |        | add_ln955    | add | fabric | 0       |
|    add_ln774_fu_908_p2                           | -   |        | add_ln774    | add | fabric | 0       |
|    add_ln774_1_fu_913_p2                         | -   |        | add_ln774_1  | add | fabric | 0       |
|   + process_tcp_checksum_Pipeline_word_loop      | 0   |        |              |     |        |         |
|     add_ln645_1_fu_163_p2                        | -   |        | add_ln645_1  | add | fabric | 0       |
|     add_ln645_3_fu_179_p2                        | -   |        | add_ln645_3  | add | fabric | 0       |
|     add_ln645_2_fu_185_p2                        | -   |        | add_ln645_2  | add | fabric | 0       |
|     add_ln645_4_fu_263_p2                        | -   |        | add_ln645_4  | add | fabric | 0       |
|     tmp_fu_306_p2                                | -   |        | tmp          | add | fabric | 0       |
|     add_ln630_fu_312_p2                          | -   |        | add_ln630    | add | fabric | 0       |
|     sum_V_3_fu_334_p2                            | -   |        | sum_V_3      | add | fabric | 0       |
|     i_3_fu_223_p2                                | -   |        | i_3          | add | fabric | 0       |
|     add_ln641_fu_201_p2                          | -   |        | add_ln641    | add | fabric | 0       |
|   + process_tcp_checksum_Pipeline_vec_word_loop  | 0   |        |              |     |        |         |
|     add_ln670_fu_365_p2                          | -   |        | add_ln670    | add | fabric | 0       |
|     lvl1_V_fu_1036_p2                            | -   |        | lvl1_V       | add | fabric | 0       |
|     lvl1_V_1_fu_1062_p2                          | -   |        | lvl1_V_1     | add | fabric | 0       |
|     lvl1_V_2_fu_1088_p2                          | -   |        | lvl1_V_2     | add | fabric | 0       |
|     lvl1_V_3_fu_1114_p2                          | -   |        | lvl1_V_3     | add | fabric | 0       |
|     lvl1_V_4_fu_1140_p2                          | -   |        | lvl1_V_4     | add | fabric | 0       |
|     lvl1_V_5_fu_1166_p2                          | -   |        | lvl1_V_5     | add | fabric | 0       |
|     lvl1_V_6_fu_1192_p2                          | -   |        | lvl1_V_6     | add | fabric | 0       |
|     lvl1_V_7_fu_1218_p2                          | -   |        | lvl1_V_7     | add | fabric | 0       |
|     lvl1_V_8_fu_1244_p2                          | -   |        | lvl1_V_8     | add | fabric | 0       |
|     lvl1_V_9_fu_1270_p2                          | -   |        | lvl1_V_9     | add | fabric | 0       |
|     lvl1_V_10_fu_1296_p2                         | -   |        | lvl1_V_10    | add | fabric | 0       |
|     lvl1_V_11_fu_1322_p2                         | -   |        | lvl1_V_11    | add | fabric | 0       |
|     lvl1_V_12_fu_1348_p2                         | -   |        | lvl1_V_12    | add | fabric | 0       |
|     lvl1_V_13_fu_1374_p2                         | -   |        | lvl1_V_13    | add | fabric | 0       |
|     lvl1_V_14_fu_1400_p2                         | -   |        | lvl1_V_14    | add | fabric | 0       |
|     lvl1_V_15_fu_1426_p2                         | -   |        | lvl1_V_15    | add | fabric | 0       |
|     add_ln232_fu_1440_p2                         | -   |        | add_ln232    | add | fabric | 0       |
|     add_ln232_1_fu_1454_p2                       | -   |        | add_ln232_1  | add | fabric | 0       |
|     add_ln232_2_fu_1468_p2                       | -   |        | add_ln232_2  | add | fabric | 0       |
|     add_ln232_3_fu_1482_p2                       | -   |        | add_ln232_3  | add | fabric | 0       |
|     add_ln232_4_fu_1496_p2                       | -   |        | add_ln232_4  | add | fabric | 0       |
|     add_ln232_5_fu_1510_p2                       | -   |        | add_ln232_5  | add | fabric | 0       |
|     add_ln232_6_fu_1524_p2                       | -   |        | add_ln232_6  | add | fabric | 0       |
|     add_ln232_7_fu_1538_p2                       | -   |        | add_ln232_7  | add | fabric | 0       |
|     add_ln232_8_fu_1552_p2                       | -   |        | add_ln232_8  | add | fabric | 0       |
|     add_ln232_9_fu_1566_p2                       | -   |        | add_ln232_9  | add | fabric | 0       |
|     add_ln232_10_fu_1580_p2                      | -   |        | add_ln232_10 | add | fabric | 0       |
|     add_ln232_11_fu_1594_p2                      | -   |        | add_ln232_11 | add | fabric | 0       |
|     add_ln232_12_fu_1606_p2                      | -   |        | add_ln232_12 | add | fabric | 0       |
|     add_ln232_13_fu_1618_p2                      | -   |        | add_ln232_13 | add | fabric | 0       |
|     add_ln886_fu_1632_p2                         | -   |        | add_ln886    | add | fabric | 0       |
|     sum_V_fu_1644_p2                             | -   |        | sum_V        | add | fabric | 0       |
|   + process_tcp_checksum_Pipeline_tail_word_loop | 0   |        |              |     |        |         |
|     add_ln727_fu_177_p2                          | -   |        | add_ln727    | add | fabric | 0       |
|     add_ln727_2_fu_187_p2                        | -   |        | add_ln727_2  | add | fabric | 0       |
|     add_ln727_4_fu_203_p2                        | -   |        | add_ln727_4  | add | fabric | 0       |
|     add_ln727_3_fu_242_p2                        | -   |        | add_ln727_3  | add | fabric | 0       |
|     add_ln727_5_fu_287_p2                        | -   |        | add_ln727_5  | add | fabric | 0       |
|     sum_V_5_fu_332_p2                            | -   |        | sum_V_5      | add | fabric | 0       |
|     i_4_fu_209_p2                                | -   |        | i_4          | add | fabric | 0       |
|     add_ln723_fu_215_p2                          | -   |        | add_ln723    | add | fabric | 0       |
+--------------------------------------------------+-----+--------+--------------+-----+--------+---------+


================================================================
== Bind Storage Report
================================================================
  No bind storage info in design

================================================================
== Pragma Report
================================================================
* Valid Pragma Syntax
+-----------------+-----------------------------------------------------------------+---------------------------------------------------------------+
| Type            | Options                                                         | Location                                                      |
+-----------------+-----------------------------------------------------------------+---------------------------------------------------------------+
| inline          |                                                                 | ../../../src/kernel.cpp:54 in rotr32                          |
| inline          |                                                                 | ../../../src/kernel.cpp:60 in sha256_ch                       |
| inline          |                                                                 | ../../../src/kernel.cpp:66 in sha256_maj                      |
| inline          |                                                                 | ../../../src/kernel.cpp:72 in sha256_bsig0                    |
| inline          |                                                                 | ../../../src/kernel.cpp:78 in sha256_bsig1                    |
| inline          |                                                                 | ../../../src/kernel.cpp:84 in sha256_ssig0                    |
| inline          |                                                                 | ../../../src/kernel.cpp:90 in sha256_ssig1                    |
| inline          |                                                                 | ../../../src/kernel.cpp:96 in to_be16                         |
| inline          |                                                                 | ../../../src/kernel.cpp:102 in to_be32                        |
| inline          |                                                                 | ../../../src/kernel.cpp:111 in pack_block_64                  |
| unroll          |                                                                 | ../../../src/kernel.cpp:116 in pack_block_64                  |
| inline          | off                                                             | ../../../src/kernel.cpp:124 in sha256_compress_block          |
| array_partition | variable = wbuf complete dim = 1                                | ../../../src/kernel.cpp:127 in sha256_compress_block          |
| unroll          |                                                                 | ../../../src/kernel.cpp:132 in sha256_compress_block          |
| pipeline        | II = 1                                                          | ../../../src/kernel.cpp:149 in sha256_compress_block          |
| inline          | off                                                             | ../../../src/kernel.cpp:196 in sha256_process_and_write_chunk |
| array_partition | variable = digest complete dim = 1                              | ../../../src/kernel.cpp:199 in sha256_process_and_write_chunk |
| pipeline        | II = 1                                                          | ../../../src/kernel.cpp:206 in sha256_process_and_write_chunk |
| inline          | off                                                             | ../../../src/kernel.cpp:215 in sha256_process_chunk           |
| unroll          |                                                                 | ../../../src/kernel.cpp:221 in sha256_process_chunk           |
| pipeline        | II = 1                                                          | ../../../src/kernel.cpp:254 in sha256_process_chunk           |
| pipeline        | II = 1                                                          | ../../../src/kernel.cpp:261 in sha256_process_chunk           |
| pipeline        | II = 1                                                          | ../../../src/kernel.cpp:273 in sha256_process_chunk           |
| pipeline        | II = 1                                                          | ../../../src/kernel.cpp:287 in sha256_process_chunk           |
| pipeline        | II = 1                                                          | ../../../src/kernel.cpp:294 in sha256_process_chunk           |
| unroll          |                                                                 | ../../../src/kernel.cpp:304 in sha256_process_chunk           |
| pipeline        | II = 1                                                          | ../../../src/kernel.cpp:325 in read_input                     |
| pipeline        | II = 1                                                          | ../../../src/kernel.cpp:352 in write_output                   |
| inline          | off                                                             | ../../../src/kernel.cpp:360 in load_crc_tables                |
| array_partition | variable = crcTables complete dim = 1                           | ../../../src/kernel.cpp:361 in load_crc_tables                |
| bind_storage    | variable = crcTables type = ram_1p impl = bram                  | ../../../src/kernel.cpp:362 in load_crc_tables                |
| pipeline        | II = 1                                                          | ../../../src/kernel.cpp:370 in load_crc_tables                |
| inline          | off                                                             | ../../../src/kernel.cpp:386 in crc_process_full_blocks        |
| array_partition | variable = crcTables complete dim = 1                           | ../../../src/kernel.cpp:387 in crc_process_full_blocks        |
| bind_storage    | variable = crcTables type = ram_1p impl = bram                  | ../../../src/kernel.cpp:388 in crc_process_full_blocks        |
| pipeline        | II = 1                                                          | ../../../src/kernel.cpp:393 in crc_process_full_blocks        |
| inline          | off                                                             | ../../../src/kernel.cpp:439 in crc_process_tail_bytes         |
| array_partition | variable = crcTables complete dim = 1                           | ../../../src/kernel.cpp:440 in crc_process_tail_bytes         |
| bind_storage    | variable = crcTables type = ram_1p impl = bram                  | ../../../src/kernel.cpp:441 in crc_process_tail_bytes         |
| pipeline        | II = 1                                                          | ../../../src/kernel.cpp:446 in crc_process_tail_bytes         |
| inline          | off                                                             | ../../../src/kernel.cpp:519 in process_crc_chunks             |
| array_partition | variable = crcTables complete dim = 1                           | ../../../src/kernel.cpp:520 in process_crc_chunks             |
| bind_storage    | variable = crcTables type = ram_1p impl = bram                  | ../../../src/kernel.cpp:521 in process_crc_chunks             |
| inline          | off                                                             | ../../../src/kernel.cpp:566 in crc_dataflow_region            |
| stream          | variable = inByte0 depth = 64                                   | ../../../src/kernel.cpp:585 in crc_dataflow_region            |
| stream          | variable = inByte1 depth = 64                                   | ../../../src/kernel.cpp:586 in crc_dataflow_region            |
| stream          | variable = inByte2 depth = 64                                   | ../../../src/kernel.cpp:587 in crc_dataflow_region            |
| stream          | variable = inByte3 depth = 64                                   | ../../../src/kernel.cpp:588 in crc_dataflow_region            |
| stream          | variable = inByte4 depth = 64                                   | ../../../src/kernel.cpp:589 in crc_dataflow_region            |
| stream          | variable = inByte5 depth = 64                                   | ../../../src/kernel.cpp:590 in crc_dataflow_region            |
| stream          | variable = inByte6 depth = 64                                   | ../../../src/kernel.cpp:591 in crc_dataflow_region            |
| stream          | variable = inByte7 depth = 64                                   | ../../../src/kernel.cpp:592 in crc_dataflow_region            |
| stream          | variable = inByte8 depth = 64                                   | ../../../src/kernel.cpp:593 in crc_dataflow_region            |
| stream          | variable = inByte9 depth = 64                                   | ../../../src/kernel.cpp:594 in crc_dataflow_region            |
| stream          | variable = inByte10 depth = 64                                  | ../../../src/kernel.cpp:595 in crc_dataflow_region            |
| stream          | variable = inByte11 depth = 64                                  | ../../../src/kernel.cpp:596 in crc_dataflow_region            |
| stream          | variable = inByte12 depth = 64                                  | ../../../src/kernel.cpp:597 in crc_dataflow_region            |
| stream          | variable = inByte13 depth = 64                                  | ../../../src/kernel.cpp:598 in crc_dataflow_region            |
| stream          | variable = inByte14 depth = 64                                  | ../../../src/kernel.cpp:599 in crc_dataflow_region            |
| stream          | variable = inByte15 depth = 64                                  | ../../../src/kernel.cpp:600 in crc_dataflow_region            |
| stream          | variable = outStream depth = 64                                 | ../../../src/kernel.cpp:603 in crc_dataflow_region            |
| dataflow        |                                                                 | ../../../src/kernel.cpp:605 in crc_dataflow_region            |
| inline          |                                                                 | ../../../src/kernel.cpp:629 in fold_add                       |
| inline          |                                                                 | ../../../src/kernel.cpp:636 in tcp_checksum_chunk_scalar      |
| pipeline        | II = 1                                                          | ../../../src/kernel.cpp:643 in tcp_checksum_chunk_scalar      |
| inline          |                                                                 | ../../../src/kernel.cpp:665 in tcp_checksum_chunk_vector      |
| pipeline        | II = 1                                                          | ../../../src/kernel.cpp:672 in tcp_checksum_chunk_vector      |
| array_partition | variable = lvl1 complete                                        | ../../../src/kernel.cpp:679 in tcp_checksum_chunk_vector      |
| array_partition | variable = lvl2 complete                                        | ../../../src/kernel.cpp:680 in tcp_checksum_chunk_vector      |
| array_partition | variable = lvl3 complete                                        | ../../../src/kernel.cpp:681 in tcp_checksum_chunk_vector      |
| array_partition | variable = lvl4 complete                                        | ../../../src/kernel.cpp:682 in tcp_checksum_chunk_vector      |
| unroll          |                                                                 | ../../../src/kernel.cpp:687 in tcp_checksum_chunk_vector      |
| unroll          |                                                                 | ../../../src/kernel.cpp:698 in tcp_checksum_chunk_vector      |
| unroll          |                                                                 | ../../../src/kernel.cpp:705 in tcp_checksum_chunk_vector      |
| unroll          |                                                                 | ../../../src/kernel.cpp:712 in tcp_checksum_chunk_vector      |
| pipeline        | II = 1                                                          | ../../../src/kernel.cpp:725 in tcp_checksum_chunk_vector      |
| unroll          |                                                                 | ../../../src/kernel.cpp:743 in tcp_checksum_chunk_vector      |
| pipeline        | II = 1                                                          | ../../../src/kernel.cpp:760 in process_tcp_checksum           |
| array_partition | variable = crcTables complete dim = 1                           | ../../../src/kernel.cpp:803 in process_crc                    |
| bind_storage    | variable = crcTables type = ram_1p impl = bram                  | ../../../src/kernel.cpp:804 in process_crc                    |
| interface       | m_axi port = data_in bundle = gmem0 depth = 1024 offset = slave | ../../../src/kernel.cpp:836 in calculate_tcp_checksum         |
| interface       | m_axi port = crc_out bundle = gmem0 depth = 1024 offset = slave | ../../../src/kernel.cpp:837 in calculate_tcp_checksum         |
+-----------------+-----------------------------------------------------------------+---------------------------------------------------------------+


