

================================================================
== Vitis HLS Report for 'process_tcp_checksum'
================================================================
* Date:           Thu Apr  2 18:18:22 2026

* Version:        2022.1 (Build 3526262 on Mon Apr 18 15:47:01 MDT 2022)
* Project:        calculate_tcp_checksum
* Solution:       solution (Vitis Kernel Flow Target)
* Product family: virtexuplus
* Target device:  xcu280-fsvh2892-2L-e


================================================================
== Performance Estimates
================================================================
+ Timing: 
    * Summary: 
    +--------+---------+----------+------------+
    |  Clock |  Target | Estimated| Uncertainty|
    +--------+---------+----------+------------+
    |ap_clk  |  3.33 ns|  2.433 ns|     0.90 ns|
    +--------+---------+----------+------------+

+ Latency: 
    * Summary: 
    +---------+---------+----------+----------+-----+-----+---------+
    |  Latency (cycles) |  Latency (absolute) |  Interval | Pipeline|
    |   min   |   max   |    min   |    max   | min | max |   Type  |
    +---------+---------+----------+----------+-----+-----+---------+
    |        ?|        ?|         ?|         ?|    ?|    ?|       no|
    +---------+---------+----------+----------+-----+-----+---------+

    + Detail: 
        * Instance: 
        +---------------------------------------------------------+----------------------------------------------+---------+---------+-----------+----------+-----+-----+---------+
        |                                                         |                                              |  Latency (cycles) |  Latency (absolute)  |  Interval | Pipeline|
        |                         Instance                        |                    Module                    |   min   |   max   |    min    |    max   | min | max |   Type  |
        +---------------------------------------------------------+----------------------------------------------+---------+---------+-----------+----------+-----+-----+---------+
        |grp_process_tcp_checksum_Pipeline_word_loop_fu_283       |process_tcp_checksum_Pipeline_word_loop       |        ?|        ?|          ?|         ?|    ?|    ?|       no|
        |grp_process_tcp_checksum_Pipeline_vec_word_loop_fu_294   |process_tcp_checksum_Pipeline_vec_word_loop   |        6|        ?|  19.998 ns|         ?|    6|    ?|       no|
        |grp_process_tcp_checksum_Pipeline_tail_word_loop_fu_303  |process_tcp_checksum_Pipeline_tail_word_loop  |        ?|        ?|          ?|         ?|    ?|    ?|       no|
        +---------------------------------------------------------+----------------------------------------------+---------+---------+-----------+----------+-----+-----+---------+

        * Loop: 
        +------------------+---------+---------+----------+-----------+-----------+------+----------+
        |                  |  Latency (cycles) | Iteration|  Initiation Interval  | Trip |          |
        |     Loop Name    |   min   |   max   |  Latency |  achieved |   target  | Count| Pipelined|
        +------------------+---------+---------+----------+-----------+-----------+------+----------+
        |- tcp_chunk_loop  |        ?|        ?|         ?|          -|          -|     ?|        no|
        +------------------+---------+---------+----------+-----------+-----------+------+----------+



================================================================
== Utilization Estimates
================================================================
* Summary: 
+---------------------+---------+------+---------+---------+-----+
|         Name        | BRAM_18K|  DSP |    FF   |   LUT   | URAM|
+---------------------+---------+------+---------+---------+-----+
|DSP                  |        -|     -|        -|        -|    -|
|Expression           |        -|     -|        0|     7786|    -|
|FIFO                 |        -|     -|        -|        -|    -|
|Instance             |        -|     -|     3860|    11056|    -|
|Memory               |        -|     -|        -|        -|    -|
|Multiplexer          |        -|     -|        -|     2039|    -|
|Register             |        -|     -|     2897|        -|    -|
+---------------------+---------+------+---------+---------+-----+
|Total                |        0|     0|     6757|    20881|    0|
+---------------------+---------+------+---------+---------+-----+
|Available SLR        |     1344|  3008|   869120|   434560|  320|
+---------------------+---------+------+---------+---------+-----+
|Utilization SLR (%)  |        0|     0|       ~0|        4|    0|
+---------------------+---------+------+---------+---------+-----+
|Available            |     4032|  9024|  2607360|  1303680|  960|
+---------------------+---------+------+---------+---------+-----+
|Utilization (%)      |        0|     0|       ~0|        1|    0|
+---------------------+---------+------+---------+---------+-----+

+ Detail: 
    * Instance: 
    +---------------------------------------------------------+----------------------------------------------+---------+----+------+------+-----+
    |                         Instance                        |                    Module                    | BRAM_18K| DSP|  FF  |  LUT | URAM|
    +---------------------------------------------------------+----------------------------------------------+---------+----+------+------+-----+
    |grp_process_tcp_checksum_Pipeline_tail_word_loop_fu_303  |process_tcp_checksum_Pipeline_tail_word_loop  |        0|   0|  1558|  4874|    0|
    |grp_process_tcp_checksum_Pipeline_vec_word_loop_fu_294   |process_tcp_checksum_Pipeline_vec_word_loop   |        0|   0|   756|   966|    0|
    |grp_process_tcp_checksum_Pipeline_word_loop_fu_283       |process_tcp_checksum_Pipeline_word_loop       |        0|   0|  1546|  5216|    0|
    +---------------------------------------------------------+----------------------------------------------+---------+----+------+------+-----+
    |Total                                                    |                                              |        0|   0|  3860| 11056|    0|
    +---------------------------------------------------------+----------------------------------------------+---------+----+------+------+-----+

    * DSP: 
    N/A

    * Memory: 
    N/A

    * FIFO: 
    N/A

    * Expression: 
    +-------------------------+----------+----+---+------+------------+------------+
    |      Variable Name      | Operation| DSP| FF|  LUT | Bitwidth P0| Bitwidth P1|
    +-------------------------+----------+----+---+------+------------+------------+
    |add_ln1543_1_fu_820_p2   |         +|   0|  0|    23|          16|          16|
    |add_ln1543_fu_788_p2     |         +|   0|  0|    23|          16|          16|
    |add_ln630_fu_595_p2      |         +|   0|  0|    23|          16|          16|
    |add_ln652_1_fu_522_p2    |         +|   0|  0|    71|          64|          64|
    |add_ln652_2_fu_538_p2    |         +|   0|  0|    13|           6|           6|
    |add_ln723_1_fu_677_p2    |         +|   0|  0|    39|          32|          32|
    |add_ln735_1_fu_692_p2    |         +|   0|  0|    71|          64|          64|
    |add_ln735_2_fu_707_p2    |         +|   0|  0|    13|           6|           6|
    |add_ln735_fu_684_p2      |         +|   0|  0|    71|          64|          64|
    |add_ln758_1_fu_446_p2    |         +|   0|  0|    71|          64|          64|
    |add_ln758_fu_456_p2      |         +|   0|  0|    39|          32|           1|
    |add_ln761_fu_480_p2      |         +|   0|  0|    71|          64|          64|
    |add_ln774_1_fu_913_p2    |         +|   0|  0|    13|           6|           6|
    |add_ln774_fu_908_p2      |         +|   0|  0|    71|          64|          64|
    |add_ln955_1_fu_865_p2    |         +|   0|  0|     2|           2|           2|
    |add_ln955_2_fu_871_p2    |         +|   0|  0|     2|           2|           2|
    |add_ln955_fu_881_p2      |         +|   0|  0|    23|          16|          16|
    |folded_V_2_fu_782_p2     |         +|   0|  0|    24|          17|          17|
    |folded_V_3_fu_814_p2     |         +|   0|  0|    24|          17|          17|
    |folded_V_4_fu_842_p2     |         +|   0|  0|    24|          17|          17|
    |folded_V_fu_639_p2       |         +|   0|  0|    23|          16|          16|
    |grp_fu_317_p2            |         +|   0|  0|    71|          64|          64|
    |sub136_i_fu_373_p2       |         +|   0|  0|    39|          32|           2|
    |sum_V_7_fu_754_p2        |         +|   0|  0|    39|          32|          32|
    |sum_V_fu_617_p2          |         +|   0|  0|    24|          17|          17|
    |tmp_4_fu_589_p2          |         +|   0|  0|    24|          17|          17|
    |tail_bytes_fu_363_p2     |         -|   0|  0|    39|          32|          32|
    |cmp_i211268_fu_383_p2    |      icmp|   0|  0|    17|          26|           1|
    |icmp39_fu_415_p2         |      icmp|   0|  0|    19|          31|           1|
    |icmp_fu_399_p2           |      icmp|   0|  0|    19|          31|           1|
    |icmp_ln650_fu_505_p2     |      icmp|   0|  0|    20|          32|          32|
    |icmp_ln758_fu_451_p2     |      icmp|   0|  0|    20|          32|          32|
    |vector_blocks_fu_331_p2  |      icmp|   0|  0|    10|           6|           1|
    |lshr_ln652_fu_565_p2     |      lshr|   0|  0|  2171|         512|         512|
    |lshr_ln735_fu_733_p2     |      lshr|   0|  0|  2171|         512|         512|
    |shl_ln774_1_fu_966_p2    |       shl|   0|  0|  2171|         512|         512|
    |shl_ln774_fu_949_p2      |       shl|   0|  0|   182|           4|          64|
    |checksum_V_fu_936_p2     |       xor|   0|  0|    16|          16|           2|
    +-------------------------+----------+----+---+------+------------+------------+
    |Total                    |          |   0|  0|  7786|        2509|        2404|
    +-------------------------+----------+----+---+------+------------+------------+

    * Multiplexer: 
    +------------------------------------------+------+-----------+-----+-----------+
    |                   Name                   |  LUT | Input Size| Bits| Total Bits|
    +------------------------------------------+------+-----------+-----+-----------+
    |ap_NS_fsm                                 |  1595|        301|    1|        301|
    |ap_phi_mux_sum_V_4_phi_fu_246_p4          |     9|          2|   47|         94|
    |ap_phi_mux_sum_i13_1_lcssa_phi_fu_257_p4  |     9|          2|   32|         64|
    |c_fu_116                                  |     9|          2|   32|         64|
    |checksum_0_in_reg_274                     |     9|          2|   16|         32|
    |chunk_offset_fu_112                       |     9|          2|   64|        128|
    |gmem0_blk_n_AR                            |     9|          2|    1|          2|
    |gmem0_blk_n_AW                            |     9|          2|    1|          2|
    |gmem0_blk_n_B                             |     9|          2|    1|          2|
    |gmem0_blk_n_R                             |     9|          2|    1|          2|
    |gmem0_blk_n_W                             |     9|          2|    1|          2|
    |i_0_i_lcssa_reg_221                       |     9|          2|   32|         64|
    |m_axi_gmem0_ARADDR                        |    37|          7|   64|        448|
    |m_axi_gmem0_ARBURST                       |    20|          4|    2|          8|
    |m_axi_gmem0_ARCACHE                       |    20|          4|    4|         16|
    |m_axi_gmem0_ARID                          |    20|          4|    1|          4|
    |m_axi_gmem0_ARLEN                         |    31|          6|   32|        192|
    |m_axi_gmem0_ARLOCK                        |    20|          4|    2|          8|
    |m_axi_gmem0_ARPROT                        |    20|          4|    3|         12|
    |m_axi_gmem0_ARQOS                         |    20|          4|    4|         16|
    |m_axi_gmem0_ARREGION                      |    20|          4|    4|         16|
    |m_axi_gmem0_ARSIZE                        |    20|          4|    3|         12|
    |m_axi_gmem0_ARUSER                        |    20|          4|    1|          4|
    |m_axi_gmem0_ARVALID                       |    26|          5|    1|          5|
    |m_axi_gmem0_RREADY                        |    26|          5|    1|          5|
    |sum_V_4_reg_242                           |     9|          2|   47|         94|
    |sum_V_6_reg_232                           |     9|          2|   17|         34|
    |sum_V_9_reg_264                           |     9|          2|   32|         64|
    |sum_i13_1_lcssa_reg_254                   |     9|          2|   32|         64|
    |sum_i_0_lcssa_reg_209                     |     9|          2|   17|         34|
    +------------------------------------------+------+-----------+-----+-----------+
    |Total                                     |  2039|        392|  496|       1793|
    +------------------------------------------+------+-----------+-----+-----------+

    * Register: 
    +----------------------------------------------------------------------+-----+----+-----+-----------+
    |                                 Name                                 |  FF | LUT| Bits| Const Bits|
    +----------------------------------------------------------------------+-----+----+-----+-----------+
    |add_ln1543_reg_1225                                                   |   16|   0|   16|          0|
    |add_ln652_2_reg_1153                                                  |    6|   0|    6|          0|
    |add_ln735_2_reg_1204                                                  |    6|   0|    6|          0|
    |add_ln758_1_reg_1115                                                  |   64|   0|   64|          0|
    |add_ln758_reg_1123                                                    |   32|   0|   32|          0|
    |add_ln774_1_reg_1250                                                  |    6|   0|    6|          0|
    |ap_CS_fsm                                                             |  300|   0|  300|          0|
    |c_fu_116                                                              |   32|   0|   32|          0|
    |checksum_0_in_reg_274                                                 |   16|   0|   16|          0|
    |chunk_offset_fu_112                                                   |   64|   0|   64|          0|
    |cmp_i211268_reg_1087                                                  |    1|   0|    1|          0|
    |conv2_reg_1053                                                        |   32|   0|   64|         32|
    |empty_28_reg_1078                                                     |    1|   0|    1|          0|
    |gmem0_addr_3_read_reg_1164                                            |  512|   0|  512|          0|
    |gmem0_addr_4_read_reg_1215                                            |  512|   0|  512|          0|
    |grp_process_tcp_checksum_Pipeline_tail_word_loop_fu_303_ap_start_reg  |    1|   0|    1|          0|
    |grp_process_tcp_checksum_Pipeline_vec_word_loop_fu_294_ap_start_reg   |    1|   0|    1|          0|
    |grp_process_tcp_checksum_Pipeline_word_loop_fu_283_ap_start_reg       |    1|   0|    1|          0|
    |i_0_i_lcssa_reg_221                                                   |   32|   0|   32|          0|
    |icmp39_reg_1095                                                       |    1|   0|    1|          0|
    |icmp_reg_1091                                                         |    1|   0|    1|          0|
    |idxprom137_i_reg_1082                                                 |   32|   0|   64|         32|
    |r_V_2_reg_1230                                                        |    1|   0|    1|          0|
    |r_V_3_reg_1235                                                        |    1|   0|    1|          0|
    |reg_321                                                               |   64|   0|   64|          0|
    |ret_V_33_loc_fu_128                                                   |   16|   0|   16|          0|
    |shl_ln774_1_reg_1266                                                  |  512|   0|  512|          0|
    |shl_ln774_reg_1261                                                    |   64|   0|   64|          0|
    |sum_V_1_loc_fu_124                                                    |   17|   0|   17|          0|
    |sum_V_4_reg_242                                                       |   47|   0|   47|          0|
    |sum_V_6_reg_232                                                       |   17|   0|   17|          0|
    |sum_V_7_loc_fu_132                                                    |   32|   0|   32|          0|
    |sum_V_9_reg_264                                                       |   32|   0|   32|          0|
    |sum_i13_1_lcssa_reg_254                                               |   32|   0|   32|          0|
    |sum_i_0_lcssa_reg_209                                                 |   17|   0|   17|          0|
    |tail_bytes_reg_1073                                                   |   32|   0|   32|          0|
    |tail_offset_reg_1068                                                  |   26|   0|   32|          6|
    |tmp_9_reg_1240                                                        |    1|   0|    1|          0|
    |trunc_ln1715_reg_1169                                                 |    8|   0|    8|          0|
    |trunc_ln645_reg_1128                                                  |    6|   0|    6|          0|
    |trunc_ln652_2_reg_1148                                                |   58|   0|   58|          0|
    |trunc_ln727_reg_1194                                                  |    6|   0|    6|          0|
    |trunc_ln735_1_reg_1199                                                |   58|   0|   58|          0|
    |trunc_ln735_reg_1104                                                  |    6|   0|    6|          0|
    |trunc_ln774_reg_1099                                                  |    6|   0|    6|          0|
    |trunc_ln9_reg_1256                                                    |   58|   0|   58|          0|
    |trunc_ln_reg_1133                                                     |   58|   0|   58|          0|
    |vec_words_1_reg_1063                                                  |   26|   0|   32|          6|
    |vec_words_reg_1058                                                    |   26|   0|   26|          0|
    |vector_blocks_reg_1049                                                |    1|   0|    1|          0|
    +----------------------------------------------------------------------+-----+----+-----+-----------+
    |Total                                                                 | 2897|   0| 2973|         76|
    +----------------------------------------------------------------------+-----+----+-----+-----------+



================================================================
== Interface
================================================================
* Summary: 
+----------------------+-----+-----+------------+----------------------+--------------+
|       RTL Ports      | Dir | Bits|  Protocol  |     Source Object    |    C Type    |
+----------------------+-----+-----+------------+----------------------+--------------+
|ap_clk                |   in|    1|  ap_ctrl_hs|  process_tcp_checksum|  return value|
|ap_rst                |   in|    1|  ap_ctrl_hs|  process_tcp_checksum|  return value|
|ap_start              |   in|    1|  ap_ctrl_hs|  process_tcp_checksum|  return value|
|ap_done               |  out|    1|  ap_ctrl_hs|  process_tcp_checksum|  return value|
|ap_idle               |  out|    1|  ap_ctrl_hs|  process_tcp_checksum|  return value|
|ap_ready              |  out|    1|  ap_ctrl_hs|  process_tcp_checksum|  return value|
|m_axi_gmem0_AWVALID   |  out|    1|       m_axi|                 gmem0|       pointer|
|m_axi_gmem0_AWREADY   |   in|    1|       m_axi|                 gmem0|       pointer|
|m_axi_gmem0_AWADDR    |  out|   64|       m_axi|                 gmem0|       pointer|
|m_axi_gmem0_AWID      |  out|    1|       m_axi|                 gmem0|       pointer|
|m_axi_gmem0_AWLEN     |  out|   32|       m_axi|                 gmem0|       pointer|
|m_axi_gmem0_AWSIZE    |  out|    3|       m_axi|                 gmem0|       pointer|
|m_axi_gmem0_AWBURST   |  out|    2|       m_axi|                 gmem0|       pointer|
|m_axi_gmem0_AWLOCK    |  out|    2|       m_axi|                 gmem0|       pointer|
|m_axi_gmem0_AWCACHE   |  out|    4|       m_axi|                 gmem0|       pointer|
|m_axi_gmem0_AWPROT    |  out|    3|       m_axi|                 gmem0|       pointer|
|m_axi_gmem0_AWQOS     |  out|    4|       m_axi|                 gmem0|       pointer|
|m_axi_gmem0_AWREGION  |  out|    4|       m_axi|                 gmem0|       pointer|
|m_axi_gmem0_AWUSER    |  out|    1|       m_axi|                 gmem0|       pointer|
|m_axi_gmem0_WVALID    |  out|    1|       m_axi|                 gmem0|       pointer|
|m_axi_gmem0_WREADY    |   in|    1|       m_axi|                 gmem0|       pointer|
|m_axi_gmem0_WDATA     |  out|  512|       m_axi|                 gmem0|       pointer|
|m_axi_gmem0_WSTRB     |  out|   64|       m_axi|                 gmem0|       pointer|
|m_axi_gmem0_WLAST     |  out|    1|       m_axi|                 gmem0|       pointer|
|m_axi_gmem0_WID       |  out|    1|       m_axi|                 gmem0|       pointer|
|m_axi_gmem0_WUSER     |  out|    1|       m_axi|                 gmem0|       pointer|
|m_axi_gmem0_ARVALID   |  out|    1|       m_axi|                 gmem0|       pointer|
|m_axi_gmem0_ARREADY   |   in|    1|       m_axi|                 gmem0|       pointer|
|m_axi_gmem0_ARADDR    |  out|   64|       m_axi|                 gmem0|       pointer|
|m_axi_gmem0_ARID      |  out|    1|       m_axi|                 gmem0|       pointer|
|m_axi_gmem0_ARLEN     |  out|   32|       m_axi|                 gmem0|       pointer|
|m_axi_gmem0_ARSIZE    |  out|    3|       m_axi|                 gmem0|       pointer|
|m_axi_gmem0_ARBURST   |  out|    2|       m_axi|                 gmem0|       pointer|
|m_axi_gmem0_ARLOCK    |  out|    2|       m_axi|                 gmem0|       pointer|
|m_axi_gmem0_ARCACHE   |  out|    4|       m_axi|                 gmem0|       pointer|
|m_axi_gmem0_ARPROT    |  out|    3|       m_axi|                 gmem0|       pointer|
|m_axi_gmem0_ARQOS     |  out|    4|       m_axi|                 gmem0|       pointer|
|m_axi_gmem0_ARREGION  |  out|    4|       m_axi|                 gmem0|       pointer|
|m_axi_gmem0_ARUSER    |  out|    1|       m_axi|                 gmem0|       pointer|
|m_axi_gmem0_RVALID    |   in|    1|       m_axi|                 gmem0|       pointer|
|m_axi_gmem0_RREADY    |  out|    1|       m_axi|                 gmem0|       pointer|
|m_axi_gmem0_RDATA     |   in|  512|       m_axi|                 gmem0|       pointer|
|m_axi_gmem0_RLAST     |   in|    1|       m_axi|                 gmem0|       pointer|
|m_axi_gmem0_RID       |   in|    1|       m_axi|                 gmem0|       pointer|
|m_axi_gmem0_RFIFONUM  |   in|    9|       m_axi|                 gmem0|       pointer|
|m_axi_gmem0_RUSER     |   in|    1|       m_axi|                 gmem0|       pointer|
|m_axi_gmem0_RRESP     |   in|    2|       m_axi|                 gmem0|       pointer|
|m_axi_gmem0_BVALID    |   in|    1|       m_axi|                 gmem0|       pointer|
|m_axi_gmem0_BREADY    |  out|    1|       m_axi|                 gmem0|       pointer|
|m_axi_gmem0_BRESP     |   in|    2|       m_axi|                 gmem0|       pointer|
|m_axi_gmem0_BID       |   in|    1|       m_axi|                 gmem0|       pointer|
|m_axi_gmem0_BUSER     |   in|    1|       m_axi|                 gmem0|       pointer|
|data_in               |   in|   64|     ap_none|               data_in|        scalar|
|crc_out               |   in|   64|     ap_none|               crc_out|        scalar|
|numChunks             |   in|   32|     ap_none|             numChunks|        scalar|
|chunkSize             |   in|   32|     ap_none|             chunkSize|        scalar|
+----------------------+-----+-----+------------+----------------------+--------------+

