

================================================================
== Vitis HLS Report for 'process_tcp_checksum_Pipeline_word_loop'
================================================================
* Date:           Thu Apr  2 18:18:21 2026

* Version:        2022.1 (Build 3526262 on Mon Apr 18 15:47:01 MDT 2022)
* Project:        calculate_tcp_checksum
* Solution:       solution (Vitis Kernel Flow Target)
* Product family: virtexuplus
* Target device:  xcu280-fsvh2892-2L-e


================================================================
== Performance Estimates
================================================================
+ Timing: 
    * Summary: 
    +--------+---------+----------+------------+
    |  Clock |  Target | Estimated| Uncertainty|
    +--------+---------+----------+------------+
    |ap_clk  |  3.33 ns|  2.433 ns|     0.90 ns|
    +--------+---------+----------+------------+

+ Latency: 
    * Summary: 
    +---------+---------+----------+----------+-----+-----+---------+
    |  Latency (cycles) |  Latency (absolute) |  Interval | Pipeline|
    |   min   |   max   |    min   |    max   | min | max |   Type  |
    +---------+---------+----------+----------+-----+-----+---------+
    |        ?|        ?|         ?|         ?|    ?|    ?|       no|
    +---------+---------+----------+----------+-----+-----+---------+

    + Detail: 
        * Instance: 
        N/A

        * Loop: 
        +-------------+---------+---------+----------+-----------+-----------+------+----------+
        |             |  Latency (cycles) | Iteration|  Initiation Interval  | Trip |          |
        |  Loop Name  |   min   |   max   |  Latency |  achieved |   target  | Count| Pipelined|
        +-------------+---------+---------+----------+-----------+-----------+------+----------+
        |- word_loop  |        ?|        ?|        75|          2|          1|     ?|       yes|
        +-------------+---------+---------+----------+-----------+-----------+------+----------+



================================================================
== Utilization Estimates
================================================================
* Summary: 
+---------------------+---------+------+---------+---------+-----+
|         Name        | BRAM_18K|  DSP |    FF   |   LUT   | URAM|
+---------------------+---------+------+---------+---------+-----+
|DSP                  |        -|     -|        -|        -|    -|
|Expression           |        -|     -|        0|     4687|    -|
|FIFO                 |        -|     -|        -|        -|    -|
|Instance             |        -|     -|        -|        -|    -|
|Memory               |        -|     -|        -|        -|    -|
|Multiplexer          |        -|     -|        -|      433|    -|
|Register             |        -|     -|     1546|       96|    -|
+---------------------+---------+------+---------+---------+-----+
|Total                |        0|     0|     1546|     5216|    0|
+---------------------+---------+------+---------+---------+-----+
|Available SLR        |     1344|  3008|   869120|   434560|  320|
+---------------------+---------+------+---------+---------+-----+
|Utilization SLR (%)  |        0|     0|       ~0|        1|    0|
+---------------------+---------+------+---------+---------+-----+
|Available            |     4032|  9024|  2607360|  1303680|  960|
+---------------------+---------+------+---------+---------+-----+
|Utilization (%)      |        0|     0|       ~0|       ~0|    0|
+---------------------+---------+------+---------+---------+-----+

+ Detail: 
    * Instance: 
    N/A

    * DSP: 
    N/A

    * Memory: 
    N/A

    * FIFO: 
    N/A

    * Expression: 
    +---------------------------+----------+----+---+------+------------+------------+
    |       Variable Name       | Operation| DSP| FF|  LUT | Bitwidth P0| Bitwidth P1|
    +---------------------------+----------+----+---+------+------------+------------+
    |add_ln630_fu_312_p2        |         +|   0|  0|    23|          16|          16|
    |add_ln641_fu_201_p2        |         +|   0|  0|    39|          32|           2|
    |add_ln645_1_fu_163_p2      |         +|   0|  0|    71|          64|          64|
    |add_ln645_2_fu_185_p2      |         +|   0|  0|    71|          64|           1|
    |add_ln645_3_fu_179_p2      |         +|   0|  0|    13|           6|           6|
    |add_ln645_4_fu_263_p2      |         +|   0|  0|    13|           6|           1|
    |i_3_fu_223_p2              |         +|   0|  0|    39|          32|           2|
    |sum_V_1_out                |         +|   0|  0|    24|          17|          17|
    |tmp_fu_306_p2              |         +|   0|  0|    24|          17|          17|
    |ap_block_pp0_stage0_01001  |       and|   0|  0|     2|           1|           1|
    |icmp_ln641_fu_207_p2       |      icmp|   0|  0|    20|          32|          32|
    |lshr_ln645_1_fu_280_p2     |      lshr|   0|  0|  2171|         512|         512|
    |lshr_ln645_fu_254_p2       |      lshr|   0|  0|  2171|         512|         512|
    |ap_block_pp0_stage0_11001  |        or|   0|  0|     2|           1|           1|
    |ap_block_pp0_stage1_11001  |        or|   0|  0|     2|           1|           1|
    |ap_enable_pp0              |       xor|   0|  0|     2|           1|           2|
    +---------------------------+----------+----+---+------+------------+------------+
    |Total                      |          |   0|  0|  4687|        1314|        1187|
    +---------------------------+----------+----+---+------+------------+------------+

    * Multiplexer: 
    +-----------------------------------+----+-----------+-----+-----------+
    |                Name               | LUT| Input Size| Bits| Total Bits|
    +-----------------------------------+----+-----------+-----+-----------+
    |ap_NS_fsm                          |  14|          3|    1|          3|
    |ap_done_int                        |   9|          2|    1|          2|
    |ap_enable_reg_pp0_iter0            |   9|          2|    1|          2|
    |ap_enable_reg_pp0_iter37           |   9|          2|    1|          2|
    |ap_loop_exit_ready_pp0_iter10_reg  |   9|          2|    1|          2|
    |ap_loop_exit_ready_pp0_iter11_reg  |   9|          2|    1|          2|
    |ap_loop_exit_ready_pp0_iter12_reg  |   9|          2|    1|          2|
    |ap_loop_exit_ready_pp0_iter13_reg  |   9|          2|    1|          2|
    |ap_loop_exit_ready_pp0_iter14_reg  |   9|          2|    1|          2|
    |ap_loop_exit_ready_pp0_iter15_reg  |   9|          2|    1|          2|
    |ap_loop_exit_ready_pp0_iter16_reg  |   9|          2|    1|          2|
    |ap_loop_exit_ready_pp0_iter17_reg  |   9|          2|    1|          2|
    |ap_loop_exit_ready_pp0_iter18_reg  |   9|          2|    1|          2|
    |ap_loop_exit_ready_pp0_iter19_reg  |   9|          2|    1|          2|
    |ap_loop_exit_ready_pp0_iter1_reg   |   9|          2|    1|          2|
    |ap_loop_exit_ready_pp0_iter20_reg  |   9|          2|    1|          2|
    |ap_loop_exit_ready_pp0_iter21_reg  |   9|          2|    1|          2|
    |ap_loop_exit_ready_pp0_iter22_reg  |   9|          2|    1|          2|
    |ap_loop_exit_ready_pp0_iter23_reg  |   9|          2|    1|          2|
    |ap_loop_exit_ready_pp0_iter24_reg  |   9|          2|    1|          2|
    |ap_loop_exit_ready_pp0_iter25_reg  |   9|          2|    1|          2|
    |ap_loop_exit_ready_pp0_iter26_reg  |   9|          2|    1|          2|
    |ap_loop_exit_ready_pp0_iter27_reg  |   9|          2|    1|          2|
    |ap_loop_exit_ready_pp0_iter28_reg  |   9|          2|    1|          2|
    |ap_loop_exit_ready_pp0_iter29_reg  |   9|          2|    1|          2|
    |ap_loop_exit_ready_pp0_iter2_reg   |   9|          2|    1|          2|
    |ap_loop_exit_ready_pp0_iter30_reg  |   9|          2|    1|          2|
    |ap_loop_exit_ready_pp0_iter31_reg  |   9|          2|    1|          2|
    |ap_loop_exit_ready_pp0_iter32_reg  |   9|          2|    1|          2|
    |ap_loop_exit_ready_pp0_iter33_reg  |   9|          2|    1|          2|
    |ap_loop_exit_ready_pp0_iter34_reg  |   9|          2|    1|          2|
    |ap_loop_exit_ready_pp0_iter35_reg  |   9|          2|    1|          2|
    |ap_loop_exit_ready_pp0_iter36_reg  |   9|          2|    1|          2|
    |ap_loop_exit_ready_pp0_iter37_reg  |   9|          2|    1|          2|
    |ap_loop_exit_ready_pp0_iter3_reg   |   9|          2|    1|          2|
    |ap_loop_exit_ready_pp0_iter4_reg   |   9|          2|    1|          2|
    |ap_loop_exit_ready_pp0_iter5_reg   |   9|          2|    1|          2|
    |ap_loop_exit_ready_pp0_iter6_reg   |   9|          2|    1|          2|
    |ap_loop_exit_ready_pp0_iter7_reg   |   9|          2|    1|          2|
    |ap_loop_exit_ready_pp0_iter8_reg   |   9|          2|    1|          2|
    |ap_loop_exit_ready_pp0_iter9_reg   |   9|          2|    1|          2|
    |ap_sig_allocacmp_i_2               |   9|          2|   32|         64|
    |gmem0_blk_n_AR                     |   9|          2|    1|          2|
    |gmem0_blk_n_R                      |   9|          2|    1|          2|
    |i_fu_82                            |   9|          2|   32|         64|
    |m_axi_gmem0_ARADDR                 |  14|          3|   64|        192|
    |sum_V_fu_78                        |   9|          2|   17|         34|
    +-----------------------------------+----+-----------+-----+-----------+
    |Total                              | 433|         96|  188|        441|
    +-----------------------------------+----+-----------+-----+-----------+

    * Register: 
    +-----------------------------------+-----+----+-----+-----------+
    |                Name               |  FF | LUT| Bits| Const Bits|
    +-----------------------------------+-----+----+-----+-----------+
    |add_ln645_3_reg_370                |    6|   0|    6|          0|
    |ap_CS_fsm                          |    2|   0|    2|          0|
    |ap_done_reg                        |    1|   0|    1|          0|
    |ap_enable_reg_pp0_iter0_reg        |    1|   0|    1|          0|
    |ap_enable_reg_pp0_iter1            |    1|   0|    1|          0|
    |ap_enable_reg_pp0_iter10           |    1|   0|    1|          0|
    |ap_enable_reg_pp0_iter11           |    1|   0|    1|          0|
    |ap_enable_reg_pp0_iter12           |    1|   0|    1|          0|
    |ap_enable_reg_pp0_iter13           |    1|   0|    1|          0|
    |ap_enable_reg_pp0_iter14           |    1|   0|    1|          0|
    |ap_enable_reg_pp0_iter15           |    1|   0|    1|          0|
    |ap_enable_reg_pp0_iter16           |    1|   0|    1|          0|
    |ap_enable_reg_pp0_iter17           |    1|   0|    1|          0|
    |ap_enable_reg_pp0_iter18           |    1|   0|    1|          0|
    |ap_enable_reg_pp0_iter19           |    1|   0|    1|          0|
    |ap_enable_reg_pp0_iter2            |    1|   0|    1|          0|
    |ap_enable_reg_pp0_iter20           |    1|   0|    1|          0|
    |ap_enable_reg_pp0_iter21           |    1|   0|    1|          0|
    |ap_enable_reg_pp0_iter22           |    1|   0|    1|          0|
    |ap_enable_reg_pp0_iter23           |    1|   0|    1|          0|
    |ap_enable_reg_pp0_iter24           |    1|   0|    1|          0|
    |ap_enable_reg_pp0_iter25           |    1|   0|    1|          0|
    |ap_enable_reg_pp0_iter26           |    1|   0|    1|          0|
    |ap_enable_reg_pp0_iter27           |    1|   0|    1|          0|
    |ap_enable_reg_pp0_iter28           |    1|   0|    1|          0|
    |ap_enable_reg_pp0_iter29           |    1|   0|    1|          0|
    |ap_enable_reg_pp0_iter3            |    1|   0|    1|          0|
    |ap_enable_reg_pp0_iter30           |    1|   0|    1|          0|
    |ap_enable_reg_pp0_iter31           |    1|   0|    1|          0|
    |ap_enable_reg_pp0_iter32           |    1|   0|    1|          0|
    |ap_enable_reg_pp0_iter33           |    1|   0|    1|          0|
    |ap_enable_reg_pp0_iter34           |    1|   0|    1|          0|
    |ap_enable_reg_pp0_iter35           |    1|   0|    1|          0|
    |ap_enable_reg_pp0_iter36           |    1|   0|    1|          0|
    |ap_enable_reg_pp0_iter37           |    1|   0|    1|          0|
    |ap_enable_reg_pp0_iter4            |    1|   0|    1|          0|
    |ap_enable_reg_pp0_iter5            |    1|   0|    1|          0|
    |ap_enable_reg_pp0_iter6            |    1|   0|    1|          0|
    |ap_enable_reg_pp0_iter7            |    1|   0|    1|          0|
    |ap_enable_reg_pp0_iter8            |    1|   0|    1|          0|
    |ap_enable_reg_pp0_iter9            |    1|   0|    1|          0|
    |ap_loop_exit_ready_pp0_iter10_reg  |    1|   0|    1|          0|
    |ap_loop_exit_ready_pp0_iter11_reg  |    1|   0|    1|          0|
    |ap_loop_exit_ready_pp0_iter12_reg  |    1|   0|    1|          0|
    |ap_loop_exit_ready_pp0_iter13_reg  |    1|   0|    1|          0|
    |ap_loop_exit_ready_pp0_iter14_reg  |    1|   0|    1|          0|
    |ap_loop_exit_ready_pp0_iter15_reg  |    1|   0|    1|          0|
    |ap_loop_exit_ready_pp0_iter16_reg  |    1|   0|    1|          0|
    |ap_loop_exit_ready_pp0_iter17_reg  |    1|   0|    1|          0|
    |ap_loop_exit_ready_pp0_iter18_reg  |    1|   0|    1|          0|
    |ap_loop_exit_ready_pp0_iter19_reg  |    1|   0|    1|          0|
    |ap_loop_exit_ready_pp0_iter1_reg   |    1|   0|    1|          0|
    |ap_loop_exit_ready_pp0_iter20_reg  |    1|   0|    1|          0|
    |ap_loop_exit_ready_pp0_iter21_reg  |    1|   0|    1|          0|
    |ap_loop_exit_ready_pp0_iter22_reg  |    1|   0|    1|          0|
    |ap_loop_exit_ready_pp0_iter23_reg  |    1|   0|    1|          0|
    |ap_loop_exit_ready_pp0_iter24_reg  |    1|   0|    1|          0|
    |ap_loop_exit_ready_pp0_iter25_reg  |    1|   0|    1|          0|
    |ap_loop_exit_ready_pp0_iter26_reg  |    1|   0|    1|          0|
    |ap_loop_exit_ready_pp0_iter27_reg  |    1|   0|    1|          0|
    |ap_loop_exit_ready_pp0_iter28_reg  |    1|   0|    1|          0|
    |ap_loop_exit_ready_pp0_iter29_reg  |    1|   0|    1|          0|
    |ap_loop_exit_ready_pp0_iter2_reg   |    1|   0|    1|          0|
    |ap_loop_exit_ready_pp0_iter30_reg  |    1|   0|    1|          0|
    |ap_loop_exit_ready_pp0_iter31_reg  |    1|   0|    1|          0|
    |ap_loop_exit_ready_pp0_iter32_reg  |    1|   0|    1|          0|
    |ap_loop_exit_ready_pp0_iter33_reg  |    1|   0|    1|          0|
    |ap_loop_exit_ready_pp0_iter34_reg  |    1|   0|    1|          0|
    |ap_loop_exit_ready_pp0_iter35_reg  |    1|   0|    1|          0|
    |ap_loop_exit_ready_pp0_iter36_reg  |    1|   0|    1|          0|
    |ap_loop_exit_ready_pp0_iter37_reg  |    1|   0|    1|          0|
    |ap_loop_exit_ready_pp0_iter3_reg   |    1|   0|    1|          0|
    |ap_loop_exit_ready_pp0_iter4_reg   |    1|   0|    1|          0|
    |ap_loop_exit_ready_pp0_iter5_reg   |    1|   0|    1|          0|
    |ap_loop_exit_ready_pp0_iter6_reg   |    1|   0|    1|          0|
    |ap_loop_exit_ready_pp0_iter7_reg   |    1|   0|    1|          0|
    |ap_loop_exit_ready_pp0_iter8_reg   |    1|   0|    1|          0|
    |ap_loop_exit_ready_pp0_iter9_reg   |    1|   0|    1|          0|
    |gmem0_addr_1_read_reg_412          |  512|   0|  512|          0|
    |gmem0_addr_read_reg_402            |  512|   0|  512|          0|
    |i_2_reg_360                        |   32|   0|   32|          0|
    |i_3_reg_391                        |   32|   0|   32|          0|
    |i_fu_82                            |   32|   0|   32|          0|
    |icmp_ln641_reg_381                 |    1|   0|    1|          0|
    |sum_V_fu_78                        |   17|   0|   17|          0|
    |trunc_ln645_1_reg_407              |    8|   0|    8|          0|
    |trunc_ln645_2_reg_365              |   58|   0|   58|          0|
    |trunc_ln645_3_reg_417              |    8|   0|    8|          0|
    |trunc_ln645_4_reg_376              |   58|   0|   58|          0|
    |add_ln645_3_reg_370                |   64|  32|    6|          0|
    |i_3_reg_391                        |   64|  32|   32|          0|
    |icmp_ln641_reg_381                 |   64|  32|    1|          0|
    +-----------------------------------+-----+----+-----+-----------+
    |Total                              | 1546|  96| 1393|          0|
    +-----------------------------------+-----+----+-----+-----------+



================================================================
== Interface
================================================================
* Summary: 
+----------------------+-----+-----+------------+-----------------------------------------+--------------+
|       RTL Ports      | Dir | Bits|  Protocol  |              Source Object              |    C Type    |
+----------------------+-----+-----+------------+-----------------------------------------+--------------+
|ap_clk                |   in|    1|  ap_ctrl_hs|  process_tcp_checksum_Pipeline_word_loop|  return value|
|ap_rst                |   in|    1|  ap_ctrl_hs|  process_tcp_checksum_Pipeline_word_loop|  return value|
|ap_start              |   in|    1|  ap_ctrl_hs|  process_tcp_checksum_Pipeline_word_loop|  return value|
|ap_done               |  out|    1|  ap_ctrl_hs|  process_tcp_checksum_Pipeline_word_loop|  return value|
|ap_idle               |  out|    1|  ap_ctrl_hs|  process_tcp_checksum_Pipeline_word_loop|  return value|
|ap_ready              |  out|    1|  ap_ctrl_hs|  process_tcp_checksum_Pipeline_word_loop|  return value|
|m_axi_gmem0_AWVALID   |  out|    1|       m_axi|                                    gmem0|       pointer|
|m_axi_gmem0_AWREADY   |   in|    1|       m_axi|                                    gmem0|       pointer|
|m_axi_gmem0_AWADDR    |  out|   64|       m_axi|                                    gmem0|       pointer|
|m_axi_gmem0_AWID      |  out|    1|       m_axi|                                    gmem0|       pointer|
|m_axi_gmem0_AWLEN     |  out|   32|       m_axi|                                    gmem0|       pointer|
|m_axi_gmem0_AWSIZE    |  out|    3|       m_axi|                                    gmem0|       pointer|
|m_axi_gmem0_AWBURST   |  out|    2|       m_axi|                                    gmem0|       pointer|
|m_axi_gmem0_AWLOCK    |  out|    2|       m_axi|                                    gmem0|       pointer|
|m_axi_gmem0_AWCACHE   |  out|    4|       m_axi|                                    gmem0|       pointer|
|m_axi_gmem0_AWPROT    |  out|    3|       m_axi|                                    gmem0|       pointer|
|m_axi_gmem0_AWQOS     |  out|    4|       m_axi|                                    gmem0|       pointer|
|m_axi_gmem0_AWREGION  |  out|    4|       m_axi|                                    gmem0|       pointer|
|m_axi_gmem0_AWUSER    |  out|    1|       m_axi|                                    gmem0|       pointer|
|m_axi_gmem0_WVALID    |  out|    1|       m_axi|                                    gmem0|       pointer|
|m_axi_gmem0_WREADY    |   in|    1|       m_axi|                                    gmem0|       pointer|
|m_axi_gmem0_WDATA     |  out|  512|       m_axi|                                    gmem0|       pointer|
|m_axi_gmem0_WSTRB     |  out|   64|       m_axi|                                    gmem0|       pointer|
|m_axi_gmem0_WLAST     |  out|    1|       m_axi|                                    gmem0|       pointer|
|m_axi_gmem0_WID       |  out|    1|       m_axi|                                    gmem0|       pointer|
|m_axi_gmem0_WUSER     |  out|    1|       m_axi|                                    gmem0|       pointer|
|m_axi_gmem0_ARVALID   |  out|    1|       m_axi|                                    gmem0|       pointer|
|m_axi_gmem0_ARREADY   |   in|    1|       m_axi|                                    gmem0|       pointer|
|m_axi_gmem0_ARADDR    |  out|   64|       m_axi|                                    gmem0|       pointer|
|m_axi_gmem0_ARID      |  out|    1|       m_axi|                                    gmem0|       pointer|
|m_axi_gmem0_ARLEN     |  out|   32|       m_axi|                                    gmem0|       pointer|
|m_axi_gmem0_ARSIZE    |  out|    3|       m_axi|                                    gmem0|       pointer|
|m_axi_gmem0_ARBURST   |  out|    2|       m_axi|                                    gmem0|       pointer|
|m_axi_gmem0_ARLOCK    |  out|    2|       m_axi|                                    gmem0|       pointer|
|m_axi_gmem0_ARCACHE   |  out|    4|       m_axi|                                    gmem0|       pointer|
|m_axi_gmem0_ARPROT    |  out|    3|       m_axi|                                    gmem0|       pointer|
|m_axi_gmem0_ARQOS     |  out|    4|       m_axi|                                    gmem0|       pointer|
|m_axi_gmem0_ARREGION  |  out|    4|       m_axi|                                    gmem0|       pointer|
|m_axi_gmem0_ARUSER    |  out|    1|       m_axi|                                    gmem0|       pointer|
|m_axi_gmem0_RVALID    |   in|    1|       m_axi|                                    gmem0|       pointer|
|m_axi_gmem0_RREADY    |  out|    1|       m_axi|                                    gmem0|       pointer|
|m_axi_gmem0_RDATA     |   in|  512|       m_axi|                                    gmem0|       pointer|
|m_axi_gmem0_RLAST     |   in|    1|       m_axi|                                    gmem0|       pointer|
|m_axi_gmem0_RID       |   in|    1|       m_axi|                                    gmem0|       pointer|
|m_axi_gmem0_RFIFONUM  |   in|    9|       m_axi|                                    gmem0|       pointer|
|m_axi_gmem0_RUSER     |   in|    1|       m_axi|                                    gmem0|       pointer|
|m_axi_gmem0_RRESP     |   in|    2|       m_axi|                                    gmem0|       pointer|
|m_axi_gmem0_BVALID    |   in|    1|       m_axi|                                    gmem0|       pointer|
|m_axi_gmem0_BREADY    |  out|    1|       m_axi|                                    gmem0|       pointer|
|m_axi_gmem0_BRESP     |   in|    2|       m_axi|                                    gmem0|       pointer|
|m_axi_gmem0_BID       |   in|    1|       m_axi|                                    gmem0|       pointer|
|m_axi_gmem0_BUSER     |   in|    1|       m_axi|                                    gmem0|       pointer|
|add_ln645             |   in|   64|     ap_none|                                add_ln645|        scalar|
|trunc_ln1             |   in|    6|     ap_none|                                trunc_ln1|        scalar|
|chunkSize             |   in|   32|     ap_none|                                chunkSize|        scalar|
|sum_V_1_out           |  out|   17|      ap_vld|                              sum_V_1_out|       pointer|
|sum_V_1_out_ap_vld    |  out|    1|      ap_vld|                              sum_V_1_out|       pointer|
|i_1_out               |  out|   32|      ap_vld|                                  i_1_out|       pointer|
|i_1_out_ap_vld        |  out|    1|      ap_vld|                                  i_1_out|       pointer|
+----------------------+-----+-----+------------+-----------------------------------------+--------------+

