XRT Build Version: 2.16.204 (2023.2)
       Build Date: 2023-10-12 06:45:18
          Hash ID: fa4c0045003fed0acea4593788dce5ef6d0b66ee
------------------------------------------------------------------------------
Warning: The option '--output' has not been specified. All operations will    
         be done in memory with the exception of the '--dump-section' command.
------------------------------------------------------------------------------
Reading xclbin file into memory.  File: kernel.xclbin

==============================================================================
XRT Build Version: 2.16.204 (2023.2)
       Build Date: 2023-10-12 06:45:18
          Hash ID: fa4c0045003fed0acea4593788dce5ef6d0b66ee
==============================================================================
xclbin Information
------------------
   Generated by:           v++ (2022.1) on 2022-04-13-17:42:45
   Version:                2.16.204
   Kernels:                calculate_sha256, calculate_tcp_checksum, calculate_crc
   Signature:              
   Content:                Bitstream
   UUID (xclbin):          a94d3af4-5fd0-683a-3093-b5c67821aa14
   UUID (IINTF):           fb2b2c5a19ed63593fea95f51fbc8eb9
   Sections:               BITSTREAM, MEM_TOPOLOGY, IP_LAYOUT, CONNECTIVITY, 
                           CLOCK_FREQ_TOPOLOGY, BUILD_METADATA, 
                           EMBEDDED_METADATA, SYSTEM_METADATA, 
                           PARTITION_METADATA, GROUP_CONNECTIVITY, GROUP_TOPOLOGY
==============================================================================
Hardware Platform (Shell) Information
-------------------------------------
   Vendor:                 xilinx
   Board:                  u280
   Name:                   gen3x16_xdma_1
   Version:                202211.1
   Generated Version:      Vivado 2022.1.1 (SW Build: 3557992)
   Created:
               Tue Jul 12 12:59:20 2022   FPGA Device:            xcu280
   Board Vendor:           xilinx.com
   Board Name:             xilinx.com:au280:1.3
   Board Part:             xilinx.com:au280:part0:1.3
   Platform VBNV:          xilinx_u280_gen3x16_xdma_1_202211_1
   Static UUID:            fb2b2c5a-19ed-6359-3fea-95f51fbc8eb9
   Feature ROM TimeStamp:  0

Scalable Clocks
---------------
   Name:      hbm_aclk
   Index:     0
   Type:      SYSTEM
   Frequency: 361 MHz

   Name:      KERNEL_CLK
   Index:     1
   Type:      KERNEL
   Frequency: 500 MHz

   Name:      DATA_CLK
   Index:     2
   Type:      DATA
   Frequency: 210 MHz

System Clocks
------
   Name:           ulp_ucs_aclk_kernel_00 
   Type:           SCALABLE 
   Default Freq:   300 MHz
   Requested Freq: 210 MHz
   Achieved Freq:  210 MHz

   Name:           ulp_ucs_aclk_kernel_01 
   Type:           SCALABLE 
   Default Freq:   500 MHz
   Requested Freq: 500 MHz
   Achieved Freq:  500 MHz

   Name:           _bd_top_blp_s_aclk_freerun_ref_00 
   Type:           FIXED 
   Default Freq:   100 MHz

Memory Configuration
--------------------
   Name:         HBM[0]
   Index:        0
   Type:         MEM_HBM
   Base Address: 0x0
   Address Size: 0x10000000
   Bank Used:    Yes

   Name:         HBM[1]
   Index:        1
   Type:         MEM_DRAM
   Base Address: 0x10000000
   Address Size: 0x10000000
   Bank Used:    Yes

   Name:         HBM[2]
   Index:        2
   Type:         MEM_DRAM
   Base Address: 0x20000000
   Address Size: 0x10000000
   Bank Used:    Yes

   Name:         HBM[3]
   Index:        3
   Type:         MEM_DRAM
   Base Address: 0x30000000
   Address Size: 0x10000000
   Bank Used:    Yes

   Name:         HBM[4]
   Index:        4
   Type:         MEM_DRAM
   Base Address: 0x40000000
   Address Size: 0x10000000
   Bank Used:    Yes

   Name:         HBM[5]
   Index:        5
   Type:         MEM_DRAM
   Base Address: 0x50000000
   Address Size: 0x10000000
   Bank Used:    Yes

   Name:         HBM[6]
   Index:        6
   Type:         MEM_DRAM
   Base Address: 0x60000000
   Address Size: 0x10000000
   Bank Used:    Yes

   Name:         HBM[7]
   Index:        7
   Type:         MEM_DRAM
   Base Address: 0x70000000
   Address Size: 0x10000000
   Bank Used:    Yes

   Name:         HBM[8]
   Index:        8
   Type:         MEM_DRAM
   Base Address: 0x80000000
   Address Size: 0x10000000
   Bank Used:    Yes

   Name:         HBM[9]
   Index:        9
   Type:         MEM_DRAM
   Base Address: 0x90000000
   Address Size: 0x10000000
   Bank Used:    Yes

   Name:         HBM[10]
   Index:        10
   Type:         MEM_DRAM
   Base Address: 0xa0000000
   Address Size: 0x10000000
   Bank Used:    Yes

   Name:         HBM[11]
   Index:        11
   Type:         MEM_DRAM
   Base Address: 0xb0000000
   Address Size: 0x10000000
   Bank Used:    Yes

   Name:         HBM[12]
   Index:        12
   Type:         MEM_DRAM
   Base Address: 0xc0000000
   Address Size: 0x10000000
   Bank Used:    Yes

   Name:         HBM[13]
   Index:        13
   Type:         MEM_DRAM
   Base Address: 0xd0000000
   Address Size: 0x10000000
   Bank Used:    Yes

   Name:         HBM[14]
   Index:        14
   Type:         MEM_DRAM
   Base Address: 0xe0000000
   Address Size: 0x10000000
   Bank Used:    Yes

   Name:         HBM[15]
   Index:        15
   Type:         MEM_DRAM
   Base Address: 0xf0000000
   Address Size: 0x10000000
   Bank Used:    Yes

   Name:         HBM[16]
   Index:        16
   Type:         MEM_DRAM
   Base Address: 0x100000000
   Address Size: 0x10000000
   Bank Used:    Yes

   Name:         HBM[17]
   Index:        17
   Type:         MEM_DRAM
   Base Address: 0x110000000
   Address Size: 0x10000000
   Bank Used:    Yes

   Name:         HBM[18]
   Index:        18
   Type:         MEM_DRAM
   Base Address: 0x120000000
   Address Size: 0x10000000
   Bank Used:    Yes

   Name:         HBM[19]
   Index:        19
   Type:         MEM_DRAM
   Base Address: 0x130000000
   Address Size: 0x10000000
   Bank Used:    Yes

   Name:         HBM[20]
   Index:        20
   Type:         MEM_DRAM
   Base Address: 0x140000000
   Address Size: 0x10000000
   Bank Used:    Yes

   Name:         HBM[21]
   Index:        21
   Type:         MEM_DRAM
   Base Address: 0x150000000
   Address Size: 0x10000000
   Bank Used:    Yes

   Name:         HBM[22]
   Index:        22
   Type:         MEM_DRAM
   Base Address: 0x160000000
   Address Size: 0x10000000
   Bank Used:    Yes

   Name:         HBM[23]
   Index:        23
   Type:         MEM_DRAM
   Base Address: 0x170000000
   Address Size: 0x10000000
   Bank Used:    Yes

   Name:         HBM[24]
   Index:        24
   Type:         MEM_DRAM
   Base Address: 0x180000000
   Address Size: 0x10000000
   Bank Used:    Yes

   Name:         HBM[25]
   Index:        25
   Type:         MEM_DRAM
   Base Address: 0x190000000
   Address Size: 0x10000000
   Bank Used:    Yes

   Name:         HBM[26]
   Index:        26
   Type:         MEM_DRAM
   Base Address: 0x1a0000000
   Address Size: 0x10000000
   Bank Used:    Yes

   Name:         HBM[27]
   Index:        27
   Type:         MEM_DRAM
   Base Address: 0x1b0000000
   Address Size: 0x10000000
   Bank Used:    Yes

   Name:         HBM[28]
   Index:        28
   Type:         MEM_DRAM
   Base Address: 0x1c0000000
   Address Size: 0x10000000
   Bank Used:    No

   Name:         HBM[29]
   Index:        29
   Type:         MEM_DRAM
   Base Address: 0x1d0000000
   Address Size: 0x10000000
   Bank Used:    No

   Name:         HBM[30]
   Index:        30
   Type:         MEM_DRAM
   Base Address: 0x1e0000000
   Address Size: 0x10000000
   Bank Used:    No

   Name:         HBM[31]
   Index:        31
   Type:         MEM_DRAM
   Base Address: 0x1f0000000
   Address Size: 0x10000000
   Bank Used:    No

   Name:         bank0
   Index:        32
   Type:         MEM_DRAM
   Base Address: 0x0
   Address Size: 0x0
   Bank Used:    No

   Name:         bank1
   Index:        33
   Type:         MEM_DRAM
   Base Address: 0x0
   Address Size: 0x0
   Bank Used:    No

   Name:         PLRAM[0]
   Index:        34
   Type:         MEM_DRAM
   Base Address: 0x0
   Address Size: 0x0
   Bank Used:    No

   Name:         PLRAM[1]
   Index:        35
   Type:         MEM_DRAM
   Base Address: 0x0
   Address Size: 0x0
   Bank Used:    No

   Name:         PLRAM[2]
   Index:        36
   Type:         MEM_DRAM
   Base Address: 0x0
   Address Size: 0x0
   Bank Used:    No

   Name:         PLRAM[3]
   Index:        37
   Type:         MEM_DRAM
   Base Address: 0x0
   Address Size: 0x0
   Bank Used:    No

   Name:         PLRAM[4]
   Index:        38
   Type:         MEM_DRAM
   Base Address: 0x0
   Address Size: 0x0
   Bank Used:    No

   Name:         PLRAM[5]
   Index:        39
   Type:         MEM_DRAM
   Base Address: 0x0
   Address Size: 0x0
   Bank Used:    No

   Name:         HOST[0]
   Index:        40
   Type:         MEM_DRAM
   Base Address: 0x0
   Address Size: 0x0
   Bank Used:    No
==============================================================================
Kernel: calculate_sha256

Definition
----------
   Signature: calculate_sha256 (void* data_in, void* crc_out, unsigned int numChunks, unsigned int chunkSize)

Ports
-----
   Port:          M_AXI_GMEM0
   Mode:          master
   Range (bytes): 0xFFFFFFFF
   Data Width:    512 bits
   Port Type:     addressable

   Port:          S_AXI_CONTROL
   Mode:          slave
   Range (bytes): 0x38
   Data Width:    32 bits
   Port Type:     addressable

--------------------------
Instance:        calculate_sha256_1
   Base Address: 0x8c0000

   Argument:          data_in
   Register Offset:   0x10
   Port:              M_AXI_GMEM0
   Memory:            HBM[26] (MEM_DRAM)

   Argument:          crc_out
   Register Offset:   0x1C
   Port:              M_AXI_GMEM0
   Memory:            HBM[26] (MEM_DRAM)

   Argument:          numChunks
   Register Offset:   0x28
   Port:              S_AXI_CONTROL
   Memory:            <not applicable>

   Argument:          chunkSize
   Register Offset:   0x30
   Port:              S_AXI_CONTROL
   Memory:            <not applicable>

--------------------------
Instance:        calculate_sha256_2
   Base Address: 0x8d0000

   Argument:          data_in
   Register Offset:   0x10
   Port:              M_AXI_GMEM0
   Memory:            HBM[27] (MEM_DRAM)

   Argument:          crc_out
   Register Offset:   0x1C
   Port:              M_AXI_GMEM0
   Memory:            HBM[27] (MEM_DRAM)

   Argument:          numChunks
   Register Offset:   0x28
   Port:              S_AXI_CONTROL
   Memory:            <not applicable>

   Argument:          chunkSize
   Register Offset:   0x30
   Port:              S_AXI_CONTROL
   Memory:            <not applicable>
Kernel: calculate_tcp_checksum

Definition
----------
   Signature: calculate_tcp_checksum (void* data_in, void* crc_out, unsigned int numChunks, unsigned int chunkSize)

Ports
-----
   Port:          M_AXI_GMEM0
   Mode:          master
   Range (bytes): 0xFFFFFFFF
   Data Width:    512 bits
   Port Type:     addressable

   Port:          S_AXI_CONTROL
   Mode:          slave
   Range (bytes): 0x38
   Data Width:    32 bits
   Port Type:     addressable

--------------------------
Instance:        calculate_tcp_checksum_1
   Base Address: 0x8e0000

   Argument:          data_in
   Register Offset:   0x10
   Port:              M_AXI_GMEM0
   Memory:            HBM[24] (MEM_DRAM)

   Argument:          crc_out
   Register Offset:   0x1C
   Port:              M_AXI_GMEM0
   Memory:            HBM[24] (MEM_DRAM)

   Argument:          numChunks
   Register Offset:   0x28
   Port:              S_AXI_CONTROL
   Memory:            <not applicable>

   Argument:          chunkSize
   Register Offset:   0x30
   Port:              S_AXI_CONTROL
   Memory:            <not applicable>

--------------------------
Instance:        calculate_tcp_checksum_2
   Base Address: 0x8f0000

   Argument:          data_in
   Register Offset:   0x10
   Port:              M_AXI_GMEM0
   Memory:            HBM[25] (MEM_DRAM)

   Argument:          crc_out
   Register Offset:   0x1C
   Port:              M_AXI_GMEM0
   Memory:            HBM[25] (MEM_DRAM)

   Argument:          numChunks
   Register Offset:   0x28
   Port:              S_AXI_CONTROL
   Memory:            <not applicable>

   Argument:          chunkSize
   Register Offset:   0x30
   Port:              S_AXI_CONTROL
   Memory:            <not applicable>
Kernel: calculate_crc

Definition
----------
   Signature: calculate_crc (void* data_in, void* crc_out, void* tables, unsigned int numChunks, unsigned int chunkSize, unsigned int crc_size, unsigned int init_value)

Ports
-----
   Port:          M_AXI_GMEM0
   Mode:          master
   Range (bytes): 0xFFFFFFFF
   Data Width:    128 bits
   Port Type:     addressable

   Port:          M_AXI_GMEM1
   Mode:          master
   Range (bytes): 0xFFFFFFFF
   Data Width:    512 bits
   Port Type:     addressable

   Port:          S_AXI_CONTROL
   Mode:          slave
   Range (bytes): 0x54
   Data Width:    32 bits
   Port Type:     addressable

--------------------------
Instance:        calculate_crc_1
   Base Address: 0x800000

   Argument:          data_in
   Register Offset:   0x10
   Port:              M_AXI_GMEM0
   Memory:            HBM[0] (MEM_HBM)

   Argument:          crc_out
   Register Offset:   0x1C
   Port:              M_AXI_GMEM0
   Memory:            HBM[0] (MEM_HBM)

   Argument:          tables
   Register Offset:   0x28
   Port:              M_AXI_GMEM1
   Memory:            HBM[1] (MEM_DRAM)

   Argument:          numChunks
   Register Offset:   0x34
   Port:              S_AXI_CONTROL
   Memory:            <not applicable>

   Argument:          chunkSize
   Register Offset:   0x3C
   Port:              S_AXI_CONTROL
   Memory:            <not applicable>

   Argument:          crc_size
   Register Offset:   0x44
   Port:              S_AXI_CONTROL
   Memory:            <not applicable>

   Argument:          init_value
   Register Offset:   0x4C
   Port:              S_AXI_CONTROL
   Memory:            <not applicable>

--------------------------
Instance:        calculate_crc_2
   Base Address: 0x840000

   Argument:          data_in
   Register Offset:   0x10
   Port:              M_AXI_GMEM0
   Memory:            HBM[2] (MEM_DRAM)

   Argument:          crc_out
   Register Offset:   0x1C
   Port:              M_AXI_GMEM0
   Memory:            HBM[2] (MEM_DRAM)

   Argument:          tables
   Register Offset:   0x28
   Port:              M_AXI_GMEM1
   Memory:            HBM[3] (MEM_DRAM)

   Argument:          numChunks
   Register Offset:   0x34
   Port:              S_AXI_CONTROL
   Memory:            <not applicable>

   Argument:          chunkSize
   Register Offset:   0x3C
   Port:              S_AXI_CONTROL
   Memory:            <not applicable>

   Argument:          crc_size
   Register Offset:   0x44
   Port:              S_AXI_CONTROL
   Memory:            <not applicable>

   Argument:          init_value
   Register Offset:   0x4C
   Port:              S_AXI_CONTROL
   Memory:            <not applicable>

--------------------------
Instance:        calculate_crc_3
   Base Address: 0x850000

   Argument:          data_in
   Register Offset:   0x10
   Port:              M_AXI_GMEM0
   Memory:            HBM[4] (MEM_DRAM)

   Argument:          crc_out
   Register Offset:   0x1C
   Port:              M_AXI_GMEM0
   Memory:            HBM[4] (MEM_DRAM)

   Argument:          tables
   Register Offset:   0x28
   Port:              M_AXI_GMEM1
   Memory:            HBM[5] (MEM_DRAM)

   Argument:          numChunks
   Register Offset:   0x34
   Port:              S_AXI_CONTROL
   Memory:            <not applicable>

   Argument:          chunkSize
   Register Offset:   0x3C
   Port:              S_AXI_CONTROL
   Memory:            <not applicable>

   Argument:          crc_size
   Register Offset:   0x44
   Port:              S_AXI_CONTROL
   Memory:            <not applicable>

   Argument:          init_value
   Register Offset:   0x4C
   Port:              S_AXI_CONTROL
   Memory:            <not applicable>

--------------------------
Instance:        calculate_crc_4
   Base Address: 0x860000

   Argument:          data_in
   Register Offset:   0x10
   Port:              M_AXI_GMEM0
   Memory:            HBM[6] (MEM_DRAM)

   Argument:          crc_out
   Register Offset:   0x1C
   Port:              M_AXI_GMEM0
   Memory:            HBM[6] (MEM_DRAM)

   Argument:          tables
   Register Offset:   0x28
   Port:              M_AXI_GMEM1
   Memory:            HBM[7] (MEM_DRAM)

   Argument:          numChunks
   Register Offset:   0x34
   Port:              S_AXI_CONTROL
   Memory:            <not applicable>

   Argument:          chunkSize
   Register Offset:   0x3C
   Port:              S_AXI_CONTROL
   Memory:            <not applicable>

   Argument:          crc_size
   Register Offset:   0x44
   Port:              S_AXI_CONTROL
   Memory:            <not applicable>

   Argument:          init_value
   Register Offset:   0x4C
   Port:              S_AXI_CONTROL
   Memory:            <not applicable>

--------------------------
Instance:        calculate_crc_5
   Base Address: 0x870000

   Argument:          data_in
   Register Offset:   0x10
   Port:              M_AXI_GMEM0
   Memory:            HBM[8] (MEM_DRAM)

   Argument:          crc_out
   Register Offset:   0x1C
   Port:              M_AXI_GMEM0
   Memory:            HBM[8] (MEM_DRAM)

   Argument:          tables
   Register Offset:   0x28
   Port:              M_AXI_GMEM1
   Memory:            HBM[9] (MEM_DRAM)

   Argument:          numChunks
   Register Offset:   0x34
   Port:              S_AXI_CONTROL
   Memory:            <not applicable>

   Argument:          chunkSize
   Register Offset:   0x3C
   Port:              S_AXI_CONTROL
   Memory:            <not applicable>

   Argument:          crc_size
   Register Offset:   0x44
   Port:              S_AXI_CONTROL
   Memory:            <not applicable>

   Argument:          init_value
   Register Offset:   0x4C
   Port:              S_AXI_CONTROL
   Memory:            <not applicable>

--------------------------
Instance:        calculate_crc_6
   Base Address: 0x880000

   Argument:          data_in
   Register Offset:   0x10
   Port:              M_AXI_GMEM0
   Memory:            HBM[10] (MEM_DRAM)

   Argument:          crc_out
   Register Offset:   0x1C
   Port:              M_AXI_GMEM0
   Memory:            HBM[10] (MEM_DRAM)

   Argument:          tables
   Register Offset:   0x28
   Port:              M_AXI_GMEM1
   Memory:            HBM[11] (MEM_DRAM)

   Argument:          numChunks
   Register Offset:   0x34
   Port:              S_AXI_CONTROL
   Memory:            <not applicable>

   Argument:          chunkSize
   Register Offset:   0x3C
   Port:              S_AXI_CONTROL
   Memory:            <not applicable>

   Argument:          crc_size
   Register Offset:   0x44
   Port:              S_AXI_CONTROL
   Memory:            <not applicable>

   Argument:          init_value
   Register Offset:   0x4C
   Port:              S_AXI_CONTROL
   Memory:            <not applicable>

--------------------------
Instance:        calculate_crc_7
   Base Address: 0x890000

   Argument:          data_in
   Register Offset:   0x10
   Port:              M_AXI_GMEM0
   Memory:            HBM[12] (MEM_DRAM)

   Argument:          crc_out
   Register Offset:   0x1C
   Port:              M_AXI_GMEM0
   Memory:            HBM[12] (MEM_DRAM)

   Argument:          tables
   Register Offset:   0x28
   Port:              M_AXI_GMEM1
   Memory:            HBM[13] (MEM_DRAM)

   Argument:          numChunks
   Register Offset:   0x34
   Port:              S_AXI_CONTROL
   Memory:            <not applicable>

   Argument:          chunkSize
   Register Offset:   0x3C
   Port:              S_AXI_CONTROL
   Memory:            <not applicable>

   Argument:          crc_size
   Register Offset:   0x44
   Port:              S_AXI_CONTROL
   Memory:            <not applicable>

   Argument:          init_value
   Register Offset:   0x4C
   Port:              S_AXI_CONTROL
   Memory:            <not applicable>

--------------------------
Instance:        calculate_crc_8
   Base Address: 0x8a0000

   Argument:          data_in
   Register Offset:   0x10
   Port:              M_AXI_GMEM0
   Memory:            HBM[14] (MEM_DRAM)

   Argument:          crc_out
   Register Offset:   0x1C
   Port:              M_AXI_GMEM0
   Memory:            HBM[14] (MEM_DRAM)

   Argument:          tables
   Register Offset:   0x28
   Port:              M_AXI_GMEM1
   Memory:            HBM[15] (MEM_DRAM)

   Argument:          numChunks
   Register Offset:   0x34
   Port:              S_AXI_CONTROL
   Memory:            <not applicable>

   Argument:          chunkSize
   Register Offset:   0x3C
   Port:              S_AXI_CONTROL
   Memory:            <not applicable>

   Argument:          crc_size
   Register Offset:   0x44
   Port:              S_AXI_CONTROL
   Memory:            <not applicable>

   Argument:          init_value
   Register Offset:   0x4C
   Port:              S_AXI_CONTROL
   Memory:            <not applicable>

--------------------------
Instance:        calculate_crc_9
   Base Address: 0x8b0000

   Argument:          data_in
   Register Offset:   0x10
   Port:              M_AXI_GMEM0
   Memory:            HBM[16] (MEM_DRAM)

   Argument:          crc_out
   Register Offset:   0x1C
   Port:              M_AXI_GMEM0
   Memory:            HBM[16] (MEM_DRAM)

   Argument:          tables
   Register Offset:   0x28
   Port:              M_AXI_GMEM1
   Memory:            HBM[17] (MEM_DRAM)

   Argument:          numChunks
   Register Offset:   0x34
   Port:              S_AXI_CONTROL
   Memory:            <not applicable>

   Argument:          chunkSize
   Register Offset:   0x3C
   Port:              S_AXI_CONTROL
   Memory:            <not applicable>

   Argument:          crc_size
   Register Offset:   0x44
   Port:              S_AXI_CONTROL
   Memory:            <not applicable>

   Argument:          init_value
   Register Offset:   0x4C
   Port:              S_AXI_CONTROL
   Memory:            <not applicable>

--------------------------
Instance:        calculate_crc_10
   Base Address: 0x810000

   Argument:          data_in
   Register Offset:   0x10
   Port:              M_AXI_GMEM0
   Memory:            HBM[18] (MEM_DRAM)

   Argument:          crc_out
   Register Offset:   0x1C
   Port:              M_AXI_GMEM0
   Memory:            HBM[18] (MEM_DRAM)

   Argument:          tables
   Register Offset:   0x28
   Port:              M_AXI_GMEM1
   Memory:            HBM[19] (MEM_DRAM)

   Argument:          numChunks
   Register Offset:   0x34
   Port:              S_AXI_CONTROL
   Memory:            <not applicable>

   Argument:          chunkSize
   Register Offset:   0x3C
   Port:              S_AXI_CONTROL
   Memory:            <not applicable>

   Argument:          crc_size
   Register Offset:   0x44
   Port:              S_AXI_CONTROL
   Memory:            <not applicable>

   Argument:          init_value
   Register Offset:   0x4C
   Port:              S_AXI_CONTROL
   Memory:            <not applicable>

--------------------------
Instance:        calculate_crc_11
   Base Address: 0x820000

   Argument:          data_in
   Register Offset:   0x10
   Port:              M_AXI_GMEM0
   Memory:            HBM[20] (MEM_DRAM)

   Argument:          crc_out
   Register Offset:   0x1C
   Port:              M_AXI_GMEM0
   Memory:            HBM[20] (MEM_DRAM)

   Argument:          tables
   Register Offset:   0x28
   Port:              M_AXI_GMEM1
   Memory:            HBM[21] (MEM_DRAM)

   Argument:          numChunks
   Register Offset:   0x34
   Port:              S_AXI_CONTROL
   Memory:            <not applicable>

   Argument:          chunkSize
   Register Offset:   0x3C
   Port:              S_AXI_CONTROL
   Memory:            <not applicable>

   Argument:          crc_size
   Register Offset:   0x44
   Port:              S_AXI_CONTROL
   Memory:            <not applicable>

   Argument:          init_value
   Register Offset:   0x4C
   Port:              S_AXI_CONTROL
   Memory:            <not applicable>

--------------------------
Instance:        calculate_crc_12
   Base Address: 0x830000

   Argument:          data_in
   Register Offset:   0x10
   Port:              M_AXI_GMEM0
   Memory:            HBM[22] (MEM_DRAM)

   Argument:          crc_out
   Register Offset:   0x1C
   Port:              M_AXI_GMEM0
   Memory:            HBM[22] (MEM_DRAM)

   Argument:          tables
   Register Offset:   0x28
   Port:              M_AXI_GMEM1
   Memory:            HBM[23] (MEM_DRAM)

   Argument:          numChunks
   Register Offset:   0x34
   Port:              S_AXI_CONTROL
   Memory:            <not applicable>

   Argument:          chunkSize
   Register Offset:   0x3C
   Port:              S_AXI_CONTROL
   Memory:            <not applicable>

   Argument:          crc_size
   Register Offset:   0x44
   Port:              S_AXI_CONTROL
   Memory:            <not applicable>

   Argument:          init_value
   Register Offset:   0x4C
   Port:              S_AXI_CONTROL
   Memory:            <not applicable>
==============================================================================
Generated By
------------
   Command:       v++
   Version:       2022.1 - 2022-04-13-17:42:45 (SW BUILD: 3524075)
   Command Line:  v++ --config ./vpp_connectivity.cfg --connectivity.nk calculate_crc:12 --connectivity.nk calculate_tcp_checksum:2 --connectivity.nk calculate_sha256:2 --connectivity.sp calculate_crc_1.data_in:HBM[0] --connectivity.sp calculate_crc_1.crc_out:HBM[0] --connectivity.sp calculate_crc_1.tables:HBM[1] --connectivity.sp calculate_crc_2.data_in:HBM[2] --connectivity.sp calculate_crc_2.crc_out:HBM[2] --connectivity.sp calculate_crc_2.tables:HBM[3] --connectivity.sp calculate_crc_3.data_in:HBM[4] --connectivity.sp calculate_crc_3.crc_out:HBM[4] --connectivity.sp calculate_crc_3.tables:HBM[5] --connectivity.sp calculate_crc_4.data_in:HBM[6] --connectivity.sp calculate_crc_4.crc_out:HBM[6] --connectivity.sp calculate_crc_4.tables:HBM[7] --connectivity.sp calculate_crc_5.data_in:HBM[8] --connectivity.sp calculate_crc_5.crc_out:HBM[8] --connectivity.sp calculate_crc_5.tables:HBM[9] --connectivity.sp calculate_crc_6.data_in:HBM[10] --connectivity.sp calculate_crc_6.crc_out:HBM[10] --connectivity.sp calculate_crc_6.tables:HBM[11] --connectivity.sp calculate_crc_7.data_in:HBM[12] --connectivity.sp calculate_crc_7.crc_out:HBM[12] --connectivity.sp calculate_crc_7.tables:HBM[13] --connectivity.sp calculate_crc_8.data_in:HBM[14] --connectivity.sp calculate_crc_8.crc_out:HBM[14] --connectivity.sp calculate_crc_8.tables:HBM[15] --connectivity.sp calculate_crc_9.data_in:HBM[16] --connectivity.sp calculate_crc_9.crc_out:HBM[16] --connectivity.sp calculate_crc_9.tables:HBM[17] --connectivity.sp calculate_crc_10.data_in:HBM[18] --connectivity.sp calculate_crc_10.crc_out:HBM[18] --connectivity.sp calculate_crc_10.tables:HBM[19] --connectivity.sp calculate_crc_11.data_in:HBM[20] --connectivity.sp calculate_crc_11.crc_out:HBM[20] --connectivity.sp calculate_crc_11.tables:HBM[21] --connectivity.sp calculate_crc_12.data_in:HBM[22] --connectivity.sp calculate_crc_12.crc_out:HBM[22] --connectivity.sp calculate_crc_12.tables:HBM[23] --connectivity.sp calculate_tcp_checksum_1.data_in:HBM[24] --connectivity.sp calculate_tcp_checksum_1.crc_out:HBM[24] --connectivity.sp calculate_tcp_checksum_2.data_in:HBM[25] --connectivity.sp calculate_tcp_checksum_2.crc_out:HBM[25] --connectivity.sp calculate_sha256_1.data_in:HBM[26] --connectivity.sp calculate_sha256_1.crc_out:HBM[26] --connectivity.sp calculate_sha256_2.data_in:HBM[27] --connectivity.sp calculate_sha256_2.crc_out:HBM[27] --input_files _x.hw.xilinx_u280_gen3x16_xdma_1_202211_1/calculate_crc.xo --input_files _x.hw.xilinx_u280_gen3x16_xdma_1_202211_1/calculate_tcp_checksum.xo --input_files _x.hw.xilinx_u280_gen3x16_xdma_1_202211_1/calculate_sha256.xo --kernel_frequency 210 --link --optimize 0 --output ./build_dir.hw.xilinx_u280_gen3x16_xdma_1_202211_1/kernel.link.xclbin --platform xilinx_u280_gen3x16_xdma_1_202211_1 --report_level 0 --save-temps --target hw --temp_dir ./_x.hw.xilinx_u280_gen3x16_xdma_1_202211_1 
   Options:       --config ./vpp_connectivity.cfg
                  --connectivity.nk calculate_crc:12
                  --connectivity.nk calculate_tcp_checksum:2
                  --connectivity.nk calculate_sha256:2
                  --connectivity.sp calculate_crc_1.data_in:HBM[0]
                  --connectivity.sp calculate_crc_1.crc_out:HBM[0]
                  --connectivity.sp calculate_crc_1.tables:HBM[1]
                  --connectivity.sp calculate_crc_2.data_in:HBM[2]
                  --connectivity.sp calculate_crc_2.crc_out:HBM[2]
                  --connectivity.sp calculate_crc_2.tables:HBM[3]
                  --connectivity.sp calculate_crc_3.data_in:HBM[4]
                  --connectivity.sp calculate_crc_3.crc_out:HBM[4]
                  --connectivity.sp calculate_crc_3.tables:HBM[5]
                  --connectivity.sp calculate_crc_4.data_in:HBM[6]
                  --connectivity.sp calculate_crc_4.crc_out:HBM[6]
                  --connectivity.sp calculate_crc_4.tables:HBM[7]
                  --connectivity.sp calculate_crc_5.data_in:HBM[8]
                  --connectivity.sp calculate_crc_5.crc_out:HBM[8]
                  --connectivity.sp calculate_crc_5.tables:HBM[9]
                  --connectivity.sp calculate_crc_6.data_in:HBM[10]
                  --connectivity.sp calculate_crc_6.crc_out:HBM[10]
                  --connectivity.sp calculate_crc_6.tables:HBM[11]
                  --connectivity.sp calculate_crc_7.data_in:HBM[12]
                  --connectivity.sp calculate_crc_7.crc_out:HBM[12]
                  --connectivity.sp calculate_crc_7.tables:HBM[13]
                  --connectivity.sp calculate_crc_8.data_in:HBM[14]
                  --connectivity.sp calculate_crc_8.crc_out:HBM[14]
                  --connectivity.sp calculate_crc_8.tables:HBM[15]
                  --connectivity.sp calculate_crc_9.data_in:HBM[16]
                  --connectivity.sp calculate_crc_9.crc_out:HBM[16]
                  --connectivity.sp calculate_crc_9.tables:HBM[17]
                  --connectivity.sp calculate_crc_10.data_in:HBM[18]
                  --connectivity.sp calculate_crc_10.crc_out:HBM[18]
                  --connectivity.sp calculate_crc_10.tables:HBM[19]
                  --connectivity.sp calculate_crc_11.data_in:HBM[20]
                  --connectivity.sp calculate_crc_11.crc_out:HBM[20]
                  --connectivity.sp calculate_crc_11.tables:HBM[21]
                  --connectivity.sp calculate_crc_12.data_in:HBM[22]
                  --connectivity.sp calculate_crc_12.crc_out:HBM[22]
                  --connectivity.sp calculate_crc_12.tables:HBM[23]
                  --connectivity.sp calculate_tcp_checksum_1.data_in:HBM[24]
                  --connectivity.sp calculate_tcp_checksum_1.crc_out:HBM[24]
                  --connectivity.sp calculate_tcp_checksum_2.data_in:HBM[25]
                  --connectivity.sp calculate_tcp_checksum_2.crc_out:HBM[25]
                  --connectivity.sp calculate_sha256_1.data_in:HBM[26]
                  --connectivity.sp calculate_sha256_1.crc_out:HBM[26]
                  --connectivity.sp calculate_sha256_2.data_in:HBM[27]
                  --connectivity.sp calculate_sha256_2.crc_out:HBM[27]
                  --input_files _x.hw.xilinx_u280_gen3x16_xdma_1_202211_1/calculate_crc.xo
                  --input_files _x.hw.xilinx_u280_gen3x16_xdma_1_202211_1/calculate_tcp_checksum.xo
                  --input_files _x.hw.xilinx_u280_gen3x16_xdma_1_202211_1/calculate_sha256.xo
                  --kernel_frequency 210
                  --link
                  --optimize 0
                  --output ./build_dir.hw.xilinx_u280_gen3x16_xdma_1_202211_1/kernel.link.xclbin
                  --platform xilinx_u280_gen3x16_xdma_1_202211_1
                  --report_level 0
                  --save-temps
                  --target hw
                  --temp_dir ./_x.hw.xilinx_u280_gen3x16_xdma_1_202211_1 
==============================================================================
User Added Key Value Pairs
--------------------------
   <empty>
==============================================================================
Leaving xclbinutil.
