

================================================================
== Vitis HLS Report for 'process_crc_Loop_init_lut_proc_Pipeline_init_lut_VITIS_LOOP_678_1'
================================================================
* Date:           Mon Feb 16 01:30:38 2026

* Version:        2023.1 (Build 3854077 on May  4 2023)
* Project:        calculate_crc
* Solution:       solution (Vitis Kernel Flow Target)
* Product family: virtexuplusHBM
* Target device:  xcu280-fsvh2892-2L-e


================================================================
== Performance Estimates
================================================================
+ Timing: 
    * Summary: 
    +--------+---------+----------+------------+
    |  Clock |  Target | Estimated| Uncertainty|
    +--------+---------+----------+------------+
    |ap_clk  |  3.33 ns|  2.433 ns|     0.90 ns|
    +--------+---------+----------+------------+

+ Latency: 
    * Summary: 
    +---------+---------+-----------+-----------+------+------+---------+
    |  Latency (cycles) |   Latency (absolute)  |   Interval  | Pipeline|
    |   min   |   max   |    min    |    max    |  min |  max |   Type  |
    +---------+---------+-----------+-----------+------+------+---------+
    |     4099|     4099|  13.662 us|  13.662 us|  4099|  4099|       no|
    +---------+---------+-----------+-----------+------+------+---------+

    + Detail: 
        * Instance: 
        N/A

        * Loop: 
        +-----------------------------+---------+---------+----------+-----------+-----------+------+----------+
        |                             |  Latency (cycles) | Iteration|  Initiation Interval  | Trip |          |
        |          Loop Name          |   min   |   max   |  Latency |  achieved |   target  | Count| Pipelined|
        +-----------------------------+---------+---------+----------+-----------+-----------+------+----------+
        |- init_lut_VITIS_LOOP_678_1  |     4097|     4097|         3|          1|          1|  4096|       yes|
        +-----------------------------+---------+---------+----------+-----------+-----------+------+----------+

============================================================
+ Verbose Summary: Synthesis Manager
============================================================
InlineROM: 1
ExposeGlobal: 0
============================================================
+ Verbose Summary: CDFG Model
============================================================
IsTopModel: 0
ResetActiveHigh: 1
IsCombinational: 0
IsDatapathOnly: 0
HasWiredReturn: 1
HasMFsm: 2
HasVarLatency: 1
IsPipeline: 0
IsRtlPipelined: 0
IsInstanceOverlapped: 0
IsDontTouch: 0
HasImplIP: 0
IsGatedGlobalClock: 0

+ Individual pipeline summary: 
  * Pipeline-0: initiation interval (II) = 1, depth = 3


============================================================
+ Verbose Summary: Schedule
============================================================
* Number of FSM states : 3
* Pipeline : 1
  Pipeline-0 : II = 1, D = 3, States = { 1 2 3 }
* Dataflow Pipeline: 0

* FSM state transitions: 
1 --> 2 
2 --> 3 
3 --> 

* FSM state operations: 

State 1 <SV = 0> <Delay = 2.12>
ST_1 : Operation 6 [1/1] (0.00ns)   --->   "%shiftreg = alloca i32 1"   --->   Operation 6 'alloca' 'shiftreg' <Predicate = true> <Delay = 0.00>
ST_1 : Operation 7 [1/1] (0.00ns)   --->   "%j = alloca i32 1"   --->   Operation 7 'alloca' 'j' <Predicate = true> <Delay = 0.00>
ST_1 : Operation 8 [1/1] (0.00ns)   --->   "%i = alloca i32 1"   --->   Operation 8 'alloca' 'i' <Predicate = true> <Delay = 0.00>
ST_1 : Operation 9 [1/1] (0.00ns)   --->   "%indvar_flatten = alloca i32 1"   --->   Operation 9 'alloca' 'indvar_flatten' <Predicate = true> <Delay = 0.00>
ST_1 : Operation 10 [1/1] (0.00ns)   --->   "%sext_ln676_read = read i58 @_ssdm_op_Read.ap_auto.i58, i58 %sext_ln676"   --->   Operation 10 'read' 'sext_ln676_read' <Predicate = true> <Delay = 0.00>
ST_1 : Operation 11 [1/1] (0.00ns)   --->   "%sext_ln676_cast = sext i58 %sext_ln676_read"   --->   Operation 11 'sext' 'sext_ln676_cast' <Predicate = true> <Delay = 0.00>
ST_1 : Operation 12 [1/1] (0.00ns)   --->   "%specmemcore_ln0 = specmemcore void @_ssdm_op_SpecMemCore, i32 %crcTables, i64 666, i64 18, i64 18446744073709551615"   --->   Operation 12 'specmemcore' 'specmemcore_ln0' <Predicate = true> <Delay = 0.00>
ST_1 : Operation 13 [1/1] (0.00ns)   --->   "%specmemcore_ln0 = specmemcore void @_ssdm_op_SpecMemCore, i32 %crcTables_1, i64 666, i64 18, i64 18446744073709551615"   --->   Operation 13 'specmemcore' 'specmemcore_ln0' <Predicate = true> <Delay = 0.00>
ST_1 : Operation 14 [1/1] (0.00ns)   --->   "%specmemcore_ln0 = specmemcore void @_ssdm_op_SpecMemCore, i32 %crcTables_2, i64 666, i64 18, i64 18446744073709551615"   --->   Operation 14 'specmemcore' 'specmemcore_ln0' <Predicate = true> <Delay = 0.00>
ST_1 : Operation 15 [1/1] (0.00ns)   --->   "%specmemcore_ln0 = specmemcore void @_ssdm_op_SpecMemCore, i32 %crcTables_3, i64 666, i64 18, i64 18446744073709551615"   --->   Operation 15 'specmemcore' 'specmemcore_ln0' <Predicate = true> <Delay = 0.00>
ST_1 : Operation 16 [1/1] (0.00ns)   --->   "%specmemcore_ln0 = specmemcore void @_ssdm_op_SpecMemCore, i32 %crcTables_4, i64 666, i64 18, i64 18446744073709551615"   --->   Operation 16 'specmemcore' 'specmemcore_ln0' <Predicate = true> <Delay = 0.00>
ST_1 : Operation 17 [1/1] (0.00ns)   --->   "%specmemcore_ln0 = specmemcore void @_ssdm_op_SpecMemCore, i32 %crcTables_5, i64 666, i64 18, i64 18446744073709551615"   --->   Operation 17 'specmemcore' 'specmemcore_ln0' <Predicate = true> <Delay = 0.00>
ST_1 : Operation 18 [1/1] (0.00ns)   --->   "%specmemcore_ln0 = specmemcore void @_ssdm_op_SpecMemCore, i32 %crcTables_6, i64 666, i64 18, i64 18446744073709551615"   --->   Operation 18 'specmemcore' 'specmemcore_ln0' <Predicate = true> <Delay = 0.00>
ST_1 : Operation 19 [1/1] (0.00ns)   --->   "%specmemcore_ln0 = specmemcore void @_ssdm_op_SpecMemCore, i32 %crcTables_7, i64 666, i64 18, i64 18446744073709551615"   --->   Operation 19 'specmemcore' 'specmemcore_ln0' <Predicate = true> <Delay = 0.00>
ST_1 : Operation 20 [1/1] (0.00ns)   --->   "%specmemcore_ln0 = specmemcore void @_ssdm_op_SpecMemCore, i32 %crcTables_8, i64 666, i64 18, i64 18446744073709551615"   --->   Operation 20 'specmemcore' 'specmemcore_ln0' <Predicate = true> <Delay = 0.00>
ST_1 : Operation 21 [1/1] (0.00ns)   --->   "%specmemcore_ln0 = specmemcore void @_ssdm_op_SpecMemCore, i32 %crcTables_9, i64 666, i64 18, i64 18446744073709551615"   --->   Operation 21 'specmemcore' 'specmemcore_ln0' <Predicate = true> <Delay = 0.00>
ST_1 : Operation 22 [1/1] (0.00ns)   --->   "%specmemcore_ln0 = specmemcore void @_ssdm_op_SpecMemCore, i32 %crcTables_10, i64 666, i64 18, i64 18446744073709551615"   --->   Operation 22 'specmemcore' 'specmemcore_ln0' <Predicate = true> <Delay = 0.00>
ST_1 : Operation 23 [1/1] (0.00ns)   --->   "%specmemcore_ln0 = specmemcore void @_ssdm_op_SpecMemCore, i32 %crcTables_11, i64 666, i64 18, i64 18446744073709551615"   --->   Operation 23 'specmemcore' 'specmemcore_ln0' <Predicate = true> <Delay = 0.00>
ST_1 : Operation 24 [1/1] (0.00ns)   --->   "%specmemcore_ln0 = specmemcore void @_ssdm_op_SpecMemCore, i32 %crcTables_12, i64 666, i64 18, i64 18446744073709551615"   --->   Operation 24 'specmemcore' 'specmemcore_ln0' <Predicate = true> <Delay = 0.00>
ST_1 : Operation 25 [1/1] (0.00ns)   --->   "%specmemcore_ln0 = specmemcore void @_ssdm_op_SpecMemCore, i32 %crcTables_13, i64 666, i64 18, i64 18446744073709551615"   --->   Operation 25 'specmemcore' 'specmemcore_ln0' <Predicate = true> <Delay = 0.00>
ST_1 : Operation 26 [1/1] (0.00ns)   --->   "%specmemcore_ln0 = specmemcore void @_ssdm_op_SpecMemCore, i32 %crcTables_14, i64 666, i64 18, i64 18446744073709551615"   --->   Operation 26 'specmemcore' 'specmemcore_ln0' <Predicate = true> <Delay = 0.00>
ST_1 : Operation 27 [1/1] (0.00ns)   --->   "%specmemcore_ln0 = specmemcore void @_ssdm_op_SpecMemCore, i32 %crcTables_15, i64 666, i64 18, i64 18446744073709551615"   --->   Operation 27 'specmemcore' 'specmemcore_ln0' <Predicate = true> <Delay = 0.00>
ST_1 : Operation 28 [1/1] (0.00ns)   --->   "%specinterface_ln0 = specinterface void @_ssdm_op_SpecInterface, i512 %gmem1, void @empty_17, i32 0, i32 0, void @empty_18, i32 64, i32 4096, void @empty_20, void @empty_4, void @empty_18, i32 16, i32 16, i32 16, i32 16, void @empty_18, void @empty_18, i32 4294967295, i32 0"   --->   Operation 28 'specinterface' 'specinterface_ln0' <Predicate = true> <Delay = 0.00>
ST_1 : Operation 29 [1/1] (0.38ns)   --->   "%store_ln0 = store i13 0, i13 %indvar_flatten"   --->   Operation 29 'store' 'store_ln0' <Predicate = true> <Delay = 0.38>
ST_1 : Operation 30 [1/1] (0.38ns)   --->   "%store_ln0 = store i5 0, i5 %i"   --->   Operation 30 'store' 'store_ln0' <Predicate = true> <Delay = 0.38>
ST_1 : Operation 31 [1/1] (0.38ns)   --->   "%store_ln0 = store i9 0, i9 %j"   --->   Operation 31 'store' 'store_ln0' <Predicate = true> <Delay = 0.38>
ST_1 : Operation 32 [1/1] (0.38ns)   --->   "%store_ln0 = store i480 0, i480 %shiftreg"   --->   Operation 32 'store' 'store_ln0' <Predicate = true> <Delay = 0.38>
ST_1 : Operation 33 [1/1] (0.00ns)   --->   "%br_ln0 = br void %for.inc"   --->   Operation 33 'br' 'br_ln0' <Predicate = true> <Delay = 0.00>
ST_1 : Operation 34 [1/1] (0.00ns)   --->   "%indvar_flatten_load = load i13 %indvar_flatten" [/users/arashs/U280_CRC_Accelerator/src/kernel.cpp:676]   --->   Operation 34 'load' 'indvar_flatten_load' <Predicate = true> <Delay = 0.00>
ST_1 : Operation 35 [1/1] (0.75ns)   --->   "%icmp_ln676 = icmp_eq  i13 %indvar_flatten_load, i13 4096" [/users/arashs/U280_CRC_Accelerator/src/kernel.cpp:676]   --->   Operation 35 'icmp' 'icmp_ln676' <Predicate = true> <Delay = 0.75> <CoreInst = "Cmp">   --->   Core 9 'Cmp' <Latency = 0> <II = 1> <Delay = 0.75> <FuncUnit> <Opcode : 'icmp'> <InPorts = 2> <OutPorts = 1>
ST_1 : Operation 36 [1/1] (0.75ns)   --->   "%add_ln676 = add i13 %indvar_flatten_load, i13 1" [/users/arashs/U280_CRC_Accelerator/src/kernel.cpp:676]   --->   Operation 36 'add' 'add_ln676' <Predicate = true> <Delay = 0.75> <CoreInst = "Adder">   --->   Core 1 'Adder' <Latency = 0> <II = 1> <Delay = 0.75> <FuncUnit> <Opcode : 'add' 'sub'> <InPorts = 2> <OutPorts = 1>
ST_1 : Operation 37 [1/1] (0.00ns)   --->   "%br_ln676 = br i1 %icmp_ln676, void %for.inc9, void %for.end11.exitStub.exitStub" [/users/arashs/U280_CRC_Accelerator/src/kernel.cpp:676]   --->   Operation 37 'br' 'br_ln676' <Predicate = true> <Delay = 0.00>
ST_1 : Operation 38 [1/1] (0.00ns)   --->   "%j_load = load i9 %j" [/users/arashs/U280_CRC_Accelerator/src/kernel.cpp:678]   --->   Operation 38 'load' 'j_load' <Predicate = (!icmp_ln676)> <Delay = 0.00>
ST_1 : Operation 39 [1/1] (0.71ns)   --->   "%icmp_ln678 = icmp_eq  i9 %j_load, i9 256" [/users/arashs/U280_CRC_Accelerator/src/kernel.cpp:678]   --->   Operation 39 'icmp' 'icmp_ln678' <Predicate = (!icmp_ln676)> <Delay = 0.71> <CoreInst = "Cmp">   --->   Core 9 'Cmp' <Latency = 0> <II = 1> <Delay = 0.71> <FuncUnit> <Opcode : 'icmp'> <InPorts = 2> <OutPorts = 1>
ST_1 : Operation 40 [1/1] (0.30ns)   --->   "%select_ln676 = select i1 %icmp_ln678, i9 0, i9 %j_load" [/users/arashs/U280_CRC_Accelerator/src/kernel.cpp:676]   --->   Operation 40 'select' 'select_ln676' <Predicate = (!icmp_ln676)> <Delay = 0.30> <CoreInst = "Sel">   --->   Core 73 'Sel' <Latency = 0> <II = 1> <Delay = 0.30> <FuncUnit> <Opcode : 'select'> <InPorts = 3> <OutPorts = 1>
ST_1 : Operation 41 [1/1] (0.00ns)   --->   "%trunc_ln678 = trunc i9 %select_ln676" [/users/arashs/U280_CRC_Accelerator/src/kernel.cpp:678]   --->   Operation 41 'trunc' 'trunc_ln678' <Predicate = (!icmp_ln676)> <Delay = 0.00>
ST_1 : Operation 42 [1/1] (0.70ns)   --->   "%icmp_ln681 = icmp_eq  i4 %trunc_ln678, i4 0" [/users/arashs/U280_CRC_Accelerator/src/kernel.cpp:681]   --->   Operation 42 'icmp' 'icmp_ln681' <Predicate = (!icmp_ln676)> <Delay = 0.70> <CoreInst = "Cmp">   --->   Core 9 'Cmp' <Latency = 0> <II = 1> <Delay = 0.70> <FuncUnit> <Opcode : 'icmp'> <InPorts = 2> <OutPorts = 1>
ST_1 : Operation 43 [1/1] (0.71ns)   --->   "%add_ln678 = add i9 %select_ln676, i9 1" [/users/arashs/U280_CRC_Accelerator/src/kernel.cpp:678]   --->   Operation 43 'add' 'add_ln678' <Predicate = (!icmp_ln676)> <Delay = 0.71> <CoreInst = "Adder">   --->   Core 1 'Adder' <Latency = 0> <II = 1> <Delay = 0.71> <FuncUnit> <Opcode : 'add' 'sub'> <InPorts = 2> <OutPorts = 1>
ST_1 : Operation 44 [1/1] (0.38ns)   --->   "%store_ln678 = store i13 %add_ln676, i13 %indvar_flatten" [/users/arashs/U280_CRC_Accelerator/src/kernel.cpp:678]   --->   Operation 44 'store' 'store_ln678' <Predicate = (!icmp_ln676)> <Delay = 0.38>
ST_1 : Operation 45 [1/1] (0.38ns)   --->   "%store_ln678 = store i9 %add_ln678, i9 %j" [/users/arashs/U280_CRC_Accelerator/src/kernel.cpp:678]   --->   Operation 45 'store' 'store_ln678' <Predicate = (!icmp_ln676)> <Delay = 0.38>

State 2 <SV = 1> <Delay = 2.43>
ST_2 : Operation 46 [1/1] (0.00ns)   --->   "%gmem1_addr = getelementptr i512 %gmem1, i64 %sext_ln676_cast" [/users/arashs/U280_CRC_Accelerator/src/kernel.cpp:676]   --->   Operation 46 'getelementptr' 'gmem1_addr' <Predicate = true> <Delay = 0.00>
ST_2 : Operation 47 [1/1] (0.00ns)   --->   "%i_load = load i5 %i" [/users/arashs/U280_CRC_Accelerator/src/kernel.cpp:676]   --->   Operation 47 'load' 'i_load' <Predicate = (!icmp_ln676)> <Delay = 0.00>
ST_2 : Operation 48 [1/1] (0.70ns)   --->   "%add_ln676_1 = add i5 %i_load, i5 1" [/users/arashs/U280_CRC_Accelerator/src/kernel.cpp:676]   --->   Operation 48 'add' 'add_ln676_1' <Predicate = (!icmp_ln676 & icmp_ln678)> <Delay = 0.70> <CoreInst = "Adder">   --->   Core 1 'Adder' <Latency = 0> <II = 1> <Delay = 0.70> <FuncUnit> <Opcode : 'add' 'sub'> <InPorts = 2> <OutPorts = 1>
ST_2 : Operation 49 [1/1] (0.27ns)   --->   "%select_ln676_2 = select i1 %icmp_ln678, i5 %add_ln676_1, i5 %i_load" [/users/arashs/U280_CRC_Accelerator/src/kernel.cpp:676]   --->   Operation 49 'select' 'select_ln676_2' <Predicate = (!icmp_ln676)> <Delay = 0.27> <CoreInst = "Sel">   --->   Core 73 'Sel' <Latency = 0> <II = 1> <Delay = 0.27> <FuncUnit> <Opcode : 'select'> <InPorts = 3> <OutPorts = 1>
ST_2 : Operation 50 [1/1] (0.00ns)   --->   "%trunc_ln676 = trunc i5 %select_ln676_2" [/users/arashs/U280_CRC_Accelerator/src/kernel.cpp:676]   --->   Operation 50 'trunc' 'trunc_ln676' <Predicate = (!icmp_ln676)> <Delay = 0.00>
ST_2 : Operation 51 [1/1] (2.43ns)   --->   "%gmem1_addr_read = read i512 @_ssdm_op_Read.m_axi.p1i512, i512 %gmem1_addr" [/users/arashs/U280_CRC_Accelerator/src/kernel.cpp:681]   --->   Operation 51 'read' 'gmem1_addr_read' <Predicate = (!icmp_ln676 & icmp_ln681)> <Delay = 2.43> <CoreInst = "m_axi">   --->   Core 121 'm_axi' <Latency = 0> <II = 1> <Delay = 1.00> <Adapter> <Opcode : 'read' 'write' 'readreq' 'writereq' 'writeresp'>
ST_2 : Operation 52 [1/1] (0.67ns)   --->   "%switch_ln681 = switch i4 %trunc_ln676, void %arrayidx81.case.15, i4 0, void %arrayidx81.case.0, i4 1, void %arrayidx81.case.1, i4 2, void %arrayidx81.case.2, i4 3, void %arrayidx81.case.3, i4 4, void %arrayidx81.case.4, i4 5, void %arrayidx81.case.5, i4 6, void %arrayidx81.case.6, i4 7, void %arrayidx81.case.7, i4 8, void %arrayidx81.case.8, i4 9, void %arrayidx81.case.9, i4 10, void %arrayidx81.case.10, i4 11, void %arrayidx81.case.11, i4 12, void %arrayidx81.case.12, i4 13, void %arrayidx81.case.13, i4 14, void %arrayidx81.case.14" [/users/arashs/U280_CRC_Accelerator/src/kernel.cpp:681]   --->   Operation 52 'switch' 'switch_ln681' <Predicate = (!icmp_ln676)> <Delay = 0.67>
ST_2 : Operation 53 [1/1] (0.38ns)   --->   "%store_ln678 = store i5 %select_ln676_2, i5 %i" [/users/arashs/U280_CRC_Accelerator/src/kernel.cpp:678]   --->   Operation 53 'store' 'store_ln678' <Predicate = (!icmp_ln676)> <Delay = 0.38>
ST_2 : Operation 117 [1/1] (0.00ns)   --->   "%ret_ln0 = ret"   --->   Operation 117 'ret' 'ret_ln0' <Predicate = (icmp_ln676)> <Delay = 0.00>

State 3 <SV = 2> <Delay = 2.12>
ST_3 : Operation 54 [1/1] (0.00ns)   --->   "%shiftreg_load = load i480 %shiftreg" [/users/arashs/U280_CRC_Accelerator/src/kernel.cpp:676]   --->   Operation 54 'load' 'shiftreg_load' <Predicate = (!icmp_ln676 & !icmp_ln678)> <Delay = 0.00>
ST_3 : Operation 55 [1/1] (0.00ns)   --->   "%specloopname_ln0 = specloopname void @_ssdm_op_SpecLoopName, void @init_lut_VITIS_LOOP_678_1_str"   --->   Operation 55 'specloopname' 'specloopname_ln0' <Predicate = (!icmp_ln676)> <Delay = 0.00>
ST_3 : Operation 56 [1/1] (0.00ns)   --->   "%speclooptripcount_ln0 = speclooptripcount void @_ssdm_op_SpecLoopTripCount, i64 4096, i64 4096, i64 4096"   --->   Operation 56 'speclooptripcount' 'speclooptripcount_ln0' <Predicate = (!icmp_ln676)> <Delay = 0.00>
ST_3 : Operation 57 [1/1] (0.53ns)   --->   "%select_ln676_1 = select i1 %icmp_ln678, i480 0, i480 %shiftreg_load" [/users/arashs/U280_CRC_Accelerator/src/kernel.cpp:676]   --->   Operation 57 'select' 'select_ln676_1' <Predicate = (!icmp_ln676)> <Delay = 0.53> <CoreInst = "Sel">   --->   Core 73 'Sel' <Latency = 0> <II = 1> <Delay = 0.53> <FuncUnit> <Opcode : 'select'> <InPorts = 3> <OutPorts = 1>
ST_3 : Operation 58 [1/1] (0.00ns)   --->   "%zext_ln678 = zext i9 %select_ln676" [/users/arashs/U280_CRC_Accelerator/src/kernel.cpp:678]   --->   Operation 58 'zext' 'zext_ln678' <Predicate = (!icmp_ln676)> <Delay = 0.00>
ST_3 : Operation 59 [1/1] (0.00ns)   --->   "%zext_ln678_1 = zext i480 %select_ln676_1" [/users/arashs/U280_CRC_Accelerator/src/kernel.cpp:678]   --->   Operation 59 'zext' 'zext_ln678_1' <Predicate = (!icmp_ln676)> <Delay = 0.00>
ST_3 : Operation 60 [1/1] (0.00ns)   --->   "%specpipeline_ln680 = specpipeline void @_ssdm_op_SpecPipeline, i32 1, i32 0, i32 0, i32 0, void @empty_18" [/users/arashs/U280_CRC_Accelerator/src/kernel.cpp:680]   --->   Operation 60 'specpipeline' 'specpipeline_ln680' <Predicate = (!icmp_ln676)> <Delay = 0.00>
ST_3 : Operation 61 [1/1] (0.00ns)   --->   "%specloopname_ln678 = specloopname void @_ssdm_op_SpecLoopName, void @empty_24" [/users/arashs/U280_CRC_Accelerator/src/kernel.cpp:678]   --->   Operation 61 'specloopname' 'specloopname_ln678' <Predicate = (!icmp_ln676)> <Delay = 0.00>
ST_3 : Operation 62 [1/1] (0.38ns)   --->   "%br_ln681 = br i1 %icmp_ln681, void %for.inc.split._crit_edge, void" [/users/arashs/U280_CRC_Accelerator/src/kernel.cpp:681]   --->   Operation 62 'br' 'br_ln681' <Predicate = (!icmp_ln676)> <Delay = 0.38>
ST_3 : Operation 63 [1/1] (0.38ns)   --->   "%br_ln681 = br void %for.inc.split._crit_edge" [/users/arashs/U280_CRC_Accelerator/src/kernel.cpp:681]   --->   Operation 63 'br' 'br_ln681' <Predicate = (!icmp_ln676 & icmp_ln681)> <Delay = 0.38>
ST_3 : Operation 64 [1/1] (0.00ns)   --->   "%empty = phi i512 %gmem1_addr_read, void, i512 %zext_ln678_1, void %for.inc9" [/users/arashs/U280_CRC_Accelerator/src/kernel.cpp:681]   --->   Operation 64 'phi' 'empty' <Predicate = true> <Delay = 0.00>
ST_3 : Operation 65 [1/1] (0.00ns)   --->   "%trunc_ln681 = trunc i512 %empty" [/users/arashs/U280_CRC_Accelerator/src/kernel.cpp:681]   --->   Operation 65 'trunc' 'trunc_ln681' <Predicate = true> <Delay = 0.00>
ST_3 : Operation 66 [1/1] (0.00ns)   --->   "%trunc_ln681_1 = partselect i480 @_ssdm_op_PartSelect.i480.i512.i32.i32, i512 %empty, i32 32, i32 511" [/users/arashs/U280_CRC_Accelerator/src/kernel.cpp:681]   --->   Operation 66 'partselect' 'trunc_ln681_1' <Predicate = true> <Delay = 0.00>
ST_3 : Operation 67 [1/1] (0.00ns)   --->   "%crcTables_addr = getelementptr i32 %crcTables, i64 0, i64 %zext_ln678" [/users/arashs/U280_CRC_Accelerator/src/kernel.cpp:681]   --->   Operation 67 'getelementptr' 'crcTables_addr' <Predicate = true> <Delay = 0.00>
ST_3 : Operation 68 [1/1] (0.00ns)   --->   "%crcTables_1_addr = getelementptr i32 %crcTables_1, i64 0, i64 %zext_ln678" [/users/arashs/U280_CRC_Accelerator/src/kernel.cpp:681]   --->   Operation 68 'getelementptr' 'crcTables_1_addr' <Predicate = true> <Delay = 0.00>
ST_3 : Operation 69 [1/1] (0.00ns)   --->   "%crcTables_2_addr = getelementptr i32 %crcTables_2, i64 0, i64 %zext_ln678" [/users/arashs/U280_CRC_Accelerator/src/kernel.cpp:681]   --->   Operation 69 'getelementptr' 'crcTables_2_addr' <Predicate = true> <Delay = 0.00>
ST_3 : Operation 70 [1/1] (0.00ns)   --->   "%crcTables_3_addr = getelementptr i32 %crcTables_3, i64 0, i64 %zext_ln678" [/users/arashs/U280_CRC_Accelerator/src/kernel.cpp:681]   --->   Operation 70 'getelementptr' 'crcTables_3_addr' <Predicate = true> <Delay = 0.00>
ST_3 : Operation 71 [1/1] (0.00ns)   --->   "%crcTables_4_addr = getelementptr i32 %crcTables_4, i64 0, i64 %zext_ln678" [/users/arashs/U280_CRC_Accelerator/src/kernel.cpp:681]   --->   Operation 71 'getelementptr' 'crcTables_4_addr' <Predicate = true> <Delay = 0.00>
ST_3 : Operation 72 [1/1] (0.00ns)   --->   "%crcTables_5_addr = getelementptr i32 %crcTables_5, i64 0, i64 %zext_ln678" [/users/arashs/U280_CRC_Accelerator/src/kernel.cpp:681]   --->   Operation 72 'getelementptr' 'crcTables_5_addr' <Predicate = true> <Delay = 0.00>
ST_3 : Operation 73 [1/1] (0.00ns)   --->   "%crcTables_6_addr = getelementptr i32 %crcTables_6, i64 0, i64 %zext_ln678" [/users/arashs/U280_CRC_Accelerator/src/kernel.cpp:681]   --->   Operation 73 'getelementptr' 'crcTables_6_addr' <Predicate = true> <Delay = 0.00>
ST_3 : Operation 74 [1/1] (0.00ns)   --->   "%crcTables_7_addr = getelementptr i32 %crcTables_7, i64 0, i64 %zext_ln678" [/users/arashs/U280_CRC_Accelerator/src/kernel.cpp:681]   --->   Operation 74 'getelementptr' 'crcTables_7_addr' <Predicate = true> <Delay = 0.00>
ST_3 : Operation 75 [1/1] (0.00ns)   --->   "%crcTables_8_addr = getelementptr i32 %crcTables_8, i64 0, i64 %zext_ln678" [/users/arashs/U280_CRC_Accelerator/src/kernel.cpp:681]   --->   Operation 75 'getelementptr' 'crcTables_8_addr' <Predicate = true> <Delay = 0.00>
ST_3 : Operation 76 [1/1] (0.00ns)   --->   "%crcTables_9_addr = getelementptr i32 %crcTables_9, i64 0, i64 %zext_ln678" [/users/arashs/U280_CRC_Accelerator/src/kernel.cpp:681]   --->   Operation 76 'getelementptr' 'crcTables_9_addr' <Predicate = true> <Delay = 0.00>
ST_3 : Operation 77 [1/1] (0.00ns)   --->   "%crcTables_10_addr = getelementptr i32 %crcTables_10, i64 0, i64 %zext_ln678" [/users/arashs/U280_CRC_Accelerator/src/kernel.cpp:681]   --->   Operation 77 'getelementptr' 'crcTables_10_addr' <Predicate = true> <Delay = 0.00>
ST_3 : Operation 78 [1/1] (0.00ns)   --->   "%crcTables_11_addr = getelementptr i32 %crcTables_11, i64 0, i64 %zext_ln678" [/users/arashs/U280_CRC_Accelerator/src/kernel.cpp:681]   --->   Operation 78 'getelementptr' 'crcTables_11_addr' <Predicate = true> <Delay = 0.00>
ST_3 : Operation 79 [1/1] (0.00ns)   --->   "%crcTables_12_addr = getelementptr i32 %crcTables_12, i64 0, i64 %zext_ln678" [/users/arashs/U280_CRC_Accelerator/src/kernel.cpp:681]   --->   Operation 79 'getelementptr' 'crcTables_12_addr' <Predicate = true> <Delay = 0.00>
ST_3 : Operation 80 [1/1] (0.00ns)   --->   "%crcTables_13_addr = getelementptr i32 %crcTables_13, i64 0, i64 %zext_ln678" [/users/arashs/U280_CRC_Accelerator/src/kernel.cpp:681]   --->   Operation 80 'getelementptr' 'crcTables_13_addr' <Predicate = true> <Delay = 0.00>
ST_3 : Operation 81 [1/1] (0.00ns)   --->   "%crcTables_14_addr = getelementptr i32 %crcTables_14, i64 0, i64 %zext_ln678" [/users/arashs/U280_CRC_Accelerator/src/kernel.cpp:681]   --->   Operation 81 'getelementptr' 'crcTables_14_addr' <Predicate = true> <Delay = 0.00>
ST_3 : Operation 82 [1/1] (0.00ns)   --->   "%crcTables_15_addr = getelementptr i32 %crcTables_15, i64 0, i64 %zext_ln678" [/users/arashs/U280_CRC_Accelerator/src/kernel.cpp:681]   --->   Operation 82 'getelementptr' 'crcTables_15_addr' <Predicate = true> <Delay = 0.00>
ST_3 : Operation 83 [1/1] (1.19ns)   --->   "%store_ln681 = store i32 %trunc_ln681, i8 %crcTables_14_addr" [/users/arashs/U280_CRC_Accelerator/src/kernel.cpp:681]   --->   Operation 83 'store' 'store_ln681' <Predicate = (trunc_ln676 == 14)> <Delay = 1.19> <CoreInst = "RAM_1P_BRAM">   --->   Core 90 'RAM_1P_BRAM' <Latency = 1> <II = 1> <Delay = 1.19> <Storage> <Opcode : 'load' 'store'> <Ports = 1> <Width = 32> <Depth = 256> <RAM>
ST_3 : Operation 84 [1/1] (0.00ns)   --->   "%br_ln681 = br void %arrayidx81.exit" [/users/arashs/U280_CRC_Accelerator/src/kernel.cpp:681]   --->   Operation 84 'br' 'br_ln681' <Predicate = (trunc_ln676 == 14)> <Delay = 0.00>
ST_3 : Operation 85 [1/1] (1.19ns)   --->   "%store_ln681 = store i32 %trunc_ln681, i8 %crcTables_13_addr" [/users/arashs/U280_CRC_Accelerator/src/kernel.cpp:681]   --->   Operation 85 'store' 'store_ln681' <Predicate = (trunc_ln676 == 13)> <Delay = 1.19> <CoreInst = "RAM_1P_BRAM">   --->   Core 90 'RAM_1P_BRAM' <Latency = 1> <II = 1> <Delay = 1.19> <Storage> <Opcode : 'load' 'store'> <Ports = 1> <Width = 32> <Depth = 256> <RAM>
ST_3 : Operation 86 [1/1] (0.00ns)   --->   "%br_ln681 = br void %arrayidx81.exit" [/users/arashs/U280_CRC_Accelerator/src/kernel.cpp:681]   --->   Operation 86 'br' 'br_ln681' <Predicate = (trunc_ln676 == 13)> <Delay = 0.00>
ST_3 : Operation 87 [1/1] (1.19ns)   --->   "%store_ln681 = store i32 %trunc_ln681, i8 %crcTables_12_addr" [/users/arashs/U280_CRC_Accelerator/src/kernel.cpp:681]   --->   Operation 87 'store' 'store_ln681' <Predicate = (trunc_ln676 == 12)> <Delay = 1.19> <CoreInst = "RAM_1P_BRAM">   --->   Core 90 'RAM_1P_BRAM' <Latency = 1> <II = 1> <Delay = 1.19> <Storage> <Opcode : 'load' 'store'> <Ports = 1> <Width = 32> <Depth = 256> <RAM>
ST_3 : Operation 88 [1/1] (0.00ns)   --->   "%br_ln681 = br void %arrayidx81.exit" [/users/arashs/U280_CRC_Accelerator/src/kernel.cpp:681]   --->   Operation 88 'br' 'br_ln681' <Predicate = (trunc_ln676 == 12)> <Delay = 0.00>
ST_3 : Operation 89 [1/1] (1.19ns)   --->   "%store_ln681 = store i32 %trunc_ln681, i8 %crcTables_11_addr" [/users/arashs/U280_CRC_Accelerator/src/kernel.cpp:681]   --->   Operation 89 'store' 'store_ln681' <Predicate = (trunc_ln676 == 11)> <Delay = 1.19> <CoreInst = "RAM_1P_BRAM">   --->   Core 90 'RAM_1P_BRAM' <Latency = 1> <II = 1> <Delay = 1.19> <Storage> <Opcode : 'load' 'store'> <Ports = 1> <Width = 32> <Depth = 256> <RAM>
ST_3 : Operation 90 [1/1] (0.00ns)   --->   "%br_ln681 = br void %arrayidx81.exit" [/users/arashs/U280_CRC_Accelerator/src/kernel.cpp:681]   --->   Operation 90 'br' 'br_ln681' <Predicate = (trunc_ln676 == 11)> <Delay = 0.00>
ST_3 : Operation 91 [1/1] (1.19ns)   --->   "%store_ln681 = store i32 %trunc_ln681, i8 %crcTables_10_addr" [/users/arashs/U280_CRC_Accelerator/src/kernel.cpp:681]   --->   Operation 91 'store' 'store_ln681' <Predicate = (trunc_ln676 == 10)> <Delay = 1.19> <CoreInst = "RAM_1P_BRAM">   --->   Core 90 'RAM_1P_BRAM' <Latency = 1> <II = 1> <Delay = 1.19> <Storage> <Opcode : 'load' 'store'> <Ports = 1> <Width = 32> <Depth = 256> <RAM>
ST_3 : Operation 92 [1/1] (0.00ns)   --->   "%br_ln681 = br void %arrayidx81.exit" [/users/arashs/U280_CRC_Accelerator/src/kernel.cpp:681]   --->   Operation 92 'br' 'br_ln681' <Predicate = (trunc_ln676 == 10)> <Delay = 0.00>
ST_3 : Operation 93 [1/1] (1.19ns)   --->   "%store_ln681 = store i32 %trunc_ln681, i8 %crcTables_9_addr" [/users/arashs/U280_CRC_Accelerator/src/kernel.cpp:681]   --->   Operation 93 'store' 'store_ln681' <Predicate = (trunc_ln676 == 9)> <Delay = 1.19> <CoreInst = "RAM_1P_BRAM">   --->   Core 90 'RAM_1P_BRAM' <Latency = 1> <II = 1> <Delay = 1.19> <Storage> <Opcode : 'load' 'store'> <Ports = 1> <Width = 32> <Depth = 256> <RAM>
ST_3 : Operation 94 [1/1] (0.00ns)   --->   "%br_ln681 = br void %arrayidx81.exit" [/users/arashs/U280_CRC_Accelerator/src/kernel.cpp:681]   --->   Operation 94 'br' 'br_ln681' <Predicate = (trunc_ln676 == 9)> <Delay = 0.00>
ST_3 : Operation 95 [1/1] (1.19ns)   --->   "%store_ln681 = store i32 %trunc_ln681, i8 %crcTables_8_addr" [/users/arashs/U280_CRC_Accelerator/src/kernel.cpp:681]   --->   Operation 95 'store' 'store_ln681' <Predicate = (trunc_ln676 == 8)> <Delay = 1.19> <CoreInst = "RAM_1P_BRAM">   --->   Core 90 'RAM_1P_BRAM' <Latency = 1> <II = 1> <Delay = 1.19> <Storage> <Opcode : 'load' 'store'> <Ports = 1> <Width = 32> <Depth = 256> <RAM>
ST_3 : Operation 96 [1/1] (0.00ns)   --->   "%br_ln681 = br void %arrayidx81.exit" [/users/arashs/U280_CRC_Accelerator/src/kernel.cpp:681]   --->   Operation 96 'br' 'br_ln681' <Predicate = (trunc_ln676 == 8)> <Delay = 0.00>
ST_3 : Operation 97 [1/1] (1.19ns)   --->   "%store_ln681 = store i32 %trunc_ln681, i8 %crcTables_7_addr" [/users/arashs/U280_CRC_Accelerator/src/kernel.cpp:681]   --->   Operation 97 'store' 'store_ln681' <Predicate = (trunc_ln676 == 7)> <Delay = 1.19> <CoreInst = "RAM_1P_BRAM">   --->   Core 90 'RAM_1P_BRAM' <Latency = 1> <II = 1> <Delay = 1.19> <Storage> <Opcode : 'load' 'store'> <Ports = 1> <Width = 32> <Depth = 256> <RAM>
ST_3 : Operation 98 [1/1] (0.00ns)   --->   "%br_ln681 = br void %arrayidx81.exit" [/users/arashs/U280_CRC_Accelerator/src/kernel.cpp:681]   --->   Operation 98 'br' 'br_ln681' <Predicate = (trunc_ln676 == 7)> <Delay = 0.00>
ST_3 : Operation 99 [1/1] (1.19ns)   --->   "%store_ln681 = store i32 %trunc_ln681, i8 %crcTables_6_addr" [/users/arashs/U280_CRC_Accelerator/src/kernel.cpp:681]   --->   Operation 99 'store' 'store_ln681' <Predicate = (trunc_ln676 == 6)> <Delay = 1.19> <CoreInst = "RAM_1P_BRAM">   --->   Core 90 'RAM_1P_BRAM' <Latency = 1> <II = 1> <Delay = 1.19> <Storage> <Opcode : 'load' 'store'> <Ports = 1> <Width = 32> <Depth = 256> <RAM>
ST_3 : Operation 100 [1/1] (0.00ns)   --->   "%br_ln681 = br void %arrayidx81.exit" [/users/arashs/U280_CRC_Accelerator/src/kernel.cpp:681]   --->   Operation 100 'br' 'br_ln681' <Predicate = (trunc_ln676 == 6)> <Delay = 0.00>
ST_3 : Operation 101 [1/1] (1.19ns)   --->   "%store_ln681 = store i32 %trunc_ln681, i8 %crcTables_5_addr" [/users/arashs/U280_CRC_Accelerator/src/kernel.cpp:681]   --->   Operation 101 'store' 'store_ln681' <Predicate = (trunc_ln676 == 5)> <Delay = 1.19> <CoreInst = "RAM_1P_BRAM">   --->   Core 90 'RAM_1P_BRAM' <Latency = 1> <II = 1> <Delay = 1.19> <Storage> <Opcode : 'load' 'store'> <Ports = 1> <Width = 32> <Depth = 256> <RAM>
ST_3 : Operation 102 [1/1] (0.00ns)   --->   "%br_ln681 = br void %arrayidx81.exit" [/users/arashs/U280_CRC_Accelerator/src/kernel.cpp:681]   --->   Operation 102 'br' 'br_ln681' <Predicate = (trunc_ln676 == 5)> <Delay = 0.00>
ST_3 : Operation 103 [1/1] (1.19ns)   --->   "%store_ln681 = store i32 %trunc_ln681, i8 %crcTables_4_addr" [/users/arashs/U280_CRC_Accelerator/src/kernel.cpp:681]   --->   Operation 103 'store' 'store_ln681' <Predicate = (trunc_ln676 == 4)> <Delay = 1.19> <CoreInst = "RAM_1P_BRAM">   --->   Core 90 'RAM_1P_BRAM' <Latency = 1> <II = 1> <Delay = 1.19> <Storage> <Opcode : 'load' 'store'> <Ports = 1> <Width = 32> <Depth = 256> <RAM>
ST_3 : Operation 104 [1/1] (0.00ns)   --->   "%br_ln681 = br void %arrayidx81.exit" [/users/arashs/U280_CRC_Accelerator/src/kernel.cpp:681]   --->   Operation 104 'br' 'br_ln681' <Predicate = (trunc_ln676 == 4)> <Delay = 0.00>
ST_3 : Operation 105 [1/1] (1.19ns)   --->   "%store_ln681 = store i32 %trunc_ln681, i8 %crcTables_3_addr" [/users/arashs/U280_CRC_Accelerator/src/kernel.cpp:681]   --->   Operation 105 'store' 'store_ln681' <Predicate = (trunc_ln676 == 3)> <Delay = 1.19> <CoreInst = "RAM_1P_BRAM">   --->   Core 90 'RAM_1P_BRAM' <Latency = 1> <II = 1> <Delay = 1.19> <Storage> <Opcode : 'load' 'store'> <Ports = 1> <Width = 32> <Depth = 256> <RAM>
ST_3 : Operation 106 [1/1] (0.00ns)   --->   "%br_ln681 = br void %arrayidx81.exit" [/users/arashs/U280_CRC_Accelerator/src/kernel.cpp:681]   --->   Operation 106 'br' 'br_ln681' <Predicate = (trunc_ln676 == 3)> <Delay = 0.00>
ST_3 : Operation 107 [1/1] (1.19ns)   --->   "%store_ln681 = store i32 %trunc_ln681, i8 %crcTables_2_addr" [/users/arashs/U280_CRC_Accelerator/src/kernel.cpp:681]   --->   Operation 107 'store' 'store_ln681' <Predicate = (trunc_ln676 == 2)> <Delay = 1.19> <CoreInst = "RAM_1P_BRAM">   --->   Core 90 'RAM_1P_BRAM' <Latency = 1> <II = 1> <Delay = 1.19> <Storage> <Opcode : 'load' 'store'> <Ports = 1> <Width = 32> <Depth = 256> <RAM>
ST_3 : Operation 108 [1/1] (0.00ns)   --->   "%br_ln681 = br void %arrayidx81.exit" [/users/arashs/U280_CRC_Accelerator/src/kernel.cpp:681]   --->   Operation 108 'br' 'br_ln681' <Predicate = (trunc_ln676 == 2)> <Delay = 0.00>
ST_3 : Operation 109 [1/1] (1.19ns)   --->   "%store_ln681 = store i32 %trunc_ln681, i8 %crcTables_1_addr" [/users/arashs/U280_CRC_Accelerator/src/kernel.cpp:681]   --->   Operation 109 'store' 'store_ln681' <Predicate = (trunc_ln676 == 1)> <Delay = 1.19> <CoreInst = "RAM_1P_BRAM">   --->   Core 90 'RAM_1P_BRAM' <Latency = 1> <II = 1> <Delay = 1.19> <Storage> <Opcode : 'load' 'store'> <Ports = 1> <Width = 32> <Depth = 256> <RAM>
ST_3 : Operation 110 [1/1] (0.00ns)   --->   "%br_ln681 = br void %arrayidx81.exit" [/users/arashs/U280_CRC_Accelerator/src/kernel.cpp:681]   --->   Operation 110 'br' 'br_ln681' <Predicate = (trunc_ln676 == 1)> <Delay = 0.00>
ST_3 : Operation 111 [1/1] (1.19ns)   --->   "%store_ln681 = store i32 %trunc_ln681, i8 %crcTables_addr" [/users/arashs/U280_CRC_Accelerator/src/kernel.cpp:681]   --->   Operation 111 'store' 'store_ln681' <Predicate = (trunc_ln676 == 0)> <Delay = 1.19> <CoreInst = "RAM_1P_BRAM">   --->   Core 90 'RAM_1P_BRAM' <Latency = 1> <II = 1> <Delay = 1.19> <Storage> <Opcode : 'load' 'store'> <Ports = 1> <Width = 32> <Depth = 256> <RAM>
ST_3 : Operation 112 [1/1] (0.00ns)   --->   "%br_ln681 = br void %arrayidx81.exit" [/users/arashs/U280_CRC_Accelerator/src/kernel.cpp:681]   --->   Operation 112 'br' 'br_ln681' <Predicate = (trunc_ln676 == 0)> <Delay = 0.00>
ST_3 : Operation 113 [1/1] (1.19ns)   --->   "%store_ln681 = store i32 %trunc_ln681, i8 %crcTables_15_addr" [/users/arashs/U280_CRC_Accelerator/src/kernel.cpp:681]   --->   Operation 113 'store' 'store_ln681' <Predicate = (trunc_ln676 == 15)> <Delay = 1.19> <CoreInst = "RAM_1P_BRAM">   --->   Core 90 'RAM_1P_BRAM' <Latency = 1> <II = 1> <Delay = 1.19> <Storage> <Opcode : 'load' 'store'> <Ports = 1> <Width = 32> <Depth = 256> <RAM>
ST_3 : Operation 114 [1/1] (0.00ns)   --->   "%br_ln681 = br void %arrayidx81.exit" [/users/arashs/U280_CRC_Accelerator/src/kernel.cpp:681]   --->   Operation 114 'br' 'br_ln681' <Predicate = (trunc_ln676 == 15)> <Delay = 0.00>
ST_3 : Operation 115 [1/1] (0.38ns)   --->   "%store_ln678 = store i480 %trunc_ln681_1, i480 %shiftreg" [/users/arashs/U280_CRC_Accelerator/src/kernel.cpp:678]   --->   Operation 115 'store' 'store_ln678' <Predicate = true> <Delay = 0.38>
ST_3 : Operation 116 [1/1] (0.00ns)   --->   "%br_ln678 = br void %for.inc" [/users/arashs/U280_CRC_Accelerator/src/kernel.cpp:678]   --->   Operation 116 'br' 'br_ln678' <Predicate = true> <Delay = 0.00>


============================================================
+ Verbose Summary: Timing violations
============================================================
Target clock period: 3.333ns, clock uncertainty: 0.900ns.

 <State 1>: 2.120ns
The critical path consists of the following:
	'alloca' operation ('j') [20]  (0.000 ns)
	'load' operation ('j_load', /users/arashs/U280_CRC_Accelerator/src/kernel.cpp:678) on local variable 'j' [55]  (0.000 ns)
	'icmp' operation ('icmp_ln678', /users/arashs/U280_CRC_Accelerator/src/kernel.cpp:678) [59]  (0.715 ns)
	'select' operation ('select_ln676', /users/arashs/U280_CRC_Accelerator/src/kernel.cpp:676) [60]  (0.303 ns)
	'add' operation ('add_ln678', /users/arashs/U280_CRC_Accelerator/src/kernel.cpp:678) [145]  (0.715 ns)
	'store' operation ('store_ln678', /users/arashs/U280_CRC_Accelerator/src/kernel.cpp:678) of variable 'add_ln678', /users/arashs/U280_CRC_Accelerator/src/kernel.cpp:678 on local variable 'j' [148]  (0.387 ns)

 <State 2>: 2.433ns
The critical path consists of the following:
	'getelementptr' operation ('gmem1_addr', /users/arashs/U280_CRC_Accelerator/src/kernel.cpp:676) [49]  (0.000 ns)
	bus read operation ('gmem1_addr_read', /users/arashs/U280_CRC_Accelerator/src/kernel.cpp:681) on port 'gmem1' (/users/arashs/U280_CRC_Accelerator/src/kernel.cpp:681) [73]  (2.433 ns)

 <State 3>: 2.121ns
The critical path consists of the following:
	'load' operation ('shiftreg_load', /users/arashs/U280_CRC_Accelerator/src/kernel.cpp:676) on local variable 'shiftreg' [54]  (0.000 ns)
	'select' operation ('select_ln676_1', /users/arashs/U280_CRC_Accelerator/src/kernel.cpp:676) [61]  (0.538 ns)
	multiplexor before 'phi' operation ('empty', /users/arashs/U280_CRC_Accelerator/src/kernel.cpp:681) with incoming values : ('zext_ln678_1', /users/arashs/U280_CRC_Accelerator/src/kernel.cpp:678) ('gmem1_addr_read', /users/arashs/U280_CRC_Accelerator/src/kernel.cpp:681) [76]  (0.387 ns)
	'phi' operation ('empty', /users/arashs/U280_CRC_Accelerator/src/kernel.cpp:681) with incoming values : ('zext_ln678_1', /users/arashs/U280_CRC_Accelerator/src/kernel.cpp:678) ('gmem1_addr_read', /users/arashs/U280_CRC_Accelerator/src/kernel.cpp:681) [76]  (0.000 ns)
	'store' operation ('store_ln681', /users/arashs/U280_CRC_Accelerator/src/kernel.cpp:681) of variable 'trunc_ln681', /users/arashs/U280_CRC_Accelerator/src/kernel.cpp:681 on array 'crcTables_14' [97]  (1.196 ns)


============================================================
+ Verbose Summary: Binding
============================================================
N/A
* FSMD analyzer results:
  - Output states:
 - Input state : 
  - Chain level:
	State 1
	State 2
	State 3


============================================================
+ Verbose Summary: Datapath Resource usage 
============================================================
N/A
