

================================================================
== Vitis HLS Report for 'process_blocks_Pipeline_tail_loop'
================================================================
* Date:           Mon Feb 16 01:30:41 2026

* Version:        2023.1 (Build 3854077 on May  4 2023)
* Project:        calculate_crc
* Solution:       solution (Vitis Kernel Flow Target)
* Product family: virtexuplusHBM
* Target device:  xcu280-fsvh2892-2L-e


================================================================
== Performance Estimates
================================================================
+ Timing: 
    * Summary: 
    +--------+---------+----------+------------+
    |  Clock |  Target | Estimated| Uncertainty|
    +--------+---------+----------+------------+
    |ap_clk  |  3.33 ns|  1.793 ns|     0.90 ns|
    +--------+---------+----------+------------+

+ Latency: 
    * Summary: 
    +---------+---------+----------+----------+-----+-----+---------+
    |  Latency (cycles) |  Latency (absolute) |  Interval | Pipeline|
    |   min   |   max   |    min   |    max   | min | max |   Type  |
    +---------+---------+----------+----------+-----+-----+---------+
    |        ?|        ?|         ?|         ?|    ?|    ?|       no|
    +---------+---------+----------+----------+-----+-----+---------+

    + Detail: 
        * Instance: 
        N/A

        * Loop: 
        +-------------+---------+---------+----------+-----------+-----------+------+----------+
        |             |  Latency (cycles) | Iteration|  Initiation Interval  | Trip |          |
        |  Loop Name  |   min   |   max   |  Latency |  achieved |   target  | Count| Pipelined|
        +-------------+---------+---------+----------+-----------+-----------+------+----------+
        |- tail_loop  |        ?|        ?|         4|          1|          1|     ?|       yes|
        +-------------+---------+---------+----------+-----------+-----------+------+----------+

============================================================
+ Verbose Summary: Synthesis Manager
============================================================
InlineROM: 1
ExposeGlobal: 0
============================================================
+ Verbose Summary: CDFG Model
============================================================
IsTopModel: 0
ResetActiveHigh: 1
IsCombinational: 0
IsDatapathOnly: 0
HasWiredReturn: 1
HasMFsm: 2
HasVarLatency: 1
IsPipeline: 0
IsRtlPipelined: 0
IsInstanceOverlapped: 0
IsDontTouch: 0
HasImplIP: 0
IsGatedGlobalClock: 0

+ Individual pipeline summary: 
  * Pipeline-0: initiation interval (II) = 1, depth = 4


============================================================
+ Verbose Summary: Schedule
============================================================
* Number of FSM states : 4
* Pipeline : 1
  Pipeline-0 : II = 1, D = 4, States = { 1 2 3 4 }
* Dataflow Pipeline: 0

* FSM state transitions: 
1 --> 2 
2 --> 3 
3 --> 4 
4 --> 

* FSM state operations: 

State 1 <SV = 0> <Delay = 1.26>
ST_1 : Operation 7 [1/1] (0.00ns)   --->   "%crc = alloca i32 1"   --->   Operation 7 'alloca' 'crc' <Predicate = true> <Delay = 0.00>
ST_1 : Operation 8 [1/1] (0.00ns)   --->   "%t = alloca i32 1"   --->   Operation 8 'alloca' 't' <Predicate = true> <Delay = 0.00>
ST_1 : Operation 9 [1/1] (0.00ns)   --->   "%specmemcore_ln0 = specmemcore void @_ssdm_op_SpecMemCore, i32 %crcTables_0, i64 666, i64 18, i64 18446744073709551615"   --->   Operation 9 'specmemcore' 'specmemcore_ln0' <Predicate = true> <Delay = 0.00>
ST_1 : Operation 10 [1/1] (0.00ns)   --->   "%specinterface_ln0 = specinterface void @_ssdm_op_SpecInterface, i8 %inByte0, void @empty_5, i32 0, i32 0, void @empty_18, i32 0, i32 0, void @empty_18, void @empty_18, void @empty_18, i32 0, i32 0, i32 0, i32 0, void @empty_18, void @empty_18, i32 4294967295, i32 0"   --->   Operation 10 'specinterface' 'specinterface_ln0' <Predicate = true> <Delay = 0.00>
ST_1 : Operation 11 [1/1] (0.00ns)   --->   "%specinterface_ln0 = specinterface void @_ssdm_op_SpecInterface, i8 %inByte1, void @empty_5, i32 0, i32 0, void @empty_18, i32 0, i32 0, void @empty_18, void @empty_18, void @empty_18, i32 0, i32 0, i32 0, i32 0, void @empty_18, void @empty_18, i32 4294967295, i32 0"   --->   Operation 11 'specinterface' 'specinterface_ln0' <Predicate = true> <Delay = 0.00>
ST_1 : Operation 12 [1/1] (0.00ns)   --->   "%specinterface_ln0 = specinterface void @_ssdm_op_SpecInterface, i8 %inByte2, void @empty_5, i32 0, i32 0, void @empty_18, i32 0, i32 0, void @empty_18, void @empty_18, void @empty_18, i32 0, i32 0, i32 0, i32 0, void @empty_18, void @empty_18, i32 4294967295, i32 0"   --->   Operation 12 'specinterface' 'specinterface_ln0' <Predicate = true> <Delay = 0.00>
ST_1 : Operation 13 [1/1] (0.00ns)   --->   "%specinterface_ln0 = specinterface void @_ssdm_op_SpecInterface, i8 %inByte3, void @empty_5, i32 0, i32 0, void @empty_18, i32 0, i32 0, void @empty_18, void @empty_18, void @empty_18, i32 0, i32 0, i32 0, i32 0, void @empty_18, void @empty_18, i32 4294967295, i32 0"   --->   Operation 13 'specinterface' 'specinterface_ln0' <Predicate = true> <Delay = 0.00>
ST_1 : Operation 14 [1/1] (0.00ns)   --->   "%specinterface_ln0 = specinterface void @_ssdm_op_SpecInterface, i8 %inByte4, void @empty_5, i32 0, i32 0, void @empty_18, i32 0, i32 0, void @empty_18, void @empty_18, void @empty_18, i32 0, i32 0, i32 0, i32 0, void @empty_18, void @empty_18, i32 4294967295, i32 0"   --->   Operation 14 'specinterface' 'specinterface_ln0' <Predicate = true> <Delay = 0.00>
ST_1 : Operation 15 [1/1] (0.00ns)   --->   "%specinterface_ln0 = specinterface void @_ssdm_op_SpecInterface, i8 %inByte5, void @empty_5, i32 0, i32 0, void @empty_18, i32 0, i32 0, void @empty_18, void @empty_18, void @empty_18, i32 0, i32 0, i32 0, i32 0, void @empty_18, void @empty_18, i32 4294967295, i32 0"   --->   Operation 15 'specinterface' 'specinterface_ln0' <Predicate = true> <Delay = 0.00>
ST_1 : Operation 16 [1/1] (0.00ns)   --->   "%specinterface_ln0 = specinterface void @_ssdm_op_SpecInterface, i8 %inByte6, void @empty_5, i32 0, i32 0, void @empty_18, i32 0, i32 0, void @empty_18, void @empty_18, void @empty_18, i32 0, i32 0, i32 0, i32 0, void @empty_18, void @empty_18, i32 4294967295, i32 0"   --->   Operation 16 'specinterface' 'specinterface_ln0' <Predicate = true> <Delay = 0.00>
ST_1 : Operation 17 [1/1] (0.00ns)   --->   "%specinterface_ln0 = specinterface void @_ssdm_op_SpecInterface, i8 %inByte7, void @empty_5, i32 0, i32 0, void @empty_18, i32 0, i32 0, void @empty_18, void @empty_18, void @empty_18, i32 0, i32 0, i32 0, i32 0, void @empty_18, void @empty_18, i32 4294967295, i32 0"   --->   Operation 17 'specinterface' 'specinterface_ln0' <Predicate = true> <Delay = 0.00>
ST_1 : Operation 18 [1/1] (0.00ns)   --->   "%specinterface_ln0 = specinterface void @_ssdm_op_SpecInterface, i8 %inByte8, void @empty_5, i32 0, i32 0, void @empty_18, i32 0, i32 0, void @empty_18, void @empty_18, void @empty_18, i32 0, i32 0, i32 0, i32 0, void @empty_18, void @empty_18, i32 4294967295, i32 0"   --->   Operation 18 'specinterface' 'specinterface_ln0' <Predicate = true> <Delay = 0.00>
ST_1 : Operation 19 [1/1] (0.00ns)   --->   "%specinterface_ln0 = specinterface void @_ssdm_op_SpecInterface, i8 %inByte9, void @empty_5, i32 0, i32 0, void @empty_18, i32 0, i32 0, void @empty_18, void @empty_18, void @empty_18, i32 0, i32 0, i32 0, i32 0, void @empty_18, void @empty_18, i32 4294967295, i32 0"   --->   Operation 19 'specinterface' 'specinterface_ln0' <Predicate = true> <Delay = 0.00>
ST_1 : Operation 20 [1/1] (0.00ns)   --->   "%specinterface_ln0 = specinterface void @_ssdm_op_SpecInterface, i8 %inByte10, void @empty_5, i32 0, i32 0, void @empty_18, i32 0, i32 0, void @empty_18, void @empty_18, void @empty_18, i32 0, i32 0, i32 0, i32 0, void @empty_18, void @empty_18, i32 4294967295, i32 0"   --->   Operation 20 'specinterface' 'specinterface_ln0' <Predicate = true> <Delay = 0.00>
ST_1 : Operation 21 [1/1] (0.00ns)   --->   "%specinterface_ln0 = specinterface void @_ssdm_op_SpecInterface, i8 %inByte11, void @empty_5, i32 0, i32 0, void @empty_18, i32 0, i32 0, void @empty_18, void @empty_18, void @empty_18, i32 0, i32 0, i32 0, i32 0, void @empty_18, void @empty_18, i32 4294967295, i32 0"   --->   Operation 21 'specinterface' 'specinterface_ln0' <Predicate = true> <Delay = 0.00>
ST_1 : Operation 22 [1/1] (0.00ns)   --->   "%specinterface_ln0 = specinterface void @_ssdm_op_SpecInterface, i8 %inByte12, void @empty_5, i32 0, i32 0, void @empty_18, i32 0, i32 0, void @empty_18, void @empty_18, void @empty_18, i32 0, i32 0, i32 0, i32 0, void @empty_18, void @empty_18, i32 4294967295, i32 0"   --->   Operation 22 'specinterface' 'specinterface_ln0' <Predicate = true> <Delay = 0.00>
ST_1 : Operation 23 [1/1] (0.00ns)   --->   "%specinterface_ln0 = specinterface void @_ssdm_op_SpecInterface, i8 %inByte13, void @empty_5, i32 0, i32 0, void @empty_18, i32 0, i32 0, void @empty_18, void @empty_18, void @empty_18, i32 0, i32 0, i32 0, i32 0, void @empty_18, void @empty_18, i32 4294967295, i32 0"   --->   Operation 23 'specinterface' 'specinterface_ln0' <Predicate = true> <Delay = 0.00>
ST_1 : Operation 24 [1/1] (0.00ns)   --->   "%specinterface_ln0 = specinterface void @_ssdm_op_SpecInterface, i8 %inByte14, void @empty_5, i32 0, i32 0, void @empty_18, i32 0, i32 0, void @empty_18, void @empty_18, void @empty_18, i32 0, i32 0, i32 0, i32 0, void @empty_18, void @empty_18, i32 4294967295, i32 0"   --->   Operation 24 'specinterface' 'specinterface_ln0' <Predicate = true> <Delay = 0.00>
ST_1 : Operation 25 [1/1] (0.00ns)   --->   "%specinterface_ln0 = specinterface void @_ssdm_op_SpecInterface, i8 %inByte15, void @empty_5, i32 0, i32 0, void @empty_18, i32 0, i32 0, void @empty_18, void @empty_18, void @empty_18, i32 0, i32 0, i32 0, i32 0, void @empty_18, void @empty_18, i32 4294967295, i32 0"   --->   Operation 25 'specinterface' 'specinterface_ln0' <Predicate = true> <Delay = 0.00>
ST_1 : Operation 26 [1/1] (0.00ns)   --->   "%mask_1_read = read i32 @_ssdm_op_Read.ap_auto.i32, i32 %mask_1" [/users/arashs/U280_CRC_Accelerator/src/kernel.cpp:311]   --->   Operation 26 'read' 'mask_1_read' <Predicate = true> <Delay = 0.00>
ST_1 : Operation 27 [1/1] (0.00ns)   --->   "%sub_ln329_read = read i32 @_ssdm_op_Read.ap_auto.i32, i32 %sub_ln329" [/users/arashs/U280_CRC_Accelerator/src/kernel.cpp:311]   --->   Operation 27 'read' 'sub_ln329_read' <Predicate = true> <Delay = 0.00>
ST_1 : Operation 28 [1/1] (0.00ns)   --->   "%crc_reload_read = read i32 @_ssdm_op_Read.ap_auto.i32, i32 %crc_reload" [/users/arashs/U280_CRC_Accelerator/src/kernel.cpp:311]   --->   Operation 28 'read' 'crc_reload_read' <Predicate = true> <Delay = 0.00>
ST_1 : Operation 29 [1/1] (0.38ns)   --->   "%store_ln0 = store i31 0, i31 %t"   --->   Operation 29 'store' 'store_ln0' <Predicate = true> <Delay = 0.38>
ST_1 : Operation 30 [1/1] (0.38ns)   --->   "%store_ln311 = store i32 %crc_reload_read, i32 %crc" [/users/arashs/U280_CRC_Accelerator/src/kernel.cpp:311]   --->   Operation 30 'store' 'store_ln311' <Predicate = true> <Delay = 0.38>
ST_1 : Operation 31 [1/1] (0.00ns)   --->   "%br_ln0 = br void %for.body82"   --->   Operation 31 'br' 'br_ln0' <Predicate = true> <Delay = 0.00>
ST_1 : Operation 32 [1/1] (0.00ns)   --->   "%t_1 = load i31 %t" [/users/arashs/U280_CRC_Accelerator/src/kernel.cpp:376]   --->   Operation 32 'load' 't_1' <Predicate = true> <Delay = 0.00>
ST_1 : Operation 33 [1/1] (0.00ns)   --->   "%zext_ln376 = zext i31 %t_1" [/users/arashs/U280_CRC_Accelerator/src/kernel.cpp:376]   --->   Operation 33 'zext' 'zext_ln376' <Predicate = true> <Delay = 0.00>
ST_1 : Operation 34 [1/1] (0.88ns)   --->   "%icmp_ln376 = icmp_slt  i32 %zext_ln376, i32 %sub_ln329_read" [/users/arashs/U280_CRC_Accelerator/src/kernel.cpp:376]   --->   Operation 34 'icmp' 'icmp_ln376' <Predicate = true> <Delay = 0.88> <CoreInst = "Cmp">   --->   Core 9 'Cmp' <Latency = 0> <II = 1> <Delay = 0.88> <FuncUnit> <Opcode : 'icmp'> <InPorts = 2> <OutPorts = 1>
ST_1 : Operation 35 [1/1] (0.87ns)   --->   "%t_2 = add i31 %t_1, i31 1" [/users/arashs/U280_CRC_Accelerator/src/kernel.cpp:376]   --->   Operation 35 'add' 't_2' <Predicate = true> <Delay = 0.87> <CoreInst = "Adder">   --->   Core 1 'Adder' <Latency = 0> <II = 1> <Delay = 0.87> <FuncUnit> <Opcode : 'add' 'sub'> <InPorts = 2> <OutPorts = 1>
ST_1 : Operation 36 [1/1] (0.00ns)   --->   "%br_ln376 = br i1 %icmp_ln376, void %for.inc126.loopexit.exitStub, void %for.body82.split" [/users/arashs/U280_CRC_Accelerator/src/kernel.cpp:376]   --->   Operation 36 'br' 'br_ln376' <Predicate = true> <Delay = 0.00>
ST_1 : Operation 37 [1/1] (0.00ns)   --->   "%trunc_ln376_1 = trunc i31 %t_1" [/users/arashs/U280_CRC_Accelerator/src/kernel.cpp:376]   --->   Operation 37 'trunc' 'trunc_ln376_1' <Predicate = (icmp_ln376)> <Delay = 0.00>
ST_1 : Operation 38 [1/1] (0.67ns)   --->   "%switch_ln380 = switch i4 %trunc_ln376_1, void %sw.default, i4 0, void %sw.bb, i4 1, void %sw.bb84, i4 2, void %sw.bb86, i4 3, void %sw.bb88, i4 4, void %sw.bb90, i4 5, void %sw.bb92, i4 6, void %sw.bb94, i4 7, void %sw.bb96, i4 8, void %sw.bb98, i4 9, void %sw.bb100, i4 10, void %sw.bb102, i4 11, void %sw.bb104, i4 12, void %sw.bb106, i4 13, void %sw.bb108, i4 14, void %sw.bb110" [/users/arashs/U280_CRC_Accelerator/src/kernel.cpp:380]   --->   Operation 38 'switch' 'switch_ln380' <Predicate = (icmp_ln376)> <Delay = 0.67>
ST_1 : Operation 39 [1/1] (0.38ns)   --->   "%store_ln376 = store i31 %t_2, i31 %t" [/users/arashs/U280_CRC_Accelerator/src/kernel.cpp:376]   --->   Operation 39 'store' 'store_ln376' <Predicate = (icmp_ln376)> <Delay = 0.38>

State 2 <SV = 1> <Delay = 1.21>
ST_2 : Operation 40 [1/1] (1.21ns)   --->   "%bt_15 = read i8 @_ssdm_op_Read.ap_fifo.volatile.i8P0A, i8 %inByte14" [/users/arashs/U280_CRC_Accelerator/src/kernel.cpp:425]   --->   Operation 40 'read' 'bt_15' <Predicate = (icmp_ln376 & trunc_ln376_1 == 14)> <Delay = 1.21> <CoreInst = "FIFO_SRL">   --->   Core 81 'FIFO_SRL' <Latency = 0> <II = 1> <Delay = 1.35> <Storage> <Opcode : 'read' 'write' 'nbread' 'nbwrite'> <Ports = 0> <Width = 8> <Depth = 64> <FIFO>
ST_2 : Operation 41 [1/1] (0.49ns)   --->   "%br_ln426 = br void %for.inc121" [/users/arashs/U280_CRC_Accelerator/src/kernel.cpp:426]   --->   Operation 41 'br' 'br_ln426' <Predicate = (icmp_ln376 & trunc_ln376_1 == 14)> <Delay = 0.49>
ST_2 : Operation 42 [1/1] (1.21ns)   --->   "%bt_14 = read i8 @_ssdm_op_Read.ap_fifo.volatile.i8P0A, i8 %inByte13" [/users/arashs/U280_CRC_Accelerator/src/kernel.cpp:422]   --->   Operation 42 'read' 'bt_14' <Predicate = (icmp_ln376 & trunc_ln376_1 == 13)> <Delay = 1.21> <CoreInst = "FIFO_SRL">   --->   Core 81 'FIFO_SRL' <Latency = 0> <II = 1> <Delay = 1.35> <Storage> <Opcode : 'read' 'write' 'nbread' 'nbwrite'> <Ports = 0> <Width = 8> <Depth = 64> <FIFO>
ST_2 : Operation 43 [1/1] (0.49ns)   --->   "%br_ln423 = br void %for.inc121" [/users/arashs/U280_CRC_Accelerator/src/kernel.cpp:423]   --->   Operation 43 'br' 'br_ln423' <Predicate = (icmp_ln376 & trunc_ln376_1 == 13)> <Delay = 0.49>
ST_2 : Operation 44 [1/1] (1.21ns)   --->   "%bt_13 = read i8 @_ssdm_op_Read.ap_fifo.volatile.i8P0A, i8 %inByte12" [/users/arashs/U280_CRC_Accelerator/src/kernel.cpp:419]   --->   Operation 44 'read' 'bt_13' <Predicate = (icmp_ln376 & trunc_ln376_1 == 12)> <Delay = 1.21> <CoreInst = "FIFO_SRL">   --->   Core 81 'FIFO_SRL' <Latency = 0> <II = 1> <Delay = 1.35> <Storage> <Opcode : 'read' 'write' 'nbread' 'nbwrite'> <Ports = 0> <Width = 8> <Depth = 64> <FIFO>
ST_2 : Operation 45 [1/1] (0.49ns)   --->   "%br_ln420 = br void %for.inc121" [/users/arashs/U280_CRC_Accelerator/src/kernel.cpp:420]   --->   Operation 45 'br' 'br_ln420' <Predicate = (icmp_ln376 & trunc_ln376_1 == 12)> <Delay = 0.49>
ST_2 : Operation 46 [1/1] (1.21ns)   --->   "%bt_12 = read i8 @_ssdm_op_Read.ap_fifo.volatile.i8P0A, i8 %inByte11" [/users/arashs/U280_CRC_Accelerator/src/kernel.cpp:416]   --->   Operation 46 'read' 'bt_12' <Predicate = (icmp_ln376 & trunc_ln376_1 == 11)> <Delay = 1.21> <CoreInst = "FIFO_SRL">   --->   Core 81 'FIFO_SRL' <Latency = 0> <II = 1> <Delay = 1.35> <Storage> <Opcode : 'read' 'write' 'nbread' 'nbwrite'> <Ports = 0> <Width = 8> <Depth = 64> <FIFO>
ST_2 : Operation 47 [1/1] (0.49ns)   --->   "%br_ln417 = br void %for.inc121" [/users/arashs/U280_CRC_Accelerator/src/kernel.cpp:417]   --->   Operation 47 'br' 'br_ln417' <Predicate = (icmp_ln376 & trunc_ln376_1 == 11)> <Delay = 0.49>
ST_2 : Operation 48 [1/1] (1.21ns)   --->   "%bt_11 = read i8 @_ssdm_op_Read.ap_fifo.volatile.i8P0A, i8 %inByte10" [/users/arashs/U280_CRC_Accelerator/src/kernel.cpp:413]   --->   Operation 48 'read' 'bt_11' <Predicate = (icmp_ln376 & trunc_ln376_1 == 10)> <Delay = 1.21> <CoreInst = "FIFO_SRL">   --->   Core 81 'FIFO_SRL' <Latency = 0> <II = 1> <Delay = 1.35> <Storage> <Opcode : 'read' 'write' 'nbread' 'nbwrite'> <Ports = 0> <Width = 8> <Depth = 64> <FIFO>
ST_2 : Operation 49 [1/1] (0.49ns)   --->   "%br_ln414 = br void %for.inc121" [/users/arashs/U280_CRC_Accelerator/src/kernel.cpp:414]   --->   Operation 49 'br' 'br_ln414' <Predicate = (icmp_ln376 & trunc_ln376_1 == 10)> <Delay = 0.49>
ST_2 : Operation 50 [1/1] (1.21ns)   --->   "%bt_10 = read i8 @_ssdm_op_Read.ap_fifo.volatile.i8P0A, i8 %inByte9" [/users/arashs/U280_CRC_Accelerator/src/kernel.cpp:410]   --->   Operation 50 'read' 'bt_10' <Predicate = (icmp_ln376 & trunc_ln376_1 == 9)> <Delay = 1.21> <CoreInst = "FIFO_SRL">   --->   Core 81 'FIFO_SRL' <Latency = 0> <II = 1> <Delay = 1.35> <Storage> <Opcode : 'read' 'write' 'nbread' 'nbwrite'> <Ports = 0> <Width = 8> <Depth = 64> <FIFO>
ST_2 : Operation 51 [1/1] (0.49ns)   --->   "%br_ln411 = br void %for.inc121" [/users/arashs/U280_CRC_Accelerator/src/kernel.cpp:411]   --->   Operation 51 'br' 'br_ln411' <Predicate = (icmp_ln376 & trunc_ln376_1 == 9)> <Delay = 0.49>
ST_2 : Operation 52 [1/1] (1.21ns)   --->   "%bt_9 = read i8 @_ssdm_op_Read.ap_fifo.volatile.i8P0A, i8 %inByte8" [/users/arashs/U280_CRC_Accelerator/src/kernel.cpp:407]   --->   Operation 52 'read' 'bt_9' <Predicate = (icmp_ln376 & trunc_ln376_1 == 8)> <Delay = 1.21> <CoreInst = "FIFO_SRL">   --->   Core 81 'FIFO_SRL' <Latency = 0> <II = 1> <Delay = 1.35> <Storage> <Opcode : 'read' 'write' 'nbread' 'nbwrite'> <Ports = 0> <Width = 8> <Depth = 64> <FIFO>
ST_2 : Operation 53 [1/1] (0.49ns)   --->   "%br_ln408 = br void %for.inc121" [/users/arashs/U280_CRC_Accelerator/src/kernel.cpp:408]   --->   Operation 53 'br' 'br_ln408' <Predicate = (icmp_ln376 & trunc_ln376_1 == 8)> <Delay = 0.49>
ST_2 : Operation 54 [1/1] (1.21ns)   --->   "%bt_8 = read i8 @_ssdm_op_Read.ap_fifo.volatile.i8P0A, i8 %inByte7" [/users/arashs/U280_CRC_Accelerator/src/kernel.cpp:404]   --->   Operation 54 'read' 'bt_8' <Predicate = (icmp_ln376 & trunc_ln376_1 == 7)> <Delay = 1.21> <CoreInst = "FIFO_SRL">   --->   Core 81 'FIFO_SRL' <Latency = 0> <II = 1> <Delay = 1.35> <Storage> <Opcode : 'read' 'write' 'nbread' 'nbwrite'> <Ports = 0> <Width = 8> <Depth = 64> <FIFO>
ST_2 : Operation 55 [1/1] (0.49ns)   --->   "%br_ln405 = br void %for.inc121" [/users/arashs/U280_CRC_Accelerator/src/kernel.cpp:405]   --->   Operation 55 'br' 'br_ln405' <Predicate = (icmp_ln376 & trunc_ln376_1 == 7)> <Delay = 0.49>
ST_2 : Operation 56 [1/1] (1.21ns)   --->   "%bt_7 = read i8 @_ssdm_op_Read.ap_fifo.volatile.i8P0A, i8 %inByte6" [/users/arashs/U280_CRC_Accelerator/src/kernel.cpp:401]   --->   Operation 56 'read' 'bt_7' <Predicate = (icmp_ln376 & trunc_ln376_1 == 6)> <Delay = 1.21> <CoreInst = "FIFO_SRL">   --->   Core 81 'FIFO_SRL' <Latency = 0> <II = 1> <Delay = 1.35> <Storage> <Opcode : 'read' 'write' 'nbread' 'nbwrite'> <Ports = 0> <Width = 8> <Depth = 64> <FIFO>
ST_2 : Operation 57 [1/1] (0.49ns)   --->   "%br_ln402 = br void %for.inc121" [/users/arashs/U280_CRC_Accelerator/src/kernel.cpp:402]   --->   Operation 57 'br' 'br_ln402' <Predicate = (icmp_ln376 & trunc_ln376_1 == 6)> <Delay = 0.49>
ST_2 : Operation 58 [1/1] (1.21ns)   --->   "%bt_6 = read i8 @_ssdm_op_Read.ap_fifo.volatile.i8P0A, i8 %inByte5" [/users/arashs/U280_CRC_Accelerator/src/kernel.cpp:398]   --->   Operation 58 'read' 'bt_6' <Predicate = (icmp_ln376 & trunc_ln376_1 == 5)> <Delay = 1.21> <CoreInst = "FIFO_SRL">   --->   Core 81 'FIFO_SRL' <Latency = 0> <II = 1> <Delay = 1.35> <Storage> <Opcode : 'read' 'write' 'nbread' 'nbwrite'> <Ports = 0> <Width = 8> <Depth = 64> <FIFO>
ST_2 : Operation 59 [1/1] (0.49ns)   --->   "%br_ln399 = br void %for.inc121" [/users/arashs/U280_CRC_Accelerator/src/kernel.cpp:399]   --->   Operation 59 'br' 'br_ln399' <Predicate = (icmp_ln376 & trunc_ln376_1 == 5)> <Delay = 0.49>
ST_2 : Operation 60 [1/1] (1.21ns)   --->   "%bt_5 = read i8 @_ssdm_op_Read.ap_fifo.volatile.i8P0A, i8 %inByte4" [/users/arashs/U280_CRC_Accelerator/src/kernel.cpp:395]   --->   Operation 60 'read' 'bt_5' <Predicate = (icmp_ln376 & trunc_ln376_1 == 4)> <Delay = 1.21> <CoreInst = "FIFO_SRL">   --->   Core 81 'FIFO_SRL' <Latency = 0> <II = 1> <Delay = 1.35> <Storage> <Opcode : 'read' 'write' 'nbread' 'nbwrite'> <Ports = 0> <Width = 8> <Depth = 64> <FIFO>
ST_2 : Operation 61 [1/1] (0.49ns)   --->   "%br_ln396 = br void %for.inc121" [/users/arashs/U280_CRC_Accelerator/src/kernel.cpp:396]   --->   Operation 61 'br' 'br_ln396' <Predicate = (icmp_ln376 & trunc_ln376_1 == 4)> <Delay = 0.49>
ST_2 : Operation 62 [1/1] (1.21ns)   --->   "%bt_4 = read i8 @_ssdm_op_Read.ap_fifo.volatile.i8P0A, i8 %inByte3" [/users/arashs/U280_CRC_Accelerator/src/kernel.cpp:392]   --->   Operation 62 'read' 'bt_4' <Predicate = (icmp_ln376 & trunc_ln376_1 == 3)> <Delay = 1.21> <CoreInst = "FIFO_SRL">   --->   Core 81 'FIFO_SRL' <Latency = 0> <II = 1> <Delay = 1.35> <Storage> <Opcode : 'read' 'write' 'nbread' 'nbwrite'> <Ports = 0> <Width = 8> <Depth = 64> <FIFO>
ST_2 : Operation 63 [1/1] (0.49ns)   --->   "%br_ln393 = br void %for.inc121" [/users/arashs/U280_CRC_Accelerator/src/kernel.cpp:393]   --->   Operation 63 'br' 'br_ln393' <Predicate = (icmp_ln376 & trunc_ln376_1 == 3)> <Delay = 0.49>
ST_2 : Operation 64 [1/1] (1.21ns)   --->   "%bt_3 = read i8 @_ssdm_op_Read.ap_fifo.volatile.i8P0A, i8 %inByte2" [/users/arashs/U280_CRC_Accelerator/src/kernel.cpp:389]   --->   Operation 64 'read' 'bt_3' <Predicate = (icmp_ln376 & trunc_ln376_1 == 2)> <Delay = 1.21> <CoreInst = "FIFO_SRL">   --->   Core 81 'FIFO_SRL' <Latency = 0> <II = 1> <Delay = 1.35> <Storage> <Opcode : 'read' 'write' 'nbread' 'nbwrite'> <Ports = 0> <Width = 8> <Depth = 64> <FIFO>
ST_2 : Operation 65 [1/1] (0.49ns)   --->   "%br_ln390 = br void %for.inc121" [/users/arashs/U280_CRC_Accelerator/src/kernel.cpp:390]   --->   Operation 65 'br' 'br_ln390' <Predicate = (icmp_ln376 & trunc_ln376_1 == 2)> <Delay = 0.49>
ST_2 : Operation 66 [1/1] (1.21ns)   --->   "%bt_2 = read i8 @_ssdm_op_Read.ap_fifo.volatile.i8P0A, i8 %inByte1" [/users/arashs/U280_CRC_Accelerator/src/kernel.cpp:386]   --->   Operation 66 'read' 'bt_2' <Predicate = (icmp_ln376 & trunc_ln376_1 == 1)> <Delay = 1.21> <CoreInst = "FIFO_SRL">   --->   Core 81 'FIFO_SRL' <Latency = 0> <II = 1> <Delay = 1.35> <Storage> <Opcode : 'read' 'write' 'nbread' 'nbwrite'> <Ports = 0> <Width = 8> <Depth = 64> <FIFO>
ST_2 : Operation 67 [1/1] (0.49ns)   --->   "%br_ln387 = br void %for.inc121" [/users/arashs/U280_CRC_Accelerator/src/kernel.cpp:387]   --->   Operation 67 'br' 'br_ln387' <Predicate = (icmp_ln376 & trunc_ln376_1 == 1)> <Delay = 0.49>
ST_2 : Operation 68 [1/1] (1.21ns)   --->   "%bt_1 = read i8 @_ssdm_op_Read.ap_fifo.volatile.i8P0A, i8 %inByte0" [/users/arashs/U280_CRC_Accelerator/src/kernel.cpp:383]   --->   Operation 68 'read' 'bt_1' <Predicate = (icmp_ln376 & trunc_ln376_1 == 0)> <Delay = 1.21> <CoreInst = "FIFO_SRL">   --->   Core 81 'FIFO_SRL' <Latency = 0> <II = 1> <Delay = 1.35> <Storage> <Opcode : 'read' 'write' 'nbread' 'nbwrite'> <Ports = 0> <Width = 8> <Depth = 64> <FIFO>
ST_2 : Operation 69 [1/1] (0.49ns)   --->   "%br_ln384 = br void %for.inc121" [/users/arashs/U280_CRC_Accelerator/src/kernel.cpp:384]   --->   Operation 69 'br' 'br_ln384' <Predicate = (icmp_ln376 & trunc_ln376_1 == 0)> <Delay = 0.49>
ST_2 : Operation 70 [1/1] (1.21ns)   --->   "%bt = read i8 @_ssdm_op_Read.ap_fifo.volatile.i8P0A, i8 %inByte15" [/users/arashs/U280_CRC_Accelerator/src/kernel.cpp:428]   --->   Operation 70 'read' 'bt' <Predicate = (icmp_ln376 & trunc_ln376_1 == 15)> <Delay = 1.21> <CoreInst = "FIFO_SRL">   --->   Core 81 'FIFO_SRL' <Latency = 0> <II = 1> <Delay = 1.35> <Storage> <Opcode : 'read' 'write' 'nbread' 'nbwrite'> <Ports = 0> <Width = 8> <Depth = 64> <FIFO>
ST_2 : Operation 71 [1/1] (0.49ns)   --->   "%br_ln429 = br void %for.inc121" [/users/arashs/U280_CRC_Accelerator/src/kernel.cpp:429]   --->   Operation 71 'br' 'br_ln429' <Predicate = (icmp_ln376 & trunc_ln376_1 == 15)> <Delay = 0.49>

State 3 <SV = 2> <Delay = 1.42>
ST_3 : Operation 72 [1/1] (0.00ns)   --->   "%crc_load = load i32 %crc" [/users/arashs/U280_CRC_Accelerator/src/kernel.cpp:376]   --->   Operation 72 'load' 'crc_load' <Predicate = true> <Delay = 0.00>
ST_3 : Operation 73 [1/1] (0.00ns)   --->   "%trunc_ln376 = trunc i32 %crc_load" [/users/arashs/U280_CRC_Accelerator/src/kernel.cpp:376]   --->   Operation 73 'trunc' 'trunc_ln376' <Predicate = true> <Delay = 0.00>
ST_3 : Operation 74 [1/1] (0.00ns)   --->   "%specpipeline_ln378 = specpipeline void @_ssdm_op_SpecPipeline, i32 1, i32 0, i32 0, i32 0, void @empty_18" [/users/arashs/U280_CRC_Accelerator/src/kernel.cpp:378]   --->   Operation 74 'specpipeline' 'specpipeline_ln378' <Predicate = true> <Delay = 0.00>
ST_3 : Operation 75 [1/1] (0.00ns)   --->   "%specloopname_ln376 = specloopname void @_ssdm_op_SpecLoopName, void @empty_0" [/users/arashs/U280_CRC_Accelerator/src/kernel.cpp:376]   --->   Operation 75 'specloopname' 'specloopname_ln376' <Predicate = true> <Delay = 0.00>
ST_3 : Operation 76 [1/1] (0.00ns)   --->   "%bt_16 = phi i8 %bt, void %sw.default, i8 %bt_15, void %sw.bb110, i8 %bt_14, void %sw.bb108, i8 %bt_13, void %sw.bb106, i8 %bt_12, void %sw.bb104, i8 %bt_11, void %sw.bb102, i8 %bt_10, void %sw.bb100, i8 %bt_9, void %sw.bb98, i8 %bt_8, void %sw.bb96, i8 %bt_7, void %sw.bb94, i8 %bt_6, void %sw.bb92, i8 %bt_5, void %sw.bb90, i8 %bt_4, void %sw.bb88, i8 %bt_3, void %sw.bb86, i8 %bt_2, void %sw.bb84, i8 %bt_1, void %sw.bb"   --->   Operation 76 'phi' 'bt_16' <Predicate = true> <Delay = 0.00>
ST_3 : Operation 77 [1/1] (0.22ns)   --->   "%xor_ln432 = xor i8 %bt_16, i8 %trunc_ln376" [/users/arashs/U280_CRC_Accelerator/src/kernel.cpp:432]   --->   Operation 77 'xor' 'xor_ln432' <Predicate = true> <Delay = 0.22> <CoreInst = "LogicGate">   --->   Core 74 'LogicGate' <Latency = 0> <II = 1> <Delay = 0.22> <FuncUnit> <Opcode : 'and' 'or' 'xor'> <InPorts = 2> <OutPorts = 1>
ST_3 : Operation 78 [1/1] (0.00ns)   --->   "%zext_ln432 = zext i8 %xor_ln432" [/users/arashs/U280_CRC_Accelerator/src/kernel.cpp:432]   --->   Operation 78 'zext' 'zext_ln432' <Predicate = true> <Delay = 0.00>
ST_3 : Operation 79 [1/1] (0.00ns)   --->   "%crcTables_0_addr = getelementptr i32 %crcTables_0, i64 0, i64 %zext_ln432" [/users/arashs/U280_CRC_Accelerator/src/kernel.cpp:432]   --->   Operation 79 'getelementptr' 'crcTables_0_addr' <Predicate = true> <Delay = 0.00>
ST_3 : Operation 80 [2/2] (1.19ns)   --->   "%crcTables_0_load = load i8 %crcTables_0_addr" [/users/arashs/U280_CRC_Accelerator/src/kernel.cpp:432]   --->   Operation 80 'load' 'crcTables_0_load' <Predicate = true> <Delay = 1.19> <CoreInst = "RAM_1P_BRAM">   --->   Core 90 'RAM_1P_BRAM' <Latency = 1> <II = 1> <Delay = 1.19> <Storage> <Opcode : 'load' 'store'> <Ports = 1> <Width = 32> <Depth = 256> <RAM>
ST_3 : Operation 89 [1/1] (0.00ns)   --->   "%crc_load_1 = load i32 %crc"   --->   Operation 89 'load' 'crc_load_1' <Predicate = (!icmp_ln376)> <Delay = 0.00>
ST_3 : Operation 90 [1/1] (0.00ns)   --->   "%write_ln0 = write void @_ssdm_op_Write.ap_auto.i32P0A, i32 %crc_2_out, i32 %crc_load_1"   --->   Operation 90 'write' 'write_ln0' <Predicate = (!icmp_ln376)> <Delay = 0.00>
ST_3 : Operation 91 [1/1] (0.00ns)   --->   "%ret_ln0 = ret"   --->   Operation 91 'ret' 'ret_ln0' <Predicate = (!icmp_ln376)> <Delay = 0.00>

State 4 <SV = 3> <Delay = 1.79>
ST_4 : Operation 81 [1/1] (0.00ns)   --->   "%crc_load_2 = load i32 %crc" [/users/arashs/U280_CRC_Accelerator/src/kernel.cpp:432]   --->   Operation 81 'load' 'crc_load_2' <Predicate = true> <Delay = 0.00>
ST_4 : Operation 82 [1/1] (0.00ns) (grouped into LUT with out node crc_1)   --->   "%lshr_ln = partselect i24 @_ssdm_op_PartSelect.i24.i32.i32.i32, i32 %crc_load_2, i32 8, i32 31" [/users/arashs/U280_CRC_Accelerator/src/kernel.cpp:432]   --->   Operation 82 'partselect' 'lshr_ln' <Predicate = true> <Delay = 0.00>
ST_4 : Operation 83 [1/1] (0.00ns) (grouped into LUT with out node crc_1)   --->   "%zext_ln432_1 = zext i24 %lshr_ln" [/users/arashs/U280_CRC_Accelerator/src/kernel.cpp:432]   --->   Operation 83 'zext' 'zext_ln432_1' <Predicate = true> <Delay = 0.00>
ST_4 : Operation 84 [1/2] (1.19ns)   --->   "%crcTables_0_load = load i8 %crcTables_0_addr" [/users/arashs/U280_CRC_Accelerator/src/kernel.cpp:432]   --->   Operation 84 'load' 'crcTables_0_load' <Predicate = true> <Delay = 1.19> <CoreInst = "RAM_1P_BRAM">   --->   Core 90 'RAM_1P_BRAM' <Latency = 1> <II = 1> <Delay = 1.19> <Storage> <Opcode : 'load' 'store'> <Ports = 1> <Width = 32> <Depth = 256> <RAM>
ST_4 : Operation 85 [1/1] (0.00ns) (grouped into LUT with out node crc_1)   --->   "%xor_ln432_1 = xor i32 %crcTables_0_load, i32 %zext_ln432_1" [/users/arashs/U280_CRC_Accelerator/src/kernel.cpp:432]   --->   Operation 85 'xor' 'xor_ln432_1' <Predicate = true> <Delay = 0.00> <CoreInst = "LogicGate">   --->   Core 74 'LogicGate' <Latency = 0> <II = 1> <Delay = 0.21> <FuncUnit> <Opcode : 'and' 'or' 'xor'> <InPorts = 2> <OutPorts = 1>
ST_4 : Operation 86 [1/1] (0.21ns) (out node of the LUT)   --->   "%crc_1 = and i32 %xor_ln432_1, i32 %mask_1_read" [/users/arashs/U280_CRC_Accelerator/src/kernel.cpp:432]   --->   Operation 86 'and' 'crc_1' <Predicate = true> <Delay = 0.21> <CoreInst = "LogicGate">   --->   Core 74 'LogicGate' <Latency = 0> <II = 1> <Delay = 0.21> <FuncUnit> <Opcode : 'and' 'or' 'xor'> <InPorts = 2> <OutPorts = 1>
ST_4 : Operation 87 [1/1] (0.38ns)   --->   "%store_ln376 = store i32 %crc_1, i32 %crc" [/users/arashs/U280_CRC_Accelerator/src/kernel.cpp:376]   --->   Operation 87 'store' 'store_ln376' <Predicate = true> <Delay = 0.38>
ST_4 : Operation 88 [1/1] (0.00ns)   --->   "%br_ln376 = br void %for.body82" [/users/arashs/U280_CRC_Accelerator/src/kernel.cpp:376]   --->   Operation 88 'br' 'br_ln376' <Predicate = true> <Delay = 0.00>


============================================================
+ Verbose Summary: Timing violations
============================================================
Target clock period: 3.333ns, clock uncertainty: 0.900ns.

 <State 1>: 1.267ns
The critical path consists of the following:
	'alloca' operation ('t') [23]  (0.000 ns)
	'load' operation ('t', /users/arashs/U280_CRC_Accelerator/src/kernel.cpp:376) on local variable 't' [48]  (0.000 ns)
	'add' operation ('t', /users/arashs/U280_CRC_Accelerator/src/kernel.cpp:376) [51]  (0.874 ns)
	'store' operation ('store_ln376', /users/arashs/U280_CRC_Accelerator/src/kernel.cpp:376) of variable 't', /users/arashs/U280_CRC_Accelerator/src/kernel.cpp:376 on local variable 't' [119]  (0.387 ns)
	blocking operation 0.0059375 ns on control path)

 <State 2>: 1.217ns
The critical path consists of the following:
	fifo read operation ('bt', /users/arashs/U280_CRC_Accelerator/src/kernel.cpp:425) on port 'inByte14' (/users/arashs/U280_CRC_Accelerator/src/kernel.cpp:425) [61]  (1.217 ns)

 <State 3>: 1.424ns
The critical path consists of the following:
	'load' operation ('crc_load', /users/arashs/U280_CRC_Accelerator/src/kernel.cpp:376) on local variable 'crc' [54]  (0.000 ns)
	'xor' operation ('xor_ln432', /users/arashs/U280_CRC_Accelerator/src/kernel.cpp:432) [113]  (0.228 ns)
	'getelementptr' operation ('crcTables_0_addr', /users/arashs/U280_CRC_Accelerator/src/kernel.cpp:432) [115]  (0.000 ns)
	'load' operation ('crcTables_0_load', /users/arashs/U280_CRC_Accelerator/src/kernel.cpp:432) on array 'crcTables_0' [116]  (1.196 ns)

 <State 4>: 1.793ns
The critical path consists of the following:
	'load' operation ('crcTables_0_load', /users/arashs/U280_CRC_Accelerator/src/kernel.cpp:432) on array 'crcTables_0' [116]  (1.196 ns)
	'xor' operation ('xor_ln432_1', /users/arashs/U280_CRC_Accelerator/src/kernel.cpp:432) [117]  (0.000 ns)
	'and' operation ('crc', /users/arashs/U280_CRC_Accelerator/src/kernel.cpp:432) [118]  (0.210 ns)
	'store' operation ('store_ln376', /users/arashs/U280_CRC_Accelerator/src/kernel.cpp:376) of variable 'crc', /users/arashs/U280_CRC_Accelerator/src/kernel.cpp:432 on local variable 'crc' [120]  (0.387 ns)


============================================================
+ Verbose Summary: Binding
============================================================
N/A
* FSMD analyzer results:
  - Output states:
 - Input state : 
  - Chain level:
	State 1
	State 2
	State 3
	State 4


============================================================
+ Verbose Summary: Datapath Resource usage 
============================================================
N/A
