

================================================================
== Vitis HLS Report for 'process_blocks_Pipeline_block_loop'
================================================================
* Date:           Mon Feb 16 01:30:41 2026

* Version:        2023.1 (Build 3854077 on May  4 2023)
* Project:        calculate_crc
* Solution:       solution (Vitis Kernel Flow Target)
* Product family: virtexuplusHBM
* Target device:  xcu280-fsvh2892-2L-e


================================================================
== Performance Estimates
================================================================
+ Timing: 
    * Summary: 
    +--------+---------+----------+------------+
    |  Clock |  Target | Estimated| Uncertainty|
    +--------+---------+----------+------------+
    |ap_clk  |  3.33 ns|  2.641 ns|     0.90 ns|
    +--------+---------+----------+------------+

+ Latency: 
    * Summary: 
    +---------+-----------+----------+-----------+-----+-----------+---------+
    |   Latency (cycles)  |  Latency (absolute)  |     Interval    | Pipeline|
    |   min   |    max    |    min   |    max    | min |    max    |   Type  |
    +---------+-----------+----------+-----------+-----+-----------+---------+
    |        2|  134217730|  6.666 ns|  0.447 sec|    2|  134217730|       no|
    +---------+-----------+----------+-----------+-----+-----------+---------+

    + Detail: 
        * Instance: 
        N/A

        * Loop: 
        +--------------+---------+-----------+----------+-----------+-----------+---------------+----------+
        |              |   Latency (cycles)  | Iteration|  Initiation Interval  |      Trip     |          |
        |   Loop Name  |   min   |    max    |  Latency |  achieved |   target  |     Count     | Pipelined|
        +--------------+---------+-----------+----------+-----------+-----------+---------------+----------+
        |- block_loop  |        0|  134217728|         3|          1|          1|  0 ~ 134217727|       yes|
        +--------------+---------+-----------+----------+-----------+-----------+---------------+----------+

============================================================
+ Verbose Summary: Synthesis Manager
============================================================
InlineROM: 1
ExposeGlobal: 0
============================================================
+ Verbose Summary: CDFG Model
============================================================
IsTopModel: 0
ResetActiveHigh: 1
IsCombinational: 0
IsDatapathOnly: 0
HasWiredReturn: 1
HasMFsm: 2
HasVarLatency: 1
IsPipeline: 0
IsRtlPipelined: 0
IsInstanceOverlapped: 0
IsDontTouch: 0
HasImplIP: 0
IsGatedGlobalClock: 0

+ Individual pipeline summary: 
  * Pipeline-0: initiation interval (II) = 1, depth = 3


============================================================
+ Verbose Summary: Schedule
============================================================
* Number of FSM states : 3
* Pipeline : 1
  Pipeline-0 : II = 1, D = 3, States = { 1 2 3 }
* Dataflow Pipeline: 0

* FSM state transitions: 
1 --> 2 
2 --> 3 
3 --> 

* FSM state operations: 

State 1 <SV = 0> <Delay = 1.24>
ST_1 : Operation 6 [1/1] (0.00ns)   --->   "%crc = alloca i32 1"   --->   Operation 6 'alloca' 'crc' <Predicate = true> <Delay = 0.00>
ST_1 : Operation 7 [1/1] (0.00ns)   --->   "%b = alloca i32 1"   --->   Operation 7 'alloca' 'b' <Predicate = true> <Delay = 0.00>
ST_1 : Operation 8 [1/1] (0.00ns)   --->   "%specmemcore_ln0 = specmemcore void @_ssdm_op_SpecMemCore, i32 %crcTables_15, i64 666, i64 18, i64 18446744073709551615"   --->   Operation 8 'specmemcore' 'specmemcore_ln0' <Predicate = true> <Delay = 0.00>
ST_1 : Operation 9 [1/1] (0.00ns)   --->   "%specmemcore_ln0 = specmemcore void @_ssdm_op_SpecMemCore, i32 %crcTables_14, i64 666, i64 18, i64 18446744073709551615"   --->   Operation 9 'specmemcore' 'specmemcore_ln0' <Predicate = true> <Delay = 0.00>
ST_1 : Operation 10 [1/1] (0.00ns)   --->   "%specmemcore_ln0 = specmemcore void @_ssdm_op_SpecMemCore, i32 %crcTables_13, i64 666, i64 18, i64 18446744073709551615"   --->   Operation 10 'specmemcore' 'specmemcore_ln0' <Predicate = true> <Delay = 0.00>
ST_1 : Operation 11 [1/1] (0.00ns)   --->   "%specmemcore_ln0 = specmemcore void @_ssdm_op_SpecMemCore, i32 %crcTables_12, i64 666, i64 18, i64 18446744073709551615"   --->   Operation 11 'specmemcore' 'specmemcore_ln0' <Predicate = true> <Delay = 0.00>
ST_1 : Operation 12 [1/1] (0.00ns)   --->   "%specmemcore_ln0 = specmemcore void @_ssdm_op_SpecMemCore, i32 %crcTables_11, i64 666, i64 18, i64 18446744073709551615"   --->   Operation 12 'specmemcore' 'specmemcore_ln0' <Predicate = true> <Delay = 0.00>
ST_1 : Operation 13 [1/1] (0.00ns)   --->   "%specmemcore_ln0 = specmemcore void @_ssdm_op_SpecMemCore, i32 %crcTables_10, i64 666, i64 18, i64 18446744073709551615"   --->   Operation 13 'specmemcore' 'specmemcore_ln0' <Predicate = true> <Delay = 0.00>
ST_1 : Operation 14 [1/1] (0.00ns)   --->   "%specmemcore_ln0 = specmemcore void @_ssdm_op_SpecMemCore, i32 %crcTables_9, i64 666, i64 18, i64 18446744073709551615"   --->   Operation 14 'specmemcore' 'specmemcore_ln0' <Predicate = true> <Delay = 0.00>
ST_1 : Operation 15 [1/1] (0.00ns)   --->   "%specmemcore_ln0 = specmemcore void @_ssdm_op_SpecMemCore, i32 %crcTables_8, i64 666, i64 18, i64 18446744073709551615"   --->   Operation 15 'specmemcore' 'specmemcore_ln0' <Predicate = true> <Delay = 0.00>
ST_1 : Operation 16 [1/1] (0.00ns)   --->   "%specmemcore_ln0 = specmemcore void @_ssdm_op_SpecMemCore, i32 %crcTables_7, i64 666, i64 18, i64 18446744073709551615"   --->   Operation 16 'specmemcore' 'specmemcore_ln0' <Predicate = true> <Delay = 0.00>
ST_1 : Operation 17 [1/1] (0.00ns)   --->   "%specmemcore_ln0 = specmemcore void @_ssdm_op_SpecMemCore, i32 %crcTables_6, i64 666, i64 18, i64 18446744073709551615"   --->   Operation 17 'specmemcore' 'specmemcore_ln0' <Predicate = true> <Delay = 0.00>
ST_1 : Operation 18 [1/1] (0.00ns)   --->   "%specmemcore_ln0 = specmemcore void @_ssdm_op_SpecMemCore, i32 %crcTables_5, i64 666, i64 18, i64 18446744073709551615"   --->   Operation 18 'specmemcore' 'specmemcore_ln0' <Predicate = true> <Delay = 0.00>
ST_1 : Operation 19 [1/1] (0.00ns)   --->   "%specmemcore_ln0 = specmemcore void @_ssdm_op_SpecMemCore, i32 %crcTables_4, i64 666, i64 18, i64 18446744073709551615"   --->   Operation 19 'specmemcore' 'specmemcore_ln0' <Predicate = true> <Delay = 0.00>
ST_1 : Operation 20 [1/1] (0.00ns)   --->   "%specmemcore_ln0 = specmemcore void @_ssdm_op_SpecMemCore, i32 %crcTables_3, i64 666, i64 18, i64 18446744073709551615"   --->   Operation 20 'specmemcore' 'specmemcore_ln0' <Predicate = true> <Delay = 0.00>
ST_1 : Operation 21 [1/1] (0.00ns)   --->   "%specmemcore_ln0 = specmemcore void @_ssdm_op_SpecMemCore, i32 %crcTables_2, i64 666, i64 18, i64 18446744073709551615"   --->   Operation 21 'specmemcore' 'specmemcore_ln0' <Predicate = true> <Delay = 0.00>
ST_1 : Operation 22 [1/1] (0.00ns)   --->   "%specmemcore_ln0 = specmemcore void @_ssdm_op_SpecMemCore, i32 %crcTables_1, i64 666, i64 18, i64 18446744073709551615"   --->   Operation 22 'specmemcore' 'specmemcore_ln0' <Predicate = true> <Delay = 0.00>
ST_1 : Operation 23 [1/1] (0.00ns)   --->   "%specmemcore_ln0 = specmemcore void @_ssdm_op_SpecMemCore, i32 %crcTables_0, i64 666, i64 18, i64 18446744073709551615"   --->   Operation 23 'specmemcore' 'specmemcore_ln0' <Predicate = true> <Delay = 0.00>
ST_1 : Operation 24 [1/1] (0.00ns)   --->   "%specinterface_ln0 = specinterface void @_ssdm_op_SpecInterface, i8 %inByte0, void @empty_5, i32 0, i32 0, void @empty_18, i32 0, i32 0, void @empty_18, void @empty_18, void @empty_18, i32 0, i32 0, i32 0, i32 0, void @empty_18, void @empty_18, i32 4294967295, i32 0"   --->   Operation 24 'specinterface' 'specinterface_ln0' <Predicate = true> <Delay = 0.00>
ST_1 : Operation 25 [1/1] (0.00ns)   --->   "%specinterface_ln0 = specinterface void @_ssdm_op_SpecInterface, i8 %inByte1, void @empty_5, i32 0, i32 0, void @empty_18, i32 0, i32 0, void @empty_18, void @empty_18, void @empty_18, i32 0, i32 0, i32 0, i32 0, void @empty_18, void @empty_18, i32 4294967295, i32 0"   --->   Operation 25 'specinterface' 'specinterface_ln0' <Predicate = true> <Delay = 0.00>
ST_1 : Operation 26 [1/1] (0.00ns)   --->   "%specinterface_ln0 = specinterface void @_ssdm_op_SpecInterface, i8 %inByte2, void @empty_5, i32 0, i32 0, void @empty_18, i32 0, i32 0, void @empty_18, void @empty_18, void @empty_18, i32 0, i32 0, i32 0, i32 0, void @empty_18, void @empty_18, i32 4294967295, i32 0"   --->   Operation 26 'specinterface' 'specinterface_ln0' <Predicate = true> <Delay = 0.00>
ST_1 : Operation 27 [1/1] (0.00ns)   --->   "%specinterface_ln0 = specinterface void @_ssdm_op_SpecInterface, i8 %inByte3, void @empty_5, i32 0, i32 0, void @empty_18, i32 0, i32 0, void @empty_18, void @empty_18, void @empty_18, i32 0, i32 0, i32 0, i32 0, void @empty_18, void @empty_18, i32 4294967295, i32 0"   --->   Operation 27 'specinterface' 'specinterface_ln0' <Predicate = true> <Delay = 0.00>
ST_1 : Operation 28 [1/1] (0.00ns)   --->   "%specinterface_ln0 = specinterface void @_ssdm_op_SpecInterface, i8 %inByte4, void @empty_5, i32 0, i32 0, void @empty_18, i32 0, i32 0, void @empty_18, void @empty_18, void @empty_18, i32 0, i32 0, i32 0, i32 0, void @empty_18, void @empty_18, i32 4294967295, i32 0"   --->   Operation 28 'specinterface' 'specinterface_ln0' <Predicate = true> <Delay = 0.00>
ST_1 : Operation 29 [1/1] (0.00ns)   --->   "%specinterface_ln0 = specinterface void @_ssdm_op_SpecInterface, i8 %inByte5, void @empty_5, i32 0, i32 0, void @empty_18, i32 0, i32 0, void @empty_18, void @empty_18, void @empty_18, i32 0, i32 0, i32 0, i32 0, void @empty_18, void @empty_18, i32 4294967295, i32 0"   --->   Operation 29 'specinterface' 'specinterface_ln0' <Predicate = true> <Delay = 0.00>
ST_1 : Operation 30 [1/1] (0.00ns)   --->   "%specinterface_ln0 = specinterface void @_ssdm_op_SpecInterface, i8 %inByte6, void @empty_5, i32 0, i32 0, void @empty_18, i32 0, i32 0, void @empty_18, void @empty_18, void @empty_18, i32 0, i32 0, i32 0, i32 0, void @empty_18, void @empty_18, i32 4294967295, i32 0"   --->   Operation 30 'specinterface' 'specinterface_ln0' <Predicate = true> <Delay = 0.00>
ST_1 : Operation 31 [1/1] (0.00ns)   --->   "%specinterface_ln0 = specinterface void @_ssdm_op_SpecInterface, i8 %inByte7, void @empty_5, i32 0, i32 0, void @empty_18, i32 0, i32 0, void @empty_18, void @empty_18, void @empty_18, i32 0, i32 0, i32 0, i32 0, void @empty_18, void @empty_18, i32 4294967295, i32 0"   --->   Operation 31 'specinterface' 'specinterface_ln0' <Predicate = true> <Delay = 0.00>
ST_1 : Operation 32 [1/1] (0.00ns)   --->   "%specinterface_ln0 = specinterface void @_ssdm_op_SpecInterface, i8 %inByte8, void @empty_5, i32 0, i32 0, void @empty_18, i32 0, i32 0, void @empty_18, void @empty_18, void @empty_18, i32 0, i32 0, i32 0, i32 0, void @empty_18, void @empty_18, i32 4294967295, i32 0"   --->   Operation 32 'specinterface' 'specinterface_ln0' <Predicate = true> <Delay = 0.00>
ST_1 : Operation 33 [1/1] (0.00ns)   --->   "%specinterface_ln0 = specinterface void @_ssdm_op_SpecInterface, i8 %inByte9, void @empty_5, i32 0, i32 0, void @empty_18, i32 0, i32 0, void @empty_18, void @empty_18, void @empty_18, i32 0, i32 0, i32 0, i32 0, void @empty_18, void @empty_18, i32 4294967295, i32 0"   --->   Operation 33 'specinterface' 'specinterface_ln0' <Predicate = true> <Delay = 0.00>
ST_1 : Operation 34 [1/1] (0.00ns)   --->   "%specinterface_ln0 = specinterface void @_ssdm_op_SpecInterface, i8 %inByte10, void @empty_5, i32 0, i32 0, void @empty_18, i32 0, i32 0, void @empty_18, void @empty_18, void @empty_18, i32 0, i32 0, i32 0, i32 0, void @empty_18, void @empty_18, i32 4294967295, i32 0"   --->   Operation 34 'specinterface' 'specinterface_ln0' <Predicate = true> <Delay = 0.00>
ST_1 : Operation 35 [1/1] (0.00ns)   --->   "%specinterface_ln0 = specinterface void @_ssdm_op_SpecInterface, i8 %inByte11, void @empty_5, i32 0, i32 0, void @empty_18, i32 0, i32 0, void @empty_18, void @empty_18, void @empty_18, i32 0, i32 0, i32 0, i32 0, void @empty_18, void @empty_18, i32 4294967295, i32 0"   --->   Operation 35 'specinterface' 'specinterface_ln0' <Predicate = true> <Delay = 0.00>
ST_1 : Operation 36 [1/1] (0.00ns)   --->   "%specinterface_ln0 = specinterface void @_ssdm_op_SpecInterface, i8 %inByte12, void @empty_5, i32 0, i32 0, void @empty_18, i32 0, i32 0, void @empty_18, void @empty_18, void @empty_18, i32 0, i32 0, i32 0, i32 0, void @empty_18, void @empty_18, i32 4294967295, i32 0"   --->   Operation 36 'specinterface' 'specinterface_ln0' <Predicate = true> <Delay = 0.00>
ST_1 : Operation 37 [1/1] (0.00ns)   --->   "%specinterface_ln0 = specinterface void @_ssdm_op_SpecInterface, i8 %inByte13, void @empty_5, i32 0, i32 0, void @empty_18, i32 0, i32 0, void @empty_18, void @empty_18, void @empty_18, i32 0, i32 0, i32 0, i32 0, void @empty_18, void @empty_18, i32 4294967295, i32 0"   --->   Operation 37 'specinterface' 'specinterface_ln0' <Predicate = true> <Delay = 0.00>
ST_1 : Operation 38 [1/1] (0.00ns)   --->   "%specinterface_ln0 = specinterface void @_ssdm_op_SpecInterface, i8 %inByte14, void @empty_5, i32 0, i32 0, void @empty_18, i32 0, i32 0, void @empty_18, void @empty_18, void @empty_18, i32 0, i32 0, i32 0, i32 0, void @empty_18, void @empty_18, i32 4294967295, i32 0"   --->   Operation 38 'specinterface' 'specinterface_ln0' <Predicate = true> <Delay = 0.00>
ST_1 : Operation 39 [1/1] (0.00ns)   --->   "%specinterface_ln0 = specinterface void @_ssdm_op_SpecInterface, i8 %inByte15, void @empty_5, i32 0, i32 0, void @empty_18, i32 0, i32 0, void @empty_18, void @empty_18, void @empty_18, i32 0, i32 0, i32 0, i32 0, void @empty_18, void @empty_18, i32 4294967295, i32 0"   --->   Operation 39 'specinterface' 'specinterface_ln0' <Predicate = true> <Delay = 0.00>
ST_1 : Operation 40 [1/1] (0.00ns)   --->   "%mask_1_read = read i32 @_ssdm_op_Read.ap_auto.i32, i32 %mask_1" [/users/arashs/U280_CRC_Accelerator/src/kernel.cpp:311]   --->   Operation 40 'read' 'mask_1_read' <Predicate = true> <Delay = 0.00>
ST_1 : Operation 41 [1/1] (0.00ns)   --->   "%blocks_in_chunk_read = read i29 @_ssdm_op_Read.ap_auto.i29, i29 %blocks_in_chunk" [/users/arashs/U280_CRC_Accelerator/src/kernel.cpp:311]   --->   Operation 41 'read' 'blocks_in_chunk_read' <Predicate = true> <Delay = 0.00>
ST_1 : Operation 42 [1/1] (0.00ns)   --->   "%init_value_2_read = read i32 @_ssdm_op_Read.ap_auto.i32, i32 %init_value_2" [/users/arashs/U280_CRC_Accelerator/src/kernel.cpp:311]   --->   Operation 42 'read' 'init_value_2_read' <Predicate = true> <Delay = 0.00>
ST_1 : Operation 43 [1/1] (0.38ns)   --->   "%store_ln0 = store i28 0, i28 %b"   --->   Operation 43 'store' 'store_ln0' <Predicate = true> <Delay = 0.38>
ST_1 : Operation 44 [1/1] (0.38ns)   --->   "%store_ln311 = store i32 %init_value_2_read, i32 %crc" [/users/arashs/U280_CRC_Accelerator/src/kernel.cpp:311]   --->   Operation 44 'store' 'store_ln311' <Predicate = true> <Delay = 0.38>
ST_1 : Operation 45 [1/1] (0.00ns)   --->   "%br_ln0 = br void %for.inc"   --->   Operation 45 'br' 'br_ln0' <Predicate = true> <Delay = 0.00>
ST_1 : Operation 46 [1/1] (0.00ns)   --->   "%b_load = load i28 %b" [/users/arashs/U280_CRC_Accelerator/src/kernel.cpp:331]   --->   Operation 46 'load' 'b_load' <Predicate = true> <Delay = 0.00>
ST_1 : Operation 47 [1/1] (0.00ns)   --->   "%zext_ln337 = zext i28 %b_load" [/users/arashs/U280_CRC_Accelerator/src/kernel.cpp:337]   --->   Operation 47 'zext' 'zext_ln337' <Predicate = true> <Delay = 0.00>
ST_1 : Operation 48 [1/1] (0.86ns)   --->   "%icmp_ln337 = icmp_slt  i29 %zext_ln337, i29 %blocks_in_chunk_read" [/users/arashs/U280_CRC_Accelerator/src/kernel.cpp:337]   --->   Operation 48 'icmp' 'icmp_ln337' <Predicate = true> <Delay = 0.86> <CoreInst = "Cmp">   --->   Core 9 'Cmp' <Latency = 0> <II = 1> <Delay = 0.86> <FuncUnit> <Opcode : 'icmp'> <InPorts = 2> <OutPorts = 1>
ST_1 : Operation 49 [1/1] (0.85ns)   --->   "%add_ln331 = add i28 %b_load, i28 1" [/users/arashs/U280_CRC_Accelerator/src/kernel.cpp:331]   --->   Operation 49 'add' 'add_ln331' <Predicate = true> <Delay = 0.85> <CoreInst = "Adder">   --->   Core 1 'Adder' <Latency = 0> <II = 1> <Delay = 0.85> <FuncUnit> <Opcode : 'add' 'sub'> <InPorts = 2> <OutPorts = 1>
ST_1 : Operation 50 [1/1] (0.00ns)   --->   "%br_ln337 = br i1 %icmp_ln337, void %for.body82.preheader.exitStub, void %for.inc.split" [/users/arashs/U280_CRC_Accelerator/src/kernel.cpp:337]   --->   Operation 50 'br' 'br_ln337' <Predicate = true> <Delay = 0.00>
ST_1 : Operation 51 [1/1] (0.38ns)   --->   "%store_ln337 = store i28 %add_ln331, i28 %b" [/users/arashs/U280_CRC_Accelerator/src/kernel.cpp:337]   --->   Operation 51 'store' 'store_ln337' <Predicate = (icmp_ln337)> <Delay = 0.38>

State 2 <SV = 1> <Delay = 2.64>
ST_2 : Operation 52 [1/1] (0.00ns)   --->   "%crc_load = load i32 %crc" [/users/arashs/U280_CRC_Accelerator/src/kernel.cpp:331]   --->   Operation 52 'load' 'crc_load' <Predicate = true> <Delay = 0.00>
ST_2 : Operation 53 [1/1] (0.00ns)   --->   "%trunc_ln331 = trunc i32 %crc_load" [/users/arashs/U280_CRC_Accelerator/src/kernel.cpp:331]   --->   Operation 53 'trunc' 'trunc_ln331' <Predicate = true> <Delay = 0.00>
ST_2 : Operation 54 [1/1] (1.21ns)   --->   "%b0 = read i8 @_ssdm_op_Read.ap_fifo.volatile.i8P0A, i8 %inByte0" [/users/arashs/U280_CRC_Accelerator/src/kernel.cpp:341]   --->   Operation 54 'read' 'b0' <Predicate = true> <Delay = 1.21> <CoreInst = "FIFO_SRL">   --->   Core 81 'FIFO_SRL' <Latency = 0> <II = 1> <Delay = 1.35> <Storage> <Opcode : 'read' 'write' 'nbread' 'nbwrite'> <Ports = 0> <Width = 8> <Depth = 64> <FIFO>
ST_2 : Operation 55 [1/1] (1.21ns)   --->   "%b1 = read i8 @_ssdm_op_Read.ap_fifo.volatile.i8P0A, i8 %inByte1" [/users/arashs/U280_CRC_Accelerator/src/kernel.cpp:342]   --->   Operation 55 'read' 'b1' <Predicate = true> <Delay = 1.21> <CoreInst = "FIFO_SRL">   --->   Core 81 'FIFO_SRL' <Latency = 0> <II = 1> <Delay = 1.35> <Storage> <Opcode : 'read' 'write' 'nbread' 'nbwrite'> <Ports = 0> <Width = 8> <Depth = 64> <FIFO>
ST_2 : Operation 56 [1/1] (1.21ns)   --->   "%b2 = read i8 @_ssdm_op_Read.ap_fifo.volatile.i8P0A, i8 %inByte2" [/users/arashs/U280_CRC_Accelerator/src/kernel.cpp:343]   --->   Operation 56 'read' 'b2' <Predicate = true> <Delay = 1.21> <CoreInst = "FIFO_SRL">   --->   Core 81 'FIFO_SRL' <Latency = 0> <II = 1> <Delay = 1.35> <Storage> <Opcode : 'read' 'write' 'nbread' 'nbwrite'> <Ports = 0> <Width = 8> <Depth = 64> <FIFO>
ST_2 : Operation 57 [1/1] (1.21ns)   --->   "%b3 = read i8 @_ssdm_op_Read.ap_fifo.volatile.i8P0A, i8 %inByte3" [/users/arashs/U280_CRC_Accelerator/src/kernel.cpp:344]   --->   Operation 57 'read' 'b3' <Predicate = true> <Delay = 1.21> <CoreInst = "FIFO_SRL">   --->   Core 81 'FIFO_SRL' <Latency = 0> <II = 1> <Delay = 1.35> <Storage> <Opcode : 'read' 'write' 'nbread' 'nbwrite'> <Ports = 0> <Width = 8> <Depth = 64> <FIFO>
ST_2 : Operation 58 [1/1] (1.21ns)   --->   "%b4 = read i8 @_ssdm_op_Read.ap_fifo.volatile.i8P0A, i8 %inByte4" [/users/arashs/U280_CRC_Accelerator/src/kernel.cpp:345]   --->   Operation 58 'read' 'b4' <Predicate = true> <Delay = 1.21> <CoreInst = "FIFO_SRL">   --->   Core 81 'FIFO_SRL' <Latency = 0> <II = 1> <Delay = 1.35> <Storage> <Opcode : 'read' 'write' 'nbread' 'nbwrite'> <Ports = 0> <Width = 8> <Depth = 64> <FIFO>
ST_2 : Operation 59 [1/1] (1.21ns)   --->   "%b5 = read i8 @_ssdm_op_Read.ap_fifo.volatile.i8P0A, i8 %inByte5" [/users/arashs/U280_CRC_Accelerator/src/kernel.cpp:346]   --->   Operation 59 'read' 'b5' <Predicate = true> <Delay = 1.21> <CoreInst = "FIFO_SRL">   --->   Core 81 'FIFO_SRL' <Latency = 0> <II = 1> <Delay = 1.35> <Storage> <Opcode : 'read' 'write' 'nbread' 'nbwrite'> <Ports = 0> <Width = 8> <Depth = 64> <FIFO>
ST_2 : Operation 60 [1/1] (1.21ns)   --->   "%b6 = read i8 @_ssdm_op_Read.ap_fifo.volatile.i8P0A, i8 %inByte6" [/users/arashs/U280_CRC_Accelerator/src/kernel.cpp:347]   --->   Operation 60 'read' 'b6' <Predicate = true> <Delay = 1.21> <CoreInst = "FIFO_SRL">   --->   Core 81 'FIFO_SRL' <Latency = 0> <II = 1> <Delay = 1.35> <Storage> <Opcode : 'read' 'write' 'nbread' 'nbwrite'> <Ports = 0> <Width = 8> <Depth = 64> <FIFO>
ST_2 : Operation 61 [1/1] (1.21ns)   --->   "%b7 = read i8 @_ssdm_op_Read.ap_fifo.volatile.i8P0A, i8 %inByte7" [/users/arashs/U280_CRC_Accelerator/src/kernel.cpp:348]   --->   Operation 61 'read' 'b7' <Predicate = true> <Delay = 1.21> <CoreInst = "FIFO_SRL">   --->   Core 81 'FIFO_SRL' <Latency = 0> <II = 1> <Delay = 1.35> <Storage> <Opcode : 'read' 'write' 'nbread' 'nbwrite'> <Ports = 0> <Width = 8> <Depth = 64> <FIFO>
ST_2 : Operation 62 [1/1] (1.21ns)   --->   "%b8 = read i8 @_ssdm_op_Read.ap_fifo.volatile.i8P0A, i8 %inByte8" [/users/arashs/U280_CRC_Accelerator/src/kernel.cpp:349]   --->   Operation 62 'read' 'b8' <Predicate = true> <Delay = 1.21> <CoreInst = "FIFO_SRL">   --->   Core 81 'FIFO_SRL' <Latency = 0> <II = 1> <Delay = 1.35> <Storage> <Opcode : 'read' 'write' 'nbread' 'nbwrite'> <Ports = 0> <Width = 8> <Depth = 64> <FIFO>
ST_2 : Operation 63 [1/1] (1.21ns)   --->   "%b9 = read i8 @_ssdm_op_Read.ap_fifo.volatile.i8P0A, i8 %inByte9" [/users/arashs/U280_CRC_Accelerator/src/kernel.cpp:350]   --->   Operation 63 'read' 'b9' <Predicate = true> <Delay = 1.21> <CoreInst = "FIFO_SRL">   --->   Core 81 'FIFO_SRL' <Latency = 0> <II = 1> <Delay = 1.35> <Storage> <Opcode : 'read' 'write' 'nbread' 'nbwrite'> <Ports = 0> <Width = 8> <Depth = 64> <FIFO>
ST_2 : Operation 64 [1/1] (1.21ns)   --->   "%b10 = read i8 @_ssdm_op_Read.ap_fifo.volatile.i8P0A, i8 %inByte10" [/users/arashs/U280_CRC_Accelerator/src/kernel.cpp:351]   --->   Operation 64 'read' 'b10' <Predicate = true> <Delay = 1.21> <CoreInst = "FIFO_SRL">   --->   Core 81 'FIFO_SRL' <Latency = 0> <II = 1> <Delay = 1.35> <Storage> <Opcode : 'read' 'write' 'nbread' 'nbwrite'> <Ports = 0> <Width = 8> <Depth = 64> <FIFO>
ST_2 : Operation 65 [1/1] (1.21ns)   --->   "%b11 = read i8 @_ssdm_op_Read.ap_fifo.volatile.i8P0A, i8 %inByte11" [/users/arashs/U280_CRC_Accelerator/src/kernel.cpp:352]   --->   Operation 65 'read' 'b11' <Predicate = true> <Delay = 1.21> <CoreInst = "FIFO_SRL">   --->   Core 81 'FIFO_SRL' <Latency = 0> <II = 1> <Delay = 1.35> <Storage> <Opcode : 'read' 'write' 'nbread' 'nbwrite'> <Ports = 0> <Width = 8> <Depth = 64> <FIFO>
ST_2 : Operation 66 [1/1] (1.21ns)   --->   "%b12 = read i8 @_ssdm_op_Read.ap_fifo.volatile.i8P0A, i8 %inByte12" [/users/arashs/U280_CRC_Accelerator/src/kernel.cpp:353]   --->   Operation 66 'read' 'b12' <Predicate = true> <Delay = 1.21> <CoreInst = "FIFO_SRL">   --->   Core 81 'FIFO_SRL' <Latency = 0> <II = 1> <Delay = 1.35> <Storage> <Opcode : 'read' 'write' 'nbread' 'nbwrite'> <Ports = 0> <Width = 8> <Depth = 64> <FIFO>
ST_2 : Operation 67 [1/1] (1.21ns)   --->   "%b13 = read i8 @_ssdm_op_Read.ap_fifo.volatile.i8P0A, i8 %inByte13" [/users/arashs/U280_CRC_Accelerator/src/kernel.cpp:354]   --->   Operation 67 'read' 'b13' <Predicate = true> <Delay = 1.21> <CoreInst = "FIFO_SRL">   --->   Core 81 'FIFO_SRL' <Latency = 0> <II = 1> <Delay = 1.35> <Storage> <Opcode : 'read' 'write' 'nbread' 'nbwrite'> <Ports = 0> <Width = 8> <Depth = 64> <FIFO>
ST_2 : Operation 68 [1/1] (1.21ns)   --->   "%b14 = read i8 @_ssdm_op_Read.ap_fifo.volatile.i8P0A, i8 %inByte14" [/users/arashs/U280_CRC_Accelerator/src/kernel.cpp:355]   --->   Operation 68 'read' 'b14' <Predicate = true> <Delay = 1.21> <CoreInst = "FIFO_SRL">   --->   Core 81 'FIFO_SRL' <Latency = 0> <II = 1> <Delay = 1.35> <Storage> <Opcode : 'read' 'write' 'nbread' 'nbwrite'> <Ports = 0> <Width = 8> <Depth = 64> <FIFO>
ST_2 : Operation 69 [1/1] (1.21ns)   --->   "%b15 = read i8 @_ssdm_op_Read.ap_fifo.volatile.i8P0A, i8 %inByte15" [/users/arashs/U280_CRC_Accelerator/src/kernel.cpp:356]   --->   Operation 69 'read' 'b15' <Predicate = true> <Delay = 1.21> <CoreInst = "FIFO_SRL">   --->   Core 81 'FIFO_SRL' <Latency = 0> <II = 1> <Delay = 1.35> <Storage> <Opcode : 'read' 'write' 'nbread' 'nbwrite'> <Ports = 0> <Width = 8> <Depth = 64> <FIFO>
ST_2 : Operation 70 [1/1] (0.22ns)   --->   "%xor_ln359 = xor i8 %b0, i8 %trunc_ln331" [/users/arashs/U280_CRC_Accelerator/src/kernel.cpp:359]   --->   Operation 70 'xor' 'xor_ln359' <Predicate = true> <Delay = 0.22> <CoreInst = "LogicGate">   --->   Core 74 'LogicGate' <Latency = 0> <II = 1> <Delay = 0.22> <FuncUnit> <Opcode : 'and' 'or' 'xor'> <InPorts = 2> <OutPorts = 1>
ST_2 : Operation 71 [1/1] (0.00ns)   --->   "%zext_ln359 = zext i8 %xor_ln359" [/users/arashs/U280_CRC_Accelerator/src/kernel.cpp:359]   --->   Operation 71 'zext' 'zext_ln359' <Predicate = true> <Delay = 0.00>
ST_2 : Operation 72 [1/1] (0.00ns)   --->   "%crcTables_0_addr = getelementptr i32 %crcTables_0, i64 0, i64 %zext_ln359" [/users/arashs/U280_CRC_Accelerator/src/kernel.cpp:359]   --->   Operation 72 'getelementptr' 'crcTables_0_addr' <Predicate = true> <Delay = 0.00>
ST_2 : Operation 73 [2/2] (1.19ns)   --->   "%crcTables_0_load = load i8 %crcTables_0_addr" [/users/arashs/U280_CRC_Accelerator/src/kernel.cpp:359]   --->   Operation 73 'load' 'crcTables_0_load' <Predicate = true> <Delay = 1.19> <CoreInst = "RAM_1P_BRAM">   --->   Core 90 'RAM_1P_BRAM' <Latency = 1> <II = 1> <Delay = 1.19> <Storage> <Opcode : 'load' 'store'> <Ports = 1> <Width = 32> <Depth = 256> <RAM>
ST_2 : Operation 74 [1/1] (0.00ns)   --->   "%trunc_ln = partselect i8 @_ssdm_op_PartSelect.i8.i32.i32.i32, i32 %crc_load, i32 8, i32 15" [/users/arashs/U280_CRC_Accelerator/src/kernel.cpp:360]   --->   Operation 74 'partselect' 'trunc_ln' <Predicate = true> <Delay = 0.00>
ST_2 : Operation 75 [1/1] (0.22ns)   --->   "%xor_ln360 = xor i8 %b1, i8 %trunc_ln" [/users/arashs/U280_CRC_Accelerator/src/kernel.cpp:360]   --->   Operation 75 'xor' 'xor_ln360' <Predicate = true> <Delay = 0.22> <CoreInst = "LogicGate">   --->   Core 74 'LogicGate' <Latency = 0> <II = 1> <Delay = 0.22> <FuncUnit> <Opcode : 'and' 'or' 'xor'> <InPorts = 2> <OutPorts = 1>
ST_2 : Operation 76 [1/1] (0.00ns)   --->   "%zext_ln360 = zext i8 %xor_ln360" [/users/arashs/U280_CRC_Accelerator/src/kernel.cpp:360]   --->   Operation 76 'zext' 'zext_ln360' <Predicate = true> <Delay = 0.00>
ST_2 : Operation 77 [1/1] (0.00ns)   --->   "%crcTables_1_addr = getelementptr i32 %crcTables_1, i64 0, i64 %zext_ln360" [/users/arashs/U280_CRC_Accelerator/src/kernel.cpp:360]   --->   Operation 77 'getelementptr' 'crcTables_1_addr' <Predicate = true> <Delay = 0.00>
ST_2 : Operation 78 [2/2] (1.19ns)   --->   "%crcTables_1_load = load i8 %crcTables_1_addr" [/users/arashs/U280_CRC_Accelerator/src/kernel.cpp:360]   --->   Operation 78 'load' 'crcTables_1_load' <Predicate = true> <Delay = 1.19> <CoreInst = "RAM_1P_BRAM">   --->   Core 90 'RAM_1P_BRAM' <Latency = 1> <II = 1> <Delay = 1.19> <Storage> <Opcode : 'load' 'store'> <Ports = 1> <Width = 32> <Depth = 256> <RAM>
ST_2 : Operation 79 [1/1] (0.00ns)   --->   "%trunc_ln3 = partselect i8 @_ssdm_op_PartSelect.i8.i32.i32.i32, i32 %crc_load, i32 16, i32 23" [/users/arashs/U280_CRC_Accelerator/src/kernel.cpp:361]   --->   Operation 79 'partselect' 'trunc_ln3' <Predicate = true> <Delay = 0.00>
ST_2 : Operation 80 [1/1] (0.22ns)   --->   "%xor_ln361 = xor i8 %b2, i8 %trunc_ln3" [/users/arashs/U280_CRC_Accelerator/src/kernel.cpp:361]   --->   Operation 80 'xor' 'xor_ln361' <Predicate = true> <Delay = 0.22> <CoreInst = "LogicGate">   --->   Core 74 'LogicGate' <Latency = 0> <II = 1> <Delay = 0.22> <FuncUnit> <Opcode : 'and' 'or' 'xor'> <InPorts = 2> <OutPorts = 1>
ST_2 : Operation 81 [1/1] (0.00ns)   --->   "%zext_ln361 = zext i8 %xor_ln361" [/users/arashs/U280_CRC_Accelerator/src/kernel.cpp:361]   --->   Operation 81 'zext' 'zext_ln361' <Predicate = true> <Delay = 0.00>
ST_2 : Operation 82 [1/1] (0.00ns)   --->   "%crcTables_2_addr = getelementptr i32 %crcTables_2, i64 0, i64 %zext_ln361" [/users/arashs/U280_CRC_Accelerator/src/kernel.cpp:361]   --->   Operation 82 'getelementptr' 'crcTables_2_addr' <Predicate = true> <Delay = 0.00>
ST_2 : Operation 83 [2/2] (1.19ns)   --->   "%crcTables_2_load = load i8 %crcTables_2_addr" [/users/arashs/U280_CRC_Accelerator/src/kernel.cpp:361]   --->   Operation 83 'load' 'crcTables_2_load' <Predicate = true> <Delay = 1.19> <CoreInst = "RAM_1P_BRAM">   --->   Core 90 'RAM_1P_BRAM' <Latency = 1> <II = 1> <Delay = 1.19> <Storage> <Opcode : 'load' 'store'> <Ports = 1> <Width = 32> <Depth = 256> <RAM>
ST_2 : Operation 84 [1/1] (0.00ns)   --->   "%trunc_ln4 = partselect i8 @_ssdm_op_PartSelect.i8.i32.i32.i32, i32 %crc_load, i32 24, i32 31" [/users/arashs/U280_CRC_Accelerator/src/kernel.cpp:362]   --->   Operation 84 'partselect' 'trunc_ln4' <Predicate = true> <Delay = 0.00>
ST_2 : Operation 85 [1/1] (0.22ns)   --->   "%xor_ln362 = xor i8 %b3, i8 %trunc_ln4" [/users/arashs/U280_CRC_Accelerator/src/kernel.cpp:362]   --->   Operation 85 'xor' 'xor_ln362' <Predicate = true> <Delay = 0.22> <CoreInst = "LogicGate">   --->   Core 74 'LogicGate' <Latency = 0> <II = 1> <Delay = 0.22> <FuncUnit> <Opcode : 'and' 'or' 'xor'> <InPorts = 2> <OutPorts = 1>
ST_2 : Operation 86 [1/1] (0.00ns)   --->   "%zext_ln362 = zext i8 %xor_ln362" [/users/arashs/U280_CRC_Accelerator/src/kernel.cpp:362]   --->   Operation 86 'zext' 'zext_ln362' <Predicate = true> <Delay = 0.00>
ST_2 : Operation 87 [1/1] (0.00ns)   --->   "%crcTables_3_addr = getelementptr i32 %crcTables_3, i64 0, i64 %zext_ln362" [/users/arashs/U280_CRC_Accelerator/src/kernel.cpp:362]   --->   Operation 87 'getelementptr' 'crcTables_3_addr' <Predicate = true> <Delay = 0.00>
ST_2 : Operation 88 [2/2] (1.19ns)   --->   "%crcTables_3_load = load i8 %crcTables_3_addr" [/users/arashs/U280_CRC_Accelerator/src/kernel.cpp:362]   --->   Operation 88 'load' 'crcTables_3_load' <Predicate = true> <Delay = 1.19> <CoreInst = "RAM_1P_BRAM">   --->   Core 90 'RAM_1P_BRAM' <Latency = 1> <II = 1> <Delay = 1.19> <Storage> <Opcode : 'load' 'store'> <Ports = 1> <Width = 32> <Depth = 256> <RAM>
ST_2 : Operation 89 [1/1] (0.00ns)   --->   "%zext_ln363 = zext i8 %b4" [/users/arashs/U280_CRC_Accelerator/src/kernel.cpp:363]   --->   Operation 89 'zext' 'zext_ln363' <Predicate = true> <Delay = 0.00>
ST_2 : Operation 90 [1/1] (0.00ns)   --->   "%crcTables_4_addr = getelementptr i32 %crcTables_4, i64 0, i64 %zext_ln363" [/users/arashs/U280_CRC_Accelerator/src/kernel.cpp:363]   --->   Operation 90 'getelementptr' 'crcTables_4_addr' <Predicate = true> <Delay = 0.00>
ST_2 : Operation 91 [2/2] (1.19ns)   --->   "%crcTables_4_load = load i8 %crcTables_4_addr" [/users/arashs/U280_CRC_Accelerator/src/kernel.cpp:363]   --->   Operation 91 'load' 'crcTables_4_load' <Predicate = true> <Delay = 1.19> <CoreInst = "RAM_1P_BRAM">   --->   Core 90 'RAM_1P_BRAM' <Latency = 1> <II = 1> <Delay = 1.19> <Storage> <Opcode : 'load' 'store'> <Ports = 1> <Width = 32> <Depth = 256> <RAM>
ST_2 : Operation 92 [1/1] (0.00ns)   --->   "%zext_ln363_1 = zext i8 %b5" [/users/arashs/U280_CRC_Accelerator/src/kernel.cpp:363]   --->   Operation 92 'zext' 'zext_ln363_1' <Predicate = true> <Delay = 0.00>
ST_2 : Operation 93 [1/1] (0.00ns)   --->   "%crcTables_5_addr = getelementptr i32 %crcTables_5, i64 0, i64 %zext_ln363_1" [/users/arashs/U280_CRC_Accelerator/src/kernel.cpp:363]   --->   Operation 93 'getelementptr' 'crcTables_5_addr' <Predicate = true> <Delay = 0.00>
ST_2 : Operation 94 [2/2] (1.19ns)   --->   "%crcTables_5_load = load i8 %crcTables_5_addr" [/users/arashs/U280_CRC_Accelerator/src/kernel.cpp:363]   --->   Operation 94 'load' 'crcTables_5_load' <Predicate = true> <Delay = 1.19> <CoreInst = "RAM_1P_BRAM">   --->   Core 90 'RAM_1P_BRAM' <Latency = 1> <II = 1> <Delay = 1.19> <Storage> <Opcode : 'load' 'store'> <Ports = 1> <Width = 32> <Depth = 256> <RAM>
ST_2 : Operation 95 [1/1] (0.00ns)   --->   "%zext_ln364 = zext i8 %b6" [/users/arashs/U280_CRC_Accelerator/src/kernel.cpp:364]   --->   Operation 95 'zext' 'zext_ln364' <Predicate = true> <Delay = 0.00>
ST_2 : Operation 96 [1/1] (0.00ns)   --->   "%crcTables_6_addr = getelementptr i32 %crcTables_6, i64 0, i64 %zext_ln364" [/users/arashs/U280_CRC_Accelerator/src/kernel.cpp:364]   --->   Operation 96 'getelementptr' 'crcTables_6_addr' <Predicate = true> <Delay = 0.00>
ST_2 : Operation 97 [2/2] (1.19ns)   --->   "%crcTables_6_load = load i8 %crcTables_6_addr" [/users/arashs/U280_CRC_Accelerator/src/kernel.cpp:364]   --->   Operation 97 'load' 'crcTables_6_load' <Predicate = true> <Delay = 1.19> <CoreInst = "RAM_1P_BRAM">   --->   Core 90 'RAM_1P_BRAM' <Latency = 1> <II = 1> <Delay = 1.19> <Storage> <Opcode : 'load' 'store'> <Ports = 1> <Width = 32> <Depth = 256> <RAM>
ST_2 : Operation 98 [1/1] (0.00ns)   --->   "%zext_ln364_1 = zext i8 %b7" [/users/arashs/U280_CRC_Accelerator/src/kernel.cpp:364]   --->   Operation 98 'zext' 'zext_ln364_1' <Predicate = true> <Delay = 0.00>
ST_2 : Operation 99 [1/1] (0.00ns)   --->   "%crcTables_7_addr = getelementptr i32 %crcTables_7, i64 0, i64 %zext_ln364_1" [/users/arashs/U280_CRC_Accelerator/src/kernel.cpp:364]   --->   Operation 99 'getelementptr' 'crcTables_7_addr' <Predicate = true> <Delay = 0.00>
ST_2 : Operation 100 [2/2] (1.19ns)   --->   "%crcTables_7_load = load i8 %crcTables_7_addr" [/users/arashs/U280_CRC_Accelerator/src/kernel.cpp:364]   --->   Operation 100 'load' 'crcTables_7_load' <Predicate = true> <Delay = 1.19> <CoreInst = "RAM_1P_BRAM">   --->   Core 90 'RAM_1P_BRAM' <Latency = 1> <II = 1> <Delay = 1.19> <Storage> <Opcode : 'load' 'store'> <Ports = 1> <Width = 32> <Depth = 256> <RAM>
ST_2 : Operation 101 [1/1] (0.00ns)   --->   "%zext_ln365 = zext i8 %b8" [/users/arashs/U280_CRC_Accelerator/src/kernel.cpp:365]   --->   Operation 101 'zext' 'zext_ln365' <Predicate = true> <Delay = 0.00>
ST_2 : Operation 102 [1/1] (0.00ns)   --->   "%crcTables_8_addr = getelementptr i32 %crcTables_8, i64 0, i64 %zext_ln365" [/users/arashs/U280_CRC_Accelerator/src/kernel.cpp:365]   --->   Operation 102 'getelementptr' 'crcTables_8_addr' <Predicate = true> <Delay = 0.00>
ST_2 : Operation 103 [2/2] (1.19ns)   --->   "%crcTables_8_load = load i8 %crcTables_8_addr" [/users/arashs/U280_CRC_Accelerator/src/kernel.cpp:365]   --->   Operation 103 'load' 'crcTables_8_load' <Predicate = true> <Delay = 1.19> <CoreInst = "RAM_1P_BRAM">   --->   Core 90 'RAM_1P_BRAM' <Latency = 1> <II = 1> <Delay = 1.19> <Storage> <Opcode : 'load' 'store'> <Ports = 1> <Width = 32> <Depth = 256> <RAM>
ST_2 : Operation 104 [1/1] (0.00ns)   --->   "%zext_ln365_1 = zext i8 %b9" [/users/arashs/U280_CRC_Accelerator/src/kernel.cpp:365]   --->   Operation 104 'zext' 'zext_ln365_1' <Predicate = true> <Delay = 0.00>
ST_2 : Operation 105 [1/1] (0.00ns)   --->   "%crcTables_9_addr = getelementptr i32 %crcTables_9, i64 0, i64 %zext_ln365_1" [/users/arashs/U280_CRC_Accelerator/src/kernel.cpp:365]   --->   Operation 105 'getelementptr' 'crcTables_9_addr' <Predicate = true> <Delay = 0.00>
ST_2 : Operation 106 [2/2] (1.19ns)   --->   "%crcTables_9_load = load i8 %crcTables_9_addr" [/users/arashs/U280_CRC_Accelerator/src/kernel.cpp:365]   --->   Operation 106 'load' 'crcTables_9_load' <Predicate = true> <Delay = 1.19> <CoreInst = "RAM_1P_BRAM">   --->   Core 90 'RAM_1P_BRAM' <Latency = 1> <II = 1> <Delay = 1.19> <Storage> <Opcode : 'load' 'store'> <Ports = 1> <Width = 32> <Depth = 256> <RAM>
ST_2 : Operation 107 [1/1] (0.00ns)   --->   "%zext_ln366 = zext i8 %b10" [/users/arashs/U280_CRC_Accelerator/src/kernel.cpp:366]   --->   Operation 107 'zext' 'zext_ln366' <Predicate = true> <Delay = 0.00>
ST_2 : Operation 108 [1/1] (0.00ns)   --->   "%crcTables_10_addr = getelementptr i32 %crcTables_10, i64 0, i64 %zext_ln366" [/users/arashs/U280_CRC_Accelerator/src/kernel.cpp:366]   --->   Operation 108 'getelementptr' 'crcTables_10_addr' <Predicate = true> <Delay = 0.00>
ST_2 : Operation 109 [2/2] (1.19ns)   --->   "%crcTables_10_load = load i8 %crcTables_10_addr" [/users/arashs/U280_CRC_Accelerator/src/kernel.cpp:366]   --->   Operation 109 'load' 'crcTables_10_load' <Predicate = true> <Delay = 1.19> <CoreInst = "RAM_1P_BRAM">   --->   Core 90 'RAM_1P_BRAM' <Latency = 1> <II = 1> <Delay = 1.19> <Storage> <Opcode : 'load' 'store'> <Ports = 1> <Width = 32> <Depth = 256> <RAM>
ST_2 : Operation 110 [1/1] (0.00ns)   --->   "%zext_ln366_1 = zext i8 %b11" [/users/arashs/U280_CRC_Accelerator/src/kernel.cpp:366]   --->   Operation 110 'zext' 'zext_ln366_1' <Predicate = true> <Delay = 0.00>
ST_2 : Operation 111 [1/1] (0.00ns)   --->   "%crcTables_11_addr = getelementptr i32 %crcTables_11, i64 0, i64 %zext_ln366_1" [/users/arashs/U280_CRC_Accelerator/src/kernel.cpp:366]   --->   Operation 111 'getelementptr' 'crcTables_11_addr' <Predicate = true> <Delay = 0.00>
ST_2 : Operation 112 [2/2] (1.19ns)   --->   "%crcTables_11_load = load i8 %crcTables_11_addr" [/users/arashs/U280_CRC_Accelerator/src/kernel.cpp:366]   --->   Operation 112 'load' 'crcTables_11_load' <Predicate = true> <Delay = 1.19> <CoreInst = "RAM_1P_BRAM">   --->   Core 90 'RAM_1P_BRAM' <Latency = 1> <II = 1> <Delay = 1.19> <Storage> <Opcode : 'load' 'store'> <Ports = 1> <Width = 32> <Depth = 256> <RAM>
ST_2 : Operation 113 [1/1] (0.00ns)   --->   "%zext_ln367 = zext i8 %b12" [/users/arashs/U280_CRC_Accelerator/src/kernel.cpp:367]   --->   Operation 113 'zext' 'zext_ln367' <Predicate = true> <Delay = 0.00>
ST_2 : Operation 114 [1/1] (0.00ns)   --->   "%crcTables_12_addr = getelementptr i32 %crcTables_12, i64 0, i64 %zext_ln367" [/users/arashs/U280_CRC_Accelerator/src/kernel.cpp:367]   --->   Operation 114 'getelementptr' 'crcTables_12_addr' <Predicate = true> <Delay = 0.00>
ST_2 : Operation 115 [2/2] (1.19ns)   --->   "%crcTables_12_load = load i8 %crcTables_12_addr" [/users/arashs/U280_CRC_Accelerator/src/kernel.cpp:367]   --->   Operation 115 'load' 'crcTables_12_load' <Predicate = true> <Delay = 1.19> <CoreInst = "RAM_1P_BRAM">   --->   Core 90 'RAM_1P_BRAM' <Latency = 1> <II = 1> <Delay = 1.19> <Storage> <Opcode : 'load' 'store'> <Ports = 1> <Width = 32> <Depth = 256> <RAM>
ST_2 : Operation 116 [1/1] (0.00ns)   --->   "%zext_ln367_1 = zext i8 %b13" [/users/arashs/U280_CRC_Accelerator/src/kernel.cpp:367]   --->   Operation 116 'zext' 'zext_ln367_1' <Predicate = true> <Delay = 0.00>
ST_2 : Operation 117 [1/1] (0.00ns)   --->   "%crcTables_13_addr = getelementptr i32 %crcTables_13, i64 0, i64 %zext_ln367_1" [/users/arashs/U280_CRC_Accelerator/src/kernel.cpp:367]   --->   Operation 117 'getelementptr' 'crcTables_13_addr' <Predicate = true> <Delay = 0.00>
ST_2 : Operation 118 [2/2] (1.19ns)   --->   "%crcTables_13_load = load i8 %crcTables_13_addr" [/users/arashs/U280_CRC_Accelerator/src/kernel.cpp:367]   --->   Operation 118 'load' 'crcTables_13_load' <Predicate = true> <Delay = 1.19> <CoreInst = "RAM_1P_BRAM">   --->   Core 90 'RAM_1P_BRAM' <Latency = 1> <II = 1> <Delay = 1.19> <Storage> <Opcode : 'load' 'store'> <Ports = 1> <Width = 32> <Depth = 256> <RAM>
ST_2 : Operation 119 [1/1] (0.00ns)   --->   "%zext_ln368 = zext i8 %b14" [/users/arashs/U280_CRC_Accelerator/src/kernel.cpp:368]   --->   Operation 119 'zext' 'zext_ln368' <Predicate = true> <Delay = 0.00>
ST_2 : Operation 120 [1/1] (0.00ns)   --->   "%crcTables_14_addr = getelementptr i32 %crcTables_14, i64 0, i64 %zext_ln368" [/users/arashs/U280_CRC_Accelerator/src/kernel.cpp:368]   --->   Operation 120 'getelementptr' 'crcTables_14_addr' <Predicate = true> <Delay = 0.00>
ST_2 : Operation 121 [2/2] (1.19ns)   --->   "%crcTables_14_load = load i8 %crcTables_14_addr" [/users/arashs/U280_CRC_Accelerator/src/kernel.cpp:368]   --->   Operation 121 'load' 'crcTables_14_load' <Predicate = true> <Delay = 1.19> <CoreInst = "RAM_1P_BRAM">   --->   Core 90 'RAM_1P_BRAM' <Latency = 1> <II = 1> <Delay = 1.19> <Storage> <Opcode : 'load' 'store'> <Ports = 1> <Width = 32> <Depth = 256> <RAM>
ST_2 : Operation 122 [1/1] (0.00ns)   --->   "%zext_ln368_1 = zext i8 %b15" [/users/arashs/U280_CRC_Accelerator/src/kernel.cpp:368]   --->   Operation 122 'zext' 'zext_ln368_1' <Predicate = true> <Delay = 0.00>
ST_2 : Operation 123 [1/1] (0.00ns)   --->   "%crcTables_15_addr = getelementptr i32 %crcTables_15, i64 0, i64 %zext_ln368_1" [/users/arashs/U280_CRC_Accelerator/src/kernel.cpp:368]   --->   Operation 123 'getelementptr' 'crcTables_15_addr' <Predicate = true> <Delay = 0.00>
ST_2 : Operation 124 [2/2] (1.19ns)   --->   "%crcTables_15_load = load i8 %crcTables_15_addr" [/users/arashs/U280_CRC_Accelerator/src/kernel.cpp:368]   --->   Operation 124 'load' 'crcTables_15_load' <Predicate = true> <Delay = 1.19> <CoreInst = "RAM_1P_BRAM">   --->   Core 90 'RAM_1P_BRAM' <Latency = 1> <II = 1> <Delay = 1.19> <Storage> <Opcode : 'load' 'store'> <Ports = 1> <Width = 32> <Depth = 256> <RAM>
ST_2 : Operation 162 [1/1] (0.00ns)   --->   "%crc_load_3 = load i32 %crc"   --->   Operation 162 'load' 'crc_load_3' <Predicate = (!icmp_ln337)> <Delay = 0.00>
ST_2 : Operation 163 [1/1] (0.00ns)   --->   "%write_ln0 = write void @_ssdm_op_Write.ap_auto.i32P0A, i32 %crc_out, i32 %crc_load_3"   --->   Operation 163 'write' 'write_ln0' <Predicate = (!icmp_ln337)> <Delay = 0.00>
ST_2 : Operation 164 [1/1] (0.00ns)   --->   "%ret_ln0 = ret"   --->   Operation 164 'ret' 'ret_ln0' <Predicate = (!icmp_ln337)> <Delay = 0.00>

State 3 <SV = 2> <Delay = 2.42>
ST_3 : Operation 125 [1/1] (0.00ns)   --->   "%specpipeline_ln339 = specpipeline void @_ssdm_op_SpecPipeline, i32 1, i32 0, i32 0, i32 0, void @empty_18" [/users/arashs/U280_CRC_Accelerator/src/kernel.cpp:339]   --->   Operation 125 'specpipeline' 'specpipeline_ln339' <Predicate = true> <Delay = 0.00>
ST_3 : Operation 126 [1/1] (0.00ns)   --->   "%speclooptripcount_ln331 = speclooptripcount void @_ssdm_op_SpecLoopTripCount, i64 0, i64 134217727, i64 67108863" [/users/arashs/U280_CRC_Accelerator/src/kernel.cpp:331]   --->   Operation 126 'speclooptripcount' 'speclooptripcount_ln331' <Predicate = true> <Delay = 0.00>
ST_3 : Operation 127 [1/1] (0.00ns)   --->   "%specloopname_ln337 = specloopname void @_ssdm_op_SpecLoopName, void @empty_21" [/users/arashs/U280_CRC_Accelerator/src/kernel.cpp:337]   --->   Operation 127 'specloopname' 'specloopname_ln337' <Predicate = true> <Delay = 0.00>
ST_3 : Operation 128 [1/2] (1.19ns)   --->   "%crcTables_0_load = load i8 %crcTables_0_addr" [/users/arashs/U280_CRC_Accelerator/src/kernel.cpp:359]   --->   Operation 128 'load' 'crcTables_0_load' <Predicate = true> <Delay = 1.19> <CoreInst = "RAM_1P_BRAM">   --->   Core 90 'RAM_1P_BRAM' <Latency = 1> <II = 1> <Delay = 1.19> <Storage> <Opcode : 'load' 'store'> <Ports = 1> <Width = 32> <Depth = 256> <RAM>
ST_3 : Operation 129 [1/2] (1.19ns)   --->   "%crcTables_1_load = load i8 %crcTables_1_addr" [/users/arashs/U280_CRC_Accelerator/src/kernel.cpp:360]   --->   Operation 129 'load' 'crcTables_1_load' <Predicate = true> <Delay = 1.19> <CoreInst = "RAM_1P_BRAM">   --->   Core 90 'RAM_1P_BRAM' <Latency = 1> <II = 1> <Delay = 1.19> <Storage> <Opcode : 'load' 'store'> <Ports = 1> <Width = 32> <Depth = 256> <RAM>
ST_3 : Operation 130 [1/2] (1.19ns)   --->   "%crcTables_2_load = load i8 %crcTables_2_addr" [/users/arashs/U280_CRC_Accelerator/src/kernel.cpp:361]   --->   Operation 130 'load' 'crcTables_2_load' <Predicate = true> <Delay = 1.19> <CoreInst = "RAM_1P_BRAM">   --->   Core 90 'RAM_1P_BRAM' <Latency = 1> <II = 1> <Delay = 1.19> <Storage> <Opcode : 'load' 'store'> <Ports = 1> <Width = 32> <Depth = 256> <RAM>
ST_3 : Operation 131 [1/2] (1.19ns)   --->   "%crcTables_3_load = load i8 %crcTables_3_addr" [/users/arashs/U280_CRC_Accelerator/src/kernel.cpp:362]   --->   Operation 131 'load' 'crcTables_3_load' <Predicate = true> <Delay = 1.19> <CoreInst = "RAM_1P_BRAM">   --->   Core 90 'RAM_1P_BRAM' <Latency = 1> <II = 1> <Delay = 1.19> <Storage> <Opcode : 'load' 'store'> <Ports = 1> <Width = 32> <Depth = 256> <RAM>
ST_3 : Operation 132 [1/2] (1.19ns)   --->   "%crcTables_4_load = load i8 %crcTables_4_addr" [/users/arashs/U280_CRC_Accelerator/src/kernel.cpp:363]   --->   Operation 132 'load' 'crcTables_4_load' <Predicate = true> <Delay = 1.19> <CoreInst = "RAM_1P_BRAM">   --->   Core 90 'RAM_1P_BRAM' <Latency = 1> <II = 1> <Delay = 1.19> <Storage> <Opcode : 'load' 'store'> <Ports = 1> <Width = 32> <Depth = 256> <RAM>
ST_3 : Operation 133 [1/2] (1.19ns)   --->   "%crcTables_5_load = load i8 %crcTables_5_addr" [/users/arashs/U280_CRC_Accelerator/src/kernel.cpp:363]   --->   Operation 133 'load' 'crcTables_5_load' <Predicate = true> <Delay = 1.19> <CoreInst = "RAM_1P_BRAM">   --->   Core 90 'RAM_1P_BRAM' <Latency = 1> <II = 1> <Delay = 1.19> <Storage> <Opcode : 'load' 'store'> <Ports = 1> <Width = 32> <Depth = 256> <RAM>
ST_3 : Operation 134 [1/2] (1.19ns)   --->   "%crcTables_6_load = load i8 %crcTables_6_addr" [/users/arashs/U280_CRC_Accelerator/src/kernel.cpp:364]   --->   Operation 134 'load' 'crcTables_6_load' <Predicate = true> <Delay = 1.19> <CoreInst = "RAM_1P_BRAM">   --->   Core 90 'RAM_1P_BRAM' <Latency = 1> <II = 1> <Delay = 1.19> <Storage> <Opcode : 'load' 'store'> <Ports = 1> <Width = 32> <Depth = 256> <RAM>
ST_3 : Operation 135 [1/2] (1.19ns)   --->   "%crcTables_7_load = load i8 %crcTables_7_addr" [/users/arashs/U280_CRC_Accelerator/src/kernel.cpp:364]   --->   Operation 135 'load' 'crcTables_7_load' <Predicate = true> <Delay = 1.19> <CoreInst = "RAM_1P_BRAM">   --->   Core 90 'RAM_1P_BRAM' <Latency = 1> <II = 1> <Delay = 1.19> <Storage> <Opcode : 'load' 'store'> <Ports = 1> <Width = 32> <Depth = 256> <RAM>
ST_3 : Operation 136 [1/2] (1.19ns)   --->   "%crcTables_8_load = load i8 %crcTables_8_addr" [/users/arashs/U280_CRC_Accelerator/src/kernel.cpp:365]   --->   Operation 136 'load' 'crcTables_8_load' <Predicate = true> <Delay = 1.19> <CoreInst = "RAM_1P_BRAM">   --->   Core 90 'RAM_1P_BRAM' <Latency = 1> <II = 1> <Delay = 1.19> <Storage> <Opcode : 'load' 'store'> <Ports = 1> <Width = 32> <Depth = 256> <RAM>
ST_3 : Operation 137 [1/2] (1.19ns)   --->   "%crcTables_9_load = load i8 %crcTables_9_addr" [/users/arashs/U280_CRC_Accelerator/src/kernel.cpp:365]   --->   Operation 137 'load' 'crcTables_9_load' <Predicate = true> <Delay = 1.19> <CoreInst = "RAM_1P_BRAM">   --->   Core 90 'RAM_1P_BRAM' <Latency = 1> <II = 1> <Delay = 1.19> <Storage> <Opcode : 'load' 'store'> <Ports = 1> <Width = 32> <Depth = 256> <RAM>
ST_3 : Operation 138 [1/2] (1.19ns)   --->   "%crcTables_10_load = load i8 %crcTables_10_addr" [/users/arashs/U280_CRC_Accelerator/src/kernel.cpp:366]   --->   Operation 138 'load' 'crcTables_10_load' <Predicate = true> <Delay = 1.19> <CoreInst = "RAM_1P_BRAM">   --->   Core 90 'RAM_1P_BRAM' <Latency = 1> <II = 1> <Delay = 1.19> <Storage> <Opcode : 'load' 'store'> <Ports = 1> <Width = 32> <Depth = 256> <RAM>
ST_3 : Operation 139 [1/2] (1.19ns)   --->   "%crcTables_11_load = load i8 %crcTables_11_addr" [/users/arashs/U280_CRC_Accelerator/src/kernel.cpp:366]   --->   Operation 139 'load' 'crcTables_11_load' <Predicate = true> <Delay = 1.19> <CoreInst = "RAM_1P_BRAM">   --->   Core 90 'RAM_1P_BRAM' <Latency = 1> <II = 1> <Delay = 1.19> <Storage> <Opcode : 'load' 'store'> <Ports = 1> <Width = 32> <Depth = 256> <RAM>
ST_3 : Operation 140 [1/2] (1.19ns)   --->   "%crcTables_12_load = load i8 %crcTables_12_addr" [/users/arashs/U280_CRC_Accelerator/src/kernel.cpp:367]   --->   Operation 140 'load' 'crcTables_12_load' <Predicate = true> <Delay = 1.19> <CoreInst = "RAM_1P_BRAM">   --->   Core 90 'RAM_1P_BRAM' <Latency = 1> <II = 1> <Delay = 1.19> <Storage> <Opcode : 'load' 'store'> <Ports = 1> <Width = 32> <Depth = 256> <RAM>
ST_3 : Operation 141 [1/2] (1.19ns)   --->   "%crcTables_13_load = load i8 %crcTables_13_addr" [/users/arashs/U280_CRC_Accelerator/src/kernel.cpp:367]   --->   Operation 141 'load' 'crcTables_13_load' <Predicate = true> <Delay = 1.19> <CoreInst = "RAM_1P_BRAM">   --->   Core 90 'RAM_1P_BRAM' <Latency = 1> <II = 1> <Delay = 1.19> <Storage> <Opcode : 'load' 'store'> <Ports = 1> <Width = 32> <Depth = 256> <RAM>
ST_3 : Operation 142 [1/2] (1.19ns)   --->   "%crcTables_14_load = load i8 %crcTables_14_addr" [/users/arashs/U280_CRC_Accelerator/src/kernel.cpp:368]   --->   Operation 142 'load' 'crcTables_14_load' <Predicate = true> <Delay = 1.19> <CoreInst = "RAM_1P_BRAM">   --->   Core 90 'RAM_1P_BRAM' <Latency = 1> <II = 1> <Delay = 1.19> <Storage> <Opcode : 'load' 'store'> <Ports = 1> <Width = 32> <Depth = 256> <RAM>
ST_3 : Operation 143 [1/2] (1.19ns)   --->   "%crcTables_15_load = load i8 %crcTables_15_addr" [/users/arashs/U280_CRC_Accelerator/src/kernel.cpp:368]   --->   Operation 143 'load' 'crcTables_15_load' <Predicate = true> <Delay = 1.19> <CoreInst = "RAM_1P_BRAM">   --->   Core 90 'RAM_1P_BRAM' <Latency = 1> <II = 1> <Delay = 1.19> <Storage> <Opcode : 'load' 'store'> <Ports = 1> <Width = 32> <Depth = 256> <RAM>
ST_3 : Operation 144 [1/1] (0.00ns) (grouped into LUT with out node xor_ln370_2)   --->   "%xor_ln370 = xor i32 %crcTables_1_load, i32 %crcTables_0_load" [/users/arashs/U280_CRC_Accelerator/src/kernel.cpp:370]   --->   Operation 144 'xor' 'xor_ln370' <Predicate = true> <Delay = 0.00> <CoreInst = "LogicGate">   --->   Core 74 'LogicGate' <Latency = 0> <II = 1> <Delay = 0.21> <FuncUnit> <Opcode : 'and' 'or' 'xor'> <InPorts = 2> <OutPorts = 1>
ST_3 : Operation 145 [1/1] (0.00ns) (grouped into LUT with out node xor_ln370_2)   --->   "%xor_ln370_1 = xor i32 %crcTables_2_load, i32 %crcTables_3_load" [/users/arashs/U280_CRC_Accelerator/src/kernel.cpp:370]   --->   Operation 145 'xor' 'xor_ln370_1' <Predicate = true> <Delay = 0.00> <CoreInst = "LogicGate">   --->   Core 74 'LogicGate' <Latency = 0> <II = 1> <Delay = 0.21> <FuncUnit> <Opcode : 'and' 'or' 'xor'> <InPorts = 2> <OutPorts = 1>
ST_3 : Operation 146 [1/1] (0.21ns) (out node of the LUT)   --->   "%xor_ln370_2 = xor i32 %xor_ln370_1, i32 %xor_ln370" [/users/arashs/U280_CRC_Accelerator/src/kernel.cpp:370]   --->   Operation 146 'xor' 'xor_ln370_2' <Predicate = true> <Delay = 0.21> <CoreInst = "LogicGate">   --->   Core 74 'LogicGate' <Latency = 0> <II = 1> <Delay = 0.21> <FuncUnit> <Opcode : 'and' 'or' 'xor'> <InPorts = 2> <OutPorts = 1>
ST_3 : Operation 147 [1/1] (0.00ns) (grouped into LUT with out node xor_ln370_6)   --->   "%xor_ln370_3 = xor i32 %crcTables_4_load, i32 %crcTables_5_load" [/users/arashs/U280_CRC_Accelerator/src/kernel.cpp:370]   --->   Operation 147 'xor' 'xor_ln370_3' <Predicate = true> <Delay = 0.00> <CoreInst = "LogicGate">   --->   Core 74 'LogicGate' <Latency = 0> <II = 1> <Delay = 0.21> <FuncUnit> <Opcode : 'and' 'or' 'xor'> <InPorts = 2> <OutPorts = 1>
ST_3 : Operation 148 [1/1] (0.00ns) (grouped into LUT with out node xor_ln370_6)   --->   "%xor_ln370_4 = xor i32 %crcTables_6_load, i32 %crcTables_7_load" [/users/arashs/U280_CRC_Accelerator/src/kernel.cpp:370]   --->   Operation 148 'xor' 'xor_ln370_4' <Predicate = true> <Delay = 0.00> <CoreInst = "LogicGate">   --->   Core 74 'LogicGate' <Latency = 0> <II = 1> <Delay = 0.21> <FuncUnit> <Opcode : 'and' 'or' 'xor'> <InPorts = 2> <OutPorts = 1>
ST_3 : Operation 149 [1/1] (0.00ns) (grouped into LUT with out node xor_ln370_6)   --->   "%xor_ln370_5 = xor i32 %xor_ln370_4, i32 %xor_ln370_3" [/users/arashs/U280_CRC_Accelerator/src/kernel.cpp:370]   --->   Operation 149 'xor' 'xor_ln370_5' <Predicate = true> <Delay = 0.00> <CoreInst = "LogicGate">   --->   Core 74 'LogicGate' <Latency = 0> <II = 1> <Delay = 0.21> <FuncUnit> <Opcode : 'and' 'or' 'xor'> <InPorts = 2> <OutPorts = 1>
ST_3 : Operation 150 [1/1] (0.21ns) (out node of the LUT)   --->   "%xor_ln370_6 = xor i32 %xor_ln370_5, i32 %xor_ln370_2" [/users/arashs/U280_CRC_Accelerator/src/kernel.cpp:370]   --->   Operation 150 'xor' 'xor_ln370_6' <Predicate = true> <Delay = 0.21> <CoreInst = "LogicGate">   --->   Core 74 'LogicGate' <Latency = 0> <II = 1> <Delay = 0.21> <FuncUnit> <Opcode : 'and' 'or' 'xor'> <InPorts = 2> <OutPorts = 1>
ST_3 : Operation 151 [1/1] (0.00ns) (grouped into LUT with out node xor_ln370_9)   --->   "%xor_ln370_7 = xor i32 %crcTables_8_load, i32 %crcTables_9_load" [/users/arashs/U280_CRC_Accelerator/src/kernel.cpp:370]   --->   Operation 151 'xor' 'xor_ln370_7' <Predicate = true> <Delay = 0.00> <CoreInst = "LogicGate">   --->   Core 74 'LogicGate' <Latency = 0> <II = 1> <Delay = 0.21> <FuncUnit> <Opcode : 'and' 'or' 'xor'> <InPorts = 2> <OutPorts = 1>
ST_3 : Operation 152 [1/1] (0.00ns) (grouped into LUT with out node xor_ln370_9)   --->   "%xor_ln370_8 = xor i32 %crcTables_10_load, i32 %crcTables_11_load" [/users/arashs/U280_CRC_Accelerator/src/kernel.cpp:370]   --->   Operation 152 'xor' 'xor_ln370_8' <Predicate = true> <Delay = 0.00> <CoreInst = "LogicGate">   --->   Core 74 'LogicGate' <Latency = 0> <II = 1> <Delay = 0.21> <FuncUnit> <Opcode : 'and' 'or' 'xor'> <InPorts = 2> <OutPorts = 1>
ST_3 : Operation 153 [1/1] (0.21ns) (out node of the LUT)   --->   "%xor_ln370_9 = xor i32 %xor_ln370_8, i32 %xor_ln370_7" [/users/arashs/U280_CRC_Accelerator/src/kernel.cpp:370]   --->   Operation 153 'xor' 'xor_ln370_9' <Predicate = true> <Delay = 0.21> <CoreInst = "LogicGate">   --->   Core 74 'LogicGate' <Latency = 0> <II = 1> <Delay = 0.21> <FuncUnit> <Opcode : 'and' 'or' 'xor'> <InPorts = 2> <OutPorts = 1>
ST_3 : Operation 154 [1/1] (0.00ns) (grouped into LUT with out node xor_ln370_14)   --->   "%xor_ln370_10 = xor i32 %crcTables_12_load, i32 %crcTables_13_load" [/users/arashs/U280_CRC_Accelerator/src/kernel.cpp:370]   --->   Operation 154 'xor' 'xor_ln370_10' <Predicate = true> <Delay = 0.00> <CoreInst = "LogicGate">   --->   Core 74 'LogicGate' <Latency = 0> <II = 1> <Delay = 0.21> <FuncUnit> <Opcode : 'and' 'or' 'xor'> <InPorts = 2> <OutPorts = 1>
ST_3 : Operation 155 [1/1] (0.00ns) (grouped into LUT with out node xor_ln370_14)   --->   "%xor_ln370_11 = xor i32 %crcTables_14_load, i32 %crcTables_15_load" [/users/arashs/U280_CRC_Accelerator/src/kernel.cpp:370]   --->   Operation 155 'xor' 'xor_ln370_11' <Predicate = true> <Delay = 0.00> <CoreInst = "LogicGate">   --->   Core 74 'LogicGate' <Latency = 0> <II = 1> <Delay = 0.21> <FuncUnit> <Opcode : 'and' 'or' 'xor'> <InPorts = 2> <OutPorts = 1>
ST_3 : Operation 156 [1/1] (0.00ns) (grouped into LUT with out node xor_ln370_14)   --->   "%xor_ln370_12 = xor i32 %xor_ln370_11, i32 %xor_ln370_10" [/users/arashs/U280_CRC_Accelerator/src/kernel.cpp:370]   --->   Operation 156 'xor' 'xor_ln370_12' <Predicate = true> <Delay = 0.00> <CoreInst = "LogicGate">   --->   Core 74 'LogicGate' <Latency = 0> <II = 1> <Delay = 0.21> <FuncUnit> <Opcode : 'and' 'or' 'xor'> <InPorts = 2> <OutPorts = 1>
ST_3 : Operation 157 [1/1] (0.00ns) (grouped into LUT with out node xor_ln370_14)   --->   "%xor_ln370_13 = xor i32 %xor_ln370_12, i32 %xor_ln370_9" [/users/arashs/U280_CRC_Accelerator/src/kernel.cpp:370]   --->   Operation 157 'xor' 'xor_ln370_13' <Predicate = true> <Delay = 0.00> <CoreInst = "LogicGate">   --->   Core 74 'LogicGate' <Latency = 0> <II = 1> <Delay = 0.21> <FuncUnit> <Opcode : 'and' 'or' 'xor'> <InPorts = 2> <OutPorts = 1>
ST_3 : Operation 158 [1/1] (0.21ns) (out node of the LUT)   --->   "%xor_ln370_14 = xor i32 %xor_ln370_13, i32 %xor_ln370_6" [/users/arashs/U280_CRC_Accelerator/src/kernel.cpp:370]   --->   Operation 158 'xor' 'xor_ln370_14' <Predicate = true> <Delay = 0.21> <CoreInst = "LogicGate">   --->   Core 74 'LogicGate' <Latency = 0> <II = 1> <Delay = 0.21> <FuncUnit> <Opcode : 'and' 'or' 'xor'> <InPorts = 2> <OutPorts = 1>
ST_3 : Operation 159 [1/1] (0.21ns) (out node of the LUT)   --->   "%crc_2 = and i32 %xor_ln370_14, i32 %mask_1_read" [/users/arashs/U280_CRC_Accelerator/src/kernel.cpp:370]   --->   Operation 159 'and' 'crc_2' <Predicate = true> <Delay = 0.21> <CoreInst = "LogicGate">   --->   Core 74 'LogicGate' <Latency = 0> <II = 1> <Delay = 0.21> <FuncUnit> <Opcode : 'and' 'or' 'xor'> <InPorts = 2> <OutPorts = 1>
ST_3 : Operation 160 [1/1] (0.38ns)   --->   "%store_ln337 = store i32 %crc_2, i32 %crc" [/users/arashs/U280_CRC_Accelerator/src/kernel.cpp:337]   --->   Operation 160 'store' 'store_ln337' <Predicate = true> <Delay = 0.38>
ST_3 : Operation 161 [1/1] (0.00ns)   --->   "%br_ln337 = br void %for.inc" [/users/arashs/U280_CRC_Accelerator/src/kernel.cpp:337]   --->   Operation 161 'br' 'br_ln337' <Predicate = true> <Delay = 0.00>


============================================================
+ Verbose Summary: Timing violations
============================================================
Target clock period: 3.333ns, clock uncertainty: 0.900ns.

 <State 1>: 1.249ns
The critical path consists of the following:
	'alloca' operation ('b') [38]  (0.000 ns)
	'load' operation ('b_load', /users/arashs/U280_CRC_Accelerator/src/kernel.cpp:331) on local variable 'b' [78]  (0.000 ns)
	'add' operation ('add_ln331', /users/arashs/U280_CRC_Accelerator/src/kernel.cpp:331) [81]  (0.856 ns)
	'store' operation ('store_ln337', /users/arashs/U280_CRC_Accelerator/src/kernel.cpp:337) of variable 'add_ln331', /users/arashs/U280_CRC_Accelerator/src/kernel.cpp:331 on local variable 'b' [176]  (0.387 ns)
	blocking operation 0.0059375 ns on control path)

 <State 2>: 2.641ns
The critical path consists of the following:
	fifo read operation ('b0', /users/arashs/U280_CRC_Accelerator/src/kernel.cpp:341) on port 'inByte0' (/users/arashs/U280_CRC_Accelerator/src/kernel.cpp:341) [89]  (1.217 ns)
	'xor' operation ('xor_ln359', /users/arashs/U280_CRC_Accelerator/src/kernel.cpp:359) [105]  (0.228 ns)
	'getelementptr' operation ('crcTables_0_addr', /users/arashs/U280_CRC_Accelerator/src/kernel.cpp:359) [107]  (0.000 ns)
	'load' operation ('crcTables_0_load', /users/arashs/U280_CRC_Accelerator/src/kernel.cpp:359) on array 'crcTables_0' [108]  (1.196 ns)

 <State 3>: 2.423ns
The critical path consists of the following:
	'load' operation ('crcTables_0_load', /users/arashs/U280_CRC_Accelerator/src/kernel.cpp:359) on array 'crcTables_0' [108]  (1.196 ns)
	'xor' operation ('xor_ln370', /users/arashs/U280_CRC_Accelerator/src/kernel.cpp:370) [160]  (0.000 ns)
	'xor' operation ('xor_ln370_2', /users/arashs/U280_CRC_Accelerator/src/kernel.cpp:370) [162]  (0.210 ns)
	'xor' operation ('xor_ln370_6', /users/arashs/U280_CRC_Accelerator/src/kernel.cpp:370) [166]  (0.210 ns)
	'xor' operation ('xor_ln370_14', /users/arashs/U280_CRC_Accelerator/src/kernel.cpp:370) [174]  (0.210 ns)
	'and' operation ('crc', /users/arashs/U280_CRC_Accelerator/src/kernel.cpp:370) [175]  (0.210 ns)
	'store' operation ('store_ln337', /users/arashs/U280_CRC_Accelerator/src/kernel.cpp:337) of variable 'crc', /users/arashs/U280_CRC_Accelerator/src/kernel.cpp:370 on local variable 'crc' [177]  (0.387 ns)


============================================================
+ Verbose Summary: Binding
============================================================
N/A
* FSMD analyzer results:
  - Output states:
 - Input state : 
  - Chain level:
	State 1
	State 2
	State 3


============================================================
+ Verbose Summary: Datapath Resource usage 
============================================================
N/A
