

================================================================
== Vitis HLS Report for 'read_input_Pipeline_mem_rd'
================================================================
* Date:           Mon Feb 16 01:30:39 2026

* Version:        2023.1 (Build 3854077 on May  4 2023)
* Project:        calculate_crc
* Solution:       solution (Vitis Kernel Flow Target)
* Product family: virtexuplusHBM
* Target device:  xcu280-fsvh2892-2L-e


================================================================
== Performance Estimates
================================================================
+ Timing: 
    * Summary: 
    +--------+---------+----------+------------+
    |  Clock |  Target | Estimated| Uncertainty|
    +--------+---------+----------+------------+
    |ap_clk  |  3.33 ns|  2.433 ns|     0.90 ns|
    +--------+---------+----------+------------+

+ Latency: 
    * Summary: 
    +---------+-----------+----------+-----------+-----+-----------+---------+
    |   Latency (cycles)  |  Latency (absolute)  |     Interval    | Pipeline|
    |   min   |    max    |    min   |    max    | min |    max    |   Type  |
    +---------+-----------+----------+-----------+-----+-----------+---------+
    |        3|  134217730|  9.999 ns|  0.447 sec|    3|  134217730|       no|
    +---------+-----------+----------+-----------+-----+-----------+---------+

    + Detail: 
        * Instance: 
        N/A

        * Loop: 
        +----------+---------+-----------+----------+-----------+-----------+---------------+----------+
        |          |   Latency (cycles)  | Iteration|  Initiation Interval  |      Trip     |          |
        | Loop Name|   min   |    max    |  Latency |  achieved |   target  |     Count     | Pipelined|
        +----------+---------+-----------+----------+-----------+-----------+---------------+----------+
        |- mem_rd  |        1|  134217728|         3|          1|          1|  0 ~ 134217727|       yes|
        +----------+---------+-----------+----------+-----------+-----------+---------------+----------+

============================================================
+ Verbose Summary: Synthesis Manager
============================================================
InlineROM: 1
ExposeGlobal: 0
============================================================
+ Verbose Summary: CDFG Model
============================================================
IsTopModel: 0
ResetActiveHigh: 1
IsCombinational: 0
IsDatapathOnly: 0
HasWiredReturn: 1
HasMFsm: 2
HasVarLatency: 1
IsPipeline: 0
IsRtlPipelined: 0
IsInstanceOverlapped: 0
IsDontTouch: 0
HasImplIP: 0
IsGatedGlobalClock: 0

+ Individual pipeline summary: 
  * Pipeline-0: initiation interval (II) = 1, depth = 3


============================================================
+ Verbose Summary: Schedule
============================================================
* Number of FSM states : 3
* Pipeline : 1
  Pipeline-0 : II = 1, D = 3, States = { 1 2 3 }
* Dataflow Pipeline: 0

* FSM state transitions: 
1 --> 2 
2 --> 3 
3 --> 

* FSM state operations: 

State 1 <SV = 0> <Delay = 1.24>
ST_1 : Operation 6 [1/1] (0.00ns)   --->   "%i = alloca i32 1"   --->   Operation 6 'alloca' 'i' <Predicate = true> <Delay = 0.00>
ST_1 : Operation 7 [1/1] (0.00ns)   --->   "%loop_count_read = read i29 @_ssdm_op_Read.ap_auto.i29, i29 %loop_count"   --->   Operation 7 'read' 'loop_count_read' <Predicate = true> <Delay = 0.00>
ST_1 : Operation 8 [1/1] (0.00ns)   --->   "%sext_ln287_read = read i60 @_ssdm_op_Read.ap_auto.i60, i60 %sext_ln287"   --->   Operation 8 'read' 'sext_ln287_read' <Predicate = true> <Delay = 0.00>
ST_1 : Operation 9 [1/1] (0.00ns)   --->   "%sext_ln287_cast = sext i60 %sext_ln287_read"   --->   Operation 9 'sext' 'sext_ln287_cast' <Predicate = true> <Delay = 0.00>
ST_1 : Operation 10 [1/1] (0.00ns)   --->   "%specinterface_ln0 = specinterface void @_ssdm_op_SpecInterface, i128 %gmem0, void @empty_17, i32 0, i32 0, void @empty_18, i32 64, i32 1024, void @empty_19, void @empty_4, void @empty_18, i32 16, i32 16, i32 16, i32 16, void @empty_18, void @empty_18, i32 4294967295, i32 0"   --->   Operation 10 'specinterface' 'specinterface_ln0' <Predicate = true> <Delay = 0.00>
ST_1 : Operation 11 [1/1] (0.00ns)   --->   "%specinterface_ln0 = specinterface void @_ssdm_op_SpecInterface, i8 %inByte0, void @empty_5, i32 0, i32 0, void @empty_18, i32 0, i32 0, void @empty_18, void @empty_18, void @empty_18, i32 0, i32 0, i32 0, i32 0, void @empty_18, void @empty_18, i32 4294967295, i32 0"   --->   Operation 11 'specinterface' 'specinterface_ln0' <Predicate = true> <Delay = 0.00>
ST_1 : Operation 12 [1/1] (0.00ns)   --->   "%specinterface_ln0 = specinterface void @_ssdm_op_SpecInterface, i8 %inByte1, void @empty_5, i32 0, i32 0, void @empty_18, i32 0, i32 0, void @empty_18, void @empty_18, void @empty_18, i32 0, i32 0, i32 0, i32 0, void @empty_18, void @empty_18, i32 4294967295, i32 0"   --->   Operation 12 'specinterface' 'specinterface_ln0' <Predicate = true> <Delay = 0.00>
ST_1 : Operation 13 [1/1] (0.00ns)   --->   "%specinterface_ln0 = specinterface void @_ssdm_op_SpecInterface, i8 %inByte2, void @empty_5, i32 0, i32 0, void @empty_18, i32 0, i32 0, void @empty_18, void @empty_18, void @empty_18, i32 0, i32 0, i32 0, i32 0, void @empty_18, void @empty_18, i32 4294967295, i32 0"   --->   Operation 13 'specinterface' 'specinterface_ln0' <Predicate = true> <Delay = 0.00>
ST_1 : Operation 14 [1/1] (0.00ns)   --->   "%specinterface_ln0 = specinterface void @_ssdm_op_SpecInterface, i8 %inByte3, void @empty_5, i32 0, i32 0, void @empty_18, i32 0, i32 0, void @empty_18, void @empty_18, void @empty_18, i32 0, i32 0, i32 0, i32 0, void @empty_18, void @empty_18, i32 4294967295, i32 0"   --->   Operation 14 'specinterface' 'specinterface_ln0' <Predicate = true> <Delay = 0.00>
ST_1 : Operation 15 [1/1] (0.00ns)   --->   "%specinterface_ln0 = specinterface void @_ssdm_op_SpecInterface, i8 %inByte4, void @empty_5, i32 0, i32 0, void @empty_18, i32 0, i32 0, void @empty_18, void @empty_18, void @empty_18, i32 0, i32 0, i32 0, i32 0, void @empty_18, void @empty_18, i32 4294967295, i32 0"   --->   Operation 15 'specinterface' 'specinterface_ln0' <Predicate = true> <Delay = 0.00>
ST_1 : Operation 16 [1/1] (0.00ns)   --->   "%specinterface_ln0 = specinterface void @_ssdm_op_SpecInterface, i8 %inByte5, void @empty_5, i32 0, i32 0, void @empty_18, i32 0, i32 0, void @empty_18, void @empty_18, void @empty_18, i32 0, i32 0, i32 0, i32 0, void @empty_18, void @empty_18, i32 4294967295, i32 0"   --->   Operation 16 'specinterface' 'specinterface_ln0' <Predicate = true> <Delay = 0.00>
ST_1 : Operation 17 [1/1] (0.00ns)   --->   "%specinterface_ln0 = specinterface void @_ssdm_op_SpecInterface, i8 %inByte6, void @empty_5, i32 0, i32 0, void @empty_18, i32 0, i32 0, void @empty_18, void @empty_18, void @empty_18, i32 0, i32 0, i32 0, i32 0, void @empty_18, void @empty_18, i32 4294967295, i32 0"   --->   Operation 17 'specinterface' 'specinterface_ln0' <Predicate = true> <Delay = 0.00>
ST_1 : Operation 18 [1/1] (0.00ns)   --->   "%specinterface_ln0 = specinterface void @_ssdm_op_SpecInterface, i8 %inByte7, void @empty_5, i32 0, i32 0, void @empty_18, i32 0, i32 0, void @empty_18, void @empty_18, void @empty_18, i32 0, i32 0, i32 0, i32 0, void @empty_18, void @empty_18, i32 4294967295, i32 0"   --->   Operation 18 'specinterface' 'specinterface_ln0' <Predicate = true> <Delay = 0.00>
ST_1 : Operation 19 [1/1] (0.00ns)   --->   "%specinterface_ln0 = specinterface void @_ssdm_op_SpecInterface, i8 %inByte8, void @empty_5, i32 0, i32 0, void @empty_18, i32 0, i32 0, void @empty_18, void @empty_18, void @empty_18, i32 0, i32 0, i32 0, i32 0, void @empty_18, void @empty_18, i32 4294967295, i32 0"   --->   Operation 19 'specinterface' 'specinterface_ln0' <Predicate = true> <Delay = 0.00>
ST_1 : Operation 20 [1/1] (0.00ns)   --->   "%specinterface_ln0 = specinterface void @_ssdm_op_SpecInterface, i8 %inByte9, void @empty_5, i32 0, i32 0, void @empty_18, i32 0, i32 0, void @empty_18, void @empty_18, void @empty_18, i32 0, i32 0, i32 0, i32 0, void @empty_18, void @empty_18, i32 4294967295, i32 0"   --->   Operation 20 'specinterface' 'specinterface_ln0' <Predicate = true> <Delay = 0.00>
ST_1 : Operation 21 [1/1] (0.00ns)   --->   "%specinterface_ln0 = specinterface void @_ssdm_op_SpecInterface, i8 %inByte10, void @empty_5, i32 0, i32 0, void @empty_18, i32 0, i32 0, void @empty_18, void @empty_18, void @empty_18, i32 0, i32 0, i32 0, i32 0, void @empty_18, void @empty_18, i32 4294967295, i32 0"   --->   Operation 21 'specinterface' 'specinterface_ln0' <Predicate = true> <Delay = 0.00>
ST_1 : Operation 22 [1/1] (0.00ns)   --->   "%specinterface_ln0 = specinterface void @_ssdm_op_SpecInterface, i8 %inByte11, void @empty_5, i32 0, i32 0, void @empty_18, i32 0, i32 0, void @empty_18, void @empty_18, void @empty_18, i32 0, i32 0, i32 0, i32 0, void @empty_18, void @empty_18, i32 4294967295, i32 0"   --->   Operation 22 'specinterface' 'specinterface_ln0' <Predicate = true> <Delay = 0.00>
ST_1 : Operation 23 [1/1] (0.00ns)   --->   "%specinterface_ln0 = specinterface void @_ssdm_op_SpecInterface, i8 %inByte12, void @empty_5, i32 0, i32 0, void @empty_18, i32 0, i32 0, void @empty_18, void @empty_18, void @empty_18, i32 0, i32 0, i32 0, i32 0, void @empty_18, void @empty_18, i32 4294967295, i32 0"   --->   Operation 23 'specinterface' 'specinterface_ln0' <Predicate = true> <Delay = 0.00>
ST_1 : Operation 24 [1/1] (0.00ns)   --->   "%specinterface_ln0 = specinterface void @_ssdm_op_SpecInterface, i8 %inByte13, void @empty_5, i32 0, i32 0, void @empty_18, i32 0, i32 0, void @empty_18, void @empty_18, void @empty_18, i32 0, i32 0, i32 0, i32 0, void @empty_18, void @empty_18, i32 4294967295, i32 0"   --->   Operation 24 'specinterface' 'specinterface_ln0' <Predicate = true> <Delay = 0.00>
ST_1 : Operation 25 [1/1] (0.00ns)   --->   "%specinterface_ln0 = specinterface void @_ssdm_op_SpecInterface, i8 %inByte14, void @empty_5, i32 0, i32 0, void @empty_18, i32 0, i32 0, void @empty_18, void @empty_18, void @empty_18, i32 0, i32 0, i32 0, i32 0, void @empty_18, void @empty_18, i32 4294967295, i32 0"   --->   Operation 25 'specinterface' 'specinterface_ln0' <Predicate = true> <Delay = 0.00>
ST_1 : Operation 26 [1/1] (0.00ns)   --->   "%specinterface_ln0 = specinterface void @_ssdm_op_SpecInterface, i8 %inByte15, void @empty_5, i32 0, i32 0, void @empty_18, i32 0, i32 0, void @empty_18, void @empty_18, void @empty_18, i32 0, i32 0, i32 0, i32 0, void @empty_18, void @empty_18, i32 4294967295, i32 0"   --->   Operation 26 'specinterface' 'specinterface_ln0' <Predicate = true> <Delay = 0.00>
ST_1 : Operation 27 [1/1] (0.38ns)   --->   "%store_ln0 = store i28 0, i28 %i"   --->   Operation 27 'store' 'store_ln0' <Predicate = true> <Delay = 0.38>
ST_1 : Operation 28 [1/1] (0.00ns)   --->   "%br_ln0 = br void %for.inc"   --->   Operation 28 'br' 'br_ln0' <Predicate = true> <Delay = 0.00>
ST_1 : Operation 29 [1/1] (0.00ns)   --->   "%i_load = load i28 %i" [/users/arashs/U280_CRC_Accelerator/src/kernel.cpp:287]   --->   Operation 29 'load' 'i_load' <Predicate = true> <Delay = 0.00>
ST_1 : Operation 30 [1/1] (0.00ns)   --->   "%zext_ln287 = zext i28 %i_load" [/users/arashs/U280_CRC_Accelerator/src/kernel.cpp:287]   --->   Operation 30 'zext' 'zext_ln287' <Predicate = true> <Delay = 0.00>
ST_1 : Operation 31 [1/1] (0.86ns)   --->   "%icmp_ln287 = icmp_slt  i29 %zext_ln287, i29 %loop_count_read" [/users/arashs/U280_CRC_Accelerator/src/kernel.cpp:287]   --->   Operation 31 'icmp' 'icmp_ln287' <Predicate = true> <Delay = 0.86> <CoreInst = "Cmp">   --->   Core 9 'Cmp' <Latency = 0> <II = 1> <Delay = 0.86> <FuncUnit> <Opcode : 'icmp'> <InPorts = 2> <OutPorts = 1>
ST_1 : Operation 32 [1/1] (0.85ns)   --->   "%add_ln287 = add i28 %i_load, i28 1" [/users/arashs/U280_CRC_Accelerator/src/kernel.cpp:287]   --->   Operation 32 'add' 'add_ln287' <Predicate = true> <Delay = 0.85> <CoreInst = "Adder">   --->   Core 1 'Adder' <Latency = 0> <II = 1> <Delay = 0.85> <FuncUnit> <Opcode : 'add' 'sub'> <InPorts = 2> <OutPorts = 1>
ST_1 : Operation 33 [1/1] (0.00ns)   --->   "%br_ln287 = br i1 %icmp_ln287, void %for.end.loopexit.exitStub, void %for.inc.split" [/users/arashs/U280_CRC_Accelerator/src/kernel.cpp:287]   --->   Operation 33 'br' 'br_ln287' <Predicate = true> <Delay = 0.00>
ST_1 : Operation 34 [1/1] (0.38ns)   --->   "%store_ln287 = store i28 %add_ln287, i28 %i" [/users/arashs/U280_CRC_Accelerator/src/kernel.cpp:287]   --->   Operation 34 'store' 'store_ln287' <Predicate = (icmp_ln287)> <Delay = 0.38>

State 2 <SV = 1> <Delay = 2.43>
ST_2 : Operation 35 [1/1] (0.00ns)   --->   "%gmem0_addr = getelementptr i128 %gmem0, i64 %sext_ln287_cast" [/users/arashs/U280_CRC_Accelerator/src/kernel.cpp:287]   --->   Operation 35 'getelementptr' 'gmem0_addr' <Predicate = true> <Delay = 0.00>
ST_2 : Operation 36 [1/1] (2.43ns)   --->   "%data = read i128 @_ssdm_op_Read.m_axi.p1i128, i128 %gmem0_addr" [/users/arashs/U280_CRC_Accelerator/src/kernel.cpp:290]   --->   Operation 36 'read' 'data' <Predicate = (icmp_ln287)> <Delay = 2.43> <CoreInst = "m_axi">   --->   Core 121 'm_axi' <Latency = 0> <II = 1> <Delay = 1.00> <Adapter> <Opcode : 'read' 'write' 'readreq' 'writereq' 'writeresp'>
ST_2 : Operation 37 [1/1] (0.00ns)   --->   "%trunc_ln291 = trunc i128 %data" [/users/arashs/U280_CRC_Accelerator/src/kernel.cpp:291]   --->   Operation 37 'trunc' 'trunc_ln291' <Predicate = (icmp_ln287)> <Delay = 0.00>
ST_2 : Operation 38 [1/1] (0.00ns)   --->   "%p_s = partselect i8 @_ssdm_op_PartSelect.i8.i128.i32.i32, i128 %data, i32 8, i32 15" [/users/arashs/U280_CRC_Accelerator/src/kernel.cpp:292]   --->   Operation 38 'partselect' 'p_s' <Predicate = (icmp_ln287)> <Delay = 0.00>
ST_2 : Operation 39 [1/1] (0.00ns)   --->   "%p_1 = partselect i8 @_ssdm_op_PartSelect.i8.i128.i32.i32, i128 %data, i32 16, i32 23" [/users/arashs/U280_CRC_Accelerator/src/kernel.cpp:293]   --->   Operation 39 'partselect' 'p_1' <Predicate = (icmp_ln287)> <Delay = 0.00>
ST_2 : Operation 40 [1/1] (0.00ns)   --->   "%p_2 = partselect i8 @_ssdm_op_PartSelect.i8.i128.i32.i32, i128 %data, i32 24, i32 31" [/users/arashs/U280_CRC_Accelerator/src/kernel.cpp:294]   --->   Operation 40 'partselect' 'p_2' <Predicate = (icmp_ln287)> <Delay = 0.00>
ST_2 : Operation 41 [1/1] (0.00ns)   --->   "%p_3 = partselect i8 @_ssdm_op_PartSelect.i8.i128.i32.i32, i128 %data, i32 32, i32 39" [/users/arashs/U280_CRC_Accelerator/src/kernel.cpp:295]   --->   Operation 41 'partselect' 'p_3' <Predicate = (icmp_ln287)> <Delay = 0.00>
ST_2 : Operation 42 [1/1] (0.00ns)   --->   "%p_4 = partselect i8 @_ssdm_op_PartSelect.i8.i128.i32.i32, i128 %data, i32 40, i32 47" [/users/arashs/U280_CRC_Accelerator/src/kernel.cpp:296]   --->   Operation 42 'partselect' 'p_4' <Predicate = (icmp_ln287)> <Delay = 0.00>
ST_2 : Operation 43 [1/1] (0.00ns)   --->   "%p_5 = partselect i8 @_ssdm_op_PartSelect.i8.i128.i32.i32, i128 %data, i32 48, i32 55" [/users/arashs/U280_CRC_Accelerator/src/kernel.cpp:297]   --->   Operation 43 'partselect' 'p_5' <Predicate = (icmp_ln287)> <Delay = 0.00>
ST_2 : Operation 44 [1/1] (0.00ns)   --->   "%p_6 = partselect i8 @_ssdm_op_PartSelect.i8.i128.i32.i32, i128 %data, i32 56, i32 63" [/users/arashs/U280_CRC_Accelerator/src/kernel.cpp:298]   --->   Operation 44 'partselect' 'p_6' <Predicate = (icmp_ln287)> <Delay = 0.00>
ST_2 : Operation 45 [1/1] (0.00ns)   --->   "%p_7 = partselect i8 @_ssdm_op_PartSelect.i8.i128.i32.i32, i128 %data, i32 64, i32 71" [/users/arashs/U280_CRC_Accelerator/src/kernel.cpp:299]   --->   Operation 45 'partselect' 'p_7' <Predicate = (icmp_ln287)> <Delay = 0.00>
ST_2 : Operation 46 [1/1] (0.00ns)   --->   "%p_8 = partselect i8 @_ssdm_op_PartSelect.i8.i128.i32.i32, i128 %data, i32 72, i32 79" [/users/arashs/U280_CRC_Accelerator/src/kernel.cpp:300]   --->   Operation 46 'partselect' 'p_8' <Predicate = (icmp_ln287)> <Delay = 0.00>
ST_2 : Operation 47 [1/1] (0.00ns)   --->   "%p_9 = partselect i8 @_ssdm_op_PartSelect.i8.i128.i32.i32, i128 %data, i32 80, i32 87" [/users/arashs/U280_CRC_Accelerator/src/kernel.cpp:301]   --->   Operation 47 'partselect' 'p_9' <Predicate = (icmp_ln287)> <Delay = 0.00>
ST_2 : Operation 48 [1/1] (0.00ns)   --->   "%p_10 = partselect i8 @_ssdm_op_PartSelect.i8.i128.i32.i32, i128 %data, i32 88, i32 95" [/users/arashs/U280_CRC_Accelerator/src/kernel.cpp:302]   --->   Operation 48 'partselect' 'p_10' <Predicate = (icmp_ln287)> <Delay = 0.00>
ST_2 : Operation 49 [1/1] (0.00ns)   --->   "%p_11 = partselect i8 @_ssdm_op_PartSelect.i8.i128.i32.i32, i128 %data, i32 96, i32 103" [/users/arashs/U280_CRC_Accelerator/src/kernel.cpp:303]   --->   Operation 49 'partselect' 'p_11' <Predicate = (icmp_ln287)> <Delay = 0.00>
ST_2 : Operation 50 [1/1] (0.00ns)   --->   "%p_12 = partselect i8 @_ssdm_op_PartSelect.i8.i128.i32.i32, i128 %data, i32 104, i32 111" [/users/arashs/U280_CRC_Accelerator/src/kernel.cpp:304]   --->   Operation 50 'partselect' 'p_12' <Predicate = (icmp_ln287)> <Delay = 0.00>
ST_2 : Operation 51 [1/1] (0.00ns)   --->   "%p_13 = partselect i8 @_ssdm_op_PartSelect.i8.i128.i32.i32, i128 %data, i32 112, i32 119" [/users/arashs/U280_CRC_Accelerator/src/kernel.cpp:305]   --->   Operation 51 'partselect' 'p_13' <Predicate = (icmp_ln287)> <Delay = 0.00>
ST_2 : Operation 52 [1/1] (0.00ns)   --->   "%p_14 = partselect i8 @_ssdm_op_PartSelect.i8.i128.i32.i32, i128 %data, i32 120, i32 127" [/users/arashs/U280_CRC_Accelerator/src/kernel.cpp:306]   --->   Operation 52 'partselect' 'p_14' <Predicate = (icmp_ln287)> <Delay = 0.00>
ST_2 : Operation 73 [1/1] (0.00ns)   --->   "%ret_ln0 = ret"   --->   Operation 73 'ret' 'ret_ln0' <Predicate = (!icmp_ln287)> <Delay = 0.00>

State 3 <SV = 2> <Delay = 1.21>
ST_3 : Operation 53 [1/1] (0.00ns)   --->   "%specpipeline_ln289 = specpipeline void @_ssdm_op_SpecPipeline, i32 1, i32 0, i32 0, i32 0, void @empty_18" [/users/arashs/U280_CRC_Accelerator/src/kernel.cpp:289]   --->   Operation 53 'specpipeline' 'specpipeline_ln289' <Predicate = true> <Delay = 0.00>
ST_3 : Operation 54 [1/1] (0.00ns)   --->   "%speclooptripcount_ln287 = speclooptripcount void @_ssdm_op_SpecLoopTripCount, i64 0, i64 134217727, i64 67108863" [/users/arashs/U280_CRC_Accelerator/src/kernel.cpp:287]   --->   Operation 54 'speclooptripcount' 'speclooptripcount_ln287' <Predicate = true> <Delay = 0.00>
ST_3 : Operation 55 [1/1] (0.00ns)   --->   "%specloopname_ln287 = specloopname void @_ssdm_op_SpecLoopName, void @empty_10" [/users/arashs/U280_CRC_Accelerator/src/kernel.cpp:287]   --->   Operation 55 'specloopname' 'specloopname_ln287' <Predicate = true> <Delay = 0.00>
ST_3 : Operation 56 [1/1] (1.21ns)   --->   "%write_ln291 = write void @_ssdm_op_Write.ap_fifo.volatile.i8P0A, i8 %inByte0, i8 %trunc_ln291" [/users/arashs/U280_CRC_Accelerator/src/kernel.cpp:291]   --->   Operation 56 'write' 'write_ln291' <Predicate = true> <Delay = 1.21> <CoreInst = "FIFO_SRL">   --->   Core 81 'FIFO_SRL' <Latency = 0> <II = 1> <Delay = 1.35> <Storage> <Opcode : 'read' 'write' 'nbread' 'nbwrite'> <Ports = 0> <Width = 8> <Depth = 64> <FIFO>
ST_3 : Operation 57 [1/1] (1.21ns)   --->   "%write_ln292 = write void @_ssdm_op_Write.ap_fifo.volatile.i8P0A, i8 %inByte1, i8 %p_s" [/users/arashs/U280_CRC_Accelerator/src/kernel.cpp:292]   --->   Operation 57 'write' 'write_ln292' <Predicate = true> <Delay = 1.21> <CoreInst = "FIFO_SRL">   --->   Core 81 'FIFO_SRL' <Latency = 0> <II = 1> <Delay = 1.35> <Storage> <Opcode : 'read' 'write' 'nbread' 'nbwrite'> <Ports = 0> <Width = 8> <Depth = 64> <FIFO>
ST_3 : Operation 58 [1/1] (1.21ns)   --->   "%write_ln293 = write void @_ssdm_op_Write.ap_fifo.volatile.i8P0A, i8 %inByte2, i8 %p_1" [/users/arashs/U280_CRC_Accelerator/src/kernel.cpp:293]   --->   Operation 58 'write' 'write_ln293' <Predicate = true> <Delay = 1.21> <CoreInst = "FIFO_SRL">   --->   Core 81 'FIFO_SRL' <Latency = 0> <II = 1> <Delay = 1.35> <Storage> <Opcode : 'read' 'write' 'nbread' 'nbwrite'> <Ports = 0> <Width = 8> <Depth = 64> <FIFO>
ST_3 : Operation 59 [1/1] (1.21ns)   --->   "%write_ln294 = write void @_ssdm_op_Write.ap_fifo.volatile.i8P0A, i8 %inByte3, i8 %p_2" [/users/arashs/U280_CRC_Accelerator/src/kernel.cpp:294]   --->   Operation 59 'write' 'write_ln294' <Predicate = true> <Delay = 1.21> <CoreInst = "FIFO_SRL">   --->   Core 81 'FIFO_SRL' <Latency = 0> <II = 1> <Delay = 1.35> <Storage> <Opcode : 'read' 'write' 'nbread' 'nbwrite'> <Ports = 0> <Width = 8> <Depth = 64> <FIFO>
ST_3 : Operation 60 [1/1] (1.21ns)   --->   "%write_ln295 = write void @_ssdm_op_Write.ap_fifo.volatile.i8P0A, i8 %inByte4, i8 %p_3" [/users/arashs/U280_CRC_Accelerator/src/kernel.cpp:295]   --->   Operation 60 'write' 'write_ln295' <Predicate = true> <Delay = 1.21> <CoreInst = "FIFO_SRL">   --->   Core 81 'FIFO_SRL' <Latency = 0> <II = 1> <Delay = 1.35> <Storage> <Opcode : 'read' 'write' 'nbread' 'nbwrite'> <Ports = 0> <Width = 8> <Depth = 64> <FIFO>
ST_3 : Operation 61 [1/1] (1.21ns)   --->   "%write_ln296 = write void @_ssdm_op_Write.ap_fifo.volatile.i8P0A, i8 %inByte5, i8 %p_4" [/users/arashs/U280_CRC_Accelerator/src/kernel.cpp:296]   --->   Operation 61 'write' 'write_ln296' <Predicate = true> <Delay = 1.21> <CoreInst = "FIFO_SRL">   --->   Core 81 'FIFO_SRL' <Latency = 0> <II = 1> <Delay = 1.35> <Storage> <Opcode : 'read' 'write' 'nbread' 'nbwrite'> <Ports = 0> <Width = 8> <Depth = 64> <FIFO>
ST_3 : Operation 62 [1/1] (1.21ns)   --->   "%write_ln297 = write void @_ssdm_op_Write.ap_fifo.volatile.i8P0A, i8 %inByte6, i8 %p_5" [/users/arashs/U280_CRC_Accelerator/src/kernel.cpp:297]   --->   Operation 62 'write' 'write_ln297' <Predicate = true> <Delay = 1.21> <CoreInst = "FIFO_SRL">   --->   Core 81 'FIFO_SRL' <Latency = 0> <II = 1> <Delay = 1.35> <Storage> <Opcode : 'read' 'write' 'nbread' 'nbwrite'> <Ports = 0> <Width = 8> <Depth = 64> <FIFO>
ST_3 : Operation 63 [1/1] (1.21ns)   --->   "%write_ln298 = write void @_ssdm_op_Write.ap_fifo.volatile.i8P0A, i8 %inByte7, i8 %p_6" [/users/arashs/U280_CRC_Accelerator/src/kernel.cpp:298]   --->   Operation 63 'write' 'write_ln298' <Predicate = true> <Delay = 1.21> <CoreInst = "FIFO_SRL">   --->   Core 81 'FIFO_SRL' <Latency = 0> <II = 1> <Delay = 1.35> <Storage> <Opcode : 'read' 'write' 'nbread' 'nbwrite'> <Ports = 0> <Width = 8> <Depth = 64> <FIFO>
ST_3 : Operation 64 [1/1] (1.21ns)   --->   "%write_ln299 = write void @_ssdm_op_Write.ap_fifo.volatile.i8P0A, i8 %inByte8, i8 %p_7" [/users/arashs/U280_CRC_Accelerator/src/kernel.cpp:299]   --->   Operation 64 'write' 'write_ln299' <Predicate = true> <Delay = 1.21> <CoreInst = "FIFO_SRL">   --->   Core 81 'FIFO_SRL' <Latency = 0> <II = 1> <Delay = 1.35> <Storage> <Opcode : 'read' 'write' 'nbread' 'nbwrite'> <Ports = 0> <Width = 8> <Depth = 64> <FIFO>
ST_3 : Operation 65 [1/1] (1.21ns)   --->   "%write_ln300 = write void @_ssdm_op_Write.ap_fifo.volatile.i8P0A, i8 %inByte9, i8 %p_8" [/users/arashs/U280_CRC_Accelerator/src/kernel.cpp:300]   --->   Operation 65 'write' 'write_ln300' <Predicate = true> <Delay = 1.21> <CoreInst = "FIFO_SRL">   --->   Core 81 'FIFO_SRL' <Latency = 0> <II = 1> <Delay = 1.35> <Storage> <Opcode : 'read' 'write' 'nbread' 'nbwrite'> <Ports = 0> <Width = 8> <Depth = 64> <FIFO>
ST_3 : Operation 66 [1/1] (1.21ns)   --->   "%write_ln301 = write void @_ssdm_op_Write.ap_fifo.volatile.i8P0A, i8 %inByte10, i8 %p_9" [/users/arashs/U280_CRC_Accelerator/src/kernel.cpp:301]   --->   Operation 66 'write' 'write_ln301' <Predicate = true> <Delay = 1.21> <CoreInst = "FIFO_SRL">   --->   Core 81 'FIFO_SRL' <Latency = 0> <II = 1> <Delay = 1.35> <Storage> <Opcode : 'read' 'write' 'nbread' 'nbwrite'> <Ports = 0> <Width = 8> <Depth = 64> <FIFO>
ST_3 : Operation 67 [1/1] (1.21ns)   --->   "%write_ln302 = write void @_ssdm_op_Write.ap_fifo.volatile.i8P0A, i8 %inByte11, i8 %p_10" [/users/arashs/U280_CRC_Accelerator/src/kernel.cpp:302]   --->   Operation 67 'write' 'write_ln302' <Predicate = true> <Delay = 1.21> <CoreInst = "FIFO_SRL">   --->   Core 81 'FIFO_SRL' <Latency = 0> <II = 1> <Delay = 1.35> <Storage> <Opcode : 'read' 'write' 'nbread' 'nbwrite'> <Ports = 0> <Width = 8> <Depth = 64> <FIFO>
ST_3 : Operation 68 [1/1] (1.21ns)   --->   "%write_ln303 = write void @_ssdm_op_Write.ap_fifo.volatile.i8P0A, i8 %inByte12, i8 %p_11" [/users/arashs/U280_CRC_Accelerator/src/kernel.cpp:303]   --->   Operation 68 'write' 'write_ln303' <Predicate = true> <Delay = 1.21> <CoreInst = "FIFO_SRL">   --->   Core 81 'FIFO_SRL' <Latency = 0> <II = 1> <Delay = 1.35> <Storage> <Opcode : 'read' 'write' 'nbread' 'nbwrite'> <Ports = 0> <Width = 8> <Depth = 64> <FIFO>
ST_3 : Operation 69 [1/1] (1.21ns)   --->   "%write_ln304 = write void @_ssdm_op_Write.ap_fifo.volatile.i8P0A, i8 %inByte13, i8 %p_12" [/users/arashs/U280_CRC_Accelerator/src/kernel.cpp:304]   --->   Operation 69 'write' 'write_ln304' <Predicate = true> <Delay = 1.21> <CoreInst = "FIFO_SRL">   --->   Core 81 'FIFO_SRL' <Latency = 0> <II = 1> <Delay = 1.35> <Storage> <Opcode : 'read' 'write' 'nbread' 'nbwrite'> <Ports = 0> <Width = 8> <Depth = 64> <FIFO>
ST_3 : Operation 70 [1/1] (1.21ns)   --->   "%write_ln305 = write void @_ssdm_op_Write.ap_fifo.volatile.i8P0A, i8 %inByte14, i8 %p_13" [/users/arashs/U280_CRC_Accelerator/src/kernel.cpp:305]   --->   Operation 70 'write' 'write_ln305' <Predicate = true> <Delay = 1.21> <CoreInst = "FIFO_SRL">   --->   Core 81 'FIFO_SRL' <Latency = 0> <II = 1> <Delay = 1.35> <Storage> <Opcode : 'read' 'write' 'nbread' 'nbwrite'> <Ports = 0> <Width = 8> <Depth = 64> <FIFO>
ST_3 : Operation 71 [1/1] (1.21ns)   --->   "%write_ln306 = write void @_ssdm_op_Write.ap_fifo.volatile.i8P0A, i8 %inByte15, i8 %p_14" [/users/arashs/U280_CRC_Accelerator/src/kernel.cpp:306]   --->   Operation 71 'write' 'write_ln306' <Predicate = true> <Delay = 1.21> <CoreInst = "FIFO_SRL">   --->   Core 81 'FIFO_SRL' <Latency = 0> <II = 1> <Delay = 1.35> <Storage> <Opcode : 'read' 'write' 'nbread' 'nbwrite'> <Ports = 0> <Width = 8> <Depth = 64> <FIFO>
ST_3 : Operation 72 [1/1] (0.00ns)   --->   "%br_ln287 = br void %for.inc" [/users/arashs/U280_CRC_Accelerator/src/kernel.cpp:287]   --->   Operation 72 'br' 'br_ln287' <Predicate = true> <Delay = 0.00>


============================================================
+ Verbose Summary: Timing violations
============================================================
Target clock period: 3.333ns, clock uncertainty: 0.900ns.

 <State 1>: 1.249ns
The critical path consists of the following:
	'alloca' operation ('i') [20]  (0.000 ns)
	'load' operation ('i_load', /users/arashs/U280_CRC_Accelerator/src/kernel.cpp:287) on local variable 'i' [44]  (0.000 ns)
	'add' operation ('add_ln287', /users/arashs/U280_CRC_Accelerator/src/kernel.cpp:287) [48]  (0.856 ns)
	'store' operation ('store_ln287', /users/arashs/U280_CRC_Accelerator/src/kernel.cpp:287) of variable 'add_ln287', /users/arashs/U280_CRC_Accelerator/src/kernel.cpp:287 on local variable 'i' [87]  (0.387 ns)
	blocking operation 0.0059375 ns on control path)

 <State 2>: 2.433ns
The critical path consists of the following:
	'getelementptr' operation ('gmem0_addr', /users/arashs/U280_CRC_Accelerator/src/kernel.cpp:287) [46]  (0.000 ns)
	bus read operation ('data', /users/arashs/U280_CRC_Accelerator/src/kernel.cpp:290) on port 'gmem0' (/users/arashs/U280_CRC_Accelerator/src/kernel.cpp:290) [54]  (2.433 ns)

 <State 3>: 1.217ns
The critical path consists of the following:
	fifo write operation ('write_ln291', /users/arashs/U280_CRC_Accelerator/src/kernel.cpp:291) on port 'inByte0' (/users/arashs/U280_CRC_Accelerator/src/kernel.cpp:291) [56]  (1.217 ns)


============================================================
+ Verbose Summary: Binding
============================================================
N/A
* FSMD analyzer results:
  - Output states:
 - Input state : 
  - Chain level:
	State 1
	State 2
	State 3


============================================================
+ Verbose Summary: Datapath Resource usage 
============================================================
N/A
