

================================================================
== Vitis HLS Report for 'read_input'
================================================================
* Date:           Mon Feb 16 01:30:40 2026

* Version:        2023.1 (Build 3854077 on May  4 2023)
* Project:        calculate_crc
* Solution:       solution (Vitis Kernel Flow Target)
* Product family: virtexuplusHBM
* Target device:  xcu280-fsvh2892-2L-e


================================================================
== Performance Estimates
================================================================
+ Timing: 
    * Summary: 
    +--------+---------+----------+------------+
    |  Clock |  Target | Estimated| Uncertainty|
    +--------+---------+----------+------------+
    |ap_clk  |  3.33 ns|  2.433 ns|     0.90 ns|
    +--------+---------+----------+------------+

+ Latency: 
    * Summary: 
    +---------+-----------+----------+-----------+-----+-----------+---------+
    |   Latency (cycles)  |  Latency (absolute)  |     Interval    | Pipeline|
    |   min   |    max    |    min   |    max    | min |    max    |   Type  |
    +---------+-----------+----------+-----------+-----+-----------+---------+
    |       79|  134217806|  0.263 us|  0.447 sec|   79|  134217806|       no|
    +---------+-----------+----------+-----------+-----+-----------+---------+

    + Detail: 
        * Instance: 
        N/A

        * Loop: 
        N/A

============================================================
+ Verbose Summary: Synthesis Manager
============================================================
InlineROM: 1
ExposeGlobal: 0
============================================================
+ Verbose Summary: CDFG Model
============================================================
IsTopModel: 0
ResetActiveHigh: 1
IsCombinational: 2
IsDatapathOnly: 0
HasWiredReturn: 1
HasMFsm: 0
HasVarLatency: 1
IsPipeline: 0
IsRtlPipelined: 0
IsInstanceOverlapped: 0
IsDontTouch: 0
HasImplIP: 0
IsGatedGlobalClock: 0


============================================================
+ Verbose Summary: Schedule
============================================================
* Number of FSM states : 77
* Pipeline : 0
* Dataflow Pipeline: 0

* FSM state transitions: 
1 --> 2 
2 --> 3 
3 --> 4 
4 --> 5 
5 --> 6 
6 --> 7 
7 --> 8 
8 --> 9 
9 --> 10 
10 --> 11 
11 --> 12 
12 --> 13 
13 --> 14 
14 --> 15 
15 --> 16 
16 --> 17 
17 --> 18 
18 --> 19 
19 --> 20 
20 --> 21 
21 --> 22 
22 --> 23 
23 --> 24 
24 --> 25 
25 --> 26 
26 --> 27 
27 --> 28 
28 --> 29 
29 --> 30 
30 --> 31 
31 --> 32 
32 --> 33 
33 --> 34 
34 --> 35 
35 --> 36 
36 --> 37 
37 --> 38 
38 --> 39 
39 --> 40 
40 --> 41 
41 --> 42 
42 --> 43 
43 --> 44 
44 --> 45 
45 --> 46 
46 --> 47 
47 --> 48 
48 --> 49 
49 --> 50 
50 --> 51 
51 --> 52 
52 --> 53 
53 --> 54 
54 --> 55 
55 --> 56 
56 --> 57 
57 --> 58 
58 --> 59 
59 --> 60 
60 --> 61 
61 --> 62 
62 --> 63 
63 --> 64 
64 --> 65 
65 --> 66 
66 --> 67 
67 --> 68 
68 --> 69 
69 --> 70 
70 --> 71 
71 --> 72 
72 --> 73 
73 --> 74 
74 --> 75 
75 --> 76 
76 --> 77 
77 --> 

* FSM state operations: 

State 1 <SV = 0> <Delay = 2.29>
ST_1 : Operation 78 [1/1] (0.00ns)   --->   "%chunkSize_read = read i32 @_ssdm_op_Read.ap_auto.i32, i32 %chunkSize"   --->   Operation 78 'read' 'chunkSize_read' <Predicate = true> <Delay = 0.00>
ST_1 : Operation 79 [1/1] (0.00ns)   --->   "%numChunks_read = read i32 @_ssdm_op_Read.ap_auto.i32, i32 %numChunks"   --->   Operation 79 'read' 'numChunks_read' <Predicate = true> <Delay = 0.00>
ST_1 : Operation 80 [1/1] (1.21ns)   --->   "%write_ln0 = write void @_ssdm_op_Write.ap_fifo.i32P0A, i32 %chunkSize_c, i32 %chunkSize_read"   --->   Operation 80 'write' 'write_ln0' <Predicate = true> <Delay = 1.21> <CoreInst = "FIFO_SRL">   --->   Core 81 'FIFO_SRL' <Latency = 0> <II = 1> <Delay = 1.39> <Storage> <Opcode : 'read' 'write' 'nbread' 'nbwrite'> <Ports = 0> <Width = 32> <Depth = 2> <FIFO>
ST_1 : Operation 81 [1/1] (1.21ns)   --->   "%write_ln0 = write void @_ssdm_op_Write.ap_fifo.i32P0A, i32 %numChunks_c12, i32 %numChunks_read"   --->   Operation 81 'write' 'write_ln0' <Predicate = true> <Delay = 1.21> <CoreInst = "FIFO_SRL">   --->   Core 81 'FIFO_SRL' <Latency = 0> <II = 1> <Delay = 1.39> <Storage> <Opcode : 'read' 'write' 'nbread' 'nbwrite'> <Ports = 0> <Width = 32> <Depth = 2> <FIFO>
ST_1 : Operation 82 [2/2] (2.29ns)   --->   "%total_bytes = mul i32 %chunkSize_read, i32 %numChunks_read" [/users/arashs/U280_CRC_Accelerator/src/kernel.cpp:282]   --->   Operation 82 'mul' 'total_bytes' <Predicate = true> <Delay = 2.29> <CoreInst = "Multiplier">   --->   Core 3 'Multiplier' <Latency = 1> <II = 1> <Delay = 2.29> <FuncUnit> <Opcode : 'mul'> <InPorts = 2> <OutPorts = 1>

State 2 <SV = 1> <Delay = 2.29>
ST_2 : Operation 83 [1/2] (2.29ns)   --->   "%total_bytes = mul i32 %chunkSize_read, i32 %numChunks_read" [/users/arashs/U280_CRC_Accelerator/src/kernel.cpp:282]   --->   Operation 83 'mul' 'total_bytes' <Predicate = true> <Delay = 2.29> <CoreInst = "Multiplier">   --->   Core 3 'Multiplier' <Latency = 1> <II = 1> <Delay = 2.29> <FuncUnit> <Opcode : 'mul'> <InPorts = 2> <OutPorts = 1>
ST_2 : Operation 84 [1/1] (0.00ns)   --->   "%tmp = bitselect i1 @_ssdm_op_BitSelect.i1.i32.i32, i32 %total_bytes, i32 31" [/users/arashs/U280_CRC_Accelerator/src/kernel.cpp:283]   --->   Operation 84 'bitselect' 'tmp' <Predicate = true> <Delay = 0.00>
ST_2 : Operation 85 [1/1] (0.00ns)   --->   "%trunc_ln283_2 = partselect i28 @_ssdm_op_PartSelect.i28.i32.i32.i32, i32 %total_bytes, i32 4, i32 31" [/users/arashs/U280_CRC_Accelerator/src/kernel.cpp:283]   --->   Operation 85 'partselect' 'trunc_ln283_2' <Predicate = true> <Delay = 0.00>

State 3 <SV = 2> <Delay = 0.88>
ST_3 : Operation 86 [1/1] (0.88ns)   --->   "%sub_ln283 = sub i32 0, i32 %total_bytes" [/users/arashs/U280_CRC_Accelerator/src/kernel.cpp:283]   --->   Operation 86 'sub' 'sub_ln283' <Predicate = (tmp)> <Delay = 0.88> <CoreInst = "Adder">   --->   Core 1 'Adder' <Latency = 0> <II = 1> <Delay = 0.88> <FuncUnit> <Opcode : 'add' 'sub'> <InPorts = 2> <OutPorts = 1>
ST_3 : Operation 87 [1/1] (0.00ns)   --->   "%trunc_ln283_1 = partselect i28 @_ssdm_op_PartSelect.i28.i32.i32.i32, i32 %sub_ln283, i32 4, i32 31" [/users/arashs/U280_CRC_Accelerator/src/kernel.cpp:283]   --->   Operation 87 'partselect' 'trunc_ln283_1' <Predicate = (tmp)> <Delay = 0.00>

State 4 <SV = 3> <Delay = 2.34>
ST_4 : Operation 88 [1/1] (0.00ns)   --->   "%zext_ln283 = zext i28 %trunc_ln283_1" [/users/arashs/U280_CRC_Accelerator/src/kernel.cpp:283]   --->   Operation 88 'zext' 'zext_ln283' <Predicate = (tmp)> <Delay = 0.00>
ST_4 : Operation 89 [1/1] (0.85ns)   --->   "%sub_ln283_1 = sub i29 0, i29 %zext_ln283" [/users/arashs/U280_CRC_Accelerator/src/kernel.cpp:283]   --->   Operation 89 'sub' 'sub_ln283_1' <Predicate = (tmp)> <Delay = 0.85> <CoreInst = "Adder">   --->   Core 1 'Adder' <Latency = 0> <II = 1> <Delay = 0.85> <FuncUnit> <Opcode : 'add' 'sub'> <InPorts = 2> <OutPorts = 1>
ST_4 : Operation 90 [1/1] (0.00ns)   --->   "%zext_ln283_1 = zext i28 %trunc_ln283_2" [/users/arashs/U280_CRC_Accelerator/src/kernel.cpp:283]   --->   Operation 90 'zext' 'zext_ln283_1' <Predicate = (!tmp)> <Delay = 0.00>
ST_4 : Operation 91 [1/1] (0.29ns)   --->   "%loop_count = select i1 %tmp, i29 %sub_ln283_1, i29 %zext_ln283_1" [/users/arashs/U280_CRC_Accelerator/src/kernel.cpp:283]   --->   Operation 91 'select' 'loop_count' <Predicate = true> <Delay = 0.29> <CoreInst = "Sel">   --->   Core 73 'Sel' <Latency = 0> <II = 1> <Delay = 0.29> <FuncUnit> <Opcode : 'select'> <InPorts = 3> <OutPorts = 1>
ST_4 : Operation 92 [1/1] (0.00ns)   --->   "%trunc_ln283 = trunc i29 %loop_count" [/users/arashs/U280_CRC_Accelerator/src/kernel.cpp:283]   --->   Operation 92 'trunc' 'trunc_ln283' <Predicate = true> <Delay = 0.00>
ST_4 : Operation 93 [1/1] (0.86ns)   --->   "%icmp_ln287 = icmp_sgt  i29 %loop_count, i29 0" [/users/arashs/U280_CRC_Accelerator/src/kernel.cpp:287]   --->   Operation 93 'icmp' 'icmp_ln287' <Predicate = true> <Delay = 0.86> <CoreInst = "Cmp">   --->   Core 9 'Cmp' <Latency = 0> <II = 1> <Delay = 0.86> <FuncUnit> <Opcode : 'icmp'> <InPorts = 2> <OutPorts = 1>
ST_4 : Operation 94 [1/1] (0.32ns)   --->   "%empty = select i1 %icmp_ln287, i28 %trunc_ln283, i28 0" [/users/arashs/U280_CRC_Accelerator/src/kernel.cpp:287]   --->   Operation 94 'select' 'empty' <Predicate = true> <Delay = 0.32> <CoreInst = "Sel">   --->   Core 73 'Sel' <Latency = 0> <II = 1> <Delay = 0.32> <FuncUnit> <Opcode : 'select'> <InPorts = 3> <OutPorts = 1>

State 5 <SV = 4> <Delay = 2.43>
ST_5 : Operation 95 [1/1] (0.00ns)   --->   "%in_read = read i64 @_ssdm_op_Read.ap_auto.i64, i64 %in_r"   --->   Operation 95 'read' 'in_read' <Predicate = true> <Delay = 0.00>
ST_5 : Operation 96 [1/1] (0.00ns)   --->   "%trunc_ln1 = partselect i60 @_ssdm_op_PartSelect.i60.i64.i32.i32, i64 %in_read, i32 4, i32 63" [/users/arashs/U280_CRC_Accelerator/src/kernel.cpp:287]   --->   Operation 96 'partselect' 'trunc_ln1' <Predicate = true> <Delay = 0.00>
ST_5 : Operation 97 [1/1] (0.00ns)   --->   "%sext_ln287 = sext i60 %trunc_ln1" [/users/arashs/U280_CRC_Accelerator/src/kernel.cpp:287]   --->   Operation 97 'sext' 'sext_ln287' <Predicate = true> <Delay = 0.00>
ST_5 : Operation 98 [1/1] (0.00ns)   --->   "%gmem0_addr = getelementptr i128 %gmem0, i64 %sext_ln287" [/users/arashs/U280_CRC_Accelerator/src/kernel.cpp:287]   --->   Operation 98 'getelementptr' 'gmem0_addr' <Predicate = true> <Delay = 0.00>
ST_5 : Operation 99 [1/1] (0.00ns)   --->   "%zext_ln287 = zext i28 %empty" [/users/arashs/U280_CRC_Accelerator/src/kernel.cpp:287]   --->   Operation 99 'zext' 'zext_ln287' <Predicate = true> <Delay = 0.00>
ST_5 : Operation 100 [71/71] (2.43ns)   --->   "%empty_40 = readreq i1 @_ssdm_op_ReadReq.m_axi.p1i128, i128 %gmem0_addr, i32 %zext_ln287" [/users/arashs/U280_CRC_Accelerator/src/kernel.cpp:287]   --->   Operation 100 'readreq' 'empty_40' <Predicate = true> <Delay = 2.43> <CoreInst = "m_axi">   --->   Core 121 'm_axi' <Latency = 0> <II = 1> <Delay = 1.00> <Adapter> <Opcode : 'read' 'write' 'readreq' 'writereq' 'writeresp'>

State 6 <SV = 5> <Delay = 2.43>
ST_6 : Operation 101 [70/71] (2.43ns)   --->   "%empty_40 = readreq i1 @_ssdm_op_ReadReq.m_axi.p1i128, i128 %gmem0_addr, i32 %zext_ln287" [/users/arashs/U280_CRC_Accelerator/src/kernel.cpp:287]   --->   Operation 101 'readreq' 'empty_40' <Predicate = true> <Delay = 2.43> <CoreInst = "m_axi">   --->   Core 121 'm_axi' <Latency = 0> <II = 1> <Delay = 1.00> <Adapter> <Opcode : 'read' 'write' 'readreq' 'writereq' 'writeresp'>

State 7 <SV = 6> <Delay = 2.43>
ST_7 : Operation 102 [69/71] (2.43ns)   --->   "%empty_40 = readreq i1 @_ssdm_op_ReadReq.m_axi.p1i128, i128 %gmem0_addr, i32 %zext_ln287" [/users/arashs/U280_CRC_Accelerator/src/kernel.cpp:287]   --->   Operation 102 'readreq' 'empty_40' <Predicate = true> <Delay = 2.43> <CoreInst = "m_axi">   --->   Core 121 'm_axi' <Latency = 0> <II = 1> <Delay = 1.00> <Adapter> <Opcode : 'read' 'write' 'readreq' 'writereq' 'writeresp'>

State 8 <SV = 7> <Delay = 2.43>
ST_8 : Operation 103 [68/71] (2.43ns)   --->   "%empty_40 = readreq i1 @_ssdm_op_ReadReq.m_axi.p1i128, i128 %gmem0_addr, i32 %zext_ln287" [/users/arashs/U280_CRC_Accelerator/src/kernel.cpp:287]   --->   Operation 103 'readreq' 'empty_40' <Predicate = true> <Delay = 2.43> <CoreInst = "m_axi">   --->   Core 121 'm_axi' <Latency = 0> <II = 1> <Delay = 1.00> <Adapter> <Opcode : 'read' 'write' 'readreq' 'writereq' 'writeresp'>

State 9 <SV = 8> <Delay = 2.43>
ST_9 : Operation 104 [67/71] (2.43ns)   --->   "%empty_40 = readreq i1 @_ssdm_op_ReadReq.m_axi.p1i128, i128 %gmem0_addr, i32 %zext_ln287" [/users/arashs/U280_CRC_Accelerator/src/kernel.cpp:287]   --->   Operation 104 'readreq' 'empty_40' <Predicate = true> <Delay = 2.43> <CoreInst = "m_axi">   --->   Core 121 'm_axi' <Latency = 0> <II = 1> <Delay = 1.00> <Adapter> <Opcode : 'read' 'write' 'readreq' 'writereq' 'writeresp'>

State 10 <SV = 9> <Delay = 2.43>
ST_10 : Operation 105 [66/71] (2.43ns)   --->   "%empty_40 = readreq i1 @_ssdm_op_ReadReq.m_axi.p1i128, i128 %gmem0_addr, i32 %zext_ln287" [/users/arashs/U280_CRC_Accelerator/src/kernel.cpp:287]   --->   Operation 105 'readreq' 'empty_40' <Predicate = true> <Delay = 2.43> <CoreInst = "m_axi">   --->   Core 121 'm_axi' <Latency = 0> <II = 1> <Delay = 1.00> <Adapter> <Opcode : 'read' 'write' 'readreq' 'writereq' 'writeresp'>

State 11 <SV = 10> <Delay = 2.43>
ST_11 : Operation 106 [65/71] (2.43ns)   --->   "%empty_40 = readreq i1 @_ssdm_op_ReadReq.m_axi.p1i128, i128 %gmem0_addr, i32 %zext_ln287" [/users/arashs/U280_CRC_Accelerator/src/kernel.cpp:287]   --->   Operation 106 'readreq' 'empty_40' <Predicate = true> <Delay = 2.43> <CoreInst = "m_axi">   --->   Core 121 'm_axi' <Latency = 0> <II = 1> <Delay = 1.00> <Adapter> <Opcode : 'read' 'write' 'readreq' 'writereq' 'writeresp'>

State 12 <SV = 11> <Delay = 2.43>
ST_12 : Operation 107 [64/71] (2.43ns)   --->   "%empty_40 = readreq i1 @_ssdm_op_ReadReq.m_axi.p1i128, i128 %gmem0_addr, i32 %zext_ln287" [/users/arashs/U280_CRC_Accelerator/src/kernel.cpp:287]   --->   Operation 107 'readreq' 'empty_40' <Predicate = true> <Delay = 2.43> <CoreInst = "m_axi">   --->   Core 121 'm_axi' <Latency = 0> <II = 1> <Delay = 1.00> <Adapter> <Opcode : 'read' 'write' 'readreq' 'writereq' 'writeresp'>

State 13 <SV = 12> <Delay = 2.43>
ST_13 : Operation 108 [63/71] (2.43ns)   --->   "%empty_40 = readreq i1 @_ssdm_op_ReadReq.m_axi.p1i128, i128 %gmem0_addr, i32 %zext_ln287" [/users/arashs/U280_CRC_Accelerator/src/kernel.cpp:287]   --->   Operation 108 'readreq' 'empty_40' <Predicate = true> <Delay = 2.43> <CoreInst = "m_axi">   --->   Core 121 'm_axi' <Latency = 0> <II = 1> <Delay = 1.00> <Adapter> <Opcode : 'read' 'write' 'readreq' 'writereq' 'writeresp'>

State 14 <SV = 13> <Delay = 2.43>
ST_14 : Operation 109 [62/71] (2.43ns)   --->   "%empty_40 = readreq i1 @_ssdm_op_ReadReq.m_axi.p1i128, i128 %gmem0_addr, i32 %zext_ln287" [/users/arashs/U280_CRC_Accelerator/src/kernel.cpp:287]   --->   Operation 109 'readreq' 'empty_40' <Predicate = true> <Delay = 2.43> <CoreInst = "m_axi">   --->   Core 121 'm_axi' <Latency = 0> <II = 1> <Delay = 1.00> <Adapter> <Opcode : 'read' 'write' 'readreq' 'writereq' 'writeresp'>

State 15 <SV = 14> <Delay = 2.43>
ST_15 : Operation 110 [61/71] (2.43ns)   --->   "%empty_40 = readreq i1 @_ssdm_op_ReadReq.m_axi.p1i128, i128 %gmem0_addr, i32 %zext_ln287" [/users/arashs/U280_CRC_Accelerator/src/kernel.cpp:287]   --->   Operation 110 'readreq' 'empty_40' <Predicate = true> <Delay = 2.43> <CoreInst = "m_axi">   --->   Core 121 'm_axi' <Latency = 0> <II = 1> <Delay = 1.00> <Adapter> <Opcode : 'read' 'write' 'readreq' 'writereq' 'writeresp'>

State 16 <SV = 15> <Delay = 2.43>
ST_16 : Operation 111 [60/71] (2.43ns)   --->   "%empty_40 = readreq i1 @_ssdm_op_ReadReq.m_axi.p1i128, i128 %gmem0_addr, i32 %zext_ln287" [/users/arashs/U280_CRC_Accelerator/src/kernel.cpp:287]   --->   Operation 111 'readreq' 'empty_40' <Predicate = true> <Delay = 2.43> <CoreInst = "m_axi">   --->   Core 121 'm_axi' <Latency = 0> <II = 1> <Delay = 1.00> <Adapter> <Opcode : 'read' 'write' 'readreq' 'writereq' 'writeresp'>

State 17 <SV = 16> <Delay = 2.43>
ST_17 : Operation 112 [59/71] (2.43ns)   --->   "%empty_40 = readreq i1 @_ssdm_op_ReadReq.m_axi.p1i128, i128 %gmem0_addr, i32 %zext_ln287" [/users/arashs/U280_CRC_Accelerator/src/kernel.cpp:287]   --->   Operation 112 'readreq' 'empty_40' <Predicate = true> <Delay = 2.43> <CoreInst = "m_axi">   --->   Core 121 'm_axi' <Latency = 0> <II = 1> <Delay = 1.00> <Adapter> <Opcode : 'read' 'write' 'readreq' 'writereq' 'writeresp'>

State 18 <SV = 17> <Delay = 2.43>
ST_18 : Operation 113 [58/71] (2.43ns)   --->   "%empty_40 = readreq i1 @_ssdm_op_ReadReq.m_axi.p1i128, i128 %gmem0_addr, i32 %zext_ln287" [/users/arashs/U280_CRC_Accelerator/src/kernel.cpp:287]   --->   Operation 113 'readreq' 'empty_40' <Predicate = true> <Delay = 2.43> <CoreInst = "m_axi">   --->   Core 121 'm_axi' <Latency = 0> <II = 1> <Delay = 1.00> <Adapter> <Opcode : 'read' 'write' 'readreq' 'writereq' 'writeresp'>

State 19 <SV = 18> <Delay = 2.43>
ST_19 : Operation 114 [57/71] (2.43ns)   --->   "%empty_40 = readreq i1 @_ssdm_op_ReadReq.m_axi.p1i128, i128 %gmem0_addr, i32 %zext_ln287" [/users/arashs/U280_CRC_Accelerator/src/kernel.cpp:287]   --->   Operation 114 'readreq' 'empty_40' <Predicate = true> <Delay = 2.43> <CoreInst = "m_axi">   --->   Core 121 'm_axi' <Latency = 0> <II = 1> <Delay = 1.00> <Adapter> <Opcode : 'read' 'write' 'readreq' 'writereq' 'writeresp'>

State 20 <SV = 19> <Delay = 2.43>
ST_20 : Operation 115 [56/71] (2.43ns)   --->   "%empty_40 = readreq i1 @_ssdm_op_ReadReq.m_axi.p1i128, i128 %gmem0_addr, i32 %zext_ln287" [/users/arashs/U280_CRC_Accelerator/src/kernel.cpp:287]   --->   Operation 115 'readreq' 'empty_40' <Predicate = true> <Delay = 2.43> <CoreInst = "m_axi">   --->   Core 121 'm_axi' <Latency = 0> <II = 1> <Delay = 1.00> <Adapter> <Opcode : 'read' 'write' 'readreq' 'writereq' 'writeresp'>

State 21 <SV = 20> <Delay = 2.43>
ST_21 : Operation 116 [55/71] (2.43ns)   --->   "%empty_40 = readreq i1 @_ssdm_op_ReadReq.m_axi.p1i128, i128 %gmem0_addr, i32 %zext_ln287" [/users/arashs/U280_CRC_Accelerator/src/kernel.cpp:287]   --->   Operation 116 'readreq' 'empty_40' <Predicate = true> <Delay = 2.43> <CoreInst = "m_axi">   --->   Core 121 'm_axi' <Latency = 0> <II = 1> <Delay = 1.00> <Adapter> <Opcode : 'read' 'write' 'readreq' 'writereq' 'writeresp'>

State 22 <SV = 21> <Delay = 2.43>
ST_22 : Operation 117 [54/71] (2.43ns)   --->   "%empty_40 = readreq i1 @_ssdm_op_ReadReq.m_axi.p1i128, i128 %gmem0_addr, i32 %zext_ln287" [/users/arashs/U280_CRC_Accelerator/src/kernel.cpp:287]   --->   Operation 117 'readreq' 'empty_40' <Predicate = true> <Delay = 2.43> <CoreInst = "m_axi">   --->   Core 121 'm_axi' <Latency = 0> <II = 1> <Delay = 1.00> <Adapter> <Opcode : 'read' 'write' 'readreq' 'writereq' 'writeresp'>

State 23 <SV = 22> <Delay = 2.43>
ST_23 : Operation 118 [53/71] (2.43ns)   --->   "%empty_40 = readreq i1 @_ssdm_op_ReadReq.m_axi.p1i128, i128 %gmem0_addr, i32 %zext_ln287" [/users/arashs/U280_CRC_Accelerator/src/kernel.cpp:287]   --->   Operation 118 'readreq' 'empty_40' <Predicate = true> <Delay = 2.43> <CoreInst = "m_axi">   --->   Core 121 'm_axi' <Latency = 0> <II = 1> <Delay = 1.00> <Adapter> <Opcode : 'read' 'write' 'readreq' 'writereq' 'writeresp'>

State 24 <SV = 23> <Delay = 2.43>
ST_24 : Operation 119 [52/71] (2.43ns)   --->   "%empty_40 = readreq i1 @_ssdm_op_ReadReq.m_axi.p1i128, i128 %gmem0_addr, i32 %zext_ln287" [/users/arashs/U280_CRC_Accelerator/src/kernel.cpp:287]   --->   Operation 119 'readreq' 'empty_40' <Predicate = true> <Delay = 2.43> <CoreInst = "m_axi">   --->   Core 121 'm_axi' <Latency = 0> <II = 1> <Delay = 1.00> <Adapter> <Opcode : 'read' 'write' 'readreq' 'writereq' 'writeresp'>

State 25 <SV = 24> <Delay = 2.43>
ST_25 : Operation 120 [51/71] (2.43ns)   --->   "%empty_40 = readreq i1 @_ssdm_op_ReadReq.m_axi.p1i128, i128 %gmem0_addr, i32 %zext_ln287" [/users/arashs/U280_CRC_Accelerator/src/kernel.cpp:287]   --->   Operation 120 'readreq' 'empty_40' <Predicate = true> <Delay = 2.43> <CoreInst = "m_axi">   --->   Core 121 'm_axi' <Latency = 0> <II = 1> <Delay = 1.00> <Adapter> <Opcode : 'read' 'write' 'readreq' 'writereq' 'writeresp'>

State 26 <SV = 25> <Delay = 2.43>
ST_26 : Operation 121 [50/71] (2.43ns)   --->   "%empty_40 = readreq i1 @_ssdm_op_ReadReq.m_axi.p1i128, i128 %gmem0_addr, i32 %zext_ln287" [/users/arashs/U280_CRC_Accelerator/src/kernel.cpp:287]   --->   Operation 121 'readreq' 'empty_40' <Predicate = true> <Delay = 2.43> <CoreInst = "m_axi">   --->   Core 121 'm_axi' <Latency = 0> <II = 1> <Delay = 1.00> <Adapter> <Opcode : 'read' 'write' 'readreq' 'writereq' 'writeresp'>

State 27 <SV = 26> <Delay = 2.43>
ST_27 : Operation 122 [49/71] (2.43ns)   --->   "%empty_40 = readreq i1 @_ssdm_op_ReadReq.m_axi.p1i128, i128 %gmem0_addr, i32 %zext_ln287" [/users/arashs/U280_CRC_Accelerator/src/kernel.cpp:287]   --->   Operation 122 'readreq' 'empty_40' <Predicate = true> <Delay = 2.43> <CoreInst = "m_axi">   --->   Core 121 'm_axi' <Latency = 0> <II = 1> <Delay = 1.00> <Adapter> <Opcode : 'read' 'write' 'readreq' 'writereq' 'writeresp'>

State 28 <SV = 27> <Delay = 2.43>
ST_28 : Operation 123 [48/71] (2.43ns)   --->   "%empty_40 = readreq i1 @_ssdm_op_ReadReq.m_axi.p1i128, i128 %gmem0_addr, i32 %zext_ln287" [/users/arashs/U280_CRC_Accelerator/src/kernel.cpp:287]   --->   Operation 123 'readreq' 'empty_40' <Predicate = true> <Delay = 2.43> <CoreInst = "m_axi">   --->   Core 121 'm_axi' <Latency = 0> <II = 1> <Delay = 1.00> <Adapter> <Opcode : 'read' 'write' 'readreq' 'writereq' 'writeresp'>

State 29 <SV = 28> <Delay = 2.43>
ST_29 : Operation 124 [47/71] (2.43ns)   --->   "%empty_40 = readreq i1 @_ssdm_op_ReadReq.m_axi.p1i128, i128 %gmem0_addr, i32 %zext_ln287" [/users/arashs/U280_CRC_Accelerator/src/kernel.cpp:287]   --->   Operation 124 'readreq' 'empty_40' <Predicate = true> <Delay = 2.43> <CoreInst = "m_axi">   --->   Core 121 'm_axi' <Latency = 0> <II = 1> <Delay = 1.00> <Adapter> <Opcode : 'read' 'write' 'readreq' 'writereq' 'writeresp'>

State 30 <SV = 29> <Delay = 2.43>
ST_30 : Operation 125 [46/71] (2.43ns)   --->   "%empty_40 = readreq i1 @_ssdm_op_ReadReq.m_axi.p1i128, i128 %gmem0_addr, i32 %zext_ln287" [/users/arashs/U280_CRC_Accelerator/src/kernel.cpp:287]   --->   Operation 125 'readreq' 'empty_40' <Predicate = true> <Delay = 2.43> <CoreInst = "m_axi">   --->   Core 121 'm_axi' <Latency = 0> <II = 1> <Delay = 1.00> <Adapter> <Opcode : 'read' 'write' 'readreq' 'writereq' 'writeresp'>

State 31 <SV = 30> <Delay = 2.43>
ST_31 : Operation 126 [45/71] (2.43ns)   --->   "%empty_40 = readreq i1 @_ssdm_op_ReadReq.m_axi.p1i128, i128 %gmem0_addr, i32 %zext_ln287" [/users/arashs/U280_CRC_Accelerator/src/kernel.cpp:287]   --->   Operation 126 'readreq' 'empty_40' <Predicate = true> <Delay = 2.43> <CoreInst = "m_axi">   --->   Core 121 'm_axi' <Latency = 0> <II = 1> <Delay = 1.00> <Adapter> <Opcode : 'read' 'write' 'readreq' 'writereq' 'writeresp'>

State 32 <SV = 31> <Delay = 2.43>
ST_32 : Operation 127 [44/71] (2.43ns)   --->   "%empty_40 = readreq i1 @_ssdm_op_ReadReq.m_axi.p1i128, i128 %gmem0_addr, i32 %zext_ln287" [/users/arashs/U280_CRC_Accelerator/src/kernel.cpp:287]   --->   Operation 127 'readreq' 'empty_40' <Predicate = true> <Delay = 2.43> <CoreInst = "m_axi">   --->   Core 121 'm_axi' <Latency = 0> <II = 1> <Delay = 1.00> <Adapter> <Opcode : 'read' 'write' 'readreq' 'writereq' 'writeresp'>

State 33 <SV = 32> <Delay = 2.43>
ST_33 : Operation 128 [43/71] (2.43ns)   --->   "%empty_40 = readreq i1 @_ssdm_op_ReadReq.m_axi.p1i128, i128 %gmem0_addr, i32 %zext_ln287" [/users/arashs/U280_CRC_Accelerator/src/kernel.cpp:287]   --->   Operation 128 'readreq' 'empty_40' <Predicate = true> <Delay = 2.43> <CoreInst = "m_axi">   --->   Core 121 'm_axi' <Latency = 0> <II = 1> <Delay = 1.00> <Adapter> <Opcode : 'read' 'write' 'readreq' 'writereq' 'writeresp'>

State 34 <SV = 33> <Delay = 2.43>
ST_34 : Operation 129 [42/71] (2.43ns)   --->   "%empty_40 = readreq i1 @_ssdm_op_ReadReq.m_axi.p1i128, i128 %gmem0_addr, i32 %zext_ln287" [/users/arashs/U280_CRC_Accelerator/src/kernel.cpp:287]   --->   Operation 129 'readreq' 'empty_40' <Predicate = true> <Delay = 2.43> <CoreInst = "m_axi">   --->   Core 121 'm_axi' <Latency = 0> <II = 1> <Delay = 1.00> <Adapter> <Opcode : 'read' 'write' 'readreq' 'writereq' 'writeresp'>

State 35 <SV = 34> <Delay = 2.43>
ST_35 : Operation 130 [41/71] (2.43ns)   --->   "%empty_40 = readreq i1 @_ssdm_op_ReadReq.m_axi.p1i128, i128 %gmem0_addr, i32 %zext_ln287" [/users/arashs/U280_CRC_Accelerator/src/kernel.cpp:287]   --->   Operation 130 'readreq' 'empty_40' <Predicate = true> <Delay = 2.43> <CoreInst = "m_axi">   --->   Core 121 'm_axi' <Latency = 0> <II = 1> <Delay = 1.00> <Adapter> <Opcode : 'read' 'write' 'readreq' 'writereq' 'writeresp'>

State 36 <SV = 35> <Delay = 2.43>
ST_36 : Operation 131 [40/71] (2.43ns)   --->   "%empty_40 = readreq i1 @_ssdm_op_ReadReq.m_axi.p1i128, i128 %gmem0_addr, i32 %zext_ln287" [/users/arashs/U280_CRC_Accelerator/src/kernel.cpp:287]   --->   Operation 131 'readreq' 'empty_40' <Predicate = true> <Delay = 2.43> <CoreInst = "m_axi">   --->   Core 121 'm_axi' <Latency = 0> <II = 1> <Delay = 1.00> <Adapter> <Opcode : 'read' 'write' 'readreq' 'writereq' 'writeresp'>

State 37 <SV = 36> <Delay = 2.43>
ST_37 : Operation 132 [39/71] (2.43ns)   --->   "%empty_40 = readreq i1 @_ssdm_op_ReadReq.m_axi.p1i128, i128 %gmem0_addr, i32 %zext_ln287" [/users/arashs/U280_CRC_Accelerator/src/kernel.cpp:287]   --->   Operation 132 'readreq' 'empty_40' <Predicate = true> <Delay = 2.43> <CoreInst = "m_axi">   --->   Core 121 'm_axi' <Latency = 0> <II = 1> <Delay = 1.00> <Adapter> <Opcode : 'read' 'write' 'readreq' 'writereq' 'writeresp'>

State 38 <SV = 37> <Delay = 2.43>
ST_38 : Operation 133 [38/71] (2.43ns)   --->   "%empty_40 = readreq i1 @_ssdm_op_ReadReq.m_axi.p1i128, i128 %gmem0_addr, i32 %zext_ln287" [/users/arashs/U280_CRC_Accelerator/src/kernel.cpp:287]   --->   Operation 133 'readreq' 'empty_40' <Predicate = true> <Delay = 2.43> <CoreInst = "m_axi">   --->   Core 121 'm_axi' <Latency = 0> <II = 1> <Delay = 1.00> <Adapter> <Opcode : 'read' 'write' 'readreq' 'writereq' 'writeresp'>

State 39 <SV = 38> <Delay = 2.43>
ST_39 : Operation 134 [37/71] (2.43ns)   --->   "%empty_40 = readreq i1 @_ssdm_op_ReadReq.m_axi.p1i128, i128 %gmem0_addr, i32 %zext_ln287" [/users/arashs/U280_CRC_Accelerator/src/kernel.cpp:287]   --->   Operation 134 'readreq' 'empty_40' <Predicate = true> <Delay = 2.43> <CoreInst = "m_axi">   --->   Core 121 'm_axi' <Latency = 0> <II = 1> <Delay = 1.00> <Adapter> <Opcode : 'read' 'write' 'readreq' 'writereq' 'writeresp'>

State 40 <SV = 39> <Delay = 2.43>
ST_40 : Operation 135 [36/71] (2.43ns)   --->   "%empty_40 = readreq i1 @_ssdm_op_ReadReq.m_axi.p1i128, i128 %gmem0_addr, i32 %zext_ln287" [/users/arashs/U280_CRC_Accelerator/src/kernel.cpp:287]   --->   Operation 135 'readreq' 'empty_40' <Predicate = true> <Delay = 2.43> <CoreInst = "m_axi">   --->   Core 121 'm_axi' <Latency = 0> <II = 1> <Delay = 1.00> <Adapter> <Opcode : 'read' 'write' 'readreq' 'writereq' 'writeresp'>

State 41 <SV = 40> <Delay = 2.43>
ST_41 : Operation 136 [35/71] (2.43ns)   --->   "%empty_40 = readreq i1 @_ssdm_op_ReadReq.m_axi.p1i128, i128 %gmem0_addr, i32 %zext_ln287" [/users/arashs/U280_CRC_Accelerator/src/kernel.cpp:287]   --->   Operation 136 'readreq' 'empty_40' <Predicate = true> <Delay = 2.43> <CoreInst = "m_axi">   --->   Core 121 'm_axi' <Latency = 0> <II = 1> <Delay = 1.00> <Adapter> <Opcode : 'read' 'write' 'readreq' 'writereq' 'writeresp'>

State 42 <SV = 41> <Delay = 2.43>
ST_42 : Operation 137 [34/71] (2.43ns)   --->   "%empty_40 = readreq i1 @_ssdm_op_ReadReq.m_axi.p1i128, i128 %gmem0_addr, i32 %zext_ln287" [/users/arashs/U280_CRC_Accelerator/src/kernel.cpp:287]   --->   Operation 137 'readreq' 'empty_40' <Predicate = true> <Delay = 2.43> <CoreInst = "m_axi">   --->   Core 121 'm_axi' <Latency = 0> <II = 1> <Delay = 1.00> <Adapter> <Opcode : 'read' 'write' 'readreq' 'writereq' 'writeresp'>

State 43 <SV = 42> <Delay = 2.43>
ST_43 : Operation 138 [33/71] (2.43ns)   --->   "%empty_40 = readreq i1 @_ssdm_op_ReadReq.m_axi.p1i128, i128 %gmem0_addr, i32 %zext_ln287" [/users/arashs/U280_CRC_Accelerator/src/kernel.cpp:287]   --->   Operation 138 'readreq' 'empty_40' <Predicate = true> <Delay = 2.43> <CoreInst = "m_axi">   --->   Core 121 'm_axi' <Latency = 0> <II = 1> <Delay = 1.00> <Adapter> <Opcode : 'read' 'write' 'readreq' 'writereq' 'writeresp'>

State 44 <SV = 43> <Delay = 2.43>
ST_44 : Operation 139 [32/71] (2.43ns)   --->   "%empty_40 = readreq i1 @_ssdm_op_ReadReq.m_axi.p1i128, i128 %gmem0_addr, i32 %zext_ln287" [/users/arashs/U280_CRC_Accelerator/src/kernel.cpp:287]   --->   Operation 139 'readreq' 'empty_40' <Predicate = true> <Delay = 2.43> <CoreInst = "m_axi">   --->   Core 121 'm_axi' <Latency = 0> <II = 1> <Delay = 1.00> <Adapter> <Opcode : 'read' 'write' 'readreq' 'writereq' 'writeresp'>

State 45 <SV = 44> <Delay = 2.43>
ST_45 : Operation 140 [31/71] (2.43ns)   --->   "%empty_40 = readreq i1 @_ssdm_op_ReadReq.m_axi.p1i128, i128 %gmem0_addr, i32 %zext_ln287" [/users/arashs/U280_CRC_Accelerator/src/kernel.cpp:287]   --->   Operation 140 'readreq' 'empty_40' <Predicate = true> <Delay = 2.43> <CoreInst = "m_axi">   --->   Core 121 'm_axi' <Latency = 0> <II = 1> <Delay = 1.00> <Adapter> <Opcode : 'read' 'write' 'readreq' 'writereq' 'writeresp'>

State 46 <SV = 45> <Delay = 2.43>
ST_46 : Operation 141 [30/71] (2.43ns)   --->   "%empty_40 = readreq i1 @_ssdm_op_ReadReq.m_axi.p1i128, i128 %gmem0_addr, i32 %zext_ln287" [/users/arashs/U280_CRC_Accelerator/src/kernel.cpp:287]   --->   Operation 141 'readreq' 'empty_40' <Predicate = true> <Delay = 2.43> <CoreInst = "m_axi">   --->   Core 121 'm_axi' <Latency = 0> <II = 1> <Delay = 1.00> <Adapter> <Opcode : 'read' 'write' 'readreq' 'writereq' 'writeresp'>

State 47 <SV = 46> <Delay = 2.43>
ST_47 : Operation 142 [29/71] (2.43ns)   --->   "%empty_40 = readreq i1 @_ssdm_op_ReadReq.m_axi.p1i128, i128 %gmem0_addr, i32 %zext_ln287" [/users/arashs/U280_CRC_Accelerator/src/kernel.cpp:287]   --->   Operation 142 'readreq' 'empty_40' <Predicate = true> <Delay = 2.43> <CoreInst = "m_axi">   --->   Core 121 'm_axi' <Latency = 0> <II = 1> <Delay = 1.00> <Adapter> <Opcode : 'read' 'write' 'readreq' 'writereq' 'writeresp'>

State 48 <SV = 47> <Delay = 2.43>
ST_48 : Operation 143 [28/71] (2.43ns)   --->   "%empty_40 = readreq i1 @_ssdm_op_ReadReq.m_axi.p1i128, i128 %gmem0_addr, i32 %zext_ln287" [/users/arashs/U280_CRC_Accelerator/src/kernel.cpp:287]   --->   Operation 143 'readreq' 'empty_40' <Predicate = true> <Delay = 2.43> <CoreInst = "m_axi">   --->   Core 121 'm_axi' <Latency = 0> <II = 1> <Delay = 1.00> <Adapter> <Opcode : 'read' 'write' 'readreq' 'writereq' 'writeresp'>

State 49 <SV = 48> <Delay = 2.43>
ST_49 : Operation 144 [27/71] (2.43ns)   --->   "%empty_40 = readreq i1 @_ssdm_op_ReadReq.m_axi.p1i128, i128 %gmem0_addr, i32 %zext_ln287" [/users/arashs/U280_CRC_Accelerator/src/kernel.cpp:287]   --->   Operation 144 'readreq' 'empty_40' <Predicate = true> <Delay = 2.43> <CoreInst = "m_axi">   --->   Core 121 'm_axi' <Latency = 0> <II = 1> <Delay = 1.00> <Adapter> <Opcode : 'read' 'write' 'readreq' 'writereq' 'writeresp'>

State 50 <SV = 49> <Delay = 2.43>
ST_50 : Operation 145 [26/71] (2.43ns)   --->   "%empty_40 = readreq i1 @_ssdm_op_ReadReq.m_axi.p1i128, i128 %gmem0_addr, i32 %zext_ln287" [/users/arashs/U280_CRC_Accelerator/src/kernel.cpp:287]   --->   Operation 145 'readreq' 'empty_40' <Predicate = true> <Delay = 2.43> <CoreInst = "m_axi">   --->   Core 121 'm_axi' <Latency = 0> <II = 1> <Delay = 1.00> <Adapter> <Opcode : 'read' 'write' 'readreq' 'writereq' 'writeresp'>

State 51 <SV = 50> <Delay = 2.43>
ST_51 : Operation 146 [25/71] (2.43ns)   --->   "%empty_40 = readreq i1 @_ssdm_op_ReadReq.m_axi.p1i128, i128 %gmem0_addr, i32 %zext_ln287" [/users/arashs/U280_CRC_Accelerator/src/kernel.cpp:287]   --->   Operation 146 'readreq' 'empty_40' <Predicate = true> <Delay = 2.43> <CoreInst = "m_axi">   --->   Core 121 'm_axi' <Latency = 0> <II = 1> <Delay = 1.00> <Adapter> <Opcode : 'read' 'write' 'readreq' 'writereq' 'writeresp'>

State 52 <SV = 51> <Delay = 2.43>
ST_52 : Operation 147 [24/71] (2.43ns)   --->   "%empty_40 = readreq i1 @_ssdm_op_ReadReq.m_axi.p1i128, i128 %gmem0_addr, i32 %zext_ln287" [/users/arashs/U280_CRC_Accelerator/src/kernel.cpp:287]   --->   Operation 147 'readreq' 'empty_40' <Predicate = true> <Delay = 2.43> <CoreInst = "m_axi">   --->   Core 121 'm_axi' <Latency = 0> <II = 1> <Delay = 1.00> <Adapter> <Opcode : 'read' 'write' 'readreq' 'writereq' 'writeresp'>

State 53 <SV = 52> <Delay = 2.43>
ST_53 : Operation 148 [23/71] (2.43ns)   --->   "%empty_40 = readreq i1 @_ssdm_op_ReadReq.m_axi.p1i128, i128 %gmem0_addr, i32 %zext_ln287" [/users/arashs/U280_CRC_Accelerator/src/kernel.cpp:287]   --->   Operation 148 'readreq' 'empty_40' <Predicate = true> <Delay = 2.43> <CoreInst = "m_axi">   --->   Core 121 'm_axi' <Latency = 0> <II = 1> <Delay = 1.00> <Adapter> <Opcode : 'read' 'write' 'readreq' 'writereq' 'writeresp'>

State 54 <SV = 53> <Delay = 2.43>
ST_54 : Operation 149 [22/71] (2.43ns)   --->   "%empty_40 = readreq i1 @_ssdm_op_ReadReq.m_axi.p1i128, i128 %gmem0_addr, i32 %zext_ln287" [/users/arashs/U280_CRC_Accelerator/src/kernel.cpp:287]   --->   Operation 149 'readreq' 'empty_40' <Predicate = true> <Delay = 2.43> <CoreInst = "m_axi">   --->   Core 121 'm_axi' <Latency = 0> <II = 1> <Delay = 1.00> <Adapter> <Opcode : 'read' 'write' 'readreq' 'writereq' 'writeresp'>

State 55 <SV = 54> <Delay = 2.43>
ST_55 : Operation 150 [21/71] (2.43ns)   --->   "%empty_40 = readreq i1 @_ssdm_op_ReadReq.m_axi.p1i128, i128 %gmem0_addr, i32 %zext_ln287" [/users/arashs/U280_CRC_Accelerator/src/kernel.cpp:287]   --->   Operation 150 'readreq' 'empty_40' <Predicate = true> <Delay = 2.43> <CoreInst = "m_axi">   --->   Core 121 'm_axi' <Latency = 0> <II = 1> <Delay = 1.00> <Adapter> <Opcode : 'read' 'write' 'readreq' 'writereq' 'writeresp'>

State 56 <SV = 55> <Delay = 2.43>
ST_56 : Operation 151 [20/71] (2.43ns)   --->   "%empty_40 = readreq i1 @_ssdm_op_ReadReq.m_axi.p1i128, i128 %gmem0_addr, i32 %zext_ln287" [/users/arashs/U280_CRC_Accelerator/src/kernel.cpp:287]   --->   Operation 151 'readreq' 'empty_40' <Predicate = true> <Delay = 2.43> <CoreInst = "m_axi">   --->   Core 121 'm_axi' <Latency = 0> <II = 1> <Delay = 1.00> <Adapter> <Opcode : 'read' 'write' 'readreq' 'writereq' 'writeresp'>

State 57 <SV = 56> <Delay = 2.43>
ST_57 : Operation 152 [19/71] (2.43ns)   --->   "%empty_40 = readreq i1 @_ssdm_op_ReadReq.m_axi.p1i128, i128 %gmem0_addr, i32 %zext_ln287" [/users/arashs/U280_CRC_Accelerator/src/kernel.cpp:287]   --->   Operation 152 'readreq' 'empty_40' <Predicate = true> <Delay = 2.43> <CoreInst = "m_axi">   --->   Core 121 'm_axi' <Latency = 0> <II = 1> <Delay = 1.00> <Adapter> <Opcode : 'read' 'write' 'readreq' 'writereq' 'writeresp'>

State 58 <SV = 57> <Delay = 2.43>
ST_58 : Operation 153 [18/71] (2.43ns)   --->   "%empty_40 = readreq i1 @_ssdm_op_ReadReq.m_axi.p1i128, i128 %gmem0_addr, i32 %zext_ln287" [/users/arashs/U280_CRC_Accelerator/src/kernel.cpp:287]   --->   Operation 153 'readreq' 'empty_40' <Predicate = true> <Delay = 2.43> <CoreInst = "m_axi">   --->   Core 121 'm_axi' <Latency = 0> <II = 1> <Delay = 1.00> <Adapter> <Opcode : 'read' 'write' 'readreq' 'writereq' 'writeresp'>

State 59 <SV = 58> <Delay = 2.43>
ST_59 : Operation 154 [17/71] (2.43ns)   --->   "%empty_40 = readreq i1 @_ssdm_op_ReadReq.m_axi.p1i128, i128 %gmem0_addr, i32 %zext_ln287" [/users/arashs/U280_CRC_Accelerator/src/kernel.cpp:287]   --->   Operation 154 'readreq' 'empty_40' <Predicate = true> <Delay = 2.43> <CoreInst = "m_axi">   --->   Core 121 'm_axi' <Latency = 0> <II = 1> <Delay = 1.00> <Adapter> <Opcode : 'read' 'write' 'readreq' 'writereq' 'writeresp'>

State 60 <SV = 59> <Delay = 2.43>
ST_60 : Operation 155 [16/71] (2.43ns)   --->   "%empty_40 = readreq i1 @_ssdm_op_ReadReq.m_axi.p1i128, i128 %gmem0_addr, i32 %zext_ln287" [/users/arashs/U280_CRC_Accelerator/src/kernel.cpp:287]   --->   Operation 155 'readreq' 'empty_40' <Predicate = true> <Delay = 2.43> <CoreInst = "m_axi">   --->   Core 121 'm_axi' <Latency = 0> <II = 1> <Delay = 1.00> <Adapter> <Opcode : 'read' 'write' 'readreq' 'writereq' 'writeresp'>

State 61 <SV = 60> <Delay = 2.43>
ST_61 : Operation 156 [15/71] (2.43ns)   --->   "%empty_40 = readreq i1 @_ssdm_op_ReadReq.m_axi.p1i128, i128 %gmem0_addr, i32 %zext_ln287" [/users/arashs/U280_CRC_Accelerator/src/kernel.cpp:287]   --->   Operation 156 'readreq' 'empty_40' <Predicate = true> <Delay = 2.43> <CoreInst = "m_axi">   --->   Core 121 'm_axi' <Latency = 0> <II = 1> <Delay = 1.00> <Adapter> <Opcode : 'read' 'write' 'readreq' 'writereq' 'writeresp'>

State 62 <SV = 61> <Delay = 2.43>
ST_62 : Operation 157 [14/71] (2.43ns)   --->   "%empty_40 = readreq i1 @_ssdm_op_ReadReq.m_axi.p1i128, i128 %gmem0_addr, i32 %zext_ln287" [/users/arashs/U280_CRC_Accelerator/src/kernel.cpp:287]   --->   Operation 157 'readreq' 'empty_40' <Predicate = true> <Delay = 2.43> <CoreInst = "m_axi">   --->   Core 121 'm_axi' <Latency = 0> <II = 1> <Delay = 1.00> <Adapter> <Opcode : 'read' 'write' 'readreq' 'writereq' 'writeresp'>

State 63 <SV = 62> <Delay = 2.43>
ST_63 : Operation 158 [13/71] (2.43ns)   --->   "%empty_40 = readreq i1 @_ssdm_op_ReadReq.m_axi.p1i128, i128 %gmem0_addr, i32 %zext_ln287" [/users/arashs/U280_CRC_Accelerator/src/kernel.cpp:287]   --->   Operation 158 'readreq' 'empty_40' <Predicate = true> <Delay = 2.43> <CoreInst = "m_axi">   --->   Core 121 'm_axi' <Latency = 0> <II = 1> <Delay = 1.00> <Adapter> <Opcode : 'read' 'write' 'readreq' 'writereq' 'writeresp'>

State 64 <SV = 63> <Delay = 2.43>
ST_64 : Operation 159 [12/71] (2.43ns)   --->   "%empty_40 = readreq i1 @_ssdm_op_ReadReq.m_axi.p1i128, i128 %gmem0_addr, i32 %zext_ln287" [/users/arashs/U280_CRC_Accelerator/src/kernel.cpp:287]   --->   Operation 159 'readreq' 'empty_40' <Predicate = true> <Delay = 2.43> <CoreInst = "m_axi">   --->   Core 121 'm_axi' <Latency = 0> <II = 1> <Delay = 1.00> <Adapter> <Opcode : 'read' 'write' 'readreq' 'writereq' 'writeresp'>

State 65 <SV = 64> <Delay = 2.43>
ST_65 : Operation 160 [11/71] (2.43ns)   --->   "%empty_40 = readreq i1 @_ssdm_op_ReadReq.m_axi.p1i128, i128 %gmem0_addr, i32 %zext_ln287" [/users/arashs/U280_CRC_Accelerator/src/kernel.cpp:287]   --->   Operation 160 'readreq' 'empty_40' <Predicate = true> <Delay = 2.43> <CoreInst = "m_axi">   --->   Core 121 'm_axi' <Latency = 0> <II = 1> <Delay = 1.00> <Adapter> <Opcode : 'read' 'write' 'readreq' 'writereq' 'writeresp'>

State 66 <SV = 65> <Delay = 2.43>
ST_66 : Operation 161 [10/71] (2.43ns)   --->   "%empty_40 = readreq i1 @_ssdm_op_ReadReq.m_axi.p1i128, i128 %gmem0_addr, i32 %zext_ln287" [/users/arashs/U280_CRC_Accelerator/src/kernel.cpp:287]   --->   Operation 161 'readreq' 'empty_40' <Predicate = true> <Delay = 2.43> <CoreInst = "m_axi">   --->   Core 121 'm_axi' <Latency = 0> <II = 1> <Delay = 1.00> <Adapter> <Opcode : 'read' 'write' 'readreq' 'writereq' 'writeresp'>

State 67 <SV = 66> <Delay = 2.43>
ST_67 : Operation 162 [9/71] (2.43ns)   --->   "%empty_40 = readreq i1 @_ssdm_op_ReadReq.m_axi.p1i128, i128 %gmem0_addr, i32 %zext_ln287" [/users/arashs/U280_CRC_Accelerator/src/kernel.cpp:287]   --->   Operation 162 'readreq' 'empty_40' <Predicate = true> <Delay = 2.43> <CoreInst = "m_axi">   --->   Core 121 'm_axi' <Latency = 0> <II = 1> <Delay = 1.00> <Adapter> <Opcode : 'read' 'write' 'readreq' 'writereq' 'writeresp'>

State 68 <SV = 67> <Delay = 2.43>
ST_68 : Operation 163 [8/71] (2.43ns)   --->   "%empty_40 = readreq i1 @_ssdm_op_ReadReq.m_axi.p1i128, i128 %gmem0_addr, i32 %zext_ln287" [/users/arashs/U280_CRC_Accelerator/src/kernel.cpp:287]   --->   Operation 163 'readreq' 'empty_40' <Predicate = true> <Delay = 2.43> <CoreInst = "m_axi">   --->   Core 121 'm_axi' <Latency = 0> <II = 1> <Delay = 1.00> <Adapter> <Opcode : 'read' 'write' 'readreq' 'writereq' 'writeresp'>

State 69 <SV = 68> <Delay = 2.43>
ST_69 : Operation 164 [7/71] (2.43ns)   --->   "%empty_40 = readreq i1 @_ssdm_op_ReadReq.m_axi.p1i128, i128 %gmem0_addr, i32 %zext_ln287" [/users/arashs/U280_CRC_Accelerator/src/kernel.cpp:287]   --->   Operation 164 'readreq' 'empty_40' <Predicate = true> <Delay = 2.43> <CoreInst = "m_axi">   --->   Core 121 'm_axi' <Latency = 0> <II = 1> <Delay = 1.00> <Adapter> <Opcode : 'read' 'write' 'readreq' 'writereq' 'writeresp'>

State 70 <SV = 69> <Delay = 2.43>
ST_70 : Operation 165 [6/71] (2.43ns)   --->   "%empty_40 = readreq i1 @_ssdm_op_ReadReq.m_axi.p1i128, i128 %gmem0_addr, i32 %zext_ln287" [/users/arashs/U280_CRC_Accelerator/src/kernel.cpp:287]   --->   Operation 165 'readreq' 'empty_40' <Predicate = true> <Delay = 2.43> <CoreInst = "m_axi">   --->   Core 121 'm_axi' <Latency = 0> <II = 1> <Delay = 1.00> <Adapter> <Opcode : 'read' 'write' 'readreq' 'writereq' 'writeresp'>

State 71 <SV = 70> <Delay = 2.43>
ST_71 : Operation 166 [5/71] (2.43ns)   --->   "%empty_40 = readreq i1 @_ssdm_op_ReadReq.m_axi.p1i128, i128 %gmem0_addr, i32 %zext_ln287" [/users/arashs/U280_CRC_Accelerator/src/kernel.cpp:287]   --->   Operation 166 'readreq' 'empty_40' <Predicate = true> <Delay = 2.43> <CoreInst = "m_axi">   --->   Core 121 'm_axi' <Latency = 0> <II = 1> <Delay = 1.00> <Adapter> <Opcode : 'read' 'write' 'readreq' 'writereq' 'writeresp'>

State 72 <SV = 71> <Delay = 2.43>
ST_72 : Operation 167 [4/71] (2.43ns)   --->   "%empty_40 = readreq i1 @_ssdm_op_ReadReq.m_axi.p1i128, i128 %gmem0_addr, i32 %zext_ln287" [/users/arashs/U280_CRC_Accelerator/src/kernel.cpp:287]   --->   Operation 167 'readreq' 'empty_40' <Predicate = true> <Delay = 2.43> <CoreInst = "m_axi">   --->   Core 121 'm_axi' <Latency = 0> <II = 1> <Delay = 1.00> <Adapter> <Opcode : 'read' 'write' 'readreq' 'writereq' 'writeresp'>

State 73 <SV = 72> <Delay = 2.43>
ST_73 : Operation 168 [3/71] (2.43ns)   --->   "%empty_40 = readreq i1 @_ssdm_op_ReadReq.m_axi.p1i128, i128 %gmem0_addr, i32 %zext_ln287" [/users/arashs/U280_CRC_Accelerator/src/kernel.cpp:287]   --->   Operation 168 'readreq' 'empty_40' <Predicate = true> <Delay = 2.43> <CoreInst = "m_axi">   --->   Core 121 'm_axi' <Latency = 0> <II = 1> <Delay = 1.00> <Adapter> <Opcode : 'read' 'write' 'readreq' 'writereq' 'writeresp'>

State 74 <SV = 73> <Delay = 2.43>
ST_74 : Operation 169 [2/71] (2.43ns)   --->   "%empty_40 = readreq i1 @_ssdm_op_ReadReq.m_axi.p1i128, i128 %gmem0_addr, i32 %zext_ln287" [/users/arashs/U280_CRC_Accelerator/src/kernel.cpp:287]   --->   Operation 169 'readreq' 'empty_40' <Predicate = true> <Delay = 2.43> <CoreInst = "m_axi">   --->   Core 121 'm_axi' <Latency = 0> <II = 1> <Delay = 1.00> <Adapter> <Opcode : 'read' 'write' 'readreq' 'writereq' 'writeresp'>

State 75 <SV = 74> <Delay = 2.43>
ST_75 : Operation 170 [1/71] (2.43ns)   --->   "%empty_40 = readreq i1 @_ssdm_op_ReadReq.m_axi.p1i128, i128 %gmem0_addr, i32 %zext_ln287" [/users/arashs/U280_CRC_Accelerator/src/kernel.cpp:287]   --->   Operation 170 'readreq' 'empty_40' <Predicate = true> <Delay = 2.43> <CoreInst = "m_axi">   --->   Core 121 'm_axi' <Latency = 0> <II = 1> <Delay = 1.00> <Adapter> <Opcode : 'read' 'write' 'readreq' 'writereq' 'writeresp'>

State 76 <SV = 75> <Delay = 1.24>
ST_76 : Operation 171 [1/1] (0.00ns)   --->   "%empty_41 = wait i32 @_ssdm_op_Wait"   --->   Operation 171 'wait' 'empty_41' <Predicate = true> <Delay = 0.00>
ST_76 : Operation 172 [2/2] (1.24ns)   --->   "%call_ln287 = call void @read_input_Pipeline_mem_rd, i128 %gmem0, i60 %trunc_ln1, i29 %loop_count, i8 %inByte0, i8 %inByte1, i8 %inByte2, i8 %inByte3, i8 %inByte4, i8 %inByte5, i8 %inByte6, i8 %inByte7, i8 %inByte8, i8 %inByte9, i8 %inByte10, i8 %inByte11, i8 %inByte12, i8 %inByte13, i8 %inByte14, i8 %inByte15" [/users/arashs/U280_CRC_Accelerator/src/kernel.cpp:287]   --->   Operation 172 'call' 'call_ln287' <Predicate = true> <Delay = 1.24> <CoreType = "Generic">   --->   Core 0 '' <Latency = 0> <II = 1> <Delay = 1.00> <Generic> <Opcode : >

State 77 <SV = 76> <Delay = 0.00>
ST_77 : Operation 173 [1/1] (0.00ns)   --->   "%specinterface_ln0 = specinterface void @_ssdm_op_SpecInterface, i32 %chunkSize_c, void @ap_fifo_str, i32 0, i32 0, void @p_str, i32 0, i32 0, void @p_str, void @p_str, void @p_str, i32 2, i32 2, i32 16, i32 16, void @p_str, void @ScalarProp_str, i32 4294967295, i32 0"   --->   Operation 173 'specinterface' 'specinterface_ln0' <Predicate = true> <Delay = 0.00>
ST_77 : Operation 174 [1/1] (0.00ns)   --->   "%specinterface_ln0 = specinterface void @_ssdm_op_SpecInterface, i32 %numChunks_c12, void @ap_fifo_str, i32 0, i32 0, void @p_str, i32 0, i32 0, void @p_str, void @p_str, void @p_str, i32 2, i32 2, i32 16, i32 16, void @p_str, void @ScalarProp_str, i32 4294967295, i32 0"   --->   Operation 174 'specinterface' 'specinterface_ln0' <Predicate = true> <Delay = 0.00>
ST_77 : Operation 175 [1/1] (0.00ns)   --->   "%specinterface_ln0 = specinterface void @_ssdm_op_SpecInterface, i8 %inByte15, void @empty_5, i32 0, i32 0, void @empty_18, i32 0, i32 0, void @empty_18, void @empty_18, void @empty_18, i32 0, i32 0, i32 0, i32 0, void @empty_18, void @empty_18, i32 4294967295, i32 0"   --->   Operation 175 'specinterface' 'specinterface_ln0' <Predicate = true> <Delay = 0.00>
ST_77 : Operation 176 [1/1] (0.00ns)   --->   "%specinterface_ln0 = specinterface void @_ssdm_op_SpecInterface, i8 %inByte14, void @empty_5, i32 0, i32 0, void @empty_18, i32 0, i32 0, void @empty_18, void @empty_18, void @empty_18, i32 0, i32 0, i32 0, i32 0, void @empty_18, void @empty_18, i32 4294967295, i32 0"   --->   Operation 176 'specinterface' 'specinterface_ln0' <Predicate = true> <Delay = 0.00>
ST_77 : Operation 177 [1/1] (0.00ns)   --->   "%specinterface_ln0 = specinterface void @_ssdm_op_SpecInterface, i8 %inByte13, void @empty_5, i32 0, i32 0, void @empty_18, i32 0, i32 0, void @empty_18, void @empty_18, void @empty_18, i32 0, i32 0, i32 0, i32 0, void @empty_18, void @empty_18, i32 4294967295, i32 0"   --->   Operation 177 'specinterface' 'specinterface_ln0' <Predicate = true> <Delay = 0.00>
ST_77 : Operation 178 [1/1] (0.00ns)   --->   "%specinterface_ln0 = specinterface void @_ssdm_op_SpecInterface, i8 %inByte12, void @empty_5, i32 0, i32 0, void @empty_18, i32 0, i32 0, void @empty_18, void @empty_18, void @empty_18, i32 0, i32 0, i32 0, i32 0, void @empty_18, void @empty_18, i32 4294967295, i32 0"   --->   Operation 178 'specinterface' 'specinterface_ln0' <Predicate = true> <Delay = 0.00>
ST_77 : Operation 179 [1/1] (0.00ns)   --->   "%specinterface_ln0 = specinterface void @_ssdm_op_SpecInterface, i8 %inByte11, void @empty_5, i32 0, i32 0, void @empty_18, i32 0, i32 0, void @empty_18, void @empty_18, void @empty_18, i32 0, i32 0, i32 0, i32 0, void @empty_18, void @empty_18, i32 4294967295, i32 0"   --->   Operation 179 'specinterface' 'specinterface_ln0' <Predicate = true> <Delay = 0.00>
ST_77 : Operation 180 [1/1] (0.00ns)   --->   "%specinterface_ln0 = specinterface void @_ssdm_op_SpecInterface, i8 %inByte10, void @empty_5, i32 0, i32 0, void @empty_18, i32 0, i32 0, void @empty_18, void @empty_18, void @empty_18, i32 0, i32 0, i32 0, i32 0, void @empty_18, void @empty_18, i32 4294967295, i32 0"   --->   Operation 180 'specinterface' 'specinterface_ln0' <Predicate = true> <Delay = 0.00>
ST_77 : Operation 181 [1/1] (0.00ns)   --->   "%specinterface_ln0 = specinterface void @_ssdm_op_SpecInterface, i8 %inByte9, void @empty_5, i32 0, i32 0, void @empty_18, i32 0, i32 0, void @empty_18, void @empty_18, void @empty_18, i32 0, i32 0, i32 0, i32 0, void @empty_18, void @empty_18, i32 4294967295, i32 0"   --->   Operation 181 'specinterface' 'specinterface_ln0' <Predicate = true> <Delay = 0.00>
ST_77 : Operation 182 [1/1] (0.00ns)   --->   "%specinterface_ln0 = specinterface void @_ssdm_op_SpecInterface, i8 %inByte8, void @empty_5, i32 0, i32 0, void @empty_18, i32 0, i32 0, void @empty_18, void @empty_18, void @empty_18, i32 0, i32 0, i32 0, i32 0, void @empty_18, void @empty_18, i32 4294967295, i32 0"   --->   Operation 182 'specinterface' 'specinterface_ln0' <Predicate = true> <Delay = 0.00>
ST_77 : Operation 183 [1/1] (0.00ns)   --->   "%specinterface_ln0 = specinterface void @_ssdm_op_SpecInterface, i8 %inByte7, void @empty_5, i32 0, i32 0, void @empty_18, i32 0, i32 0, void @empty_18, void @empty_18, void @empty_18, i32 0, i32 0, i32 0, i32 0, void @empty_18, void @empty_18, i32 4294967295, i32 0"   --->   Operation 183 'specinterface' 'specinterface_ln0' <Predicate = true> <Delay = 0.00>
ST_77 : Operation 184 [1/1] (0.00ns)   --->   "%specinterface_ln0 = specinterface void @_ssdm_op_SpecInterface, i8 %inByte6, void @empty_5, i32 0, i32 0, void @empty_18, i32 0, i32 0, void @empty_18, void @empty_18, void @empty_18, i32 0, i32 0, i32 0, i32 0, void @empty_18, void @empty_18, i32 4294967295, i32 0"   --->   Operation 184 'specinterface' 'specinterface_ln0' <Predicate = true> <Delay = 0.00>
ST_77 : Operation 185 [1/1] (0.00ns)   --->   "%specinterface_ln0 = specinterface void @_ssdm_op_SpecInterface, i8 %inByte5, void @empty_5, i32 0, i32 0, void @empty_18, i32 0, i32 0, void @empty_18, void @empty_18, void @empty_18, i32 0, i32 0, i32 0, i32 0, void @empty_18, void @empty_18, i32 4294967295, i32 0"   --->   Operation 185 'specinterface' 'specinterface_ln0' <Predicate = true> <Delay = 0.00>
ST_77 : Operation 186 [1/1] (0.00ns)   --->   "%specinterface_ln0 = specinterface void @_ssdm_op_SpecInterface, i8 %inByte4, void @empty_5, i32 0, i32 0, void @empty_18, i32 0, i32 0, void @empty_18, void @empty_18, void @empty_18, i32 0, i32 0, i32 0, i32 0, void @empty_18, void @empty_18, i32 4294967295, i32 0"   --->   Operation 186 'specinterface' 'specinterface_ln0' <Predicate = true> <Delay = 0.00>
ST_77 : Operation 187 [1/1] (0.00ns)   --->   "%specinterface_ln0 = specinterface void @_ssdm_op_SpecInterface, i8 %inByte3, void @empty_5, i32 0, i32 0, void @empty_18, i32 0, i32 0, void @empty_18, void @empty_18, void @empty_18, i32 0, i32 0, i32 0, i32 0, void @empty_18, void @empty_18, i32 4294967295, i32 0"   --->   Operation 187 'specinterface' 'specinterface_ln0' <Predicate = true> <Delay = 0.00>
ST_77 : Operation 188 [1/1] (0.00ns)   --->   "%specinterface_ln0 = specinterface void @_ssdm_op_SpecInterface, i8 %inByte2, void @empty_5, i32 0, i32 0, void @empty_18, i32 0, i32 0, void @empty_18, void @empty_18, void @empty_18, i32 0, i32 0, i32 0, i32 0, void @empty_18, void @empty_18, i32 4294967295, i32 0"   --->   Operation 188 'specinterface' 'specinterface_ln0' <Predicate = true> <Delay = 0.00>
ST_77 : Operation 189 [1/1] (0.00ns)   --->   "%specinterface_ln0 = specinterface void @_ssdm_op_SpecInterface, i8 %inByte1, void @empty_5, i32 0, i32 0, void @empty_18, i32 0, i32 0, void @empty_18, void @empty_18, void @empty_18, i32 0, i32 0, i32 0, i32 0, void @empty_18, void @empty_18, i32 4294967295, i32 0"   --->   Operation 189 'specinterface' 'specinterface_ln0' <Predicate = true> <Delay = 0.00>
ST_77 : Operation 190 [1/1] (0.00ns)   --->   "%specinterface_ln0 = specinterface void @_ssdm_op_SpecInterface, i8 %inByte0, void @empty_5, i32 0, i32 0, void @empty_18, i32 0, i32 0, void @empty_18, void @empty_18, void @empty_18, i32 0, i32 0, i32 0, i32 0, void @empty_18, void @empty_18, i32 4294967295, i32 0"   --->   Operation 190 'specinterface' 'specinterface_ln0' <Predicate = true> <Delay = 0.00>
ST_77 : Operation 191 [1/1] (0.00ns)   --->   "%specinterface_ln0 = specinterface void @_ssdm_op_SpecInterface, i128 %gmem0, void @empty_17, i32 0, i32 0, void @empty_18, i32 64, i32 1024, void @empty_19, void @empty_4, void @empty_18, i32 16, i32 16, i32 16, i32 16, void @empty_18, void @empty_18, i32 4294967295, i32 0"   --->   Operation 191 'specinterface' 'specinterface_ln0' <Predicate = true> <Delay = 0.00>
ST_77 : Operation 192 [1/2] (0.00ns)   --->   "%call_ln287 = call void @read_input_Pipeline_mem_rd, i128 %gmem0, i60 %trunc_ln1, i29 %loop_count, i8 %inByte0, i8 %inByte1, i8 %inByte2, i8 %inByte3, i8 %inByte4, i8 %inByte5, i8 %inByte6, i8 %inByte7, i8 %inByte8, i8 %inByte9, i8 %inByte10, i8 %inByte11, i8 %inByte12, i8 %inByte13, i8 %inByte14, i8 %inByte15" [/users/arashs/U280_CRC_Accelerator/src/kernel.cpp:287]   --->   Operation 192 'call' 'call_ln287' <Predicate = true> <Delay = 0.00> <CoreType = "Generic">   --->   Core 0 '' <Latency = 0> <II = 1> <Delay = 1.00> <Generic> <Opcode : >
ST_77 : Operation 193 [1/1] (0.00ns)   --->   "%ret_ln308 = ret" [/users/arashs/U280_CRC_Accelerator/src/kernel.cpp:308]   --->   Operation 193 'ret' 'ret_ln308' <Predicate = true> <Delay = 0.00>


============================================================
+ Verbose Summary: Timing violations
============================================================
Target clock period: 3.333ns, clock uncertainty: 0.900ns.

 <State 1>: 2.291ns
The critical path consists of the following:
	wire read operation ('chunkSize_read') on port 'chunkSize' [24]  (0.000 ns)
	'mul' operation ('total_bytes', /users/arashs/U280_CRC_Accelerator/src/kernel.cpp:282) [47]  (2.291 ns)

 <State 2>: 2.291ns
The critical path consists of the following:
	'mul' operation ('total_bytes', /users/arashs/U280_CRC_Accelerator/src/kernel.cpp:282) [47]  (2.291 ns)

 <State 3>: 0.880ns
The critical path consists of the following:
	'sub' operation ('sub_ln283', /users/arashs/U280_CRC_Accelerator/src/kernel.cpp:283) [49]  (0.880 ns)

 <State 4>: 2.342ns
The critical path consists of the following:
	'sub' operation ('sub_ln283_1', /users/arashs/U280_CRC_Accelerator/src/kernel.cpp:283) [52]  (0.856 ns)
	'select' operation ('loop_count', /users/arashs/U280_CRC_Accelerator/src/kernel.cpp:283) [55]  (0.300 ns)
	'icmp' operation ('icmp_ln287', /users/arashs/U280_CRC_Accelerator/src/kernel.cpp:287) [57]  (0.862 ns)
	'select' operation ('empty', /users/arashs/U280_CRC_Accelerator/src/kernel.cpp:287) [61]  (0.324 ns)

 <State 5>: 2.433ns
The critical path consists of the following:
	wire read operation ('in_read') on port 'in_r' [26]  (0.000 ns)
	'getelementptr' operation ('gmem0_addr', /users/arashs/U280_CRC_Accelerator/src/kernel.cpp:287) [60]  (0.000 ns)
	bus request operation ('empty_40', /users/arashs/U280_CRC_Accelerator/src/kernel.cpp:287) on port 'gmem0' (/users/arashs/U280_CRC_Accelerator/src/kernel.cpp:287) [63]  (2.433 ns)

 <State 6>: 2.433ns
The critical path consists of the following:
	bus request operation ('empty_40', /users/arashs/U280_CRC_Accelerator/src/kernel.cpp:287) on port 'gmem0' (/users/arashs/U280_CRC_Accelerator/src/kernel.cpp:287) [63]  (2.433 ns)

 <State 7>: 2.433ns
The critical path consists of the following:
	bus request operation ('empty_40', /users/arashs/U280_CRC_Accelerator/src/kernel.cpp:287) on port 'gmem0' (/users/arashs/U280_CRC_Accelerator/src/kernel.cpp:287) [63]  (2.433 ns)

 <State 8>: 2.433ns
The critical path consists of the following:
	bus request operation ('empty_40', /users/arashs/U280_CRC_Accelerator/src/kernel.cpp:287) on port 'gmem0' (/users/arashs/U280_CRC_Accelerator/src/kernel.cpp:287) [63]  (2.433 ns)

 <State 9>: 2.433ns
The critical path consists of the following:
	bus request operation ('empty_40', /users/arashs/U280_CRC_Accelerator/src/kernel.cpp:287) on port 'gmem0' (/users/arashs/U280_CRC_Accelerator/src/kernel.cpp:287) [63]  (2.433 ns)

 <State 10>: 2.433ns
The critical path consists of the following:
	bus request operation ('empty_40', /users/arashs/U280_CRC_Accelerator/src/kernel.cpp:287) on port 'gmem0' (/users/arashs/U280_CRC_Accelerator/src/kernel.cpp:287) [63]  (2.433 ns)

 <State 11>: 2.433ns
The critical path consists of the following:
	bus request operation ('empty_40', /users/arashs/U280_CRC_Accelerator/src/kernel.cpp:287) on port 'gmem0' (/users/arashs/U280_CRC_Accelerator/src/kernel.cpp:287) [63]  (2.433 ns)

 <State 12>: 2.433ns
The critical path consists of the following:
	bus request operation ('empty_40', /users/arashs/U280_CRC_Accelerator/src/kernel.cpp:287) on port 'gmem0' (/users/arashs/U280_CRC_Accelerator/src/kernel.cpp:287) [63]  (2.433 ns)

 <State 13>: 2.433ns
The critical path consists of the following:
	bus request operation ('empty_40', /users/arashs/U280_CRC_Accelerator/src/kernel.cpp:287) on port 'gmem0' (/users/arashs/U280_CRC_Accelerator/src/kernel.cpp:287) [63]  (2.433 ns)

 <State 14>: 2.433ns
The critical path consists of the following:
	bus request operation ('empty_40', /users/arashs/U280_CRC_Accelerator/src/kernel.cpp:287) on port 'gmem0' (/users/arashs/U280_CRC_Accelerator/src/kernel.cpp:287) [63]  (2.433 ns)

 <State 15>: 2.433ns
The critical path consists of the following:
	bus request operation ('empty_40', /users/arashs/U280_CRC_Accelerator/src/kernel.cpp:287) on port 'gmem0' (/users/arashs/U280_CRC_Accelerator/src/kernel.cpp:287) [63]  (2.433 ns)

 <State 16>: 2.433ns
The critical path consists of the following:
	bus request operation ('empty_40', /users/arashs/U280_CRC_Accelerator/src/kernel.cpp:287) on port 'gmem0' (/users/arashs/U280_CRC_Accelerator/src/kernel.cpp:287) [63]  (2.433 ns)

 <State 17>: 2.433ns
The critical path consists of the following:
	bus request operation ('empty_40', /users/arashs/U280_CRC_Accelerator/src/kernel.cpp:287) on port 'gmem0' (/users/arashs/U280_CRC_Accelerator/src/kernel.cpp:287) [63]  (2.433 ns)

 <State 18>: 2.433ns
The critical path consists of the following:
	bus request operation ('empty_40', /users/arashs/U280_CRC_Accelerator/src/kernel.cpp:287) on port 'gmem0' (/users/arashs/U280_CRC_Accelerator/src/kernel.cpp:287) [63]  (2.433 ns)

 <State 19>: 2.433ns
The critical path consists of the following:
	bus request operation ('empty_40', /users/arashs/U280_CRC_Accelerator/src/kernel.cpp:287) on port 'gmem0' (/users/arashs/U280_CRC_Accelerator/src/kernel.cpp:287) [63]  (2.433 ns)

 <State 20>: 2.433ns
The critical path consists of the following:
	bus request operation ('empty_40', /users/arashs/U280_CRC_Accelerator/src/kernel.cpp:287) on port 'gmem0' (/users/arashs/U280_CRC_Accelerator/src/kernel.cpp:287) [63]  (2.433 ns)

 <State 21>: 2.433ns
The critical path consists of the following:
	bus request operation ('empty_40', /users/arashs/U280_CRC_Accelerator/src/kernel.cpp:287) on port 'gmem0' (/users/arashs/U280_CRC_Accelerator/src/kernel.cpp:287) [63]  (2.433 ns)

 <State 22>: 2.433ns
The critical path consists of the following:
	bus request operation ('empty_40', /users/arashs/U280_CRC_Accelerator/src/kernel.cpp:287) on port 'gmem0' (/users/arashs/U280_CRC_Accelerator/src/kernel.cpp:287) [63]  (2.433 ns)

 <State 23>: 2.433ns
The critical path consists of the following:
	bus request operation ('empty_40', /users/arashs/U280_CRC_Accelerator/src/kernel.cpp:287) on port 'gmem0' (/users/arashs/U280_CRC_Accelerator/src/kernel.cpp:287) [63]  (2.433 ns)

 <State 24>: 2.433ns
The critical path consists of the following:
	bus request operation ('empty_40', /users/arashs/U280_CRC_Accelerator/src/kernel.cpp:287) on port 'gmem0' (/users/arashs/U280_CRC_Accelerator/src/kernel.cpp:287) [63]  (2.433 ns)

 <State 25>: 2.433ns
The critical path consists of the following:
	bus request operation ('empty_40', /users/arashs/U280_CRC_Accelerator/src/kernel.cpp:287) on port 'gmem0' (/users/arashs/U280_CRC_Accelerator/src/kernel.cpp:287) [63]  (2.433 ns)

 <State 26>: 2.433ns
The critical path consists of the following:
	bus request operation ('empty_40', /users/arashs/U280_CRC_Accelerator/src/kernel.cpp:287) on port 'gmem0' (/users/arashs/U280_CRC_Accelerator/src/kernel.cpp:287) [63]  (2.433 ns)

 <State 27>: 2.433ns
The critical path consists of the following:
	bus request operation ('empty_40', /users/arashs/U280_CRC_Accelerator/src/kernel.cpp:287) on port 'gmem0' (/users/arashs/U280_CRC_Accelerator/src/kernel.cpp:287) [63]  (2.433 ns)

 <State 28>: 2.433ns
The critical path consists of the following:
	bus request operation ('empty_40', /users/arashs/U280_CRC_Accelerator/src/kernel.cpp:287) on port 'gmem0' (/users/arashs/U280_CRC_Accelerator/src/kernel.cpp:287) [63]  (2.433 ns)

 <State 29>: 2.433ns
The critical path consists of the following:
	bus request operation ('empty_40', /users/arashs/U280_CRC_Accelerator/src/kernel.cpp:287) on port 'gmem0' (/users/arashs/U280_CRC_Accelerator/src/kernel.cpp:287) [63]  (2.433 ns)

 <State 30>: 2.433ns
The critical path consists of the following:
	bus request operation ('empty_40', /users/arashs/U280_CRC_Accelerator/src/kernel.cpp:287) on port 'gmem0' (/users/arashs/U280_CRC_Accelerator/src/kernel.cpp:287) [63]  (2.433 ns)

 <State 31>: 2.433ns
The critical path consists of the following:
	bus request operation ('empty_40', /users/arashs/U280_CRC_Accelerator/src/kernel.cpp:287) on port 'gmem0' (/users/arashs/U280_CRC_Accelerator/src/kernel.cpp:287) [63]  (2.433 ns)

 <State 32>: 2.433ns
The critical path consists of the following:
	bus request operation ('empty_40', /users/arashs/U280_CRC_Accelerator/src/kernel.cpp:287) on port 'gmem0' (/users/arashs/U280_CRC_Accelerator/src/kernel.cpp:287) [63]  (2.433 ns)

 <State 33>: 2.433ns
The critical path consists of the following:
	bus request operation ('empty_40', /users/arashs/U280_CRC_Accelerator/src/kernel.cpp:287) on port 'gmem0' (/users/arashs/U280_CRC_Accelerator/src/kernel.cpp:287) [63]  (2.433 ns)

 <State 34>: 2.433ns
The critical path consists of the following:
	bus request operation ('empty_40', /users/arashs/U280_CRC_Accelerator/src/kernel.cpp:287) on port 'gmem0' (/users/arashs/U280_CRC_Accelerator/src/kernel.cpp:287) [63]  (2.433 ns)

 <State 35>: 2.433ns
The critical path consists of the following:
	bus request operation ('empty_40', /users/arashs/U280_CRC_Accelerator/src/kernel.cpp:287) on port 'gmem0' (/users/arashs/U280_CRC_Accelerator/src/kernel.cpp:287) [63]  (2.433 ns)

 <State 36>: 2.433ns
The critical path consists of the following:
	bus request operation ('empty_40', /users/arashs/U280_CRC_Accelerator/src/kernel.cpp:287) on port 'gmem0' (/users/arashs/U280_CRC_Accelerator/src/kernel.cpp:287) [63]  (2.433 ns)

 <State 37>: 2.433ns
The critical path consists of the following:
	bus request operation ('empty_40', /users/arashs/U280_CRC_Accelerator/src/kernel.cpp:287) on port 'gmem0' (/users/arashs/U280_CRC_Accelerator/src/kernel.cpp:287) [63]  (2.433 ns)

 <State 38>: 2.433ns
The critical path consists of the following:
	bus request operation ('empty_40', /users/arashs/U280_CRC_Accelerator/src/kernel.cpp:287) on port 'gmem0' (/users/arashs/U280_CRC_Accelerator/src/kernel.cpp:287) [63]  (2.433 ns)

 <State 39>: 2.433ns
The critical path consists of the following:
	bus request operation ('empty_40', /users/arashs/U280_CRC_Accelerator/src/kernel.cpp:287) on port 'gmem0' (/users/arashs/U280_CRC_Accelerator/src/kernel.cpp:287) [63]  (2.433 ns)

 <State 40>: 2.433ns
The critical path consists of the following:
	bus request operation ('empty_40', /users/arashs/U280_CRC_Accelerator/src/kernel.cpp:287) on port 'gmem0' (/users/arashs/U280_CRC_Accelerator/src/kernel.cpp:287) [63]  (2.433 ns)

 <State 41>: 2.433ns
The critical path consists of the following:
	bus request operation ('empty_40', /users/arashs/U280_CRC_Accelerator/src/kernel.cpp:287) on port 'gmem0' (/users/arashs/U280_CRC_Accelerator/src/kernel.cpp:287) [63]  (2.433 ns)

 <State 42>: 2.433ns
The critical path consists of the following:
	bus request operation ('empty_40', /users/arashs/U280_CRC_Accelerator/src/kernel.cpp:287) on port 'gmem0' (/users/arashs/U280_CRC_Accelerator/src/kernel.cpp:287) [63]  (2.433 ns)

 <State 43>: 2.433ns
The critical path consists of the following:
	bus request operation ('empty_40', /users/arashs/U280_CRC_Accelerator/src/kernel.cpp:287) on port 'gmem0' (/users/arashs/U280_CRC_Accelerator/src/kernel.cpp:287) [63]  (2.433 ns)

 <State 44>: 2.433ns
The critical path consists of the following:
	bus request operation ('empty_40', /users/arashs/U280_CRC_Accelerator/src/kernel.cpp:287) on port 'gmem0' (/users/arashs/U280_CRC_Accelerator/src/kernel.cpp:287) [63]  (2.433 ns)

 <State 45>: 2.433ns
The critical path consists of the following:
	bus request operation ('empty_40', /users/arashs/U280_CRC_Accelerator/src/kernel.cpp:287) on port 'gmem0' (/users/arashs/U280_CRC_Accelerator/src/kernel.cpp:287) [63]  (2.433 ns)

 <State 46>: 2.433ns
The critical path consists of the following:
	bus request operation ('empty_40', /users/arashs/U280_CRC_Accelerator/src/kernel.cpp:287) on port 'gmem0' (/users/arashs/U280_CRC_Accelerator/src/kernel.cpp:287) [63]  (2.433 ns)

 <State 47>: 2.433ns
The critical path consists of the following:
	bus request operation ('empty_40', /users/arashs/U280_CRC_Accelerator/src/kernel.cpp:287) on port 'gmem0' (/users/arashs/U280_CRC_Accelerator/src/kernel.cpp:287) [63]  (2.433 ns)

 <State 48>: 2.433ns
The critical path consists of the following:
	bus request operation ('empty_40', /users/arashs/U280_CRC_Accelerator/src/kernel.cpp:287) on port 'gmem0' (/users/arashs/U280_CRC_Accelerator/src/kernel.cpp:287) [63]  (2.433 ns)

 <State 49>: 2.433ns
The critical path consists of the following:
	bus request operation ('empty_40', /users/arashs/U280_CRC_Accelerator/src/kernel.cpp:287) on port 'gmem0' (/users/arashs/U280_CRC_Accelerator/src/kernel.cpp:287) [63]  (2.433 ns)

 <State 50>: 2.433ns
The critical path consists of the following:
	bus request operation ('empty_40', /users/arashs/U280_CRC_Accelerator/src/kernel.cpp:287) on port 'gmem0' (/users/arashs/U280_CRC_Accelerator/src/kernel.cpp:287) [63]  (2.433 ns)

 <State 51>: 2.433ns
The critical path consists of the following:
	bus request operation ('empty_40', /users/arashs/U280_CRC_Accelerator/src/kernel.cpp:287) on port 'gmem0' (/users/arashs/U280_CRC_Accelerator/src/kernel.cpp:287) [63]  (2.433 ns)

 <State 52>: 2.433ns
The critical path consists of the following:
	bus request operation ('empty_40', /users/arashs/U280_CRC_Accelerator/src/kernel.cpp:287) on port 'gmem0' (/users/arashs/U280_CRC_Accelerator/src/kernel.cpp:287) [63]  (2.433 ns)

 <State 53>: 2.433ns
The critical path consists of the following:
	bus request operation ('empty_40', /users/arashs/U280_CRC_Accelerator/src/kernel.cpp:287) on port 'gmem0' (/users/arashs/U280_CRC_Accelerator/src/kernel.cpp:287) [63]  (2.433 ns)

 <State 54>: 2.433ns
The critical path consists of the following:
	bus request operation ('empty_40', /users/arashs/U280_CRC_Accelerator/src/kernel.cpp:287) on port 'gmem0' (/users/arashs/U280_CRC_Accelerator/src/kernel.cpp:287) [63]  (2.433 ns)

 <State 55>: 2.433ns
The critical path consists of the following:
	bus request operation ('empty_40', /users/arashs/U280_CRC_Accelerator/src/kernel.cpp:287) on port 'gmem0' (/users/arashs/U280_CRC_Accelerator/src/kernel.cpp:287) [63]  (2.433 ns)

 <State 56>: 2.433ns
The critical path consists of the following:
	bus request operation ('empty_40', /users/arashs/U280_CRC_Accelerator/src/kernel.cpp:287) on port 'gmem0' (/users/arashs/U280_CRC_Accelerator/src/kernel.cpp:287) [63]  (2.433 ns)

 <State 57>: 2.433ns
The critical path consists of the following:
	bus request operation ('empty_40', /users/arashs/U280_CRC_Accelerator/src/kernel.cpp:287) on port 'gmem0' (/users/arashs/U280_CRC_Accelerator/src/kernel.cpp:287) [63]  (2.433 ns)

 <State 58>: 2.433ns
The critical path consists of the following:
	bus request operation ('empty_40', /users/arashs/U280_CRC_Accelerator/src/kernel.cpp:287) on port 'gmem0' (/users/arashs/U280_CRC_Accelerator/src/kernel.cpp:287) [63]  (2.433 ns)

 <State 59>: 2.433ns
The critical path consists of the following:
	bus request operation ('empty_40', /users/arashs/U280_CRC_Accelerator/src/kernel.cpp:287) on port 'gmem0' (/users/arashs/U280_CRC_Accelerator/src/kernel.cpp:287) [63]  (2.433 ns)

 <State 60>: 2.433ns
The critical path consists of the following:
	bus request operation ('empty_40', /users/arashs/U280_CRC_Accelerator/src/kernel.cpp:287) on port 'gmem0' (/users/arashs/U280_CRC_Accelerator/src/kernel.cpp:287) [63]  (2.433 ns)

 <State 61>: 2.433ns
The critical path consists of the following:
	bus request operation ('empty_40', /users/arashs/U280_CRC_Accelerator/src/kernel.cpp:287) on port 'gmem0' (/users/arashs/U280_CRC_Accelerator/src/kernel.cpp:287) [63]  (2.433 ns)

 <State 62>: 2.433ns
The critical path consists of the following:
	bus request operation ('empty_40', /users/arashs/U280_CRC_Accelerator/src/kernel.cpp:287) on port 'gmem0' (/users/arashs/U280_CRC_Accelerator/src/kernel.cpp:287) [63]  (2.433 ns)

 <State 63>: 2.433ns
The critical path consists of the following:
	bus request operation ('empty_40', /users/arashs/U280_CRC_Accelerator/src/kernel.cpp:287) on port 'gmem0' (/users/arashs/U280_CRC_Accelerator/src/kernel.cpp:287) [63]  (2.433 ns)

 <State 64>: 2.433ns
The critical path consists of the following:
	bus request operation ('empty_40', /users/arashs/U280_CRC_Accelerator/src/kernel.cpp:287) on port 'gmem0' (/users/arashs/U280_CRC_Accelerator/src/kernel.cpp:287) [63]  (2.433 ns)

 <State 65>: 2.433ns
The critical path consists of the following:
	bus request operation ('empty_40', /users/arashs/U280_CRC_Accelerator/src/kernel.cpp:287) on port 'gmem0' (/users/arashs/U280_CRC_Accelerator/src/kernel.cpp:287) [63]  (2.433 ns)

 <State 66>: 2.433ns
The critical path consists of the following:
	bus request operation ('empty_40', /users/arashs/U280_CRC_Accelerator/src/kernel.cpp:287) on port 'gmem0' (/users/arashs/U280_CRC_Accelerator/src/kernel.cpp:287) [63]  (2.433 ns)

 <State 67>: 2.433ns
The critical path consists of the following:
	bus request operation ('empty_40', /users/arashs/U280_CRC_Accelerator/src/kernel.cpp:287) on port 'gmem0' (/users/arashs/U280_CRC_Accelerator/src/kernel.cpp:287) [63]  (2.433 ns)

 <State 68>: 2.433ns
The critical path consists of the following:
	bus request operation ('empty_40', /users/arashs/U280_CRC_Accelerator/src/kernel.cpp:287) on port 'gmem0' (/users/arashs/U280_CRC_Accelerator/src/kernel.cpp:287) [63]  (2.433 ns)

 <State 69>: 2.433ns
The critical path consists of the following:
	bus request operation ('empty_40', /users/arashs/U280_CRC_Accelerator/src/kernel.cpp:287) on port 'gmem0' (/users/arashs/U280_CRC_Accelerator/src/kernel.cpp:287) [63]  (2.433 ns)

 <State 70>: 2.433ns
The critical path consists of the following:
	bus request operation ('empty_40', /users/arashs/U280_CRC_Accelerator/src/kernel.cpp:287) on port 'gmem0' (/users/arashs/U280_CRC_Accelerator/src/kernel.cpp:287) [63]  (2.433 ns)

 <State 71>: 2.433ns
The critical path consists of the following:
	bus request operation ('empty_40', /users/arashs/U280_CRC_Accelerator/src/kernel.cpp:287) on port 'gmem0' (/users/arashs/U280_CRC_Accelerator/src/kernel.cpp:287) [63]  (2.433 ns)

 <State 72>: 2.433ns
The critical path consists of the following:
	bus request operation ('empty_40', /users/arashs/U280_CRC_Accelerator/src/kernel.cpp:287) on port 'gmem0' (/users/arashs/U280_CRC_Accelerator/src/kernel.cpp:287) [63]  (2.433 ns)

 <State 73>: 2.433ns
The critical path consists of the following:
	bus request operation ('empty_40', /users/arashs/U280_CRC_Accelerator/src/kernel.cpp:287) on port 'gmem0' (/users/arashs/U280_CRC_Accelerator/src/kernel.cpp:287) [63]  (2.433 ns)

 <State 74>: 2.433ns
The critical path consists of the following:
	bus request operation ('empty_40', /users/arashs/U280_CRC_Accelerator/src/kernel.cpp:287) on port 'gmem0' (/users/arashs/U280_CRC_Accelerator/src/kernel.cpp:287) [63]  (2.433 ns)

 <State 75>: 2.433ns
The critical path consists of the following:
	bus request operation ('empty_40', /users/arashs/U280_CRC_Accelerator/src/kernel.cpp:287) on port 'gmem0' (/users/arashs/U280_CRC_Accelerator/src/kernel.cpp:287) [63]  (2.433 ns)

 <State 76>: 1.249ns
The critical path consists of the following:
	'call' operation ('call_ln287', /users/arashs/U280_CRC_Accelerator/src/kernel.cpp:287) to 'read_input_Pipeline_mem_rd' [65]  (1.249 ns)

 <State 77>: 0.000ns
The critical path consists of the following:


============================================================
+ Verbose Summary: Binding
============================================================
N/A
* FSMD analyzer results:
  - Output states:
 - Input state : 
  - Chain level:
	State 1
	State 2
	State 3
	State 4
	State 5
	State 6
	State 7
	State 8
	State 9
	State 10
	State 11
	State 12
	State 13
	State 14
	State 15
	State 16
	State 17
	State 18
	State 19
	State 20
	State 21
	State 22
	State 23
	State 24
	State 25
	State 26
	State 27
	State 28
	State 29
	State 30
	State 31
	State 32
	State 33
	State 34
	State 35
	State 36
	State 37
	State 38
	State 39
	State 40
	State 41
	State 42
	State 43
	State 44
	State 45
	State 46
	State 47
	State 48
	State 49
	State 50
	State 51
	State 52
	State 53
	State 54
	State 55
	State 56
	State 57
	State 58
	State 59
	State 60
	State 61
	State 62
	State 63
	State 64
	State 65
	State 66
	State 67
	State 68
	State 69
	State 70
	State 71
	State 72
	State 73
	State 74
	State 75
	State 76
	State 77


============================================================
+ Verbose Summary: Datapath Resource usage 
============================================================
N/A
