

================================================================
== Vitis HLS Report for 'write_output_Pipeline_VITIS_LOOP_442_1'
================================================================
* Date:           Mon Feb 16 01:30:42 2026

* Version:        2023.1 (Build 3854077 on May  4 2023)
* Project:        calculate_crc
* Solution:       solution (Vitis Kernel Flow Target)
* Product family: virtexuplusHBM
* Target device:  xcu280-fsvh2892-2L-e


================================================================
== Performance Estimates
================================================================
+ Timing: 
    * Summary: 
    +--------+---------+----------+------------+
    |  Clock |  Target | Estimated| Uncertainty|
    +--------+---------+----------+------------+
    |ap_clk  |  3.33 ns|  2.433 ns|     0.90 ns|
    +--------+---------+----------+------------+

+ Latency: 
    * Summary: 
    +---------+---------+----------+----------+-----+-----+---------+
    |  Latency (cycles) |  Latency (absolute) |  Interval | Pipeline|
    |   min   |   max   |    min   |    max   | min | max |   Type  |
    +---------+---------+----------+----------+-----+-----+---------+
    |        ?|        ?|         ?|         ?|    ?|    ?|       no|
    +---------+---------+----------+----------+-----+-----+---------+

    + Detail: 
        * Instance: 
        N/A

        * Loop: 
        +--------------------+---------+---------+----------+-----------+-----------+------+----------+
        |                    |  Latency (cycles) | Iteration|  Initiation Interval  | Trip |          |
        |      Loop Name     |   min   |   max   |  Latency |  achieved |   target  | Count| Pipelined|
        +--------------------+---------+---------+----------+-----------+-----------+------+----------+
        |- VITIS_LOOP_442_1  |        ?|        ?|        71|          1|          1|     ?|       yes|
        +--------------------+---------+---------+----------+-----------+-----------+------+----------+

============================================================
+ Verbose Summary: Synthesis Manager
============================================================
InlineROM: 1
ExposeGlobal: 0
============================================================
+ Verbose Summary: CDFG Model
============================================================
IsTopModel: 0
ResetActiveHigh: 1
IsCombinational: 0
IsDatapathOnly: 0
HasWiredReturn: 1
HasMFsm: 2
HasVarLatency: 1
IsPipeline: 0
IsRtlPipelined: 0
IsInstanceOverlapped: 0
IsDontTouch: 0
HasImplIP: 0
IsGatedGlobalClock: 0

+ Individual pipeline summary: 
  * Pipeline-0: initiation interval (II) = 1, depth = 71


============================================================
+ Verbose Summary: Schedule
============================================================
* Number of FSM states : 71
* Pipeline : 1
  Pipeline-0 : II = 1, D = 71, States = { 1 2 3 4 5 6 7 8 9 10 11 12 13 14 15 16 17 18 19 20 21 22 23 24 25 26 27 28 29 30 31 32 33 34 35 36 37 38 39 40 41 42 43 44 45 46 47 48 49 50 51 52 53 54 55 56 57 58 59 60 61 62 63 64 65 66 67 68 69 70 71 }
* Dataflow Pipeline: 0

* FSM state transitions: 
1 --> 2 
2 --> 3 
3 --> 4 
4 --> 5 
5 --> 6 
6 --> 7 
7 --> 8 
8 --> 9 
9 --> 10 
10 --> 11 
11 --> 12 
12 --> 13 
13 --> 14 
14 --> 15 
15 --> 16 
16 --> 17 
17 --> 18 
18 --> 19 
19 --> 20 
20 --> 21 
21 --> 22 
22 --> 23 
23 --> 24 
24 --> 25 
25 --> 26 
26 --> 27 
27 --> 28 
28 --> 29 
29 --> 30 
30 --> 31 
31 --> 32 
32 --> 33 
33 --> 34 
34 --> 35 
35 --> 36 
36 --> 37 
37 --> 38 
38 --> 39 
39 --> 40 
40 --> 41 
41 --> 42 
42 --> 43 
43 --> 44 
44 --> 45 
45 --> 46 
46 --> 47 
47 --> 48 
48 --> 49 
49 --> 50 
50 --> 51 
51 --> 52 
52 --> 53 
53 --> 54 
54 --> 55 
55 --> 56 
56 --> 57 
57 --> 58 
58 --> 59 
59 --> 60 
60 --> 61 
61 --> 62 
62 --> 63 
63 --> 64 
64 --> 65 
65 --> 66 
66 --> 67 
67 --> 68 
68 --> 69 
69 --> 70 
70 --> 71 
71 --> 

* FSM state operations: 

State 1 <SV = 0> <Delay = 1.26>
ST_1 : Operation 74 [1/1] (0.00ns)   --->   "%i = alloca i32 1"   --->   Operation 74 'alloca' 'i' <Predicate = true> <Delay = 0.00>
ST_1 : Operation 75 [1/1] (0.00ns)   --->   "%specinterface_ln0 = specinterface void @_ssdm_op_SpecInterface, i128 %gmem0, void @empty_17, i32 0, i32 0, void @empty_18, i32 64, i32 1024, void @empty_19, void @empty_4, void @empty_18, i32 16, i32 16, i32 16, i32 16, void @empty_18, void @empty_18, i32 4294967295, i32 0"   --->   Operation 75 'specinterface' 'specinterface_ln0' <Predicate = true> <Delay = 0.00>
ST_1 : Operation 76 [1/1] (0.00ns)   --->   "%specinterface_ln0 = specinterface void @_ssdm_op_SpecInterface, i32 %outStream, void @empty_5, i32 0, i32 0, void @empty_18, i32 0, i32 0, void @empty_18, void @empty_18, void @empty_18, i32 0, i32 0, i32 0, i32 0, void @empty_18, void @empty_18, i32 4294967295, i32 0"   --->   Operation 76 'specinterface' 'specinterface_ln0' <Predicate = true> <Delay = 0.00>
ST_1 : Operation 77 [1/1] (0.00ns)   --->   "%trunc_ln445_1_read = read i4 @_ssdm_op_Read.ap_auto.i4, i4 %trunc_ln445_1" [/users/arashs/U280_CRC_Accelerator/src/kernel.cpp:440]   --->   Operation 77 'read' 'trunc_ln445_1_read' <Predicate = true> <Delay = 0.00>
ST_1 : Operation 78 [1/1] (0.00ns)   --->   "%crc_out_1_read = read i64 @_ssdm_op_Read.ap_auto.i64, i64 %crc_out_1" [/users/arashs/U280_CRC_Accelerator/src/kernel.cpp:440]   --->   Operation 78 'read' 'crc_out_1_read' <Predicate = true> <Delay = 0.00>
ST_1 : Operation 79 [1/1] (0.00ns)   --->   "%numChunks_1_read = read i32 @_ssdm_op_Read.ap_auto.i32, i32 %numChunks_1" [/users/arashs/U280_CRC_Accelerator/src/kernel.cpp:440]   --->   Operation 79 'read' 'numChunks_1_read' <Predicate = true> <Delay = 0.00>
ST_1 : Operation 80 [1/1] (0.38ns)   --->   "%store_ln0 = store i31 0, i31 %i"   --->   Operation 80 'store' 'store_ln0' <Predicate = true> <Delay = 0.38>
ST_1 : Operation 81 [1/1] (0.00ns)   --->   "%br_ln0 = br void %for.inc"   --->   Operation 81 'br' 'br_ln0' <Predicate = true> <Delay = 0.00>
ST_1 : Operation 82 [1/1] (0.00ns)   --->   "%i_1 = load i31 %i" [/users/arashs/U280_CRC_Accelerator/src/kernel.cpp:445]   --->   Operation 82 'load' 'i_1' <Predicate = true> <Delay = 0.00>
ST_1 : Operation 83 [1/1] (0.00ns)   --->   "%zext_ln442 = zext i31 %i_1" [/users/arashs/U280_CRC_Accelerator/src/kernel.cpp:442]   --->   Operation 83 'zext' 'zext_ln442' <Predicate = true> <Delay = 0.00>
ST_1 : Operation 84 [1/1] (0.88ns)   --->   "%icmp_ln442 = icmp_slt  i32 %zext_ln442, i32 %numChunks_1_read" [/users/arashs/U280_CRC_Accelerator/src/kernel.cpp:442]   --->   Operation 84 'icmp' 'icmp_ln442' <Predicate = true> <Delay = 0.88> <CoreInst = "Cmp">   --->   Core 9 'Cmp' <Latency = 0> <II = 1> <Delay = 0.88> <FuncUnit> <Opcode : 'icmp'> <InPorts = 2> <OutPorts = 1>
ST_1 : Operation 85 [1/1] (0.87ns)   --->   "%add_ln442 = add i31 %i_1, i31 1" [/users/arashs/U280_CRC_Accelerator/src/kernel.cpp:442]   --->   Operation 85 'add' 'add_ln442' <Predicate = true> <Delay = 0.87> <CoreInst = "Adder">   --->   Core 1 'Adder' <Latency = 0> <II = 1> <Delay = 0.87> <FuncUnit> <Opcode : 'add' 'sub'> <InPorts = 2> <OutPorts = 1>
ST_1 : Operation 86 [1/1] (0.00ns)   --->   "%br_ln442 = br i1 %icmp_ln442, void %for.end.loopexit.exitStub, void %for.inc.split" [/users/arashs/U280_CRC_Accelerator/src/kernel.cpp:442]   --->   Operation 86 'br' 'br_ln442' <Predicate = true> <Delay = 0.00>
ST_1 : Operation 87 [1/1] (0.00ns)   --->   "%shl_ln = bitconcatenate i33 @_ssdm_op_BitConcatenate.i33.i31.i2, i31 %i_1, i2 0" [/users/arashs/U280_CRC_Accelerator/src/kernel.cpp:445]   --->   Operation 87 'bitconcatenate' 'shl_ln' <Predicate = (icmp_ln442)> <Delay = 0.00>
ST_1 : Operation 88 [1/1] (0.00ns)   --->   "%zext_ln445_2 = zext i33 %shl_ln" [/users/arashs/U280_CRC_Accelerator/src/kernel.cpp:445]   --->   Operation 88 'zext' 'zext_ln445_2' <Predicate = (icmp_ln442)> <Delay = 0.00>
ST_1 : Operation 89 [1/1] (0.00ns)   --->   "%trunc_ln445 = trunc i31 %i_1" [/users/arashs/U280_CRC_Accelerator/src/kernel.cpp:445]   --->   Operation 89 'trunc' 'trunc_ln445' <Predicate = (icmp_ln442)> <Delay = 0.00>
ST_1 : Operation 90 [1/1] (1.14ns)   --->   "%add_ln445 = add i64 %crc_out_1_read, i64 %zext_ln445_2" [/users/arashs/U280_CRC_Accelerator/src/kernel.cpp:445]   --->   Operation 90 'add' 'add_ln445' <Predicate = (icmp_ln442)> <Delay = 1.14> <CoreInst = "Adder">   --->   Core 1 'Adder' <Latency = 0> <II = 1> <Delay = 1.14> <FuncUnit> <Opcode : 'add' 'sub'> <InPorts = 2> <OutPorts = 1>
ST_1 : Operation 91 [1/1] (0.00ns)   --->   "%trunc_ln = partselect i60 @_ssdm_op_PartSelect.i60.i64.i32.i32, i64 %add_ln445, i32 4, i32 63" [/users/arashs/U280_CRC_Accelerator/src/kernel.cpp:445]   --->   Operation 91 'partselect' 'trunc_ln' <Predicate = (icmp_ln442)> <Delay = 0.00>
ST_1 : Operation 92 [1/1] (0.38ns)   --->   "%store_ln442 = store i31 %add_ln442, i31 %i" [/users/arashs/U280_CRC_Accelerator/src/kernel.cpp:442]   --->   Operation 92 'store' 'store_ln442' <Predicate = (icmp_ln442)> <Delay = 0.38>

State 2 <SV = 1> <Delay = 2.43>
ST_2 : Operation 93 [1/1] (1.21ns)   --->   "%outStream_read = read i32 @_ssdm_op_Read.ap_fifo.volatile.i32P0A, i32 %outStream" [/users/arashs/U280_CRC_Accelerator/src/kernel.cpp:445]   --->   Operation 93 'read' 'outStream_read' <Predicate = true> <Delay = 1.21> <CoreInst = "FIFO">   --->   Core 78 'FIFO' <Latency = 0> <II = 1> <Delay = 1.31> <Storage> <Opcode : 'read' 'write' 'nbread' 'nbwrite'> <Ports = 0> <Width = 32> <Depth = 64> <FIFO>
ST_2 : Operation 94 [1/1] (0.00ns)   --->   "%trunc_ln445_2 = bitconcatenate i4 @_ssdm_op_BitConcatenate.i4.i2.i2, i2 %trunc_ln445, i2 0" [/users/arashs/U280_CRC_Accelerator/src/kernel.cpp:445]   --->   Operation 94 'bitconcatenate' 'trunc_ln445_2' <Predicate = true> <Delay = 0.00>
ST_2 : Operation 95 [1/1] (0.00ns)   --->   "%zext_ln445 = zext i32 %outStream_read" [/users/arashs/U280_CRC_Accelerator/src/kernel.cpp:445]   --->   Operation 95 'zext' 'zext_ln445' <Predicate = true> <Delay = 0.00>
ST_2 : Operation 96 [1/1] (0.70ns)   --->   "%add_ln445_1 = add i4 %trunc_ln445_2, i4 %trunc_ln445_1_read" [/users/arashs/U280_CRC_Accelerator/src/kernel.cpp:445]   --->   Operation 96 'add' 'add_ln445_1' <Predicate = true> <Delay = 0.70> <CoreInst = "Adder">   --->   Core 1 'Adder' <Latency = 0> <II = 1> <Delay = 0.70> <FuncUnit> <Opcode : 'add' 'sub'> <InPorts = 2> <OutPorts = 1>
ST_2 : Operation 97 [1/1] (0.00ns)   --->   "%zext_ln445_1 = zext i4 %add_ln445_1" [/users/arashs/U280_CRC_Accelerator/src/kernel.cpp:445]   --->   Operation 97 'zext' 'zext_ln445_1' <Predicate = true> <Delay = 0.00>
ST_2 : Operation 98 [1/1] (0.59ns)   --->   "%shl_ln445 = shl i16 15, i16 %zext_ln445_1" [/users/arashs/U280_CRC_Accelerator/src/kernel.cpp:445]   --->   Operation 98 'shl' 'shl_ln445' <Predicate = true> <Delay = 0.59> <CoreInst = "Shifter">   --->   Core 75 'Shifter' <Latency = 0> <II = 1> <Delay = 0.59> <FuncUnit> <Opcode : 'shl' 'lshr' 'ashr'> <InPorts = 2> <OutPorts = 1>
ST_2 : Operation 99 [1/1] (0.00ns)   --->   "%shl_ln445_2 = bitconcatenate i7 @_ssdm_op_BitConcatenate.i7.i4.i3, i4 %add_ln445_1, i3 0" [/users/arashs/U280_CRC_Accelerator/src/kernel.cpp:445]   --->   Operation 99 'bitconcatenate' 'shl_ln445_2' <Predicate = true> <Delay = 0.00>
ST_2 : Operation 100 [1/1] (0.00ns)   --->   "%zext_ln445_3 = zext i7 %shl_ln445_2" [/users/arashs/U280_CRC_Accelerator/src/kernel.cpp:445]   --->   Operation 100 'zext' 'zext_ln445_3' <Predicate = true> <Delay = 0.00>
ST_2 : Operation 101 [1/1] (1.05ns)   --->   "%shl_ln445_1 = shl i128 %zext_ln445, i128 %zext_ln445_3" [/users/arashs/U280_CRC_Accelerator/src/kernel.cpp:445]   --->   Operation 101 'shl' 'shl_ln445_1' <Predicate = true> <Delay = 1.05> <CoreInst = "Shifter">   --->   Core 75 'Shifter' <Latency = 0> <II = 1> <Delay = 1.05> <FuncUnit> <Opcode : 'shl' 'lshr' 'ashr'> <InPorts = 2> <OutPorts = 1>
ST_2 : Operation 102 [1/1] (0.00ns)   --->   "%sext_ln445 = sext i60 %trunc_ln" [/users/arashs/U280_CRC_Accelerator/src/kernel.cpp:445]   --->   Operation 102 'sext' 'sext_ln445' <Predicate = true> <Delay = 0.00>
ST_2 : Operation 103 [1/1] (0.00ns)   --->   "%gmem0_addr = getelementptr i128 %gmem0, i64 %sext_ln445" [/users/arashs/U280_CRC_Accelerator/src/kernel.cpp:445]   --->   Operation 103 'getelementptr' 'gmem0_addr' <Predicate = true> <Delay = 0.00>
ST_2 : Operation 104 [1/1] (2.43ns)   --->   "%empty = writereq i1 @_ssdm_op_WriteReq.m_axi.p1i128, i128 %gmem0_addr, i32 1" [/users/arashs/U280_CRC_Accelerator/src/kernel.cpp:445]   --->   Operation 104 'writereq' 'empty' <Predicate = true> <Delay = 2.43> <CoreInst = "m_axi">   --->   Core 121 'm_axi' <Latency = 0> <II = 1> <Delay = 1.00> <Adapter> <Opcode : 'read' 'write' 'readreq' 'writereq' 'writeresp'>

State 3 <SV = 2> <Delay = 2.43>
ST_3 : Operation 105 [1/1] (2.43ns)   --->   "%write_ln445 = write void @_ssdm_op_Write.m_axi.p1i128, i128 %gmem0_addr, i128 %shl_ln445_1, i16 %shl_ln445" [/users/arashs/U280_CRC_Accelerator/src/kernel.cpp:445]   --->   Operation 105 'write' 'write_ln445' <Predicate = true> <Delay = 2.43> <CoreInst = "m_axi">   --->   Core 121 'm_axi' <Latency = 0> <II = 1> <Delay = 1.00> <Adapter> <Opcode : 'read' 'write' 'readreq' 'writereq' 'writeresp'>

State 4 <SV = 3> <Delay = 2.43>
ST_4 : Operation 106 [68/68] (2.43ns)   --->   "%empty_39 = writeresp i1 @_ssdm_op_WriteResp.m_axi.p1i128, i128 %gmem0_addr" [/users/arashs/U280_CRC_Accelerator/src/kernel.cpp:445]   --->   Operation 106 'writeresp' 'empty_39' <Predicate = true> <Delay = 2.43> <CoreInst = "m_axi">   --->   Core 121 'm_axi' <Latency = 0> <II = 1> <Delay = 1.00> <Adapter> <Opcode : 'read' 'write' 'readreq' 'writereq' 'writeresp'>

State 5 <SV = 4> <Delay = 2.43>
ST_5 : Operation 107 [67/68] (2.43ns)   --->   "%empty_39 = writeresp i1 @_ssdm_op_WriteResp.m_axi.p1i128, i128 %gmem0_addr" [/users/arashs/U280_CRC_Accelerator/src/kernel.cpp:445]   --->   Operation 107 'writeresp' 'empty_39' <Predicate = true> <Delay = 2.43> <CoreInst = "m_axi">   --->   Core 121 'm_axi' <Latency = 0> <II = 1> <Delay = 1.00> <Adapter> <Opcode : 'read' 'write' 'readreq' 'writereq' 'writeresp'>

State 6 <SV = 5> <Delay = 2.43>
ST_6 : Operation 108 [66/68] (2.43ns)   --->   "%empty_39 = writeresp i1 @_ssdm_op_WriteResp.m_axi.p1i128, i128 %gmem0_addr" [/users/arashs/U280_CRC_Accelerator/src/kernel.cpp:445]   --->   Operation 108 'writeresp' 'empty_39' <Predicate = true> <Delay = 2.43> <CoreInst = "m_axi">   --->   Core 121 'm_axi' <Latency = 0> <II = 1> <Delay = 1.00> <Adapter> <Opcode : 'read' 'write' 'readreq' 'writereq' 'writeresp'>

State 7 <SV = 6> <Delay = 2.43>
ST_7 : Operation 109 [65/68] (2.43ns)   --->   "%empty_39 = writeresp i1 @_ssdm_op_WriteResp.m_axi.p1i128, i128 %gmem0_addr" [/users/arashs/U280_CRC_Accelerator/src/kernel.cpp:445]   --->   Operation 109 'writeresp' 'empty_39' <Predicate = true> <Delay = 2.43> <CoreInst = "m_axi">   --->   Core 121 'm_axi' <Latency = 0> <II = 1> <Delay = 1.00> <Adapter> <Opcode : 'read' 'write' 'readreq' 'writereq' 'writeresp'>

State 8 <SV = 7> <Delay = 2.43>
ST_8 : Operation 110 [64/68] (2.43ns)   --->   "%empty_39 = writeresp i1 @_ssdm_op_WriteResp.m_axi.p1i128, i128 %gmem0_addr" [/users/arashs/U280_CRC_Accelerator/src/kernel.cpp:445]   --->   Operation 110 'writeresp' 'empty_39' <Predicate = true> <Delay = 2.43> <CoreInst = "m_axi">   --->   Core 121 'm_axi' <Latency = 0> <II = 1> <Delay = 1.00> <Adapter> <Opcode : 'read' 'write' 'readreq' 'writereq' 'writeresp'>

State 9 <SV = 8> <Delay = 2.43>
ST_9 : Operation 111 [63/68] (2.43ns)   --->   "%empty_39 = writeresp i1 @_ssdm_op_WriteResp.m_axi.p1i128, i128 %gmem0_addr" [/users/arashs/U280_CRC_Accelerator/src/kernel.cpp:445]   --->   Operation 111 'writeresp' 'empty_39' <Predicate = true> <Delay = 2.43> <CoreInst = "m_axi">   --->   Core 121 'm_axi' <Latency = 0> <II = 1> <Delay = 1.00> <Adapter> <Opcode : 'read' 'write' 'readreq' 'writereq' 'writeresp'>

State 10 <SV = 9> <Delay = 2.43>
ST_10 : Operation 112 [62/68] (2.43ns)   --->   "%empty_39 = writeresp i1 @_ssdm_op_WriteResp.m_axi.p1i128, i128 %gmem0_addr" [/users/arashs/U280_CRC_Accelerator/src/kernel.cpp:445]   --->   Operation 112 'writeresp' 'empty_39' <Predicate = true> <Delay = 2.43> <CoreInst = "m_axi">   --->   Core 121 'm_axi' <Latency = 0> <II = 1> <Delay = 1.00> <Adapter> <Opcode : 'read' 'write' 'readreq' 'writereq' 'writeresp'>

State 11 <SV = 10> <Delay = 2.43>
ST_11 : Operation 113 [61/68] (2.43ns)   --->   "%empty_39 = writeresp i1 @_ssdm_op_WriteResp.m_axi.p1i128, i128 %gmem0_addr" [/users/arashs/U280_CRC_Accelerator/src/kernel.cpp:445]   --->   Operation 113 'writeresp' 'empty_39' <Predicate = true> <Delay = 2.43> <CoreInst = "m_axi">   --->   Core 121 'm_axi' <Latency = 0> <II = 1> <Delay = 1.00> <Adapter> <Opcode : 'read' 'write' 'readreq' 'writereq' 'writeresp'>

State 12 <SV = 11> <Delay = 2.43>
ST_12 : Operation 114 [60/68] (2.43ns)   --->   "%empty_39 = writeresp i1 @_ssdm_op_WriteResp.m_axi.p1i128, i128 %gmem0_addr" [/users/arashs/U280_CRC_Accelerator/src/kernel.cpp:445]   --->   Operation 114 'writeresp' 'empty_39' <Predicate = true> <Delay = 2.43> <CoreInst = "m_axi">   --->   Core 121 'm_axi' <Latency = 0> <II = 1> <Delay = 1.00> <Adapter> <Opcode : 'read' 'write' 'readreq' 'writereq' 'writeresp'>

State 13 <SV = 12> <Delay = 2.43>
ST_13 : Operation 115 [59/68] (2.43ns)   --->   "%empty_39 = writeresp i1 @_ssdm_op_WriteResp.m_axi.p1i128, i128 %gmem0_addr" [/users/arashs/U280_CRC_Accelerator/src/kernel.cpp:445]   --->   Operation 115 'writeresp' 'empty_39' <Predicate = true> <Delay = 2.43> <CoreInst = "m_axi">   --->   Core 121 'm_axi' <Latency = 0> <II = 1> <Delay = 1.00> <Adapter> <Opcode : 'read' 'write' 'readreq' 'writereq' 'writeresp'>

State 14 <SV = 13> <Delay = 2.43>
ST_14 : Operation 116 [58/68] (2.43ns)   --->   "%empty_39 = writeresp i1 @_ssdm_op_WriteResp.m_axi.p1i128, i128 %gmem0_addr" [/users/arashs/U280_CRC_Accelerator/src/kernel.cpp:445]   --->   Operation 116 'writeresp' 'empty_39' <Predicate = true> <Delay = 2.43> <CoreInst = "m_axi">   --->   Core 121 'm_axi' <Latency = 0> <II = 1> <Delay = 1.00> <Adapter> <Opcode : 'read' 'write' 'readreq' 'writereq' 'writeresp'>

State 15 <SV = 14> <Delay = 2.43>
ST_15 : Operation 117 [57/68] (2.43ns)   --->   "%empty_39 = writeresp i1 @_ssdm_op_WriteResp.m_axi.p1i128, i128 %gmem0_addr" [/users/arashs/U280_CRC_Accelerator/src/kernel.cpp:445]   --->   Operation 117 'writeresp' 'empty_39' <Predicate = true> <Delay = 2.43> <CoreInst = "m_axi">   --->   Core 121 'm_axi' <Latency = 0> <II = 1> <Delay = 1.00> <Adapter> <Opcode : 'read' 'write' 'readreq' 'writereq' 'writeresp'>

State 16 <SV = 15> <Delay = 2.43>
ST_16 : Operation 118 [56/68] (2.43ns)   --->   "%empty_39 = writeresp i1 @_ssdm_op_WriteResp.m_axi.p1i128, i128 %gmem0_addr" [/users/arashs/U280_CRC_Accelerator/src/kernel.cpp:445]   --->   Operation 118 'writeresp' 'empty_39' <Predicate = true> <Delay = 2.43> <CoreInst = "m_axi">   --->   Core 121 'm_axi' <Latency = 0> <II = 1> <Delay = 1.00> <Adapter> <Opcode : 'read' 'write' 'readreq' 'writereq' 'writeresp'>

State 17 <SV = 16> <Delay = 2.43>
ST_17 : Operation 119 [55/68] (2.43ns)   --->   "%empty_39 = writeresp i1 @_ssdm_op_WriteResp.m_axi.p1i128, i128 %gmem0_addr" [/users/arashs/U280_CRC_Accelerator/src/kernel.cpp:445]   --->   Operation 119 'writeresp' 'empty_39' <Predicate = true> <Delay = 2.43> <CoreInst = "m_axi">   --->   Core 121 'm_axi' <Latency = 0> <II = 1> <Delay = 1.00> <Adapter> <Opcode : 'read' 'write' 'readreq' 'writereq' 'writeresp'>

State 18 <SV = 17> <Delay = 2.43>
ST_18 : Operation 120 [54/68] (2.43ns)   --->   "%empty_39 = writeresp i1 @_ssdm_op_WriteResp.m_axi.p1i128, i128 %gmem0_addr" [/users/arashs/U280_CRC_Accelerator/src/kernel.cpp:445]   --->   Operation 120 'writeresp' 'empty_39' <Predicate = true> <Delay = 2.43> <CoreInst = "m_axi">   --->   Core 121 'm_axi' <Latency = 0> <II = 1> <Delay = 1.00> <Adapter> <Opcode : 'read' 'write' 'readreq' 'writereq' 'writeresp'>

State 19 <SV = 18> <Delay = 2.43>
ST_19 : Operation 121 [53/68] (2.43ns)   --->   "%empty_39 = writeresp i1 @_ssdm_op_WriteResp.m_axi.p1i128, i128 %gmem0_addr" [/users/arashs/U280_CRC_Accelerator/src/kernel.cpp:445]   --->   Operation 121 'writeresp' 'empty_39' <Predicate = true> <Delay = 2.43> <CoreInst = "m_axi">   --->   Core 121 'm_axi' <Latency = 0> <II = 1> <Delay = 1.00> <Adapter> <Opcode : 'read' 'write' 'readreq' 'writereq' 'writeresp'>

State 20 <SV = 19> <Delay = 2.43>
ST_20 : Operation 122 [52/68] (2.43ns)   --->   "%empty_39 = writeresp i1 @_ssdm_op_WriteResp.m_axi.p1i128, i128 %gmem0_addr" [/users/arashs/U280_CRC_Accelerator/src/kernel.cpp:445]   --->   Operation 122 'writeresp' 'empty_39' <Predicate = true> <Delay = 2.43> <CoreInst = "m_axi">   --->   Core 121 'm_axi' <Latency = 0> <II = 1> <Delay = 1.00> <Adapter> <Opcode : 'read' 'write' 'readreq' 'writereq' 'writeresp'>

State 21 <SV = 20> <Delay = 2.43>
ST_21 : Operation 123 [51/68] (2.43ns)   --->   "%empty_39 = writeresp i1 @_ssdm_op_WriteResp.m_axi.p1i128, i128 %gmem0_addr" [/users/arashs/U280_CRC_Accelerator/src/kernel.cpp:445]   --->   Operation 123 'writeresp' 'empty_39' <Predicate = true> <Delay = 2.43> <CoreInst = "m_axi">   --->   Core 121 'm_axi' <Latency = 0> <II = 1> <Delay = 1.00> <Adapter> <Opcode : 'read' 'write' 'readreq' 'writereq' 'writeresp'>

State 22 <SV = 21> <Delay = 2.43>
ST_22 : Operation 124 [50/68] (2.43ns)   --->   "%empty_39 = writeresp i1 @_ssdm_op_WriteResp.m_axi.p1i128, i128 %gmem0_addr" [/users/arashs/U280_CRC_Accelerator/src/kernel.cpp:445]   --->   Operation 124 'writeresp' 'empty_39' <Predicate = true> <Delay = 2.43> <CoreInst = "m_axi">   --->   Core 121 'm_axi' <Latency = 0> <II = 1> <Delay = 1.00> <Adapter> <Opcode : 'read' 'write' 'readreq' 'writereq' 'writeresp'>

State 23 <SV = 22> <Delay = 2.43>
ST_23 : Operation 125 [49/68] (2.43ns)   --->   "%empty_39 = writeresp i1 @_ssdm_op_WriteResp.m_axi.p1i128, i128 %gmem0_addr" [/users/arashs/U280_CRC_Accelerator/src/kernel.cpp:445]   --->   Operation 125 'writeresp' 'empty_39' <Predicate = true> <Delay = 2.43> <CoreInst = "m_axi">   --->   Core 121 'm_axi' <Latency = 0> <II = 1> <Delay = 1.00> <Adapter> <Opcode : 'read' 'write' 'readreq' 'writereq' 'writeresp'>

State 24 <SV = 23> <Delay = 2.43>
ST_24 : Operation 126 [48/68] (2.43ns)   --->   "%empty_39 = writeresp i1 @_ssdm_op_WriteResp.m_axi.p1i128, i128 %gmem0_addr" [/users/arashs/U280_CRC_Accelerator/src/kernel.cpp:445]   --->   Operation 126 'writeresp' 'empty_39' <Predicate = true> <Delay = 2.43> <CoreInst = "m_axi">   --->   Core 121 'm_axi' <Latency = 0> <II = 1> <Delay = 1.00> <Adapter> <Opcode : 'read' 'write' 'readreq' 'writereq' 'writeresp'>

State 25 <SV = 24> <Delay = 2.43>
ST_25 : Operation 127 [47/68] (2.43ns)   --->   "%empty_39 = writeresp i1 @_ssdm_op_WriteResp.m_axi.p1i128, i128 %gmem0_addr" [/users/arashs/U280_CRC_Accelerator/src/kernel.cpp:445]   --->   Operation 127 'writeresp' 'empty_39' <Predicate = true> <Delay = 2.43> <CoreInst = "m_axi">   --->   Core 121 'm_axi' <Latency = 0> <II = 1> <Delay = 1.00> <Adapter> <Opcode : 'read' 'write' 'readreq' 'writereq' 'writeresp'>

State 26 <SV = 25> <Delay = 2.43>
ST_26 : Operation 128 [46/68] (2.43ns)   --->   "%empty_39 = writeresp i1 @_ssdm_op_WriteResp.m_axi.p1i128, i128 %gmem0_addr" [/users/arashs/U280_CRC_Accelerator/src/kernel.cpp:445]   --->   Operation 128 'writeresp' 'empty_39' <Predicate = true> <Delay = 2.43> <CoreInst = "m_axi">   --->   Core 121 'm_axi' <Latency = 0> <II = 1> <Delay = 1.00> <Adapter> <Opcode : 'read' 'write' 'readreq' 'writereq' 'writeresp'>

State 27 <SV = 26> <Delay = 2.43>
ST_27 : Operation 129 [45/68] (2.43ns)   --->   "%empty_39 = writeresp i1 @_ssdm_op_WriteResp.m_axi.p1i128, i128 %gmem0_addr" [/users/arashs/U280_CRC_Accelerator/src/kernel.cpp:445]   --->   Operation 129 'writeresp' 'empty_39' <Predicate = true> <Delay = 2.43> <CoreInst = "m_axi">   --->   Core 121 'm_axi' <Latency = 0> <II = 1> <Delay = 1.00> <Adapter> <Opcode : 'read' 'write' 'readreq' 'writereq' 'writeresp'>

State 28 <SV = 27> <Delay = 2.43>
ST_28 : Operation 130 [44/68] (2.43ns)   --->   "%empty_39 = writeresp i1 @_ssdm_op_WriteResp.m_axi.p1i128, i128 %gmem0_addr" [/users/arashs/U280_CRC_Accelerator/src/kernel.cpp:445]   --->   Operation 130 'writeresp' 'empty_39' <Predicate = true> <Delay = 2.43> <CoreInst = "m_axi">   --->   Core 121 'm_axi' <Latency = 0> <II = 1> <Delay = 1.00> <Adapter> <Opcode : 'read' 'write' 'readreq' 'writereq' 'writeresp'>

State 29 <SV = 28> <Delay = 2.43>
ST_29 : Operation 131 [43/68] (2.43ns)   --->   "%empty_39 = writeresp i1 @_ssdm_op_WriteResp.m_axi.p1i128, i128 %gmem0_addr" [/users/arashs/U280_CRC_Accelerator/src/kernel.cpp:445]   --->   Operation 131 'writeresp' 'empty_39' <Predicate = true> <Delay = 2.43> <CoreInst = "m_axi">   --->   Core 121 'm_axi' <Latency = 0> <II = 1> <Delay = 1.00> <Adapter> <Opcode : 'read' 'write' 'readreq' 'writereq' 'writeresp'>

State 30 <SV = 29> <Delay = 2.43>
ST_30 : Operation 132 [42/68] (2.43ns)   --->   "%empty_39 = writeresp i1 @_ssdm_op_WriteResp.m_axi.p1i128, i128 %gmem0_addr" [/users/arashs/U280_CRC_Accelerator/src/kernel.cpp:445]   --->   Operation 132 'writeresp' 'empty_39' <Predicate = true> <Delay = 2.43> <CoreInst = "m_axi">   --->   Core 121 'm_axi' <Latency = 0> <II = 1> <Delay = 1.00> <Adapter> <Opcode : 'read' 'write' 'readreq' 'writereq' 'writeresp'>

State 31 <SV = 30> <Delay = 2.43>
ST_31 : Operation 133 [41/68] (2.43ns)   --->   "%empty_39 = writeresp i1 @_ssdm_op_WriteResp.m_axi.p1i128, i128 %gmem0_addr" [/users/arashs/U280_CRC_Accelerator/src/kernel.cpp:445]   --->   Operation 133 'writeresp' 'empty_39' <Predicate = true> <Delay = 2.43> <CoreInst = "m_axi">   --->   Core 121 'm_axi' <Latency = 0> <II = 1> <Delay = 1.00> <Adapter> <Opcode : 'read' 'write' 'readreq' 'writereq' 'writeresp'>

State 32 <SV = 31> <Delay = 2.43>
ST_32 : Operation 134 [40/68] (2.43ns)   --->   "%empty_39 = writeresp i1 @_ssdm_op_WriteResp.m_axi.p1i128, i128 %gmem0_addr" [/users/arashs/U280_CRC_Accelerator/src/kernel.cpp:445]   --->   Operation 134 'writeresp' 'empty_39' <Predicate = true> <Delay = 2.43> <CoreInst = "m_axi">   --->   Core 121 'm_axi' <Latency = 0> <II = 1> <Delay = 1.00> <Adapter> <Opcode : 'read' 'write' 'readreq' 'writereq' 'writeresp'>

State 33 <SV = 32> <Delay = 2.43>
ST_33 : Operation 135 [39/68] (2.43ns)   --->   "%empty_39 = writeresp i1 @_ssdm_op_WriteResp.m_axi.p1i128, i128 %gmem0_addr" [/users/arashs/U280_CRC_Accelerator/src/kernel.cpp:445]   --->   Operation 135 'writeresp' 'empty_39' <Predicate = true> <Delay = 2.43> <CoreInst = "m_axi">   --->   Core 121 'm_axi' <Latency = 0> <II = 1> <Delay = 1.00> <Adapter> <Opcode : 'read' 'write' 'readreq' 'writereq' 'writeresp'>

State 34 <SV = 33> <Delay = 2.43>
ST_34 : Operation 136 [38/68] (2.43ns)   --->   "%empty_39 = writeresp i1 @_ssdm_op_WriteResp.m_axi.p1i128, i128 %gmem0_addr" [/users/arashs/U280_CRC_Accelerator/src/kernel.cpp:445]   --->   Operation 136 'writeresp' 'empty_39' <Predicate = true> <Delay = 2.43> <CoreInst = "m_axi">   --->   Core 121 'm_axi' <Latency = 0> <II = 1> <Delay = 1.00> <Adapter> <Opcode : 'read' 'write' 'readreq' 'writereq' 'writeresp'>

State 35 <SV = 34> <Delay = 2.43>
ST_35 : Operation 137 [37/68] (2.43ns)   --->   "%empty_39 = writeresp i1 @_ssdm_op_WriteResp.m_axi.p1i128, i128 %gmem0_addr" [/users/arashs/U280_CRC_Accelerator/src/kernel.cpp:445]   --->   Operation 137 'writeresp' 'empty_39' <Predicate = true> <Delay = 2.43> <CoreInst = "m_axi">   --->   Core 121 'm_axi' <Latency = 0> <II = 1> <Delay = 1.00> <Adapter> <Opcode : 'read' 'write' 'readreq' 'writereq' 'writeresp'>

State 36 <SV = 35> <Delay = 2.43>
ST_36 : Operation 138 [36/68] (2.43ns)   --->   "%empty_39 = writeresp i1 @_ssdm_op_WriteResp.m_axi.p1i128, i128 %gmem0_addr" [/users/arashs/U280_CRC_Accelerator/src/kernel.cpp:445]   --->   Operation 138 'writeresp' 'empty_39' <Predicate = true> <Delay = 2.43> <CoreInst = "m_axi">   --->   Core 121 'm_axi' <Latency = 0> <II = 1> <Delay = 1.00> <Adapter> <Opcode : 'read' 'write' 'readreq' 'writereq' 'writeresp'>

State 37 <SV = 36> <Delay = 2.43>
ST_37 : Operation 139 [35/68] (2.43ns)   --->   "%empty_39 = writeresp i1 @_ssdm_op_WriteResp.m_axi.p1i128, i128 %gmem0_addr" [/users/arashs/U280_CRC_Accelerator/src/kernel.cpp:445]   --->   Operation 139 'writeresp' 'empty_39' <Predicate = true> <Delay = 2.43> <CoreInst = "m_axi">   --->   Core 121 'm_axi' <Latency = 0> <II = 1> <Delay = 1.00> <Adapter> <Opcode : 'read' 'write' 'readreq' 'writereq' 'writeresp'>

State 38 <SV = 37> <Delay = 2.43>
ST_38 : Operation 140 [34/68] (2.43ns)   --->   "%empty_39 = writeresp i1 @_ssdm_op_WriteResp.m_axi.p1i128, i128 %gmem0_addr" [/users/arashs/U280_CRC_Accelerator/src/kernel.cpp:445]   --->   Operation 140 'writeresp' 'empty_39' <Predicate = true> <Delay = 2.43> <CoreInst = "m_axi">   --->   Core 121 'm_axi' <Latency = 0> <II = 1> <Delay = 1.00> <Adapter> <Opcode : 'read' 'write' 'readreq' 'writereq' 'writeresp'>

State 39 <SV = 38> <Delay = 2.43>
ST_39 : Operation 141 [33/68] (2.43ns)   --->   "%empty_39 = writeresp i1 @_ssdm_op_WriteResp.m_axi.p1i128, i128 %gmem0_addr" [/users/arashs/U280_CRC_Accelerator/src/kernel.cpp:445]   --->   Operation 141 'writeresp' 'empty_39' <Predicate = true> <Delay = 2.43> <CoreInst = "m_axi">   --->   Core 121 'm_axi' <Latency = 0> <II = 1> <Delay = 1.00> <Adapter> <Opcode : 'read' 'write' 'readreq' 'writereq' 'writeresp'>

State 40 <SV = 39> <Delay = 2.43>
ST_40 : Operation 142 [32/68] (2.43ns)   --->   "%empty_39 = writeresp i1 @_ssdm_op_WriteResp.m_axi.p1i128, i128 %gmem0_addr" [/users/arashs/U280_CRC_Accelerator/src/kernel.cpp:445]   --->   Operation 142 'writeresp' 'empty_39' <Predicate = true> <Delay = 2.43> <CoreInst = "m_axi">   --->   Core 121 'm_axi' <Latency = 0> <II = 1> <Delay = 1.00> <Adapter> <Opcode : 'read' 'write' 'readreq' 'writereq' 'writeresp'>

State 41 <SV = 40> <Delay = 2.43>
ST_41 : Operation 143 [31/68] (2.43ns)   --->   "%empty_39 = writeresp i1 @_ssdm_op_WriteResp.m_axi.p1i128, i128 %gmem0_addr" [/users/arashs/U280_CRC_Accelerator/src/kernel.cpp:445]   --->   Operation 143 'writeresp' 'empty_39' <Predicate = true> <Delay = 2.43> <CoreInst = "m_axi">   --->   Core 121 'm_axi' <Latency = 0> <II = 1> <Delay = 1.00> <Adapter> <Opcode : 'read' 'write' 'readreq' 'writereq' 'writeresp'>

State 42 <SV = 41> <Delay = 2.43>
ST_42 : Operation 144 [30/68] (2.43ns)   --->   "%empty_39 = writeresp i1 @_ssdm_op_WriteResp.m_axi.p1i128, i128 %gmem0_addr" [/users/arashs/U280_CRC_Accelerator/src/kernel.cpp:445]   --->   Operation 144 'writeresp' 'empty_39' <Predicate = true> <Delay = 2.43> <CoreInst = "m_axi">   --->   Core 121 'm_axi' <Latency = 0> <II = 1> <Delay = 1.00> <Adapter> <Opcode : 'read' 'write' 'readreq' 'writereq' 'writeresp'>

State 43 <SV = 42> <Delay = 2.43>
ST_43 : Operation 145 [29/68] (2.43ns)   --->   "%empty_39 = writeresp i1 @_ssdm_op_WriteResp.m_axi.p1i128, i128 %gmem0_addr" [/users/arashs/U280_CRC_Accelerator/src/kernel.cpp:445]   --->   Operation 145 'writeresp' 'empty_39' <Predicate = true> <Delay = 2.43> <CoreInst = "m_axi">   --->   Core 121 'm_axi' <Latency = 0> <II = 1> <Delay = 1.00> <Adapter> <Opcode : 'read' 'write' 'readreq' 'writereq' 'writeresp'>

State 44 <SV = 43> <Delay = 2.43>
ST_44 : Operation 146 [28/68] (2.43ns)   --->   "%empty_39 = writeresp i1 @_ssdm_op_WriteResp.m_axi.p1i128, i128 %gmem0_addr" [/users/arashs/U280_CRC_Accelerator/src/kernel.cpp:445]   --->   Operation 146 'writeresp' 'empty_39' <Predicate = true> <Delay = 2.43> <CoreInst = "m_axi">   --->   Core 121 'm_axi' <Latency = 0> <II = 1> <Delay = 1.00> <Adapter> <Opcode : 'read' 'write' 'readreq' 'writereq' 'writeresp'>

State 45 <SV = 44> <Delay = 2.43>
ST_45 : Operation 147 [27/68] (2.43ns)   --->   "%empty_39 = writeresp i1 @_ssdm_op_WriteResp.m_axi.p1i128, i128 %gmem0_addr" [/users/arashs/U280_CRC_Accelerator/src/kernel.cpp:445]   --->   Operation 147 'writeresp' 'empty_39' <Predicate = true> <Delay = 2.43> <CoreInst = "m_axi">   --->   Core 121 'm_axi' <Latency = 0> <II = 1> <Delay = 1.00> <Adapter> <Opcode : 'read' 'write' 'readreq' 'writereq' 'writeresp'>

State 46 <SV = 45> <Delay = 2.43>
ST_46 : Operation 148 [26/68] (2.43ns)   --->   "%empty_39 = writeresp i1 @_ssdm_op_WriteResp.m_axi.p1i128, i128 %gmem0_addr" [/users/arashs/U280_CRC_Accelerator/src/kernel.cpp:445]   --->   Operation 148 'writeresp' 'empty_39' <Predicate = true> <Delay = 2.43> <CoreInst = "m_axi">   --->   Core 121 'm_axi' <Latency = 0> <II = 1> <Delay = 1.00> <Adapter> <Opcode : 'read' 'write' 'readreq' 'writereq' 'writeresp'>

State 47 <SV = 46> <Delay = 2.43>
ST_47 : Operation 149 [25/68] (2.43ns)   --->   "%empty_39 = writeresp i1 @_ssdm_op_WriteResp.m_axi.p1i128, i128 %gmem0_addr" [/users/arashs/U280_CRC_Accelerator/src/kernel.cpp:445]   --->   Operation 149 'writeresp' 'empty_39' <Predicate = true> <Delay = 2.43> <CoreInst = "m_axi">   --->   Core 121 'm_axi' <Latency = 0> <II = 1> <Delay = 1.00> <Adapter> <Opcode : 'read' 'write' 'readreq' 'writereq' 'writeresp'>

State 48 <SV = 47> <Delay = 2.43>
ST_48 : Operation 150 [24/68] (2.43ns)   --->   "%empty_39 = writeresp i1 @_ssdm_op_WriteResp.m_axi.p1i128, i128 %gmem0_addr" [/users/arashs/U280_CRC_Accelerator/src/kernel.cpp:445]   --->   Operation 150 'writeresp' 'empty_39' <Predicate = true> <Delay = 2.43> <CoreInst = "m_axi">   --->   Core 121 'm_axi' <Latency = 0> <II = 1> <Delay = 1.00> <Adapter> <Opcode : 'read' 'write' 'readreq' 'writereq' 'writeresp'>

State 49 <SV = 48> <Delay = 2.43>
ST_49 : Operation 151 [23/68] (2.43ns)   --->   "%empty_39 = writeresp i1 @_ssdm_op_WriteResp.m_axi.p1i128, i128 %gmem0_addr" [/users/arashs/U280_CRC_Accelerator/src/kernel.cpp:445]   --->   Operation 151 'writeresp' 'empty_39' <Predicate = true> <Delay = 2.43> <CoreInst = "m_axi">   --->   Core 121 'm_axi' <Latency = 0> <II = 1> <Delay = 1.00> <Adapter> <Opcode : 'read' 'write' 'readreq' 'writereq' 'writeresp'>

State 50 <SV = 49> <Delay = 2.43>
ST_50 : Operation 152 [22/68] (2.43ns)   --->   "%empty_39 = writeresp i1 @_ssdm_op_WriteResp.m_axi.p1i128, i128 %gmem0_addr" [/users/arashs/U280_CRC_Accelerator/src/kernel.cpp:445]   --->   Operation 152 'writeresp' 'empty_39' <Predicate = true> <Delay = 2.43> <CoreInst = "m_axi">   --->   Core 121 'm_axi' <Latency = 0> <II = 1> <Delay = 1.00> <Adapter> <Opcode : 'read' 'write' 'readreq' 'writereq' 'writeresp'>

State 51 <SV = 50> <Delay = 2.43>
ST_51 : Operation 153 [21/68] (2.43ns)   --->   "%empty_39 = writeresp i1 @_ssdm_op_WriteResp.m_axi.p1i128, i128 %gmem0_addr" [/users/arashs/U280_CRC_Accelerator/src/kernel.cpp:445]   --->   Operation 153 'writeresp' 'empty_39' <Predicate = true> <Delay = 2.43> <CoreInst = "m_axi">   --->   Core 121 'm_axi' <Latency = 0> <II = 1> <Delay = 1.00> <Adapter> <Opcode : 'read' 'write' 'readreq' 'writereq' 'writeresp'>

State 52 <SV = 51> <Delay = 2.43>
ST_52 : Operation 154 [20/68] (2.43ns)   --->   "%empty_39 = writeresp i1 @_ssdm_op_WriteResp.m_axi.p1i128, i128 %gmem0_addr" [/users/arashs/U280_CRC_Accelerator/src/kernel.cpp:445]   --->   Operation 154 'writeresp' 'empty_39' <Predicate = true> <Delay = 2.43> <CoreInst = "m_axi">   --->   Core 121 'm_axi' <Latency = 0> <II = 1> <Delay = 1.00> <Adapter> <Opcode : 'read' 'write' 'readreq' 'writereq' 'writeresp'>

State 53 <SV = 52> <Delay = 2.43>
ST_53 : Operation 155 [19/68] (2.43ns)   --->   "%empty_39 = writeresp i1 @_ssdm_op_WriteResp.m_axi.p1i128, i128 %gmem0_addr" [/users/arashs/U280_CRC_Accelerator/src/kernel.cpp:445]   --->   Operation 155 'writeresp' 'empty_39' <Predicate = true> <Delay = 2.43> <CoreInst = "m_axi">   --->   Core 121 'm_axi' <Latency = 0> <II = 1> <Delay = 1.00> <Adapter> <Opcode : 'read' 'write' 'readreq' 'writereq' 'writeresp'>

State 54 <SV = 53> <Delay = 2.43>
ST_54 : Operation 156 [18/68] (2.43ns)   --->   "%empty_39 = writeresp i1 @_ssdm_op_WriteResp.m_axi.p1i128, i128 %gmem0_addr" [/users/arashs/U280_CRC_Accelerator/src/kernel.cpp:445]   --->   Operation 156 'writeresp' 'empty_39' <Predicate = true> <Delay = 2.43> <CoreInst = "m_axi">   --->   Core 121 'm_axi' <Latency = 0> <II = 1> <Delay = 1.00> <Adapter> <Opcode : 'read' 'write' 'readreq' 'writereq' 'writeresp'>

State 55 <SV = 54> <Delay = 2.43>
ST_55 : Operation 157 [17/68] (2.43ns)   --->   "%empty_39 = writeresp i1 @_ssdm_op_WriteResp.m_axi.p1i128, i128 %gmem0_addr" [/users/arashs/U280_CRC_Accelerator/src/kernel.cpp:445]   --->   Operation 157 'writeresp' 'empty_39' <Predicate = true> <Delay = 2.43> <CoreInst = "m_axi">   --->   Core 121 'm_axi' <Latency = 0> <II = 1> <Delay = 1.00> <Adapter> <Opcode : 'read' 'write' 'readreq' 'writereq' 'writeresp'>

State 56 <SV = 55> <Delay = 2.43>
ST_56 : Operation 158 [16/68] (2.43ns)   --->   "%empty_39 = writeresp i1 @_ssdm_op_WriteResp.m_axi.p1i128, i128 %gmem0_addr" [/users/arashs/U280_CRC_Accelerator/src/kernel.cpp:445]   --->   Operation 158 'writeresp' 'empty_39' <Predicate = true> <Delay = 2.43> <CoreInst = "m_axi">   --->   Core 121 'm_axi' <Latency = 0> <II = 1> <Delay = 1.00> <Adapter> <Opcode : 'read' 'write' 'readreq' 'writereq' 'writeresp'>

State 57 <SV = 56> <Delay = 2.43>
ST_57 : Operation 159 [15/68] (2.43ns)   --->   "%empty_39 = writeresp i1 @_ssdm_op_WriteResp.m_axi.p1i128, i128 %gmem0_addr" [/users/arashs/U280_CRC_Accelerator/src/kernel.cpp:445]   --->   Operation 159 'writeresp' 'empty_39' <Predicate = true> <Delay = 2.43> <CoreInst = "m_axi">   --->   Core 121 'm_axi' <Latency = 0> <II = 1> <Delay = 1.00> <Adapter> <Opcode : 'read' 'write' 'readreq' 'writereq' 'writeresp'>

State 58 <SV = 57> <Delay = 2.43>
ST_58 : Operation 160 [14/68] (2.43ns)   --->   "%empty_39 = writeresp i1 @_ssdm_op_WriteResp.m_axi.p1i128, i128 %gmem0_addr" [/users/arashs/U280_CRC_Accelerator/src/kernel.cpp:445]   --->   Operation 160 'writeresp' 'empty_39' <Predicate = true> <Delay = 2.43> <CoreInst = "m_axi">   --->   Core 121 'm_axi' <Latency = 0> <II = 1> <Delay = 1.00> <Adapter> <Opcode : 'read' 'write' 'readreq' 'writereq' 'writeresp'>

State 59 <SV = 58> <Delay = 2.43>
ST_59 : Operation 161 [13/68] (2.43ns)   --->   "%empty_39 = writeresp i1 @_ssdm_op_WriteResp.m_axi.p1i128, i128 %gmem0_addr" [/users/arashs/U280_CRC_Accelerator/src/kernel.cpp:445]   --->   Operation 161 'writeresp' 'empty_39' <Predicate = true> <Delay = 2.43> <CoreInst = "m_axi">   --->   Core 121 'm_axi' <Latency = 0> <II = 1> <Delay = 1.00> <Adapter> <Opcode : 'read' 'write' 'readreq' 'writereq' 'writeresp'>

State 60 <SV = 59> <Delay = 2.43>
ST_60 : Operation 162 [12/68] (2.43ns)   --->   "%empty_39 = writeresp i1 @_ssdm_op_WriteResp.m_axi.p1i128, i128 %gmem0_addr" [/users/arashs/U280_CRC_Accelerator/src/kernel.cpp:445]   --->   Operation 162 'writeresp' 'empty_39' <Predicate = true> <Delay = 2.43> <CoreInst = "m_axi">   --->   Core 121 'm_axi' <Latency = 0> <II = 1> <Delay = 1.00> <Adapter> <Opcode : 'read' 'write' 'readreq' 'writereq' 'writeresp'>

State 61 <SV = 60> <Delay = 2.43>
ST_61 : Operation 163 [11/68] (2.43ns)   --->   "%empty_39 = writeresp i1 @_ssdm_op_WriteResp.m_axi.p1i128, i128 %gmem0_addr" [/users/arashs/U280_CRC_Accelerator/src/kernel.cpp:445]   --->   Operation 163 'writeresp' 'empty_39' <Predicate = true> <Delay = 2.43> <CoreInst = "m_axi">   --->   Core 121 'm_axi' <Latency = 0> <II = 1> <Delay = 1.00> <Adapter> <Opcode : 'read' 'write' 'readreq' 'writereq' 'writeresp'>

State 62 <SV = 61> <Delay = 2.43>
ST_62 : Operation 164 [10/68] (2.43ns)   --->   "%empty_39 = writeresp i1 @_ssdm_op_WriteResp.m_axi.p1i128, i128 %gmem0_addr" [/users/arashs/U280_CRC_Accelerator/src/kernel.cpp:445]   --->   Operation 164 'writeresp' 'empty_39' <Predicate = true> <Delay = 2.43> <CoreInst = "m_axi">   --->   Core 121 'm_axi' <Latency = 0> <II = 1> <Delay = 1.00> <Adapter> <Opcode : 'read' 'write' 'readreq' 'writereq' 'writeresp'>

State 63 <SV = 62> <Delay = 2.43>
ST_63 : Operation 165 [9/68] (2.43ns)   --->   "%empty_39 = writeresp i1 @_ssdm_op_WriteResp.m_axi.p1i128, i128 %gmem0_addr" [/users/arashs/U280_CRC_Accelerator/src/kernel.cpp:445]   --->   Operation 165 'writeresp' 'empty_39' <Predicate = true> <Delay = 2.43> <CoreInst = "m_axi">   --->   Core 121 'm_axi' <Latency = 0> <II = 1> <Delay = 1.00> <Adapter> <Opcode : 'read' 'write' 'readreq' 'writereq' 'writeresp'>

State 64 <SV = 63> <Delay = 2.43>
ST_64 : Operation 166 [8/68] (2.43ns)   --->   "%empty_39 = writeresp i1 @_ssdm_op_WriteResp.m_axi.p1i128, i128 %gmem0_addr" [/users/arashs/U280_CRC_Accelerator/src/kernel.cpp:445]   --->   Operation 166 'writeresp' 'empty_39' <Predicate = true> <Delay = 2.43> <CoreInst = "m_axi">   --->   Core 121 'm_axi' <Latency = 0> <II = 1> <Delay = 1.00> <Adapter> <Opcode : 'read' 'write' 'readreq' 'writereq' 'writeresp'>

State 65 <SV = 64> <Delay = 2.43>
ST_65 : Operation 167 [7/68] (2.43ns)   --->   "%empty_39 = writeresp i1 @_ssdm_op_WriteResp.m_axi.p1i128, i128 %gmem0_addr" [/users/arashs/U280_CRC_Accelerator/src/kernel.cpp:445]   --->   Operation 167 'writeresp' 'empty_39' <Predicate = true> <Delay = 2.43> <CoreInst = "m_axi">   --->   Core 121 'm_axi' <Latency = 0> <II = 1> <Delay = 1.00> <Adapter> <Opcode : 'read' 'write' 'readreq' 'writereq' 'writeresp'>

State 66 <SV = 65> <Delay = 2.43>
ST_66 : Operation 168 [6/68] (2.43ns)   --->   "%empty_39 = writeresp i1 @_ssdm_op_WriteResp.m_axi.p1i128, i128 %gmem0_addr" [/users/arashs/U280_CRC_Accelerator/src/kernel.cpp:445]   --->   Operation 168 'writeresp' 'empty_39' <Predicate = true> <Delay = 2.43> <CoreInst = "m_axi">   --->   Core 121 'm_axi' <Latency = 0> <II = 1> <Delay = 1.00> <Adapter> <Opcode : 'read' 'write' 'readreq' 'writereq' 'writeresp'>

State 67 <SV = 66> <Delay = 2.43>
ST_67 : Operation 169 [5/68] (2.43ns)   --->   "%empty_39 = writeresp i1 @_ssdm_op_WriteResp.m_axi.p1i128, i128 %gmem0_addr" [/users/arashs/U280_CRC_Accelerator/src/kernel.cpp:445]   --->   Operation 169 'writeresp' 'empty_39' <Predicate = true> <Delay = 2.43> <CoreInst = "m_axi">   --->   Core 121 'm_axi' <Latency = 0> <II = 1> <Delay = 1.00> <Adapter> <Opcode : 'read' 'write' 'readreq' 'writereq' 'writeresp'>

State 68 <SV = 67> <Delay = 2.43>
ST_68 : Operation 170 [4/68] (2.43ns)   --->   "%empty_39 = writeresp i1 @_ssdm_op_WriteResp.m_axi.p1i128, i128 %gmem0_addr" [/users/arashs/U280_CRC_Accelerator/src/kernel.cpp:445]   --->   Operation 170 'writeresp' 'empty_39' <Predicate = true> <Delay = 2.43> <CoreInst = "m_axi">   --->   Core 121 'm_axi' <Latency = 0> <II = 1> <Delay = 1.00> <Adapter> <Opcode : 'read' 'write' 'readreq' 'writereq' 'writeresp'>

State 69 <SV = 68> <Delay = 2.43>
ST_69 : Operation 171 [3/68] (2.43ns)   --->   "%empty_39 = writeresp i1 @_ssdm_op_WriteResp.m_axi.p1i128, i128 %gmem0_addr" [/users/arashs/U280_CRC_Accelerator/src/kernel.cpp:445]   --->   Operation 171 'writeresp' 'empty_39' <Predicate = true> <Delay = 2.43> <CoreInst = "m_axi">   --->   Core 121 'm_axi' <Latency = 0> <II = 1> <Delay = 1.00> <Adapter> <Opcode : 'read' 'write' 'readreq' 'writereq' 'writeresp'>

State 70 <SV = 69> <Delay = 2.43>
ST_70 : Operation 172 [2/68] (2.43ns)   --->   "%empty_39 = writeresp i1 @_ssdm_op_WriteResp.m_axi.p1i128, i128 %gmem0_addr" [/users/arashs/U280_CRC_Accelerator/src/kernel.cpp:445]   --->   Operation 172 'writeresp' 'empty_39' <Predicate = true> <Delay = 2.43> <CoreInst = "m_axi">   --->   Core 121 'm_axi' <Latency = 0> <II = 1> <Delay = 1.00> <Adapter> <Opcode : 'read' 'write' 'readreq' 'writereq' 'writeresp'>
ST_70 : Operation 177 [1/1] (0.00ns)   --->   "%ret_ln0 = ret"   --->   Operation 177 'ret' 'ret_ln0' <Predicate = (!icmp_ln442)> <Delay = 0.00>

State 71 <SV = 70> <Delay = 2.43>
ST_71 : Operation 173 [1/1] (0.00ns)   --->   "%specpipeline_ln444 = specpipeline void @_ssdm_op_SpecPipeline, i32 1, i32 0, i32 0, i32 0, void @empty_18" [/users/arashs/U280_CRC_Accelerator/src/kernel.cpp:444]   --->   Operation 173 'specpipeline' 'specpipeline_ln444' <Predicate = true> <Delay = 0.00>
ST_71 : Operation 174 [1/1] (0.00ns)   --->   "%specloopname_ln442 = specloopname void @_ssdm_op_SpecLoopName, void @empty_9" [/users/arashs/U280_CRC_Accelerator/src/kernel.cpp:442]   --->   Operation 174 'specloopname' 'specloopname_ln442' <Predicate = true> <Delay = 0.00>
ST_71 : Operation 175 [1/68] (2.43ns)   --->   "%empty_39 = writeresp i1 @_ssdm_op_WriteResp.m_axi.p1i128, i128 %gmem0_addr" [/users/arashs/U280_CRC_Accelerator/src/kernel.cpp:445]   --->   Operation 175 'writeresp' 'empty_39' <Predicate = true> <Delay = 2.43> <CoreInst = "m_axi">   --->   Core 121 'm_axi' <Latency = 0> <II = 1> <Delay = 1.00> <Adapter> <Opcode : 'read' 'write' 'readreq' 'writereq' 'writeresp'>
ST_71 : Operation 176 [1/1] (0.00ns)   --->   "%br_ln442 = br void %for.inc" [/users/arashs/U280_CRC_Accelerator/src/kernel.cpp:442]   --->   Operation 176 'br' 'br_ln442' <Predicate = true> <Delay = 0.00>


============================================================
+ Verbose Summary: Binding
============================================================
STG Binding: 
---------------- STG Properties BEGIN ----------------
- Is combinational: 0
- Is one-state seq: 0
- Is datapath-only: 0
- Is pipelined: 0
- Is top level: 0
Port [ Return ] is wired: 1; IO mode=ap_ctrl_hs:ce=0
Port [ numChunks_1]:  wired=1; compound=0; hidden=0; nouse=0; global=0; static=0; extern=0; dir=0; type=0; pingpong=0; private_global=0; IO mode=ap_none:ce=0
Port [ outStream]:  wired=1; compound=1; hidden=0; nouse=0; global=0; static=0; extern=0; dir=0; type=3; pingpong=0; private_global=0; IO mode=ap_fifo:ce=0
Port [ crc_out_1]:  wired=1; compound=0; hidden=0; nouse=0; global=0; static=0; extern=0; dir=0; type=0; pingpong=0; private_global=0; IO mode=ap_none:ce=0
Port [ trunc_ln445_1]:  wired=1; compound=0; hidden=0; nouse=0; global=0; static=0; extern=0; dir=0; type=0; pingpong=0; private_global=0; IO mode=ap_none:ce=0
Port [ gmem0]:  wired=1; compound=1; hidden=0; nouse=0; global=0; static=0; extern=0; dir=1; type=4; pingpong=0; private_global=0; IO mode=m_axi:ce=0
---------------- STG Properties END ------------------

---------------- Datapath Model BEGIN ----------------

<LifeTime>
<method=bitvector/>
i                  (alloca        ) [ 010000000000000000000000000000000000000000000000000000000000000000000000]
specinterface_ln0  (specinterface ) [ 000000000000000000000000000000000000000000000000000000000000000000000000]
specinterface_ln0  (specinterface ) [ 000000000000000000000000000000000000000000000000000000000000000000000000]
trunc_ln445_1_read (read          ) [ 011000000000000000000000000000000000000000000000000000000000000000000000]
crc_out_1_read     (read          ) [ 000000000000000000000000000000000000000000000000000000000000000000000000]
numChunks_1_read   (read          ) [ 000000000000000000000000000000000000000000000000000000000000000000000000]
store_ln0          (store         ) [ 000000000000000000000000000000000000000000000000000000000000000000000000]
br_ln0             (br            ) [ 000000000000000000000000000000000000000000000000000000000000000000000000]
i_1                (load          ) [ 000000000000000000000000000000000000000000000000000000000000000000000000]
zext_ln442         (zext          ) [ 000000000000000000000000000000000000000000000000000000000000000000000000]
icmp_ln442         (icmp          ) [ 011111111111111111111111111111111111111111111111111111111111111111111110]
add_ln442          (add           ) [ 000000000000000000000000000000000000000000000000000000000000000000000000]
br_ln442           (br            ) [ 000000000000000000000000000000000000000000000000000000000000000000000000]
shl_ln             (bitconcatenate) [ 000000000000000000000000000000000000000000000000000000000000000000000000]
zext_ln445_2       (zext          ) [ 000000000000000000000000000000000000000000000000000000000000000000000000]
trunc_ln445        (trunc         ) [ 011000000000000000000000000000000000000000000000000000000000000000000000]
add_ln445          (add           ) [ 000000000000000000000000000000000000000000000000000000000000000000000000]
trunc_ln           (partselect    ) [ 011000000000000000000000000000000000000000000000000000000000000000000000]
store_ln442        (store         ) [ 000000000000000000000000000000000000000000000000000000000000000000000000]
outStream_read     (read          ) [ 000000000000000000000000000000000000000000000000000000000000000000000000]
trunc_ln445_2      (bitconcatenate) [ 000000000000000000000000000000000000000000000000000000000000000000000000]
zext_ln445         (zext          ) [ 000000000000000000000000000000000000000000000000000000000000000000000000]
add_ln445_1        (add           ) [ 000000000000000000000000000000000000000000000000000000000000000000000000]
zext_ln445_1       (zext          ) [ 000000000000000000000000000000000000000000000000000000000000000000000000]
shl_ln445          (shl           ) [ 010100000000000000000000000000000000000000000000000000000000000000000000]
shl_ln445_2        (bitconcatenate) [ 000000000000000000000000000000000000000000000000000000000000000000000000]
zext_ln445_3       (zext          ) [ 000000000000000000000000000000000000000000000000000000000000000000000000]
shl_ln445_1        (shl           ) [ 010100000000000000000000000000000000000000000000000000000000000000000000]
sext_ln445         (sext          ) [ 000000000000000000000000000000000000000000000000000000000000000000000000]
gmem0_addr         (getelementptr ) [ 010111111111111111111111111111111111111111111111111111111111111111111111]
empty              (writereq      ) [ 000000000000000000000000000000000000000000000000000000000000000000000000]
write_ln445        (write         ) [ 000000000000000000000000000000000000000000000000000000000000000000000000]
specpipeline_ln444 (specpipeline  ) [ 000000000000000000000000000000000000000000000000000000000000000000000000]
specloopname_ln442 (specloopname  ) [ 000000000000000000000000000000000000000000000000000000000000000000000000]
empty_39           (writeresp     ) [ 000000000000000000000000000000000000000000000000000000000000000000000000]
br_ln442           (br            ) [ 000000000000000000000000000000000000000000000000000000000000000000000000]
ret_ln0            (ret           ) [ 000000000000000000000000000000000000000000000000000000000000000000000000]
</LifeTime>

<model>

<comp_list>
<comp id="0" class="1000" name="numChunks_1">
<pin_list>
<pin id="1" dir="1" index="0" bw="1" slack="0"/>
</pin_list>
<bind>
<StgValue><ssdm name="numChunks_1"/></StgValue>
</bind>
</comp>

<comp id="2" class="1000" name="outStream">
<pin_list>
<pin id="3" dir="1" index="0" bw="1" slack="0"/>
</pin_list>
<bind>
<StgValue><ssdm name="outStream"/></StgValue>
</bind>
</comp>

<comp id="4" class="1000" name="crc_out_1">
<pin_list>
<pin id="5" dir="1" index="0" bw="1" slack="0"/>
</pin_list>
<bind>
<StgValue><ssdm name="crc_out_1"/></StgValue>
</bind>
</comp>

<comp id="6" class="1000" name="trunc_ln445_1">
<pin_list>
<pin id="7" dir="1" index="0" bw="1" slack="0"/>
</pin_list>
<bind>
<StgValue><ssdm name="trunc_ln445_1"/></StgValue>
</bind>
</comp>

<comp id="8" class="1000" name="gmem0">
<pin_list>
<pin id="9" dir="1" index="0" bw="1" slack="0"/>
</pin_list>
<bind>
<StgValue><ssdm name="gmem0"/></StgValue>
</bind>
</comp>

<comp id="10" class="1001" name="const_10">
<pin_list>
<pin id="11" dir="1" index="0" bw="1" slack="0"/>
</pin_list>
<bind>
<StgValue><ssdm name=""/></StgValue>
</bind>
</comp>

<comp id="12" class="1001" name="const_12">
<pin_list>
<pin id="13" dir="1" index="0" bw="1" slack="2147483647"/>
</pin_list>
<bind>
<StgValue><ssdm name="_ssdm_op_SpecInterface"/></StgValue>
</bind>
</comp>

<comp id="14" class="1001" name="const_14">
<pin_list>
<pin id="15" dir="1" index="0" bw="1" slack="2147483647"/>
</pin_list>
<bind>
<StgValue><ssdm name="empty_17"/></StgValue>
</bind>
</comp>

<comp id="16" class="1001" name="const_16">
<pin_list>
<pin id="17" dir="1" index="0" bw="1" slack="2147483647"/>
</pin_list>
<bind>
<StgValue><ssdm name=""/></StgValue>
</bind>
</comp>

<comp id="18" class="1001" name="const_18">
<pin_list>
<pin id="19" dir="1" index="0" bw="1" slack="2147483647"/>
</pin_list>
<bind>
<StgValue><ssdm name="empty_18"/></StgValue>
</bind>
</comp>

<comp id="20" class="1001" name="const_20">
<pin_list>
<pin id="21" dir="1" index="0" bw="1" slack="2147483647"/>
</pin_list>
<bind>
<StgValue><ssdm name=""/></StgValue>
</bind>
</comp>

<comp id="22" class="1001" name="const_22">
<pin_list>
<pin id="23" dir="1" index="0" bw="1" slack="2147483647"/>
</pin_list>
<bind>
<StgValue><ssdm name=""/></StgValue>
</bind>
</comp>

<comp id="24" class="1001" name="const_24">
<pin_list>
<pin id="25" dir="1" index="0" bw="1" slack="2147483647"/>
</pin_list>
<bind>
<StgValue><ssdm name="empty_19"/></StgValue>
</bind>
</comp>

<comp id="26" class="1001" name="const_26">
<pin_list>
<pin id="27" dir="1" index="0" bw="1" slack="2147483647"/>
</pin_list>
<bind>
<StgValue><ssdm name="empty_4"/></StgValue>
</bind>
</comp>

<comp id="28" class="1001" name="const_28">
<pin_list>
<pin id="29" dir="1" index="0" bw="1" slack="2147483647"/>
</pin_list>
<bind>
<StgValue><ssdm name=""/></StgValue>
</bind>
</comp>

<comp id="30" class="1001" name="const_30">
<pin_list>
<pin id="31" dir="1" index="0" bw="1" slack="2147483647"/>
</pin_list>
<bind>
<StgValue><ssdm name=""/></StgValue>
</bind>
</comp>

<comp id="32" class="1001" name="const_32">
<pin_list>
<pin id="33" dir="1" index="0" bw="1" slack="2147483647"/>
</pin_list>
<bind>
<StgValue><ssdm name="empty_5"/></StgValue>
</bind>
</comp>

<comp id="34" class="1001" name="const_34">
<pin_list>
<pin id="35" dir="1" index="0" bw="1" slack="0"/>
</pin_list>
<bind>
<StgValue><ssdm name="_ssdm_op_Read.ap_auto.i4"/></StgValue>
</bind>
</comp>

<comp id="36" class="1001" name="const_36">
<pin_list>
<pin id="37" dir="1" index="0" bw="1" slack="0"/>
</pin_list>
<bind>
<StgValue><ssdm name="_ssdm_op_Read.ap_auto.i64"/></StgValue>
</bind>
</comp>

<comp id="38" class="1001" name="const_38">
<pin_list>
<pin id="39" dir="1" index="0" bw="1" slack="0"/>
</pin_list>
<bind>
<StgValue><ssdm name="_ssdm_op_Read.ap_auto.i32"/></StgValue>
</bind>
</comp>

<comp id="40" class="1001" name="const_40">
<pin_list>
<pin id="41" dir="1" index="0" bw="1" slack="0"/>
</pin_list>
<bind>
<StgValue><ssdm name=""/></StgValue>
</bind>
</comp>

<comp id="42" class="1001" name="const_42">
<pin_list>
<pin id="43" dir="1" index="0" bw="1" slack="0"/>
</pin_list>
<bind>
<StgValue><ssdm name=""/></StgValue>
</bind>
</comp>

<comp id="44" class="1001" name="const_44">
<pin_list>
<pin id="45" dir="1" index="0" bw="1" slack="0"/>
</pin_list>
<bind>
<StgValue><ssdm name="_ssdm_op_BitConcatenate.i33.i31.i2"/></StgValue>
</bind>
</comp>

<comp id="46" class="1001" name="const_46">
<pin_list>
<pin id="47" dir="1" index="0" bw="1" slack="0"/>
</pin_list>
<bind>
<StgValue><ssdm name=""/></StgValue>
</bind>
</comp>

<comp id="48" class="1001" name="const_48">
<pin_list>
<pin id="49" dir="1" index="0" bw="1" slack="0"/>
</pin_list>
<bind>
<StgValue><ssdm name="_ssdm_op_PartSelect.i60.i64.i32.i32"/></StgValue>
</bind>
</comp>

<comp id="50" class="1001" name="const_50">
<pin_list>
<pin id="51" dir="1" index="0" bw="1" slack="0"/>
</pin_list>
<bind>
<StgValue><ssdm name=""/></StgValue>
</bind>
</comp>

<comp id="52" class="1001" name="const_52">
<pin_list>
<pin id="53" dir="1" index="0" bw="1" slack="0"/>
</pin_list>
<bind>
<StgValue><ssdm name=""/></StgValue>
</bind>
</comp>

<comp id="54" class="1001" name="const_54">
<pin_list>
<pin id="55" dir="1" index="0" bw="1" slack="0"/>
</pin_list>
<bind>
<StgValue><ssdm name="_ssdm_op_Read.ap_fifo.volatile.i32P0A"/></StgValue>
</bind>
</comp>

<comp id="56" class="1001" name="const_56">
<pin_list>
<pin id="57" dir="1" index="0" bw="1" slack="0"/>
</pin_list>
<bind>
<StgValue><ssdm name="_ssdm_op_BitConcatenate.i4.i2.i2"/></StgValue>
</bind>
</comp>

<comp id="58" class="1001" name="const_58">
<pin_list>
<pin id="59" dir="1" index="0" bw="1" slack="0"/>
</pin_list>
<bind>
<StgValue><ssdm name=""/></StgValue>
</bind>
</comp>

<comp id="60" class="1001" name="const_60">
<pin_list>
<pin id="61" dir="1" index="0" bw="1" slack="0"/>
</pin_list>
<bind>
<StgValue><ssdm name="_ssdm_op_BitConcatenate.i7.i4.i3"/></StgValue>
</bind>
</comp>

<comp id="62" class="1001" name="const_62">
<pin_list>
<pin id="63" dir="1" index="0" bw="1" slack="0"/>
</pin_list>
<bind>
<StgValue><ssdm name=""/></StgValue>
</bind>
</comp>

<comp id="64" class="1001" name="const_64">
<pin_list>
<pin id="65" dir="1" index="0" bw="1" slack="0"/>
</pin_list>
<bind>
<StgValue><ssdm name="_ssdm_op_WriteReq.m_axi.p1i128"/></StgValue>
</bind>
</comp>

<comp id="66" class="1001" name="const_66">
<pin_list>
<pin id="67" dir="1" index="0" bw="1" slack="0"/>
</pin_list>
<bind>
<StgValue><ssdm name="_ssdm_op_Write.m_axi.p1i128"/></StgValue>
</bind>
</comp>

<comp id="68" class="1001" name="const_68">
<pin_list>
<pin id="69" dir="1" index="0" bw="1" slack="0"/>
</pin_list>
<bind>
<StgValue><ssdm name="_ssdm_op_WriteResp.m_axi.p1i128"/></StgValue>
</bind>
</comp>

<comp id="70" class="1001" name="const_70">
<pin_list>
<pin id="71" dir="1" index="0" bw="1" slack="2147483647"/>
</pin_list>
<bind>
<StgValue><ssdm name="_ssdm_op_SpecPipeline"/></StgValue>
</bind>
</comp>

<comp id="72" class="1001" name="const_72">
<pin_list>
<pin id="73" dir="1" index="0" bw="1" slack="2147483647"/>
</pin_list>
<bind>
<StgValue><ssdm name="_ssdm_op_SpecLoopName"/></StgValue>
</bind>
</comp>

<comp id="74" class="1001" name="const_74">
<pin_list>
<pin id="75" dir="1" index="0" bw="1" slack="2147483647"/>
</pin_list>
<bind>
<StgValue><ssdm name="empty_9"/></StgValue>
</bind>
</comp>

<comp id="76" class="1004" name="i_fu_76">
<pin_list>
<pin id="77" dir="0" index="0" bw="1" slack="0"/>
<pin id="78" dir="1" index="1" bw="31" slack="0"/>
</pin_list>
<bind>
<opcode="alloca(26) " fcode="alloca"/>
<opset="i/1 "/>
</bind>
</comp>

<comp id="80" class="1004" name="trunc_ln445_1_read_read_fu_80">
<pin_list>
<pin id="81" dir="0" index="0" bw="4" slack="0"/>
<pin id="82" dir="0" index="1" bw="4" slack="0"/>
<pin id="83" dir="1" index="2" bw="4" slack="1"/>
</pin_list>
<bind>
<opcode="read(1150) " fcode="read"/>
<opset="trunc_ln445_1_read/1 "/>
</bind>
</comp>

<comp id="86" class="1004" name="crc_out_1_read_read_fu_86">
<pin_list>
<pin id="87" dir="0" index="0" bw="64" slack="0"/>
<pin id="88" dir="0" index="1" bw="64" slack="0"/>
<pin id="89" dir="1" index="2" bw="64" slack="0"/>
</pin_list>
<bind>
<opcode="read(1150) " fcode="read"/>
<opset="crc_out_1_read/1 "/>
</bind>
</comp>

<comp id="92" class="1004" name="numChunks_1_read_read_fu_92">
<pin_list>
<pin id="93" dir="0" index="0" bw="32" slack="0"/>
<pin id="94" dir="0" index="1" bw="32" slack="0"/>
<pin id="95" dir="1" index="2" bw="32" slack="0"/>
</pin_list>
<bind>
<opcode="read(1150) " fcode="read"/>
<opset="numChunks_1_read/1 "/>
</bind>
</comp>

<comp id="98" class="1004" name="outStream_read_read_fu_98">
<pin_list>
<pin id="99" dir="0" index="0" bw="32" slack="0"/>
<pin id="100" dir="0" index="1" bw="32" slack="0"/>
<pin id="101" dir="1" index="2" bw="32" slack="0"/>
</pin_list>
<bind>
<opcode="read(1150) " fcode="read"/>
<opset="outStream_read/2 "/>
</bind>
</comp>

<comp id="104" class="1004" name="grp_writeresp_fu_104">
<pin_list>
<pin id="105" dir="0" index="0" bw="1" slack="0"/>
<pin id="106" dir="0" index="1" bw="128" slack="0"/>
<pin id="107" dir="0" index="2" bw="1" slack="0"/>
<pin id="108" dir="1" index="3" bw="1" slack="2147483647"/>
</pin_list>
<bind>
<opcode="writereq(1155) writeresp(1158) " fcode="writeresp"/>
<opset="empty/2 empty_39/4 "/>
</bind>
</comp>

<comp id="111" class="1004" name="write_ln445_write_fu_111">
<pin_list>
<pin id="112" dir="0" index="0" bw="0" slack="0"/>
<pin id="113" dir="0" index="1" bw="128" slack="1"/>
<pin id="114" dir="0" index="2" bw="128" slack="1"/>
<pin id="115" dir="0" index="3" bw="16" slack="1"/>
<pin id="116" dir="1" index="4" bw="0" slack="2147483647"/>
</pin_list>
<bind>
<opcode="write(1151) " fcode="write"/>
<opset="write_ln445/3 "/>
</bind>
</comp>

<comp id="119" class="1004" name="store_ln0_store_fu_119">
<pin_list>
<pin id="120" dir="0" index="0" bw="1" slack="0"/>
<pin id="121" dir="0" index="1" bw="31" slack="0"/>
<pin id="122" dir="1" index="2" bw="0" slack="2147483647"/>
</pin_list>
<bind>
<opcode="store(28) " fcode="store"/>
<opset="store_ln0/1 "/>
</bind>
</comp>

<comp id="124" class="1004" name="i_1_load_fu_124">
<pin_list>
<pin id="125" dir="0" index="0" bw="31" slack="0"/>
<pin id="126" dir="1" index="1" bw="31" slack="0"/>
</pin_list>
<bind>
<opcode="load(27) " fcode="load"/>
<opset="i_1/1 "/>
</bind>
</comp>

<comp id="127" class="1004" name="zext_ln442_fu_127">
<pin_list>
<pin id="128" dir="0" index="0" bw="31" slack="0"/>
<pin id="129" dir="1" index="1" bw="32" slack="0"/>
</pin_list>
<bind>
<opcode="zext(34) " fcode="zext"/>
<opset="zext_ln442/1 "/>
</bind>
</comp>

<comp id="131" class="1004" name="icmp_ln442_fu_131">
<pin_list>
<pin id="132" dir="0" index="0" bw="31" slack="0"/>
<pin id="133" dir="0" index="1" bw="32" slack="0"/>
<pin id="134" dir="1" index="2" bw="1" slack="69"/>
</pin_list>
<bind>
<opcode="icmp(45) " fcode="icmp"/>
<opset="icmp_ln442/1 "/>
</bind>
</comp>

<comp id="137" class="1004" name="add_ln442_fu_137">
<pin_list>
<pin id="138" dir="0" index="0" bw="31" slack="0"/>
<pin id="139" dir="0" index="1" bw="1" slack="0"/>
<pin id="140" dir="1" index="2" bw="31" slack="0"/>
</pin_list>
<bind>
<opcode="add(8) " fcode="add"/>
<opset="add_ln442/1 "/>
</bind>
</comp>

<comp id="143" class="1004" name="shl_ln_fu_143">
<pin_list>
<pin id="144" dir="0" index="0" bw="33" slack="0"/>
<pin id="145" dir="0" index="1" bw="31" slack="0"/>
<pin id="146" dir="0" index="2" bw="1" slack="0"/>
<pin id="147" dir="1" index="3" bw="33" slack="0"/>
</pin_list>
<bind>
<opcode="bitconcatenate(1004) " fcode="bitconcatenate"/>
<opset="shl_ln/1 "/>
</bind>
</comp>

<comp id="151" class="1004" name="zext_ln445_2_fu_151">
<pin_list>
<pin id="152" dir="0" index="0" bw="33" slack="0"/>
<pin id="153" dir="1" index="1" bw="64" slack="0"/>
</pin_list>
<bind>
<opcode="zext(34) " fcode="zext"/>
<opset="zext_ln445_2/1 "/>
</bind>
</comp>

<comp id="155" class="1004" name="trunc_ln445_fu_155">
<pin_list>
<pin id="156" dir="0" index="0" bw="31" slack="0"/>
<pin id="157" dir="1" index="1" bw="2" slack="1"/>
</pin_list>
<bind>
<opcode="trunc(33) " fcode="trunc"/>
<opset="trunc_ln445/1 "/>
</bind>
</comp>

<comp id="159" class="1004" name="add_ln445_fu_159">
<pin_list>
<pin id="160" dir="0" index="0" bw="64" slack="0"/>
<pin id="161" dir="0" index="1" bw="33" slack="0"/>
<pin id="162" dir="1" index="2" bw="64" slack="0"/>
</pin_list>
<bind>
<opcode="add(8) " fcode="add"/>
<opset="add_ln445/1 "/>
</bind>
</comp>

<comp id="165" class="1004" name="trunc_ln_fu_165">
<pin_list>
<pin id="166" dir="0" index="0" bw="60" slack="0"/>
<pin id="167" dir="0" index="1" bw="64" slack="0"/>
<pin id="168" dir="0" index="2" bw="4" slack="0"/>
<pin id="169" dir="0" index="3" bw="7" slack="0"/>
<pin id="170" dir="1" index="4" bw="60" slack="1"/>
</pin_list>
<bind>
<opcode="partselect(1002) " fcode="partselect"/>
<opset="trunc_ln/1 "/>
</bind>
</comp>

<comp id="175" class="1004" name="store_ln442_store_fu_175">
<pin_list>
<pin id="176" dir="0" index="0" bw="31" slack="0"/>
<pin id="177" dir="0" index="1" bw="31" slack="0"/>
<pin id="178" dir="1" index="2" bw="0" slack="2147483647"/>
</pin_list>
<bind>
<opcode="store(28) " fcode="store"/>
<opset="store_ln442/1 "/>
</bind>
</comp>

<comp id="180" class="1004" name="trunc_ln445_2_fu_180">
<pin_list>
<pin id="181" dir="0" index="0" bw="4" slack="0"/>
<pin id="182" dir="0" index="1" bw="2" slack="1"/>
<pin id="183" dir="0" index="2" bw="1" slack="0"/>
<pin id="184" dir="1" index="3" bw="4" slack="0"/>
</pin_list>
<bind>
<opcode="bitconcatenate(1004) " fcode="bitconcatenate"/>
<opset="trunc_ln445_2/2 "/>
</bind>
</comp>

<comp id="187" class="1004" name="zext_ln445_fu_187">
<pin_list>
<pin id="188" dir="0" index="0" bw="32" slack="0"/>
<pin id="189" dir="1" index="1" bw="128" slack="0"/>
</pin_list>
<bind>
<opcode="zext(34) " fcode="zext"/>
<opset="zext_ln445/2 "/>
</bind>
</comp>

<comp id="191" class="1004" name="add_ln445_1_fu_191">
<pin_list>
<pin id="192" dir="0" index="0" bw="4" slack="0"/>
<pin id="193" dir="0" index="1" bw="4" slack="1"/>
<pin id="194" dir="1" index="2" bw="4" slack="0"/>
</pin_list>
<bind>
<opcode="add(8) " fcode="add"/>
<opset="add_ln445_1/2 "/>
</bind>
</comp>

<comp id="196" class="1004" name="zext_ln445_1_fu_196">
<pin_list>
<pin id="197" dir="0" index="0" bw="4" slack="0"/>
<pin id="198" dir="1" index="1" bw="16" slack="0"/>
</pin_list>
<bind>
<opcode="zext(34) " fcode="zext"/>
<opset="zext_ln445_1/2 "/>
</bind>
</comp>

<comp id="200" class="1004" name="shl_ln445_fu_200">
<pin_list>
<pin id="201" dir="0" index="0" bw="5" slack="0"/>
<pin id="202" dir="0" index="1" bw="4" slack="0"/>
<pin id="203" dir="1" index="2" bw="16" slack="1"/>
</pin_list>
<bind>
<opcode="shl(20) " fcode="shl"/>
<opset="shl_ln445/2 "/>
</bind>
</comp>

<comp id="206" class="1004" name="shl_ln445_2_fu_206">
<pin_list>
<pin id="207" dir="0" index="0" bw="7" slack="0"/>
<pin id="208" dir="0" index="1" bw="4" slack="0"/>
<pin id="209" dir="0" index="2" bw="1" slack="0"/>
<pin id="210" dir="1" index="3" bw="7" slack="0"/>
</pin_list>
<bind>
<opcode="bitconcatenate(1004) " fcode="bitconcatenate"/>
<opset="shl_ln445_2/2 "/>
</bind>
</comp>

<comp id="214" class="1004" name="zext_ln445_3_fu_214">
<pin_list>
<pin id="215" dir="0" index="0" bw="7" slack="0"/>
<pin id="216" dir="1" index="1" bw="128" slack="0"/>
</pin_list>
<bind>
<opcode="zext(34) " fcode="zext"/>
<opset="zext_ln445_3/2 "/>
</bind>
</comp>

<comp id="218" class="1004" name="shl_ln445_1_fu_218">
<pin_list>
<pin id="219" dir="0" index="0" bw="32" slack="0"/>
<pin id="220" dir="0" index="1" bw="7" slack="0"/>
<pin id="221" dir="1" index="2" bw="128" slack="1"/>
</pin_list>
<bind>
<opcode="shl(20) " fcode="shl"/>
<opset="shl_ln445_1/2 "/>
</bind>
</comp>

<comp id="224" class="1004" name="sext_ln445_fu_224">
<pin_list>
<pin id="225" dir="0" index="0" bw="60" slack="1"/>
<pin id="226" dir="1" index="1" bw="64" slack="0"/>
</pin_list>
<bind>
<opcode="sext(35) " fcode="sext"/>
<opset="sext_ln445/2 "/>
</bind>
</comp>

<comp id="227" class="1004" name="gmem0_addr_fu_227">
<pin_list>
<pin id="228" dir="0" index="0" bw="128" slack="0"/>
<pin id="229" dir="0" index="1" bw="60" slack="0"/>
<pin id="230" dir="1" index="2" bw="128" slack="0"/>
</pin_list>
<bind>
<opcode="getelementptr(29) " fcode="getelementptr"/>
<opset="gmem0_addr/2 "/>
</bind>
</comp>

<comp id="234" class="1005" name="i_reg_234">
<pin_list>
<pin id="235" dir="0" index="0" bw="31" slack="0"/>
<pin id="236" dir="1" index="1" bw="31" slack="0"/>
</pin_list>
<bind>
<opset="i "/>
</bind>
</comp>

<comp id="241" class="1005" name="trunc_ln445_1_read_reg_241">
<pin_list>
<pin id="242" dir="0" index="0" bw="4" slack="1"/>
<pin id="243" dir="1" index="1" bw="4" slack="1"/>
</pin_list>
<bind>
<opset="trunc_ln445_1_read "/>
</bind>
</comp>

<comp id="246" class="1005" name="icmp_ln442_reg_246">
<pin_list>
<pin id="247" dir="0" index="0" bw="1" slack="69"/>
<pin id="248" dir="1" index="1" bw="1" slack="2147483647"/>
</pin_list>
<bind>
<opset="icmp_ln442 "/>
</bind>
</comp>

<comp id="250" class="1005" name="trunc_ln445_reg_250">
<pin_list>
<pin id="251" dir="0" index="0" bw="2" slack="1"/>
<pin id="252" dir="1" index="1" bw="2" slack="1"/>
</pin_list>
<bind>
<opset="trunc_ln445 "/>
</bind>
</comp>

<comp id="255" class="1005" name="trunc_ln_reg_255">
<pin_list>
<pin id="256" dir="0" index="0" bw="60" slack="1"/>
<pin id="257" dir="1" index="1" bw="60" slack="1"/>
</pin_list>
<bind>
<opset="trunc_ln "/>
</bind>
</comp>

<comp id="260" class="1005" name="shl_ln445_reg_260">
<pin_list>
<pin id="261" dir="0" index="0" bw="16" slack="1"/>
<pin id="262" dir="1" index="1" bw="16" slack="1"/>
</pin_list>
<bind>
<opset="shl_ln445 "/>
</bind>
</comp>

<comp id="265" class="1005" name="shl_ln445_1_reg_265">
<pin_list>
<pin id="266" dir="0" index="0" bw="128" slack="1"/>
<pin id="267" dir="1" index="1" bw="128" slack="1"/>
</pin_list>
<bind>
<opset="shl_ln445_1 "/>
</bind>
</comp>

<comp id="270" class="1005" name="gmem0_addr_reg_270">
<pin_list>
<pin id="271" dir="0" index="0" bw="128" slack="1"/>
<pin id="272" dir="1" index="1" bw="128" slack="1"/>
</pin_list>
<bind>
<opset="gmem0_addr "/>
</bind>
</comp>

</comp_list>

<net_list>
<net id="79"><net_src comp="10" pin="0"/><net_sink comp="76" pin=0"/></net>

<net id="84"><net_src comp="34" pin="0"/><net_sink comp="80" pin=0"/></net>

<net id="85"><net_src comp="6" pin="0"/><net_sink comp="80" pin=1"/></net>

<net id="90"><net_src comp="36" pin="0"/><net_sink comp="86" pin=0"/></net>

<net id="91"><net_src comp="4" pin="0"/><net_sink comp="86" pin=1"/></net>

<net id="96"><net_src comp="38" pin="0"/><net_sink comp="92" pin=0"/></net>

<net id="97"><net_src comp="0" pin="0"/><net_sink comp="92" pin=1"/></net>

<net id="102"><net_src comp="54" pin="0"/><net_sink comp="98" pin=0"/></net>

<net id="103"><net_src comp="2" pin="0"/><net_sink comp="98" pin=1"/></net>

<net id="109"><net_src comp="64" pin="0"/><net_sink comp="104" pin=0"/></net>

<net id="110"><net_src comp="10" pin="0"/><net_sink comp="104" pin=2"/></net>

<net id="117"><net_src comp="66" pin="0"/><net_sink comp="111" pin=0"/></net>

<net id="118"><net_src comp="68" pin="0"/><net_sink comp="104" pin=0"/></net>

<net id="123"><net_src comp="40" pin="0"/><net_sink comp="119" pin=0"/></net>

<net id="130"><net_src comp="124" pin="1"/><net_sink comp="127" pin=0"/></net>

<net id="135"><net_src comp="127" pin="1"/><net_sink comp="131" pin=0"/></net>

<net id="136"><net_src comp="92" pin="2"/><net_sink comp="131" pin=1"/></net>

<net id="141"><net_src comp="124" pin="1"/><net_sink comp="137" pin=0"/></net>

<net id="142"><net_src comp="42" pin="0"/><net_sink comp="137" pin=1"/></net>

<net id="148"><net_src comp="44" pin="0"/><net_sink comp="143" pin=0"/></net>

<net id="149"><net_src comp="124" pin="1"/><net_sink comp="143" pin=1"/></net>

<net id="150"><net_src comp="46" pin="0"/><net_sink comp="143" pin=2"/></net>

<net id="154"><net_src comp="143" pin="3"/><net_sink comp="151" pin=0"/></net>

<net id="158"><net_src comp="124" pin="1"/><net_sink comp="155" pin=0"/></net>

<net id="163"><net_src comp="86" pin="2"/><net_sink comp="159" pin=0"/></net>

<net id="164"><net_src comp="151" pin="1"/><net_sink comp="159" pin=1"/></net>

<net id="171"><net_src comp="48" pin="0"/><net_sink comp="165" pin=0"/></net>

<net id="172"><net_src comp="159" pin="2"/><net_sink comp="165" pin=1"/></net>

<net id="173"><net_src comp="50" pin="0"/><net_sink comp="165" pin=2"/></net>

<net id="174"><net_src comp="52" pin="0"/><net_sink comp="165" pin=3"/></net>

<net id="179"><net_src comp="137" pin="2"/><net_sink comp="175" pin=0"/></net>

<net id="185"><net_src comp="56" pin="0"/><net_sink comp="180" pin=0"/></net>

<net id="186"><net_src comp="46" pin="0"/><net_sink comp="180" pin=2"/></net>

<net id="190"><net_src comp="98" pin="2"/><net_sink comp="187" pin=0"/></net>

<net id="195"><net_src comp="180" pin="3"/><net_sink comp="191" pin=0"/></net>

<net id="199"><net_src comp="191" pin="2"/><net_sink comp="196" pin=0"/></net>

<net id="204"><net_src comp="58" pin="0"/><net_sink comp="200" pin=0"/></net>

<net id="205"><net_src comp="196" pin="1"/><net_sink comp="200" pin=1"/></net>

<net id="211"><net_src comp="60" pin="0"/><net_sink comp="206" pin=0"/></net>

<net id="212"><net_src comp="191" pin="2"/><net_sink comp="206" pin=1"/></net>

<net id="213"><net_src comp="62" pin="0"/><net_sink comp="206" pin=2"/></net>

<net id="217"><net_src comp="206" pin="3"/><net_sink comp="214" pin=0"/></net>

<net id="222"><net_src comp="187" pin="1"/><net_sink comp="218" pin=0"/></net>

<net id="223"><net_src comp="214" pin="1"/><net_sink comp="218" pin=1"/></net>

<net id="231"><net_src comp="8" pin="0"/><net_sink comp="227" pin=0"/></net>

<net id="232"><net_src comp="224" pin="1"/><net_sink comp="227" pin=1"/></net>

<net id="233"><net_src comp="227" pin="2"/><net_sink comp="104" pin=1"/></net>

<net id="237"><net_src comp="76" pin="1"/><net_sink comp="234" pin=0"/></net>

<net id="238"><net_src comp="234" pin="1"/><net_sink comp="119" pin=1"/></net>

<net id="239"><net_src comp="234" pin="1"/><net_sink comp="124" pin=0"/></net>

<net id="240"><net_src comp="234" pin="1"/><net_sink comp="175" pin=1"/></net>

<net id="244"><net_src comp="80" pin="2"/><net_sink comp="241" pin=0"/></net>

<net id="245"><net_src comp="241" pin="1"/><net_sink comp="191" pin=1"/></net>

<net id="249"><net_src comp="131" pin="2"/><net_sink comp="246" pin=0"/></net>

<net id="253"><net_src comp="155" pin="1"/><net_sink comp="250" pin=0"/></net>

<net id="254"><net_src comp="250" pin="1"/><net_sink comp="180" pin=1"/></net>

<net id="258"><net_src comp="165" pin="4"/><net_sink comp="255" pin=0"/></net>

<net id="259"><net_src comp="255" pin="1"/><net_sink comp="224" pin=0"/></net>

<net id="263"><net_src comp="200" pin="2"/><net_sink comp="260" pin=0"/></net>

<net id="264"><net_src comp="260" pin="1"/><net_sink comp="111" pin=3"/></net>

<net id="268"><net_src comp="218" pin="2"/><net_sink comp="265" pin=0"/></net>

<net id="269"><net_src comp="265" pin="1"/><net_sink comp="111" pin=2"/></net>

<net id="273"><net_src comp="227" pin="2"/><net_sink comp="270" pin=0"/></net>

<net id="274"><net_src comp="270" pin="1"/><net_sink comp="111" pin=1"/></net>

<net id="275"><net_src comp="270" pin="1"/><net_sink comp="104" pin=1"/></net>

</net_list>

</model> 
---------------- Datapath Model END ------------------

* FSMD analyzer results:
  - Output states:
	Port: gmem0 | {2 3 4 5 6 7 8 9 10 11 12 13 14 15 16 17 18 19 20 21 22 23 24 25 26 27 28 29 30 31 32 33 34 35 36 37 38 39 40 41 42 43 44 45 46 47 48 49 50 51 52 53 54 55 56 57 58 59 60 61 62 63 64 65 66 67 68 69 70 71 }
 - Input state : 
	Port: write_output_Pipeline_VITIS_LOOP_442_1 : numChunks_1 | {1 }
	Port: write_output_Pipeline_VITIS_LOOP_442_1 : outStream | {2 }
	Port: write_output_Pipeline_VITIS_LOOP_442_1 : crc_out_1 | {1 }
	Port: write_output_Pipeline_VITIS_LOOP_442_1 : trunc_ln445_1 | {1 }
  - Chain level:
	State 1
		store_ln0 : 1
		i_1 : 1
		zext_ln442 : 2
		icmp_ln442 : 3
		add_ln442 : 2
		br_ln442 : 4
		shl_ln : 2
		zext_ln445_2 : 3
		trunc_ln445 : 2
		add_ln445 : 4
		trunc_ln : 5
		store_ln442 : 3
	State 2
		add_ln445_1 : 1
		zext_ln445_1 : 2
		shl_ln445 : 3
		shl_ln445_2 : 2
		zext_ln445_3 : 3
		shl_ln445_1 : 4
		gmem0_addr : 1
		empty : 2
	State 3
	State 4
	State 5
	State 6
	State 7
	State 8
	State 9
	State 10
	State 11
	State 12
	State 13
	State 14
	State 15
	State 16
	State 17
	State 18
	State 19
	State 20
	State 21
	State 22
	State 23
	State 24
	State 25
	State 26
	State 27
	State 28
	State 29
	State 30
	State 31
	State 32
	State 33
	State 34
	State 35
	State 36
	State 37
	State 38
	State 39
	State 40
	State 41
	State 42
	State 43
	State 44
	State 45
	State 46
	State 47
	State 48
	State 49
	State 50
	State 51
	State 52
	State 53
	State 54
	State 55
	State 56
	State 57
	State 58
	State 59
	State 60
	State 61
	State 62
	State 63
	State 64
	State 65
	State 66
	State 67
	State 68
	State 69
	State 70
	State 71


============================================================
+ Verbose Summary: Datapath Resource usage 
============================================================

* Functional unit list:
|----------|-------------------------------|---------|---------|
| Operation|        Functional Unit        |    FF   |   LUT   |
|----------|-------------------------------|---------|---------|
|          |        add_ln442_fu_137       |    0    |    38   |
|    add   |        add_ln445_fu_159       |    0    |    71   |
|          |       add_ln445_1_fu_191      |    0    |    12   |
|----------|-------------------------------|---------|---------|
|    shl   |        shl_ln445_fu_200       |    0    |    11   |
|          |       shl_ln445_1_fu_218      |    0    |    92   |
|----------|-------------------------------|---------|---------|
|   icmp   |       icmp_ln442_fu_131       |    0    |    39   |
|----------|-------------------------------|---------|---------|
|          | trunc_ln445_1_read_read_fu_80 |    0    |    0    |
|   read   |   crc_out_1_read_read_fu_86   |    0    |    0    |
|          |  numChunks_1_read_read_fu_92  |    0    |    0    |
|          |   outStream_read_read_fu_98   |    0    |    0    |
|----------|-------------------------------|---------|---------|
| writeresp|      grp_writeresp_fu_104     |    0    |    0    |
|----------|-------------------------------|---------|---------|
|   write  |    write_ln445_write_fu_111   |    0    |    0    |
|----------|-------------------------------|---------|---------|
|          |       zext_ln442_fu_127       |    0    |    0    |
|          |      zext_ln445_2_fu_151      |    0    |    0    |
|   zext   |       zext_ln445_fu_187       |    0    |    0    |
|          |      zext_ln445_1_fu_196      |    0    |    0    |
|          |      zext_ln445_3_fu_214      |    0    |    0    |
|----------|-------------------------------|---------|---------|
|          |         shl_ln_fu_143         |    0    |    0    |
|bitconcatenate|      trunc_ln445_2_fu_180     |    0    |    0    |
|          |       shl_ln445_2_fu_206      |    0    |    0    |
|----------|-------------------------------|---------|---------|
|   trunc  |       trunc_ln445_fu_155      |    0    |    0    |
|----------|-------------------------------|---------|---------|
|partselect|        trunc_ln_fu_165        |    0    |    0    |
|----------|-------------------------------|---------|---------|
|   sext   |       sext_ln445_fu_224       |    0    |    0    |
|----------|-------------------------------|---------|---------|
|   Total  |                               |    0    |   263   |
|----------|-------------------------------|---------|---------|

Memories:
N/A

* Register list:
+--------------------------+--------+
|                          |   FF   |
+--------------------------+--------+
|    gmem0_addr_reg_270    |   128  |
|         i_reg_234        |   31   |
|    icmp_ln442_reg_246    |    1   |
|    shl_ln445_1_reg_265   |   128  |
|     shl_ln445_reg_260    |   16   |
|trunc_ln445_1_read_reg_241|    4   |
|    trunc_ln445_reg_250   |    2   |
|     trunc_ln_reg_255     |   60   |
+--------------------------+--------+
|           Total          |   370  |
+--------------------------+--------+

* Multiplexer (MUX) list: 
|----------------------|------|------|------|--------||---------||---------|
|         Comp         |  Pin | Size |  BW  | S x BW ||  Delay  ||   LUT   |
|----------------------|------|------|------|--------||---------||---------|
| grp_writeresp_fu_104 |  p0  |   2  |   1  |    2   |
| grp_writeresp_fu_104 |  p1  |   2  |  128 |   256  ||    9    |
|----------------------|------|------|------|--------||---------||---------|
|         Total        |      |      |      |   258  ||  0.774  ||    9    |
|----------------------|------|------|------|--------||---------||---------|



* Summary:
+-----------+--------+--------+--------+
|           |  Delay |   FF   |   LUT  |
+-----------+--------+--------+--------+
|  Function |    -   |    0   |   263  |
|   Memory  |    -   |    -   |    -   |
|Multiplexer|    0   |    -   |    9   |
|  Register |    -   |   370  |    -   |
+-----------+--------+--------+--------+
|   Total   |    0   |   370  |   272  |
+-----------+--------+--------+--------+
