

================================================================
== Vitis HLS Report for 'process_tcp_checksum_Pipeline_vec_word_loop'
================================================================
* Date:           Fri Feb 20 12:33:26 2026

* Version:        2023.1 (Build 3854077 on May  4 2023)
* Project:        calculate_tcp_checksum
* Solution:       solution (Vitis Kernel Flow Target)
* Product family: virtexuplusHBM
* Target device:  xcu280-fsvh2892-2L-e


================================================================
== Performance Estimates
================================================================
+ Timing: 
    * Summary: 
    +--------+---------+----------+------------+
    |  Clock |  Target | Estimated| Uncertainty|
    +--------+---------+----------+------------+
    |ap_clk  |  3.33 ns|  2.433 ns|     0.90 ns|
    +--------+---------+----------+------------+

+ Latency: 
    * Summary: 
    +---------+----------+----------+-----------+-----+----------+---------+
    |  Latency (cycles)  |  Latency (absolute)  |    Interval    | Pipeline|
    |   min   |    max   |    min   |    max    | min |    max   |   Type  |
    +---------+----------+----------+-----------+-----+----------+---------+
    |        3|  67108868|  9.999 ns|  0.224 sec|    3|  67108868|       no|
    +---------+----------+----------+-----------+-----+----------+---------+

    + Detail: 
        * Instance: 
        N/A

        * Loop: 
        +-----------------+---------+----------+----------+-----------+-----------+--------------+----------+
        |                 |  Latency (cycles)  | Iteration|  Initiation Interval  |     Trip     |          |
        |    Loop Name    |   min   |    max   |  Latency |  achieved |   target  |     Count    | Pipelined|
        +-----------------+---------+----------+----------+-----------+-----------+--------------+----------+
        |- vec_word_loop  |        1|  67108866|         5|          1|          1|  0 ~ 67108863|       yes|
        +-----------------+---------+----------+----------+-----------+-----------+--------------+----------+

============================================================
+ Verbose Summary: Synthesis Manager
============================================================
InlineROM: 1
ExposeGlobal: 0
============================================================
+ Verbose Summary: CDFG Model
============================================================
IsTopModel: 0
ResetActiveHigh: 1
IsCombinational: 0
IsDatapathOnly: 0
HasWiredReturn: 1
HasMFsm: 2
HasVarLatency: 1
IsPipeline: 0
IsRtlPipelined: 0
IsInstanceOverlapped: 0
IsDontTouch: 0
HasImplIP: 0
IsGatedGlobalClock: 0

+ Individual pipeline summary: 
  * Pipeline-0: initiation interval (II) = 1, depth = 5


============================================================
+ Verbose Summary: Schedule
============================================================
* Number of FSM states : 5
* Pipeline : 1
  Pipeline-0 : II = 1, D = 5, States = { 1 2 3 4 5 }
* Dataflow Pipeline: 0

* FSM state transitions: 
1 --> 2 
2 --> 3 
3 --> 4 
4 --> 5 
5 --> 

* FSM state operations: 

State 1 <SV = 0> <Delay = 1.23>
ST_1 : Operation 8 [1/1] (0.00ns)   --->   "%sum = alloca i32 1"   --->   Operation 8 'alloca' 'sum' <Predicate = true> <Delay = 0.00>
ST_1 : Operation 9 [1/1] (0.00ns)   --->   "%w = alloca i32 1"   --->   Operation 9 'alloca' 'w' <Predicate = true> <Delay = 0.00>
ST_1 : Operation 10 [1/1] (0.00ns)   --->   "%vec_words_read = read i26 @_ssdm_op_Read.ap_auto.i26, i26 %vec_words"   --->   Operation 10 'read' 'vec_words_read' <Predicate = true> <Delay = 0.00>
ST_1 : Operation 11 [1/1] (0.00ns)   --->   "%sext_ln492_read = read i58 @_ssdm_op_Read.ap_auto.i58, i58 %sext_ln492"   --->   Operation 11 'read' 'sext_ln492_read' <Predicate = true> <Delay = 0.00>
ST_1 : Operation 12 [1/1] (0.00ns)   --->   "%sext_ln492_cast = sext i58 %sext_ln492_read"   --->   Operation 12 'sext' 'sext_ln492_cast' <Predicate = true> <Delay = 0.00>
ST_1 : Operation 13 [1/1] (0.00ns)   --->   "%specinterface_ln0 = specinterface void @_ssdm_op_SpecInterface, i512 %gmem0, void @empty_4, i32 0, i32 0, void @empty_5, i32 64, i32 1024, void @empty_6, void @empty_7, void @empty_5, i32 16, i32 16, i32 16, i32 16, void @empty_5, void @empty_5, i32 4294967295, i32 0"   --->   Operation 13 'specinterface' 'specinterface_ln0' <Predicate = true> <Delay = 0.00>
ST_1 : Operation 14 [1/1] (0.38ns)   --->   "%store_ln0 = store i26 0, i26 %w"   --->   Operation 14 'store' 'store_ln0' <Predicate = true> <Delay = 0.38>
ST_1 : Operation 15 [1/1] (0.38ns)   --->   "%store_ln0 = store i47 0, i47 %sum"   --->   Operation 15 'store' 'store_ln0' <Predicate = true> <Delay = 0.38>
ST_1 : Operation 16 [1/1] (0.00ns)   --->   "%br_ln0 = br void %for.body87.i"   --->   Operation 16 'br' 'br_ln0' <Predicate = true> <Delay = 0.00>
ST_1 : Operation 17 [1/1] (0.00ns)   --->   "%w_1 = load i26 %w" [/users/arashs/U280_CRC_Accelerator/src/kernel.cpp:492->/users/arashs/U280_CRC_Accelerator/src/kernel.cpp:590]   --->   Operation 17 'load' 'w_1' <Predicate = true> <Delay = 0.00>
ST_1 : Operation 18 [1/1] (0.84ns)   --->   "%icmp_ln492 = icmp_eq  i26 %w_1, i26 %vec_words_read" [/users/arashs/U280_CRC_Accelerator/src/kernel.cpp:492->/users/arashs/U280_CRC_Accelerator/src/kernel.cpp:590]   --->   Operation 18 'icmp' 'icmp_ln492' <Predicate = true> <Delay = 0.84> <CoreInst = "Cmp">   --->   Core 9 'Cmp' <Latency = 0> <II = 1> <Delay = 0.84> <FuncUnit> <Opcode : 'icmp'> <InPorts = 2> <OutPorts = 1>
ST_1 : Operation 19 [1/1] (0.84ns)   --->   "%add_ln492 = add i26 %w_1, i26 1" [/users/arashs/U280_CRC_Accelerator/src/kernel.cpp:492->/users/arashs/U280_CRC_Accelerator/src/kernel.cpp:590]   --->   Operation 19 'add' 'add_ln492' <Predicate = true> <Delay = 0.84> <CoreInst = "Adder">   --->   Core 1 'Adder' <Latency = 0> <II = 1> <Delay = 0.84> <FuncUnit> <Opcode : 'add' 'sub'> <InPorts = 2> <OutPorts = 1>
ST_1 : Operation 20 [1/1] (0.00ns)   --->   "%br_ln492 = br i1 %icmp_ln492, void %for.body87.i.split, void %for.cond.cleanup.i.loopexit.exitStub" [/users/arashs/U280_CRC_Accelerator/src/kernel.cpp:492->/users/arashs/U280_CRC_Accelerator/src/kernel.cpp:590]   --->   Operation 20 'br' 'br_ln492' <Predicate = true> <Delay = 0.00>
ST_1 : Operation 21 [1/1] (0.38ns)   --->   "%store_ln492 = store i26 %add_ln492, i26 %w" [/users/arashs/U280_CRC_Accelerator/src/kernel.cpp:492->/users/arashs/U280_CRC_Accelerator/src/kernel.cpp:590]   --->   Operation 21 'store' 'store_ln492' <Predicate = (!icmp_ln492)> <Delay = 0.38>

State 2 <SV = 1> <Delay = 2.43>
ST_2 : Operation 22 [1/1] (0.00ns)   --->   "%gmem0_addr = getelementptr i512 %gmem0, i64 %sext_ln492_cast" [/users/arashs/U280_CRC_Accelerator/src/kernel.cpp:492->/users/arashs/U280_CRC_Accelerator/src/kernel.cpp:590]   --->   Operation 22 'getelementptr' 'gmem0_addr' <Predicate = true> <Delay = 0.00>
ST_2 : Operation 23 [1/1] (2.43ns)   --->   "%packed = read i512 @_ssdm_op_Read.m_axi.p1i512, i512 %gmem0_addr" [/users/arashs/U280_CRC_Accelerator/src/kernel.cpp:495->/users/arashs/U280_CRC_Accelerator/src/kernel.cpp:590]   --->   Operation 23 'read' 'packed' <Predicate = (!icmp_ln492)> <Delay = 2.43> <CoreInst = "m_axi">   --->   Core 121 'm_axi' <Latency = 0> <II = 1> <Delay = 1.00> <Adapter> <Opcode : 'read' 'write' 'readreq' 'writereq' 'writeresp'>
ST_2 : Operation 24 [1/1] (0.00ns)   --->   "%empty = trunc i512 %packed" [/users/arashs/U280_CRC_Accelerator/src/kernel.cpp:495->/users/arashs/U280_CRC_Accelerator/src/kernel.cpp:590]   --->   Operation 24 'trunc' 'empty' <Predicate = (!icmp_ln492)> <Delay = 0.00>
ST_2 : Operation 25 [1/1] (0.00ns)   --->   "%p_1 = partselect i8 @_ssdm_op_PartSelect.i8.i512.i32.i32, i512 %packed, i32 8, i32 15" [/users/arashs/U280_CRC_Accelerator/src/kernel.cpp:495->/users/arashs/U280_CRC_Accelerator/src/kernel.cpp:590]   --->   Operation 25 'partselect' 'p_1' <Predicate = (!icmp_ln492)> <Delay = 0.00>
ST_2 : Operation 26 [1/1] (0.00ns)   --->   "%p_s = partselect i8 @_ssdm_op_PartSelect.i8.i512.i32.i32, i512 %packed, i32 16, i32 23" [/users/arashs/U280_CRC_Accelerator/src/kernel.cpp:495->/users/arashs/U280_CRC_Accelerator/src/kernel.cpp:590]   --->   Operation 26 'partselect' 'p_s' <Predicate = (!icmp_ln492)> <Delay = 0.00>
ST_2 : Operation 27 [1/1] (0.00ns)   --->   "%p_2 = partselect i8 @_ssdm_op_PartSelect.i8.i512.i32.i32, i512 %packed, i32 24, i32 31" [/users/arashs/U280_CRC_Accelerator/src/kernel.cpp:495->/users/arashs/U280_CRC_Accelerator/src/kernel.cpp:590]   --->   Operation 27 'partselect' 'p_2' <Predicate = (!icmp_ln492)> <Delay = 0.00>
ST_2 : Operation 28 [1/1] (0.00ns)   --->   "%p_3 = partselect i8 @_ssdm_op_PartSelect.i8.i512.i32.i32, i512 %packed, i32 32, i32 39" [/users/arashs/U280_CRC_Accelerator/src/kernel.cpp:495->/users/arashs/U280_CRC_Accelerator/src/kernel.cpp:590]   --->   Operation 28 'partselect' 'p_3' <Predicate = (!icmp_ln492)> <Delay = 0.00>
ST_2 : Operation 29 [1/1] (0.00ns)   --->   "%p_4 = partselect i8 @_ssdm_op_PartSelect.i8.i512.i32.i32, i512 %packed, i32 40, i32 47" [/users/arashs/U280_CRC_Accelerator/src/kernel.cpp:495->/users/arashs/U280_CRC_Accelerator/src/kernel.cpp:590]   --->   Operation 29 'partselect' 'p_4' <Predicate = (!icmp_ln492)> <Delay = 0.00>
ST_2 : Operation 30 [1/1] (0.00ns)   --->   "%p_5 = partselect i8 @_ssdm_op_PartSelect.i8.i512.i32.i32, i512 %packed, i32 48, i32 55" [/users/arashs/U280_CRC_Accelerator/src/kernel.cpp:495->/users/arashs/U280_CRC_Accelerator/src/kernel.cpp:590]   --->   Operation 30 'partselect' 'p_5' <Predicate = (!icmp_ln492)> <Delay = 0.00>
ST_2 : Operation 31 [1/1] (0.00ns)   --->   "%p_6 = partselect i8 @_ssdm_op_PartSelect.i8.i512.i32.i32, i512 %packed, i32 56, i32 63" [/users/arashs/U280_CRC_Accelerator/src/kernel.cpp:495->/users/arashs/U280_CRC_Accelerator/src/kernel.cpp:590]   --->   Operation 31 'partselect' 'p_6' <Predicate = (!icmp_ln492)> <Delay = 0.00>
ST_2 : Operation 32 [1/1] (0.00ns)   --->   "%p_7 = partselect i8 @_ssdm_op_PartSelect.i8.i512.i32.i32, i512 %packed, i32 64, i32 71" [/users/arashs/U280_CRC_Accelerator/src/kernel.cpp:495->/users/arashs/U280_CRC_Accelerator/src/kernel.cpp:590]   --->   Operation 32 'partselect' 'p_7' <Predicate = (!icmp_ln492)> <Delay = 0.00>
ST_2 : Operation 33 [1/1] (0.00ns)   --->   "%p_8 = partselect i8 @_ssdm_op_PartSelect.i8.i512.i32.i32, i512 %packed, i32 72, i32 79" [/users/arashs/U280_CRC_Accelerator/src/kernel.cpp:495->/users/arashs/U280_CRC_Accelerator/src/kernel.cpp:590]   --->   Operation 33 'partselect' 'p_8' <Predicate = (!icmp_ln492)> <Delay = 0.00>
ST_2 : Operation 34 [1/1] (0.00ns)   --->   "%p_9 = partselect i8 @_ssdm_op_PartSelect.i8.i512.i32.i32, i512 %packed, i32 80, i32 87" [/users/arashs/U280_CRC_Accelerator/src/kernel.cpp:495->/users/arashs/U280_CRC_Accelerator/src/kernel.cpp:590]   --->   Operation 34 'partselect' 'p_9' <Predicate = (!icmp_ln492)> <Delay = 0.00>
ST_2 : Operation 35 [1/1] (0.00ns)   --->   "%p_10 = partselect i8 @_ssdm_op_PartSelect.i8.i512.i32.i32, i512 %packed, i32 88, i32 95" [/users/arashs/U280_CRC_Accelerator/src/kernel.cpp:495->/users/arashs/U280_CRC_Accelerator/src/kernel.cpp:590]   --->   Operation 35 'partselect' 'p_10' <Predicate = (!icmp_ln492)> <Delay = 0.00>
ST_2 : Operation 36 [1/1] (0.00ns)   --->   "%p_11 = partselect i8 @_ssdm_op_PartSelect.i8.i512.i32.i32, i512 %packed, i32 96, i32 103" [/users/arashs/U280_CRC_Accelerator/src/kernel.cpp:495->/users/arashs/U280_CRC_Accelerator/src/kernel.cpp:590]   --->   Operation 36 'partselect' 'p_11' <Predicate = (!icmp_ln492)> <Delay = 0.00>
ST_2 : Operation 37 [1/1] (0.00ns)   --->   "%p_12 = partselect i8 @_ssdm_op_PartSelect.i8.i512.i32.i32, i512 %packed, i32 104, i32 111" [/users/arashs/U280_CRC_Accelerator/src/kernel.cpp:495->/users/arashs/U280_CRC_Accelerator/src/kernel.cpp:590]   --->   Operation 37 'partselect' 'p_12' <Predicate = (!icmp_ln492)> <Delay = 0.00>
ST_2 : Operation 38 [1/1] (0.00ns)   --->   "%p_13 = partselect i8 @_ssdm_op_PartSelect.i8.i512.i32.i32, i512 %packed, i32 112, i32 119" [/users/arashs/U280_CRC_Accelerator/src/kernel.cpp:495->/users/arashs/U280_CRC_Accelerator/src/kernel.cpp:590]   --->   Operation 38 'partselect' 'p_13' <Predicate = (!icmp_ln492)> <Delay = 0.00>
ST_2 : Operation 39 [1/1] (0.00ns)   --->   "%p_14 = partselect i8 @_ssdm_op_PartSelect.i8.i512.i32.i32, i512 %packed, i32 120, i32 127" [/users/arashs/U280_CRC_Accelerator/src/kernel.cpp:495->/users/arashs/U280_CRC_Accelerator/src/kernel.cpp:590]   --->   Operation 39 'partselect' 'p_14' <Predicate = (!icmp_ln492)> <Delay = 0.00>
ST_2 : Operation 40 [1/1] (0.00ns)   --->   "%p_15 = partselect i8 @_ssdm_op_PartSelect.i8.i512.i32.i32, i512 %packed, i32 128, i32 135" [/users/arashs/U280_CRC_Accelerator/src/kernel.cpp:495->/users/arashs/U280_CRC_Accelerator/src/kernel.cpp:590]   --->   Operation 40 'partselect' 'p_15' <Predicate = (!icmp_ln492)> <Delay = 0.00>
ST_2 : Operation 41 [1/1] (0.00ns)   --->   "%p_16 = partselect i8 @_ssdm_op_PartSelect.i8.i512.i32.i32, i512 %packed, i32 136, i32 143" [/users/arashs/U280_CRC_Accelerator/src/kernel.cpp:495->/users/arashs/U280_CRC_Accelerator/src/kernel.cpp:590]   --->   Operation 41 'partselect' 'p_16' <Predicate = (!icmp_ln492)> <Delay = 0.00>
ST_2 : Operation 42 [1/1] (0.00ns)   --->   "%p_17 = partselect i8 @_ssdm_op_PartSelect.i8.i512.i32.i32, i512 %packed, i32 144, i32 151" [/users/arashs/U280_CRC_Accelerator/src/kernel.cpp:495->/users/arashs/U280_CRC_Accelerator/src/kernel.cpp:590]   --->   Operation 42 'partselect' 'p_17' <Predicate = (!icmp_ln492)> <Delay = 0.00>
ST_2 : Operation 43 [1/1] (0.00ns)   --->   "%p_18 = partselect i8 @_ssdm_op_PartSelect.i8.i512.i32.i32, i512 %packed, i32 152, i32 159" [/users/arashs/U280_CRC_Accelerator/src/kernel.cpp:495->/users/arashs/U280_CRC_Accelerator/src/kernel.cpp:590]   --->   Operation 43 'partselect' 'p_18' <Predicate = (!icmp_ln492)> <Delay = 0.00>
ST_2 : Operation 44 [1/1] (0.00ns)   --->   "%p_19 = partselect i8 @_ssdm_op_PartSelect.i8.i512.i32.i32, i512 %packed, i32 160, i32 167" [/users/arashs/U280_CRC_Accelerator/src/kernel.cpp:495->/users/arashs/U280_CRC_Accelerator/src/kernel.cpp:590]   --->   Operation 44 'partselect' 'p_19' <Predicate = (!icmp_ln492)> <Delay = 0.00>
ST_2 : Operation 45 [1/1] (0.00ns)   --->   "%p_20 = partselect i8 @_ssdm_op_PartSelect.i8.i512.i32.i32, i512 %packed, i32 168, i32 175" [/users/arashs/U280_CRC_Accelerator/src/kernel.cpp:495->/users/arashs/U280_CRC_Accelerator/src/kernel.cpp:590]   --->   Operation 45 'partselect' 'p_20' <Predicate = (!icmp_ln492)> <Delay = 0.00>
ST_2 : Operation 46 [1/1] (0.00ns)   --->   "%p_21 = partselect i8 @_ssdm_op_PartSelect.i8.i512.i32.i32, i512 %packed, i32 176, i32 183" [/users/arashs/U280_CRC_Accelerator/src/kernel.cpp:495->/users/arashs/U280_CRC_Accelerator/src/kernel.cpp:590]   --->   Operation 46 'partselect' 'p_21' <Predicate = (!icmp_ln492)> <Delay = 0.00>
ST_2 : Operation 47 [1/1] (0.00ns)   --->   "%p_22 = partselect i8 @_ssdm_op_PartSelect.i8.i512.i32.i32, i512 %packed, i32 184, i32 191" [/users/arashs/U280_CRC_Accelerator/src/kernel.cpp:495->/users/arashs/U280_CRC_Accelerator/src/kernel.cpp:590]   --->   Operation 47 'partselect' 'p_22' <Predicate = (!icmp_ln492)> <Delay = 0.00>
ST_2 : Operation 48 [1/1] (0.00ns)   --->   "%p_23 = partselect i8 @_ssdm_op_PartSelect.i8.i512.i32.i32, i512 %packed, i32 192, i32 199" [/users/arashs/U280_CRC_Accelerator/src/kernel.cpp:495->/users/arashs/U280_CRC_Accelerator/src/kernel.cpp:590]   --->   Operation 48 'partselect' 'p_23' <Predicate = (!icmp_ln492)> <Delay = 0.00>
ST_2 : Operation 49 [1/1] (0.00ns)   --->   "%p_24 = partselect i8 @_ssdm_op_PartSelect.i8.i512.i32.i32, i512 %packed, i32 200, i32 207" [/users/arashs/U280_CRC_Accelerator/src/kernel.cpp:495->/users/arashs/U280_CRC_Accelerator/src/kernel.cpp:590]   --->   Operation 49 'partselect' 'p_24' <Predicate = (!icmp_ln492)> <Delay = 0.00>
ST_2 : Operation 50 [1/1] (0.00ns)   --->   "%p_25 = partselect i8 @_ssdm_op_PartSelect.i8.i512.i32.i32, i512 %packed, i32 208, i32 215" [/users/arashs/U280_CRC_Accelerator/src/kernel.cpp:495->/users/arashs/U280_CRC_Accelerator/src/kernel.cpp:590]   --->   Operation 50 'partselect' 'p_25' <Predicate = (!icmp_ln492)> <Delay = 0.00>
ST_2 : Operation 51 [1/1] (0.00ns)   --->   "%p_26 = partselect i8 @_ssdm_op_PartSelect.i8.i512.i32.i32, i512 %packed, i32 216, i32 223" [/users/arashs/U280_CRC_Accelerator/src/kernel.cpp:495->/users/arashs/U280_CRC_Accelerator/src/kernel.cpp:590]   --->   Operation 51 'partselect' 'p_26' <Predicate = (!icmp_ln492)> <Delay = 0.00>
ST_2 : Operation 52 [1/1] (0.00ns)   --->   "%p_27 = partselect i8 @_ssdm_op_PartSelect.i8.i512.i32.i32, i512 %packed, i32 224, i32 231" [/users/arashs/U280_CRC_Accelerator/src/kernel.cpp:495->/users/arashs/U280_CRC_Accelerator/src/kernel.cpp:590]   --->   Operation 52 'partselect' 'p_27' <Predicate = (!icmp_ln492)> <Delay = 0.00>
ST_2 : Operation 53 [1/1] (0.00ns)   --->   "%p_28 = partselect i8 @_ssdm_op_PartSelect.i8.i512.i32.i32, i512 %packed, i32 232, i32 239" [/users/arashs/U280_CRC_Accelerator/src/kernel.cpp:495->/users/arashs/U280_CRC_Accelerator/src/kernel.cpp:590]   --->   Operation 53 'partselect' 'p_28' <Predicate = (!icmp_ln492)> <Delay = 0.00>
ST_2 : Operation 54 [1/1] (0.00ns)   --->   "%p_29 = partselect i8 @_ssdm_op_PartSelect.i8.i512.i32.i32, i512 %packed, i32 240, i32 247" [/users/arashs/U280_CRC_Accelerator/src/kernel.cpp:495->/users/arashs/U280_CRC_Accelerator/src/kernel.cpp:590]   --->   Operation 54 'partselect' 'p_29' <Predicate = (!icmp_ln492)> <Delay = 0.00>
ST_2 : Operation 55 [1/1] (0.00ns)   --->   "%p_30 = partselect i8 @_ssdm_op_PartSelect.i8.i512.i32.i32, i512 %packed, i32 248, i32 255" [/users/arashs/U280_CRC_Accelerator/src/kernel.cpp:495->/users/arashs/U280_CRC_Accelerator/src/kernel.cpp:590]   --->   Operation 55 'partselect' 'p_30' <Predicate = (!icmp_ln492)> <Delay = 0.00>
ST_2 : Operation 56 [1/1] (0.00ns)   --->   "%p_31 = partselect i8 @_ssdm_op_PartSelect.i8.i512.i32.i32, i512 %packed, i32 256, i32 263" [/users/arashs/U280_CRC_Accelerator/src/kernel.cpp:495->/users/arashs/U280_CRC_Accelerator/src/kernel.cpp:590]   --->   Operation 56 'partselect' 'p_31' <Predicate = (!icmp_ln492)> <Delay = 0.00>
ST_2 : Operation 57 [1/1] (0.00ns)   --->   "%p_32 = partselect i8 @_ssdm_op_PartSelect.i8.i512.i32.i32, i512 %packed, i32 264, i32 271" [/users/arashs/U280_CRC_Accelerator/src/kernel.cpp:495->/users/arashs/U280_CRC_Accelerator/src/kernel.cpp:590]   --->   Operation 57 'partselect' 'p_32' <Predicate = (!icmp_ln492)> <Delay = 0.00>
ST_2 : Operation 58 [1/1] (0.00ns)   --->   "%p_33 = partselect i8 @_ssdm_op_PartSelect.i8.i512.i32.i32, i512 %packed, i32 272, i32 279" [/users/arashs/U280_CRC_Accelerator/src/kernel.cpp:495->/users/arashs/U280_CRC_Accelerator/src/kernel.cpp:590]   --->   Operation 58 'partselect' 'p_33' <Predicate = (!icmp_ln492)> <Delay = 0.00>
ST_2 : Operation 59 [1/1] (0.00ns)   --->   "%p_34 = partselect i8 @_ssdm_op_PartSelect.i8.i512.i32.i32, i512 %packed, i32 280, i32 287" [/users/arashs/U280_CRC_Accelerator/src/kernel.cpp:495->/users/arashs/U280_CRC_Accelerator/src/kernel.cpp:590]   --->   Operation 59 'partselect' 'p_34' <Predicate = (!icmp_ln492)> <Delay = 0.00>
ST_2 : Operation 60 [1/1] (0.00ns)   --->   "%p_35 = partselect i8 @_ssdm_op_PartSelect.i8.i512.i32.i32, i512 %packed, i32 288, i32 295" [/users/arashs/U280_CRC_Accelerator/src/kernel.cpp:495->/users/arashs/U280_CRC_Accelerator/src/kernel.cpp:590]   --->   Operation 60 'partselect' 'p_35' <Predicate = (!icmp_ln492)> <Delay = 0.00>
ST_2 : Operation 61 [1/1] (0.00ns)   --->   "%p_36 = partselect i8 @_ssdm_op_PartSelect.i8.i512.i32.i32, i512 %packed, i32 296, i32 303" [/users/arashs/U280_CRC_Accelerator/src/kernel.cpp:495->/users/arashs/U280_CRC_Accelerator/src/kernel.cpp:590]   --->   Operation 61 'partselect' 'p_36' <Predicate = (!icmp_ln492)> <Delay = 0.00>
ST_2 : Operation 62 [1/1] (0.00ns)   --->   "%p_37 = partselect i8 @_ssdm_op_PartSelect.i8.i512.i32.i32, i512 %packed, i32 304, i32 311" [/users/arashs/U280_CRC_Accelerator/src/kernel.cpp:495->/users/arashs/U280_CRC_Accelerator/src/kernel.cpp:590]   --->   Operation 62 'partselect' 'p_37' <Predicate = (!icmp_ln492)> <Delay = 0.00>
ST_2 : Operation 63 [1/1] (0.00ns)   --->   "%p_38 = partselect i8 @_ssdm_op_PartSelect.i8.i512.i32.i32, i512 %packed, i32 312, i32 319" [/users/arashs/U280_CRC_Accelerator/src/kernel.cpp:495->/users/arashs/U280_CRC_Accelerator/src/kernel.cpp:590]   --->   Operation 63 'partselect' 'p_38' <Predicate = (!icmp_ln492)> <Delay = 0.00>
ST_2 : Operation 64 [1/1] (0.00ns)   --->   "%p_39 = partselect i8 @_ssdm_op_PartSelect.i8.i512.i32.i32, i512 %packed, i32 320, i32 327" [/users/arashs/U280_CRC_Accelerator/src/kernel.cpp:495->/users/arashs/U280_CRC_Accelerator/src/kernel.cpp:590]   --->   Operation 64 'partselect' 'p_39' <Predicate = (!icmp_ln492)> <Delay = 0.00>
ST_2 : Operation 65 [1/1] (0.00ns)   --->   "%p_40 = partselect i8 @_ssdm_op_PartSelect.i8.i512.i32.i32, i512 %packed, i32 328, i32 335" [/users/arashs/U280_CRC_Accelerator/src/kernel.cpp:495->/users/arashs/U280_CRC_Accelerator/src/kernel.cpp:590]   --->   Operation 65 'partselect' 'p_40' <Predicate = (!icmp_ln492)> <Delay = 0.00>
ST_2 : Operation 66 [1/1] (0.00ns)   --->   "%p_41 = partselect i8 @_ssdm_op_PartSelect.i8.i512.i32.i32, i512 %packed, i32 336, i32 343" [/users/arashs/U280_CRC_Accelerator/src/kernel.cpp:495->/users/arashs/U280_CRC_Accelerator/src/kernel.cpp:590]   --->   Operation 66 'partselect' 'p_41' <Predicate = (!icmp_ln492)> <Delay = 0.00>
ST_2 : Operation 67 [1/1] (0.00ns)   --->   "%p_42 = partselect i8 @_ssdm_op_PartSelect.i8.i512.i32.i32, i512 %packed, i32 344, i32 351" [/users/arashs/U280_CRC_Accelerator/src/kernel.cpp:495->/users/arashs/U280_CRC_Accelerator/src/kernel.cpp:590]   --->   Operation 67 'partselect' 'p_42' <Predicate = (!icmp_ln492)> <Delay = 0.00>
ST_2 : Operation 68 [1/1] (0.00ns)   --->   "%p_43 = partselect i8 @_ssdm_op_PartSelect.i8.i512.i32.i32, i512 %packed, i32 352, i32 359" [/users/arashs/U280_CRC_Accelerator/src/kernel.cpp:495->/users/arashs/U280_CRC_Accelerator/src/kernel.cpp:590]   --->   Operation 68 'partselect' 'p_43' <Predicate = (!icmp_ln492)> <Delay = 0.00>
ST_2 : Operation 69 [1/1] (0.00ns)   --->   "%p_44 = partselect i8 @_ssdm_op_PartSelect.i8.i512.i32.i32, i512 %packed, i32 360, i32 367" [/users/arashs/U280_CRC_Accelerator/src/kernel.cpp:495->/users/arashs/U280_CRC_Accelerator/src/kernel.cpp:590]   --->   Operation 69 'partselect' 'p_44' <Predicate = (!icmp_ln492)> <Delay = 0.00>
ST_2 : Operation 70 [1/1] (0.00ns)   --->   "%p_45 = partselect i8 @_ssdm_op_PartSelect.i8.i512.i32.i32, i512 %packed, i32 368, i32 375" [/users/arashs/U280_CRC_Accelerator/src/kernel.cpp:495->/users/arashs/U280_CRC_Accelerator/src/kernel.cpp:590]   --->   Operation 70 'partselect' 'p_45' <Predicate = (!icmp_ln492)> <Delay = 0.00>
ST_2 : Operation 71 [1/1] (0.00ns)   --->   "%p_46 = partselect i8 @_ssdm_op_PartSelect.i8.i512.i32.i32, i512 %packed, i32 376, i32 383" [/users/arashs/U280_CRC_Accelerator/src/kernel.cpp:495->/users/arashs/U280_CRC_Accelerator/src/kernel.cpp:590]   --->   Operation 71 'partselect' 'p_46' <Predicate = (!icmp_ln492)> <Delay = 0.00>
ST_2 : Operation 72 [1/1] (0.00ns)   --->   "%p_47 = partselect i8 @_ssdm_op_PartSelect.i8.i512.i32.i32, i512 %packed, i32 384, i32 391" [/users/arashs/U280_CRC_Accelerator/src/kernel.cpp:495->/users/arashs/U280_CRC_Accelerator/src/kernel.cpp:590]   --->   Operation 72 'partselect' 'p_47' <Predicate = (!icmp_ln492)> <Delay = 0.00>
ST_2 : Operation 73 [1/1] (0.00ns)   --->   "%p_48 = partselect i8 @_ssdm_op_PartSelect.i8.i512.i32.i32, i512 %packed, i32 392, i32 399" [/users/arashs/U280_CRC_Accelerator/src/kernel.cpp:495->/users/arashs/U280_CRC_Accelerator/src/kernel.cpp:590]   --->   Operation 73 'partselect' 'p_48' <Predicate = (!icmp_ln492)> <Delay = 0.00>
ST_2 : Operation 74 [1/1] (0.00ns)   --->   "%p_49 = partselect i8 @_ssdm_op_PartSelect.i8.i512.i32.i32, i512 %packed, i32 400, i32 407" [/users/arashs/U280_CRC_Accelerator/src/kernel.cpp:495->/users/arashs/U280_CRC_Accelerator/src/kernel.cpp:590]   --->   Operation 74 'partselect' 'p_49' <Predicate = (!icmp_ln492)> <Delay = 0.00>
ST_2 : Operation 75 [1/1] (0.00ns)   --->   "%p_50 = partselect i8 @_ssdm_op_PartSelect.i8.i512.i32.i32, i512 %packed, i32 408, i32 415" [/users/arashs/U280_CRC_Accelerator/src/kernel.cpp:495->/users/arashs/U280_CRC_Accelerator/src/kernel.cpp:590]   --->   Operation 75 'partselect' 'p_50' <Predicate = (!icmp_ln492)> <Delay = 0.00>
ST_2 : Operation 76 [1/1] (0.00ns)   --->   "%p_51 = partselect i8 @_ssdm_op_PartSelect.i8.i512.i32.i32, i512 %packed, i32 416, i32 423" [/users/arashs/U280_CRC_Accelerator/src/kernel.cpp:495->/users/arashs/U280_CRC_Accelerator/src/kernel.cpp:590]   --->   Operation 76 'partselect' 'p_51' <Predicate = (!icmp_ln492)> <Delay = 0.00>
ST_2 : Operation 77 [1/1] (0.00ns)   --->   "%p_52 = partselect i8 @_ssdm_op_PartSelect.i8.i512.i32.i32, i512 %packed, i32 424, i32 431" [/users/arashs/U280_CRC_Accelerator/src/kernel.cpp:495->/users/arashs/U280_CRC_Accelerator/src/kernel.cpp:590]   --->   Operation 77 'partselect' 'p_52' <Predicate = (!icmp_ln492)> <Delay = 0.00>
ST_2 : Operation 78 [1/1] (0.00ns)   --->   "%p_53 = partselect i8 @_ssdm_op_PartSelect.i8.i512.i32.i32, i512 %packed, i32 432, i32 439" [/users/arashs/U280_CRC_Accelerator/src/kernel.cpp:495->/users/arashs/U280_CRC_Accelerator/src/kernel.cpp:590]   --->   Operation 78 'partselect' 'p_53' <Predicate = (!icmp_ln492)> <Delay = 0.00>
ST_2 : Operation 79 [1/1] (0.00ns)   --->   "%p_54 = partselect i8 @_ssdm_op_PartSelect.i8.i512.i32.i32, i512 %packed, i32 440, i32 447" [/users/arashs/U280_CRC_Accelerator/src/kernel.cpp:495->/users/arashs/U280_CRC_Accelerator/src/kernel.cpp:590]   --->   Operation 79 'partselect' 'p_54' <Predicate = (!icmp_ln492)> <Delay = 0.00>
ST_2 : Operation 80 [1/1] (0.00ns)   --->   "%p_55 = partselect i8 @_ssdm_op_PartSelect.i8.i512.i32.i32, i512 %packed, i32 448, i32 455" [/users/arashs/U280_CRC_Accelerator/src/kernel.cpp:495->/users/arashs/U280_CRC_Accelerator/src/kernel.cpp:590]   --->   Operation 80 'partselect' 'p_55' <Predicate = (!icmp_ln492)> <Delay = 0.00>
ST_2 : Operation 81 [1/1] (0.00ns)   --->   "%p_56 = partselect i8 @_ssdm_op_PartSelect.i8.i512.i32.i32, i512 %packed, i32 456, i32 463" [/users/arashs/U280_CRC_Accelerator/src/kernel.cpp:495->/users/arashs/U280_CRC_Accelerator/src/kernel.cpp:590]   --->   Operation 81 'partselect' 'p_56' <Predicate = (!icmp_ln492)> <Delay = 0.00>
ST_2 : Operation 82 [1/1] (0.00ns)   --->   "%p_57 = partselect i8 @_ssdm_op_PartSelect.i8.i512.i32.i32, i512 %packed, i32 464, i32 471" [/users/arashs/U280_CRC_Accelerator/src/kernel.cpp:495->/users/arashs/U280_CRC_Accelerator/src/kernel.cpp:590]   --->   Operation 82 'partselect' 'p_57' <Predicate = (!icmp_ln492)> <Delay = 0.00>
ST_2 : Operation 83 [1/1] (0.00ns)   --->   "%p_58 = partselect i8 @_ssdm_op_PartSelect.i8.i512.i32.i32, i512 %packed, i32 472, i32 479" [/users/arashs/U280_CRC_Accelerator/src/kernel.cpp:495->/users/arashs/U280_CRC_Accelerator/src/kernel.cpp:590]   --->   Operation 83 'partselect' 'p_58' <Predicate = (!icmp_ln492)> <Delay = 0.00>
ST_2 : Operation 84 [1/1] (0.00ns)   --->   "%p_59 = partselect i8 @_ssdm_op_PartSelect.i8.i512.i32.i32, i512 %packed, i32 480, i32 487" [/users/arashs/U280_CRC_Accelerator/src/kernel.cpp:495->/users/arashs/U280_CRC_Accelerator/src/kernel.cpp:590]   --->   Operation 84 'partselect' 'p_59' <Predicate = (!icmp_ln492)> <Delay = 0.00>
ST_2 : Operation 85 [1/1] (0.00ns)   --->   "%p_60 = partselect i8 @_ssdm_op_PartSelect.i8.i512.i32.i32, i512 %packed, i32 488, i32 495" [/users/arashs/U280_CRC_Accelerator/src/kernel.cpp:495->/users/arashs/U280_CRC_Accelerator/src/kernel.cpp:590]   --->   Operation 85 'partselect' 'p_60' <Predicate = (!icmp_ln492)> <Delay = 0.00>
ST_2 : Operation 86 [1/1] (0.00ns)   --->   "%p_61 = partselect i8 @_ssdm_op_PartSelect.i8.i512.i32.i32, i512 %packed, i32 496, i32 503" [/users/arashs/U280_CRC_Accelerator/src/kernel.cpp:495->/users/arashs/U280_CRC_Accelerator/src/kernel.cpp:590]   --->   Operation 86 'partselect' 'p_61' <Predicate = (!icmp_ln492)> <Delay = 0.00>
ST_2 : Operation 87 [1/1] (0.00ns)   --->   "%p_62 = partselect i8 @_ssdm_op_PartSelect.i8.i512.i32.i32, i512 %packed, i32 504, i32 511" [/users/arashs/U280_CRC_Accelerator/src/kernel.cpp:495->/users/arashs/U280_CRC_Accelerator/src/kernel.cpp:590]   --->   Operation 87 'partselect' 'p_62' <Predicate = (!icmp_ln492)> <Delay = 0.00>

State 3 <SV = 2> <Delay = 2.37>
ST_3 : Operation 88 [1/1] (0.00ns)   --->   "%word0 = bitconcatenate i16 @_ssdm_op_BitConcatenate.i16.i8.i8, i8 %empty, i8 %p_1" [/users/arashs/U280_CRC_Accelerator/src/kernel.cpp:495->/users/arashs/U280_CRC_Accelerator/src/kernel.cpp:590]   --->   Operation 88 'bitconcatenate' 'word0' <Predicate = true> <Delay = 0.00>
ST_3 : Operation 89 [1/1] (0.00ns)   --->   "%word1 = bitconcatenate i16 @_ssdm_op_BitConcatenate.i16.i8.i8, i8 %p_s, i8 %p_2" [/users/arashs/U280_CRC_Accelerator/src/kernel.cpp:495->/users/arashs/U280_CRC_Accelerator/src/kernel.cpp:590]   --->   Operation 89 'bitconcatenate' 'word1' <Predicate = true> <Delay = 0.00>
ST_3 : Operation 90 [1/1] (0.00ns)   --->   "%zext_ln514 = zext i16 %word0" [/users/arashs/U280_CRC_Accelerator/src/kernel.cpp:514->/users/arashs/U280_CRC_Accelerator/src/kernel.cpp:590]   --->   Operation 90 'zext' 'zext_ln514' <Predicate = true> <Delay = 0.00>
ST_3 : Operation 91 [1/1] (0.00ns)   --->   "%zext_ln514_1 = zext i16 %word1" [/users/arashs/U280_CRC_Accelerator/src/kernel.cpp:514->/users/arashs/U280_CRC_Accelerator/src/kernel.cpp:590]   --->   Operation 91 'zext' 'zext_ln514_1' <Predicate = true> <Delay = 0.00>
ST_3 : Operation 92 [1/1] (0.78ns)   --->   "%add_ln514 = add i17 %zext_ln514_1, i17 %zext_ln514" [/users/arashs/U280_CRC_Accelerator/src/kernel.cpp:514->/users/arashs/U280_CRC_Accelerator/src/kernel.cpp:590]   --->   Operation 92 'add' 'add_ln514' <Predicate = true> <Delay = 0.78> <CoreInst = "Adder">   --->   Core 1 'Adder' <Latency = 0> <II = 1> <Delay = 0.78> <FuncUnit> <Opcode : 'add' 'sub'> <InPorts = 2> <OutPorts = 1>
ST_3 : Operation 93 [1/1] (0.00ns)   --->   "%word0_1 = bitconcatenate i16 @_ssdm_op_BitConcatenate.i16.i8.i8, i8 %p_3, i8 %p_4" [/users/arashs/U280_CRC_Accelerator/src/kernel.cpp:495->/users/arashs/U280_CRC_Accelerator/src/kernel.cpp:590]   --->   Operation 93 'bitconcatenate' 'word0_1' <Predicate = true> <Delay = 0.00>
ST_3 : Operation 94 [1/1] (0.00ns)   --->   "%word1_1 = bitconcatenate i16 @_ssdm_op_BitConcatenate.i16.i8.i8, i8 %p_5, i8 %p_6" [/users/arashs/U280_CRC_Accelerator/src/kernel.cpp:495->/users/arashs/U280_CRC_Accelerator/src/kernel.cpp:590]   --->   Operation 94 'bitconcatenate' 'word1_1' <Predicate = true> <Delay = 0.00>
ST_3 : Operation 95 [1/1] (0.00ns)   --->   "%zext_ln514_2 = zext i16 %word0_1" [/users/arashs/U280_CRC_Accelerator/src/kernel.cpp:514->/users/arashs/U280_CRC_Accelerator/src/kernel.cpp:590]   --->   Operation 95 'zext' 'zext_ln514_2' <Predicate = true> <Delay = 0.00>
ST_3 : Operation 96 [1/1] (0.00ns)   --->   "%zext_ln514_3 = zext i16 %word1_1" [/users/arashs/U280_CRC_Accelerator/src/kernel.cpp:514->/users/arashs/U280_CRC_Accelerator/src/kernel.cpp:590]   --->   Operation 96 'zext' 'zext_ln514_3' <Predicate = true> <Delay = 0.00>
ST_3 : Operation 97 [1/1] (0.78ns)   --->   "%add_ln514_1 = add i17 %zext_ln514_3, i17 %zext_ln514_2" [/users/arashs/U280_CRC_Accelerator/src/kernel.cpp:514->/users/arashs/U280_CRC_Accelerator/src/kernel.cpp:590]   --->   Operation 97 'add' 'add_ln514_1' <Predicate = true> <Delay = 0.78> <CoreInst = "Adder">   --->   Core 1 'Adder' <Latency = 0> <II = 1> <Delay = 0.78> <FuncUnit> <Opcode : 'add' 'sub'> <InPorts = 2> <OutPorts = 1>
ST_3 : Operation 98 [1/1] (0.00ns)   --->   "%word0_2 = bitconcatenate i16 @_ssdm_op_BitConcatenate.i16.i8.i8, i8 %p_7, i8 %p_8" [/users/arashs/U280_CRC_Accelerator/src/kernel.cpp:495->/users/arashs/U280_CRC_Accelerator/src/kernel.cpp:590]   --->   Operation 98 'bitconcatenate' 'word0_2' <Predicate = true> <Delay = 0.00>
ST_3 : Operation 99 [1/1] (0.00ns)   --->   "%word1_2 = bitconcatenate i16 @_ssdm_op_BitConcatenate.i16.i8.i8, i8 %p_9, i8 %p_10" [/users/arashs/U280_CRC_Accelerator/src/kernel.cpp:495->/users/arashs/U280_CRC_Accelerator/src/kernel.cpp:590]   --->   Operation 99 'bitconcatenate' 'word1_2' <Predicate = true> <Delay = 0.00>
ST_3 : Operation 100 [1/1] (0.00ns)   --->   "%zext_ln514_4 = zext i16 %word0_2" [/users/arashs/U280_CRC_Accelerator/src/kernel.cpp:514->/users/arashs/U280_CRC_Accelerator/src/kernel.cpp:590]   --->   Operation 100 'zext' 'zext_ln514_4' <Predicate = true> <Delay = 0.00>
ST_3 : Operation 101 [1/1] (0.00ns)   --->   "%zext_ln514_5 = zext i16 %word1_2" [/users/arashs/U280_CRC_Accelerator/src/kernel.cpp:514->/users/arashs/U280_CRC_Accelerator/src/kernel.cpp:590]   --->   Operation 101 'zext' 'zext_ln514_5' <Predicate = true> <Delay = 0.00>
ST_3 : Operation 102 [1/1] (0.78ns)   --->   "%add_ln514_2 = add i17 %zext_ln514_5, i17 %zext_ln514_4" [/users/arashs/U280_CRC_Accelerator/src/kernel.cpp:514->/users/arashs/U280_CRC_Accelerator/src/kernel.cpp:590]   --->   Operation 102 'add' 'add_ln514_2' <Predicate = true> <Delay = 0.78> <CoreInst = "Adder">   --->   Core 1 'Adder' <Latency = 0> <II = 1> <Delay = 0.78> <FuncUnit> <Opcode : 'add' 'sub'> <InPorts = 2> <OutPorts = 1>
ST_3 : Operation 103 [1/1] (0.00ns)   --->   "%word0_3 = bitconcatenate i16 @_ssdm_op_BitConcatenate.i16.i8.i8, i8 %p_11, i8 %p_12" [/users/arashs/U280_CRC_Accelerator/src/kernel.cpp:495->/users/arashs/U280_CRC_Accelerator/src/kernel.cpp:590]   --->   Operation 103 'bitconcatenate' 'word0_3' <Predicate = true> <Delay = 0.00>
ST_3 : Operation 104 [1/1] (0.00ns)   --->   "%word1_3 = bitconcatenate i16 @_ssdm_op_BitConcatenate.i16.i8.i8, i8 %p_13, i8 %p_14" [/users/arashs/U280_CRC_Accelerator/src/kernel.cpp:495->/users/arashs/U280_CRC_Accelerator/src/kernel.cpp:590]   --->   Operation 104 'bitconcatenate' 'word1_3' <Predicate = true> <Delay = 0.00>
ST_3 : Operation 105 [1/1] (0.00ns)   --->   "%zext_ln514_6 = zext i16 %word0_3" [/users/arashs/U280_CRC_Accelerator/src/kernel.cpp:514->/users/arashs/U280_CRC_Accelerator/src/kernel.cpp:590]   --->   Operation 105 'zext' 'zext_ln514_6' <Predicate = true> <Delay = 0.00>
ST_3 : Operation 106 [1/1] (0.00ns)   --->   "%zext_ln514_7 = zext i16 %word1_3" [/users/arashs/U280_CRC_Accelerator/src/kernel.cpp:514->/users/arashs/U280_CRC_Accelerator/src/kernel.cpp:590]   --->   Operation 106 'zext' 'zext_ln514_7' <Predicate = true> <Delay = 0.00>
ST_3 : Operation 107 [1/1] (0.78ns)   --->   "%add_ln514_3 = add i17 %zext_ln514_7, i17 %zext_ln514_6" [/users/arashs/U280_CRC_Accelerator/src/kernel.cpp:514->/users/arashs/U280_CRC_Accelerator/src/kernel.cpp:590]   --->   Operation 107 'add' 'add_ln514_3' <Predicate = true> <Delay = 0.78> <CoreInst = "Adder">   --->   Core 1 'Adder' <Latency = 0> <II = 1> <Delay = 0.78> <FuncUnit> <Opcode : 'add' 'sub'> <InPorts = 2> <OutPorts = 1>
ST_3 : Operation 108 [1/1] (0.00ns)   --->   "%word0_4 = bitconcatenate i16 @_ssdm_op_BitConcatenate.i16.i8.i8, i8 %p_15, i8 %p_16" [/users/arashs/U280_CRC_Accelerator/src/kernel.cpp:495->/users/arashs/U280_CRC_Accelerator/src/kernel.cpp:590]   --->   Operation 108 'bitconcatenate' 'word0_4' <Predicate = true> <Delay = 0.00>
ST_3 : Operation 109 [1/1] (0.00ns)   --->   "%word1_4 = bitconcatenate i16 @_ssdm_op_BitConcatenate.i16.i8.i8, i8 %p_17, i8 %p_18" [/users/arashs/U280_CRC_Accelerator/src/kernel.cpp:495->/users/arashs/U280_CRC_Accelerator/src/kernel.cpp:590]   --->   Operation 109 'bitconcatenate' 'word1_4' <Predicate = true> <Delay = 0.00>
ST_3 : Operation 110 [1/1] (0.00ns)   --->   "%zext_ln514_8 = zext i16 %word0_4" [/users/arashs/U280_CRC_Accelerator/src/kernel.cpp:514->/users/arashs/U280_CRC_Accelerator/src/kernel.cpp:590]   --->   Operation 110 'zext' 'zext_ln514_8' <Predicate = true> <Delay = 0.00>
ST_3 : Operation 111 [1/1] (0.00ns)   --->   "%zext_ln514_9 = zext i16 %word1_4" [/users/arashs/U280_CRC_Accelerator/src/kernel.cpp:514->/users/arashs/U280_CRC_Accelerator/src/kernel.cpp:590]   --->   Operation 111 'zext' 'zext_ln514_9' <Predicate = true> <Delay = 0.00>
ST_3 : Operation 112 [1/1] (0.78ns)   --->   "%add_ln514_4 = add i17 %zext_ln514_9, i17 %zext_ln514_8" [/users/arashs/U280_CRC_Accelerator/src/kernel.cpp:514->/users/arashs/U280_CRC_Accelerator/src/kernel.cpp:590]   --->   Operation 112 'add' 'add_ln514_4' <Predicate = true> <Delay = 0.78> <CoreInst = "Adder">   --->   Core 1 'Adder' <Latency = 0> <II = 1> <Delay = 0.78> <FuncUnit> <Opcode : 'add' 'sub'> <InPorts = 2> <OutPorts = 1>
ST_3 : Operation 113 [1/1] (0.00ns)   --->   "%word0_5 = bitconcatenate i16 @_ssdm_op_BitConcatenate.i16.i8.i8, i8 %p_19, i8 %p_20" [/users/arashs/U280_CRC_Accelerator/src/kernel.cpp:495->/users/arashs/U280_CRC_Accelerator/src/kernel.cpp:590]   --->   Operation 113 'bitconcatenate' 'word0_5' <Predicate = true> <Delay = 0.00>
ST_3 : Operation 114 [1/1] (0.00ns)   --->   "%word1_5 = bitconcatenate i16 @_ssdm_op_BitConcatenate.i16.i8.i8, i8 %p_21, i8 %p_22" [/users/arashs/U280_CRC_Accelerator/src/kernel.cpp:495->/users/arashs/U280_CRC_Accelerator/src/kernel.cpp:590]   --->   Operation 114 'bitconcatenate' 'word1_5' <Predicate = true> <Delay = 0.00>
ST_3 : Operation 115 [1/1] (0.00ns)   --->   "%zext_ln514_10 = zext i16 %word0_5" [/users/arashs/U280_CRC_Accelerator/src/kernel.cpp:514->/users/arashs/U280_CRC_Accelerator/src/kernel.cpp:590]   --->   Operation 115 'zext' 'zext_ln514_10' <Predicate = true> <Delay = 0.00>
ST_3 : Operation 116 [1/1] (0.00ns)   --->   "%zext_ln514_11 = zext i16 %word1_5" [/users/arashs/U280_CRC_Accelerator/src/kernel.cpp:514->/users/arashs/U280_CRC_Accelerator/src/kernel.cpp:590]   --->   Operation 116 'zext' 'zext_ln514_11' <Predicate = true> <Delay = 0.00>
ST_3 : Operation 117 [1/1] (0.78ns)   --->   "%add_ln514_5 = add i17 %zext_ln514_11, i17 %zext_ln514_10" [/users/arashs/U280_CRC_Accelerator/src/kernel.cpp:514->/users/arashs/U280_CRC_Accelerator/src/kernel.cpp:590]   --->   Operation 117 'add' 'add_ln514_5' <Predicate = true> <Delay = 0.78> <CoreInst = "Adder">   --->   Core 1 'Adder' <Latency = 0> <II = 1> <Delay = 0.78> <FuncUnit> <Opcode : 'add' 'sub'> <InPorts = 2> <OutPorts = 1>
ST_3 : Operation 118 [1/1] (0.00ns)   --->   "%word0_6 = bitconcatenate i16 @_ssdm_op_BitConcatenate.i16.i8.i8, i8 %p_23, i8 %p_24" [/users/arashs/U280_CRC_Accelerator/src/kernel.cpp:495->/users/arashs/U280_CRC_Accelerator/src/kernel.cpp:590]   --->   Operation 118 'bitconcatenate' 'word0_6' <Predicate = true> <Delay = 0.00>
ST_3 : Operation 119 [1/1] (0.00ns)   --->   "%word1_6 = bitconcatenate i16 @_ssdm_op_BitConcatenate.i16.i8.i8, i8 %p_25, i8 %p_26" [/users/arashs/U280_CRC_Accelerator/src/kernel.cpp:495->/users/arashs/U280_CRC_Accelerator/src/kernel.cpp:590]   --->   Operation 119 'bitconcatenate' 'word1_6' <Predicate = true> <Delay = 0.00>
ST_3 : Operation 120 [1/1] (0.00ns)   --->   "%zext_ln514_12 = zext i16 %word0_6" [/users/arashs/U280_CRC_Accelerator/src/kernel.cpp:514->/users/arashs/U280_CRC_Accelerator/src/kernel.cpp:590]   --->   Operation 120 'zext' 'zext_ln514_12' <Predicate = true> <Delay = 0.00>
ST_3 : Operation 121 [1/1] (0.00ns)   --->   "%zext_ln514_13 = zext i16 %word1_6" [/users/arashs/U280_CRC_Accelerator/src/kernel.cpp:514->/users/arashs/U280_CRC_Accelerator/src/kernel.cpp:590]   --->   Operation 121 'zext' 'zext_ln514_13' <Predicate = true> <Delay = 0.00>
ST_3 : Operation 122 [1/1] (0.78ns)   --->   "%add_ln514_6 = add i17 %zext_ln514_13, i17 %zext_ln514_12" [/users/arashs/U280_CRC_Accelerator/src/kernel.cpp:514->/users/arashs/U280_CRC_Accelerator/src/kernel.cpp:590]   --->   Operation 122 'add' 'add_ln514_6' <Predicate = true> <Delay = 0.78> <CoreInst = "Adder">   --->   Core 1 'Adder' <Latency = 0> <II = 1> <Delay = 0.78> <FuncUnit> <Opcode : 'add' 'sub'> <InPorts = 2> <OutPorts = 1>
ST_3 : Operation 123 [1/1] (0.00ns)   --->   "%word0_7 = bitconcatenate i16 @_ssdm_op_BitConcatenate.i16.i8.i8, i8 %p_27, i8 %p_28" [/users/arashs/U280_CRC_Accelerator/src/kernel.cpp:495->/users/arashs/U280_CRC_Accelerator/src/kernel.cpp:590]   --->   Operation 123 'bitconcatenate' 'word0_7' <Predicate = true> <Delay = 0.00>
ST_3 : Operation 124 [1/1] (0.00ns)   --->   "%word1_7 = bitconcatenate i16 @_ssdm_op_BitConcatenate.i16.i8.i8, i8 %p_29, i8 %p_30" [/users/arashs/U280_CRC_Accelerator/src/kernel.cpp:495->/users/arashs/U280_CRC_Accelerator/src/kernel.cpp:590]   --->   Operation 124 'bitconcatenate' 'word1_7' <Predicate = true> <Delay = 0.00>
ST_3 : Operation 125 [1/1] (0.00ns)   --->   "%zext_ln514_14 = zext i16 %word0_7" [/users/arashs/U280_CRC_Accelerator/src/kernel.cpp:514->/users/arashs/U280_CRC_Accelerator/src/kernel.cpp:590]   --->   Operation 125 'zext' 'zext_ln514_14' <Predicate = true> <Delay = 0.00>
ST_3 : Operation 126 [1/1] (0.00ns)   --->   "%zext_ln514_15 = zext i16 %word1_7" [/users/arashs/U280_CRC_Accelerator/src/kernel.cpp:514->/users/arashs/U280_CRC_Accelerator/src/kernel.cpp:590]   --->   Operation 126 'zext' 'zext_ln514_15' <Predicate = true> <Delay = 0.00>
ST_3 : Operation 127 [1/1] (0.78ns)   --->   "%add_ln514_7 = add i17 %zext_ln514_15, i17 %zext_ln514_14" [/users/arashs/U280_CRC_Accelerator/src/kernel.cpp:514->/users/arashs/U280_CRC_Accelerator/src/kernel.cpp:590]   --->   Operation 127 'add' 'add_ln514_7' <Predicate = true> <Delay = 0.78> <CoreInst = "Adder">   --->   Core 1 'Adder' <Latency = 0> <II = 1> <Delay = 0.78> <FuncUnit> <Opcode : 'add' 'sub'> <InPorts = 2> <OutPorts = 1>
ST_3 : Operation 128 [1/1] (0.00ns)   --->   "%word0_8 = bitconcatenate i16 @_ssdm_op_BitConcatenate.i16.i8.i8, i8 %p_31, i8 %p_32" [/users/arashs/U280_CRC_Accelerator/src/kernel.cpp:495->/users/arashs/U280_CRC_Accelerator/src/kernel.cpp:590]   --->   Operation 128 'bitconcatenate' 'word0_8' <Predicate = true> <Delay = 0.00>
ST_3 : Operation 129 [1/1] (0.00ns)   --->   "%word1_8 = bitconcatenate i16 @_ssdm_op_BitConcatenate.i16.i8.i8, i8 %p_33, i8 %p_34" [/users/arashs/U280_CRC_Accelerator/src/kernel.cpp:495->/users/arashs/U280_CRC_Accelerator/src/kernel.cpp:590]   --->   Operation 129 'bitconcatenate' 'word1_8' <Predicate = true> <Delay = 0.00>
ST_3 : Operation 130 [1/1] (0.00ns)   --->   "%zext_ln514_16 = zext i16 %word0_8" [/users/arashs/U280_CRC_Accelerator/src/kernel.cpp:514->/users/arashs/U280_CRC_Accelerator/src/kernel.cpp:590]   --->   Operation 130 'zext' 'zext_ln514_16' <Predicate = true> <Delay = 0.00>
ST_3 : Operation 131 [1/1] (0.00ns)   --->   "%zext_ln514_17 = zext i16 %word1_8" [/users/arashs/U280_CRC_Accelerator/src/kernel.cpp:514->/users/arashs/U280_CRC_Accelerator/src/kernel.cpp:590]   --->   Operation 131 'zext' 'zext_ln514_17' <Predicate = true> <Delay = 0.00>
ST_3 : Operation 132 [1/1] (0.78ns)   --->   "%add_ln514_8 = add i17 %zext_ln514_17, i17 %zext_ln514_16" [/users/arashs/U280_CRC_Accelerator/src/kernel.cpp:514->/users/arashs/U280_CRC_Accelerator/src/kernel.cpp:590]   --->   Operation 132 'add' 'add_ln514_8' <Predicate = true> <Delay = 0.78> <CoreInst = "Adder">   --->   Core 1 'Adder' <Latency = 0> <II = 1> <Delay = 0.78> <FuncUnit> <Opcode : 'add' 'sub'> <InPorts = 2> <OutPorts = 1>
ST_3 : Operation 133 [1/1] (0.00ns)   --->   "%word0_9 = bitconcatenate i16 @_ssdm_op_BitConcatenate.i16.i8.i8, i8 %p_35, i8 %p_36" [/users/arashs/U280_CRC_Accelerator/src/kernel.cpp:495->/users/arashs/U280_CRC_Accelerator/src/kernel.cpp:590]   --->   Operation 133 'bitconcatenate' 'word0_9' <Predicate = true> <Delay = 0.00>
ST_3 : Operation 134 [1/1] (0.00ns)   --->   "%word1_9 = bitconcatenate i16 @_ssdm_op_BitConcatenate.i16.i8.i8, i8 %p_37, i8 %p_38" [/users/arashs/U280_CRC_Accelerator/src/kernel.cpp:495->/users/arashs/U280_CRC_Accelerator/src/kernel.cpp:590]   --->   Operation 134 'bitconcatenate' 'word1_9' <Predicate = true> <Delay = 0.00>
ST_3 : Operation 135 [1/1] (0.00ns)   --->   "%zext_ln514_18 = zext i16 %word0_9" [/users/arashs/U280_CRC_Accelerator/src/kernel.cpp:514->/users/arashs/U280_CRC_Accelerator/src/kernel.cpp:590]   --->   Operation 135 'zext' 'zext_ln514_18' <Predicate = true> <Delay = 0.00>
ST_3 : Operation 136 [1/1] (0.00ns)   --->   "%zext_ln514_19 = zext i16 %word1_9" [/users/arashs/U280_CRC_Accelerator/src/kernel.cpp:514->/users/arashs/U280_CRC_Accelerator/src/kernel.cpp:590]   --->   Operation 136 'zext' 'zext_ln514_19' <Predicate = true> <Delay = 0.00>
ST_3 : Operation 137 [1/1] (0.78ns)   --->   "%add_ln514_9 = add i17 %zext_ln514_19, i17 %zext_ln514_18" [/users/arashs/U280_CRC_Accelerator/src/kernel.cpp:514->/users/arashs/U280_CRC_Accelerator/src/kernel.cpp:590]   --->   Operation 137 'add' 'add_ln514_9' <Predicate = true> <Delay = 0.78> <CoreInst = "Adder">   --->   Core 1 'Adder' <Latency = 0> <II = 1> <Delay = 0.78> <FuncUnit> <Opcode : 'add' 'sub'> <InPorts = 2> <OutPorts = 1>
ST_3 : Operation 138 [1/1] (0.00ns)   --->   "%word0_10 = bitconcatenate i16 @_ssdm_op_BitConcatenate.i16.i8.i8, i8 %p_39, i8 %p_40" [/users/arashs/U280_CRC_Accelerator/src/kernel.cpp:495->/users/arashs/U280_CRC_Accelerator/src/kernel.cpp:590]   --->   Operation 138 'bitconcatenate' 'word0_10' <Predicate = true> <Delay = 0.00>
ST_3 : Operation 139 [1/1] (0.00ns)   --->   "%word1_10 = bitconcatenate i16 @_ssdm_op_BitConcatenate.i16.i8.i8, i8 %p_41, i8 %p_42" [/users/arashs/U280_CRC_Accelerator/src/kernel.cpp:495->/users/arashs/U280_CRC_Accelerator/src/kernel.cpp:590]   --->   Operation 139 'bitconcatenate' 'word1_10' <Predicate = true> <Delay = 0.00>
ST_3 : Operation 140 [1/1] (0.00ns)   --->   "%zext_ln514_20 = zext i16 %word0_10" [/users/arashs/U280_CRC_Accelerator/src/kernel.cpp:514->/users/arashs/U280_CRC_Accelerator/src/kernel.cpp:590]   --->   Operation 140 'zext' 'zext_ln514_20' <Predicate = true> <Delay = 0.00>
ST_3 : Operation 141 [1/1] (0.00ns)   --->   "%zext_ln514_21 = zext i16 %word1_10" [/users/arashs/U280_CRC_Accelerator/src/kernel.cpp:514->/users/arashs/U280_CRC_Accelerator/src/kernel.cpp:590]   --->   Operation 141 'zext' 'zext_ln514_21' <Predicate = true> <Delay = 0.00>
ST_3 : Operation 142 [1/1] (0.78ns)   --->   "%add_ln514_10 = add i17 %zext_ln514_21, i17 %zext_ln514_20" [/users/arashs/U280_CRC_Accelerator/src/kernel.cpp:514->/users/arashs/U280_CRC_Accelerator/src/kernel.cpp:590]   --->   Operation 142 'add' 'add_ln514_10' <Predicate = true> <Delay = 0.78> <CoreInst = "Adder">   --->   Core 1 'Adder' <Latency = 0> <II = 1> <Delay = 0.78> <FuncUnit> <Opcode : 'add' 'sub'> <InPorts = 2> <OutPorts = 1>
ST_3 : Operation 143 [1/1] (0.00ns)   --->   "%word0_11 = bitconcatenate i16 @_ssdm_op_BitConcatenate.i16.i8.i8, i8 %p_43, i8 %p_44" [/users/arashs/U280_CRC_Accelerator/src/kernel.cpp:495->/users/arashs/U280_CRC_Accelerator/src/kernel.cpp:590]   --->   Operation 143 'bitconcatenate' 'word0_11' <Predicate = true> <Delay = 0.00>
ST_3 : Operation 144 [1/1] (0.00ns)   --->   "%word1_11 = bitconcatenate i16 @_ssdm_op_BitConcatenate.i16.i8.i8, i8 %p_45, i8 %p_46" [/users/arashs/U280_CRC_Accelerator/src/kernel.cpp:495->/users/arashs/U280_CRC_Accelerator/src/kernel.cpp:590]   --->   Operation 144 'bitconcatenate' 'word1_11' <Predicate = true> <Delay = 0.00>
ST_3 : Operation 145 [1/1] (0.00ns)   --->   "%zext_ln514_22 = zext i16 %word0_11" [/users/arashs/U280_CRC_Accelerator/src/kernel.cpp:514->/users/arashs/U280_CRC_Accelerator/src/kernel.cpp:590]   --->   Operation 145 'zext' 'zext_ln514_22' <Predicate = true> <Delay = 0.00>
ST_3 : Operation 146 [1/1] (0.00ns)   --->   "%zext_ln514_23 = zext i16 %word1_11" [/users/arashs/U280_CRC_Accelerator/src/kernel.cpp:514->/users/arashs/U280_CRC_Accelerator/src/kernel.cpp:590]   --->   Operation 146 'zext' 'zext_ln514_23' <Predicate = true> <Delay = 0.00>
ST_3 : Operation 147 [1/1] (0.78ns)   --->   "%add_ln514_11 = add i17 %zext_ln514_23, i17 %zext_ln514_22" [/users/arashs/U280_CRC_Accelerator/src/kernel.cpp:514->/users/arashs/U280_CRC_Accelerator/src/kernel.cpp:590]   --->   Operation 147 'add' 'add_ln514_11' <Predicate = true> <Delay = 0.78> <CoreInst = "Adder">   --->   Core 1 'Adder' <Latency = 0> <II = 1> <Delay = 0.78> <FuncUnit> <Opcode : 'add' 'sub'> <InPorts = 2> <OutPorts = 1>
ST_3 : Operation 148 [1/1] (0.00ns)   --->   "%word0_12 = bitconcatenate i16 @_ssdm_op_BitConcatenate.i16.i8.i8, i8 %p_47, i8 %p_48" [/users/arashs/U280_CRC_Accelerator/src/kernel.cpp:495->/users/arashs/U280_CRC_Accelerator/src/kernel.cpp:590]   --->   Operation 148 'bitconcatenate' 'word0_12' <Predicate = true> <Delay = 0.00>
ST_3 : Operation 149 [1/1] (0.00ns)   --->   "%word1_12 = bitconcatenate i16 @_ssdm_op_BitConcatenate.i16.i8.i8, i8 %p_49, i8 %p_50" [/users/arashs/U280_CRC_Accelerator/src/kernel.cpp:495->/users/arashs/U280_CRC_Accelerator/src/kernel.cpp:590]   --->   Operation 149 'bitconcatenate' 'word1_12' <Predicate = true> <Delay = 0.00>
ST_3 : Operation 150 [1/1] (0.00ns)   --->   "%zext_ln514_24 = zext i16 %word0_12" [/users/arashs/U280_CRC_Accelerator/src/kernel.cpp:514->/users/arashs/U280_CRC_Accelerator/src/kernel.cpp:590]   --->   Operation 150 'zext' 'zext_ln514_24' <Predicate = true> <Delay = 0.00>
ST_3 : Operation 151 [1/1] (0.00ns)   --->   "%zext_ln514_25 = zext i16 %word1_12" [/users/arashs/U280_CRC_Accelerator/src/kernel.cpp:514->/users/arashs/U280_CRC_Accelerator/src/kernel.cpp:590]   --->   Operation 151 'zext' 'zext_ln514_25' <Predicate = true> <Delay = 0.00>
ST_3 : Operation 152 [1/1] (0.78ns)   --->   "%add_ln514_12 = add i17 %zext_ln514_25, i17 %zext_ln514_24" [/users/arashs/U280_CRC_Accelerator/src/kernel.cpp:514->/users/arashs/U280_CRC_Accelerator/src/kernel.cpp:590]   --->   Operation 152 'add' 'add_ln514_12' <Predicate = true> <Delay = 0.78> <CoreInst = "Adder">   --->   Core 1 'Adder' <Latency = 0> <II = 1> <Delay = 0.78> <FuncUnit> <Opcode : 'add' 'sub'> <InPorts = 2> <OutPorts = 1>
ST_3 : Operation 153 [1/1] (0.00ns)   --->   "%word0_13 = bitconcatenate i16 @_ssdm_op_BitConcatenate.i16.i8.i8, i8 %p_51, i8 %p_52" [/users/arashs/U280_CRC_Accelerator/src/kernel.cpp:495->/users/arashs/U280_CRC_Accelerator/src/kernel.cpp:590]   --->   Operation 153 'bitconcatenate' 'word0_13' <Predicate = true> <Delay = 0.00>
ST_3 : Operation 154 [1/1] (0.00ns)   --->   "%word1_13 = bitconcatenate i16 @_ssdm_op_BitConcatenate.i16.i8.i8, i8 %p_53, i8 %p_54" [/users/arashs/U280_CRC_Accelerator/src/kernel.cpp:495->/users/arashs/U280_CRC_Accelerator/src/kernel.cpp:590]   --->   Operation 154 'bitconcatenate' 'word1_13' <Predicate = true> <Delay = 0.00>
ST_3 : Operation 155 [1/1] (0.00ns)   --->   "%zext_ln514_26 = zext i16 %word0_13" [/users/arashs/U280_CRC_Accelerator/src/kernel.cpp:514->/users/arashs/U280_CRC_Accelerator/src/kernel.cpp:590]   --->   Operation 155 'zext' 'zext_ln514_26' <Predicate = true> <Delay = 0.00>
ST_3 : Operation 156 [1/1] (0.00ns)   --->   "%zext_ln514_27 = zext i16 %word1_13" [/users/arashs/U280_CRC_Accelerator/src/kernel.cpp:514->/users/arashs/U280_CRC_Accelerator/src/kernel.cpp:590]   --->   Operation 156 'zext' 'zext_ln514_27' <Predicate = true> <Delay = 0.00>
ST_3 : Operation 157 [1/1] (0.78ns)   --->   "%add_ln514_13 = add i17 %zext_ln514_27, i17 %zext_ln514_26" [/users/arashs/U280_CRC_Accelerator/src/kernel.cpp:514->/users/arashs/U280_CRC_Accelerator/src/kernel.cpp:590]   --->   Operation 157 'add' 'add_ln514_13' <Predicate = true> <Delay = 0.78> <CoreInst = "Adder">   --->   Core 1 'Adder' <Latency = 0> <II = 1> <Delay = 0.78> <FuncUnit> <Opcode : 'add' 'sub'> <InPorts = 2> <OutPorts = 1>
ST_3 : Operation 158 [1/1] (0.00ns)   --->   "%word0_14 = bitconcatenate i16 @_ssdm_op_BitConcatenate.i16.i8.i8, i8 %p_55, i8 %p_56" [/users/arashs/U280_CRC_Accelerator/src/kernel.cpp:495->/users/arashs/U280_CRC_Accelerator/src/kernel.cpp:590]   --->   Operation 158 'bitconcatenate' 'word0_14' <Predicate = true> <Delay = 0.00>
ST_3 : Operation 159 [1/1] (0.00ns)   --->   "%word1_14 = bitconcatenate i16 @_ssdm_op_BitConcatenate.i16.i8.i8, i8 %p_57, i8 %p_58" [/users/arashs/U280_CRC_Accelerator/src/kernel.cpp:495->/users/arashs/U280_CRC_Accelerator/src/kernel.cpp:590]   --->   Operation 159 'bitconcatenate' 'word1_14' <Predicate = true> <Delay = 0.00>
ST_3 : Operation 160 [1/1] (0.00ns)   --->   "%zext_ln514_28 = zext i16 %word0_14" [/users/arashs/U280_CRC_Accelerator/src/kernel.cpp:514->/users/arashs/U280_CRC_Accelerator/src/kernel.cpp:590]   --->   Operation 160 'zext' 'zext_ln514_28' <Predicate = true> <Delay = 0.00>
ST_3 : Operation 161 [1/1] (0.00ns)   --->   "%zext_ln514_29 = zext i16 %word1_14" [/users/arashs/U280_CRC_Accelerator/src/kernel.cpp:514->/users/arashs/U280_CRC_Accelerator/src/kernel.cpp:590]   --->   Operation 161 'zext' 'zext_ln514_29' <Predicate = true> <Delay = 0.00>
ST_3 : Operation 162 [1/1] (0.78ns)   --->   "%add_ln514_14 = add i17 %zext_ln514_29, i17 %zext_ln514_28" [/users/arashs/U280_CRC_Accelerator/src/kernel.cpp:514->/users/arashs/U280_CRC_Accelerator/src/kernel.cpp:590]   --->   Operation 162 'add' 'add_ln514_14' <Predicate = true> <Delay = 0.78> <CoreInst = "Adder">   --->   Core 1 'Adder' <Latency = 0> <II = 1> <Delay = 0.78> <FuncUnit> <Opcode : 'add' 'sub'> <InPorts = 2> <OutPorts = 1>
ST_3 : Operation 163 [1/1] (0.00ns)   --->   "%word0_15 = bitconcatenate i16 @_ssdm_op_BitConcatenate.i16.i8.i8, i8 %p_59, i8 %p_60" [/users/arashs/U280_CRC_Accelerator/src/kernel.cpp:495->/users/arashs/U280_CRC_Accelerator/src/kernel.cpp:590]   --->   Operation 163 'bitconcatenate' 'word0_15' <Predicate = true> <Delay = 0.00>
ST_3 : Operation 164 [1/1] (0.00ns)   --->   "%word1_15 = bitconcatenate i16 @_ssdm_op_BitConcatenate.i16.i8.i8, i8 %p_61, i8 %p_62" [/users/arashs/U280_CRC_Accelerator/src/kernel.cpp:495->/users/arashs/U280_CRC_Accelerator/src/kernel.cpp:590]   --->   Operation 164 'bitconcatenate' 'word1_15' <Predicate = true> <Delay = 0.00>
ST_3 : Operation 165 [1/1] (0.00ns)   --->   "%zext_ln514_30 = zext i16 %word0_15" [/users/arashs/U280_CRC_Accelerator/src/kernel.cpp:514->/users/arashs/U280_CRC_Accelerator/src/kernel.cpp:590]   --->   Operation 165 'zext' 'zext_ln514_30' <Predicate = true> <Delay = 0.00>
ST_3 : Operation 166 [1/1] (0.00ns)   --->   "%zext_ln514_31 = zext i16 %word1_15" [/users/arashs/U280_CRC_Accelerator/src/kernel.cpp:514->/users/arashs/U280_CRC_Accelerator/src/kernel.cpp:590]   --->   Operation 166 'zext' 'zext_ln514_31' <Predicate = true> <Delay = 0.00>
ST_3 : Operation 167 [1/1] (0.78ns)   --->   "%add_ln514_15 = add i17 %zext_ln514_31, i17 %zext_ln514_30" [/users/arashs/U280_CRC_Accelerator/src/kernel.cpp:514->/users/arashs/U280_CRC_Accelerator/src/kernel.cpp:590]   --->   Operation 167 'add' 'add_ln514_15' <Predicate = true> <Delay = 0.78> <CoreInst = "Adder">   --->   Core 1 'Adder' <Latency = 0> <II = 1> <Delay = 0.78> <FuncUnit> <Opcode : 'add' 'sub'> <InPorts = 2> <OutPorts = 1>
ST_3 : Operation 168 [1/1] (0.00ns)   --->   "%zext_ln521 = zext i17 %add_ln514" [/users/arashs/U280_CRC_Accelerator/src/kernel.cpp:521->/users/arashs/U280_CRC_Accelerator/src/kernel.cpp:590]   --->   Operation 168 'zext' 'zext_ln521' <Predicate = true> <Delay = 0.00>
ST_3 : Operation 169 [1/1] (0.00ns)   --->   "%zext_ln521_1 = zext i17 %add_ln514_1" [/users/arashs/U280_CRC_Accelerator/src/kernel.cpp:521->/users/arashs/U280_CRC_Accelerator/src/kernel.cpp:590]   --->   Operation 169 'zext' 'zext_ln521_1' <Predicate = true> <Delay = 0.00>
ST_3 : Operation 170 [1/1] (0.79ns)   --->   "%add_ln521 = add i18 %zext_ln521_1, i18 %zext_ln521" [/users/arashs/U280_CRC_Accelerator/src/kernel.cpp:521->/users/arashs/U280_CRC_Accelerator/src/kernel.cpp:590]   --->   Operation 170 'add' 'add_ln521' <Predicate = true> <Delay = 0.79> <CoreInst = "Adder">   --->   Core 1 'Adder' <Latency = 0> <II = 1> <Delay = 0.79> <FuncUnit> <Opcode : 'add' 'sub'> <InPorts = 2> <OutPorts = 1>
ST_3 : Operation 171 [1/1] (0.00ns)   --->   "%zext_ln521_2 = zext i17 %add_ln514_2" [/users/arashs/U280_CRC_Accelerator/src/kernel.cpp:521->/users/arashs/U280_CRC_Accelerator/src/kernel.cpp:590]   --->   Operation 171 'zext' 'zext_ln521_2' <Predicate = true> <Delay = 0.00>
ST_3 : Operation 172 [1/1] (0.00ns)   --->   "%zext_ln521_3 = zext i17 %add_ln514_3" [/users/arashs/U280_CRC_Accelerator/src/kernel.cpp:521->/users/arashs/U280_CRC_Accelerator/src/kernel.cpp:590]   --->   Operation 172 'zext' 'zext_ln521_3' <Predicate = true> <Delay = 0.00>
ST_3 : Operation 173 [1/1] (0.79ns)   --->   "%add_ln521_1 = add i18 %zext_ln521_3, i18 %zext_ln521_2" [/users/arashs/U280_CRC_Accelerator/src/kernel.cpp:521->/users/arashs/U280_CRC_Accelerator/src/kernel.cpp:590]   --->   Operation 173 'add' 'add_ln521_1' <Predicate = true> <Delay = 0.79> <CoreInst = "Adder">   --->   Core 1 'Adder' <Latency = 0> <II = 1> <Delay = 0.79> <FuncUnit> <Opcode : 'add' 'sub'> <InPorts = 2> <OutPorts = 1>
ST_3 : Operation 174 [1/1] (0.00ns)   --->   "%zext_ln521_4 = zext i17 %add_ln514_4" [/users/arashs/U280_CRC_Accelerator/src/kernel.cpp:521->/users/arashs/U280_CRC_Accelerator/src/kernel.cpp:590]   --->   Operation 174 'zext' 'zext_ln521_4' <Predicate = true> <Delay = 0.00>
ST_3 : Operation 175 [1/1] (0.00ns)   --->   "%zext_ln521_5 = zext i17 %add_ln514_5" [/users/arashs/U280_CRC_Accelerator/src/kernel.cpp:521->/users/arashs/U280_CRC_Accelerator/src/kernel.cpp:590]   --->   Operation 175 'zext' 'zext_ln521_5' <Predicate = true> <Delay = 0.00>
ST_3 : Operation 176 [1/1] (0.79ns)   --->   "%add_ln521_2 = add i18 %zext_ln521_5, i18 %zext_ln521_4" [/users/arashs/U280_CRC_Accelerator/src/kernel.cpp:521->/users/arashs/U280_CRC_Accelerator/src/kernel.cpp:590]   --->   Operation 176 'add' 'add_ln521_2' <Predicate = true> <Delay = 0.79> <CoreInst = "Adder">   --->   Core 1 'Adder' <Latency = 0> <II = 1> <Delay = 0.79> <FuncUnit> <Opcode : 'add' 'sub'> <InPorts = 2> <OutPorts = 1>
ST_3 : Operation 177 [1/1] (0.00ns)   --->   "%zext_ln521_6 = zext i17 %add_ln514_6" [/users/arashs/U280_CRC_Accelerator/src/kernel.cpp:521->/users/arashs/U280_CRC_Accelerator/src/kernel.cpp:590]   --->   Operation 177 'zext' 'zext_ln521_6' <Predicate = true> <Delay = 0.00>
ST_3 : Operation 178 [1/1] (0.00ns)   --->   "%zext_ln521_7 = zext i17 %add_ln514_7" [/users/arashs/U280_CRC_Accelerator/src/kernel.cpp:521->/users/arashs/U280_CRC_Accelerator/src/kernel.cpp:590]   --->   Operation 178 'zext' 'zext_ln521_7' <Predicate = true> <Delay = 0.00>
ST_3 : Operation 179 [1/1] (0.79ns)   --->   "%add_ln521_3 = add i18 %zext_ln521_7, i18 %zext_ln521_6" [/users/arashs/U280_CRC_Accelerator/src/kernel.cpp:521->/users/arashs/U280_CRC_Accelerator/src/kernel.cpp:590]   --->   Operation 179 'add' 'add_ln521_3' <Predicate = true> <Delay = 0.79> <CoreInst = "Adder">   --->   Core 1 'Adder' <Latency = 0> <II = 1> <Delay = 0.79> <FuncUnit> <Opcode : 'add' 'sub'> <InPorts = 2> <OutPorts = 1>
ST_3 : Operation 180 [1/1] (0.00ns)   --->   "%zext_ln521_8 = zext i17 %add_ln514_8" [/users/arashs/U280_CRC_Accelerator/src/kernel.cpp:521->/users/arashs/U280_CRC_Accelerator/src/kernel.cpp:590]   --->   Operation 180 'zext' 'zext_ln521_8' <Predicate = true> <Delay = 0.00>
ST_3 : Operation 181 [1/1] (0.00ns)   --->   "%zext_ln521_9 = zext i17 %add_ln514_9" [/users/arashs/U280_CRC_Accelerator/src/kernel.cpp:521->/users/arashs/U280_CRC_Accelerator/src/kernel.cpp:590]   --->   Operation 181 'zext' 'zext_ln521_9' <Predicate = true> <Delay = 0.00>
ST_3 : Operation 182 [1/1] (0.79ns)   --->   "%add_ln521_4 = add i18 %zext_ln521_9, i18 %zext_ln521_8" [/users/arashs/U280_CRC_Accelerator/src/kernel.cpp:521->/users/arashs/U280_CRC_Accelerator/src/kernel.cpp:590]   --->   Operation 182 'add' 'add_ln521_4' <Predicate = true> <Delay = 0.79> <CoreInst = "Adder">   --->   Core 1 'Adder' <Latency = 0> <II = 1> <Delay = 0.79> <FuncUnit> <Opcode : 'add' 'sub'> <InPorts = 2> <OutPorts = 1>
ST_3 : Operation 183 [1/1] (0.00ns)   --->   "%zext_ln521_10 = zext i17 %add_ln514_10" [/users/arashs/U280_CRC_Accelerator/src/kernel.cpp:521->/users/arashs/U280_CRC_Accelerator/src/kernel.cpp:590]   --->   Operation 183 'zext' 'zext_ln521_10' <Predicate = true> <Delay = 0.00>
ST_3 : Operation 184 [1/1] (0.00ns)   --->   "%zext_ln521_11 = zext i17 %add_ln514_11" [/users/arashs/U280_CRC_Accelerator/src/kernel.cpp:521->/users/arashs/U280_CRC_Accelerator/src/kernel.cpp:590]   --->   Operation 184 'zext' 'zext_ln521_11' <Predicate = true> <Delay = 0.00>
ST_3 : Operation 185 [1/1] (0.79ns)   --->   "%add_ln521_5 = add i18 %zext_ln521_11, i18 %zext_ln521_10" [/users/arashs/U280_CRC_Accelerator/src/kernel.cpp:521->/users/arashs/U280_CRC_Accelerator/src/kernel.cpp:590]   --->   Operation 185 'add' 'add_ln521_5' <Predicate = true> <Delay = 0.79> <CoreInst = "Adder">   --->   Core 1 'Adder' <Latency = 0> <II = 1> <Delay = 0.79> <FuncUnit> <Opcode : 'add' 'sub'> <InPorts = 2> <OutPorts = 1>
ST_3 : Operation 186 [1/1] (0.00ns)   --->   "%zext_ln521_12 = zext i17 %add_ln514_12" [/users/arashs/U280_CRC_Accelerator/src/kernel.cpp:521->/users/arashs/U280_CRC_Accelerator/src/kernel.cpp:590]   --->   Operation 186 'zext' 'zext_ln521_12' <Predicate = true> <Delay = 0.00>
ST_3 : Operation 187 [1/1] (0.00ns)   --->   "%zext_ln521_13 = zext i17 %add_ln514_13" [/users/arashs/U280_CRC_Accelerator/src/kernel.cpp:521->/users/arashs/U280_CRC_Accelerator/src/kernel.cpp:590]   --->   Operation 187 'zext' 'zext_ln521_13' <Predicate = true> <Delay = 0.00>
ST_3 : Operation 188 [1/1] (0.79ns)   --->   "%add_ln521_6 = add i18 %zext_ln521_13, i18 %zext_ln521_12" [/users/arashs/U280_CRC_Accelerator/src/kernel.cpp:521->/users/arashs/U280_CRC_Accelerator/src/kernel.cpp:590]   --->   Operation 188 'add' 'add_ln521_6' <Predicate = true> <Delay = 0.79> <CoreInst = "Adder">   --->   Core 1 'Adder' <Latency = 0> <II = 1> <Delay = 0.79> <FuncUnit> <Opcode : 'add' 'sub'> <InPorts = 2> <OutPorts = 1>
ST_3 : Operation 189 [1/1] (0.00ns)   --->   "%zext_ln521_14 = zext i17 %add_ln514_14" [/users/arashs/U280_CRC_Accelerator/src/kernel.cpp:521->/users/arashs/U280_CRC_Accelerator/src/kernel.cpp:590]   --->   Operation 189 'zext' 'zext_ln521_14' <Predicate = true> <Delay = 0.00>
ST_3 : Operation 190 [1/1] (0.00ns)   --->   "%zext_ln521_15 = zext i17 %add_ln514_15" [/users/arashs/U280_CRC_Accelerator/src/kernel.cpp:521->/users/arashs/U280_CRC_Accelerator/src/kernel.cpp:590]   --->   Operation 190 'zext' 'zext_ln521_15' <Predicate = true> <Delay = 0.00>
ST_3 : Operation 191 [1/1] (0.79ns)   --->   "%add_ln521_7 = add i18 %zext_ln521_15, i18 %zext_ln521_14" [/users/arashs/U280_CRC_Accelerator/src/kernel.cpp:521->/users/arashs/U280_CRC_Accelerator/src/kernel.cpp:590]   --->   Operation 191 'add' 'add_ln521_7' <Predicate = true> <Delay = 0.79> <CoreInst = "Adder">   --->   Core 1 'Adder' <Latency = 0> <II = 1> <Delay = 0.79> <FuncUnit> <Opcode : 'add' 'sub'> <InPorts = 2> <OutPorts = 1>
ST_3 : Operation 192 [1/1] (0.00ns)   --->   "%zext_ln528 = zext i18 %add_ln521" [/users/arashs/U280_CRC_Accelerator/src/kernel.cpp:528->/users/arashs/U280_CRC_Accelerator/src/kernel.cpp:590]   --->   Operation 192 'zext' 'zext_ln528' <Predicate = true> <Delay = 0.00>
ST_3 : Operation 193 [1/1] (0.00ns)   --->   "%zext_ln528_1 = zext i18 %add_ln521_1" [/users/arashs/U280_CRC_Accelerator/src/kernel.cpp:528->/users/arashs/U280_CRC_Accelerator/src/kernel.cpp:590]   --->   Operation 193 'zext' 'zext_ln528_1' <Predicate = true> <Delay = 0.00>
ST_3 : Operation 194 [1/1] (0.79ns)   --->   "%add_ln528 = add i19 %zext_ln528_1, i19 %zext_ln528" [/users/arashs/U280_CRC_Accelerator/src/kernel.cpp:528->/users/arashs/U280_CRC_Accelerator/src/kernel.cpp:590]   --->   Operation 194 'add' 'add_ln528' <Predicate = true> <Delay = 0.79> <CoreInst = "Adder">   --->   Core 1 'Adder' <Latency = 0> <II = 1> <Delay = 0.79> <FuncUnit> <Opcode : 'add' 'sub'> <InPorts = 2> <OutPorts = 1>
ST_3 : Operation 195 [1/1] (0.00ns)   --->   "%zext_ln528_2 = zext i18 %add_ln521_2" [/users/arashs/U280_CRC_Accelerator/src/kernel.cpp:528->/users/arashs/U280_CRC_Accelerator/src/kernel.cpp:590]   --->   Operation 195 'zext' 'zext_ln528_2' <Predicate = true> <Delay = 0.00>
ST_3 : Operation 196 [1/1] (0.00ns)   --->   "%zext_ln528_3 = zext i18 %add_ln521_3" [/users/arashs/U280_CRC_Accelerator/src/kernel.cpp:528->/users/arashs/U280_CRC_Accelerator/src/kernel.cpp:590]   --->   Operation 196 'zext' 'zext_ln528_3' <Predicate = true> <Delay = 0.00>
ST_3 : Operation 197 [1/1] (0.79ns)   --->   "%add_ln528_1 = add i19 %zext_ln528_3, i19 %zext_ln528_2" [/users/arashs/U280_CRC_Accelerator/src/kernel.cpp:528->/users/arashs/U280_CRC_Accelerator/src/kernel.cpp:590]   --->   Operation 197 'add' 'add_ln528_1' <Predicate = true> <Delay = 0.79> <CoreInst = "Adder">   --->   Core 1 'Adder' <Latency = 0> <II = 1> <Delay = 0.79> <FuncUnit> <Opcode : 'add' 'sub'> <InPorts = 2> <OutPorts = 1>
ST_3 : Operation 198 [1/1] (0.00ns)   --->   "%zext_ln528_4 = zext i18 %add_ln521_4" [/users/arashs/U280_CRC_Accelerator/src/kernel.cpp:528->/users/arashs/U280_CRC_Accelerator/src/kernel.cpp:590]   --->   Operation 198 'zext' 'zext_ln528_4' <Predicate = true> <Delay = 0.00>
ST_3 : Operation 199 [1/1] (0.00ns)   --->   "%zext_ln528_5 = zext i18 %add_ln521_5" [/users/arashs/U280_CRC_Accelerator/src/kernel.cpp:528->/users/arashs/U280_CRC_Accelerator/src/kernel.cpp:590]   --->   Operation 199 'zext' 'zext_ln528_5' <Predicate = true> <Delay = 0.00>
ST_3 : Operation 200 [1/1] (0.79ns)   --->   "%add_ln528_2 = add i19 %zext_ln528_5, i19 %zext_ln528_4" [/users/arashs/U280_CRC_Accelerator/src/kernel.cpp:528->/users/arashs/U280_CRC_Accelerator/src/kernel.cpp:590]   --->   Operation 200 'add' 'add_ln528_2' <Predicate = true> <Delay = 0.79> <CoreInst = "Adder">   --->   Core 1 'Adder' <Latency = 0> <II = 1> <Delay = 0.79> <FuncUnit> <Opcode : 'add' 'sub'> <InPorts = 2> <OutPorts = 1>
ST_3 : Operation 201 [1/1] (0.00ns)   --->   "%zext_ln528_6 = zext i18 %add_ln521_6" [/users/arashs/U280_CRC_Accelerator/src/kernel.cpp:528->/users/arashs/U280_CRC_Accelerator/src/kernel.cpp:590]   --->   Operation 201 'zext' 'zext_ln528_6' <Predicate = true> <Delay = 0.00>
ST_3 : Operation 202 [1/1] (0.00ns)   --->   "%zext_ln528_7 = zext i18 %add_ln521_7" [/users/arashs/U280_CRC_Accelerator/src/kernel.cpp:528->/users/arashs/U280_CRC_Accelerator/src/kernel.cpp:590]   --->   Operation 202 'zext' 'zext_ln528_7' <Predicate = true> <Delay = 0.00>
ST_3 : Operation 203 [1/1] (0.79ns)   --->   "%add_ln528_3 = add i19 %zext_ln528_7, i19 %zext_ln528_6" [/users/arashs/U280_CRC_Accelerator/src/kernel.cpp:528->/users/arashs/U280_CRC_Accelerator/src/kernel.cpp:590]   --->   Operation 203 'add' 'add_ln528_3' <Predicate = true> <Delay = 0.79> <CoreInst = "Adder">   --->   Core 1 'Adder' <Latency = 0> <II = 1> <Delay = 0.79> <FuncUnit> <Opcode : 'add' 'sub'> <InPorts = 2> <OutPorts = 1>

State 4 <SV = 3> <Delay = 1.61>
ST_4 : Operation 204 [1/1] (0.00ns)   --->   "%zext_ln535 = zext i19 %add_ln528" [/users/arashs/U280_CRC_Accelerator/src/kernel.cpp:535->/users/arashs/U280_CRC_Accelerator/src/kernel.cpp:590]   --->   Operation 204 'zext' 'zext_ln535' <Predicate = true> <Delay = 0.00>
ST_4 : Operation 205 [1/1] (0.00ns)   --->   "%zext_ln535_1 = zext i19 %add_ln528_1" [/users/arashs/U280_CRC_Accelerator/src/kernel.cpp:535->/users/arashs/U280_CRC_Accelerator/src/kernel.cpp:590]   --->   Operation 205 'zext' 'zext_ln535_1' <Predicate = true> <Delay = 0.00>
ST_4 : Operation 206 [1/1] (0.80ns)   --->   "%add_ln535 = add i20 %zext_ln535_1, i20 %zext_ln535" [/users/arashs/U280_CRC_Accelerator/src/kernel.cpp:535->/users/arashs/U280_CRC_Accelerator/src/kernel.cpp:590]   --->   Operation 206 'add' 'add_ln535' <Predicate = true> <Delay = 0.80> <CoreInst = "Adder">   --->   Core 1 'Adder' <Latency = 0> <II = 1> <Delay = 0.80> <FuncUnit> <Opcode : 'add' 'sub'> <InPorts = 2> <OutPorts = 1>
ST_4 : Operation 207 [1/1] (0.00ns)   --->   "%zext_ln535_2 = zext i19 %add_ln528_2" [/users/arashs/U280_CRC_Accelerator/src/kernel.cpp:535->/users/arashs/U280_CRC_Accelerator/src/kernel.cpp:590]   --->   Operation 207 'zext' 'zext_ln535_2' <Predicate = true> <Delay = 0.00>
ST_4 : Operation 208 [1/1] (0.00ns)   --->   "%zext_ln535_3 = zext i19 %add_ln528_3" [/users/arashs/U280_CRC_Accelerator/src/kernel.cpp:535->/users/arashs/U280_CRC_Accelerator/src/kernel.cpp:590]   --->   Operation 208 'zext' 'zext_ln535_3' <Predicate = true> <Delay = 0.00>
ST_4 : Operation 209 [1/1] (0.80ns)   --->   "%add_ln535_1 = add i20 %zext_ln535_3, i20 %zext_ln535_2" [/users/arashs/U280_CRC_Accelerator/src/kernel.cpp:535->/users/arashs/U280_CRC_Accelerator/src/kernel.cpp:590]   --->   Operation 209 'add' 'add_ln535_1' <Predicate = true> <Delay = 0.80> <CoreInst = "Adder">   --->   Core 1 'Adder' <Latency = 0> <II = 1> <Delay = 0.80> <FuncUnit> <Opcode : 'add' 'sub'> <InPorts = 2> <OutPorts = 1>
ST_4 : Operation 210 [1/1] (0.00ns)   --->   "%zext_ln538 = zext i20 %add_ln535" [/users/arashs/U280_CRC_Accelerator/src/kernel.cpp:538->/users/arashs/U280_CRC_Accelerator/src/kernel.cpp:590]   --->   Operation 210 'zext' 'zext_ln538' <Predicate = true> <Delay = 0.00>
ST_4 : Operation 211 [1/1] (0.00ns)   --->   "%zext_ln538_1 = zext i20 %add_ln535_1" [/users/arashs/U280_CRC_Accelerator/src/kernel.cpp:538->/users/arashs/U280_CRC_Accelerator/src/kernel.cpp:590]   --->   Operation 211 'zext' 'zext_ln538_1' <Predicate = true> <Delay = 0.00>
ST_4 : Operation 212 [1/1] (0.80ns)   --->   "%add_ln538 = add i21 %zext_ln538_1, i21 %zext_ln538" [/users/arashs/U280_CRC_Accelerator/src/kernel.cpp:538->/users/arashs/U280_CRC_Accelerator/src/kernel.cpp:590]   --->   Operation 212 'add' 'add_ln538' <Predicate = true> <Delay = 0.80> <CoreInst = "Adder">   --->   Core 1 'Adder' <Latency = 0> <II = 1> <Delay = 0.80> <FuncUnit> <Opcode : 'add' 'sub'> <InPorts = 2> <OutPorts = 1>
ST_4 : Operation 221 [1/1] (0.00ns)   --->   "%sum_load_1 = load i47 %sum"   --->   Operation 221 'load' 'sum_load_1' <Predicate = (icmp_ln492)> <Delay = 0.00>
ST_4 : Operation 222 [1/1] (0.00ns)   --->   "%write_ln0 = write void @_ssdm_op_Write.ap_auto.i47P0A, i47 %sum_out, i47 %sum_load_1"   --->   Operation 222 'write' 'write_ln0' <Predicate = (icmp_ln492)> <Delay = 0.00>
ST_4 : Operation 223 [1/1] (0.00ns)   --->   "%ret_ln0 = ret"   --->   Operation 223 'ret' 'ret_ln0' <Predicate = (icmp_ln492)> <Delay = 0.00>

State 5 <SV = 4> <Delay = 1.34>
ST_5 : Operation 213 [1/1] (0.00ns)   --->   "%sum_load = load i47 %sum" [/users/arashs/U280_CRC_Accelerator/src/kernel.cpp:538->/users/arashs/U280_CRC_Accelerator/src/kernel.cpp:590]   --->   Operation 213 'load' 'sum_load' <Predicate = true> <Delay = 0.00>
ST_5 : Operation 214 [1/1] (0.00ns)   --->   "%specpipeline_ln494 = specpipeline void @_ssdm_op_SpecPipeline, i32 1, i32 0, i32 0, i32 0, void @empty_5" [/users/arashs/U280_CRC_Accelerator/src/kernel.cpp:494->/users/arashs/U280_CRC_Accelerator/src/kernel.cpp:590]   --->   Operation 214 'specpipeline' 'specpipeline_ln494' <Predicate = true> <Delay = 0.00>
ST_5 : Operation 215 [1/1] (0.00ns)   --->   "%speclooptripcount_ln488 = speclooptripcount void @_ssdm_op_SpecLoopTripCount, i64 0, i64 67108863, i64 33554431" [/users/arashs/U280_CRC_Accelerator/src/kernel.cpp:488->/users/arashs/U280_CRC_Accelerator/src/kernel.cpp:590]   --->   Operation 215 'speclooptripcount' 'speclooptripcount_ln488' <Predicate = true> <Delay = 0.00>
ST_5 : Operation 216 [1/1] (0.00ns)   --->   "%specloopname_ln492 = specloopname void @_ssdm_op_SpecLoopName, void @empty_1" [/users/arashs/U280_CRC_Accelerator/src/kernel.cpp:492->/users/arashs/U280_CRC_Accelerator/src/kernel.cpp:590]   --->   Operation 216 'specloopname' 'specloopname_ln492' <Predicate = true> <Delay = 0.00>
ST_5 : Operation 217 [1/1] (0.00ns)   --->   "%zext_ln538_2 = zext i21 %add_ln538" [/users/arashs/U280_CRC_Accelerator/src/kernel.cpp:538->/users/arashs/U280_CRC_Accelerator/src/kernel.cpp:590]   --->   Operation 217 'zext' 'zext_ln538_2' <Predicate = true> <Delay = 0.00>
ST_5 : Operation 218 [1/1] (0.95ns)   --->   "%sum_3 = add i47 %sum_load, i47 %zext_ln538_2" [/users/arashs/U280_CRC_Accelerator/src/kernel.cpp:538->/users/arashs/U280_CRC_Accelerator/src/kernel.cpp:590]   --->   Operation 218 'add' 'sum_3' <Predicate = true> <Delay = 0.95> <CoreInst = "Adder">   --->   Core 1 'Adder' <Latency = 0> <II = 1> <Delay = 0.95> <FuncUnit> <Opcode : 'add' 'sub'> <InPorts = 2> <OutPorts = 1>
ST_5 : Operation 219 [1/1] (0.38ns)   --->   "%store_ln492 = store i47 %sum_3, i47 %sum" [/users/arashs/U280_CRC_Accelerator/src/kernel.cpp:492->/users/arashs/U280_CRC_Accelerator/src/kernel.cpp:590]   --->   Operation 219 'store' 'store_ln492' <Predicate = true> <Delay = 0.38>
ST_5 : Operation 220 [1/1] (0.00ns)   --->   "%br_ln492 = br void %for.body87.i" [/users/arashs/U280_CRC_Accelerator/src/kernel.cpp:492->/users/arashs/U280_CRC_Accelerator/src/kernel.cpp:590]   --->   Operation 220 'br' 'br_ln492' <Predicate = true> <Delay = 0.00>


============================================================
+ Verbose Summary: Timing violations
============================================================
Target clock period: 3.333ns, clock uncertainty: 0.900ns.

 <State 1>: 1.231ns
The critical path consists of the following:
	'alloca' operation ('w') [6]  (0.000 ns)
	'load' operation ('w', /users/arashs/U280_CRC_Accelerator/src/kernel.cpp:492->/users/arashs/U280_CRC_Accelerator/src/kernel.cpp:590) on local variable 'w' [15]  (0.000 ns)
	'add' operation ('add_ln492', /users/arashs/U280_CRC_Accelerator/src/kernel.cpp:492->/users/arashs/U280_CRC_Accelerator/src/kernel.cpp:590) [18]  (0.844 ns)
	'store' operation ('store_ln492', /users/arashs/U280_CRC_Accelerator/src/kernel.cpp:492->/users/arashs/U280_CRC_Accelerator/src/kernel.cpp:590) of variable 'add_ln492', /users/arashs/U280_CRC_Accelerator/src/kernel.cpp:492->/users/arashs/U280_CRC_Accelerator/src/kernel.cpp:590 on local variable 'w' [217]  (0.387 ns)

 <State 2>: 2.433ns
The critical path consists of the following:
	'getelementptr' operation ('gmem0_addr', /users/arashs/U280_CRC_Accelerator/src/kernel.cpp:492->/users/arashs/U280_CRC_Accelerator/src/kernel.cpp:590) [16]  (0.000 ns)
	bus read operation ('packed', /users/arashs/U280_CRC_Accelerator/src/kernel.cpp:495->/users/arashs/U280_CRC_Accelerator/src/kernel.cpp:590) on port 'gmem0' (/users/arashs/U280_CRC_Accelerator/src/kernel.cpp:495->/users/arashs/U280_CRC_Accelerator/src/kernel.cpp:590) [25]  (2.433 ns)

 <State 3>: 2.373ns
The critical path consists of the following:
	'add' operation ('add_ln514', /users/arashs/U280_CRC_Accelerator/src/kernel.cpp:514->/users/arashs/U280_CRC_Accelerator/src/kernel.cpp:590) [34]  (0.785 ns)
	'add' operation ('add_ln521', /users/arashs/U280_CRC_Accelerator/src/kernel.cpp:521->/users/arashs/U280_CRC_Accelerator/src/kernel.cpp:590) [172]  (0.791 ns)
	'add' operation ('add_ln528', /users/arashs/U280_CRC_Accelerator/src/kernel.cpp:528->/users/arashs/U280_CRC_Accelerator/src/kernel.cpp:590) [196]  (0.797 ns)

 <State 4>: 1.612ns
The critical path consists of the following:
	'add' operation ('add_ln535', /users/arashs/U280_CRC_Accelerator/src/kernel.cpp:535->/users/arashs/U280_CRC_Accelerator/src/kernel.cpp:590) [208]  (0.803 ns)
	'add' operation ('add_ln538', /users/arashs/U280_CRC_Accelerator/src/kernel.cpp:538->/users/arashs/U280_CRC_Accelerator/src/kernel.cpp:590) [214]  (0.809 ns)

 <State 5>: 1.346ns
The critical path consists of the following:
	'load' operation ('sum_load', /users/arashs/U280_CRC_Accelerator/src/kernel.cpp:538->/users/arashs/U280_CRC_Accelerator/src/kernel.cpp:590) on local variable 'sum' [21]  (0.000 ns)
	'add' operation ('sum', /users/arashs/U280_CRC_Accelerator/src/kernel.cpp:538->/users/arashs/U280_CRC_Accelerator/src/kernel.cpp:590) [216]  (0.959 ns)
	'store' operation ('store_ln492', /users/arashs/U280_CRC_Accelerator/src/kernel.cpp:492->/users/arashs/U280_CRC_Accelerator/src/kernel.cpp:590) of variable 'sum', /users/arashs/U280_CRC_Accelerator/src/kernel.cpp:538->/users/arashs/U280_CRC_Accelerator/src/kernel.cpp:590 on local variable 'sum' [218]  (0.387 ns)


============================================================
+ Verbose Summary: Binding
============================================================
N/A
* FSMD analyzer results:
  - Output states:
 - Input state : 
  - Chain level:
	State 1
	State 2
	State 3
	State 4
	State 5


============================================================
+ Verbose Summary: Datapath Resource usage 
============================================================
N/A
