

================================================================
== Vitis HLS Report for 'calculate_sha256'
================================================================
* Date:           Fri Feb 20 12:35:01 2026

* Version:        2023.1 (Build 3854077 on May  4 2023)
* Project:        calculate_sha256
* Solution:       solution (Vitis Kernel Flow Target)
* Product family: virtexuplusHBM
* Target device:  xcu280-fsvh2892-2L-e


================================================================
== Performance Estimates
================================================================
+ Timing: 
    * Summary: 
    +--------+---------+----------+------------+
    |  Clock |  Target | Estimated| Uncertainty|
    +--------+---------+----------+------------+
    |ap_clk  |  3.33 ns|  3.429 ns|     0.90 ns|
    +--------+---------+----------+------------+

+ Latency: 
    * Summary: 
    +---------+---------+----------+----------+-----+-----+---------+
    |  Latency (cycles) |  Latency (absolute) |  Interval | Pipeline|
    |   min   |   max   |    min   |    max   | min | max |   Type  |
    +---------+---------+----------+----------+-----+-----+---------+
    |        ?|        ?|         ?|         ?|    ?|    ?|       no|
    +---------+---------+----------+----------+-----+-----+---------+

    + Detail: 
        * Instance: 
        +--------------------------------------------------------+---------------------------------------------+---------+-------------+----------+------------+-----+-------------+---------+
        |                                                        |                                             |    Latency (cycles)   |   Latency (absolute)  |      Interval     | Pipeline|
        |                        Instance                        |                    Module                   |   min   |     max     |    min   |     max    | min |     max     |   Type  |
        +--------------------------------------------------------+---------------------------------------------+---------+-------------+----------+------------+-----+-------------+---------+
        |grp_sha256_process_chunk_fu_106                         |sha256_process_chunk                         |      323|  22749905249|  1.108 us|  78.006 sec|  323|  22749905249|       no|
        |grp_calculate_sha256_Pipeline_hash_write_digest_fu_116  |calculate_sha256_Pipeline_hash_write_digest  |       79|           79|  0.263 us|    0.263 us|   79|           79|       no|
        +--------------------------------------------------------+---------------------------------------------+---------+-------------+----------+------------+-----+-------------+---------+

        * Loop: 
        +-------------------+---------+---------+-------------------+-----------+-----------+------+----------+
        |                   |  Latency (cycles) |     Iteration     |  Initiation Interval  | Trip |          |
        |     Loop Name     |   min   |   max   |      Latency      |  achieved |   target  | Count| Pipelined|
        +-------------------+---------+---------+-------------------+-----------+-----------+------+----------+
        |- hash_chunk_loop  |        ?|        ?|  407 ~ 22749905333|          -|          -|     ?|        no|
        +-------------------+---------+---------+-------------------+-----------+-----------+------+----------+



================================================================
== Utilization Estimates
================================================================
* Summary: 
+---------------------+---------+------+---------+---------+-----+
|         Name        | BRAM_18K|  DSP |    FF   |   LUT   | URAM|
+---------------------+---------+------+---------+---------+-----+
|DSP                  |        -|     -|        -|        -|    -|
|Expression           |        -|     -|        0|      222|    -|
|FIFO                 |        -|     -|        -|        -|    -|
|Instance             |       30|     0|    49329|   163790|    0|
|Memory               |        -|     -|        -|        -|    -|
|Multiplexer          |        -|     -|        -|      109|    -|
|Register             |        -|     -|      626|        -|    -|
+---------------------+---------+------+---------+---------+-----+
|Total                |       30|     0|    49955|   164121|    0|
+---------------------+---------+------+---------+---------+-----+
|Available SLR        |     1344|  3008|   869120|   434560|  320|
+---------------------+---------+------+---------+---------+-----+
|Utilization SLR (%)  |        2|     0|        5|       37|    0|
+---------------------+---------+------+---------+---------+-----+
|Available            |     4032|  9024|  2607360|  1303680|  960|
+---------------------+---------+------+---------+---------+-----+
|Utilization (%)      |       ~0|     0|        1|       12|    0|
+---------------------+---------+------+---------+---------+-----+

+ Detail: 
    * Instance: 
    +--------------------------------------------------------+---------------------------------------------+---------+----+-------+--------+-----+
    |                        Instance                        |                    Module                   | BRAM_18K| DSP|   FF  |   LUT  | URAM|
    +--------------------------------------------------------+---------------------------------------------+---------+----+-------+--------+-----+
    |grp_calculate_sha256_Pipeline_hash_write_digest_fu_116  |calculate_sha256_Pipeline_hash_write_digest  |        0|   0|   1071|    2632|    0|
    |control_s_axi_U                                         |control_s_axi                                |        0|   0|    252|     424|    0|
    |gmem0_m_axi_U                                           |gmem0_m_axi                                  |       30|   0|   3521|    2695|    0|
    |grp_sha256_process_chunk_fu_106                         |sha256_process_chunk                         |        0|   0|  44485|  158039|    0|
    +--------------------------------------------------------+---------------------------------------------+---------+----+-------+--------+-----+
    |Total                                                   |                                             |       30|   0|  49329|  163790|    0|
    +--------------------------------------------------------+---------------------------------------------+---------+----+-------+--------+-----+

    * DSP: 
    N/A

    * Memory: 
    N/A

    * FIFO: 
    N/A

    * Expression: 
    +-----------------------+----------+----+---+----+------------+------------+
    |     Variable Name     | Operation| DSP| FF| LUT| Bitwidth P0| Bitwidth P1|
    +-----------------------+----------+----+---+----+------------+------------+
    |add_ln608_1_fu_157_p2  |         +|   0|  0|  71|          64|          64|
    |add_ln608_fu_167_p2    |         +|   0|  0|  39|          32|           1|
    |chunk_fu_173_p2        |         +|   0|  0|  71|          64|          64|
    |icmp_ln608_fu_162_p2   |      icmp|   0|  0|  39|          32|          32|
    |ap_block_state1        |        or|   0|  0|   2|           1|           1|
    +-----------------------+----------+----+---+----+------------+------------+
    |Total                  |          |   0|  0| 222|         193|         162|
    +-----------------------+----------+----+---+----+------------+------------+

    * Multiplexer: 
    +---------------+----+-----------+-----+-----------+
    |      Name     | LUT| Input Size| Bits| Total Bits|
    +---------------+----+-----------+-----+-----------+
    |ap_NS_fsm      |  37|          7|    1|          7|
    |ap_done        |   9|          2|    1|          2|
    |c_fu_78        |   9|          2|   32|         64|
    |gmem0_ARVALID  |   9|          2|    1|          2|
    |gmem0_AWVALID  |   9|          2|    1|          2|
    |gmem0_BREADY   |   9|          2|    1|          2|
    |gmem0_RREADY   |   9|          2|    1|          2|
    |gmem0_WVALID   |   9|          2|    1|          2|
    |phi_mul_fu_74  |   9|          2|   64|        128|
    +---------------+----+-----------+-----+-----------+
    |Total          | 109|         23|  103|        211|
    +---------------+----+-----------+-----+-----------+

    * Register: 
    +---------------------------------------------------------------------+----+----+-----+-----------+
    |                                 Name                                | FF | LUT| Bits| Const Bits|
    +---------------------------------------------------------------------+----+----+-----+-----------+
    |ap_CS_fsm                                                            |   6|   0|    6|          0|
    |ap_done_reg                                                          |   1|   0|    1|          0|
    |ap_rst_n_inv                                                         |   1|   0|    1|          0|
    |ap_rst_reg_1                                                         |   1|   0|    1|          0|
    |ap_rst_reg_2                                                         |   1|   0|    1|          0|
    |c_4_reg_264                                                          |  32|   0|   32|          0|
    |c_fu_78                                                              |  32|   0|   32|          0|
    |chunk_reg_272                                                        |  64|   0|   64|          0|
    |conv1_i_reg_254                                                      |  32|   0|   64|         32|
    |crc_out_read_reg_244                                                 |  64|   0|   64|          0|
    |data_in_read_reg_249                                                 |  64|   0|   64|          0|
    |digest_1_reg_282                                                     |  32|   0|   32|          0|
    |digest_2_reg_287                                                     |  32|   0|   32|          0|
    |digest_3_reg_292                                                     |  32|   0|   32|          0|
    |digest_4_reg_297                                                     |  32|   0|   32|          0|
    |digest_5_reg_302                                                     |  32|   0|   32|          0|
    |digest_6_reg_307                                                     |  32|   0|   32|          0|
    |digest_7_reg_312                                                     |  32|   0|   32|          0|
    |digest_reg_277                                                       |  32|   0|   32|          0|
    |grp_calculate_sha256_Pipeline_hash_write_digest_fu_116_ap_start_reg  |   1|   0|    1|          0|
    |grp_sha256_process_chunk_fu_106_ap_start_reg                         |   1|   0|    1|          0|
    |phi_mul_fu_74                                                        |  64|   0|   64|          0|
    |trunc_ln621_reg_259                                                  |   6|   0|    6|          0|
    +---------------------------------------------------------------------+----+----+-----+-----------+
    |Total                                                                | 626|   0|  658|         32|
    +---------------------------------------------------------------------+----+----+-----+-----------+



================================================================
== Interface
================================================================
* Summary: 
+-----------------------+-----+-----+---------------+------------------+--------------+
|       RTL Ports       | Dir | Bits|    Protocol   |   Source Object  |    C Type    |
+-----------------------+-----+-----+---------------+------------------+--------------+
|s_axi_control_AWVALID  |   in|    1|          s_axi|           control|        scalar|
|s_axi_control_AWREADY  |  out|    1|          s_axi|           control|        scalar|
|s_axi_control_AWADDR   |   in|    6|          s_axi|           control|        scalar|
|s_axi_control_WVALID   |   in|    1|          s_axi|           control|        scalar|
|s_axi_control_WREADY   |  out|    1|          s_axi|           control|        scalar|
|s_axi_control_WDATA    |   in|   32|          s_axi|           control|        scalar|
|s_axi_control_WSTRB    |   in|    4|          s_axi|           control|        scalar|
|s_axi_control_ARVALID  |   in|    1|          s_axi|           control|        scalar|
|s_axi_control_ARREADY  |  out|    1|          s_axi|           control|        scalar|
|s_axi_control_ARADDR   |   in|    6|          s_axi|           control|        scalar|
|s_axi_control_RVALID   |  out|    1|          s_axi|           control|        scalar|
|s_axi_control_RREADY   |   in|    1|          s_axi|           control|        scalar|
|s_axi_control_RDATA    |  out|   32|          s_axi|           control|        scalar|
|s_axi_control_RRESP    |  out|    2|          s_axi|           control|        scalar|
|s_axi_control_BVALID   |  out|    1|          s_axi|           control|        scalar|
|s_axi_control_BREADY   |   in|    1|          s_axi|           control|        scalar|
|s_axi_control_BRESP    |  out|    2|          s_axi|           control|        scalar|
|ap_clk                 |   in|    1|  ap_ctrl_chain|  calculate_sha256|  return value|
|ap_rst_n               |   in|    1|  ap_ctrl_chain|  calculate_sha256|  return value|
|interrupt              |  out|    1|  ap_ctrl_chain|  calculate_sha256|  return value|
|m_axi_gmem0_AWVALID    |  out|    1|          m_axi|             gmem0|       pointer|
|m_axi_gmem0_AWREADY    |   in|    1|          m_axi|             gmem0|       pointer|
|m_axi_gmem0_AWADDR     |  out|   64|          m_axi|             gmem0|       pointer|
|m_axi_gmem0_AWID       |  out|    1|          m_axi|             gmem0|       pointer|
|m_axi_gmem0_AWLEN      |  out|    8|          m_axi|             gmem0|       pointer|
|m_axi_gmem0_AWSIZE     |  out|    3|          m_axi|             gmem0|       pointer|
|m_axi_gmem0_AWBURST    |  out|    2|          m_axi|             gmem0|       pointer|
|m_axi_gmem0_AWLOCK     |  out|    2|          m_axi|             gmem0|       pointer|
|m_axi_gmem0_AWCACHE    |  out|    4|          m_axi|             gmem0|       pointer|
|m_axi_gmem0_AWPROT     |  out|    3|          m_axi|             gmem0|       pointer|
|m_axi_gmem0_AWQOS      |  out|    4|          m_axi|             gmem0|       pointer|
|m_axi_gmem0_AWREGION   |  out|    4|          m_axi|             gmem0|       pointer|
|m_axi_gmem0_AWUSER     |  out|    1|          m_axi|             gmem0|       pointer|
|m_axi_gmem0_WVALID     |  out|    1|          m_axi|             gmem0|       pointer|
|m_axi_gmem0_WREADY     |   in|    1|          m_axi|             gmem0|       pointer|
|m_axi_gmem0_WDATA      |  out|  512|          m_axi|             gmem0|       pointer|
|m_axi_gmem0_WSTRB      |  out|   64|          m_axi|             gmem0|       pointer|
|m_axi_gmem0_WLAST      |  out|    1|          m_axi|             gmem0|       pointer|
|m_axi_gmem0_WID        |  out|    1|          m_axi|             gmem0|       pointer|
|m_axi_gmem0_WUSER      |  out|    1|          m_axi|             gmem0|       pointer|
|m_axi_gmem0_ARVALID    |  out|    1|          m_axi|             gmem0|       pointer|
|m_axi_gmem0_ARREADY    |   in|    1|          m_axi|             gmem0|       pointer|
|m_axi_gmem0_ARADDR     |  out|   64|          m_axi|             gmem0|       pointer|
|m_axi_gmem0_ARID       |  out|    1|          m_axi|             gmem0|       pointer|
|m_axi_gmem0_ARLEN      |  out|    8|          m_axi|             gmem0|       pointer|
|m_axi_gmem0_ARSIZE     |  out|    3|          m_axi|             gmem0|       pointer|
|m_axi_gmem0_ARBURST    |  out|    2|          m_axi|             gmem0|       pointer|
|m_axi_gmem0_ARLOCK     |  out|    2|          m_axi|             gmem0|       pointer|
|m_axi_gmem0_ARCACHE    |  out|    4|          m_axi|             gmem0|       pointer|
|m_axi_gmem0_ARPROT     |  out|    3|          m_axi|             gmem0|       pointer|
|m_axi_gmem0_ARQOS      |  out|    4|          m_axi|             gmem0|       pointer|
|m_axi_gmem0_ARREGION   |  out|    4|          m_axi|             gmem0|       pointer|
|m_axi_gmem0_ARUSER     |  out|    1|          m_axi|             gmem0|       pointer|
|m_axi_gmem0_RVALID     |   in|    1|          m_axi|             gmem0|       pointer|
|m_axi_gmem0_RREADY     |  out|    1|          m_axi|             gmem0|       pointer|
|m_axi_gmem0_RDATA      |   in|  512|          m_axi|             gmem0|       pointer|
|m_axi_gmem0_RLAST      |   in|    1|          m_axi|             gmem0|       pointer|
|m_axi_gmem0_RID        |   in|    1|          m_axi|             gmem0|       pointer|
|m_axi_gmem0_RUSER      |   in|    1|          m_axi|             gmem0|       pointer|
|m_axi_gmem0_RRESP      |   in|    2|          m_axi|             gmem0|       pointer|
|m_axi_gmem0_BVALID     |   in|    1|          m_axi|             gmem0|       pointer|
|m_axi_gmem0_BREADY     |  out|    1|          m_axi|             gmem0|       pointer|
|m_axi_gmem0_BRESP      |   in|    2|          m_axi|             gmem0|       pointer|
|m_axi_gmem0_BID        |   in|    1|          m_axi|             gmem0|       pointer|
|m_axi_gmem0_BUSER      |   in|    1|          m_axi|             gmem0|       pointer|
+-----------------------+-----+-----+---------------+------------------+--------------+

