

================================================================
== Synthesis Summary Report of 'calculate_sha256'
================================================================
+ General Information: 
    * Date:           Thu Apr  2 18:19:40 2026
    * Version:        2022.1 (Build 3526262 on Mon Apr 18 15:47:01 MDT 2022)
    * Project:        calculate_sha256
    * Solution:       solution (Vitis Kernel Flow Target)
    * Product family: virtexuplus
    * Target device:  xcu280-fsvh2892-2L-e
    

+ Performance & Resource Estimates: 
    
    PS: '+' for module; 'o' for loop; '*' for dataflow
    +-----------------------------------------------------------+--------+-------+---------+---------+----------+---------+------+----------+------+----+------------+--------------+-----+
    |                          Modules                          |  Issue |       | Latency | Latency | Iteration|         | Trip |          |      |    |            |              |     |
    |                          & Loops                          |  Type  | Slack | (cycles)|   (ns)  |  Latency | Interval| Count| Pipelined| BRAM | DSP|     FF     |      LUT     | URAM|
    +-----------------------------------------------------------+--------+-------+---------+---------+----------+---------+------+----------+------+----+------------+--------------+-----+
    |+ calculate_sha256                                         |  Timing|  -0.51|        -|        -|         -|        -|     -|        no|     -|   -|  51210 (1%)|  166986 (12%)|    -|
    | o hash_chunk_loop                                         |       -|   2.43|        -|        -|         -|        -|     -|        no|     -|   -|           -|             -|    -|
    |  + sha256_process_and_write_chunk                         |  Timing|  -0.51|        -|        -|         -|        -|     -|        no|     -|   -|  45998 (1%)|  158189 (12%)|    -|
    |   + sha256_process_chunk                                  |  Timing|  -0.51|        -|        -|         -|        -|     -|        no|     -|   -|  44828 (1%)|  155351 (11%)|    -|
    |    + sha256_process_chunk_Pipeline_clear_pad_block        |       -|   1.16|       66|  219.978|         -|       66|     -|        no|     -|   -|     9 (~0%)|      52 (~0%)|    -|
    |     o clear_pad_block                                     |       -|   2.43|       64|  213.312|         1|        1|    64|       yes|     -|   -|           -|             -|    -|
    |    + sha256_process_chunk_Pipeline_copy_remainder         |  Timing|  -0.00|      136|  453.288|         -|      136|     -|        no|     -|   -|   861 (~0%)|    2457 (~0%)|    -|
    |     o copy_remainder                                      |       -|   2.43|      134|  446.622|        73|        1|    63|       yes|     -|   -|           -|             -|    -|
    |    + sha256_process_chunk_Pipeline_clear_second_block     |       -|   1.16|       66|  219.978|         -|       66|     -|        no|     -|   -|     9 (~0%)|      52 (~0%)|    -|
    |     o clear_second_block                                  |       -|   2.43|       64|  213.312|         1|        1|    64|       yes|     -|   -|           -|             -|    -|
    |    + sha256_process_chunk_Pipeline_len_store_double       |       -|   0.60|       10|   33.330|         -|       10|     -|        no|     -|   -|     6 (~0%)|     238 (~0%)|    -|
    |     o len_store_double                                    |       -|   2.43|        8|   26.664|         1|        1|     8|       yes|     -|   -|           -|             -|    -|
    |    + sha256_process_chunk_Pipeline_len_store_single       |       -|   0.60|       10|   33.330|         -|       10|     -|        no|     -|   -|     6 (~0%)|     238 (~0%)|    -|
    |     o len_store_single                                    |       -|   2.43|        8|   26.664|         1|        1|     8|       yes|     -|   -|           -|             -|    -|
    |    o full_block_loop_vec                                  |       -|   2.43|        -|        -|        74|        -|     -|        no|     -|   -|           -|             -|    -|
    |    o full_block_loop_scalar                               |       -|   2.43|        -|        -|       207|        -|     -|        no|     -|   -|           -|             -|    -|
    |     + sha256_compress_block                               |  Timing|  -0.51|       70|  233.310|         -|       70|     -|        no|     -|   -|  1447 (~0%)|    1905 (~0%)|    -|
    |      + sha256_compress_block_Pipeline_round_loop          |  Timing|  -0.51|       68|  226.644|         -|       68|     -|        no|     -|   -|   931 (~0%)|    1573 (~0%)|    -|
    |       o round_loop                                        |       -|   2.43|       66|  219.978|         3|        1|    64|       yes|     -|   -|           -|             -|    -|
    |   + sha256_process_and_write_chunk_Pipeline_write_digest  |       -|   1.34|       10|   33.330|         -|       10|     -|        no|     -|   -|   263 (~0%)|     102 (~0%)|    -|
    |    o write_digest                                         |       -|   2.43|        8|   26.664|         1|        1|     8|       yes|     -|   -|           -|             -|    -|
    +-----------------------------------------------------------+--------+-------+---------+---------+----------+---------+------+----------+------+----+------------+--------------+-----+


================================================================
== HW Interfaces
================================================================
* M_AXI
+-------------+------------+---------------+---------+--------+----------+-----------+--------------+--------------+-------------+-------------+
| Interface   | Data Width | Address Width | Latency | Offset | Register | Max Widen | Max Read     | Max Write    | Num Read    | Num Write   |
|             | (SW->HW)   |               |         |        |          | Bitwidth  | Burst Length | Burst Length | Outstanding | Outstanding |
+-------------+------------+---------------+---------+--------+----------+-----------+--------------+--------------+-------------+-------------+
| m_axi_gmem0 | 512 -> 512 | 64            | 64      | slave  | 0        | 512       | 16           | 16           | 16          | 16          |
+-------------+------------+---------------+---------+--------+----------+-----------+--------------+--------------+-------------+-------------+

* S_AXILITE Interfaces
+---------------+------------+---------------+--------+----------+
| Interface     | Data Width | Address Width | Offset | Register |
+---------------+------------+---------------+--------+----------+
| s_axi_control | 32         | 6             | 16     | 0        |
+---------------+------------+---------------+--------+----------+

* S_AXILITE Registers
+---------------+-----------+--------+-------+--------+----------------------------------+------------------------------------------------------------------------------------+
| Interface     | Register  | Offset | Width | Access | Description                      | Bit Fields                                                                         |
+---------------+-----------+--------+-------+--------+----------------------------------+------------------------------------------------------------------------------------+
| s_axi_control | CTRL      | 0x00   | 32    | RW     | Control signals                  | 0=AP_START 1=AP_DONE 2=AP_IDLE 3=AP_READY 4=AP_CONTINUE 7=AUTO_RESTART 9=INTERRUPT |
| s_axi_control | GIER      | 0x04   | 32    | RW     | Global Interrupt Enable Register | 0=Enable                                                                           |
| s_axi_control | IP_IER    | 0x08   | 32    | RW     | IP Interrupt Enable Register     | 0=CHAN0_INT_EN 1=CHAN1_INT_EN                                                      |
| s_axi_control | IP_ISR    | 0x0c   | 32    | RW     | IP Interrupt Status Register     | 0=CHAN0_INT_ST 1=CHAN1_INT_ST                                                      |
| s_axi_control | data_in_1 | 0x10   | 32    | W      | Data signal of data_in           |                                                                                    |
| s_axi_control | data_in_2 | 0x14   | 32    | W      | Data signal of data_in           |                                                                                    |
| s_axi_control | crc_out_1 | 0x1c   | 32    | W      | Data signal of crc_out           |                                                                                    |
| s_axi_control | crc_out_2 | 0x20   | 32    | W      | Data signal of crc_out           |                                                                                    |
| s_axi_control | numChunks | 0x28   | 32    | W      | Data signal of numChunks         |                                                                                    |
| s_axi_control | chunkSize | 0x30   | 32    | W      | Data signal of chunkSize         |                                                                                    |
+---------------+-----------+--------+-------+--------+----------------------------------+------------------------------------------------------------------------------------+

* TOP LEVEL CONTROL
+-----------+---------------+-----------+
| Interface | Type          | Ports     |
+-----------+---------------+-----------+
| ap_clk    | clock         | ap_clk    |
| ap_rst_n  | reset         | ap_rst_n  |
| interrupt | interrupt     | interrupt |
| ap_ctrl   | ap_ctrl_chain |           |
+-----------+---------------+-----------+


================================================================
== SW I/O Information
================================================================
* Top Function Arguments
+-----------+-----------+----------------------+
| Argument  | Direction | Datatype             |
+-----------+-----------+----------------------+
| data_in   | inout     | ap_uint<512> const * |
| crc_out   | inout     | unsigned int*        |
| numChunks | in        | unsigned int const   |
| chunkSize | in        | unsigned int const   |
+-----------+-----------+----------------------+

* SW-to-HW Mapping
+-----------+---------------+-----------+----------+-------------------------------------+
| Argument  | HW Interface  | HW Type   | HW Usage | HW Info                             |
+-----------+---------------+-----------+----------+-------------------------------------+
| data_in   | m_axi_gmem0   | interface |          |                                     |
| data_in   | s_axi_control | register  | offset   | name=data_in_1 offset=0x10 range=32 |
| data_in   | s_axi_control | register  | offset   | name=data_in_2 offset=0x14 range=32 |
| crc_out   | m_axi_gmem0   | interface |          |                                     |
| crc_out   | s_axi_control | register  | offset   | name=crc_out_1 offset=0x1c range=32 |
| crc_out   | s_axi_control | register  | offset   | name=crc_out_2 offset=0x20 range=32 |
| numChunks | s_axi_control | register  |          | name=numChunks offset=0x28 range=32 |
| chunkSize | s_axi_control | register  |          | name=chunkSize offset=0x30 range=32 |
+-----------+---------------+-----------+----------+-------------------------------------+


================================================================
== M_AXI Burst Information
================================================================
 Note: All burst requests might be further partitioned into multiple requests during RTL generation based on max_read_burst_length or max_write_burst_length settings.

* Inferred Burst Summary
+--------------+---------------------+-----------+----------+-------+----------------------------------------------------------------------+
| HW Interface | Loop                | Direction | Length   | Width | Location                                                             |
+--------------+---------------------+-----------+----------+-------+----------------------------------------------------------------------+
| m_axi_gmem0  | full_block_loop_vec | read      | variable | 512   | /home/efrink/mled/split_cu/U280_CRC_Accelerator/src/kernel.cpp:233:9 |
+--------------+---------------------+-----------+----------+-------+----------------------------------------------------------------------+

* Inferred Bursts and Widening Missed
+--------------+----------+------------------------+----------------------------------------------------------------------------------------------------------+------------+----------------------------------------------------------------------+
| HW Interface | Variable | Loop                   | Problem                                                                                                  | Resolution | Location                                                             |
+--------------+----------+------------------------+----------------------------------------------------------------------------------------------------------+------------+----------------------------------------------------------------------+
| m_axi_gmem0  | chunk    | copy_remainder         | Could not widen since type i8 size is greater than or equal to alignment 1(bytes)                        | 214-307    | /home/efrink/mled/split_cu/U280_CRC_Accelerator/src/kernel.cpp:259:5 |
| m_axi_gmem0  | chunk    | full_block_loop_vec    | Could not widen since type i512 size is greater than or equal to the max_widen_bitwidth threshold of 512 | 214-353    | /home/efrink/mled/split_cu/U280_CRC_Accelerator/src/kernel.cpp:233:9 |
| m_axi_gmem0  | chunk    | full_block_loop_scalar | Could not widen since type i8 size is greater than or equal to alignment 1(bytes)                        | 214-307    | /home/efrink/mled/split_cu/U280_CRC_Accelerator/src/kernel.cpp:242:9 |
+--------------+----------+------------------------+----------------------------------------------------------------------------------------------------------+------------+----------------------------------------------------------------------+

    * Resolution URL: www.xilinx.com/cgi-bin/docs/rdoc?v=2022.1;t=hls+guidance;d=XXX-YYY.html (replace XXX-YYY with column value)

================================================================
== Bind Op Report
================================================================
+----------------------------------------------------------+-----+--------+--------------+-----+--------+---------+
| Name                                                     | DSP | Pragma | Variable     | Op  | Impl   | Latency |
+----------------------------------------------------------+-----+--------+--------------+-----+--------+---------+
| + calculate_sha256                                       | 0   |        |              |     |        |         |
|   add_ln786_fu_141_p2                                    | -   |        | add_ln786    | add | fabric | 0       |
|   add_ln788_fu_150_p2                                    | -   |        | add_ln788    | add | fabric | 0       |
|   chunk_fu_155_p2                                        | -   |        | chunk        | add | fabric | 0       |
|   digest_out_fu_172_p2                                   | -   |        | digest_out   | add | fabric | 0       |
|  + sha256_process_and_write_chunk                        | 0   |        |              |     |        |         |
|   + sha256_process_chunk                                 | 0   |        |              |     |        |         |
|     add_ln242_fu_2952_p2                                 | -   |        | add_ln242    | add | fabric | 0       |
|     add_ln242_1_fu_2958_p2                               | -   |        | add_ln242_1  | add | fabric | 0       |
|     add_ln242_2_fu_2964_p2                               | -   |        | add_ln242_2  | add | fabric | 0       |
|     add_ln242_3_fu_2970_p2                               | -   |        | add_ln242_3  | add | fabric | 0       |
|     add_ln242_4_fu_2976_p2                               | -   |        | add_ln242_4  | add | fabric | 0       |
|     add_ln242_5_fu_2982_p2                               | -   |        | add_ln242_5  | add | fabric | 0       |
|     add_ln242_6_fu_2988_p2                               | -   |        | add_ln242_6  | add | fabric | 0       |
|     add_ln242_7_fu_2994_p2                               | -   |        | add_ln242_7  | add | fabric | 0       |
|     add_ln242_8_fu_3000_p2                               | -   |        | add_ln242_8  | add | fabric | 0       |
|     add_ln242_9_fu_3006_p2                               | -   |        | add_ln242_9  | add | fabric | 0       |
|     add_ln242_10_fu_3012_p2                              | -   |        | add_ln242_10 | add | fabric | 0       |
|     add_ln242_11_fu_3018_p2                              | -   |        | add_ln242_11 | add | fabric | 0       |
|     add_ln242_12_fu_3024_p2                              | -   |        | add_ln242_12 | add | fabric | 0       |
|     add_ln242_13_fu_3030_p2                              | -   |        | add_ln242_13 | add | fabric | 0       |
|     add_ln242_14_fu_3036_p2                              | -   |        | add_ln242_14 | add | fabric | 0       |
|     add_ln242_15_fu_3042_p2                              | -   |        | add_ln242_15 | add | fabric | 0       |
|     add_ln242_16_fu_3048_p2                              | -   |        | add_ln242_16 | add | fabric | 0       |
|     add_ln242_17_fu_3054_p2                              | -   |        | add_ln242_17 | add | fabric | 0       |
|     add_ln242_18_fu_3060_p2                              | -   |        | add_ln242_18 | add | fabric | 0       |
|     add_ln242_19_fu_3066_p2                              | -   |        | add_ln242_19 | add | fabric | 0       |
|     add_ln242_20_fu_3072_p2                              | -   |        | add_ln242_20 | add | fabric | 0       |
|     add_ln242_21_fu_3078_p2                              | -   |        | add_ln242_21 | add | fabric | 0       |
|     add_ln242_22_fu_3084_p2                              | -   |        | add_ln242_22 | add | fabric | 0       |
|     add_ln242_23_fu_3090_p2                              | -   |        | add_ln242_23 | add | fabric | 0       |
|     add_ln242_24_fu_3096_p2                              | -   |        | add_ln242_24 | add | fabric | 0       |
|     add_ln242_25_fu_3102_p2                              | -   |        | add_ln242_25 | add | fabric | 0       |
|     add_ln242_26_fu_3108_p2                              | -   |        | add_ln242_26 | add | fabric | 0       |
|     add_ln242_27_fu_3114_p2                              | -   |        | add_ln242_27 | add | fabric | 0       |
|     add_ln242_28_fu_3120_p2                              | -   |        | add_ln242_28 | add | fabric | 0       |
|     add_ln242_29_fu_3126_p2                              | -   |        | add_ln242_29 | add | fabric | 0       |
|     add_ln242_30_fu_3132_p2                              | -   |        | add_ln242_30 | add | fabric | 0       |
|     add_ln242_31_fu_3144_p2                              | -   |        | add_ln242_31 | add | fabric | 0       |
|     add_ln242_32_fu_3150_p2                              | -   |        | add_ln242_32 | add | fabric | 0       |
|     add_ln242_33_fu_3156_p2                              | -   |        | add_ln242_33 | add | fabric | 0       |
|     add_ln242_34_fu_3162_p2                              | -   |        | add_ln242_34 | add | fabric | 0       |
|     add_ln242_35_fu_3168_p2                              | -   |        | add_ln242_35 | add | fabric | 0       |
|     add_ln242_36_fu_3174_p2                              | -   |        | add_ln242_36 | add | fabric | 0       |
|     add_ln242_37_fu_3180_p2                              | -   |        | add_ln242_37 | add | fabric | 0       |
|     add_ln242_38_fu_3186_p2                              | -   |        | add_ln242_38 | add | fabric | 0       |
|     add_ln242_39_fu_3192_p2                              | -   |        | add_ln242_39 | add | fabric | 0       |
|     add_ln242_40_fu_3198_p2                              | -   |        | add_ln242_40 | add | fabric | 0       |
|     add_ln242_41_fu_3204_p2                              | -   |        | add_ln242_41 | add | fabric | 0       |
|     add_ln242_42_fu_3210_p2                              | -   |        | add_ln242_42 | add | fabric | 0       |
|     add_ln242_43_fu_3216_p2                              | -   |        | add_ln242_43 | add | fabric | 0       |
|     add_ln242_44_fu_3222_p2                              | -   |        | add_ln242_44 | add | fabric | 0       |
|     add_ln242_45_fu_3228_p2                              | -   |        | add_ln242_45 | add | fabric | 0       |
|     add_ln242_46_fu_3234_p2                              | -   |        | add_ln242_46 | add | fabric | 0       |
|     add_ln242_47_fu_3240_p2                              | -   |        | add_ln242_47 | add | fabric | 0       |
|     add_ln242_48_fu_3246_p2                              | -   |        | add_ln242_48 | add | fabric | 0       |
|     add_ln242_49_fu_3252_p2                              | -   |        | add_ln242_49 | add | fabric | 0       |
|     add_ln242_50_fu_3258_p2                              | -   |        | add_ln242_50 | add | fabric | 0       |
|     add_ln242_51_fu_3264_p2                              | -   |        | add_ln242_51 | add | fabric | 0       |
|     add_ln242_52_fu_3270_p2                              | -   |        | add_ln242_52 | add | fabric | 0       |
|     add_ln242_53_fu_3276_p2                              | -   |        | add_ln242_53 | add | fabric | 0       |
|     add_ln242_54_fu_3282_p2                              | -   |        | add_ln242_54 | add | fabric | 0       |
|     add_ln242_55_fu_3288_p2                              | -   |        | add_ln242_55 | add | fabric | 0       |
|     add_ln242_56_fu_3294_p2                              | -   |        | add_ln242_56 | add | fabric | 0       |
|     add_ln242_57_fu_3300_p2                              | -   |        | add_ln242_57 | add | fabric | 0       |
|     add_ln242_58_fu_3306_p2                              | -   |        | add_ln242_58 | add | fabric | 0       |
|     add_ln242_59_fu_3312_p2                              | -   |        | add_ln242_59 | add | fabric | 0       |
|     add_ln242_60_fu_3318_p2                              | -   |        | add_ln242_60 | add | fabric | 0       |
|     add_ln242_61_fu_3324_p2                              | -   |        | add_ln242_61 | add | fabric | 0       |
|     add_ln242_62_fu_4241_p2                              | -   |        | add_ln242_62 | add | fabric | 0       |
|     add_ln117_fu_4259_p2                                 | -   |        | add_ln117    | add | fabric | 0       |
|     add_ln117_1_fu_4298_p2                               | -   |        | add_ln117_1  | add | fabric | 0       |
|     add_ln117_2_fu_4332_p2                               | -   |        | add_ln117_2  | add | fabric | 0       |
|     add_ln117_3_fu_4366_p2                               | -   |        | add_ln117_3  | add | fabric | 0       |
|     add_ln117_4_fu_4400_p2                               | -   |        | add_ln117_4  | add | fabric | 0       |
|     add_ln117_5_fu_4434_p2                               | -   |        | add_ln117_5  | add | fabric | 0       |
|     add_ln117_6_fu_4468_p2                               | -   |        | add_ln117_6  | add | fabric | 0       |
|     add_ln117_7_fu_4502_p2                               | -   |        | add_ln117_7  | add | fabric | 0       |
|     add_ln117_8_fu_4536_p2                               | -   |        | add_ln117_8  | add | fabric | 0       |
|     add_ln117_9_fu_4570_p2                               | -   |        | add_ln117_9  | add | fabric | 0       |
|     add_ln117_10_fu_4604_p2                              | -   |        | add_ln117_10 | add | fabric | 0       |
|     add_ln117_11_fu_4638_p2                              | -   |        | add_ln117_11 | add | fabric | 0       |
|     add_ln117_12_fu_4672_p2                              | -   |        | add_ln117_12 | add | fabric | 0       |
|     add_ln117_13_fu_4706_p2                              | -   |        | add_ln117_13 | add | fabric | 0       |
|     add_ln117_14_fu_4740_p2                              | -   |        | add_ln117_14 | add | fabric | 0       |
|     add_ln117_15_fu_4774_p2                              | -   |        | add_ln117_15 | add | fabric | 0       |
|     add_ln117_16_fu_4808_p2                              | -   |        | add_ln117_16 | add | fabric | 0       |
|     add_ln117_17_fu_4842_p2                              | -   |        | add_ln117_17 | add | fabric | 0       |
|     add_ln117_18_fu_4876_p2                              | -   |        | add_ln117_18 | add | fabric | 0       |
|     add_ln117_19_fu_4910_p2                              | -   |        | add_ln117_19 | add | fabric | 0       |
|     add_ln117_20_fu_4944_p2                              | -   |        | add_ln117_20 | add | fabric | 0       |
|     add_ln117_21_fu_4978_p2                              | -   |        | add_ln117_21 | add | fabric | 0       |
|     add_ln117_22_fu_5012_p2                              | -   |        | add_ln117_22 | add | fabric | 0       |
|     add_ln117_23_fu_5046_p2                              | -   |        | add_ln117_23 | add | fabric | 0       |
|     add_ln117_24_fu_5080_p2                              | -   |        | add_ln117_24 | add | fabric | 0       |
|     add_ln117_25_fu_5114_p2                              | -   |        | add_ln117_25 | add | fabric | 0       |
|     add_ln117_26_fu_5148_p2                              | -   |        | add_ln117_26 | add | fabric | 0       |
|     add_ln117_27_fu_5182_p2                              | -   |        | add_ln117_27 | add | fabric | 0       |
|     add_ln117_28_fu_5216_p2                              | -   |        | add_ln117_28 | add | fabric | 0       |
|     add_ln117_29_fu_5250_p2                              | -   |        | add_ln117_29 | add | fabric | 0       |
|     add_ln117_30_fu_5284_p2                              | -   |        | add_ln117_30 | add | fabric | 0       |
|     add_ln117_31_fu_5318_p2                              | -   |        | add_ln117_31 | add | fabric | 0       |
|     add_ln117_32_fu_5352_p2                              | -   |        | add_ln117_32 | add | fabric | 0       |
|     add_ln117_33_fu_5386_p2                              | -   |        | add_ln117_33 | add | fabric | 0       |
|     add_ln117_34_fu_5420_p2                              | -   |        | add_ln117_34 | add | fabric | 0       |
|     add_ln117_35_fu_5454_p2                              | -   |        | add_ln117_35 | add | fabric | 0       |
|     add_ln117_36_fu_5488_p2                              | -   |        | add_ln117_36 | add | fabric | 0       |
|     add_ln117_37_fu_5522_p2                              | -   |        | add_ln117_37 | add | fabric | 0       |
|     add_ln117_38_fu_5556_p2                              | -   |        | add_ln117_38 | add | fabric | 0       |
|     add_ln117_39_fu_5590_p2                              | -   |        | add_ln117_39 | add | fabric | 0       |
|     add_ln117_40_fu_5624_p2                              | -   |        | add_ln117_40 | add | fabric | 0       |
|     add_ln117_41_fu_5658_p2                              | -   |        | add_ln117_41 | add | fabric | 0       |
|     add_ln117_42_fu_5692_p2                              | -   |        | add_ln117_42 | add | fabric | 0       |
|     add_ln117_43_fu_5726_p2                              | -   |        | add_ln117_43 | add | fabric | 0       |
|     add_ln117_44_fu_5760_p2                              | -   |        | add_ln117_44 | add | fabric | 0       |
|     add_ln117_45_fu_5794_p2                              | -   |        | add_ln117_45 | add | fabric | 0       |
|     add_ln117_46_fu_5828_p2                              | -   |        | add_ln117_46 | add | fabric | 0       |
|     add_ln117_47_fu_5862_p2                              | -   |        | add_ln117_47 | add | fabric | 0       |
|     add_ln117_48_fu_5896_p2                              | -   |        | add_ln117_48 | add | fabric | 0       |
|     add_ln117_49_fu_5930_p2                              | -   |        | add_ln117_49 | add | fabric | 0       |
|     add_ln117_50_fu_5964_p2                              | -   |        | add_ln117_50 | add | fabric | 0       |
|     add_ln117_51_fu_5998_p2                              | -   |        | add_ln117_51 | add | fabric | 0       |
|     add_ln117_52_fu_6032_p2                              | -   |        | add_ln117_52 | add | fabric | 0       |
|     add_ln117_53_fu_6066_p2                              | -   |        | add_ln117_53 | add | fabric | 0       |
|     add_ln117_54_fu_6100_p2                              | -   |        | add_ln117_54 | add | fabric | 0       |
|     add_ln117_55_fu_6134_p2                              | -   |        | add_ln117_55 | add | fabric | 0       |
|     add_ln117_56_fu_6168_p2                              | -   |        | add_ln117_56 | add | fabric | 0       |
|     add_ln117_57_fu_6202_p2                              | -   |        | add_ln117_57 | add | fabric | 0       |
|     add_ln117_58_fu_6236_p2                              | -   |        | add_ln117_58 | add | fabric | 0       |
|     add_ln117_59_fu_6270_p2                              | -   |        | add_ln117_59 | add | fabric | 0       |
|     add_ln117_60_fu_6304_p2                              | -   |        | add_ln117_60 | add | fabric | 0       |
|     add_ln117_61_fu_6338_p2                              | -   |        | add_ln117_61 | add | fabric | 0       |
|     add_ln117_62_fu_6372_p2                              | -   |        | add_ln117_62 | add | fabric | 0       |
|     add_ln117_63_fu_6406_p2                              | -   |        | add_ln117_63 | add | fabric | 0       |
|     add_ln233_fu_7085_p2                                 | -   |        | add_ln233    | add | fabric | 0       |
|    + sha256_compress_block                               | 0   |        |              |     |        |         |
|      add_ln178_fu_1284_p2                                | -   |        | add_ln178    | add | fabric | 0       |
|      add_ln179_fu_1289_p2                                | -   |        | add_ln179    | add | fabric | 0       |
|      add_ln180_fu_1294_p2                                | -   |        | add_ln180    | add | fabric | 0       |
|      add_ln181_fu_1299_p2                                | -   |        | add_ln181    | add | fabric | 0       |
|      add_ln182_fu_1304_p2                                | -   |        | add_ln182    | add | fabric | 0       |
|      add_ln183_fu_1309_p2                                | -   |        | add_ln183    | add | fabric | 0       |
|      add_ln184_fu_1314_p2                                | -   |        | add_ln184    | add | fabric | 0       |
|      add_ln185_fu_1319_p2                                | -   |        | add_ln185    | add | fabric | 0       |
|     + sha256_compress_block_Pipeline_round_loop          | 0   |        |              |     |        |         |
|       add_ln147_fu_692_p2                                | -   |        | add_ln147    | add | fabric | 0       |
|       add_ln159_fu_723_p2                                | -   |        | add_ln159    | add | fabric | 0       |
|       add_ln160_fu_729_p2                                | -   |        | add_ln160    | add | fabric | 0       |
|       tmp_s_fu_1007_p17                                  | -   |        | add_ln161    | add | fabric | 0       |
|       add_ln161_2_fu_1088_p2                             | -   |        | add_ln161_2  | add | fabric | 0       |
|       e_fu_1474_p2                                       | -   |        | e            | add | fabric | 0       |
|    + sha256_process_chunk_Pipeline_clear_pad_block       | 0   |        |              |     |        |         |
|      add_ln252_fu_60_p2                                  | -   |        | add_ln252    | add | fabric | 0       |
|    + sha256_process_chunk_Pipeline_copy_remainder        | 0   |        |              |     |        |         |
|      add_ln259_fu_141_p2                                 | -   |        | add_ln259    | add | fabric | 0       |
|      add_ln262_1_fu_173_p2                               | -   |        | add_ln262_1  | add | fabric | 0       |
|    + sha256_process_chunk_Pipeline_clear_second_block    | 0   |        |              |     |        |         |
|      add_ln285_fu_60_p2                                  | -   |        | add_ln285    | add | fabric | 0       |
|    + sha256_process_chunk_Pipeline_len_store_double      | 0   |        |              |     |        |         |
|      add_ln292_fu_77_p2                                  | -   |        | add_ln292    | add | fabric | 0       |
|    + sha256_process_chunk_Pipeline_len_store_single      | 0   |        |              |     |        |         |
|      add_ln271_fu_77_p2                                  | -   |        | add_ln271    | add | fabric | 0       |
|   + sha256_process_and_write_chunk_Pipeline_write_digest | 0   |        |              |     |        |         |
|     add_ln204_fu_138_p2                                  | -   |        | add_ln204    | add | fabric | 0       |
+----------------------------------------------------------+-----+--------+--------------+-----+--------+---------+


================================================================
== Bind Storage Report
================================================================
+-------------------------------------------------+------+------+--------+-----------+---------+------+---------+
| Name                                            | BRAM | URAM | Pragma | Variable  | Storage | Impl | Latency |
+-------------------------------------------------+------+------+--------+-----------+---------+------+---------+
| + calculate_sha256                              | 0    | 0    |        |           |         |      |         |
|  + sha256_process_and_write_chunk               | 0    | 0    |        |           |         |      |         |
|   + sha256_process_chunk                        | 0    | 0    |        |           |         |      |         |
|     pad_block_U                                 | -    | -    |        | pad_block | ram_s2p | auto | 1       |
|    + sha256_compress_block                      | 0    | 0    |        |           |         |      |         |
|     + sha256_compress_block_Pipeline_round_loop | 0    | 0    |        |           |         |      |         |
|       SHA256_K_U                                | -    | -    |        | SHA256_K  | rom_1p  | auto | 1       |
+-------------------------------------------------+------+------+--------+-----------+---------+------+---------+


================================================================
== Pragma Report
================================================================
* Valid Pragma Syntax
+-----------------+-----------------------------------------------------------------+---------------------------------------------------------------+
| Type            | Options                                                         | Location                                                      |
+-----------------+-----------------------------------------------------------------+---------------------------------------------------------------+
| inline          |                                                                 | ../../../src/kernel.cpp:54 in rotr32                          |
| inline          |                                                                 | ../../../src/kernel.cpp:60 in sha256_ch                       |
| inline          |                                                                 | ../../../src/kernel.cpp:66 in sha256_maj                      |
| inline          |                                                                 | ../../../src/kernel.cpp:72 in sha256_bsig0                    |
| inline          |                                                                 | ../../../src/kernel.cpp:78 in sha256_bsig1                    |
| inline          |                                                                 | ../../../src/kernel.cpp:84 in sha256_ssig0                    |
| inline          |                                                                 | ../../../src/kernel.cpp:90 in sha256_ssig1                    |
| inline          |                                                                 | ../../../src/kernel.cpp:96 in to_be16                         |
| inline          |                                                                 | ../../../src/kernel.cpp:102 in to_be32                        |
| inline          |                                                                 | ../../../src/kernel.cpp:111 in pack_block_64                  |
| unroll          |                                                                 | ../../../src/kernel.cpp:116 in pack_block_64                  |
| inline          | off                                                             | ../../../src/kernel.cpp:124 in sha256_compress_block          |
| array_partition | variable = wbuf complete dim = 1                                | ../../../src/kernel.cpp:127 in sha256_compress_block          |
| unroll          |                                                                 | ../../../src/kernel.cpp:132 in sha256_compress_block          |
| pipeline        | II = 1                                                          | ../../../src/kernel.cpp:149 in sha256_compress_block          |
| inline          | off                                                             | ../../../src/kernel.cpp:196 in sha256_process_and_write_chunk |
| array_partition | variable = digest complete dim = 1                              | ../../../src/kernel.cpp:199 in sha256_process_and_write_chunk |
| pipeline        | II = 1                                                          | ../../../src/kernel.cpp:206 in sha256_process_and_write_chunk |
| inline          | off                                                             | ../../../src/kernel.cpp:215 in sha256_process_chunk           |
| unroll          |                                                                 | ../../../src/kernel.cpp:221 in sha256_process_chunk           |
| pipeline        | II = 1                                                          | ../../../src/kernel.cpp:254 in sha256_process_chunk           |
| pipeline        | II = 1                                                          | ../../../src/kernel.cpp:261 in sha256_process_chunk           |
| pipeline        | II = 1                                                          | ../../../src/kernel.cpp:273 in sha256_process_chunk           |
| pipeline        | II = 1                                                          | ../../../src/kernel.cpp:287 in sha256_process_chunk           |
| pipeline        | II = 1                                                          | ../../../src/kernel.cpp:294 in sha256_process_chunk           |
| unroll          |                                                                 | ../../../src/kernel.cpp:304 in sha256_process_chunk           |
| pipeline        | II = 1                                                          | ../../../src/kernel.cpp:325 in read_input                     |
| pipeline        | II = 1                                                          | ../../../src/kernel.cpp:352 in write_output                   |
| inline          | off                                                             | ../../../src/kernel.cpp:360 in load_crc_tables                |
| array_partition | variable = crcTables complete dim = 1                           | ../../../src/kernel.cpp:361 in load_crc_tables                |
| bind_storage    | variable = crcTables type = ram_1p impl = bram                  | ../../../src/kernel.cpp:362 in load_crc_tables                |
| pipeline        | II = 1                                                          | ../../../src/kernel.cpp:370 in load_crc_tables                |
| inline          | off                                                             | ../../../src/kernel.cpp:386 in crc_process_full_blocks        |
| array_partition | variable = crcTables complete dim = 1                           | ../../../src/kernel.cpp:387 in crc_process_full_blocks        |
| bind_storage    | variable = crcTables type = ram_1p impl = bram                  | ../../../src/kernel.cpp:388 in crc_process_full_blocks        |
| pipeline        | II = 1                                                          | ../../../src/kernel.cpp:393 in crc_process_full_blocks        |
| inline          | off                                                             | ../../../src/kernel.cpp:439 in crc_process_tail_bytes         |
| array_partition | variable = crcTables complete dim = 1                           | ../../../src/kernel.cpp:440 in crc_process_tail_bytes         |
| bind_storage    | variable = crcTables type = ram_1p impl = bram                  | ../../../src/kernel.cpp:441 in crc_process_tail_bytes         |
| pipeline        | II = 1                                                          | ../../../src/kernel.cpp:446 in crc_process_tail_bytes         |
| inline          | off                                                             | ../../../src/kernel.cpp:519 in process_crc_chunks             |
| array_partition | variable = crcTables complete dim = 1                           | ../../../src/kernel.cpp:520 in process_crc_chunks             |
| bind_storage    | variable = crcTables type = ram_1p impl = bram                  | ../../../src/kernel.cpp:521 in process_crc_chunks             |
| inline          | off                                                             | ../../../src/kernel.cpp:566 in crc_dataflow_region            |
| stream          | variable = inByte0 depth = 64                                   | ../../../src/kernel.cpp:585 in crc_dataflow_region            |
| stream          | variable = inByte1 depth = 64                                   | ../../../src/kernel.cpp:586 in crc_dataflow_region            |
| stream          | variable = inByte2 depth = 64                                   | ../../../src/kernel.cpp:587 in crc_dataflow_region            |
| stream          | variable = inByte3 depth = 64                                   | ../../../src/kernel.cpp:588 in crc_dataflow_region            |
| stream          | variable = inByte4 depth = 64                                   | ../../../src/kernel.cpp:589 in crc_dataflow_region            |
| stream          | variable = inByte5 depth = 64                                   | ../../../src/kernel.cpp:590 in crc_dataflow_region            |
| stream          | variable = inByte6 depth = 64                                   | ../../../src/kernel.cpp:591 in crc_dataflow_region            |
| stream          | variable = inByte7 depth = 64                                   | ../../../src/kernel.cpp:592 in crc_dataflow_region            |
| stream          | variable = inByte8 depth = 64                                   | ../../../src/kernel.cpp:593 in crc_dataflow_region            |
| stream          | variable = inByte9 depth = 64                                   | ../../../src/kernel.cpp:594 in crc_dataflow_region            |
| stream          | variable = inByte10 depth = 64                                  | ../../../src/kernel.cpp:595 in crc_dataflow_region            |
| stream          | variable = inByte11 depth = 64                                  | ../../../src/kernel.cpp:596 in crc_dataflow_region            |
| stream          | variable = inByte12 depth = 64                                  | ../../../src/kernel.cpp:597 in crc_dataflow_region            |
| stream          | variable = inByte13 depth = 64                                  | ../../../src/kernel.cpp:598 in crc_dataflow_region            |
| stream          | variable = inByte14 depth = 64                                  | ../../../src/kernel.cpp:599 in crc_dataflow_region            |
| stream          | variable = inByte15 depth = 64                                  | ../../../src/kernel.cpp:600 in crc_dataflow_region            |
| stream          | variable = outStream depth = 64                                 | ../../../src/kernel.cpp:603 in crc_dataflow_region            |
| dataflow        |                                                                 | ../../../src/kernel.cpp:605 in crc_dataflow_region            |
| inline          |                                                                 | ../../../src/kernel.cpp:629 in fold_add                       |
| inline          |                                                                 | ../../../src/kernel.cpp:636 in tcp_checksum_chunk_scalar      |
| pipeline        | II = 1                                                          | ../../../src/kernel.cpp:643 in tcp_checksum_chunk_scalar      |
| inline          |                                                                 | ../../../src/kernel.cpp:665 in tcp_checksum_chunk_vector      |
| pipeline        | II = 1                                                          | ../../../src/kernel.cpp:672 in tcp_checksum_chunk_vector      |
| array_partition | variable = lvl1 complete                                        | ../../../src/kernel.cpp:679 in tcp_checksum_chunk_vector      |
| array_partition | variable = lvl2 complete                                        | ../../../src/kernel.cpp:680 in tcp_checksum_chunk_vector      |
| array_partition | variable = lvl3 complete                                        | ../../../src/kernel.cpp:681 in tcp_checksum_chunk_vector      |
| array_partition | variable = lvl4 complete                                        | ../../../src/kernel.cpp:682 in tcp_checksum_chunk_vector      |
| unroll          |                                                                 | ../../../src/kernel.cpp:687 in tcp_checksum_chunk_vector      |
| unroll          |                                                                 | ../../../src/kernel.cpp:698 in tcp_checksum_chunk_vector      |
| unroll          |                                                                 | ../../../src/kernel.cpp:705 in tcp_checksum_chunk_vector      |
| unroll          |                                                                 | ../../../src/kernel.cpp:712 in tcp_checksum_chunk_vector      |
| pipeline        | II = 1                                                          | ../../../src/kernel.cpp:725 in tcp_checksum_chunk_vector      |
| unroll          |                                                                 | ../../../src/kernel.cpp:743 in tcp_checksum_chunk_vector      |
| pipeline        | II = 1                                                          | ../../../src/kernel.cpp:760 in process_tcp_checksum           |
| array_partition | variable = crcTables complete dim = 1                           | ../../../src/kernel.cpp:803 in process_crc                    |
| bind_storage    | variable = crcTables type = ram_1p impl = bram                  | ../../../src/kernel.cpp:804 in process_crc                    |
| interface       | m_axi port = data_in bundle = gmem0 depth = 1024 offset = slave | ../../../src/kernel.cpp:848 in calculate_sha256               |
| interface       | m_axi port = crc_out bundle = gmem0 depth = 1024 offset = slave | ../../../src/kernel.cpp:849 in calculate_sha256               |
+-----------------+-----------------------------------------------------------------+---------------------------------------------------------------+


