

================================================================
== Vitis HLS Report for 'sha256_process_and_write_chunk_Pipeline_write_digest'
================================================================
* Date:           Thu Apr  2 18:19:38 2026

* Version:        2022.1 (Build 3526262 on Mon Apr 18 15:47:01 MDT 2022)
* Project:        calculate_sha256
* Solution:       solution (Vitis Kernel Flow Target)
* Product family: virtexuplus
* Target device:  xcu280-fsvh2892-2L-e


================================================================
== Performance Estimates
================================================================
+ Timing: 
    * Summary: 
    +--------+---------+----------+------------+
    |  Clock |  Target | Estimated| Uncertainty|
    +--------+---------+----------+------------+
    |ap_clk  |  3.33 ns|  1.095 ns|     0.90 ns|
    +--------+---------+----------+------------+

+ Latency: 
    * Summary: 
    +---------+---------+-----------+-----------+-----+-----+---------+
    |  Latency (cycles) |   Latency (absolute)  |  Interval | Pipeline|
    |   min   |   max   |    min    |    max    | min | max |   Type  |
    +---------+---------+-----------+-----------+-----+-----+---------+
    |       10|       10|  33.330 ns|  33.330 ns|   10|   10|       no|
    +---------+---------+-----------+-----------+-----+-----+---------+

    + Detail: 
        * Instance: 
        N/A

        * Loop: 
        +----------------+---------+---------+----------+-----------+-----------+------+----------+
        |                |  Latency (cycles) | Iteration|  Initiation Interval  | Trip |          |
        |    Loop Name   |   min   |   max   |  Latency |  achieved |   target  | Count| Pipelined|
        +----------------+---------+---------+----------+-----------+-----------+------+----------+
        |- write_digest  |        8|        8|         1|          1|          1|     8|       yes|
        +----------------+---------+---------+----------+-----------+-----------+------+----------+



================================================================
== Utilization Estimates
================================================================
* Summary: 
+---------------------+---------+------+---------+---------+-----+
|         Name        | BRAM_18K|  DSP |    FF   |   LUT   | URAM|
+---------------------+---------+------+---------+---------+-----+
|DSP                  |        -|     -|        -|        -|    -|
|Expression           |        -|     -|        0|       23|    -|
|FIFO                 |        -|     -|        -|        -|    -|
|Instance             |        -|     -|        0|       43|    -|
|Memory               |        -|     -|        -|        -|    -|
|Multiplexer          |        -|     -|        -|       36|    -|
|Register             |        -|     -|      263|        -|    -|
+---------------------+---------+------+---------+---------+-----+
|Total                |        0|     0|      263|      102|    0|
+---------------------+---------+------+---------+---------+-----+
|Available SLR        |     1344|  3008|   869120|   434560|  320|
+---------------------+---------+------+---------+---------+-----+
|Utilization SLR (%)  |        0|     0|       ~0|       ~0|    0|
+---------------------+---------+------+---------+---------+-----+
|Available            |     4032|  9024|  2607360|  1303680|  960|
+---------------------+---------+------+---------+---------+-----+
|Utilization (%)      |        0|     0|       ~0|       ~0|    0|
+---------------------+---------+------+---------+---------+-----+

+ Detail: 
    * Instance: 
    +-------------------+---------------+---------+----+---+----+-----+
    |      Instance     |     Module    | BRAM_18K| DSP| FF| LUT| URAM|
    +-------------------+---------------+---------+----+---+----+-----+
    |mux_84_32_1_1_U66  |mux_84_32_1_1  |        0|   0|  0|  43|    0|
    +-------------------+---------------+---------+----+---+----+-----+
    |Total              |               |        0|   0|  0|  43|    0|
    +-------------------+---------------+---------+----+---+----+-----+

    * DSP: 
    N/A

    * Memory: 
    N/A

    * FIFO: 
    N/A

    * Expression: 
    +----------------------+----------+----+---+----+------------+------------+
    |     Variable Name    | Operation| DSP| FF| LUT| Bitwidth P0| Bitwidth P1|
    +----------------------+----------+----+---+----+------------+------------+
    |add_ln204_fu_138_p2   |         +|   0|  0|  12|           4|           1|
    |icmp_ln204_fu_132_p2  |      icmp|   0|  0|   9|           4|           5|
    |ap_enable_pp0         |       xor|   0|  0|   2|           1|           2|
    +----------------------+----------+----+---+----+------------+------------+
    |Total                 |          |   0|  0|  23|           9|           8|
    +----------------------+----------+----+---+----+------------+------------+

    * Multiplexer: 
    +-------------------------+----+-----------+-----+-----------+
    |           Name          | LUT| Input Size| Bits| Total Bits|
    +-------------------------+----+-----------+-----+-----------+
    |ap_done_int              |   9|          2|    1|          2|
    |ap_enable_reg_pp0_iter1  |   9|          2|    1|          2|
    |i_fu_60                  |   9|          2|    4|          8|
    |shiftreg_fu_56           |   9|          2|  256|        512|
    +-------------------------+----+-----------+-----+-----------+
    |Total                    |  36|          8|  262|        524|
    +-------------------------+----+-----------+-----+-----------+

    * Register: 
    +-------------------------+-----+----+-----+-----------+
    |           Name          |  FF | LUT| Bits| Const Bits|
    +-------------------------+-----+----+-----+-----------+
    |ap_CS_fsm                |    1|   0|    1|          0|
    |ap_done_reg              |    1|   0|    1|          0|
    |ap_enable_reg_pp0_iter1  |    1|   0|    1|          0|
    |i_fu_60                  |    4|   0|    4|          0|
    |shiftreg_fu_56           |  256|   0|  256|          0|
    +-------------------------+-----+----+-----+-----------+
    |Total                    |  263|   0|  263|          0|
    +-------------------------+-----+----+-----+-----------+



================================================================
== Interface
================================================================
* Summary: 
+---------------------+-----+-----+------------+------------------------------------------------------+--------------+
|      RTL Ports      | Dir | Bits|  Protocol  |                     Source Object                    |    C Type    |
+---------------------+-----+-----+------------+------------------------------------------------------+--------------+
|ap_clk               |   in|    1|  ap_ctrl_hs|  sha256_process_and_write_chunk_Pipeline_write_digest|  return value|
|ap_rst               |   in|    1|  ap_ctrl_hs|  sha256_process_and_write_chunk_Pipeline_write_digest|  return value|
|ap_start             |   in|    1|  ap_ctrl_hs|  sha256_process_and_write_chunk_Pipeline_write_digest|  return value|
|ap_done              |  out|    1|  ap_ctrl_hs|  sha256_process_and_write_chunk_Pipeline_write_digest|  return value|
|ap_idle              |  out|    1|  ap_ctrl_hs|  sha256_process_and_write_chunk_Pipeline_write_digest|  return value|
|ap_ready             |  out|    1|  ap_ctrl_hs|  sha256_process_and_write_chunk_Pipeline_write_digest|  return value|
|digest               |   in|   32|     ap_none|                                                digest|        scalar|
|digest_1             |   in|   32|     ap_none|                                              digest_1|        scalar|
|digest_2             |   in|   32|     ap_none|                                              digest_2|        scalar|
|digest_3             |   in|   32|     ap_none|                                              digest_3|        scalar|
|digest_4             |   in|   32|     ap_none|                                              digest_4|        scalar|
|digest_5             |   in|   32|     ap_none|                                              digest_5|        scalar|
|digest_6             |   in|   32|     ap_none|                                              digest_6|        scalar|
|digest_7             |   in|   32|     ap_none|                                              digest_7|        scalar|
|shiftreg_out         |  out|  256|      ap_vld|                                          shiftreg_out|       pointer|
|shiftreg_out_ap_vld  |  out|    1|      ap_vld|                                          shiftreg_out|       pointer|
+---------------------+-----+-----+------------+------------------------------------------------------+--------------+

