

================================================================
== Vitis HLS Report for 'sha256_compress_block_Pipeline_round_loop'
================================================================
* Date:           Fri Feb 20 12:34:57 2026

* Version:        2023.1 (Build 3854077 on May  4 2023)
* Project:        calculate_sha256
* Solution:       solution (Vitis Kernel Flow Target)
* Product family: virtexuplusHBM
* Target device:  xcu280-fsvh2892-2L-e


================================================================
== Performance Estimates
================================================================
+ Timing: 
    * Summary: 
    +--------+---------+----------+------------+
    |  Clock |  Target | Estimated| Uncertainty|
    +--------+---------+----------+------------+
    |ap_clk  |  3.33 ns|  2.939 ns|     0.90 ns|
    +--------+---------+----------+------------+

+ Latency: 
    * Summary: 
    +---------+---------+----------+----------+-----+-----+---------+
    |  Latency (cycles) |  Latency (absolute) |  Interval | Pipeline|
    |   min   |   max   |    min   |    max   | min | max |   Type  |
    +---------+---------+----------+----------+-----+-----+---------+
    |       68|       68|  0.227 us|  0.227 us|   68|   68|       no|
    +---------+---------+----------+----------+-----+-----+---------+

    + Detail: 
        * Instance: 
        N/A

        * Loop: 
        +--------------+---------+---------+----------+-----------+-----------+------+----------+
        |              |  Latency (cycles) | Iteration|  Initiation Interval  | Trip |          |
        |   Loop Name  |   min   |   max   |  Latency |  achieved |   target  | Count| Pipelined|
        +--------------+---------+---------+----------+-----------+-----------+------+----------+
        |- round_loop  |       66|       66|         3|          1|          1|    64|       yes|
        +--------------+---------+---------+----------+-----------+-----------+------+----------+



================================================================
== Utilization Estimates
================================================================
* Summary: 
+---------------------+---------+------+---------+---------+-----+
|         Name        | BRAM_18K|  DSP |    FF   |   LUT   | URAM|
+---------------------+---------+------+---------+---------+-----+
|DSP                  |        -|     -|        -|        -|    -|
|Expression           |        -|     -|        0|      702|    -|
|FIFO                 |        -|     -|        -|        -|    -|
|Instance             |        -|     -|        0|       14|    -|
|Memory               |        0|     -|       32|       33|    -|
|Multiplexer          |        -|     -|        -|      135|    -|
|Register             |        -|     -|      356|        -|    -|
+---------------------+---------+------+---------+---------+-----+
|Total                |        0|     0|      388|      884|    0|
+---------------------+---------+------+---------+---------+-----+
|Available SLR        |     1344|  3008|   869120|   434560|  320|
+---------------------+---------+------+---------+---------+-----+
|Utilization SLR (%)  |        0|     0|       ~0|       ~0|    0|
+---------------------+---------+------+---------+---------+-----+
|Available            |     4032|  9024|  2607360|  1303680|  960|
+---------------------+---------+------+---------+---------+-----+
|Utilization (%)      |        0|     0|       ~0|       ~0|    0|
+---------------------+---------+------+---------+---------+-----+

+ Detail: 
    * Instance: 
    +--------------------+----------------+---------+----+---+----+-----+
    |      Instance      |     Module     | BRAM_18K| DSP| FF| LUT| URAM|
    +--------------------+----------------+---------+----+---+----+-----+
    |mux_3_2_32_1_1_U22  |mux_3_2_32_1_1  |        0|   0|  0|  14|    0|
    +--------------------+----------------+---------+----+---+----+-----+
    |Total               |                |        0|   0|  0|  14|    0|
    +--------------------+----------------+---------+----+---+----+-----+

    * DSP: 
    N/A

    * Memory: 
    +------------+----------------------------------------------------------------+---------+----+----+-----+------+-----+------+-------------+
    |   Memory   |                             Module                             | BRAM_18K| FF | LUT| URAM| Words| Bits| Banks| W*Bits*Banks|
    +------------+----------------------------------------------------------------+---------+----+----+-----+------+-----+------+-------------+
    |SHA256_K_U  |sha256_compress_block_Pipeline_round_loop_SHA256_K_ROM_AUTO_1R  |        0|  32|  33|    0|    64|   32|     1|         2048|
    +------------+----------------------------------------------------------------+---------+----+----+-----+------+-----+------+-------------+
    |Total       |                                                                |        0|  32|  33|    0|    64|   32|     1|         2048|
    +------------+----------------------------------------------------------------+---------+----+----+-----+------+-----+------+-------------+

    * FIFO: 
    N/A

    * Expression: 
    +------------------------+----------+----+---+----+------------+------------+
    |      Variable Name     | Operation| DSP| FF| LUT| Bitwidth P0| Bitwidth P1|
    +------------------------+----------+----+---+----+------------+------------+
    |a_fu_743_p2             |         +|   0|  0|  32|          32|          32|
    |add_ln151_1_fu_434_p2   |         +|   0|  0|  14|           7|           1|
    |add_ln151_fu_384_p2     |         +|   0|  0|  14|           7|           1|
    |add_ln154_1_fu_612_p2   |         +|   0|  0|  32|          32|          32|
    |add_ln154_2_fu_617_p2   |         +|   0|  0|  32|          32|          32|
    |add_ln154_fu_607_p2     |         +|   0|  0|  32|          32|          32|
    |add_ln164_fu_737_p2     |         +|   0|  0|  32|          32|          32|
    |add_ln75_fu_398_p2      |         +|   0|  0|  21|          14|           8|
    |e_1_fu_671_p2           |         +|   0|  0|  39|          32|          32|
    |t1_fu_623_p2            |         +|   0|  0|  32|          32|          32|
    |and_ln154_1_fu_575_p2   |       and|   0|  0|  32|          32|          32|
    |and_ln154_fu_569_p2     |       and|   0|  0|  32|          32|          32|
    |and_ln164_1_fu_689_p2   |       and|   0|  0|  32|          32|          32|
    |and_ln164_fu_683_p2     |       and|   0|  0|  32|          32|          32|
    |icmp_ln151_1_fu_440_p2  |      icmp|   0|  0|  14|           7|           2|
    |icmp_ln151_fu_378_p2    |      icmp|   0|  0|  15|           7|           8|
    |select_ln151_fu_446_p3  |    select|   0|  0|   7|           1|           7|
    |ap_enable_pp0           |       xor|   0|  0|   2|           1|           2|
    |xor_ln154_1_fu_589_p2   |       xor|   0|  0|  32|          32|          32|
    |xor_ln154_2_fu_595_p2   |       xor|   0|  0|  32|          32|          32|
    |xor_ln154_3_fu_601_p2   |       xor|   0|  0|  32|          32|          32|
    |xor_ln154_fu_547_p2     |       xor|   0|  0|  32|          32|           2|
    |xor_ln164_1_fu_711_p2   |       xor|   0|  0|  32|          32|          32|
    |xor_ln164_2_fu_725_p2   |       xor|   0|  0|  32|          32|          32|
    |xor_ln164_3_fu_731_p2   |       xor|   0|  0|  32|          32|          32|
    |xor_ln164_fu_677_p2     |       xor|   0|  0|  32|          32|          32|
    +------------------------+----------+----+---+----+------------+------------+
    |Total                   |          |   0|  0| 702|         652|         607|
    +------------------------+----------+----+---+----+------------+------------+

    * Multiplexer: 
    +----------------------------------+----+-----------+-----+-----------+
    |               Name               | LUT| Input Size| Bits| Total Bits|
    +----------------------------------+----+-----------+-----+-----------+
    |ap_done_int                       |   9|          2|    1|          2|
    |ap_loop_exit_ready_pp0_iter2_reg  |   9|          2|    1|          2|
    |ap_sig_allocacmp_i_5              |   9|          2|    7|         14|
    |ap_sig_allocacmp_phi_mul145_load  |   9|          2|   14|         28|
    |b_fu_160                          |   9|          2|   32|         64|
    |c_fu_156                          |   9|          2|   32|         64|
    |d_1_fu_152                        |   9|          2|   32|         64|
    |d_fu_128                          |   9|          2|   32|         64|
    |f_fu_148                          |   9|          2|   32|         64|
    |g_fu_144                          |   9|          2|   32|         64|
    |h_1_fu_140                        |   9|          2|   32|         64|
    |h_fu_132                          |   9|          2|   32|         64|
    |i_fu_136                          |   9|          2|    7|         14|
    |phi_mul145_fu_124                 |   9|          2|   14|         28|
    |phi_urem147_fu_120                |   9|          2|    7|         14|
    +----------------------------------+----+-----------+-----+-----------+
    |Total                             | 135|         30|  307|        614|
    +----------------------------------+----+-----------+-----+-----------+

    * Register: 
    +----------------------------------+----+----+-----+-----------+
    |               Name               | FF | LUT| Bits| Const Bits|
    +----------------------------------+----+----+-----+-----------+
    |SHA256_K_load_reg_900             |  32|   0|   32|          0|
    |ap_CS_fsm                         |   1|   0|    1|          0|
    |ap_done_reg                       |   1|   0|    1|          0|
    |ap_enable_reg_pp0_iter1           |   1|   0|    1|          0|
    |ap_enable_reg_pp0_iter2           |   1|   0|    1|          0|
    |ap_loop_exit_ready_pp0_iter1_reg  |   1|   0|    1|          0|
    |ap_loop_exit_ready_pp0_iter2_reg  |   1|   0|    1|          0|
    |b_fu_160                          |  32|   0|   32|          0|
    |c_fu_156                          |  32|   0|   32|          0|
    |d_1_fu_152                        |  32|   0|   32|          0|
    |d_fu_128                          |  32|   0|   32|          0|
    |f_fu_148                          |  32|   0|   32|          0|
    |g_fu_144                          |  32|   0|   32|          0|
    |h_1_fu_140                        |  32|   0|   32|          0|
    |h_fu_132                          |  32|   0|   32|          0|
    |i_fu_136                          |   7|   0|    7|          0|
    |icmp_ln151_reg_876                |   1|   0|    1|          0|
    |icmp_ln151_reg_876_pp0_iter1_reg  |   1|   0|    1|          0|
    |phi_mul145_fu_124                 |  14|   0|   14|          0|
    |phi_urem147_fu_120                |   7|   0|    7|          0|
    |tmp_8_reg_905                     |  32|   0|   32|          0|
    +----------------------------------+----+----+-----+-----------+
    |Total                             | 356|   0|  356|          0|
    +----------------------------------+----+----+-----+-----------+



================================================================
== Interface
================================================================
* Summary: 
+----------------+-----+-----+------------+-------------------------------------------+--------------+
|    RTL Ports   | Dir | Bits|  Protocol  |               Source Object               |    C Type    |
+----------------+-----+-----+------------+-------------------------------------------+--------------+
|ap_clk          |   in|    1|  ap_ctrl_hs|  sha256_compress_block_Pipeline_round_loop|  return value|
|ap_rst          |   in|    1|  ap_ctrl_hs|  sha256_compress_block_Pipeline_round_loop|  return value|
|ap_start        |   in|    1|  ap_ctrl_hs|  sha256_compress_block_Pipeline_round_loop|  return value|
|ap_done         |  out|    1|  ap_ctrl_hs|  sha256_compress_block_Pipeline_round_loop|  return value|
|ap_idle         |  out|    1|  ap_ctrl_hs|  sha256_compress_block_Pipeline_round_loop|  return value|
|ap_ready        |  out|    1|  ap_ctrl_hs|  sha256_compress_block_Pipeline_round_loop|  return value|
|state_7_read    |   in|   32|     ap_none|                               state_7_read|        scalar|
|state_0_read    |   in|   32|     ap_none|                               state_0_read|        scalar|
|state_1_read    |   in|   32|     ap_none|                               state_1_read|        scalar|
|state_2_read    |   in|   32|     ap_none|                               state_2_read|        scalar|
|state_3_read    |   in|   32|     ap_none|                               state_3_read|        scalar|
|state_4_read    |   in|   32|     ap_none|                               state_4_read|        scalar|
|state_5_read    |   in|   32|     ap_none|                               state_5_read|        scalar|
|state_6_read    |   in|   32|     ap_none|                               state_6_read|        scalar|
|w_address0      |  out|    5|   ap_memory|                                          w|         array|
|w_ce0           |  out|    1|   ap_memory|                                          w|         array|
|w_q0            |   in|   32|   ap_memory|                                          w|         array|
|w_1_address0    |  out|    5|   ap_memory|                                        w_1|         array|
|w_1_ce0         |  out|    1|   ap_memory|                                        w_1|         array|
|w_1_q0          |   in|   32|   ap_memory|                                        w_1|         array|
|w_2_address0    |  out|    5|   ap_memory|                                        w_2|         array|
|w_2_ce0         |  out|    1|   ap_memory|                                        w_2|         array|
|w_2_q0          |   in|   32|   ap_memory|                                        w_2|         array|
|h_out           |  out|   32|      ap_vld|                                      h_out|       pointer|
|h_out_ap_vld    |  out|    1|      ap_vld|                                      h_out|       pointer|
|a_2_out         |  out|   32|      ap_vld|                                    a_2_out|       pointer|
|a_2_out_ap_vld  |  out|    1|      ap_vld|                                    a_2_out|       pointer|
|b_out           |  out|   32|      ap_vld|                                      b_out|       pointer|
|b_out_ap_vld    |  out|    1|      ap_vld|                                      b_out|       pointer|
|c_out           |  out|   32|      ap_vld|                                      c_out|       pointer|
|c_out_ap_vld    |  out|    1|      ap_vld|                                      c_out|       pointer|
|d_out           |  out|   32|      ap_vld|                                      d_out|       pointer|
|d_out_ap_vld    |  out|    1|      ap_vld|                                      d_out|       pointer|
|f_1_out         |  out|   32|      ap_vld|                                    f_1_out|       pointer|
|f_1_out_ap_vld  |  out|    1|      ap_vld|                                    f_1_out|       pointer|
|f_out           |  out|   32|      ap_vld|                                      f_out|       pointer|
|f_out_ap_vld    |  out|    1|      ap_vld|                                      f_out|       pointer|
|g_1_out         |  out|   32|      ap_vld|                                    g_1_out|       pointer|
|g_1_out_ap_vld  |  out|    1|      ap_vld|                                    g_1_out|       pointer|
+----------------+-----+-----+------------+-------------------------------------------+--------------+

