

================================================================
== Vitis HLS Report for 'calculate_tcp_checksum'
================================================================
* Date:           Mon Feb 16 01:32:13 2026

* Version:        2023.1 (Build 3854077 on May  4 2023)
* Project:        calculate_tcp_checksum
* Solution:       solution (Vitis Kernel Flow Target)
* Product family: virtexuplusHBM
* Target device:  xcu280-fsvh2892-2L-e


================================================================
== Performance Estimates
================================================================
+ Timing: 
    * Summary: 
    +--------+---------+----------+------------+
    |  Clock |  Target | Estimated| Uncertainty|
    +--------+---------+----------+------------+
    |ap_clk  |  3.33 ns|  2.433 ns|     0.90 ns|
    +--------+---------+----------+------------+

+ Latency: 
    * Summary: 
    +---------+---------+----------+----------+-----+-----+---------+
    |  Latency (cycles) |  Latency (absolute) |  Interval | Pipeline|
    |   min   |   max   |    min   |    max   | min | max |   Type  |
    +---------+---------+----------+----------+-----+-----+---------+
    |        ?|        ?|         ?|         ?|    ?|    ?|       no|
    +---------+---------+----------+----------+-----+-----+---------+

    + Detail: 
        * Instance: 
        +--------------------------------+----------------------+---------+---------+----------+----------+-----+-----+---------+
        |                                |                      |  Latency (cycles) |  Latency (absolute) |  Interval | Pipeline|
        |            Instance            |        Module        |   min   |   max   |    min   |    max   | min | max |   Type  |
        +--------------------------------+----------------------+---------+---------+----------+----------+-----+-----+---------+
        |grp_process_tcp_checksum_fu_86  |process_tcp_checksum  |        ?|        ?|         ?|         ?|    ?|    ?|       no|
        +--------------------------------+----------------------+---------+---------+----------+----------+-----+-----+---------+

        * Loop: 
        N/A



================================================================
== Utilization Estimates
================================================================
* Summary: 
+---------------------+---------+------+---------+---------+-----+
|         Name        | BRAM_18K|  DSP |    FF   |   LUT   | URAM|
+---------------------+---------+------+---------+---------+-----+
|DSP                  |        -|     -|        -|        -|    -|
|Expression           |        -|     -|        0|        8|    -|
|FIFO                 |        -|     -|        -|        -|    -|
|Instance             |       30|     -|    10458|    23959|    0|
|Memory               |        -|     -|        -|        -|    -|
|Multiplexer          |        -|     -|        -|       74|    -|
|Register             |        -|     -|      139|        -|    -|
+---------------------+---------+------+---------+---------+-----+
|Total                |       30|     0|    10597|    24041|    0|
+---------------------+---------+------+---------+---------+-----+
|Available SLR        |     1344|  3008|   869120|   434560|  320|
+---------------------+---------+------+---------+---------+-----+
|Utilization SLR (%)  |        2|     0|        1|        5|    0|
+---------------------+---------+------+---------+---------+-----+
|Available            |     4032|  9024|  2607360|  1303680|  960|
+---------------------+---------+------+---------+---------+-----+
|Utilization (%)      |       ~0|     0|       ~0|        1|    0|
+---------------------+---------+------+---------+---------+-----+

+ Detail: 
    * Instance: 
    +--------------------------------+----------------------+---------+----+------+-------+-----+
    |            Instance            |        Module        | BRAM_18K| DSP|  FF  |  LUT  | URAM|
    +--------------------------------+----------------------+---------+----+------+-------+-----+
    |control_s_axi_U                 |control_s_axi         |        0|   0|   252|    424|    0|
    |gmem0_m_axi_U                   |gmem0_m_axi           |       30|   0|  3521|   2695|    0|
    |grp_process_tcp_checksum_fu_86  |process_tcp_checksum  |        0|   0|  6685|  20840|    0|
    +--------------------------------+----------------------+---------+----+------+-------+-----+
    |Total                           |                      |       30|   0| 10458|  23959|    0|
    +--------------------------------+----------------------+---------+----+------+-------+-----+

    * DSP: 
    N/A

    * Memory: 
    N/A

    * FIFO: 
    N/A

    * Expression: 
    +-------------------+----------+----+---+----+------------+------------+
    |   Variable Name   | Operation| DSP| FF| LUT| Bitwidth P0| Bitwidth P1|
    +-------------------+----------+----+---+----+------------+------------+
    |ap_ext_blocking_n  |       and|   0|  0|   2|           1|           2|
    |ap_int_blocking_n  |       and|   0|  0|   2|           1|           2|
    |ap_str_blocking_n  |       and|   0|  0|   2|           1|           2|
    |ap_block_state1    |        or|   0|  0|   2|           1|           1|
    +-------------------+----------+----+---+----+------------+------------+
    |Total              |          |   0|  0|   8|           4|           7|
    +-------------------+----------+----+---+----+------------+------------+

    * Multiplexer: 
    +---------------+----+-----------+-----+-----------+
    |      Name     | LUT| Input Size| Bits| Total Bits|
    +---------------+----+-----------+-----+-----------+
    |ap_NS_fsm      |  20|          4|    1|          4|
    |ap_done        |   9|          2|    1|          2|
    |gmem0_ARVALID  |   9|          2|    1|          2|
    |gmem0_AWVALID  |   9|          2|    1|          2|
    |gmem0_BREADY   |   9|          2|    1|          2|
    |gmem0_RREADY   |   9|          2|    1|          2|
    |gmem0_WVALID   |   9|          2|    1|          2|
    +---------------+----+-----------+-----+-----------+
    |Total          |  74|         16|    7|         16|
    +---------------+----+-----------+-----+-----------+

    * Register: 
    +---------------------------------------------+----+----+-----+-----------+
    |                     Name                    | FF | LUT| Bits| Const Bits|
    +---------------------------------------------+----+----+-----+-----------+
    |ap_CS_fsm                                    |   3|   0|    3|          0|
    |ap_done_reg                                  |   1|   0|    1|          0|
    |ap_ext_blocking_n_reg                        |   1|   0|    1|          0|
    |ap_int_blocking_n_reg                        |   1|   0|    1|          0|
    |ap_rst_n_inv                                 |   1|   0|    1|          0|
    |ap_rst_reg_1                                 |   1|   0|    1|          0|
    |ap_rst_reg_2                                 |   1|   0|    1|          0|
    |ap_str_blocking_n_reg                        |   1|   0|    1|          0|
    |crc_out_read_reg_106                         |  64|   0|   64|          0|
    |data_in_read_reg_111                         |  64|   0|   64|          0|
    |grp_process_tcp_checksum_fu_86_ap_start_reg  |   1|   0|    1|          0|
    +---------------------------------------------+----+----+-----+-----------+
    |Total                                        | 139|   0|  139|          0|
    +---------------------------------------------+----+----+-----+-----------+



================================================================
== Interface
================================================================
* Summary: 
+-----------------------+-----+-----+---------------+------------------------+--------------+
|       RTL Ports       | Dir | Bits|    Protocol   |      Source Object     |    C Type    |
+-----------------------+-----+-----+---------------+------------------------+--------------+
|s_axi_control_AWVALID  |   in|    1|          s_axi|                 control|        scalar|
|s_axi_control_AWREADY  |  out|    1|          s_axi|                 control|        scalar|
|s_axi_control_AWADDR   |   in|    6|          s_axi|                 control|        scalar|
|s_axi_control_WVALID   |   in|    1|          s_axi|                 control|        scalar|
|s_axi_control_WREADY   |  out|    1|          s_axi|                 control|        scalar|
|s_axi_control_WDATA    |   in|   32|          s_axi|                 control|        scalar|
|s_axi_control_WSTRB    |   in|    4|          s_axi|                 control|        scalar|
|s_axi_control_ARVALID  |   in|    1|          s_axi|                 control|        scalar|
|s_axi_control_ARREADY  |  out|    1|          s_axi|                 control|        scalar|
|s_axi_control_ARADDR   |   in|    6|          s_axi|                 control|        scalar|
|s_axi_control_RVALID   |  out|    1|          s_axi|                 control|        scalar|
|s_axi_control_RREADY   |   in|    1|          s_axi|                 control|        scalar|
|s_axi_control_RDATA    |  out|   32|          s_axi|                 control|        scalar|
|s_axi_control_RRESP    |  out|    2|          s_axi|                 control|        scalar|
|s_axi_control_BVALID   |  out|    1|          s_axi|                 control|        scalar|
|s_axi_control_BREADY   |   in|    1|          s_axi|                 control|        scalar|
|s_axi_control_BRESP    |  out|    2|          s_axi|                 control|        scalar|
|ap_clk                 |   in|    1|  ap_ctrl_chain|  calculate_tcp_checksum|  return value|
|ap_rst_n               |   in|    1|  ap_ctrl_chain|  calculate_tcp_checksum|  return value|
|event_done             |  out|    1|  ap_ctrl_chain|  calculate_tcp_checksum|  return value|
|interrupt              |  out|    1|  ap_ctrl_chain|  calculate_tcp_checksum|  return value|
|event_start            |  out|    1|  ap_ctrl_chain|  calculate_tcp_checksum|  return value|
|stall_start_ext        |  out|    1|  ap_ctrl_chain|  calculate_tcp_checksum|  return value|
|stall_done_ext         |  out|    1|  ap_ctrl_chain|  calculate_tcp_checksum|  return value|
|stall_start_str        |  out|    1|  ap_ctrl_chain|  calculate_tcp_checksum|  return value|
|stall_done_str         |  out|    1|  ap_ctrl_chain|  calculate_tcp_checksum|  return value|
|stall_start_int        |  out|    1|  ap_ctrl_chain|  calculate_tcp_checksum|  return value|
|stall_done_int         |  out|    1|  ap_ctrl_chain|  calculate_tcp_checksum|  return value|
|m_axi_gmem0_AWVALID    |  out|    1|          m_axi|                   gmem0|       pointer|
|m_axi_gmem0_AWREADY    |   in|    1|          m_axi|                   gmem0|       pointer|
|m_axi_gmem0_AWADDR     |  out|   64|          m_axi|                   gmem0|       pointer|
|m_axi_gmem0_AWID       |  out|    1|          m_axi|                   gmem0|       pointer|
|m_axi_gmem0_AWLEN      |  out|    8|          m_axi|                   gmem0|       pointer|
|m_axi_gmem0_AWSIZE     |  out|    3|          m_axi|                   gmem0|       pointer|
|m_axi_gmem0_AWBURST    |  out|    2|          m_axi|                   gmem0|       pointer|
|m_axi_gmem0_AWLOCK     |  out|    2|          m_axi|                   gmem0|       pointer|
|m_axi_gmem0_AWCACHE    |  out|    4|          m_axi|                   gmem0|       pointer|
|m_axi_gmem0_AWPROT     |  out|    3|          m_axi|                   gmem0|       pointer|
|m_axi_gmem0_AWQOS      |  out|    4|          m_axi|                   gmem0|       pointer|
|m_axi_gmem0_AWREGION   |  out|    4|          m_axi|                   gmem0|       pointer|
|m_axi_gmem0_AWUSER     |  out|    1|          m_axi|                   gmem0|       pointer|
|m_axi_gmem0_WVALID     |  out|    1|          m_axi|                   gmem0|       pointer|
|m_axi_gmem0_WREADY     |   in|    1|          m_axi|                   gmem0|       pointer|
|m_axi_gmem0_WDATA      |  out|  512|          m_axi|                   gmem0|       pointer|
|m_axi_gmem0_WSTRB      |  out|   64|          m_axi|                   gmem0|       pointer|
|m_axi_gmem0_WLAST      |  out|    1|          m_axi|                   gmem0|       pointer|
|m_axi_gmem0_WID        |  out|    1|          m_axi|                   gmem0|       pointer|
|m_axi_gmem0_WUSER      |  out|    1|          m_axi|                   gmem0|       pointer|
|m_axi_gmem0_ARVALID    |  out|    1|          m_axi|                   gmem0|       pointer|
|m_axi_gmem0_ARREADY    |   in|    1|          m_axi|                   gmem0|       pointer|
|m_axi_gmem0_ARADDR     |  out|   64|          m_axi|                   gmem0|       pointer|
|m_axi_gmem0_ARID       |  out|    1|          m_axi|                   gmem0|       pointer|
|m_axi_gmem0_ARLEN      |  out|    8|          m_axi|                   gmem0|       pointer|
|m_axi_gmem0_ARSIZE     |  out|    3|          m_axi|                   gmem0|       pointer|
|m_axi_gmem0_ARBURST    |  out|    2|          m_axi|                   gmem0|       pointer|
|m_axi_gmem0_ARLOCK     |  out|    2|          m_axi|                   gmem0|       pointer|
|m_axi_gmem0_ARCACHE    |  out|    4|          m_axi|                   gmem0|       pointer|
|m_axi_gmem0_ARPROT     |  out|    3|          m_axi|                   gmem0|       pointer|
|m_axi_gmem0_ARQOS      |  out|    4|          m_axi|                   gmem0|       pointer|
|m_axi_gmem0_ARREGION   |  out|    4|          m_axi|                   gmem0|       pointer|
|m_axi_gmem0_ARUSER     |  out|    1|          m_axi|                   gmem0|       pointer|
|m_axi_gmem0_RVALID     |   in|    1|          m_axi|                   gmem0|       pointer|
|m_axi_gmem0_RREADY     |  out|    1|          m_axi|                   gmem0|       pointer|
|m_axi_gmem0_RDATA      |   in|  512|          m_axi|                   gmem0|       pointer|
|m_axi_gmem0_RLAST      |   in|    1|          m_axi|                   gmem0|       pointer|
|m_axi_gmem0_RID        |   in|    1|          m_axi|                   gmem0|       pointer|
|m_axi_gmem0_RUSER      |   in|    1|          m_axi|                   gmem0|       pointer|
|m_axi_gmem0_RRESP      |   in|    2|          m_axi|                   gmem0|       pointer|
|m_axi_gmem0_BVALID     |   in|    1|          m_axi|                   gmem0|       pointer|
|m_axi_gmem0_BREADY     |  out|    1|          m_axi|                   gmem0|       pointer|
|m_axi_gmem0_BRESP      |   in|    2|          m_axi|                   gmem0|       pointer|
|m_axi_gmem0_BID        |   in|    1|          m_axi|                   gmem0|       pointer|
|m_axi_gmem0_BUSER      |   in|    1|          m_axi|                   gmem0|       pointer|
+-----------------------+-----+-----+---------------+------------------------+--------------+

