

================================================================
== Vitis HLS Report for 'calculate_crc'
================================================================
* Date:           Thu Apr  2 18:17:04 2026

* Version:        2022.1 (Build 3526262 on Mon Apr 18 15:47:01 MDT 2022)
* Project:        calculate_crc
* Solution:       solution (Vitis Kernel Flow Target)
* Product family: virtexuplus
* Target device:  xcu280-fsvh2892-2L-e


================================================================
== Performance Estimates
================================================================
+ Timing: 
    * Summary: 
    +--------+---------+----------+------------+
    |  Clock |  Target | Estimated| Uncertainty|
    +--------+---------+----------+------------+
    |ap_clk  |  3.33 ns|  2.433 ns|     0.90 ns|
    +--------+---------+----------+------------+

+ Latency: 
    * Summary: 
    +---------+---------+----------+----------+-----+-----+---------+
    |  Latency (cycles) |  Latency (absolute) |  Interval | Pipeline|
    |   min   |   max   |    min   |    max   | min | max |   Type  |
    +---------+---------+----------+----------+-----+-----+---------+
    |        ?|        ?|         ?|         ?|    ?|    ?|       no|
    +---------+---------+----------+----------+-----+-----+---------+

    + Detail: 
        * Instance: 
        N/A

        * Loop: 
        N/A

============================================================
+ Verbose Summary: Synthesis Manager
============================================================
InlineROM: 1
ExposeGlobal: 0
============================================================
+ Verbose Summary: CDFG Model
============================================================
IsTopModel: 1
ResetActiveHigh: 1
IsCombinational: 0
IsDatapathOnly: 0
HasWiredReturn: 1
HasMFsm: 0
HasVarLatency: 1
IsPipeline: 0
IsRtlPipelined: 0
IsInstanceOverlapped: 0
IsDontTouch: 0
HasImplIP: 0
IsGatedGlobalClock: 0


============================================================
+ Verbose Summary: Schedule
============================================================
* Number of FSM states : 5
* Pipeline : 0
* Dataflow Pipeline: 0

* FSM state transitions: 
1 --> 2 
2 --> 3 
3 --> 4 
4 --> 5 
5 --> 

* FSM state operations: 

State 1 <SV = 0> <Delay = 1.00>
ST_1 : Operation 6 [1/1] (1.00ns)   --->   "%tables_read = read i64 @_ssdm_op_Read.s_axilite.i64, i64 %tables"   --->   Operation 6 'read' 'tables_read' <Predicate = true> <Delay = 1.00> <CoreInst = "s_axilite">   --->   Core 122 's_axilite' <Latency = 0> <II = 1> <Delay = 1.00> <Adapter> <Opcode : 'read' 'write'>
ST_1 : Operation 7 [1/1] (1.00ns)   --->   "%crc_out_read = read i64 @_ssdm_op_Read.s_axilite.i64, i64 %crc_out"   --->   Operation 7 'read' 'crc_out_read' <Predicate = true> <Delay = 1.00> <CoreInst = "s_axilite">   --->   Core 122 's_axilite' <Latency = 0> <II = 1> <Delay = 1.00> <Adapter> <Opcode : 'read' 'write'>
ST_1 : Operation 8 [1/1] (1.00ns)   --->   "%data_in_read = read i64 @_ssdm_op_Read.s_axilite.i64, i64 %data_in"   --->   Operation 8 'read' 'data_in_read' <Predicate = true> <Delay = 1.00> <CoreInst = "s_axilite">   --->   Core 122 's_axilite' <Latency = 0> <II = 1> <Delay = 1.00> <Adapter> <Opcode : 'read' 'write'>
ST_1 : Operation 9 [1/1] (0.00ns)   --->   "%crcTables = alloca i64 1" [/home/efrink/mled/split_cu/U280_CRC_Accelerator/src/kernel.cpp:802]   --->   Operation 9 'alloca' 'crcTables' <Predicate = true> <Delay = 0.00> <CoreInst = "RAM_1P_BRAM">   --->   Core 90 'RAM_1P_BRAM' <Latency = 1> <II = 1> <Delay = 1.19> <Storage> <Opcode : 'load' 'store'> <Ports = 1> <Width = 32> <Depth = 256> <RAM>
ST_1 : Operation 10 [1/1] (0.00ns)   --->   "%crcTables_1 = alloca i64 1" [/home/efrink/mled/split_cu/U280_CRC_Accelerator/src/kernel.cpp:802]   --->   Operation 10 'alloca' 'crcTables_1' <Predicate = true> <Delay = 0.00> <CoreInst = "RAM_1P_BRAM">   --->   Core 90 'RAM_1P_BRAM' <Latency = 1> <II = 1> <Delay = 1.19> <Storage> <Opcode : 'load' 'store'> <Ports = 1> <Width = 32> <Depth = 256> <RAM>
ST_1 : Operation 11 [1/1] (0.00ns)   --->   "%crcTables_2 = alloca i64 1" [/home/efrink/mled/split_cu/U280_CRC_Accelerator/src/kernel.cpp:802]   --->   Operation 11 'alloca' 'crcTables_2' <Predicate = true> <Delay = 0.00> <CoreInst = "RAM_1P_BRAM">   --->   Core 90 'RAM_1P_BRAM' <Latency = 1> <II = 1> <Delay = 1.19> <Storage> <Opcode : 'load' 'store'> <Ports = 1> <Width = 32> <Depth = 256> <RAM>
ST_1 : Operation 12 [1/1] (0.00ns)   --->   "%crcTables_3 = alloca i64 1" [/home/efrink/mled/split_cu/U280_CRC_Accelerator/src/kernel.cpp:802]   --->   Operation 12 'alloca' 'crcTables_3' <Predicate = true> <Delay = 0.00> <CoreInst = "RAM_1P_BRAM">   --->   Core 90 'RAM_1P_BRAM' <Latency = 1> <II = 1> <Delay = 1.19> <Storage> <Opcode : 'load' 'store'> <Ports = 1> <Width = 32> <Depth = 256> <RAM>
ST_1 : Operation 13 [1/1] (0.00ns)   --->   "%crcTables_4 = alloca i64 1" [/home/efrink/mled/split_cu/U280_CRC_Accelerator/src/kernel.cpp:802]   --->   Operation 13 'alloca' 'crcTables_4' <Predicate = true> <Delay = 0.00> <CoreInst = "RAM_1P_BRAM">   --->   Core 90 'RAM_1P_BRAM' <Latency = 1> <II = 1> <Delay = 1.19> <Storage> <Opcode : 'load' 'store'> <Ports = 1> <Width = 32> <Depth = 256> <RAM>
ST_1 : Operation 14 [1/1] (0.00ns)   --->   "%crcTables_5 = alloca i64 1" [/home/efrink/mled/split_cu/U280_CRC_Accelerator/src/kernel.cpp:802]   --->   Operation 14 'alloca' 'crcTables_5' <Predicate = true> <Delay = 0.00> <CoreInst = "RAM_1P_BRAM">   --->   Core 90 'RAM_1P_BRAM' <Latency = 1> <II = 1> <Delay = 1.19> <Storage> <Opcode : 'load' 'store'> <Ports = 1> <Width = 32> <Depth = 256> <RAM>
ST_1 : Operation 15 [1/1] (0.00ns)   --->   "%crcTables_6 = alloca i64 1" [/home/efrink/mled/split_cu/U280_CRC_Accelerator/src/kernel.cpp:802]   --->   Operation 15 'alloca' 'crcTables_6' <Predicate = true> <Delay = 0.00> <CoreInst = "RAM_1P_BRAM">   --->   Core 90 'RAM_1P_BRAM' <Latency = 1> <II = 1> <Delay = 1.19> <Storage> <Opcode : 'load' 'store'> <Ports = 1> <Width = 32> <Depth = 256> <RAM>
ST_1 : Operation 16 [1/1] (0.00ns)   --->   "%crcTables_7 = alloca i64 1" [/home/efrink/mled/split_cu/U280_CRC_Accelerator/src/kernel.cpp:802]   --->   Operation 16 'alloca' 'crcTables_7' <Predicate = true> <Delay = 0.00> <CoreInst = "RAM_1P_BRAM">   --->   Core 90 'RAM_1P_BRAM' <Latency = 1> <II = 1> <Delay = 1.19> <Storage> <Opcode : 'load' 'store'> <Ports = 1> <Width = 32> <Depth = 256> <RAM>
ST_1 : Operation 17 [1/1] (0.00ns)   --->   "%crcTables_8 = alloca i64 1" [/home/efrink/mled/split_cu/U280_CRC_Accelerator/src/kernel.cpp:802]   --->   Operation 17 'alloca' 'crcTables_8' <Predicate = true> <Delay = 0.00> <CoreInst = "RAM_1P_BRAM">   --->   Core 90 'RAM_1P_BRAM' <Latency = 1> <II = 1> <Delay = 1.19> <Storage> <Opcode : 'load' 'store'> <Ports = 1> <Width = 32> <Depth = 256> <RAM>
ST_1 : Operation 18 [1/1] (0.00ns)   --->   "%crcTables_9 = alloca i64 1" [/home/efrink/mled/split_cu/U280_CRC_Accelerator/src/kernel.cpp:802]   --->   Operation 18 'alloca' 'crcTables_9' <Predicate = true> <Delay = 0.00> <CoreInst = "RAM_1P_BRAM">   --->   Core 90 'RAM_1P_BRAM' <Latency = 1> <II = 1> <Delay = 1.19> <Storage> <Opcode : 'load' 'store'> <Ports = 1> <Width = 32> <Depth = 256> <RAM>
ST_1 : Operation 19 [1/1] (0.00ns)   --->   "%crcTables_10 = alloca i64 1" [/home/efrink/mled/split_cu/U280_CRC_Accelerator/src/kernel.cpp:802]   --->   Operation 19 'alloca' 'crcTables_10' <Predicate = true> <Delay = 0.00> <CoreInst = "RAM_1P_BRAM">   --->   Core 90 'RAM_1P_BRAM' <Latency = 1> <II = 1> <Delay = 1.19> <Storage> <Opcode : 'load' 'store'> <Ports = 1> <Width = 32> <Depth = 256> <RAM>
ST_1 : Operation 20 [1/1] (0.00ns)   --->   "%crcTables_11 = alloca i64 1" [/home/efrink/mled/split_cu/U280_CRC_Accelerator/src/kernel.cpp:802]   --->   Operation 20 'alloca' 'crcTables_11' <Predicate = true> <Delay = 0.00> <CoreInst = "RAM_1P_BRAM">   --->   Core 90 'RAM_1P_BRAM' <Latency = 1> <II = 1> <Delay = 1.19> <Storage> <Opcode : 'load' 'store'> <Ports = 1> <Width = 32> <Depth = 256> <RAM>
ST_1 : Operation 21 [1/1] (0.00ns)   --->   "%crcTables_12 = alloca i64 1" [/home/efrink/mled/split_cu/U280_CRC_Accelerator/src/kernel.cpp:802]   --->   Operation 21 'alloca' 'crcTables_12' <Predicate = true> <Delay = 0.00> <CoreInst = "RAM_1P_BRAM">   --->   Core 90 'RAM_1P_BRAM' <Latency = 1> <II = 1> <Delay = 1.19> <Storage> <Opcode : 'load' 'store'> <Ports = 1> <Width = 32> <Depth = 256> <RAM>
ST_1 : Operation 22 [1/1] (0.00ns)   --->   "%crcTables_13 = alloca i64 1" [/home/efrink/mled/split_cu/U280_CRC_Accelerator/src/kernel.cpp:802]   --->   Operation 22 'alloca' 'crcTables_13' <Predicate = true> <Delay = 0.00> <CoreInst = "RAM_1P_BRAM">   --->   Core 90 'RAM_1P_BRAM' <Latency = 1> <II = 1> <Delay = 1.19> <Storage> <Opcode : 'load' 'store'> <Ports = 1> <Width = 32> <Depth = 256> <RAM>
ST_1 : Operation 23 [1/1] (0.00ns)   --->   "%crcTables_14 = alloca i64 1" [/home/efrink/mled/split_cu/U280_CRC_Accelerator/src/kernel.cpp:802]   --->   Operation 23 'alloca' 'crcTables_14' <Predicate = true> <Delay = 0.00> <CoreInst = "RAM_1P_BRAM">   --->   Core 90 'RAM_1P_BRAM' <Latency = 1> <II = 1> <Delay = 1.19> <Storage> <Opcode : 'load' 'store'> <Ports = 1> <Width = 32> <Depth = 256> <RAM>
ST_1 : Operation 24 [1/1] (0.00ns)   --->   "%crcTables_15 = alloca i64 1" [/home/efrink/mled/split_cu/U280_CRC_Accelerator/src/kernel.cpp:802]   --->   Operation 24 'alloca' 'crcTables_15' <Predicate = true> <Delay = 0.00> <CoreInst = "RAM_1P_BRAM">   --->   Core 90 'RAM_1P_BRAM' <Latency = 1> <II = 1> <Delay = 1.19> <Storage> <Opcode : 'load' 'store'> <Ports = 1> <Width = 32> <Depth = 256> <RAM>

State 2 <SV = 1> <Delay = 2.43>
ST_2 : Operation 25 [2/2] (2.43ns)   --->   "%call_ln806 = call void @load_crc_tables, i512 %gmem1, i64 %tables_read, i32 %crcTables, i32 %crcTables_1, i32 %crcTables_2, i32 %crcTables_3, i32 %crcTables_4, i32 %crcTables_5, i32 %crcTables_6, i32 %crcTables_7, i32 %crcTables_8, i32 %crcTables_9, i32 %crcTables_10, i32 %crcTables_11, i32 %crcTables_12, i32 %crcTables_13, i32 %crcTables_14, i32 %crcTables_15" [/home/efrink/mled/split_cu/U280_CRC_Accelerator/src/kernel.cpp:806]   --->   Operation 25 'call' 'call_ln806' <Predicate = true> <Delay = 2.43> <CoreType = "Generic">   --->   Core 0 '' <Latency = 0> <II = 1> <Delay = 1.00> <Generic> <Opcode : >

State 3 <SV = 2> <Delay = 1.00>
ST_3 : Operation 26 [1/1] (1.00ns)   --->   "%init_value_read = read i32 @_ssdm_op_Read.ap_none.i32, i32 %init_value"   --->   Operation 26 'read' 'init_value_read' <Predicate = true> <Delay = 1.00> <CoreInst = "s_axilite">   --->   Core 122 's_axilite' <Latency = 0> <II = 1> <Delay = 1.00> <Adapter> <Opcode : 'read' 'write'>
ST_3 : Operation 27 [1/1] (1.00ns)   --->   "%crc_size_read = read i32 @_ssdm_op_Read.ap_none.i32, i32 %crc_size"   --->   Operation 27 'read' 'crc_size_read' <Predicate = true> <Delay = 1.00> <CoreInst = "s_axilite">   --->   Core 122 's_axilite' <Latency = 0> <II = 1> <Delay = 1.00> <Adapter> <Opcode : 'read' 'write'>
ST_3 : Operation 28 [1/1] (1.00ns)   --->   "%chunkSize_read = read i32 @_ssdm_op_Read.ap_none.i32, i32 %chunkSize"   --->   Operation 28 'read' 'chunkSize_read' <Predicate = true> <Delay = 1.00> <CoreInst = "s_axilite">   --->   Core 122 's_axilite' <Latency = 0> <II = 1> <Delay = 1.00> <Adapter> <Opcode : 'read' 'write'>
ST_3 : Operation 29 [1/1] (1.00ns)   --->   "%numChunks_read = read i32 @_ssdm_op_Read.ap_none.i32, i32 %numChunks"   --->   Operation 29 'read' 'numChunks_read' <Predicate = true> <Delay = 1.00> <CoreInst = "s_axilite">   --->   Core 122 's_axilite' <Latency = 0> <II = 1> <Delay = 1.00> <Adapter> <Opcode : 'read' 'write'>
ST_3 : Operation 30 [1/2] (0.00ns)   --->   "%call_ln806 = call void @load_crc_tables, i512 %gmem1, i64 %tables_read, i32 %crcTables, i32 %crcTables_1, i32 %crcTables_2, i32 %crcTables_3, i32 %crcTables_4, i32 %crcTables_5, i32 %crcTables_6, i32 %crcTables_7, i32 %crcTables_8, i32 %crcTables_9, i32 %crcTables_10, i32 %crcTables_11, i32 %crcTables_12, i32 %crcTables_13, i32 %crcTables_14, i32 %crcTables_15" [/home/efrink/mled/split_cu/U280_CRC_Accelerator/src/kernel.cpp:806]   --->   Operation 30 'call' 'call_ln806' <Predicate = true> <Delay = 0.00> <CoreType = "Generic">   --->   Core 0 '' <Latency = 0> <II = 1> <Delay = 1.00> <Generic> <Opcode : >

State 4 <SV = 3> <Delay = 2.43>
ST_4 : Operation 31 [2/2] (2.43ns)   --->   "%call_ln808 = call void @crc_dataflow_region, i128 %gmem0, i64 %data_in_read, i64 %crc_out_read, i32 %crcTables, i32 %crcTables_1, i32 %crcTables_2, i32 %crcTables_3, i32 %crcTables_4, i32 %crcTables_5, i32 %crcTables_6, i32 %crcTables_7, i32 %crcTables_8, i32 %crcTables_9, i32 %crcTables_10, i32 %crcTables_11, i32 %crcTables_12, i32 %crcTables_13, i32 %crcTables_14, i32 %crcTables_15, i32 %numChunks_read, i32 %chunkSize_read, i32 %crc_size_read, i32 %init_value_read" [/home/efrink/mled/split_cu/U280_CRC_Accelerator/src/kernel.cpp:808]   --->   Operation 31 'call' 'call_ln808' <Predicate = true> <Delay = 2.43> <CoreType = "Generic">   --->   Core 0 '' <Latency = 0> <II = 1> <Delay = 1.00> <Generic> <Opcode : >

State 5 <SV = 4> <Delay = 0.00>
ST_5 : Operation 32 [1/1] (0.00ns)   --->   "%spectopmodule_ln815 = spectopmodule void @_ssdm_op_SpecTopModule, void @empty_0" [/home/efrink/mled/split_cu/U280_CRC_Accelerator/src/kernel.cpp:815]   --->   Operation 32 'spectopmodule' 'spectopmodule_ln815' <Predicate = true> <Delay = 0.00>
ST_5 : Operation 33 [1/1] (0.00ns)   --->   "%specinterface_ln815 = specinterface void @_ssdm_op_SpecInterface, i32 0, void @empty_14, i32 0, i32 0, void @empty_23, i32 0, i32 0, void @empty_23, void @empty_23, void @empty_23, i32 0, i32 0, i32 0, i32 0, void @empty_23, void @empty_23, i32 4294967295, i32 0" [/home/efrink/mled/split_cu/U280_CRC_Accelerator/src/kernel.cpp:815]   --->   Operation 33 'specinterface' 'specinterface_ln815' <Predicate = true> <Delay = 0.00>
ST_5 : Operation 34 [1/1] (0.00ns)   --->   "%specinterface_ln0 = specinterface void @_ssdm_op_SpecInterface, i128 %gmem0, void @empty_22, i32 0, i32 0, void @empty_23, i32 64, i32 1024, void @empty, void @empty_2, void @empty_23, i32 16, i32 16, i32 16, i32 16, void @empty_23, void @empty_23, i32 4294967295, i32 0"   --->   Operation 34 'specinterface' 'specinterface_ln0' <Predicate = true> <Delay = 0.00>
ST_5 : Operation 35 [1/1] (0.00ns)   --->   "%specbitsmap_ln0 = specbitsmap void @_ssdm_op_SpecBitsMap, i128 %gmem0"   --->   Operation 35 'specbitsmap' 'specbitsmap_ln0' <Predicate = true> <Delay = 0.00>
ST_5 : Operation 36 [1/1] (0.00ns)   --->   "%specinterface_ln0 = specinterface void @_ssdm_op_SpecInterface, i512 %gmem1, void @empty_22, i32 0, i32 0, void @empty_23, i32 64, i32 4096, void @empty_24, void @empty_2, void @empty_23, i32 16, i32 16, i32 16, i32 16, void @empty_23, void @empty_23, i32 4294967295, i32 0"   --->   Operation 36 'specinterface' 'specinterface_ln0' <Predicate = true> <Delay = 0.00>
ST_5 : Operation 37 [1/1] (0.00ns)   --->   "%specbitsmap_ln0 = specbitsmap void @_ssdm_op_SpecBitsMap, i512 %gmem1"   --->   Operation 37 'specbitsmap' 'specbitsmap_ln0' <Predicate = true> <Delay = 0.00>
ST_5 : Operation 38 [1/1] (0.00ns)   --->   "%specinterface_ln0 = specinterface void @_ssdm_op_SpecInterface, i64 %data_in, void @empty_1, i32 0, i32 0, void @empty_23, i32 0, i32 0, void @empty_15, void @empty_12, void @empty_23, i32 0, i32 0, i32 0, i32 0, void @empty_23, void @empty_16, i32 4294967295, i32 0"   --->   Operation 38 'specinterface' 'specinterface_ln0' <Predicate = true> <Delay = 0.00>
ST_5 : Operation 39 [1/1] (0.00ns)   --->   "%specinterface_ln0 = specinterface void @_ssdm_op_SpecInterface, i64 %data_in, void @empty_17, i32 0, i32 0, void @empty_23, i32 0, i32 0, void @empty_23, void @empty_23, void @empty_23, i32 0, i32 0, i32 0, i32 0, void @empty_23, void @empty_16, i32 4294967295, i32 0"   --->   Operation 39 'specinterface' 'specinterface_ln0' <Predicate = true> <Delay = 0.00>
ST_5 : Operation 40 [1/1] (0.00ns)   --->   "%specinterface_ln0 = specinterface void @_ssdm_op_SpecInterface, i64 %crc_out, void @empty_1, i32 0, i32 0, void @empty_23, i32 0, i32 0, void @empty_15, void @empty_18, void @empty_23, i32 0, i32 0, i32 0, i32 0, void @empty_23, void @empty_16, i32 4294967295, i32 0"   --->   Operation 40 'specinterface' 'specinterface_ln0' <Predicate = true> <Delay = 0.00>
ST_5 : Operation 41 [1/1] (0.00ns)   --->   "%specinterface_ln0 = specinterface void @_ssdm_op_SpecInterface, i64 %crc_out, void @empty_17, i32 0, i32 0, void @empty_23, i32 0, i32 0, void @empty_23, void @empty_23, void @empty_23, i32 0, i32 0, i32 0, i32 0, void @empty_23, void @empty_16, i32 4294967295, i32 0"   --->   Operation 41 'specinterface' 'specinterface_ln0' <Predicate = true> <Delay = 0.00>
ST_5 : Operation 42 [1/1] (0.00ns)   --->   "%specinterface_ln0 = specinterface void @_ssdm_op_SpecInterface, i64 %tables, void @empty_1, i32 0, i32 0, void @empty_23, i32 0, i32 0, void @empty_15, void @empty_19, void @empty_23, i32 0, i32 0, i32 0, i32 0, void @empty_23, void @empty_16, i32 4294967295, i32 0"   --->   Operation 42 'specinterface' 'specinterface_ln0' <Predicate = true> <Delay = 0.00>
ST_5 : Operation 43 [1/1] (0.00ns)   --->   "%specinterface_ln0 = specinterface void @_ssdm_op_SpecInterface, i64 %tables, void @empty_17, i32 0, i32 0, void @empty_23, i32 0, i32 0, void @empty_23, void @empty_23, void @empty_23, i32 0, i32 0, i32 0, i32 0, void @empty_23, void @empty_16, i32 4294967295, i32 0"   --->   Operation 43 'specinterface' 'specinterface_ln0' <Predicate = true> <Delay = 0.00>
ST_5 : Operation 44 [1/1] (0.00ns)   --->   "%specbitsmap_ln0 = specbitsmap void @_ssdm_op_SpecBitsMap, i32 %numChunks"   --->   Operation 44 'specbitsmap' 'specbitsmap_ln0' <Predicate = true> <Delay = 0.00>
ST_5 : Operation 45 [1/1] (0.00ns)   --->   "%specinterface_ln0 = specinterface void @_ssdm_op_SpecInterface, i32 %numChunks, void @empty_1, i32 0, i32 0, void @empty_23, i32 0, i32 0, void @empty_15, void @empty_20, void @empty_23, i32 0, i32 0, i32 0, i32 0, void @empty_23, void @empty_23, i32 4294967295, i32 0"   --->   Operation 45 'specinterface' 'specinterface_ln0' <Predicate = true> <Delay = 0.00>
ST_5 : Operation 46 [1/1] (0.00ns)   --->   "%specinterface_ln0 = specinterface void @_ssdm_op_SpecInterface, i32 %numChunks, void @empty_21, i32 0, i32 0, void @empty_23, i32 0, i32 0, void @empty_23, void @empty_23, void @empty_23, i32 0, i32 0, i32 0, i32 0, void @empty_23, void @empty_23, i32 4294967295, i32 0"   --->   Operation 46 'specinterface' 'specinterface_ln0' <Predicate = true> <Delay = 0.00>
ST_5 : Operation 47 [1/1] (0.00ns)   --->   "%specbitsmap_ln0 = specbitsmap void @_ssdm_op_SpecBitsMap, i32 %chunkSize"   --->   Operation 47 'specbitsmap' 'specbitsmap_ln0' <Predicate = true> <Delay = 0.00>
ST_5 : Operation 48 [1/1] (0.00ns)   --->   "%specinterface_ln0 = specinterface void @_ssdm_op_SpecInterface, i32 %chunkSize, void @empty_1, i32 0, i32 0, void @empty_23, i32 0, i32 0, void @empty_15, void @empty_6, void @empty_23, i32 0, i32 0, i32 0, i32 0, void @empty_23, void @empty_23, i32 4294967295, i32 0"   --->   Operation 48 'specinterface' 'specinterface_ln0' <Predicate = true> <Delay = 0.00>
ST_5 : Operation 49 [1/1] (0.00ns)   --->   "%specinterface_ln0 = specinterface void @_ssdm_op_SpecInterface, i32 %chunkSize, void @empty_21, i32 0, i32 0, void @empty_23, i32 0, i32 0, void @empty_23, void @empty_23, void @empty_23, i32 0, i32 0, i32 0, i32 0, void @empty_23, void @empty_23, i32 4294967295, i32 0"   --->   Operation 49 'specinterface' 'specinterface_ln0' <Predicate = true> <Delay = 0.00>
ST_5 : Operation 50 [1/1] (0.00ns)   --->   "%specbitsmap_ln0 = specbitsmap void @_ssdm_op_SpecBitsMap, i32 %crc_size"   --->   Operation 50 'specbitsmap' 'specbitsmap_ln0' <Predicate = true> <Delay = 0.00>
ST_5 : Operation 51 [1/1] (0.00ns)   --->   "%specinterface_ln0 = specinterface void @_ssdm_op_SpecInterface, i32 %crc_size, void @empty_1, i32 0, i32 0, void @empty_23, i32 0, i32 0, void @empty_15, void @empty_5, void @empty_23, i32 0, i32 0, i32 0, i32 0, void @empty_23, void @empty_23, i32 4294967295, i32 0"   --->   Operation 51 'specinterface' 'specinterface_ln0' <Predicate = true> <Delay = 0.00>
ST_5 : Operation 52 [1/1] (0.00ns)   --->   "%specinterface_ln0 = specinterface void @_ssdm_op_SpecInterface, i32 %crc_size, void @empty_21, i32 0, i32 0, void @empty_23, i32 0, i32 0, void @empty_23, void @empty_23, void @empty_23, i32 0, i32 0, i32 0, i32 0, void @empty_23, void @empty_23, i32 4294967295, i32 0"   --->   Operation 52 'specinterface' 'specinterface_ln0' <Predicate = true> <Delay = 0.00>
ST_5 : Operation 53 [1/1] (0.00ns)   --->   "%specbitsmap_ln0 = specbitsmap void @_ssdm_op_SpecBitsMap, i32 %init_value"   --->   Operation 53 'specbitsmap' 'specbitsmap_ln0' <Predicate = true> <Delay = 0.00>
ST_5 : Operation 54 [1/1] (0.00ns)   --->   "%specinterface_ln0 = specinterface void @_ssdm_op_SpecInterface, i32 %init_value, void @empty_1, i32 0, i32 0, void @empty_23, i32 0, i32 0, void @empty_15, void @empty_4, void @empty_23, i32 0, i32 0, i32 0, i32 0, void @empty_23, void @empty_23, i32 4294967295, i32 0"   --->   Operation 54 'specinterface' 'specinterface_ln0' <Predicate = true> <Delay = 0.00>
ST_5 : Operation 55 [1/1] (0.00ns)   --->   "%specinterface_ln0 = specinterface void @_ssdm_op_SpecInterface, i32 %init_value, void @empty_21, i32 0, i32 0, void @empty_23, i32 0, i32 0, void @empty_23, void @empty_23, void @empty_23, i32 0, i32 0, i32 0, i32 0, void @empty_23, void @empty_23, i32 4294967295, i32 0"   --->   Operation 55 'specinterface' 'specinterface_ln0' <Predicate = true> <Delay = 0.00>
ST_5 : Operation 56 [1/1] (0.00ns)   --->   "%specinterface_ln0 = specinterface void @_ssdm_op_SpecInterface, i32 0, void @empty_1, i32 0, i32 0, void @empty_23, i32 0, i32 0, void @empty_15, void @empty_23, void @empty_23, i32 0, i32 0, i32 0, i32 0, void @empty_23, void @empty_23, i32 4294967295, i32 0"   --->   Operation 56 'specinterface' 'specinterface_ln0' <Predicate = true> <Delay = 0.00>
ST_5 : Operation 57 [1/1] (0.00ns)   --->   "%specmemcore_ln804 = specmemcore void @_ssdm_op_SpecMemCore, i32 %crcTables_15, i64 666, i64 18, i64 18446744073709551615" [/home/efrink/mled/split_cu/U280_CRC_Accelerator/src/kernel.cpp:804]   --->   Operation 57 'specmemcore' 'specmemcore_ln804' <Predicate = true> <Delay = 0.00>
ST_5 : Operation 58 [1/1] (0.00ns)   --->   "%specmemcore_ln804 = specmemcore void @_ssdm_op_SpecMemCore, i32 %crcTables_14, i64 666, i64 18, i64 18446744073709551615" [/home/efrink/mled/split_cu/U280_CRC_Accelerator/src/kernel.cpp:804]   --->   Operation 58 'specmemcore' 'specmemcore_ln804' <Predicate = true> <Delay = 0.00>
ST_5 : Operation 59 [1/1] (0.00ns)   --->   "%specmemcore_ln804 = specmemcore void @_ssdm_op_SpecMemCore, i32 %crcTables_13, i64 666, i64 18, i64 18446744073709551615" [/home/efrink/mled/split_cu/U280_CRC_Accelerator/src/kernel.cpp:804]   --->   Operation 59 'specmemcore' 'specmemcore_ln804' <Predicate = true> <Delay = 0.00>
ST_5 : Operation 60 [1/1] (0.00ns)   --->   "%specmemcore_ln804 = specmemcore void @_ssdm_op_SpecMemCore, i32 %crcTables_12, i64 666, i64 18, i64 18446744073709551615" [/home/efrink/mled/split_cu/U280_CRC_Accelerator/src/kernel.cpp:804]   --->   Operation 60 'specmemcore' 'specmemcore_ln804' <Predicate = true> <Delay = 0.00>
ST_5 : Operation 61 [1/1] (0.00ns)   --->   "%specmemcore_ln804 = specmemcore void @_ssdm_op_SpecMemCore, i32 %crcTables_11, i64 666, i64 18, i64 18446744073709551615" [/home/efrink/mled/split_cu/U280_CRC_Accelerator/src/kernel.cpp:804]   --->   Operation 61 'specmemcore' 'specmemcore_ln804' <Predicate = true> <Delay = 0.00>
ST_5 : Operation 62 [1/1] (0.00ns)   --->   "%specmemcore_ln804 = specmemcore void @_ssdm_op_SpecMemCore, i32 %crcTables_10, i64 666, i64 18, i64 18446744073709551615" [/home/efrink/mled/split_cu/U280_CRC_Accelerator/src/kernel.cpp:804]   --->   Operation 62 'specmemcore' 'specmemcore_ln804' <Predicate = true> <Delay = 0.00>
ST_5 : Operation 63 [1/1] (0.00ns)   --->   "%specmemcore_ln804 = specmemcore void @_ssdm_op_SpecMemCore, i32 %crcTables_9, i64 666, i64 18, i64 18446744073709551615" [/home/efrink/mled/split_cu/U280_CRC_Accelerator/src/kernel.cpp:804]   --->   Operation 63 'specmemcore' 'specmemcore_ln804' <Predicate = true> <Delay = 0.00>
ST_5 : Operation 64 [1/1] (0.00ns)   --->   "%specmemcore_ln804 = specmemcore void @_ssdm_op_SpecMemCore, i32 %crcTables_8, i64 666, i64 18, i64 18446744073709551615" [/home/efrink/mled/split_cu/U280_CRC_Accelerator/src/kernel.cpp:804]   --->   Operation 64 'specmemcore' 'specmemcore_ln804' <Predicate = true> <Delay = 0.00>
ST_5 : Operation 65 [1/1] (0.00ns)   --->   "%specmemcore_ln804 = specmemcore void @_ssdm_op_SpecMemCore, i32 %crcTables_7, i64 666, i64 18, i64 18446744073709551615" [/home/efrink/mled/split_cu/U280_CRC_Accelerator/src/kernel.cpp:804]   --->   Operation 65 'specmemcore' 'specmemcore_ln804' <Predicate = true> <Delay = 0.00>
ST_5 : Operation 66 [1/1] (0.00ns)   --->   "%specmemcore_ln804 = specmemcore void @_ssdm_op_SpecMemCore, i32 %crcTables_6, i64 666, i64 18, i64 18446744073709551615" [/home/efrink/mled/split_cu/U280_CRC_Accelerator/src/kernel.cpp:804]   --->   Operation 66 'specmemcore' 'specmemcore_ln804' <Predicate = true> <Delay = 0.00>
ST_5 : Operation 67 [1/1] (0.00ns)   --->   "%specmemcore_ln804 = specmemcore void @_ssdm_op_SpecMemCore, i32 %crcTables_5, i64 666, i64 18, i64 18446744073709551615" [/home/efrink/mled/split_cu/U280_CRC_Accelerator/src/kernel.cpp:804]   --->   Operation 67 'specmemcore' 'specmemcore_ln804' <Predicate = true> <Delay = 0.00>
ST_5 : Operation 68 [1/1] (0.00ns)   --->   "%specmemcore_ln804 = specmemcore void @_ssdm_op_SpecMemCore, i32 %crcTables_4, i64 666, i64 18, i64 18446744073709551615" [/home/efrink/mled/split_cu/U280_CRC_Accelerator/src/kernel.cpp:804]   --->   Operation 68 'specmemcore' 'specmemcore_ln804' <Predicate = true> <Delay = 0.00>
ST_5 : Operation 69 [1/1] (0.00ns)   --->   "%specmemcore_ln804 = specmemcore void @_ssdm_op_SpecMemCore, i32 %crcTables_3, i64 666, i64 18, i64 18446744073709551615" [/home/efrink/mled/split_cu/U280_CRC_Accelerator/src/kernel.cpp:804]   --->   Operation 69 'specmemcore' 'specmemcore_ln804' <Predicate = true> <Delay = 0.00>
ST_5 : Operation 70 [1/1] (0.00ns)   --->   "%specmemcore_ln804 = specmemcore void @_ssdm_op_SpecMemCore, i32 %crcTables_2, i64 666, i64 18, i64 18446744073709551615" [/home/efrink/mled/split_cu/U280_CRC_Accelerator/src/kernel.cpp:804]   --->   Operation 70 'specmemcore' 'specmemcore_ln804' <Predicate = true> <Delay = 0.00>
ST_5 : Operation 71 [1/1] (0.00ns)   --->   "%specmemcore_ln804 = specmemcore void @_ssdm_op_SpecMemCore, i32 %crcTables_1, i64 666, i64 18, i64 18446744073709551615" [/home/efrink/mled/split_cu/U280_CRC_Accelerator/src/kernel.cpp:804]   --->   Operation 71 'specmemcore' 'specmemcore_ln804' <Predicate = true> <Delay = 0.00>
ST_5 : Operation 72 [1/1] (0.00ns)   --->   "%specmemcore_ln804 = specmemcore void @_ssdm_op_SpecMemCore, i32 %crcTables, i64 666, i64 18, i64 18446744073709551615" [/home/efrink/mled/split_cu/U280_CRC_Accelerator/src/kernel.cpp:804]   --->   Operation 72 'specmemcore' 'specmemcore_ln804' <Predicate = true> <Delay = 0.00>
ST_5 : Operation 73 [1/1] (0.00ns)   --->   "%specmemcore_ln806 = specmemcore void @_ssdm_op_SpecMemCore, i32 %crcTables_15, i64 666, i64 18, i64 18446744073709551615" [/home/efrink/mled/split_cu/U280_CRC_Accelerator/src/kernel.cpp:806]   --->   Operation 73 'specmemcore' 'specmemcore_ln806' <Predicate = true> <Delay = 0.00>
ST_5 : Operation 74 [1/1] (0.00ns)   --->   "%specmemcore_ln806 = specmemcore void @_ssdm_op_SpecMemCore, i32 %crcTables_14, i64 666, i64 18, i64 18446744073709551615" [/home/efrink/mled/split_cu/U280_CRC_Accelerator/src/kernel.cpp:806]   --->   Operation 74 'specmemcore' 'specmemcore_ln806' <Predicate = true> <Delay = 0.00>
ST_5 : Operation 75 [1/1] (0.00ns)   --->   "%specmemcore_ln806 = specmemcore void @_ssdm_op_SpecMemCore, i32 %crcTables_13, i64 666, i64 18, i64 18446744073709551615" [/home/efrink/mled/split_cu/U280_CRC_Accelerator/src/kernel.cpp:806]   --->   Operation 75 'specmemcore' 'specmemcore_ln806' <Predicate = true> <Delay = 0.00>
ST_5 : Operation 76 [1/1] (0.00ns)   --->   "%specmemcore_ln806 = specmemcore void @_ssdm_op_SpecMemCore, i32 %crcTables_12, i64 666, i64 18, i64 18446744073709551615" [/home/efrink/mled/split_cu/U280_CRC_Accelerator/src/kernel.cpp:806]   --->   Operation 76 'specmemcore' 'specmemcore_ln806' <Predicate = true> <Delay = 0.00>
ST_5 : Operation 77 [1/1] (0.00ns)   --->   "%specmemcore_ln806 = specmemcore void @_ssdm_op_SpecMemCore, i32 %crcTables_11, i64 666, i64 18, i64 18446744073709551615" [/home/efrink/mled/split_cu/U280_CRC_Accelerator/src/kernel.cpp:806]   --->   Operation 77 'specmemcore' 'specmemcore_ln806' <Predicate = true> <Delay = 0.00>
ST_5 : Operation 78 [1/1] (0.00ns)   --->   "%specmemcore_ln806 = specmemcore void @_ssdm_op_SpecMemCore, i32 %crcTables_10, i64 666, i64 18, i64 18446744073709551615" [/home/efrink/mled/split_cu/U280_CRC_Accelerator/src/kernel.cpp:806]   --->   Operation 78 'specmemcore' 'specmemcore_ln806' <Predicate = true> <Delay = 0.00>
ST_5 : Operation 79 [1/1] (0.00ns)   --->   "%specmemcore_ln806 = specmemcore void @_ssdm_op_SpecMemCore, i32 %crcTables_9, i64 666, i64 18, i64 18446744073709551615" [/home/efrink/mled/split_cu/U280_CRC_Accelerator/src/kernel.cpp:806]   --->   Operation 79 'specmemcore' 'specmemcore_ln806' <Predicate = true> <Delay = 0.00>
ST_5 : Operation 80 [1/1] (0.00ns)   --->   "%specmemcore_ln806 = specmemcore void @_ssdm_op_SpecMemCore, i32 %crcTables_8, i64 666, i64 18, i64 18446744073709551615" [/home/efrink/mled/split_cu/U280_CRC_Accelerator/src/kernel.cpp:806]   --->   Operation 80 'specmemcore' 'specmemcore_ln806' <Predicate = true> <Delay = 0.00>
ST_5 : Operation 81 [1/1] (0.00ns)   --->   "%specmemcore_ln806 = specmemcore void @_ssdm_op_SpecMemCore, i32 %crcTables_7, i64 666, i64 18, i64 18446744073709551615" [/home/efrink/mled/split_cu/U280_CRC_Accelerator/src/kernel.cpp:806]   --->   Operation 81 'specmemcore' 'specmemcore_ln806' <Predicate = true> <Delay = 0.00>
ST_5 : Operation 82 [1/1] (0.00ns)   --->   "%specmemcore_ln806 = specmemcore void @_ssdm_op_SpecMemCore, i32 %crcTables_6, i64 666, i64 18, i64 18446744073709551615" [/home/efrink/mled/split_cu/U280_CRC_Accelerator/src/kernel.cpp:806]   --->   Operation 82 'specmemcore' 'specmemcore_ln806' <Predicate = true> <Delay = 0.00>
ST_5 : Operation 83 [1/1] (0.00ns)   --->   "%specmemcore_ln806 = specmemcore void @_ssdm_op_SpecMemCore, i32 %crcTables_5, i64 666, i64 18, i64 18446744073709551615" [/home/efrink/mled/split_cu/U280_CRC_Accelerator/src/kernel.cpp:806]   --->   Operation 83 'specmemcore' 'specmemcore_ln806' <Predicate = true> <Delay = 0.00>
ST_5 : Operation 84 [1/1] (0.00ns)   --->   "%specmemcore_ln806 = specmemcore void @_ssdm_op_SpecMemCore, i32 %crcTables_4, i64 666, i64 18, i64 18446744073709551615" [/home/efrink/mled/split_cu/U280_CRC_Accelerator/src/kernel.cpp:806]   --->   Operation 84 'specmemcore' 'specmemcore_ln806' <Predicate = true> <Delay = 0.00>
ST_5 : Operation 85 [1/1] (0.00ns)   --->   "%specmemcore_ln806 = specmemcore void @_ssdm_op_SpecMemCore, i32 %crcTables_3, i64 666, i64 18, i64 18446744073709551615" [/home/efrink/mled/split_cu/U280_CRC_Accelerator/src/kernel.cpp:806]   --->   Operation 85 'specmemcore' 'specmemcore_ln806' <Predicate = true> <Delay = 0.00>
ST_5 : Operation 86 [1/1] (0.00ns)   --->   "%specmemcore_ln806 = specmemcore void @_ssdm_op_SpecMemCore, i32 %crcTables_2, i64 666, i64 18, i64 18446744073709551615" [/home/efrink/mled/split_cu/U280_CRC_Accelerator/src/kernel.cpp:806]   --->   Operation 86 'specmemcore' 'specmemcore_ln806' <Predicate = true> <Delay = 0.00>
ST_5 : Operation 87 [1/1] (0.00ns)   --->   "%specmemcore_ln806 = specmemcore void @_ssdm_op_SpecMemCore, i32 %crcTables_1, i64 666, i64 18, i64 18446744073709551615" [/home/efrink/mled/split_cu/U280_CRC_Accelerator/src/kernel.cpp:806]   --->   Operation 87 'specmemcore' 'specmemcore_ln806' <Predicate = true> <Delay = 0.00>
ST_5 : Operation 88 [1/1] (0.00ns)   --->   "%specmemcore_ln806 = specmemcore void @_ssdm_op_SpecMemCore, i32 %crcTables, i64 666, i64 18, i64 18446744073709551615" [/home/efrink/mled/split_cu/U280_CRC_Accelerator/src/kernel.cpp:806]   --->   Operation 88 'specmemcore' 'specmemcore_ln806' <Predicate = true> <Delay = 0.00>
ST_5 : Operation 89 [1/1] (0.00ns)   --->   "%specmemcore_ln808 = specmemcore void @_ssdm_op_SpecMemCore, i32 %crcTables_15, i64 666, i64 18, i64 18446744073709551615" [/home/efrink/mled/split_cu/U280_CRC_Accelerator/src/kernel.cpp:808]   --->   Operation 89 'specmemcore' 'specmemcore_ln808' <Predicate = true> <Delay = 0.00>
ST_5 : Operation 90 [1/1] (0.00ns)   --->   "%specmemcore_ln808 = specmemcore void @_ssdm_op_SpecMemCore, i32 %crcTables_14, i64 666, i64 18, i64 18446744073709551615" [/home/efrink/mled/split_cu/U280_CRC_Accelerator/src/kernel.cpp:808]   --->   Operation 90 'specmemcore' 'specmemcore_ln808' <Predicate = true> <Delay = 0.00>
ST_5 : Operation 91 [1/1] (0.00ns)   --->   "%specmemcore_ln808 = specmemcore void @_ssdm_op_SpecMemCore, i32 %crcTables_13, i64 666, i64 18, i64 18446744073709551615" [/home/efrink/mled/split_cu/U280_CRC_Accelerator/src/kernel.cpp:808]   --->   Operation 91 'specmemcore' 'specmemcore_ln808' <Predicate = true> <Delay = 0.00>
ST_5 : Operation 92 [1/1] (0.00ns)   --->   "%specmemcore_ln808 = specmemcore void @_ssdm_op_SpecMemCore, i32 %crcTables_12, i64 666, i64 18, i64 18446744073709551615" [/home/efrink/mled/split_cu/U280_CRC_Accelerator/src/kernel.cpp:808]   --->   Operation 92 'specmemcore' 'specmemcore_ln808' <Predicate = true> <Delay = 0.00>
ST_5 : Operation 93 [1/1] (0.00ns)   --->   "%specmemcore_ln808 = specmemcore void @_ssdm_op_SpecMemCore, i32 %crcTables_11, i64 666, i64 18, i64 18446744073709551615" [/home/efrink/mled/split_cu/U280_CRC_Accelerator/src/kernel.cpp:808]   --->   Operation 93 'specmemcore' 'specmemcore_ln808' <Predicate = true> <Delay = 0.00>
ST_5 : Operation 94 [1/1] (0.00ns)   --->   "%specmemcore_ln808 = specmemcore void @_ssdm_op_SpecMemCore, i32 %crcTables_10, i64 666, i64 18, i64 18446744073709551615" [/home/efrink/mled/split_cu/U280_CRC_Accelerator/src/kernel.cpp:808]   --->   Operation 94 'specmemcore' 'specmemcore_ln808' <Predicate = true> <Delay = 0.00>
ST_5 : Operation 95 [1/1] (0.00ns)   --->   "%specmemcore_ln808 = specmemcore void @_ssdm_op_SpecMemCore, i32 %crcTables_9, i64 666, i64 18, i64 18446744073709551615" [/home/efrink/mled/split_cu/U280_CRC_Accelerator/src/kernel.cpp:808]   --->   Operation 95 'specmemcore' 'specmemcore_ln808' <Predicate = true> <Delay = 0.00>
ST_5 : Operation 96 [1/1] (0.00ns)   --->   "%specmemcore_ln808 = specmemcore void @_ssdm_op_SpecMemCore, i32 %crcTables_8, i64 666, i64 18, i64 18446744073709551615" [/home/efrink/mled/split_cu/U280_CRC_Accelerator/src/kernel.cpp:808]   --->   Operation 96 'specmemcore' 'specmemcore_ln808' <Predicate = true> <Delay = 0.00>
ST_5 : Operation 97 [1/1] (0.00ns)   --->   "%specmemcore_ln808 = specmemcore void @_ssdm_op_SpecMemCore, i32 %crcTables_7, i64 666, i64 18, i64 18446744073709551615" [/home/efrink/mled/split_cu/U280_CRC_Accelerator/src/kernel.cpp:808]   --->   Operation 97 'specmemcore' 'specmemcore_ln808' <Predicate = true> <Delay = 0.00>
ST_5 : Operation 98 [1/1] (0.00ns)   --->   "%specmemcore_ln808 = specmemcore void @_ssdm_op_SpecMemCore, i32 %crcTables_6, i64 666, i64 18, i64 18446744073709551615" [/home/efrink/mled/split_cu/U280_CRC_Accelerator/src/kernel.cpp:808]   --->   Operation 98 'specmemcore' 'specmemcore_ln808' <Predicate = true> <Delay = 0.00>
ST_5 : Operation 99 [1/1] (0.00ns)   --->   "%specmemcore_ln808 = specmemcore void @_ssdm_op_SpecMemCore, i32 %crcTables_5, i64 666, i64 18, i64 18446744073709551615" [/home/efrink/mled/split_cu/U280_CRC_Accelerator/src/kernel.cpp:808]   --->   Operation 99 'specmemcore' 'specmemcore_ln808' <Predicate = true> <Delay = 0.00>
ST_5 : Operation 100 [1/1] (0.00ns)   --->   "%specmemcore_ln808 = specmemcore void @_ssdm_op_SpecMemCore, i32 %crcTables_4, i64 666, i64 18, i64 18446744073709551615" [/home/efrink/mled/split_cu/U280_CRC_Accelerator/src/kernel.cpp:808]   --->   Operation 100 'specmemcore' 'specmemcore_ln808' <Predicate = true> <Delay = 0.00>
ST_5 : Operation 101 [1/1] (0.00ns)   --->   "%specmemcore_ln808 = specmemcore void @_ssdm_op_SpecMemCore, i32 %crcTables_3, i64 666, i64 18, i64 18446744073709551615" [/home/efrink/mled/split_cu/U280_CRC_Accelerator/src/kernel.cpp:808]   --->   Operation 101 'specmemcore' 'specmemcore_ln808' <Predicate = true> <Delay = 0.00>
ST_5 : Operation 102 [1/1] (0.00ns)   --->   "%specmemcore_ln808 = specmemcore void @_ssdm_op_SpecMemCore, i32 %crcTables_2, i64 666, i64 18, i64 18446744073709551615" [/home/efrink/mled/split_cu/U280_CRC_Accelerator/src/kernel.cpp:808]   --->   Operation 102 'specmemcore' 'specmemcore_ln808' <Predicate = true> <Delay = 0.00>
ST_5 : Operation 103 [1/1] (0.00ns)   --->   "%specmemcore_ln808 = specmemcore void @_ssdm_op_SpecMemCore, i32 %crcTables_1, i64 666, i64 18, i64 18446744073709551615" [/home/efrink/mled/split_cu/U280_CRC_Accelerator/src/kernel.cpp:808]   --->   Operation 103 'specmemcore' 'specmemcore_ln808' <Predicate = true> <Delay = 0.00>
ST_5 : Operation 104 [1/1] (0.00ns)   --->   "%specmemcore_ln808 = specmemcore void @_ssdm_op_SpecMemCore, i32 %crcTables, i64 666, i64 18, i64 18446744073709551615" [/home/efrink/mled/split_cu/U280_CRC_Accelerator/src/kernel.cpp:808]   --->   Operation 104 'specmemcore' 'specmemcore_ln808' <Predicate = true> <Delay = 0.00>
ST_5 : Operation 105 [1/1] (0.00ns)   --->   "%specmemcore_ln808 = specmemcore void @_ssdm_op_SpecMemCore, i32 %crcTables_15, i64 666, i64 18, i64 18446744073709551615" [/home/efrink/mled/split_cu/U280_CRC_Accelerator/src/kernel.cpp:808]   --->   Operation 105 'specmemcore' 'specmemcore_ln808' <Predicate = true> <Delay = 0.00>
ST_5 : Operation 106 [1/1] (0.00ns)   --->   "%specmemcore_ln808 = specmemcore void @_ssdm_op_SpecMemCore, i32 %crcTables_14, i64 666, i64 18, i64 18446744073709551615" [/home/efrink/mled/split_cu/U280_CRC_Accelerator/src/kernel.cpp:808]   --->   Operation 106 'specmemcore' 'specmemcore_ln808' <Predicate = true> <Delay = 0.00>
ST_5 : Operation 107 [1/1] (0.00ns)   --->   "%specmemcore_ln808 = specmemcore void @_ssdm_op_SpecMemCore, i32 %crcTables_13, i64 666, i64 18, i64 18446744073709551615" [/home/efrink/mled/split_cu/U280_CRC_Accelerator/src/kernel.cpp:808]   --->   Operation 107 'specmemcore' 'specmemcore_ln808' <Predicate = true> <Delay = 0.00>
ST_5 : Operation 108 [1/1] (0.00ns)   --->   "%specmemcore_ln808 = specmemcore void @_ssdm_op_SpecMemCore, i32 %crcTables_12, i64 666, i64 18, i64 18446744073709551615" [/home/efrink/mled/split_cu/U280_CRC_Accelerator/src/kernel.cpp:808]   --->   Operation 108 'specmemcore' 'specmemcore_ln808' <Predicate = true> <Delay = 0.00>
ST_5 : Operation 109 [1/1] (0.00ns)   --->   "%specmemcore_ln808 = specmemcore void @_ssdm_op_SpecMemCore, i32 %crcTables_11, i64 666, i64 18, i64 18446744073709551615" [/home/efrink/mled/split_cu/U280_CRC_Accelerator/src/kernel.cpp:808]   --->   Operation 109 'specmemcore' 'specmemcore_ln808' <Predicate = true> <Delay = 0.00>
ST_5 : Operation 110 [1/1] (0.00ns)   --->   "%specmemcore_ln808 = specmemcore void @_ssdm_op_SpecMemCore, i32 %crcTables_10, i64 666, i64 18, i64 18446744073709551615" [/home/efrink/mled/split_cu/U280_CRC_Accelerator/src/kernel.cpp:808]   --->   Operation 110 'specmemcore' 'specmemcore_ln808' <Predicate = true> <Delay = 0.00>
ST_5 : Operation 111 [1/1] (0.00ns)   --->   "%specmemcore_ln808 = specmemcore void @_ssdm_op_SpecMemCore, i32 %crcTables_9, i64 666, i64 18, i64 18446744073709551615" [/home/efrink/mled/split_cu/U280_CRC_Accelerator/src/kernel.cpp:808]   --->   Operation 111 'specmemcore' 'specmemcore_ln808' <Predicate = true> <Delay = 0.00>
ST_5 : Operation 112 [1/1] (0.00ns)   --->   "%specmemcore_ln808 = specmemcore void @_ssdm_op_SpecMemCore, i32 %crcTables_8, i64 666, i64 18, i64 18446744073709551615" [/home/efrink/mled/split_cu/U280_CRC_Accelerator/src/kernel.cpp:808]   --->   Operation 112 'specmemcore' 'specmemcore_ln808' <Predicate = true> <Delay = 0.00>
ST_5 : Operation 113 [1/1] (0.00ns)   --->   "%specmemcore_ln808 = specmemcore void @_ssdm_op_SpecMemCore, i32 %crcTables_7, i64 666, i64 18, i64 18446744073709551615" [/home/efrink/mled/split_cu/U280_CRC_Accelerator/src/kernel.cpp:808]   --->   Operation 113 'specmemcore' 'specmemcore_ln808' <Predicate = true> <Delay = 0.00>
ST_5 : Operation 114 [1/1] (0.00ns)   --->   "%specmemcore_ln808 = specmemcore void @_ssdm_op_SpecMemCore, i32 %crcTables_6, i64 666, i64 18, i64 18446744073709551615" [/home/efrink/mled/split_cu/U280_CRC_Accelerator/src/kernel.cpp:808]   --->   Operation 114 'specmemcore' 'specmemcore_ln808' <Predicate = true> <Delay = 0.00>
ST_5 : Operation 115 [1/1] (0.00ns)   --->   "%specmemcore_ln808 = specmemcore void @_ssdm_op_SpecMemCore, i32 %crcTables_5, i64 666, i64 18, i64 18446744073709551615" [/home/efrink/mled/split_cu/U280_CRC_Accelerator/src/kernel.cpp:808]   --->   Operation 115 'specmemcore' 'specmemcore_ln808' <Predicate = true> <Delay = 0.00>
ST_5 : Operation 116 [1/1] (0.00ns)   --->   "%specmemcore_ln808 = specmemcore void @_ssdm_op_SpecMemCore, i32 %crcTables_4, i64 666, i64 18, i64 18446744073709551615" [/home/efrink/mled/split_cu/U280_CRC_Accelerator/src/kernel.cpp:808]   --->   Operation 116 'specmemcore' 'specmemcore_ln808' <Predicate = true> <Delay = 0.00>
ST_5 : Operation 117 [1/1] (0.00ns)   --->   "%specmemcore_ln808 = specmemcore void @_ssdm_op_SpecMemCore, i32 %crcTables_3, i64 666, i64 18, i64 18446744073709551615" [/home/efrink/mled/split_cu/U280_CRC_Accelerator/src/kernel.cpp:808]   --->   Operation 117 'specmemcore' 'specmemcore_ln808' <Predicate = true> <Delay = 0.00>
ST_5 : Operation 118 [1/1] (0.00ns)   --->   "%specmemcore_ln808 = specmemcore void @_ssdm_op_SpecMemCore, i32 %crcTables_2, i64 666, i64 18, i64 18446744073709551615" [/home/efrink/mled/split_cu/U280_CRC_Accelerator/src/kernel.cpp:808]   --->   Operation 118 'specmemcore' 'specmemcore_ln808' <Predicate = true> <Delay = 0.00>
ST_5 : Operation 119 [1/1] (0.00ns)   --->   "%specmemcore_ln808 = specmemcore void @_ssdm_op_SpecMemCore, i32 %crcTables_1, i64 666, i64 18, i64 18446744073709551615" [/home/efrink/mled/split_cu/U280_CRC_Accelerator/src/kernel.cpp:808]   --->   Operation 119 'specmemcore' 'specmemcore_ln808' <Predicate = true> <Delay = 0.00>
ST_5 : Operation 120 [1/1] (0.00ns)   --->   "%specmemcore_ln808 = specmemcore void @_ssdm_op_SpecMemCore, i32 %crcTables, i64 666, i64 18, i64 18446744073709551615" [/home/efrink/mled/split_cu/U280_CRC_Accelerator/src/kernel.cpp:808]   --->   Operation 120 'specmemcore' 'specmemcore_ln808' <Predicate = true> <Delay = 0.00>
ST_5 : Operation 121 [1/1] (0.00ns)   --->   "%specmemcore_ln808 = specmemcore void @_ssdm_op_SpecMemCore, i32 %crcTables_15, i64 666, i64 18, i64 18446744073709551615" [/home/efrink/mled/split_cu/U280_CRC_Accelerator/src/kernel.cpp:808]   --->   Operation 121 'specmemcore' 'specmemcore_ln808' <Predicate = true> <Delay = 0.00>
ST_5 : Operation 122 [1/1] (0.00ns)   --->   "%specmemcore_ln808 = specmemcore void @_ssdm_op_SpecMemCore, i32 %crcTables_14, i64 666, i64 18, i64 18446744073709551615" [/home/efrink/mled/split_cu/U280_CRC_Accelerator/src/kernel.cpp:808]   --->   Operation 122 'specmemcore' 'specmemcore_ln808' <Predicate = true> <Delay = 0.00>
ST_5 : Operation 123 [1/1] (0.00ns)   --->   "%specmemcore_ln808 = specmemcore void @_ssdm_op_SpecMemCore, i32 %crcTables_13, i64 666, i64 18, i64 18446744073709551615" [/home/efrink/mled/split_cu/U280_CRC_Accelerator/src/kernel.cpp:808]   --->   Operation 123 'specmemcore' 'specmemcore_ln808' <Predicate = true> <Delay = 0.00>
ST_5 : Operation 124 [1/1] (0.00ns)   --->   "%specmemcore_ln808 = specmemcore void @_ssdm_op_SpecMemCore, i32 %crcTables_12, i64 666, i64 18, i64 18446744073709551615" [/home/efrink/mled/split_cu/U280_CRC_Accelerator/src/kernel.cpp:808]   --->   Operation 124 'specmemcore' 'specmemcore_ln808' <Predicate = true> <Delay = 0.00>
ST_5 : Operation 125 [1/1] (0.00ns)   --->   "%specmemcore_ln808 = specmemcore void @_ssdm_op_SpecMemCore, i32 %crcTables_11, i64 666, i64 18, i64 18446744073709551615" [/home/efrink/mled/split_cu/U280_CRC_Accelerator/src/kernel.cpp:808]   --->   Operation 125 'specmemcore' 'specmemcore_ln808' <Predicate = true> <Delay = 0.00>
ST_5 : Operation 126 [1/1] (0.00ns)   --->   "%specmemcore_ln808 = specmemcore void @_ssdm_op_SpecMemCore, i32 %crcTables_10, i64 666, i64 18, i64 18446744073709551615" [/home/efrink/mled/split_cu/U280_CRC_Accelerator/src/kernel.cpp:808]   --->   Operation 126 'specmemcore' 'specmemcore_ln808' <Predicate = true> <Delay = 0.00>
ST_5 : Operation 127 [1/1] (0.00ns)   --->   "%specmemcore_ln808 = specmemcore void @_ssdm_op_SpecMemCore, i32 %crcTables_9, i64 666, i64 18, i64 18446744073709551615" [/home/efrink/mled/split_cu/U280_CRC_Accelerator/src/kernel.cpp:808]   --->   Operation 127 'specmemcore' 'specmemcore_ln808' <Predicate = true> <Delay = 0.00>
ST_5 : Operation 128 [1/1] (0.00ns)   --->   "%specmemcore_ln808 = specmemcore void @_ssdm_op_SpecMemCore, i32 %crcTables_8, i64 666, i64 18, i64 18446744073709551615" [/home/efrink/mled/split_cu/U280_CRC_Accelerator/src/kernel.cpp:808]   --->   Operation 128 'specmemcore' 'specmemcore_ln808' <Predicate = true> <Delay = 0.00>
ST_5 : Operation 129 [1/1] (0.00ns)   --->   "%specmemcore_ln808 = specmemcore void @_ssdm_op_SpecMemCore, i32 %crcTables_7, i64 666, i64 18, i64 18446744073709551615" [/home/efrink/mled/split_cu/U280_CRC_Accelerator/src/kernel.cpp:808]   --->   Operation 129 'specmemcore' 'specmemcore_ln808' <Predicate = true> <Delay = 0.00>
ST_5 : Operation 130 [1/1] (0.00ns)   --->   "%specmemcore_ln808 = specmemcore void @_ssdm_op_SpecMemCore, i32 %crcTables_6, i64 666, i64 18, i64 18446744073709551615" [/home/efrink/mled/split_cu/U280_CRC_Accelerator/src/kernel.cpp:808]   --->   Operation 130 'specmemcore' 'specmemcore_ln808' <Predicate = true> <Delay = 0.00>
ST_5 : Operation 131 [1/1] (0.00ns)   --->   "%specmemcore_ln808 = specmemcore void @_ssdm_op_SpecMemCore, i32 %crcTables_5, i64 666, i64 18, i64 18446744073709551615" [/home/efrink/mled/split_cu/U280_CRC_Accelerator/src/kernel.cpp:808]   --->   Operation 131 'specmemcore' 'specmemcore_ln808' <Predicate = true> <Delay = 0.00>
ST_5 : Operation 132 [1/1] (0.00ns)   --->   "%specmemcore_ln808 = specmemcore void @_ssdm_op_SpecMemCore, i32 %crcTables_4, i64 666, i64 18, i64 18446744073709551615" [/home/efrink/mled/split_cu/U280_CRC_Accelerator/src/kernel.cpp:808]   --->   Operation 132 'specmemcore' 'specmemcore_ln808' <Predicate = true> <Delay = 0.00>
ST_5 : Operation 133 [1/1] (0.00ns)   --->   "%specmemcore_ln808 = specmemcore void @_ssdm_op_SpecMemCore, i32 %crcTables_3, i64 666, i64 18, i64 18446744073709551615" [/home/efrink/mled/split_cu/U280_CRC_Accelerator/src/kernel.cpp:808]   --->   Operation 133 'specmemcore' 'specmemcore_ln808' <Predicate = true> <Delay = 0.00>
ST_5 : Operation 134 [1/1] (0.00ns)   --->   "%specmemcore_ln808 = specmemcore void @_ssdm_op_SpecMemCore, i32 %crcTables_2, i64 666, i64 18, i64 18446744073709551615" [/home/efrink/mled/split_cu/U280_CRC_Accelerator/src/kernel.cpp:808]   --->   Operation 134 'specmemcore' 'specmemcore_ln808' <Predicate = true> <Delay = 0.00>
ST_5 : Operation 135 [1/1] (0.00ns)   --->   "%specmemcore_ln808 = specmemcore void @_ssdm_op_SpecMemCore, i32 %crcTables_1, i64 666, i64 18, i64 18446744073709551615" [/home/efrink/mled/split_cu/U280_CRC_Accelerator/src/kernel.cpp:808]   --->   Operation 135 'specmemcore' 'specmemcore_ln808' <Predicate = true> <Delay = 0.00>
ST_5 : Operation 136 [1/1] (0.00ns)   --->   "%specmemcore_ln808 = specmemcore void @_ssdm_op_SpecMemCore, i32 %crcTables, i64 666, i64 18, i64 18446744073709551615" [/home/efrink/mled/split_cu/U280_CRC_Accelerator/src/kernel.cpp:808]   --->   Operation 136 'specmemcore' 'specmemcore_ln808' <Predicate = true> <Delay = 0.00>
ST_5 : Operation 137 [1/2] (0.00ns)   --->   "%call_ln808 = call void @crc_dataflow_region, i128 %gmem0, i64 %data_in_read, i64 %crc_out_read, i32 %crcTables, i32 %crcTables_1, i32 %crcTables_2, i32 %crcTables_3, i32 %crcTables_4, i32 %crcTables_5, i32 %crcTables_6, i32 %crcTables_7, i32 %crcTables_8, i32 %crcTables_9, i32 %crcTables_10, i32 %crcTables_11, i32 %crcTables_12, i32 %crcTables_13, i32 %crcTables_14, i32 %crcTables_15, i32 %numChunks_read, i32 %chunkSize_read, i32 %crc_size_read, i32 %init_value_read" [/home/efrink/mled/split_cu/U280_CRC_Accelerator/src/kernel.cpp:808]   --->   Operation 137 'call' 'call_ln808' <Predicate = true> <Delay = 0.00> <CoreType = "Generic">   --->   Core 0 '' <Latency = 0> <II = 1> <Delay = 1.00> <Generic> <Opcode : >
ST_5 : Operation 138 [1/1] (0.00ns)   --->   "%ret_ln827 = ret" [/home/efrink/mled/split_cu/U280_CRC_Accelerator/src/kernel.cpp:827]   --->   Operation 138 'ret' 'ret_ln827' <Predicate = true> <Delay = 0.00>


============================================================
+ Verbose Summary: Timing violations
============================================================
Target clock period: 3.33ns, clock uncertainty: 0.9ns.

 <State 1>: 1ns
The critical path consists of the following:
	s_axi read operation ('tables') on port 'tables' [39]  (1 ns)

 <State 2>: 2.43ns
The critical path consists of the following:
	'call' operation ('call_ln806', /home/efrink/mled/split_cu/U280_CRC_Accelerator/src/kernel.cpp:806) to 'load_crc_tables' [90]  (2.43 ns)

 <State 3>: 1ns
The critical path consists of the following:
	wire read operation ('init_value') on port 'init_value' [35]  (1 ns)

 <State 4>: 2.43ns
The critical path consists of the following:
	'call' operation ('call_ln808', /home/efrink/mled/split_cu/U280_CRC_Accelerator/src/kernel.cpp:808) to 'crc_dataflow_region' [139]  (2.43 ns)

 <State 5>: 0ns
The critical path consists of the following:


============================================================
+ Verbose Summary: Binding
============================================================
N/A
* FSMD analyzer results:
  - Output states:
 - Input state : 
  - Chain level:
	State 1
	State 2
	State 3
	State 4
	State 5


============================================================
+ Verbose Summary: Datapath Resource usage 
============================================================
N/A
