

================================================================
== Vitis HLS Report for 'crc_process_full_blocks'
================================================================
* Date:           Thu Apr  2 18:17:06 2026

* Version:        2022.1 (Build 3526262 on Mon Apr 18 15:47:01 MDT 2022)
* Project:        calculate_crc
* Solution:       solution (Vitis Kernel Flow Target)
* Product family: virtexuplus
* Target device:  xcu280-fsvh2892-2L-e


================================================================
== Performance Estimates
================================================================
+ Timing: 
    * Summary: 
    +--------+---------+----------+------------+
    |  Clock |  Target | Estimated| Uncertainty|
    +--------+---------+----------+------------+
    |ap_clk  |  3.33 ns|  2.413 ns|     0.90 ns|
    +--------+---------+----------+------------+

+ Latency: 
    * Summary: 
    +---------+---------+----------+----------+-----+-----+---------+
    |  Latency (cycles) |  Latency (absolute) |  Interval | Pipeline|
    |   min   |   max   |    min   |    max   | min | max |   Type  |
    +---------+---------+----------+----------+-----+-----+---------+
    |        1|        ?|  3.333 ns|         ?|    1|    ?|       no|
    +---------+---------+----------+----------+-----+-----+---------+

    + Detail: 
        * Instance: 
        +-------------------------------------------------------------+--------------------------------------------------+---------+---------+-----------+----------+-----+-----+---------+
        |                                                             |                                                  |  Latency (cycles) |  Latency (absolute)  |  Interval | Pipeline|
        |                           Instance                          |                      Module                      |   min   |   max   |    min    |    max   | min | max |   Type  |
        +-------------------------------------------------------------+--------------------------------------------------+---------+---------+-----------+----------+-----+-----+---------+
        |grp_crc_process_full_blocks_Pipeline_full_block_loop_fu_131  |crc_process_full_blocks_Pipeline_full_block_loop  |        5|        ?|  16.665 ns|         ?|    5|    ?|       no|
        +-------------------------------------------------------------+--------------------------------------------------+---------+---------+-----------+----------+-----+-----+---------+

        * Loop: 
        N/A



================================================================
== Utilization Estimates
================================================================
* Summary: 
+---------------------+---------+------+---------+---------+-----+
|         Name        | BRAM_18K|  DSP |    FF   |   LUT   | URAM|
+---------------------+---------+------+---------+---------+-----+
|DSP                  |        -|     -|        -|        -|    -|
|Expression           |        -|     -|        0|       18|    -|
|FIFO                 |        -|     -|        -|        -|    -|
|Instance             |        -|     -|      293|      801|    -|
|Memory               |        -|     -|        -|        -|    -|
|Multiplexer          |        -|     -|        -|      191|    -|
|Register             |        -|     -|       97|        -|    -|
+---------------------+---------+------+---------+---------+-----+
|Total                |        0|     0|      390|     1010|    0|
+---------------------+---------+------+---------+---------+-----+
|Available SLR        |     1344|  3008|   869120|   434560|  320|
+---------------------+---------+------+---------+---------+-----+
|Utilization SLR (%)  |        0|     0|       ~0|       ~0|    0|
+---------------------+---------+------+---------+---------+-----+
|Available            |     4032|  9024|  2607360|  1303680|  960|
+---------------------+---------+------+---------+---------+-----+
|Utilization (%)      |        0|     0|       ~0|       ~0|    0|
+---------------------+---------+------+---------+---------+-----+

+ Detail: 
    * Instance: 
    +-------------------------------------------------------------+--------------------------------------------------+---------+----+-----+-----+-----+
    |                           Instance                          |                      Module                      | BRAM_18K| DSP|  FF | LUT | URAM|
    +-------------------------------------------------------------+--------------------------------------------------+---------+----+-----+-----+-----+
    |grp_crc_process_full_blocks_Pipeline_full_block_loop_fu_131  |crc_process_full_blocks_Pipeline_full_block_loop  |        0|   0|  293|  801|    0|
    +-------------------------------------------------------------+--------------------------------------------------+---------+----+-----+-----+-----+
    |Total                                                        |                                                  |        0|   0|  293|  801|    0|
    +-------------------------------------------------------------+--------------------------------------------------+---------+----+-----+-----+-----+

    * DSP: 
    N/A

    * Memory: 
    N/A

    * FIFO: 
    N/A

    * Expression: 
    +----------------------+----------+----+---+----+------------+------------+
    |     Variable Name    | Operation| DSP| FF| LUT| Bitwidth P0| Bitwidth P1|
    +----------------------+----------+----+---+----+------------+------------+
    |icmp_ln391_fu_210_p2  |      icmp|   0|  0|  18|          29|           1|
    +----------------------+----------+----+---+----+------------+------------+
    |Total                 |          |   0|  0|  18|          29|           1|
    +----------------------+----------+----+---+----+------------+------------+

    * Multiplexer: 
    +------------------------------------+----+-----------+-----+-----------+
    |                Name                | LUT| Input Size| Bits| Total Bits|
    +------------------------------------+----+-----------+-----+-----------+
    |ap_NS_fsm                           |  20|          4|    1|          4|
    |ap_phi_mux_crc_buf_0_phi_fu_125_p4  |   9|          2|   32|         64|
    |ap_return                           |   9|          2|   32|         64|
    |crc_buf_0_reg_122                   |   9|          2|   32|         64|
    |inByte017_read                      |   9|          2|    1|          2|
    |inByte1027_read                     |   9|          2|    1|          2|
    |inByte1128_read                     |   9|          2|    1|          2|
    |inByte118_read                      |   9|          2|    1|          2|
    |inByte1229_read                     |   9|          2|    1|          2|
    |inByte1330_read                     |   9|          2|    1|          2|
    |inByte1431_read                     |   9|          2|    1|          2|
    |inByte1532_read                     |   9|          2|    1|          2|
    |inByte219_read                      |   9|          2|    1|          2|
    |inByte320_read                      |   9|          2|    1|          2|
    |inByte421_read                      |   9|          2|    1|          2|
    |inByte522_read                      |   9|          2|    1|          2|
    |inByte623_read                      |   9|          2|    1|          2|
    |inByte724_read                      |   9|          2|    1|          2|
    |inByte825_read                      |   9|          2|    1|          2|
    |inByte926_read                      |   9|          2|    1|          2|
    +------------------------------------+----+-----------+-----+-----------+
    |Total                               | 191|         42|  113|        228|
    +------------------------------------+----+-----------+-----+-----------+

    * Register: 
    +--------------------------------------------------------------------------+----+----+-----+-----------+
    |                                   Name                                   | FF | LUT| Bits| Const Bits|
    +--------------------------------------------------------------------------+----+----+-----+-----------+
    |ap_CS_fsm                                                                 |   3|   0|    3|          0|
    |ap_return_preg                                                            |  32|   0|   32|          0|
    |crc_buf_0_reg_122                                                         |  32|   0|   32|          0|
    |empty_reg_231                                                             |  28|   0|   28|          0|
    |grp_crc_process_full_blocks_Pipeline_full_block_loop_fu_131_ap_start_reg  |   1|   0|    1|          0|
    |icmp_ln391_reg_242                                                        |   1|   0|    1|          0|
    +--------------------------------------------------------------------------+----+----+-----+-----------+
    |Total                                                                     |  97|   0|   97|          0|
    +--------------------------------------------------------------------------+----+----+-----+-----------+



================================================================
== Interface
================================================================
* Summary: 
+---------------------------+-----+-----+------------+-------------------------+--------------+
|         RTL Ports         | Dir | Bits|  Protocol  |      Source Object      |    C Type    |
+---------------------------+-----+-----+------------+-------------------------+--------------+
|ap_clk                     |   in|    1|  ap_ctrl_hs|  crc_process_full_blocks|  return value|
|ap_rst                     |   in|    1|  ap_ctrl_hs|  crc_process_full_blocks|  return value|
|ap_start                   |   in|    1|  ap_ctrl_hs|  crc_process_full_blocks|  return value|
|ap_done                    |  out|    1|  ap_ctrl_hs|  crc_process_full_blocks|  return value|
|ap_idle                    |  out|    1|  ap_ctrl_hs|  crc_process_full_blocks|  return value|
|ap_ready                   |  out|    1|  ap_ctrl_hs|  crc_process_full_blocks|  return value|
|ap_return                  |  out|   32|  ap_ctrl_hs|  crc_process_full_blocks|  return value|
|crcTables_0_address0       |  out|    8|   ap_memory|              crcTables_0|         array|
|crcTables_0_ce0            |  out|    1|   ap_memory|              crcTables_0|         array|
|crcTables_0_q0             |   in|   32|   ap_memory|              crcTables_0|         array|
|crcTables_1_address0       |  out|    8|   ap_memory|              crcTables_1|         array|
|crcTables_1_ce0            |  out|    1|   ap_memory|              crcTables_1|         array|
|crcTables_1_q0             |   in|   32|   ap_memory|              crcTables_1|         array|
|crcTables_2_address0       |  out|    8|   ap_memory|              crcTables_2|         array|
|crcTables_2_ce0            |  out|    1|   ap_memory|              crcTables_2|         array|
|crcTables_2_q0             |   in|   32|   ap_memory|              crcTables_2|         array|
|crcTables_3_address0       |  out|    8|   ap_memory|              crcTables_3|         array|
|crcTables_3_ce0            |  out|    1|   ap_memory|              crcTables_3|         array|
|crcTables_3_q0             |   in|   32|   ap_memory|              crcTables_3|         array|
|crcTables_4_address0       |  out|    8|   ap_memory|              crcTables_4|         array|
|crcTables_4_ce0            |  out|    1|   ap_memory|              crcTables_4|         array|
|crcTables_4_q0             |   in|   32|   ap_memory|              crcTables_4|         array|
|crcTables_5_address0       |  out|    8|   ap_memory|              crcTables_5|         array|
|crcTables_5_ce0            |  out|    1|   ap_memory|              crcTables_5|         array|
|crcTables_5_q0             |   in|   32|   ap_memory|              crcTables_5|         array|
|crcTables_6_address0       |  out|    8|   ap_memory|              crcTables_6|         array|
|crcTables_6_ce0            |  out|    1|   ap_memory|              crcTables_6|         array|
|crcTables_6_q0             |   in|   32|   ap_memory|              crcTables_6|         array|
|crcTables_7_address0       |  out|    8|   ap_memory|              crcTables_7|         array|
|crcTables_7_ce0            |  out|    1|   ap_memory|              crcTables_7|         array|
|crcTables_7_q0             |   in|   32|   ap_memory|              crcTables_7|         array|
|crcTables_8_address0       |  out|    8|   ap_memory|              crcTables_8|         array|
|crcTables_8_ce0            |  out|    1|   ap_memory|              crcTables_8|         array|
|crcTables_8_q0             |   in|   32|   ap_memory|              crcTables_8|         array|
|crcTables_9_address0       |  out|    8|   ap_memory|              crcTables_9|         array|
|crcTables_9_ce0            |  out|    1|   ap_memory|              crcTables_9|         array|
|crcTables_9_q0             |   in|   32|   ap_memory|              crcTables_9|         array|
|crcTables_10_address0      |  out|    8|   ap_memory|             crcTables_10|         array|
|crcTables_10_ce0           |  out|    1|   ap_memory|             crcTables_10|         array|
|crcTables_10_q0            |   in|   32|   ap_memory|             crcTables_10|         array|
|crcTables_11_address0      |  out|    8|   ap_memory|             crcTables_11|         array|
|crcTables_11_ce0           |  out|    1|   ap_memory|             crcTables_11|         array|
|crcTables_11_q0            |   in|   32|   ap_memory|             crcTables_11|         array|
|crcTables_12_address0      |  out|    8|   ap_memory|             crcTables_12|         array|
|crcTables_12_ce0           |  out|    1|   ap_memory|             crcTables_12|         array|
|crcTables_12_q0            |   in|   32|   ap_memory|             crcTables_12|         array|
|crcTables_13_address0      |  out|    8|   ap_memory|             crcTables_13|         array|
|crcTables_13_ce0           |  out|    1|   ap_memory|             crcTables_13|         array|
|crcTables_13_q0            |   in|   32|   ap_memory|             crcTables_13|         array|
|crcTables_14_address0      |  out|    8|   ap_memory|             crcTables_14|         array|
|crcTables_14_ce0           |  out|    1|   ap_memory|             crcTables_14|         array|
|crcTables_14_q0            |   in|   32|   ap_memory|             crcTables_14|         array|
|crcTables_15_address0      |  out|    8|   ap_memory|             crcTables_15|         array|
|crcTables_15_ce0           |  out|    1|   ap_memory|             crcTables_15|         array|
|crcTables_15_q0            |   in|   32|   ap_memory|             crcTables_15|         array|
|inByte017_dout             |   in|    8|     ap_fifo|                inByte017|       pointer|
|inByte017_num_data_valid   |   in|    7|     ap_fifo|                inByte017|       pointer|
|inByte017_fifo_cap         |   in|    7|     ap_fifo|                inByte017|       pointer|
|inByte017_empty_n          |   in|    1|     ap_fifo|                inByte017|       pointer|
|inByte017_read             |  out|    1|     ap_fifo|                inByte017|       pointer|
|inByte118_dout             |   in|    8|     ap_fifo|                inByte118|       pointer|
|inByte118_num_data_valid   |   in|    7|     ap_fifo|                inByte118|       pointer|
|inByte118_fifo_cap         |   in|    7|     ap_fifo|                inByte118|       pointer|
|inByte118_empty_n          |   in|    1|     ap_fifo|                inByte118|       pointer|
|inByte118_read             |  out|    1|     ap_fifo|                inByte118|       pointer|
|inByte219_dout             |   in|    8|     ap_fifo|                inByte219|       pointer|
|inByte219_num_data_valid   |   in|    7|     ap_fifo|                inByte219|       pointer|
|inByte219_fifo_cap         |   in|    7|     ap_fifo|                inByte219|       pointer|
|inByte219_empty_n          |   in|    1|     ap_fifo|                inByte219|       pointer|
|inByte219_read             |  out|    1|     ap_fifo|                inByte219|       pointer|
|inByte320_dout             |   in|    8|     ap_fifo|                inByte320|       pointer|
|inByte320_num_data_valid   |   in|    7|     ap_fifo|                inByte320|       pointer|
|inByte320_fifo_cap         |   in|    7|     ap_fifo|                inByte320|       pointer|
|inByte320_empty_n          |   in|    1|     ap_fifo|                inByte320|       pointer|
|inByte320_read             |  out|    1|     ap_fifo|                inByte320|       pointer|
|inByte421_dout             |   in|    8|     ap_fifo|                inByte421|       pointer|
|inByte421_num_data_valid   |   in|    7|     ap_fifo|                inByte421|       pointer|
|inByte421_fifo_cap         |   in|    7|     ap_fifo|                inByte421|       pointer|
|inByte421_empty_n          |   in|    1|     ap_fifo|                inByte421|       pointer|
|inByte421_read             |  out|    1|     ap_fifo|                inByte421|       pointer|
|inByte522_dout             |   in|    8|     ap_fifo|                inByte522|       pointer|
|inByte522_num_data_valid   |   in|    7|     ap_fifo|                inByte522|       pointer|
|inByte522_fifo_cap         |   in|    7|     ap_fifo|                inByte522|       pointer|
|inByte522_empty_n          |   in|    1|     ap_fifo|                inByte522|       pointer|
|inByte522_read             |  out|    1|     ap_fifo|                inByte522|       pointer|
|inByte623_dout             |   in|    8|     ap_fifo|                inByte623|       pointer|
|inByte623_num_data_valid   |   in|    7|     ap_fifo|                inByte623|       pointer|
|inByte623_fifo_cap         |   in|    7|     ap_fifo|                inByte623|       pointer|
|inByte623_empty_n          |   in|    1|     ap_fifo|                inByte623|       pointer|
|inByte623_read             |  out|    1|     ap_fifo|                inByte623|       pointer|
|inByte724_dout             |   in|    8|     ap_fifo|                inByte724|       pointer|
|inByte724_num_data_valid   |   in|    7|     ap_fifo|                inByte724|       pointer|
|inByte724_fifo_cap         |   in|    7|     ap_fifo|                inByte724|       pointer|
|inByte724_empty_n          |   in|    1|     ap_fifo|                inByte724|       pointer|
|inByte724_read             |  out|    1|     ap_fifo|                inByte724|       pointer|
|inByte825_dout             |   in|    8|     ap_fifo|                inByte825|       pointer|
|inByte825_num_data_valid   |   in|    7|     ap_fifo|                inByte825|       pointer|
|inByte825_fifo_cap         |   in|    7|     ap_fifo|                inByte825|       pointer|
|inByte825_empty_n          |   in|    1|     ap_fifo|                inByte825|       pointer|
|inByte825_read             |  out|    1|     ap_fifo|                inByte825|       pointer|
|inByte926_dout             |   in|    8|     ap_fifo|                inByte926|       pointer|
|inByte926_num_data_valid   |   in|    7|     ap_fifo|                inByte926|       pointer|
|inByte926_fifo_cap         |   in|    7|     ap_fifo|                inByte926|       pointer|
|inByte926_empty_n          |   in|    1|     ap_fifo|                inByte926|       pointer|
|inByte926_read             |  out|    1|     ap_fifo|                inByte926|       pointer|
|inByte1027_dout            |   in|    8|     ap_fifo|               inByte1027|       pointer|
|inByte1027_num_data_valid  |   in|    7|     ap_fifo|               inByte1027|       pointer|
|inByte1027_fifo_cap        |   in|    7|     ap_fifo|               inByte1027|       pointer|
|inByte1027_empty_n         |   in|    1|     ap_fifo|               inByte1027|       pointer|
|inByte1027_read            |  out|    1|     ap_fifo|               inByte1027|       pointer|
|inByte1128_dout            |   in|    8|     ap_fifo|               inByte1128|       pointer|
|inByte1128_num_data_valid  |   in|    7|     ap_fifo|               inByte1128|       pointer|
|inByte1128_fifo_cap        |   in|    7|     ap_fifo|               inByte1128|       pointer|
|inByte1128_empty_n         |   in|    1|     ap_fifo|               inByte1128|       pointer|
|inByte1128_read            |  out|    1|     ap_fifo|               inByte1128|       pointer|
|inByte1229_dout            |   in|    8|     ap_fifo|               inByte1229|       pointer|
|inByte1229_num_data_valid  |   in|    7|     ap_fifo|               inByte1229|       pointer|
|inByte1229_fifo_cap        |   in|    7|     ap_fifo|               inByte1229|       pointer|
|inByte1229_empty_n         |   in|    1|     ap_fifo|               inByte1229|       pointer|
|inByte1229_read            |  out|    1|     ap_fifo|               inByte1229|       pointer|
|inByte1330_dout            |   in|    8|     ap_fifo|               inByte1330|       pointer|
|inByte1330_num_data_valid  |   in|    7|     ap_fifo|               inByte1330|       pointer|
|inByte1330_fifo_cap        |   in|    7|     ap_fifo|               inByte1330|       pointer|
|inByte1330_empty_n         |   in|    1|     ap_fifo|               inByte1330|       pointer|
|inByte1330_read            |  out|    1|     ap_fifo|               inByte1330|       pointer|
|inByte1431_dout            |   in|    8|     ap_fifo|               inByte1431|       pointer|
|inByte1431_num_data_valid  |   in|    7|     ap_fifo|               inByte1431|       pointer|
|inByte1431_fifo_cap        |   in|    7|     ap_fifo|               inByte1431|       pointer|
|inByte1431_empty_n         |   in|    1|     ap_fifo|               inByte1431|       pointer|
|inByte1431_read            |  out|    1|     ap_fifo|               inByte1431|       pointer|
|inByte1532_dout            |   in|    8|     ap_fifo|               inByte1532|       pointer|
|inByte1532_num_data_valid  |   in|    7|     ap_fifo|               inByte1532|       pointer|
|inByte1532_fifo_cap        |   in|    7|     ap_fifo|               inByte1532|       pointer|
|inByte1532_empty_n         |   in|    1|     ap_fifo|               inByte1532|       pointer|
|inByte1532_read            |  out|    1|     ap_fifo|               inByte1532|       pointer|
|blocks_in_chunk            |   in|   29|     ap_none|          blocks_in_chunk|        scalar|
|crc                        |   in|   32|     ap_none|                      crc|        scalar|
|mask                       |   in|   32|     ap_none|                     mask|        scalar|
+---------------------------+-----+-----+------------+-------------------------+--------------+

============================================================
+ Verbose Summary: Synthesis Manager
============================================================
InlineROM: 1
ExposeGlobal: 0
============================================================
+ Verbose Summary: CDFG Model
============================================================
IsTopModel: 0
ResetActiveHigh: 1
IsCombinational: 2
IsDatapathOnly: 2
HasWiredReturn: 1
HasMFsm: 0
HasVarLatency: 1
IsPipeline: 0
IsRtlPipelined: 0
IsInstanceOverlapped: 0
IsDontTouch: 0
HasImplIP: 0
IsGatedGlobalClock: 0


============================================================
+ Verbose Summary: Schedule
============================================================
* Number of FSM states : 3
* Pipeline : 0
* Dataflow Pipeline: 0

* FSM state transitions: 
1 --> 2 3 
2 --> 3 
3 --> 

* FSM state operations: 

State 1 <SV = 0> <Delay = 2.02>
ST_1 : Operation 4 [1/1] (0.00ns)   --->   "%mask_read = read i32 @_ssdm_op_Read.ap_auto.i32, i32 %mask"   --->   Operation 4 'read' 'mask_read' <Predicate = true> <Delay = 0.00>
ST_1 : Operation 5 [1/1] (0.00ns)   --->   "%crc_read = read i32 @_ssdm_op_Read.ap_auto.i32, i32 %crc"   --->   Operation 5 'read' 'crc_read' <Predicate = true> <Delay = 0.00>
ST_1 : Operation 6 [1/1] (0.00ns)   --->   "%blocks_in_chunk_read = read i29 @_ssdm_op_Read.ap_auto.i29, i29 %blocks_in_chunk"   --->   Operation 6 'read' 'blocks_in_chunk_read' <Predicate = true> <Delay = 0.00>
ST_1 : Operation 7 [1/1] (0.00ns)   --->   "%empty = trunc i29 %blocks_in_chunk_read"   --->   Operation 7 'trunc' 'empty' <Predicate = true> <Delay = 0.00>
ST_1 : Operation 8 [1/1] (0.00ns)   --->   "%p_loc = alloca i64 1"   --->   Operation 8 'alloca' 'p_loc' <Predicate = true> <Delay = 0.00>
ST_1 : Operation 9 [1/1] (0.00ns)   --->   "%specmemcore_ln0 = specmemcore void @_ssdm_op_SpecMemCore, i32 %crcTables_0, i64 666, i64 18, i64 18446744073709551615"   --->   Operation 9 'specmemcore' 'specmemcore_ln0' <Predicate = true> <Delay = 0.00>
ST_1 : Operation 10 [1/1] (0.00ns)   --->   "%specmemcore_ln0 = specmemcore void @_ssdm_op_SpecMemCore, i32 %crcTables_1, i64 666, i64 18, i64 18446744073709551615"   --->   Operation 10 'specmemcore' 'specmemcore_ln0' <Predicate = true> <Delay = 0.00>
ST_1 : Operation 11 [1/1] (0.00ns)   --->   "%specmemcore_ln0 = specmemcore void @_ssdm_op_SpecMemCore, i32 %crcTables_2, i64 666, i64 18, i64 18446744073709551615"   --->   Operation 11 'specmemcore' 'specmemcore_ln0' <Predicate = true> <Delay = 0.00>
ST_1 : Operation 12 [1/1] (0.00ns)   --->   "%specmemcore_ln0 = specmemcore void @_ssdm_op_SpecMemCore, i32 %crcTables_3, i64 666, i64 18, i64 18446744073709551615"   --->   Operation 12 'specmemcore' 'specmemcore_ln0' <Predicate = true> <Delay = 0.00>
ST_1 : Operation 13 [1/1] (0.00ns)   --->   "%specmemcore_ln0 = specmemcore void @_ssdm_op_SpecMemCore, i32 %crcTables_4, i64 666, i64 18, i64 18446744073709551615"   --->   Operation 13 'specmemcore' 'specmemcore_ln0' <Predicate = true> <Delay = 0.00>
ST_1 : Operation 14 [1/1] (0.00ns)   --->   "%specmemcore_ln0 = specmemcore void @_ssdm_op_SpecMemCore, i32 %crcTables_5, i64 666, i64 18, i64 18446744073709551615"   --->   Operation 14 'specmemcore' 'specmemcore_ln0' <Predicate = true> <Delay = 0.00>
ST_1 : Operation 15 [1/1] (0.00ns)   --->   "%specmemcore_ln0 = specmemcore void @_ssdm_op_SpecMemCore, i32 %crcTables_6, i64 666, i64 18, i64 18446744073709551615"   --->   Operation 15 'specmemcore' 'specmemcore_ln0' <Predicate = true> <Delay = 0.00>
ST_1 : Operation 16 [1/1] (0.00ns)   --->   "%specmemcore_ln0 = specmemcore void @_ssdm_op_SpecMemCore, i32 %crcTables_7, i64 666, i64 18, i64 18446744073709551615"   --->   Operation 16 'specmemcore' 'specmemcore_ln0' <Predicate = true> <Delay = 0.00>
ST_1 : Operation 17 [1/1] (0.00ns)   --->   "%specmemcore_ln0 = specmemcore void @_ssdm_op_SpecMemCore, i32 %crcTables_8, i64 666, i64 18, i64 18446744073709551615"   --->   Operation 17 'specmemcore' 'specmemcore_ln0' <Predicate = true> <Delay = 0.00>
ST_1 : Operation 18 [1/1] (0.00ns)   --->   "%specmemcore_ln0 = specmemcore void @_ssdm_op_SpecMemCore, i32 %crcTables_9, i64 666, i64 18, i64 18446744073709551615"   --->   Operation 18 'specmemcore' 'specmemcore_ln0' <Predicate = true> <Delay = 0.00>
ST_1 : Operation 19 [1/1] (0.00ns)   --->   "%specmemcore_ln0 = specmemcore void @_ssdm_op_SpecMemCore, i32 %crcTables_10, i64 666, i64 18, i64 18446744073709551615"   --->   Operation 19 'specmemcore' 'specmemcore_ln0' <Predicate = true> <Delay = 0.00>
ST_1 : Operation 20 [1/1] (0.00ns)   --->   "%specmemcore_ln0 = specmemcore void @_ssdm_op_SpecMemCore, i32 %crcTables_11, i64 666, i64 18, i64 18446744073709551615"   --->   Operation 20 'specmemcore' 'specmemcore_ln0' <Predicate = true> <Delay = 0.00>
ST_1 : Operation 21 [1/1] (0.00ns)   --->   "%specmemcore_ln0 = specmemcore void @_ssdm_op_SpecMemCore, i32 %crcTables_12, i64 666, i64 18, i64 18446744073709551615"   --->   Operation 21 'specmemcore' 'specmemcore_ln0' <Predicate = true> <Delay = 0.00>
ST_1 : Operation 22 [1/1] (0.00ns)   --->   "%specmemcore_ln0 = specmemcore void @_ssdm_op_SpecMemCore, i32 %crcTables_13, i64 666, i64 18, i64 18446744073709551615"   --->   Operation 22 'specmemcore' 'specmemcore_ln0' <Predicate = true> <Delay = 0.00>
ST_1 : Operation 23 [1/1] (0.00ns)   --->   "%specmemcore_ln0 = specmemcore void @_ssdm_op_SpecMemCore, i32 %crcTables_14, i64 666, i64 18, i64 18446744073709551615"   --->   Operation 23 'specmemcore' 'specmemcore_ln0' <Predicate = true> <Delay = 0.00>
ST_1 : Operation 24 [1/1] (0.00ns)   --->   "%specmemcore_ln0 = specmemcore void @_ssdm_op_SpecMemCore, i32 %crcTables_15, i64 666, i64 18, i64 18446744073709551615"   --->   Operation 24 'specmemcore' 'specmemcore_ln0' <Predicate = true> <Delay = 0.00>
ST_1 : Operation 25 [1/1] (0.00ns)   --->   "%specinterface_ln0 = specinterface void @_ssdm_op_SpecInterface, i8 %inByte017, void @empty_3, i32 0, i32 0, void @empty_23, i32 0, i32 0, void @empty_23, void @empty_23, void @empty_23, i32 0, i32 0, i32 0, i32 0, void @empty_23, void @empty_23, i32 4294967295, i32 0"   --->   Operation 25 'specinterface' 'specinterface_ln0' <Predicate = true> <Delay = 0.00>
ST_1 : Operation 26 [1/1] (0.00ns)   --->   "%specinterface_ln0 = specinterface void @_ssdm_op_SpecInterface, i8 %inByte118, void @empty_3, i32 0, i32 0, void @empty_23, i32 0, i32 0, void @empty_23, void @empty_23, void @empty_23, i32 0, i32 0, i32 0, i32 0, void @empty_23, void @empty_23, i32 4294967295, i32 0"   --->   Operation 26 'specinterface' 'specinterface_ln0' <Predicate = true> <Delay = 0.00>
ST_1 : Operation 27 [1/1] (0.00ns)   --->   "%specinterface_ln0 = specinterface void @_ssdm_op_SpecInterface, i8 %inByte219, void @empty_3, i32 0, i32 0, void @empty_23, i32 0, i32 0, void @empty_23, void @empty_23, void @empty_23, i32 0, i32 0, i32 0, i32 0, void @empty_23, void @empty_23, i32 4294967295, i32 0"   --->   Operation 27 'specinterface' 'specinterface_ln0' <Predicate = true> <Delay = 0.00>
ST_1 : Operation 28 [1/1] (0.00ns)   --->   "%specinterface_ln0 = specinterface void @_ssdm_op_SpecInterface, i8 %inByte320, void @empty_3, i32 0, i32 0, void @empty_23, i32 0, i32 0, void @empty_23, void @empty_23, void @empty_23, i32 0, i32 0, i32 0, i32 0, void @empty_23, void @empty_23, i32 4294967295, i32 0"   --->   Operation 28 'specinterface' 'specinterface_ln0' <Predicate = true> <Delay = 0.00>
ST_1 : Operation 29 [1/1] (0.00ns)   --->   "%specinterface_ln0 = specinterface void @_ssdm_op_SpecInterface, i8 %inByte421, void @empty_3, i32 0, i32 0, void @empty_23, i32 0, i32 0, void @empty_23, void @empty_23, void @empty_23, i32 0, i32 0, i32 0, i32 0, void @empty_23, void @empty_23, i32 4294967295, i32 0"   --->   Operation 29 'specinterface' 'specinterface_ln0' <Predicate = true> <Delay = 0.00>
ST_1 : Operation 30 [1/1] (0.00ns)   --->   "%specinterface_ln0 = specinterface void @_ssdm_op_SpecInterface, i8 %inByte522, void @empty_3, i32 0, i32 0, void @empty_23, i32 0, i32 0, void @empty_23, void @empty_23, void @empty_23, i32 0, i32 0, i32 0, i32 0, void @empty_23, void @empty_23, i32 4294967295, i32 0"   --->   Operation 30 'specinterface' 'specinterface_ln0' <Predicate = true> <Delay = 0.00>
ST_1 : Operation 31 [1/1] (0.00ns)   --->   "%specinterface_ln0 = specinterface void @_ssdm_op_SpecInterface, i8 %inByte623, void @empty_3, i32 0, i32 0, void @empty_23, i32 0, i32 0, void @empty_23, void @empty_23, void @empty_23, i32 0, i32 0, i32 0, i32 0, void @empty_23, void @empty_23, i32 4294967295, i32 0"   --->   Operation 31 'specinterface' 'specinterface_ln0' <Predicate = true> <Delay = 0.00>
ST_1 : Operation 32 [1/1] (0.00ns)   --->   "%specinterface_ln0 = specinterface void @_ssdm_op_SpecInterface, i8 %inByte724, void @empty_3, i32 0, i32 0, void @empty_23, i32 0, i32 0, void @empty_23, void @empty_23, void @empty_23, i32 0, i32 0, i32 0, i32 0, void @empty_23, void @empty_23, i32 4294967295, i32 0"   --->   Operation 32 'specinterface' 'specinterface_ln0' <Predicate = true> <Delay = 0.00>
ST_1 : Operation 33 [1/1] (0.00ns)   --->   "%specinterface_ln0 = specinterface void @_ssdm_op_SpecInterface, i8 %inByte825, void @empty_3, i32 0, i32 0, void @empty_23, i32 0, i32 0, void @empty_23, void @empty_23, void @empty_23, i32 0, i32 0, i32 0, i32 0, void @empty_23, void @empty_23, i32 4294967295, i32 0"   --->   Operation 33 'specinterface' 'specinterface_ln0' <Predicate = true> <Delay = 0.00>
ST_1 : Operation 34 [1/1] (0.00ns)   --->   "%specinterface_ln0 = specinterface void @_ssdm_op_SpecInterface, i8 %inByte926, void @empty_3, i32 0, i32 0, void @empty_23, i32 0, i32 0, void @empty_23, void @empty_23, void @empty_23, i32 0, i32 0, i32 0, i32 0, void @empty_23, void @empty_23, i32 4294967295, i32 0"   --->   Operation 34 'specinterface' 'specinterface_ln0' <Predicate = true> <Delay = 0.00>
ST_1 : Operation 35 [1/1] (0.00ns)   --->   "%specinterface_ln0 = specinterface void @_ssdm_op_SpecInterface, i8 %inByte1027, void @empty_3, i32 0, i32 0, void @empty_23, i32 0, i32 0, void @empty_23, void @empty_23, void @empty_23, i32 0, i32 0, i32 0, i32 0, void @empty_23, void @empty_23, i32 4294967295, i32 0"   --->   Operation 35 'specinterface' 'specinterface_ln0' <Predicate = true> <Delay = 0.00>
ST_1 : Operation 36 [1/1] (0.00ns)   --->   "%specinterface_ln0 = specinterface void @_ssdm_op_SpecInterface, i8 %inByte1128, void @empty_3, i32 0, i32 0, void @empty_23, i32 0, i32 0, void @empty_23, void @empty_23, void @empty_23, i32 0, i32 0, i32 0, i32 0, void @empty_23, void @empty_23, i32 4294967295, i32 0"   --->   Operation 36 'specinterface' 'specinterface_ln0' <Predicate = true> <Delay = 0.00>
ST_1 : Operation 37 [1/1] (0.00ns)   --->   "%specinterface_ln0 = specinterface void @_ssdm_op_SpecInterface, i8 %inByte1229, void @empty_3, i32 0, i32 0, void @empty_23, i32 0, i32 0, void @empty_23, void @empty_23, void @empty_23, i32 0, i32 0, i32 0, i32 0, void @empty_23, void @empty_23, i32 4294967295, i32 0"   --->   Operation 37 'specinterface' 'specinterface_ln0' <Predicate = true> <Delay = 0.00>
ST_1 : Operation 38 [1/1] (0.00ns)   --->   "%specinterface_ln0 = specinterface void @_ssdm_op_SpecInterface, i8 %inByte1330, void @empty_3, i32 0, i32 0, void @empty_23, i32 0, i32 0, void @empty_23, void @empty_23, void @empty_23, i32 0, i32 0, i32 0, i32 0, void @empty_23, void @empty_23, i32 4294967295, i32 0"   --->   Operation 38 'specinterface' 'specinterface_ln0' <Predicate = true> <Delay = 0.00>
ST_1 : Operation 39 [1/1] (0.00ns)   --->   "%specinterface_ln0 = specinterface void @_ssdm_op_SpecInterface, i8 %inByte1431, void @empty_3, i32 0, i32 0, void @empty_23, i32 0, i32 0, void @empty_23, void @empty_23, void @empty_23, i32 0, i32 0, i32 0, i32 0, void @empty_23, void @empty_23, i32 4294967295, i32 0"   --->   Operation 39 'specinterface' 'specinterface_ln0' <Predicate = true> <Delay = 0.00>
ST_1 : Operation 40 [1/1] (0.00ns)   --->   "%specinterface_ln0 = specinterface void @_ssdm_op_SpecInterface, i8 %inByte1532, void @empty_3, i32 0, i32 0, void @empty_23, i32 0, i32 0, void @empty_23, void @empty_23, void @empty_23, i32 0, i32 0, i32 0, i32 0, void @empty_23, void @empty_23, i32 4294967295, i32 0"   --->   Operation 40 'specinterface' 'specinterface_ln0' <Predicate = true> <Delay = 0.00>
ST_1 : Operation 41 [1/1] (0.82ns)   --->   "%icmp_ln391 = icmp_sgt  i29 %blocks_in_chunk_read, i29 0" [/home/efrink/mled/split_cu/U280_CRC_Accelerator/src/kernel.cpp:391]   --->   Operation 41 'icmp' 'icmp_ln391' <Predicate = true> <Delay = 0.82> <CoreInst = "Cmp">   --->   Core 9 'Cmp' <Latency = 0> <II = 1> <Delay = 0.82> <FuncUnit> <Opcode : 'icmp'> <InPorts = 2> <OutPorts = 1>
ST_1 : Operation 42 [1/1] (0.38ns)   --->   "%br_ln391 = br i1 %icmp_ln391, void %for.end, void %for.inc.preheader" [/home/efrink/mled/split_cu/U280_CRC_Accelerator/src/kernel.cpp:391]   --->   Operation 42 'br' 'br_ln391' <Predicate = true> <Delay = 0.38>
ST_1 : Operation 43 [1/1] (0.00ns)   --->   "%empty_42 = wait i32 @_ssdm_op_Wait"   --->   Operation 43 'wait' 'empty_42' <Predicate = (icmp_ln391)> <Delay = 0.00>
ST_1 : Operation 44 [2/2] (1.20ns)   --->   "%call_ln0 = call void @crc_process_full_blocks_Pipeline_full_block_loop, i32 %crc_read, i28 %empty, i8 %inByte017, i8 %inByte118, i8 %inByte219, i8 %inByte320, i8 %inByte421, i8 %inByte522, i8 %inByte623, i8 %inByte724, i8 %inByte825, i8 %inByte926, i8 %inByte1027, i8 %inByte1128, i8 %inByte1229, i8 %inByte1330, i8 %inByte1431, i8 %inByte1532, i32 %crcTables_0, i32 %crcTables_1, i32 %crcTables_2, i32 %crcTables_3, i32 %crcTables_4, i32 %crcTables_5, i32 %crcTables_6, i32 %crcTables_7, i32 %crcTables_8, i32 %crcTables_9, i32 %crcTables_10, i32 %crcTables_11, i32 %crcTables_12, i32 %crcTables_13, i32 %crcTables_14, i32 %crcTables_15, i32 %mask_read, i32 %p_loc"   --->   Operation 44 'call' 'call_ln0' <Predicate = (icmp_ln391)> <Delay = 1.20> <CoreType = "Generic">   --->   Core 0 '' <Latency = 0> <II = 1> <Delay = 1.00> <Generic> <Opcode : >

State 2 <SV = 1> <Delay = 0.00>
ST_2 : Operation 45 [1/2] (0.00ns)   --->   "%call_ln0 = call void @crc_process_full_blocks_Pipeline_full_block_loop, i32 %crc_read, i28 %empty, i8 %inByte017, i8 %inByte118, i8 %inByte219, i8 %inByte320, i8 %inByte421, i8 %inByte522, i8 %inByte623, i8 %inByte724, i8 %inByte825, i8 %inByte926, i8 %inByte1027, i8 %inByte1128, i8 %inByte1229, i8 %inByte1330, i8 %inByte1431, i8 %inByte1532, i32 %crcTables_0, i32 %crcTables_1, i32 %crcTables_2, i32 %crcTables_3, i32 %crcTables_4, i32 %crcTables_5, i32 %crcTables_6, i32 %crcTables_7, i32 %crcTables_8, i32 %crcTables_9, i32 %crcTables_10, i32 %crcTables_11, i32 %crcTables_12, i32 %crcTables_13, i32 %crcTables_14, i32 %crcTables_15, i32 %mask_read, i32 %p_loc"   --->   Operation 45 'call' 'call_ln0' <Predicate = true> <Delay = 0.00> <CoreType = "Generic">   --->   Core 0 '' <Latency = 0> <II = 1> <Delay = 1.00> <Generic> <Opcode : >

State 3 <SV = 2> <Delay = 0.38>
ST_3 : Operation 46 [1/1] (0.00ns)   --->   "%p_loc_load = load i32 %p_loc"   --->   Operation 46 'load' 'p_loc_load' <Predicate = (icmp_ln391)> <Delay = 0.00>
ST_3 : Operation 47 [1/1] (0.38ns)   --->   "%br_ln0 = br void %for.end"   --->   Operation 47 'br' 'br_ln0' <Predicate = (icmp_ln391)> <Delay = 0.38>
ST_3 : Operation 48 [1/1] (0.00ns)   --->   "%crc_buf_0 = phi i32 %p_loc_load, void %for.inc.preheader, i32 %crc_read, void %entry"   --->   Operation 48 'phi' 'crc_buf_0' <Predicate = true> <Delay = 0.00>
ST_3 : Operation 49 [1/1] (0.00ns)   --->   "%ret_ln426 = ret i32 %crc_buf_0" [/home/efrink/mled/split_cu/U280_CRC_Accelerator/src/kernel.cpp:426]   --->   Operation 49 'ret' 'ret_ln426' <Predicate = true> <Delay = 0.00>


============================================================
+ Verbose Summary: Binding
============================================================
STG Binding: 
---------------- STG Properties BEGIN ----------------
- Is combinational: 0
- Is one-state seq: 0
- Is datapath-only: 0
- Is pipelined: 0
- Is top level: 0
Port [ Return ] is wired: 1; IO mode=ap_ctrl_hs:ce=0
Port [ crcTables_0]:  wired=1; compound=1; hidden=0; nouse=0; global=0; static=0; extern=0; dir=0; type=1; pingpong=0; private_global=0; MemPort=[1]; IO mode=ap_memory:ce=0
Port [ crcTables_1]:  wired=1; compound=1; hidden=0; nouse=0; global=0; static=0; extern=0; dir=0; type=1; pingpong=0; private_global=0; MemPort=[1]; IO mode=ap_memory:ce=0
Port [ crcTables_2]:  wired=1; compound=1; hidden=0; nouse=0; global=0; static=0; extern=0; dir=0; type=1; pingpong=0; private_global=0; MemPort=[1]; IO mode=ap_memory:ce=0
Port [ crcTables_3]:  wired=1; compound=1; hidden=0; nouse=0; global=0; static=0; extern=0; dir=0; type=1; pingpong=0; private_global=0; MemPort=[1]; IO mode=ap_memory:ce=0
Port [ crcTables_4]:  wired=1; compound=1; hidden=0; nouse=0; global=0; static=0; extern=0; dir=0; type=1; pingpong=0; private_global=0; MemPort=[1]; IO mode=ap_memory:ce=0
Port [ crcTables_5]:  wired=1; compound=1; hidden=0; nouse=0; global=0; static=0; extern=0; dir=0; type=1; pingpong=0; private_global=0; MemPort=[1]; IO mode=ap_memory:ce=0
Port [ crcTables_6]:  wired=1; compound=1; hidden=0; nouse=0; global=0; static=0; extern=0; dir=0; type=1; pingpong=0; private_global=0; MemPort=[1]; IO mode=ap_memory:ce=0
Port [ crcTables_7]:  wired=1; compound=1; hidden=0; nouse=0; global=0; static=0; extern=0; dir=0; type=1; pingpong=0; private_global=0; MemPort=[1]; IO mode=ap_memory:ce=0
Port [ crcTables_8]:  wired=1; compound=1; hidden=0; nouse=0; global=0; static=0; extern=0; dir=0; type=1; pingpong=0; private_global=0; MemPort=[1]; IO mode=ap_memory:ce=0
Port [ crcTables_9]:  wired=1; compound=1; hidden=0; nouse=0; global=0; static=0; extern=0; dir=0; type=1; pingpong=0; private_global=0; MemPort=[1]; IO mode=ap_memory:ce=0
Port [ crcTables_10]:  wired=1; compound=1; hidden=0; nouse=0; global=0; static=0; extern=0; dir=0; type=1; pingpong=0; private_global=0; MemPort=[1]; IO mode=ap_memory:ce=0
Port [ crcTables_11]:  wired=1; compound=1; hidden=0; nouse=0; global=0; static=0; extern=0; dir=0; type=1; pingpong=0; private_global=0; MemPort=[1]; IO mode=ap_memory:ce=0
Port [ crcTables_12]:  wired=1; compound=1; hidden=0; nouse=0; global=0; static=0; extern=0; dir=0; type=1; pingpong=0; private_global=0; MemPort=[1]; IO mode=ap_memory:ce=0
Port [ crcTables_13]:  wired=1; compound=1; hidden=0; nouse=0; global=0; static=0; extern=0; dir=0; type=1; pingpong=0; private_global=0; MemPort=[1]; IO mode=ap_memory:ce=0
Port [ crcTables_14]:  wired=1; compound=1; hidden=0; nouse=0; global=0; static=0; extern=0; dir=0; type=1; pingpong=0; private_global=0; MemPort=[1]; IO mode=ap_memory:ce=0
Port [ crcTables_15]:  wired=1; compound=1; hidden=0; nouse=0; global=0; static=0; extern=0; dir=0; type=1; pingpong=0; private_global=0; MemPort=[1]; IO mode=ap_memory:ce=0
Port [ inByte017]:  wired=1; compound=1; hidden=0; nouse=0; global=0; static=0; extern=0; dir=0; type=3; pingpong=0; private_global=0; IO mode=ap_fifo:ce=0
Port [ inByte118]:  wired=1; compound=1; hidden=0; nouse=0; global=0; static=0; extern=0; dir=0; type=3; pingpong=0; private_global=0; IO mode=ap_fifo:ce=0
Port [ inByte219]:  wired=1; compound=1; hidden=0; nouse=0; global=0; static=0; extern=0; dir=0; type=3; pingpong=0; private_global=0; IO mode=ap_fifo:ce=0
Port [ inByte320]:  wired=1; compound=1; hidden=0; nouse=0; global=0; static=0; extern=0; dir=0; type=3; pingpong=0; private_global=0; IO mode=ap_fifo:ce=0
Port [ inByte421]:  wired=1; compound=1; hidden=0; nouse=0; global=0; static=0; extern=0; dir=0; type=3; pingpong=0; private_global=0; IO mode=ap_fifo:ce=0
Port [ inByte522]:  wired=1; compound=1; hidden=0; nouse=0; global=0; static=0; extern=0; dir=0; type=3; pingpong=0; private_global=0; IO mode=ap_fifo:ce=0
Port [ inByte623]:  wired=1; compound=1; hidden=0; nouse=0; global=0; static=0; extern=0; dir=0; type=3; pingpong=0; private_global=0; IO mode=ap_fifo:ce=0
Port [ inByte724]:  wired=1; compound=1; hidden=0; nouse=0; global=0; static=0; extern=0; dir=0; type=3; pingpong=0; private_global=0; IO mode=ap_fifo:ce=0
Port [ inByte825]:  wired=1; compound=1; hidden=0; nouse=0; global=0; static=0; extern=0; dir=0; type=3; pingpong=0; private_global=0; IO mode=ap_fifo:ce=0
Port [ inByte926]:  wired=1; compound=1; hidden=0; nouse=0; global=0; static=0; extern=0; dir=0; type=3; pingpong=0; private_global=0; IO mode=ap_fifo:ce=0
Port [ inByte1027]:  wired=1; compound=1; hidden=0; nouse=0; global=0; static=0; extern=0; dir=0; type=3; pingpong=0; private_global=0; IO mode=ap_fifo:ce=0
Port [ inByte1128]:  wired=1; compound=1; hidden=0; nouse=0; global=0; static=0; extern=0; dir=0; type=3; pingpong=0; private_global=0; IO mode=ap_fifo:ce=0
Port [ inByte1229]:  wired=1; compound=1; hidden=0; nouse=0; global=0; static=0; extern=0; dir=0; type=3; pingpong=0; private_global=0; IO mode=ap_fifo:ce=0
Port [ inByte1330]:  wired=1; compound=1; hidden=0; nouse=0; global=0; static=0; extern=0; dir=0; type=3; pingpong=0; private_global=0; IO mode=ap_fifo:ce=0
Port [ inByte1431]:  wired=1; compound=1; hidden=0; nouse=0; global=0; static=0; extern=0; dir=0; type=3; pingpong=0; private_global=0; IO mode=ap_fifo:ce=0
Port [ inByte1532]:  wired=1; compound=1; hidden=0; nouse=0; global=0; static=0; extern=0; dir=0; type=3; pingpong=0; private_global=0; IO mode=ap_fifo:ce=0
Port [ blocks_in_chunk]:  wired=1; compound=0; hidden=0; nouse=0; global=0; static=0; extern=0; dir=0; type=0; pingpong=0; private_global=0; IO mode=ap_none:ce=0
Port [ crc]:  wired=1; compound=0; hidden=0; nouse=0; global=0; static=0; extern=0; dir=0; type=0; pingpong=0; private_global=0; IO mode=ap_none:ce=0
Port [ mask]:  wired=1; compound=0; hidden=0; nouse=0; global=0; static=0; extern=0; dir=0; type=0; pingpong=0; private_global=0; IO mode=ap_none:ce=0
---------------- STG Properties END ------------------

---------------- Datapath Model BEGIN ----------------

<LifeTime>
<method=bitvector/>
mask_read            (read         ) [ 0010]
crc_read             (read         ) [ 0111]
blocks_in_chunk_read (read         ) [ 0000]
empty                (trunc        ) [ 0010]
p_loc                (alloca       ) [ 0111]
specmemcore_ln0      (specmemcore  ) [ 0000]
specmemcore_ln0      (specmemcore  ) [ 0000]
specmemcore_ln0      (specmemcore  ) [ 0000]
specmemcore_ln0      (specmemcore  ) [ 0000]
specmemcore_ln0      (specmemcore  ) [ 0000]
specmemcore_ln0      (specmemcore  ) [ 0000]
specmemcore_ln0      (specmemcore  ) [ 0000]
specmemcore_ln0      (specmemcore  ) [ 0000]
specmemcore_ln0      (specmemcore  ) [ 0000]
specmemcore_ln0      (specmemcore  ) [ 0000]
specmemcore_ln0      (specmemcore  ) [ 0000]
specmemcore_ln0      (specmemcore  ) [ 0000]
specmemcore_ln0      (specmemcore  ) [ 0000]
specmemcore_ln0      (specmemcore  ) [ 0000]
specmemcore_ln0      (specmemcore  ) [ 0000]
specmemcore_ln0      (specmemcore  ) [ 0000]
specinterface_ln0    (specinterface) [ 0000]
specinterface_ln0    (specinterface) [ 0000]
specinterface_ln0    (specinterface) [ 0000]
specinterface_ln0    (specinterface) [ 0000]
specinterface_ln0    (specinterface) [ 0000]
specinterface_ln0    (specinterface) [ 0000]
specinterface_ln0    (specinterface) [ 0000]
specinterface_ln0    (specinterface) [ 0000]
specinterface_ln0    (specinterface) [ 0000]
specinterface_ln0    (specinterface) [ 0000]
specinterface_ln0    (specinterface) [ 0000]
specinterface_ln0    (specinterface) [ 0000]
specinterface_ln0    (specinterface) [ 0000]
specinterface_ln0    (specinterface) [ 0000]
specinterface_ln0    (specinterface) [ 0000]
specinterface_ln0    (specinterface) [ 0000]
icmp_ln391           (icmp         ) [ 0111]
br_ln391             (br           ) [ 0111]
empty_42             (wait         ) [ 0000]
call_ln0             (call         ) [ 0000]
p_loc_load           (load         ) [ 0000]
br_ln0               (br           ) [ 0000]
crc_buf_0            (phi          ) [ 0001]
ret_ln426            (ret          ) [ 0000]
</LifeTime>

<model>

<comp_list>
<comp id="0" class="1000" name="crcTables_0">
<pin_list>
<pin id="1" dir="1" index="0" bw="1" slack="0"/>
</pin_list>
<bind>
<StgValue><ssdm name="crcTables_0"/><MemPortTyVec>1 </MemPortTyVec>
</StgValue>
</bind>
</comp>

<comp id="2" class="1000" name="crcTables_1">
<pin_list>
<pin id="3" dir="1" index="0" bw="1" slack="0"/>
</pin_list>
<bind>
<StgValue><ssdm name="crcTables_1"/><MemPortTyVec>1 </MemPortTyVec>
</StgValue>
</bind>
</comp>

<comp id="4" class="1000" name="crcTables_2">
<pin_list>
<pin id="5" dir="1" index="0" bw="1" slack="0"/>
</pin_list>
<bind>
<StgValue><ssdm name="crcTables_2"/><MemPortTyVec>1 </MemPortTyVec>
</StgValue>
</bind>
</comp>

<comp id="6" class="1000" name="crcTables_3">
<pin_list>
<pin id="7" dir="1" index="0" bw="1" slack="0"/>
</pin_list>
<bind>
<StgValue><ssdm name="crcTables_3"/><MemPortTyVec>1 </MemPortTyVec>
</StgValue>
</bind>
</comp>

<comp id="8" class="1000" name="crcTables_4">
<pin_list>
<pin id="9" dir="1" index="0" bw="1" slack="0"/>
</pin_list>
<bind>
<StgValue><ssdm name="crcTables_4"/><MemPortTyVec>1 </MemPortTyVec>
</StgValue>
</bind>
</comp>

<comp id="10" class="1000" name="crcTables_5">
<pin_list>
<pin id="11" dir="1" index="0" bw="1" slack="0"/>
</pin_list>
<bind>
<StgValue><ssdm name="crcTables_5"/><MemPortTyVec>1 </MemPortTyVec>
</StgValue>
</bind>
</comp>

<comp id="12" class="1000" name="crcTables_6">
<pin_list>
<pin id="13" dir="1" index="0" bw="1" slack="0"/>
</pin_list>
<bind>
<StgValue><ssdm name="crcTables_6"/><MemPortTyVec>1 </MemPortTyVec>
</StgValue>
</bind>
</comp>

<comp id="14" class="1000" name="crcTables_7">
<pin_list>
<pin id="15" dir="1" index="0" bw="1" slack="0"/>
</pin_list>
<bind>
<StgValue><ssdm name="crcTables_7"/><MemPortTyVec>1 </MemPortTyVec>
</StgValue>
</bind>
</comp>

<comp id="16" class="1000" name="crcTables_8">
<pin_list>
<pin id="17" dir="1" index="0" bw="1" slack="0"/>
</pin_list>
<bind>
<StgValue><ssdm name="crcTables_8"/><MemPortTyVec>1 </MemPortTyVec>
</StgValue>
</bind>
</comp>

<comp id="18" class="1000" name="crcTables_9">
<pin_list>
<pin id="19" dir="1" index="0" bw="1" slack="0"/>
</pin_list>
<bind>
<StgValue><ssdm name="crcTables_9"/><MemPortTyVec>1 </MemPortTyVec>
</StgValue>
</bind>
</comp>

<comp id="20" class="1000" name="crcTables_10">
<pin_list>
<pin id="21" dir="1" index="0" bw="1" slack="0"/>
</pin_list>
<bind>
<StgValue><ssdm name="crcTables_10"/><MemPortTyVec>1 </MemPortTyVec>
</StgValue>
</bind>
</comp>

<comp id="22" class="1000" name="crcTables_11">
<pin_list>
<pin id="23" dir="1" index="0" bw="1" slack="0"/>
</pin_list>
<bind>
<StgValue><ssdm name="crcTables_11"/><MemPortTyVec>1 </MemPortTyVec>
</StgValue>
</bind>
</comp>

<comp id="24" class="1000" name="crcTables_12">
<pin_list>
<pin id="25" dir="1" index="0" bw="1" slack="0"/>
</pin_list>
<bind>
<StgValue><ssdm name="crcTables_12"/><MemPortTyVec>1 </MemPortTyVec>
</StgValue>
</bind>
</comp>

<comp id="26" class="1000" name="crcTables_13">
<pin_list>
<pin id="27" dir="1" index="0" bw="1" slack="0"/>
</pin_list>
<bind>
<StgValue><ssdm name="crcTables_13"/><MemPortTyVec>1 </MemPortTyVec>
</StgValue>
</bind>
</comp>

<comp id="28" class="1000" name="crcTables_14">
<pin_list>
<pin id="29" dir="1" index="0" bw="1" slack="0"/>
</pin_list>
<bind>
<StgValue><ssdm name="crcTables_14"/><MemPortTyVec>1 </MemPortTyVec>
</StgValue>
</bind>
</comp>

<comp id="30" class="1000" name="crcTables_15">
<pin_list>
<pin id="31" dir="1" index="0" bw="1" slack="0"/>
</pin_list>
<bind>
<StgValue><ssdm name="crcTables_15"/><MemPortTyVec>1 </MemPortTyVec>
</StgValue>
</bind>
</comp>

<comp id="32" class="1000" name="inByte017">
<pin_list>
<pin id="33" dir="1" index="0" bw="1" slack="0"/>
</pin_list>
<bind>
<StgValue><ssdm name="inByte017"/></StgValue>
</bind>
</comp>

<comp id="34" class="1000" name="inByte118">
<pin_list>
<pin id="35" dir="1" index="0" bw="1" slack="0"/>
</pin_list>
<bind>
<StgValue><ssdm name="inByte118"/></StgValue>
</bind>
</comp>

<comp id="36" class="1000" name="inByte219">
<pin_list>
<pin id="37" dir="1" index="0" bw="1" slack="0"/>
</pin_list>
<bind>
<StgValue><ssdm name="inByte219"/></StgValue>
</bind>
</comp>

<comp id="38" class="1000" name="inByte320">
<pin_list>
<pin id="39" dir="1" index="0" bw="1" slack="0"/>
</pin_list>
<bind>
<StgValue><ssdm name="inByte320"/></StgValue>
</bind>
</comp>

<comp id="40" class="1000" name="inByte421">
<pin_list>
<pin id="41" dir="1" index="0" bw="1" slack="0"/>
</pin_list>
<bind>
<StgValue><ssdm name="inByte421"/></StgValue>
</bind>
</comp>

<comp id="42" class="1000" name="inByte522">
<pin_list>
<pin id="43" dir="1" index="0" bw="1" slack="0"/>
</pin_list>
<bind>
<StgValue><ssdm name="inByte522"/></StgValue>
</bind>
</comp>

<comp id="44" class="1000" name="inByte623">
<pin_list>
<pin id="45" dir="1" index="0" bw="1" slack="0"/>
</pin_list>
<bind>
<StgValue><ssdm name="inByte623"/></StgValue>
</bind>
</comp>

<comp id="46" class="1000" name="inByte724">
<pin_list>
<pin id="47" dir="1" index="0" bw="1" slack="0"/>
</pin_list>
<bind>
<StgValue><ssdm name="inByte724"/></StgValue>
</bind>
</comp>

<comp id="48" class="1000" name="inByte825">
<pin_list>
<pin id="49" dir="1" index="0" bw="1" slack="0"/>
</pin_list>
<bind>
<StgValue><ssdm name="inByte825"/></StgValue>
</bind>
</comp>

<comp id="50" class="1000" name="inByte926">
<pin_list>
<pin id="51" dir="1" index="0" bw="1" slack="0"/>
</pin_list>
<bind>
<StgValue><ssdm name="inByte926"/></StgValue>
</bind>
</comp>

<comp id="52" class="1000" name="inByte1027">
<pin_list>
<pin id="53" dir="1" index="0" bw="1" slack="0"/>
</pin_list>
<bind>
<StgValue><ssdm name="inByte1027"/></StgValue>
</bind>
</comp>

<comp id="54" class="1000" name="inByte1128">
<pin_list>
<pin id="55" dir="1" index="0" bw="1" slack="0"/>
</pin_list>
<bind>
<StgValue><ssdm name="inByte1128"/></StgValue>
</bind>
</comp>

<comp id="56" class="1000" name="inByte1229">
<pin_list>
<pin id="57" dir="1" index="0" bw="1" slack="0"/>
</pin_list>
<bind>
<StgValue><ssdm name="inByte1229"/></StgValue>
</bind>
</comp>

<comp id="58" class="1000" name="inByte1330">
<pin_list>
<pin id="59" dir="1" index="0" bw="1" slack="0"/>
</pin_list>
<bind>
<StgValue><ssdm name="inByte1330"/></StgValue>
</bind>
</comp>

<comp id="60" class="1000" name="inByte1431">
<pin_list>
<pin id="61" dir="1" index="0" bw="1" slack="0"/>
</pin_list>
<bind>
<StgValue><ssdm name="inByte1431"/></StgValue>
</bind>
</comp>

<comp id="62" class="1000" name="inByte1532">
<pin_list>
<pin id="63" dir="1" index="0" bw="1" slack="0"/>
</pin_list>
<bind>
<StgValue><ssdm name="inByte1532"/></StgValue>
</bind>
</comp>

<comp id="64" class="1000" name="blocks_in_chunk">
<pin_list>
<pin id="65" dir="1" index="0" bw="1" slack="0"/>
</pin_list>
<bind>
<StgValue><ssdm name="blocks_in_chunk"/></StgValue>
</bind>
</comp>

<comp id="66" class="1000" name="crc">
<pin_list>
<pin id="67" dir="1" index="0" bw="1" slack="0"/>
</pin_list>
<bind>
<StgValue><ssdm name="crc"/></StgValue>
</bind>
</comp>

<comp id="68" class="1000" name="mask">
<pin_list>
<pin id="69" dir="1" index="0" bw="1" slack="0"/>
</pin_list>
<bind>
<StgValue><ssdm name="mask"/></StgValue>
</bind>
</comp>

<comp id="70" class="1001" name="const_70">
<pin_list>
<pin id="71" dir="1" index="0" bw="1" slack="0"/>
</pin_list>
<bind>
<StgValue><ssdm name="_ssdm_op_Read.ap_auto.i32"/></StgValue>
</bind>
</comp>

<comp id="72" class="1001" name="const_72">
<pin_list>
<pin id="73" dir="1" index="0" bw="1" slack="0"/>
</pin_list>
<bind>
<StgValue><ssdm name="_ssdm_op_Read.ap_auto.i29"/></StgValue>
</bind>
</comp>

<comp id="74" class="1001" name="const_74">
<pin_list>
<pin id="75" dir="1" index="0" bw="1" slack="0"/>
</pin_list>
<bind>
<StgValue><ssdm name=""/></StgValue>
</bind>
</comp>

<comp id="76" class="1001" name="const_76">
<pin_list>
<pin id="77" dir="1" index="0" bw="1" slack="2147483647"/>
</pin_list>
<bind>
<StgValue><ssdm name="_ssdm_op_SpecMemCore"/></StgValue>
</bind>
</comp>

<comp id="78" class="1001" name="const_78">
<pin_list>
<pin id="79" dir="1" index="0" bw="1" slack="2147483647"/>
</pin_list>
<bind>
<StgValue><ssdm name=""/></StgValue>
</bind>
</comp>

<comp id="80" class="1001" name="const_80">
<pin_list>
<pin id="81" dir="1" index="0" bw="1" slack="2147483647"/>
</pin_list>
<bind>
<StgValue><ssdm name=""/></StgValue>
</bind>
</comp>

<comp id="82" class="1001" name="const_82">
<pin_list>
<pin id="83" dir="1" index="0" bw="1" slack="2147483647"/>
</pin_list>
<bind>
<StgValue><ssdm name=""/></StgValue>
</bind>
</comp>

<comp id="84" class="1001" name="const_84">
<pin_list>
<pin id="85" dir="1" index="0" bw="1" slack="2147483647"/>
</pin_list>
<bind>
<StgValue><ssdm name="_ssdm_op_SpecInterface"/></StgValue>
</bind>
</comp>

<comp id="86" class="1001" name="const_86">
<pin_list>
<pin id="87" dir="1" index="0" bw="1" slack="2147483647"/>
</pin_list>
<bind>
<StgValue><ssdm name="empty_3"/></StgValue>
</bind>
</comp>

<comp id="88" class="1001" name="const_88">
<pin_list>
<pin id="89" dir="1" index="0" bw="1" slack="2147483647"/>
</pin_list>
<bind>
<StgValue><ssdm name=""/></StgValue>
</bind>
</comp>

<comp id="90" class="1001" name="const_90">
<pin_list>
<pin id="91" dir="1" index="0" bw="1" slack="2147483647"/>
</pin_list>
<bind>
<StgValue><ssdm name="empty_23"/></StgValue>
</bind>
</comp>

<comp id="92" class="1001" name="const_92">
<pin_list>
<pin id="93" dir="1" index="0" bw="1" slack="2147483647"/>
</pin_list>
<bind>
<StgValue><ssdm name=""/></StgValue>
</bind>
</comp>

<comp id="94" class="1001" name="const_94">
<pin_list>
<pin id="95" dir="1" index="0" bw="1" slack="0"/>
</pin_list>
<bind>
<StgValue><ssdm name=""/></StgValue>
</bind>
</comp>

<comp id="96" class="1001" name="const_96">
<pin_list>
<pin id="97" dir="1" index="0" bw="1" slack="2147483647"/>
</pin_list>
<bind>
<StgValue><ssdm name="_ssdm_op_Wait"/></StgValue>
</bind>
</comp>

<comp id="98" class="1001" name="const_98">
<pin_list>
<pin id="99" dir="1" index="0" bw="1" slack="0"/>
</pin_list>
<bind>
<StgValue><ssdm name="crc_process_full_blocks_Pipeline_full_block_loop"/></StgValue>
</bind>
</comp>

<comp id="100" class="1004" name="p_loc_fu_100">
<pin_list>
<pin id="101" dir="0" index="0" bw="1" slack="0"/>
<pin id="102" dir="1" index="1" bw="32" slack="0"/>
</pin_list>
<bind>
<opcode="alloca(26) " fcode="alloca"/>
<opset="p_loc/1 "/>
</bind>
</comp>

<comp id="104" class="1004" name="mask_read_read_fu_104">
<pin_list>
<pin id="105" dir="0" index="0" bw="32" slack="0"/>
<pin id="106" dir="0" index="1" bw="32" slack="0"/>
<pin id="107" dir="1" index="2" bw="32" slack="0"/>
</pin_list>
<bind>
<opcode="read(1150) " fcode="read"/>
<opset="mask_read/1 "/>
</bind>
</comp>

<comp id="110" class="1004" name="crc_read_read_fu_110">
<pin_list>
<pin id="111" dir="0" index="0" bw="32" slack="0"/>
<pin id="112" dir="0" index="1" bw="32" slack="0"/>
<pin id="113" dir="1" index="2" bw="32" slack="0"/>
</pin_list>
<bind>
<opcode="read(1150) " fcode="read"/>
<opset="crc_read/1 "/>
</bind>
</comp>

<comp id="116" class="1004" name="blocks_in_chunk_read_read_fu_116">
<pin_list>
<pin id="117" dir="0" index="0" bw="29" slack="0"/>
<pin id="118" dir="0" index="1" bw="29" slack="0"/>
<pin id="119" dir="1" index="2" bw="29" slack="0"/>
</pin_list>
<bind>
<opcode="read(1150) " fcode="read"/>
<opset="blocks_in_chunk_read/1 "/>
</bind>
</comp>

<comp id="122" class="1005" name="crc_buf_0_reg_122">
<pin_list>
<pin id="123" dir="0" index="0" bw="32" slack="2147483647"/>
<pin id="124" dir="1" index="1" bw="32" slack="2147483647"/>
</pin_list>
<bind>
<opset="crc_buf_0 (phireg) "/>
</bind>
</comp>

<comp id="125" class="1004" name="crc_buf_0_phi_fu_125">
<pin_list>
<pin id="126" dir="0" index="0" bw="32" slack="0"/>
<pin id="127" dir="0" index="1" bw="0" slack="2147483647"/>
<pin id="128" dir="0" index="2" bw="32" slack="2"/>
<pin id="129" dir="0" index="3" bw="0" slack="2147483647"/>
<pin id="130" dir="1" index="4" bw="32" slack="2147483647"/>
</pin_list>
<bind>
<opcode="phi(47) " fcode="phi"/>
<opset="crc_buf_0/3 "/>
</bind>
</comp>

<comp id="131" class="1004" name="grp_crc_process_full_blocks_Pipeline_full_block_loop_fu_131">
<pin_list>
<pin id="132" dir="0" index="0" bw="0" slack="0"/>
<pin id="133" dir="0" index="1" bw="32" slack="0"/>
<pin id="134" dir="0" index="2" bw="28" slack="0"/>
<pin id="135" dir="0" index="3" bw="8" slack="0"/>
<pin id="136" dir="0" index="4" bw="8" slack="0"/>
<pin id="137" dir="0" index="5" bw="8" slack="0"/>
<pin id="138" dir="0" index="6" bw="8" slack="0"/>
<pin id="139" dir="0" index="7" bw="8" slack="0"/>
<pin id="140" dir="0" index="8" bw="8" slack="0"/>
<pin id="141" dir="0" index="9" bw="8" slack="0"/>
<pin id="142" dir="0" index="10" bw="8" slack="0"/>
<pin id="143" dir="0" index="11" bw="8" slack="0"/>
<pin id="144" dir="0" index="12" bw="8" slack="0"/>
<pin id="145" dir="0" index="13" bw="8" slack="0"/>
<pin id="146" dir="0" index="14" bw="8" slack="0"/>
<pin id="147" dir="0" index="15" bw="8" slack="0"/>
<pin id="148" dir="0" index="16" bw="8" slack="0"/>
<pin id="149" dir="0" index="17" bw="8" slack="0"/>
<pin id="150" dir="0" index="18" bw="8" slack="0"/>
<pin id="151" dir="0" index="19" bw="32" slack="0"/>
<pin id="152" dir="0" index="20" bw="32" slack="0"/>
<pin id="153" dir="0" index="21" bw="32" slack="0"/>
<pin id="154" dir="0" index="22" bw="32" slack="0"/>
<pin id="155" dir="0" index="23" bw="32" slack="0"/>
<pin id="156" dir="0" index="24" bw="32" slack="0"/>
<pin id="157" dir="0" index="25" bw="32" slack="0"/>
<pin id="158" dir="0" index="26" bw="32" slack="0"/>
<pin id="159" dir="0" index="27" bw="32" slack="0"/>
<pin id="160" dir="0" index="28" bw="32" slack="0"/>
<pin id="161" dir="0" index="29" bw="32" slack="0"/>
<pin id="162" dir="0" index="30" bw="32" slack="0"/>
<pin id="163" dir="0" index="31" bw="32" slack="0"/>
<pin id="164" dir="0" index="32" bw="32" slack="0"/>
<pin id="165" dir="0" index="33" bw="32" slack="0"/>
<pin id="166" dir="0" index="34" bw="32" slack="0"/>
<pin id="167" dir="0" index="35" bw="32" slack="0"/>
<pin id="168" dir="0" index="36" bw="32" slack="0"/>
<pin id="169" dir="1" index="37" bw="0" slack="2147483647"/>
</pin_list>
<bind>
<opcode="call(48) " fcode="call"/>
<opset="call_ln0/1 "/>
</bind>
</comp>

<comp id="205" class="1004" name="empty_fu_205">
<pin_list>
<pin id="206" dir="0" index="0" bw="29" slack="0"/>
<pin id="207" dir="1" index="1" bw="28" slack="0"/>
</pin_list>
<bind>
<opcode="trunc(33) " fcode="trunc"/>
<opset="empty/1 "/>
</bind>
</comp>

<comp id="210" class="1004" name="icmp_ln391_fu_210">
<pin_list>
<pin id="211" dir="0" index="0" bw="29" slack="0"/>
<pin id="212" dir="0" index="1" bw="29" slack="0"/>
<pin id="213" dir="1" index="2" bw="1" slack="2"/>
</pin_list>
<bind>
<opcode="icmp(45) " fcode="icmp"/>
<opset="icmp_ln391/1 "/>
</bind>
</comp>

<comp id="216" class="1004" name="p_loc_load_load_fu_216">
<pin_list>
<pin id="217" dir="0" index="0" bw="32" slack="2"/>
<pin id="218" dir="1" index="1" bw="32" slack="0"/>
</pin_list>
<bind>
<opcode="load(27) " fcode="load"/>
<opset="p_loc_load/3 "/>
</bind>
</comp>

<comp id="220" class="1005" name="mask_read_reg_220">
<pin_list>
<pin id="221" dir="0" index="0" bw="32" slack="1"/>
<pin id="222" dir="1" index="1" bw="32" slack="1"/>
</pin_list>
<bind>
<opset="mask_read "/>
</bind>
</comp>

<comp id="225" class="1005" name="crc_read_reg_225">
<pin_list>
<pin id="226" dir="0" index="0" bw="32" slack="1"/>
<pin id="227" dir="1" index="1" bw="32" slack="1"/>
</pin_list>
<bind>
<opset="crc_read "/>
</bind>
</comp>

<comp id="231" class="1005" name="empty_reg_231">
<pin_list>
<pin id="232" dir="0" index="0" bw="28" slack="1"/>
<pin id="233" dir="1" index="1" bw="28" slack="1"/>
</pin_list>
<bind>
<opset="empty "/>
</bind>
</comp>

<comp id="236" class="1005" name="p_loc_reg_236">
<pin_list>
<pin id="237" dir="0" index="0" bw="32" slack="0"/>
<pin id="238" dir="1" index="1" bw="32" slack="0"/>
</pin_list>
<bind>
<opset="p_loc "/>
</bind>
</comp>

<comp id="242" class="1005" name="icmp_ln391_reg_242">
<pin_list>
<pin id="243" dir="0" index="0" bw="1" slack="2"/>
<pin id="244" dir="1" index="1" bw="1" slack="2147483647"/>
</pin_list>
<bind>
<opset="icmp_ln391 "/>
</bind>
</comp>

</comp_list>

<net_list>
<net id="103"><net_src comp="74" pin="0"/><net_sink comp="100" pin=0"/></net>

<net id="108"><net_src comp="70" pin="0"/><net_sink comp="104" pin=0"/></net>

<net id="109"><net_src comp="68" pin="0"/><net_sink comp="104" pin=1"/></net>

<net id="114"><net_src comp="70" pin="0"/><net_sink comp="110" pin=0"/></net>

<net id="115"><net_src comp="66" pin="0"/><net_sink comp="110" pin=1"/></net>

<net id="120"><net_src comp="72" pin="0"/><net_sink comp="116" pin=0"/></net>

<net id="121"><net_src comp="64" pin="0"/><net_sink comp="116" pin=1"/></net>

<net id="170"><net_src comp="98" pin="0"/><net_sink comp="131" pin=0"/></net>

<net id="171"><net_src comp="110" pin="2"/><net_sink comp="131" pin=1"/></net>

<net id="172"><net_src comp="32" pin="0"/><net_sink comp="131" pin=3"/></net>

<net id="173"><net_src comp="34" pin="0"/><net_sink comp="131" pin=4"/></net>

<net id="174"><net_src comp="36" pin="0"/><net_sink comp="131" pin=5"/></net>

<net id="175"><net_src comp="38" pin="0"/><net_sink comp="131" pin=6"/></net>

<net id="176"><net_src comp="40" pin="0"/><net_sink comp="131" pin=7"/></net>

<net id="177"><net_src comp="42" pin="0"/><net_sink comp="131" pin=8"/></net>

<net id="178"><net_src comp="44" pin="0"/><net_sink comp="131" pin=9"/></net>

<net id="179"><net_src comp="46" pin="0"/><net_sink comp="131" pin=10"/></net>

<net id="180"><net_src comp="48" pin="0"/><net_sink comp="131" pin=11"/></net>

<net id="181"><net_src comp="50" pin="0"/><net_sink comp="131" pin=12"/></net>

<net id="182"><net_src comp="52" pin="0"/><net_sink comp="131" pin=13"/></net>

<net id="183"><net_src comp="54" pin="0"/><net_sink comp="131" pin=14"/></net>

<net id="184"><net_src comp="56" pin="0"/><net_sink comp="131" pin=15"/></net>

<net id="185"><net_src comp="58" pin="0"/><net_sink comp="131" pin=16"/></net>

<net id="186"><net_src comp="60" pin="0"/><net_sink comp="131" pin=17"/></net>

<net id="187"><net_src comp="62" pin="0"/><net_sink comp="131" pin=18"/></net>

<net id="188"><net_src comp="0" pin="0"/><net_sink comp="131" pin=19"/></net>

<net id="189"><net_src comp="2" pin="0"/><net_sink comp="131" pin=20"/></net>

<net id="190"><net_src comp="4" pin="0"/><net_sink comp="131" pin=21"/></net>

<net id="191"><net_src comp="6" pin="0"/><net_sink comp="131" pin=22"/></net>

<net id="192"><net_src comp="8" pin="0"/><net_sink comp="131" pin=23"/></net>

<net id="193"><net_src comp="10" pin="0"/><net_sink comp="131" pin=24"/></net>

<net id="194"><net_src comp="12" pin="0"/><net_sink comp="131" pin=25"/></net>

<net id="195"><net_src comp="14" pin="0"/><net_sink comp="131" pin=26"/></net>

<net id="196"><net_src comp="16" pin="0"/><net_sink comp="131" pin=27"/></net>

<net id="197"><net_src comp="18" pin="0"/><net_sink comp="131" pin=28"/></net>

<net id="198"><net_src comp="20" pin="0"/><net_sink comp="131" pin=29"/></net>

<net id="199"><net_src comp="22" pin="0"/><net_sink comp="131" pin=30"/></net>

<net id="200"><net_src comp="24" pin="0"/><net_sink comp="131" pin=31"/></net>

<net id="201"><net_src comp="26" pin="0"/><net_sink comp="131" pin=32"/></net>

<net id="202"><net_src comp="28" pin="0"/><net_sink comp="131" pin=33"/></net>

<net id="203"><net_src comp="30" pin="0"/><net_sink comp="131" pin=34"/></net>

<net id="204"><net_src comp="104" pin="2"/><net_sink comp="131" pin=35"/></net>

<net id="208"><net_src comp="116" pin="2"/><net_sink comp="205" pin=0"/></net>

<net id="209"><net_src comp="205" pin="1"/><net_sink comp="131" pin=2"/></net>

<net id="214"><net_src comp="116" pin="2"/><net_sink comp="210" pin=0"/></net>

<net id="215"><net_src comp="94" pin="0"/><net_sink comp="210" pin=1"/></net>

<net id="219"><net_src comp="216" pin="1"/><net_sink comp="125" pin=0"/></net>

<net id="223"><net_src comp="104" pin="2"/><net_sink comp="220" pin=0"/></net>

<net id="224"><net_src comp="220" pin="1"/><net_sink comp="131" pin=35"/></net>

<net id="228"><net_src comp="110" pin="2"/><net_sink comp="225" pin=0"/></net>

<net id="229"><net_src comp="225" pin="1"/><net_sink comp="131" pin=1"/></net>

<net id="230"><net_src comp="225" pin="1"/><net_sink comp="125" pin=2"/></net>

<net id="234"><net_src comp="205" pin="1"/><net_sink comp="231" pin=0"/></net>

<net id="235"><net_src comp="231" pin="1"/><net_sink comp="131" pin=2"/></net>

<net id="239"><net_src comp="100" pin="1"/><net_sink comp="236" pin=0"/></net>

<net id="240"><net_src comp="236" pin="1"/><net_sink comp="131" pin=36"/></net>

<net id="241"><net_src comp="236" pin="1"/><net_sink comp="216" pin=0"/></net>

<net id="245"><net_src comp="210" pin="2"/><net_sink comp="242" pin=0"/></net>

</net_list>

</model> 
---------------- Datapath Model END ------------------

* FSMD analyzer results:
  - Output states:
	Port: crcTables_0 | {}
	Port: crcTables_1 | {}
	Port: crcTables_2 | {}
	Port: crcTables_3 | {}
	Port: crcTables_4 | {}
	Port: crcTables_5 | {}
	Port: crcTables_6 | {}
	Port: crcTables_7 | {}
	Port: crcTables_8 | {}
	Port: crcTables_9 | {}
	Port: crcTables_10 | {}
	Port: crcTables_11 | {}
	Port: crcTables_12 | {}
	Port: crcTables_13 | {}
	Port: crcTables_14 | {}
	Port: crcTables_15 | {}
	Port: inByte017 | {}
	Port: inByte118 | {}
	Port: inByte219 | {}
	Port: inByte320 | {}
	Port: inByte421 | {}
	Port: inByte522 | {}
	Port: inByte623 | {}
	Port: inByte724 | {}
	Port: inByte825 | {}
	Port: inByte926 | {}
	Port: inByte1027 | {}
	Port: inByte1128 | {}
	Port: inByte1229 | {}
	Port: inByte1330 | {}
	Port: inByte1431 | {}
	Port: inByte1532 | {}
 - Input state : 
	Port: crc_process_full_blocks : crcTables_0 | {1 2 }
	Port: crc_process_full_blocks : crcTables_1 | {1 2 }
	Port: crc_process_full_blocks : crcTables_2 | {1 2 }
	Port: crc_process_full_blocks : crcTables_3 | {1 2 }
	Port: crc_process_full_blocks : crcTables_4 | {1 2 }
	Port: crc_process_full_blocks : crcTables_5 | {1 2 }
	Port: crc_process_full_blocks : crcTables_6 | {1 2 }
	Port: crc_process_full_blocks : crcTables_7 | {1 2 }
	Port: crc_process_full_blocks : crcTables_8 | {1 2 }
	Port: crc_process_full_blocks : crcTables_9 | {1 2 }
	Port: crc_process_full_blocks : crcTables_10 | {1 2 }
	Port: crc_process_full_blocks : crcTables_11 | {1 2 }
	Port: crc_process_full_blocks : crcTables_12 | {1 2 }
	Port: crc_process_full_blocks : crcTables_13 | {1 2 }
	Port: crc_process_full_blocks : crcTables_14 | {1 2 }
	Port: crc_process_full_blocks : crcTables_15 | {1 2 }
	Port: crc_process_full_blocks : inByte017 | {1 2 }
	Port: crc_process_full_blocks : inByte118 | {1 2 }
	Port: crc_process_full_blocks : inByte219 | {1 2 }
	Port: crc_process_full_blocks : inByte320 | {1 2 }
	Port: crc_process_full_blocks : inByte421 | {1 2 }
	Port: crc_process_full_blocks : inByte522 | {1 2 }
	Port: crc_process_full_blocks : inByte623 | {1 2 }
	Port: crc_process_full_blocks : inByte724 | {1 2 }
	Port: crc_process_full_blocks : inByte825 | {1 2 }
	Port: crc_process_full_blocks : inByte926 | {1 2 }
	Port: crc_process_full_blocks : inByte1027 | {1 2 }
	Port: crc_process_full_blocks : inByte1128 | {1 2 }
	Port: crc_process_full_blocks : inByte1229 | {1 2 }
	Port: crc_process_full_blocks : inByte1330 | {1 2 }
	Port: crc_process_full_blocks : inByte1431 | {1 2 }
	Port: crc_process_full_blocks : inByte1532 | {1 2 }
	Port: crc_process_full_blocks : blocks_in_chunk | {1 }
	Port: crc_process_full_blocks : crc | {1 }
	Port: crc_process_full_blocks : mask | {1 }
  - Chain level:
	State 1
		br_ln391 : 1
		call_ln0 : 1
	State 2
	State 3
		crc_buf_0 : 1
		ret_ln426 : 2


============================================================
+ Verbose Summary: Datapath Resource usage 
============================================================

* Functional unit list:
|----------|-------------------------------------------------------------|---------|---------|---------|
| Operation|                       Functional Unit                       |  Delay  |    FF   |   LUT   |
|----------|-------------------------------------------------------------|---------|---------|---------|
|   call   | grp_crc_process_full_blocks_Pipeline_full_block_loop_fu_131 |  6.192  |   445   |   741   |
|----------|-------------------------------------------------------------|---------|---------|---------|
|   icmp   |                      icmp_ln391_fu_210                      |    0    |    0    |    18   |
|----------|-------------------------------------------------------------|---------|---------|---------|
|          |                    mask_read_read_fu_104                    |    0    |    0    |    0    |
|   read   |                     crc_read_read_fu_110                    |    0    |    0    |    0    |
|          |               blocks_in_chunk_read_read_fu_116              |    0    |    0    |    0    |
|----------|-------------------------------------------------------------|---------|---------|---------|
|   trunc  |                         empty_fu_205                        |    0    |    0    |    0    |
|----------|-------------------------------------------------------------|---------|---------|---------|
|   Total  |                                                             |  6.192  |   445   |   759   |
|----------|-------------------------------------------------------------|---------|---------|---------|

Memories:
N/A

* Register list:
+------------------+--------+
|                  |   FF   |
+------------------+--------+
| crc_buf_0_reg_122|   32   |
| crc_read_reg_225 |   32   |
|   empty_reg_231  |   28   |
|icmp_ln391_reg_242|    1   |
| mask_read_reg_220|   32   |
|   p_loc_reg_236  |   32   |
+------------------+--------+
|       Total      |   157  |
+------------------+--------+

* Multiplexer (MUX) list: 
|-------------------------------------------------------------|------|------|------|--------||---------||---------|
|                             Comp                            |  Pin | Size |  BW  | S x BW ||  Delay  ||   LUT   |
|-------------------------------------------------------------|------|------|------|--------||---------||---------|
| grp_crc_process_full_blocks_Pipeline_full_block_loop_fu_131 |  p1  |   2  |  32  |   64   ||    9    |
| grp_crc_process_full_blocks_Pipeline_full_block_loop_fu_131 |  p2  |   2  |  28  |   56   ||    9    |
| grp_crc_process_full_blocks_Pipeline_full_block_loop_fu_131 |  p35 |   2  |  32  |   64   ||    9    |
|-------------------------------------------------------------|------|------|------|--------||---------||---------|
|                            Total                            |      |      |      |   184  ||  1.161  ||    27   |
|-------------------------------------------------------------|------|------|------|--------||---------||---------|



* Summary:
+-----------+--------+--------+--------+
|           |  Delay |   FF   |   LUT  |
+-----------+--------+--------+--------+
|  Function |    6   |   445  |   759  |
|   Memory  |    -   |    -   |    -   |
|Multiplexer|    1   |    -   |   27   |
|  Register |    -   |   157  |    -   |
+-----------+--------+--------+--------+
|   Total   |    7   |   602  |   786  |
+-----------+--------+--------+--------+
