

================================================================
== Vitis HLS Report for 'crc_process_tail_bytes'
================================================================
* Date:           Thu Apr  2 18:17:03 2026

* Version:        2022.1 (Build 3526262 on Mon Apr 18 15:47:01 MDT 2022)
* Project:        calculate_crc
* Solution:       solution (Vitis Kernel Flow Target)
* Product family: virtexuplus
* Target device:  xcu280-fsvh2892-2L-e


================================================================
== Performance Estimates
================================================================
+ Timing: 
    * Summary: 
    +--------+---------+----------+------------+
    |  Clock |  Target | Estimated| Uncertainty|
    +--------+---------+----------+------------+
    |ap_clk  |  3.33 ns|  1.793 ns|     0.90 ns|
    +--------+---------+----------+------------+

+ Latency: 
    * Summary: 
    +---------+---------+-----------+----------+-----+-----+---------+
    |  Latency (cycles) |  Latency (absolute)  |  Interval | Pipeline|
    |   min   |   max   |    min    |    max   | min | max |   Type  |
    +---------+---------+-----------+----------+-----+-----+---------+
    |        5|        ?|  16.665 ns|         ?|    5|    ?|       no|
    +---------+---------+-----------+----------+-----+-----+---------+

    + Detail: 
        * Instance: 
        N/A

        * Loop: 
        +------------------+---------+---------+----------+-----------+-----------+-------+----------+
        |                  |  Latency (cycles) | Iteration|  Initiation Interval  |  Trip |          |
        |     Loop Name    |   min   |   max   |  Latency |  achieved |   target  | Count | Pipelined|
        +------------------+---------+---------+----------+-----------+-----------+-------+----------+
        |- tail_byte_loop  |        3|        ?|         4|          1|          1|  1 ~ ?|       yes|
        +------------------+---------+---------+----------+-----------+-----------+-------+----------+

============================================================
+ Verbose Summary: Synthesis Manager
============================================================
InlineROM: 1
ExposeGlobal: 0
============================================================
+ Verbose Summary: CDFG Model
============================================================
IsTopModel: 0
ResetActiveHigh: 1
IsCombinational: 0
IsDatapathOnly: 0
HasWiredReturn: 1
HasMFsm: 2
HasVarLatency: 1
IsPipeline: 0
IsRtlPipelined: 0
IsInstanceOverlapped: 0
IsDontTouch: 0
HasImplIP: 0
IsGatedGlobalClock: 0

+ Individual pipeline summary: 
  * Pipeline-0: initiation interval (II) = 1, depth = 4


============================================================
+ Verbose Summary: Schedule
============================================================
* Number of FSM states : 4
* Pipeline : 1
  Pipeline-0 : II = 1, D = 4, States = { 1 2 3 4 }
* Dataflow Pipeline: 0

* FSM state transitions: 
1 --> 2 
2 --> 3 
3 --> 4 
4 --> 

* FSM state operations: 

State 1 <SV = 0> <Delay = 1.26>
ST_1 : Operation 7 [1/1] (0.00ns)   --->   "%t = alloca i32 1"   --->   Operation 7 'alloca' 't' <Predicate = true> <Delay = 0.00>
ST_1 : Operation 8 [1/1] (0.00ns)   --->   "%lhs_V = alloca i32 1"   --->   Operation 8 'alloca' 'lhs_V' <Predicate = true> <Delay = 0.00>
ST_1 : Operation 9 [1/1] (0.00ns)   --->   "%mask_read = read i32 @_ssdm_op_Read.ap_auto.i32, i32 %mask"   --->   Operation 9 'read' 'mask_read' <Predicate = true> <Delay = 0.00>
ST_1 : Operation 10 [1/1] (0.00ns)   --->   "%crc_read = read i32 @_ssdm_op_Read.ap_auto.i32, i32 %crc"   --->   Operation 10 'read' 'crc_read' <Predicate = true> <Delay = 0.00>
ST_1 : Operation 11 [1/1] (0.00ns)   --->   "%tail_bytes_read = read i31 @_ssdm_op_Read.ap_auto.i31, i31 %tail_bytes"   --->   Operation 11 'read' 'tail_bytes_read' <Predicate = true> <Delay = 0.00>
ST_1 : Operation 12 [1/1] (0.00ns)   --->   "%specmemcore_ln0 = specmemcore void @_ssdm_op_SpecMemCore, i32 %crcTables_0, i64 666, i64 18, i64 18446744073709551615"   --->   Operation 12 'specmemcore' 'specmemcore_ln0' <Predicate = true> <Delay = 0.00>
ST_1 : Operation 13 [1/1] (0.00ns)   --->   "%specinterface_ln0 = specinterface void @_ssdm_op_SpecInterface, i8 %inByte017, void @empty_3, i32 0, i32 0, void @empty_23, i32 0, i32 0, void @empty_23, void @empty_23, void @empty_23, i32 0, i32 0, i32 0, i32 0, void @empty_23, void @empty_23, i32 4294967295, i32 0"   --->   Operation 13 'specinterface' 'specinterface_ln0' <Predicate = true> <Delay = 0.00>
ST_1 : Operation 14 [1/1] (0.00ns)   --->   "%specinterface_ln0 = specinterface void @_ssdm_op_SpecInterface, i8 %inByte118, void @empty_3, i32 0, i32 0, void @empty_23, i32 0, i32 0, void @empty_23, void @empty_23, void @empty_23, i32 0, i32 0, i32 0, i32 0, void @empty_23, void @empty_23, i32 4294967295, i32 0"   --->   Operation 14 'specinterface' 'specinterface_ln0' <Predicate = true> <Delay = 0.00>
ST_1 : Operation 15 [1/1] (0.00ns)   --->   "%specinterface_ln0 = specinterface void @_ssdm_op_SpecInterface, i8 %inByte219, void @empty_3, i32 0, i32 0, void @empty_23, i32 0, i32 0, void @empty_23, void @empty_23, void @empty_23, i32 0, i32 0, i32 0, i32 0, void @empty_23, void @empty_23, i32 4294967295, i32 0"   --->   Operation 15 'specinterface' 'specinterface_ln0' <Predicate = true> <Delay = 0.00>
ST_1 : Operation 16 [1/1] (0.00ns)   --->   "%specinterface_ln0 = specinterface void @_ssdm_op_SpecInterface, i8 %inByte320, void @empty_3, i32 0, i32 0, void @empty_23, i32 0, i32 0, void @empty_23, void @empty_23, void @empty_23, i32 0, i32 0, i32 0, i32 0, void @empty_23, void @empty_23, i32 4294967295, i32 0"   --->   Operation 16 'specinterface' 'specinterface_ln0' <Predicate = true> <Delay = 0.00>
ST_1 : Operation 17 [1/1] (0.00ns)   --->   "%specinterface_ln0 = specinterface void @_ssdm_op_SpecInterface, i8 %inByte421, void @empty_3, i32 0, i32 0, void @empty_23, i32 0, i32 0, void @empty_23, void @empty_23, void @empty_23, i32 0, i32 0, i32 0, i32 0, void @empty_23, void @empty_23, i32 4294967295, i32 0"   --->   Operation 17 'specinterface' 'specinterface_ln0' <Predicate = true> <Delay = 0.00>
ST_1 : Operation 18 [1/1] (0.00ns)   --->   "%specinterface_ln0 = specinterface void @_ssdm_op_SpecInterface, i8 %inByte522, void @empty_3, i32 0, i32 0, void @empty_23, i32 0, i32 0, void @empty_23, void @empty_23, void @empty_23, i32 0, i32 0, i32 0, i32 0, void @empty_23, void @empty_23, i32 4294967295, i32 0"   --->   Operation 18 'specinterface' 'specinterface_ln0' <Predicate = true> <Delay = 0.00>
ST_1 : Operation 19 [1/1] (0.00ns)   --->   "%specinterface_ln0 = specinterface void @_ssdm_op_SpecInterface, i8 %inByte623, void @empty_3, i32 0, i32 0, void @empty_23, i32 0, i32 0, void @empty_23, void @empty_23, void @empty_23, i32 0, i32 0, i32 0, i32 0, void @empty_23, void @empty_23, i32 4294967295, i32 0"   --->   Operation 19 'specinterface' 'specinterface_ln0' <Predicate = true> <Delay = 0.00>
ST_1 : Operation 20 [1/1] (0.00ns)   --->   "%specinterface_ln0 = specinterface void @_ssdm_op_SpecInterface, i8 %inByte724, void @empty_3, i32 0, i32 0, void @empty_23, i32 0, i32 0, void @empty_23, void @empty_23, void @empty_23, i32 0, i32 0, i32 0, i32 0, void @empty_23, void @empty_23, i32 4294967295, i32 0"   --->   Operation 20 'specinterface' 'specinterface_ln0' <Predicate = true> <Delay = 0.00>
ST_1 : Operation 21 [1/1] (0.00ns)   --->   "%specinterface_ln0 = specinterface void @_ssdm_op_SpecInterface, i8 %inByte825, void @empty_3, i32 0, i32 0, void @empty_23, i32 0, i32 0, void @empty_23, void @empty_23, void @empty_23, i32 0, i32 0, i32 0, i32 0, void @empty_23, void @empty_23, i32 4294967295, i32 0"   --->   Operation 21 'specinterface' 'specinterface_ln0' <Predicate = true> <Delay = 0.00>
ST_1 : Operation 22 [1/1] (0.00ns)   --->   "%specinterface_ln0 = specinterface void @_ssdm_op_SpecInterface, i8 %inByte926, void @empty_3, i32 0, i32 0, void @empty_23, i32 0, i32 0, void @empty_23, void @empty_23, void @empty_23, i32 0, i32 0, i32 0, i32 0, void @empty_23, void @empty_23, i32 4294967295, i32 0"   --->   Operation 22 'specinterface' 'specinterface_ln0' <Predicate = true> <Delay = 0.00>
ST_1 : Operation 23 [1/1] (0.00ns)   --->   "%specinterface_ln0 = specinterface void @_ssdm_op_SpecInterface, i8 %inByte1027, void @empty_3, i32 0, i32 0, void @empty_23, i32 0, i32 0, void @empty_23, void @empty_23, void @empty_23, i32 0, i32 0, i32 0, i32 0, void @empty_23, void @empty_23, i32 4294967295, i32 0"   --->   Operation 23 'specinterface' 'specinterface_ln0' <Predicate = true> <Delay = 0.00>
ST_1 : Operation 24 [1/1] (0.00ns)   --->   "%specinterface_ln0 = specinterface void @_ssdm_op_SpecInterface, i8 %inByte1128, void @empty_3, i32 0, i32 0, void @empty_23, i32 0, i32 0, void @empty_23, void @empty_23, void @empty_23, i32 0, i32 0, i32 0, i32 0, void @empty_23, void @empty_23, i32 4294967295, i32 0"   --->   Operation 24 'specinterface' 'specinterface_ln0' <Predicate = true> <Delay = 0.00>
ST_1 : Operation 25 [1/1] (0.00ns)   --->   "%specinterface_ln0 = specinterface void @_ssdm_op_SpecInterface, i8 %inByte1229, void @empty_3, i32 0, i32 0, void @empty_23, i32 0, i32 0, void @empty_23, void @empty_23, void @empty_23, i32 0, i32 0, i32 0, i32 0, void @empty_23, void @empty_23, i32 4294967295, i32 0"   --->   Operation 25 'specinterface' 'specinterface_ln0' <Predicate = true> <Delay = 0.00>
ST_1 : Operation 26 [1/1] (0.00ns)   --->   "%specinterface_ln0 = specinterface void @_ssdm_op_SpecInterface, i8 %inByte1330, void @empty_3, i32 0, i32 0, void @empty_23, i32 0, i32 0, void @empty_23, void @empty_23, void @empty_23, i32 0, i32 0, i32 0, i32 0, void @empty_23, void @empty_23, i32 4294967295, i32 0"   --->   Operation 26 'specinterface' 'specinterface_ln0' <Predicate = true> <Delay = 0.00>
ST_1 : Operation 27 [1/1] (0.00ns)   --->   "%specinterface_ln0 = specinterface void @_ssdm_op_SpecInterface, i8 %inByte1431, void @empty_3, i32 0, i32 0, void @empty_23, i32 0, i32 0, void @empty_23, void @empty_23, void @empty_23, i32 0, i32 0, i32 0, i32 0, void @empty_23, void @empty_23, i32 4294967295, i32 0"   --->   Operation 27 'specinterface' 'specinterface_ln0' <Predicate = true> <Delay = 0.00>
ST_1 : Operation 28 [1/1] (0.00ns)   --->   "%specinterface_ln0 = specinterface void @_ssdm_op_SpecInterface, i8 %inByte1532, void @empty_3, i32 0, i32 0, void @empty_23, i32 0, i32 0, void @empty_23, void @empty_23, void @empty_23, i32 0, i32 0, i32 0, i32 0, void @empty_23, void @empty_23, i32 4294967295, i32 0"   --->   Operation 28 'specinterface' 'specinterface_ln0' <Predicate = true> <Delay = 0.00>
ST_1 : Operation 29 [1/1] (0.38ns)   --->   "%store_ln444 = store i32 %crc_read, i32 %lhs_V" [/home/efrink/mled/split_cu/U280_CRC_Accelerator/src/kernel.cpp:444]   --->   Operation 29 'store' 'store_ln444' <Predicate = true> <Delay = 0.38>
ST_1 : Operation 30 [1/1] (0.38ns)   --->   "%store_ln444 = store i31 0, i31 %t" [/home/efrink/mled/split_cu/U280_CRC_Accelerator/src/kernel.cpp:444]   --->   Operation 30 'store' 'store_ln444' <Predicate = true> <Delay = 0.38>
ST_1 : Operation 31 [1/1] (0.00ns)   --->   "%br_ln444 = br void %for.body" [/home/efrink/mled/split_cu/U280_CRC_Accelerator/src/kernel.cpp:444]   --->   Operation 31 'br' 'br_ln444' <Predicate = true> <Delay = 0.00>
ST_1 : Operation 32 [1/1] (0.00ns)   --->   "%t_1 = load i31 %t" [/home/efrink/mled/split_cu/U280_CRC_Accelerator/src/kernel.cpp:444]   --->   Operation 32 'load' 't_1' <Predicate = true> <Delay = 0.00>
ST_1 : Operation 33 [1/1] (0.84ns)   --->   "%icmp_ln444 = icmp_eq  i31 %t_1, i31 %tail_bytes_read" [/home/efrink/mled/split_cu/U280_CRC_Accelerator/src/kernel.cpp:444]   --->   Operation 33 'icmp' 'icmp_ln444' <Predicate = true> <Delay = 0.84> <CoreInst = "Cmp">   --->   Core 9 'Cmp' <Latency = 0> <II = 1> <Delay = 0.84> <FuncUnit> <Opcode : 'icmp'> <InPorts = 2> <OutPorts = 1>
ST_1 : Operation 34 [1/1] (0.00ns)   --->   "%empty = speclooptripcount i32 @_ssdm_op_SpecLoopTripCount, i64 1, i64 18446744073709551615, i64 0"   --->   Operation 34 'speclooptripcount' 'empty' <Predicate = true> <Delay = 0.00>
ST_1 : Operation 35 [1/1] (0.87ns)   --->   "%t_2 = add i31 %t_1, i31 1" [/home/efrink/mled/split_cu/U280_CRC_Accelerator/src/kernel.cpp:444]   --->   Operation 35 'add' 't_2' <Predicate = true> <Delay = 0.87> <CoreInst = "Adder">   --->   Core 1 'Adder' <Latency = 0> <II = 1> <Delay = 0.87> <FuncUnit> <Opcode : 'add' 'sub'> <InPorts = 2> <OutPorts = 1>
ST_1 : Operation 36 [1/1] (0.00ns)   --->   "%br_ln444 = br i1 %icmp_ln444, void %for.body.split, void %for.end" [/home/efrink/mled/split_cu/U280_CRC_Accelerator/src/kernel.cpp:444]   --->   Operation 36 'br' 'br_ln444' <Predicate = true> <Delay = 0.00>
ST_1 : Operation 37 [1/1] (0.00ns)   --->   "%trunc_ln444_1 = trunc i31 %t_1" [/home/efrink/mled/split_cu/U280_CRC_Accelerator/src/kernel.cpp:444]   --->   Operation 37 'trunc' 'trunc_ln444_1' <Predicate = (!icmp_ln444)> <Delay = 0.00>
ST_1 : Operation 38 [1/1] (0.34ns)   --->   "%switch_ln449 = switch i4 %trunc_ln444_1, void %sw.default, i4 0, void %sw.bb, i4 1, void %sw.bb1, i4 2, void %sw.bb3, i4 3, void %sw.bb5, i4 4, void %sw.bb7, i4 5, void %sw.bb9, i4 6, void %sw.bb11, i4 7, void %sw.bb13, i4 8, void %sw.bb15, i4 9, void %sw.bb17, i4 10, void %sw.bb19, i4 11, void %sw.bb21, i4 12, void %sw.bb23, i4 13, void %sw.bb25, i4 14, void %sw.bb27" [/home/efrink/mled/split_cu/U280_CRC_Accelerator/src/kernel.cpp:449]   --->   Operation 38 'switch' 'switch_ln449' <Predicate = (!icmp_ln444)> <Delay = 0.34>
ST_1 : Operation 39 [1/1] (0.38ns)   --->   "%store_ln444 = store i31 %t_2, i31 %t" [/home/efrink/mled/split_cu/U280_CRC_Accelerator/src/kernel.cpp:444]   --->   Operation 39 'store' 'store_ln444' <Predicate = (!icmp_ln444)> <Delay = 0.38>

State 2 <SV = 1> <Delay = 1.21>
ST_2 : Operation 40 [1/1] (1.21ns)   --->   "%tmp_16 = read i8 @_ssdm_op_Read.ap_fifo.volatile.i8P0A, i8 %inByte1431" [/packages/apps/fpga/Vitis_HLS/2022.1/common/technology/autopilot/hls_stream_39.h:145]   --->   Operation 40 'read' 'tmp_16' <Predicate = (!icmp_ln444 & trunc_ln444_1 == 14)> <Delay = 1.21> <CoreInst = "FIFO_SRL">   --->   Core 81 'FIFO_SRL' <Latency = 0> <II = 1> <Delay = 1.35> <Storage> <Opcode : 'read' 'write' 'nbread' 'nbwrite'> <Ports = 0> <Width = 8> <Depth = 64> <FIFO>
ST_2 : Operation 41 [1/1] (0.49ns)   --->   "%br_ln495 = br void %for.inc" [/home/efrink/mled/split_cu/U280_CRC_Accelerator/src/kernel.cpp:495]   --->   Operation 41 'br' 'br_ln495' <Predicate = (!icmp_ln444 & trunc_ln444_1 == 14)> <Delay = 0.49>
ST_2 : Operation 42 [1/1] (1.21ns)   --->   "%tmp_15 = read i8 @_ssdm_op_Read.ap_fifo.volatile.i8P0A, i8 %inByte1330" [/packages/apps/fpga/Vitis_HLS/2022.1/common/technology/autopilot/hls_stream_39.h:145]   --->   Operation 42 'read' 'tmp_15' <Predicate = (!icmp_ln444 & trunc_ln444_1 == 13)> <Delay = 1.21> <CoreInst = "FIFO_SRL">   --->   Core 81 'FIFO_SRL' <Latency = 0> <II = 1> <Delay = 1.35> <Storage> <Opcode : 'read' 'write' 'nbread' 'nbwrite'> <Ports = 0> <Width = 8> <Depth = 64> <FIFO>
ST_2 : Operation 43 [1/1] (0.49ns)   --->   "%br_ln492 = br void %for.inc" [/home/efrink/mled/split_cu/U280_CRC_Accelerator/src/kernel.cpp:492]   --->   Operation 43 'br' 'br_ln492' <Predicate = (!icmp_ln444 & trunc_ln444_1 == 13)> <Delay = 0.49>
ST_2 : Operation 44 [1/1] (1.21ns)   --->   "%tmp_14 = read i8 @_ssdm_op_Read.ap_fifo.volatile.i8P0A, i8 %inByte1229" [/packages/apps/fpga/Vitis_HLS/2022.1/common/technology/autopilot/hls_stream_39.h:145]   --->   Operation 44 'read' 'tmp_14' <Predicate = (!icmp_ln444 & trunc_ln444_1 == 12)> <Delay = 1.21> <CoreInst = "FIFO_SRL">   --->   Core 81 'FIFO_SRL' <Latency = 0> <II = 1> <Delay = 1.35> <Storage> <Opcode : 'read' 'write' 'nbread' 'nbwrite'> <Ports = 0> <Width = 8> <Depth = 64> <FIFO>
ST_2 : Operation 45 [1/1] (0.49ns)   --->   "%br_ln489 = br void %for.inc" [/home/efrink/mled/split_cu/U280_CRC_Accelerator/src/kernel.cpp:489]   --->   Operation 45 'br' 'br_ln489' <Predicate = (!icmp_ln444 & trunc_ln444_1 == 12)> <Delay = 0.49>
ST_2 : Operation 46 [1/1] (1.21ns)   --->   "%tmp_13 = read i8 @_ssdm_op_Read.ap_fifo.volatile.i8P0A, i8 %inByte1128" [/packages/apps/fpga/Vitis_HLS/2022.1/common/technology/autopilot/hls_stream_39.h:145]   --->   Operation 46 'read' 'tmp_13' <Predicate = (!icmp_ln444 & trunc_ln444_1 == 11)> <Delay = 1.21> <CoreInst = "FIFO_SRL">   --->   Core 81 'FIFO_SRL' <Latency = 0> <II = 1> <Delay = 1.35> <Storage> <Opcode : 'read' 'write' 'nbread' 'nbwrite'> <Ports = 0> <Width = 8> <Depth = 64> <FIFO>
ST_2 : Operation 47 [1/1] (0.49ns)   --->   "%br_ln486 = br void %for.inc" [/home/efrink/mled/split_cu/U280_CRC_Accelerator/src/kernel.cpp:486]   --->   Operation 47 'br' 'br_ln486' <Predicate = (!icmp_ln444 & trunc_ln444_1 == 11)> <Delay = 0.49>
ST_2 : Operation 48 [1/1] (1.21ns)   --->   "%tmp_12 = read i8 @_ssdm_op_Read.ap_fifo.volatile.i8P0A, i8 %inByte1027" [/packages/apps/fpga/Vitis_HLS/2022.1/common/technology/autopilot/hls_stream_39.h:145]   --->   Operation 48 'read' 'tmp_12' <Predicate = (!icmp_ln444 & trunc_ln444_1 == 10)> <Delay = 1.21> <CoreInst = "FIFO_SRL">   --->   Core 81 'FIFO_SRL' <Latency = 0> <II = 1> <Delay = 1.35> <Storage> <Opcode : 'read' 'write' 'nbread' 'nbwrite'> <Ports = 0> <Width = 8> <Depth = 64> <FIFO>
ST_2 : Operation 49 [1/1] (0.49ns)   --->   "%br_ln483 = br void %for.inc" [/home/efrink/mled/split_cu/U280_CRC_Accelerator/src/kernel.cpp:483]   --->   Operation 49 'br' 'br_ln483' <Predicate = (!icmp_ln444 & trunc_ln444_1 == 10)> <Delay = 0.49>
ST_2 : Operation 50 [1/1] (1.21ns)   --->   "%tmp_11 = read i8 @_ssdm_op_Read.ap_fifo.volatile.i8P0A, i8 %inByte926" [/packages/apps/fpga/Vitis_HLS/2022.1/common/technology/autopilot/hls_stream_39.h:145]   --->   Operation 50 'read' 'tmp_11' <Predicate = (!icmp_ln444 & trunc_ln444_1 == 9)> <Delay = 1.21> <CoreInst = "FIFO_SRL">   --->   Core 81 'FIFO_SRL' <Latency = 0> <II = 1> <Delay = 1.35> <Storage> <Opcode : 'read' 'write' 'nbread' 'nbwrite'> <Ports = 0> <Width = 8> <Depth = 64> <FIFO>
ST_2 : Operation 51 [1/1] (0.49ns)   --->   "%br_ln480 = br void %for.inc" [/home/efrink/mled/split_cu/U280_CRC_Accelerator/src/kernel.cpp:480]   --->   Operation 51 'br' 'br_ln480' <Predicate = (!icmp_ln444 & trunc_ln444_1 == 9)> <Delay = 0.49>
ST_2 : Operation 52 [1/1] (1.21ns)   --->   "%tmp_10 = read i8 @_ssdm_op_Read.ap_fifo.volatile.i8P0A, i8 %inByte825" [/packages/apps/fpga/Vitis_HLS/2022.1/common/technology/autopilot/hls_stream_39.h:145]   --->   Operation 52 'read' 'tmp_10' <Predicate = (!icmp_ln444 & trunc_ln444_1 == 8)> <Delay = 1.21> <CoreInst = "FIFO_SRL">   --->   Core 81 'FIFO_SRL' <Latency = 0> <II = 1> <Delay = 1.35> <Storage> <Opcode : 'read' 'write' 'nbread' 'nbwrite'> <Ports = 0> <Width = 8> <Depth = 64> <FIFO>
ST_2 : Operation 53 [1/1] (0.49ns)   --->   "%br_ln477 = br void %for.inc" [/home/efrink/mled/split_cu/U280_CRC_Accelerator/src/kernel.cpp:477]   --->   Operation 53 'br' 'br_ln477' <Predicate = (!icmp_ln444 & trunc_ln444_1 == 8)> <Delay = 0.49>
ST_2 : Operation 54 [1/1] (1.21ns)   --->   "%tmp_9 = read i8 @_ssdm_op_Read.ap_fifo.volatile.i8P0A, i8 %inByte724" [/packages/apps/fpga/Vitis_HLS/2022.1/common/technology/autopilot/hls_stream_39.h:145]   --->   Operation 54 'read' 'tmp_9' <Predicate = (!icmp_ln444 & trunc_ln444_1 == 7)> <Delay = 1.21> <CoreInst = "FIFO_SRL">   --->   Core 81 'FIFO_SRL' <Latency = 0> <II = 1> <Delay = 1.35> <Storage> <Opcode : 'read' 'write' 'nbread' 'nbwrite'> <Ports = 0> <Width = 8> <Depth = 64> <FIFO>
ST_2 : Operation 55 [1/1] (0.49ns)   --->   "%br_ln474 = br void %for.inc" [/home/efrink/mled/split_cu/U280_CRC_Accelerator/src/kernel.cpp:474]   --->   Operation 55 'br' 'br_ln474' <Predicate = (!icmp_ln444 & trunc_ln444_1 == 7)> <Delay = 0.49>
ST_2 : Operation 56 [1/1] (1.21ns)   --->   "%tmp_8 = read i8 @_ssdm_op_Read.ap_fifo.volatile.i8P0A, i8 %inByte623" [/packages/apps/fpga/Vitis_HLS/2022.1/common/technology/autopilot/hls_stream_39.h:145]   --->   Operation 56 'read' 'tmp_8' <Predicate = (!icmp_ln444 & trunc_ln444_1 == 6)> <Delay = 1.21> <CoreInst = "FIFO_SRL">   --->   Core 81 'FIFO_SRL' <Latency = 0> <II = 1> <Delay = 1.35> <Storage> <Opcode : 'read' 'write' 'nbread' 'nbwrite'> <Ports = 0> <Width = 8> <Depth = 64> <FIFO>
ST_2 : Operation 57 [1/1] (0.49ns)   --->   "%br_ln471 = br void %for.inc" [/home/efrink/mled/split_cu/U280_CRC_Accelerator/src/kernel.cpp:471]   --->   Operation 57 'br' 'br_ln471' <Predicate = (!icmp_ln444 & trunc_ln444_1 == 6)> <Delay = 0.49>
ST_2 : Operation 58 [1/1] (1.21ns)   --->   "%tmp_7 = read i8 @_ssdm_op_Read.ap_fifo.volatile.i8P0A, i8 %inByte522" [/packages/apps/fpga/Vitis_HLS/2022.1/common/technology/autopilot/hls_stream_39.h:145]   --->   Operation 58 'read' 'tmp_7' <Predicate = (!icmp_ln444 & trunc_ln444_1 == 5)> <Delay = 1.21> <CoreInst = "FIFO_SRL">   --->   Core 81 'FIFO_SRL' <Latency = 0> <II = 1> <Delay = 1.35> <Storage> <Opcode : 'read' 'write' 'nbread' 'nbwrite'> <Ports = 0> <Width = 8> <Depth = 64> <FIFO>
ST_2 : Operation 59 [1/1] (0.49ns)   --->   "%br_ln468 = br void %for.inc" [/home/efrink/mled/split_cu/U280_CRC_Accelerator/src/kernel.cpp:468]   --->   Operation 59 'br' 'br_ln468' <Predicate = (!icmp_ln444 & trunc_ln444_1 == 5)> <Delay = 0.49>
ST_2 : Operation 60 [1/1] (1.21ns)   --->   "%tmp_6 = read i8 @_ssdm_op_Read.ap_fifo.volatile.i8P0A, i8 %inByte421" [/packages/apps/fpga/Vitis_HLS/2022.1/common/technology/autopilot/hls_stream_39.h:145]   --->   Operation 60 'read' 'tmp_6' <Predicate = (!icmp_ln444 & trunc_ln444_1 == 4)> <Delay = 1.21> <CoreInst = "FIFO_SRL">   --->   Core 81 'FIFO_SRL' <Latency = 0> <II = 1> <Delay = 1.35> <Storage> <Opcode : 'read' 'write' 'nbread' 'nbwrite'> <Ports = 0> <Width = 8> <Depth = 64> <FIFO>
ST_2 : Operation 61 [1/1] (0.49ns)   --->   "%br_ln465 = br void %for.inc" [/home/efrink/mled/split_cu/U280_CRC_Accelerator/src/kernel.cpp:465]   --->   Operation 61 'br' 'br_ln465' <Predicate = (!icmp_ln444 & trunc_ln444_1 == 4)> <Delay = 0.49>
ST_2 : Operation 62 [1/1] (1.21ns)   --->   "%tmp_5 = read i8 @_ssdm_op_Read.ap_fifo.volatile.i8P0A, i8 %inByte320" [/packages/apps/fpga/Vitis_HLS/2022.1/common/technology/autopilot/hls_stream_39.h:145]   --->   Operation 62 'read' 'tmp_5' <Predicate = (!icmp_ln444 & trunc_ln444_1 == 3)> <Delay = 1.21> <CoreInst = "FIFO_SRL">   --->   Core 81 'FIFO_SRL' <Latency = 0> <II = 1> <Delay = 1.35> <Storage> <Opcode : 'read' 'write' 'nbread' 'nbwrite'> <Ports = 0> <Width = 8> <Depth = 64> <FIFO>
ST_2 : Operation 63 [1/1] (0.49ns)   --->   "%br_ln462 = br void %for.inc" [/home/efrink/mled/split_cu/U280_CRC_Accelerator/src/kernel.cpp:462]   --->   Operation 63 'br' 'br_ln462' <Predicate = (!icmp_ln444 & trunc_ln444_1 == 3)> <Delay = 0.49>
ST_2 : Operation 64 [1/1] (1.21ns)   --->   "%tmp_4 = read i8 @_ssdm_op_Read.ap_fifo.volatile.i8P0A, i8 %inByte219" [/packages/apps/fpga/Vitis_HLS/2022.1/common/technology/autopilot/hls_stream_39.h:145]   --->   Operation 64 'read' 'tmp_4' <Predicate = (!icmp_ln444 & trunc_ln444_1 == 2)> <Delay = 1.21> <CoreInst = "FIFO_SRL">   --->   Core 81 'FIFO_SRL' <Latency = 0> <II = 1> <Delay = 1.35> <Storage> <Opcode : 'read' 'write' 'nbread' 'nbwrite'> <Ports = 0> <Width = 8> <Depth = 64> <FIFO>
ST_2 : Operation 65 [1/1] (0.49ns)   --->   "%br_ln459 = br void %for.inc" [/home/efrink/mled/split_cu/U280_CRC_Accelerator/src/kernel.cpp:459]   --->   Operation 65 'br' 'br_ln459' <Predicate = (!icmp_ln444 & trunc_ln444_1 == 2)> <Delay = 0.49>
ST_2 : Operation 66 [1/1] (1.21ns)   --->   "%tmp_3 = read i8 @_ssdm_op_Read.ap_fifo.volatile.i8P0A, i8 %inByte118" [/packages/apps/fpga/Vitis_HLS/2022.1/common/technology/autopilot/hls_stream_39.h:145]   --->   Operation 66 'read' 'tmp_3' <Predicate = (!icmp_ln444 & trunc_ln444_1 == 1)> <Delay = 1.21> <CoreInst = "FIFO_SRL">   --->   Core 81 'FIFO_SRL' <Latency = 0> <II = 1> <Delay = 1.35> <Storage> <Opcode : 'read' 'write' 'nbread' 'nbwrite'> <Ports = 0> <Width = 8> <Depth = 64> <FIFO>
ST_2 : Operation 67 [1/1] (0.49ns)   --->   "%br_ln456 = br void %for.inc" [/home/efrink/mled/split_cu/U280_CRC_Accelerator/src/kernel.cpp:456]   --->   Operation 67 'br' 'br_ln456' <Predicate = (!icmp_ln444 & trunc_ln444_1 == 1)> <Delay = 0.49>
ST_2 : Operation 68 [1/1] (1.21ns)   --->   "%tmp = read i8 @_ssdm_op_Read.ap_fifo.volatile.i8P0A, i8 %inByte017" [/packages/apps/fpga/Vitis_HLS/2022.1/common/technology/autopilot/hls_stream_39.h:145]   --->   Operation 68 'read' 'tmp' <Predicate = (!icmp_ln444 & trunc_ln444_1 == 0)> <Delay = 1.21> <CoreInst = "FIFO_SRL">   --->   Core 81 'FIFO_SRL' <Latency = 0> <II = 1> <Delay = 1.35> <Storage> <Opcode : 'read' 'write' 'nbread' 'nbwrite'> <Ports = 0> <Width = 8> <Depth = 64> <FIFO>
ST_2 : Operation 69 [1/1] (0.49ns)   --->   "%br_ln453 = br void %for.inc" [/home/efrink/mled/split_cu/U280_CRC_Accelerator/src/kernel.cpp:453]   --->   Operation 69 'br' 'br_ln453' <Predicate = (!icmp_ln444 & trunc_ln444_1 == 0)> <Delay = 0.49>
ST_2 : Operation 70 [1/1] (1.21ns)   --->   "%tmp_17 = read i8 @_ssdm_op_Read.ap_fifo.volatile.i8P0A, i8 %inByte1532" [/packages/apps/fpga/Vitis_HLS/2022.1/common/technology/autopilot/hls_stream_39.h:145]   --->   Operation 70 'read' 'tmp_17' <Predicate = (!icmp_ln444 & trunc_ln444_1 == 15)> <Delay = 1.21> <CoreInst = "FIFO_SRL">   --->   Core 81 'FIFO_SRL' <Latency = 0> <II = 1> <Delay = 1.35> <Storage> <Opcode : 'read' 'write' 'nbread' 'nbwrite'> <Ports = 0> <Width = 8> <Depth = 64> <FIFO>
ST_2 : Operation 71 [1/1] (0.49ns)   --->   "%br_ln498 = br void %for.inc" [/home/efrink/mled/split_cu/U280_CRC_Accelerator/src/kernel.cpp:498]   --->   Operation 71 'br' 'br_ln498' <Predicate = (!icmp_ln444 & trunc_ln444_1 == 15)> <Delay = 0.49>

State 3 <SV = 2> <Delay = 1.42>
ST_3 : Operation 72 [1/1] (0.00ns)   --->   "%lhs_V_load = load i32 %lhs_V" [/home/efrink/mled/split_cu/U280_CRC_Accelerator/src/kernel.cpp:444]   --->   Operation 72 'load' 'lhs_V_load' <Predicate = true> <Delay = 0.00>
ST_3 : Operation 73 [1/1] (0.00ns)   --->   "%trunc_ln444 = trunc i32 %lhs_V_load" [/home/efrink/mled/split_cu/U280_CRC_Accelerator/src/kernel.cpp:444]   --->   Operation 73 'trunc' 'trunc_ln444' <Predicate = true> <Delay = 0.00>
ST_3 : Operation 74 [1/1] (0.00ns)   --->   "%specpipeline_ln446 = specpipeline void @_ssdm_op_SpecPipeline, i32 1, i32 0, i32 0, i32 0, void @empty_23" [/home/efrink/mled/split_cu/U280_CRC_Accelerator/src/kernel.cpp:446]   --->   Operation 74 'specpipeline' 'specpipeline_ln446' <Predicate = true> <Delay = 0.00>
ST_3 : Operation 75 [1/1] (0.00ns)   --->   "%specloopname_ln444 = specloopname void @_ssdm_op_SpecLoopName, void @empty_7" [/home/efrink/mled/split_cu/U280_CRC_Accelerator/src/kernel.cpp:444]   --->   Operation 75 'specloopname' 'specloopname_ln444' <Predicate = true> <Delay = 0.00>
ST_3 : Operation 76 [1/1] (0.00ns)   --->   "%bt_V = phi i8 %tmp_17, void %sw.default, i8 %tmp_16, void %sw.bb27, i8 %tmp_15, void %sw.bb25, i8 %tmp_14, void %sw.bb23, i8 %tmp_13, void %sw.bb21, i8 %tmp_12, void %sw.bb19, i8 %tmp_11, void %sw.bb17, i8 %tmp_10, void %sw.bb15, i8 %tmp_9, void %sw.bb13, i8 %tmp_8, void %sw.bb11, i8 %tmp_7, void %sw.bb9, i8 %tmp_6, void %sw.bb7, i8 %tmp_5, void %sw.bb5, i8 %tmp_4, void %sw.bb3, i8 %tmp_3, void %sw.bb1, i8 %tmp, void %sw.bb"   --->   Operation 76 'phi' 'bt_V' <Predicate = true> <Delay = 0.00>
ST_3 : Operation 77 [1/1] (0.22ns)   --->   "%xor_ln1543 = xor i8 %bt_V, i8 %trunc_ln444"   --->   Operation 77 'xor' 'xor_ln1543' <Predicate = true> <Delay = 0.22> <CoreInst = "LogicGate">   --->   Core 74 'LogicGate' <Latency = 0> <II = 1> <Delay = 0.22> <FuncUnit> <Opcode : 'and' 'or' 'xor'> <InPorts = 2> <OutPorts = 1>
ST_3 : Operation 78 [1/1] (0.00ns)   --->   "%zext_ln587 = zext i8 %xor_ln1543"   --->   Operation 78 'zext' 'zext_ln587' <Predicate = true> <Delay = 0.00>
ST_3 : Operation 79 [1/1] (0.00ns)   --->   "%crcTables_0_addr = getelementptr i32 %crcTables_0, i64 0, i64 %zext_ln587" [/home/efrink/mled/split_cu/U280_CRC_Accelerator/src/kernel.cpp:501]   --->   Operation 79 'getelementptr' 'crcTables_0_addr' <Predicate = true> <Delay = 0.00>
ST_3 : Operation 80 [2/2] (1.19ns)   --->   "%rhs_V = load i8 %crcTables_0_addr" [/home/efrink/mled/split_cu/U280_CRC_Accelerator/src/kernel.cpp:501]   --->   Operation 80 'load' 'rhs_V' <Predicate = true> <Delay = 1.19> <CoreInst = "RAM_1P_BRAM">   --->   Core 90 'RAM_1P_BRAM' <Latency = 1> <II = 1> <Delay = 1.19> <Storage> <Opcode : 'load' 'store'> <Ports = 1> <Width = 32> <Depth = 256> <RAM>
ST_3 : Operation 89 [1/1] (0.00ns)   --->   "%lhs_V_load_1 = load i32 %lhs_V" [/home/efrink/mled/split_cu/U280_CRC_Accelerator/src/kernel.cpp:504]   --->   Operation 89 'load' 'lhs_V_load_1' <Predicate = (icmp_ln444)> <Delay = 0.00>
ST_3 : Operation 90 [1/1] (0.00ns)   --->   "%ret_ln504 = ret i32 %lhs_V_load_1" [/home/efrink/mled/split_cu/U280_CRC_Accelerator/src/kernel.cpp:504]   --->   Operation 90 'ret' 'ret_ln504' <Predicate = (icmp_ln444)> <Delay = 0.00>

State 4 <SV = 3> <Delay = 1.79>
ST_4 : Operation 81 [1/1] (0.00ns)   --->   "%lhs_V_load_2 = load i32 %lhs_V"   --->   Operation 81 'load' 'lhs_V_load_2' <Predicate = true> <Delay = 0.00>
ST_4 : Operation 82 [1/1] (0.00ns) (grouped into LUT with out node ret_V)   --->   "%r_V = partselect i24 @_ssdm_op_PartSelect.i24.i32.i32.i32, i32 %lhs_V_load_2, i32 8, i32 31"   --->   Operation 82 'partselect' 'r_V' <Predicate = true> <Delay = 0.00>
ST_4 : Operation 83 [1/1] (0.00ns) (grouped into LUT with out node ret_V)   --->   "%zext_ln1715 = zext i24 %r_V"   --->   Operation 83 'zext' 'zext_ln1715' <Predicate = true> <Delay = 0.00>
ST_4 : Operation 84 [1/2] (1.19ns)   --->   "%rhs_V = load i8 %crcTables_0_addr" [/home/efrink/mled/split_cu/U280_CRC_Accelerator/src/kernel.cpp:501]   --->   Operation 84 'load' 'rhs_V' <Predicate = true> <Delay = 1.19> <CoreInst = "RAM_1P_BRAM">   --->   Core 90 'RAM_1P_BRAM' <Latency = 1> <II = 1> <Delay = 1.19> <Storage> <Opcode : 'load' 'store'> <Ports = 1> <Width = 32> <Depth = 256> <RAM>
ST_4 : Operation 85 [1/1] (0.00ns) (grouped into LUT with out node ret_V)   --->   "%ret_V_2 = xor i32 %rhs_V, i32 %zext_ln1715"   --->   Operation 85 'xor' 'ret_V_2' <Predicate = true> <Delay = 0.00> <CoreInst = "LogicGate">   --->   Core 74 'LogicGate' <Latency = 0> <II = 1> <Delay = 0.21> <FuncUnit> <Opcode : 'and' 'or' 'xor'> <InPorts = 2> <OutPorts = 1>
ST_4 : Operation 86 [1/1] (0.21ns) (out node of the LUT)   --->   "%ret_V = and i32 %ret_V_2, i32 %mask_read"   --->   Operation 86 'and' 'ret_V' <Predicate = true> <Delay = 0.21> <CoreInst = "LogicGate">   --->   Core 74 'LogicGate' <Latency = 0> <II = 1> <Delay = 0.21> <FuncUnit> <Opcode : 'and' 'or' 'xor'> <InPorts = 2> <OutPorts = 1>
ST_4 : Operation 87 [1/1] (0.38ns)   --->   "%store_ln444 = store i32 %ret_V, i32 %lhs_V" [/home/efrink/mled/split_cu/U280_CRC_Accelerator/src/kernel.cpp:444]   --->   Operation 87 'store' 'store_ln444' <Predicate = true> <Delay = 0.38>
ST_4 : Operation 88 [1/1] (0.00ns)   --->   "%br_ln444 = br void %for.body" [/home/efrink/mled/split_cu/U280_CRC_Accelerator/src/kernel.cpp:444]   --->   Operation 88 'br' 'br_ln444' <Predicate = true> <Delay = 0.00>


============================================================
+ Verbose Summary: Timing violations
============================================================
Target clock period: 3.33ns, clock uncertainty: 0.9ns.

 <State 1>: 1.26ns
The critical path consists of the following:
	'alloca' operation ('t') [21]  (0 ns)
	'load' operation ('t', /home/efrink/mled/split_cu/U280_CRC_Accelerator/src/kernel.cpp:444) on local variable 't' [47]  (0 ns)
	'add' operation ('t', /home/efrink/mled/split_cu/U280_CRC_Accelerator/src/kernel.cpp:444) [50]  (0.874 ns)
	'store' operation ('store_ln444', /home/efrink/mled/split_cu/U280_CRC_Accelerator/src/kernel.cpp:444) of variable 't', /home/efrink/mled/split_cu/U280_CRC_Accelerator/src/kernel.cpp:444 on local variable 't' [119]  (0.387 ns)

 <State 2>: 1.22ns
The critical path consists of the following:
	fifo read operation ('tmp', /packages/apps/fpga/Vitis_HLS/2022.1/common/technology/autopilot/hls_stream_39.h:145) on port 'inByte724' (/packages/apps/fpga/Vitis_HLS/2022.1/common/technology/autopilot/hls_stream_39.h:145) [81]  (1.22 ns)

 <State 3>: 1.42ns
The critical path consists of the following:
	'load' operation ('lhs_V_load', /home/efrink/mled/split_cu/U280_CRC_Accelerator/src/kernel.cpp:444) on local variable 'lhs.V' [53]  (0 ns)
	'xor' operation ('xor_ln1543') [112]  (0.228 ns)
	'getelementptr' operation ('crcTables_0_addr', /home/efrink/mled/split_cu/U280_CRC_Accelerator/src/kernel.cpp:501) [114]  (0 ns)
	'load' operation ('i_op', /home/efrink/mled/split_cu/U280_CRC_Accelerator/src/kernel.cpp:501) on array 'crcTables_0' [115]  (1.2 ns)

 <State 4>: 1.79ns
The critical path consists of the following:
	'load' operation ('i_op', /home/efrink/mled/split_cu/U280_CRC_Accelerator/src/kernel.cpp:501) on array 'crcTables_0' [115]  (1.2 ns)
	'xor' operation ('ret.V') [116]  (0 ns)
	'and' operation ('ret.V') [117]  (0.21 ns)
	'store' operation ('store_ln444', /home/efrink/mled/split_cu/U280_CRC_Accelerator/src/kernel.cpp:444) of variable 'ret.V' on local variable 'lhs.V' [118]  (0.387 ns)


============================================================
+ Verbose Summary: Binding
============================================================
N/A
* FSMD analyzer results:
  - Output states:
 - Input state : 
  - Chain level:
	State 1
	State 2
	State 3
	State 4


============================================================
+ Verbose Summary: Datapath Resource usage 
============================================================
N/A
