

================================================================
== Vitis HLS Report for 'crc_process_tail_bytes'
================================================================
* Date:           Thu Apr  2 18:17:03 2026

* Version:        2022.1 (Build 3526262 on Mon Apr 18 15:47:01 MDT 2022)
* Project:        calculate_crc
* Solution:       solution (Vitis Kernel Flow Target)
* Product family: virtexuplus
* Target device:  xcu280-fsvh2892-2L-e


================================================================
== Performance Estimates
================================================================
+ Timing: 
    * Summary: 
    +--------+---------+----------+------------+
    |  Clock |  Target | Estimated| Uncertainty|
    +--------+---------+----------+------------+
    |ap_clk  |  3.33 ns|  1.793 ns|     0.90 ns|
    +--------+---------+----------+------------+

+ Latency: 
    * Summary: 
    +---------+---------+-----------+----------+-----+-----+---------+
    |  Latency (cycles) |  Latency (absolute)  |  Interval | Pipeline|
    |   min   |   max   |    min    |    max   | min | max |   Type  |
    +---------+---------+-----------+----------+-----+-----+---------+
    |        5|        ?|  16.665 ns|         ?|    5|    ?|       no|
    +---------+---------+-----------+----------+-----+-----+---------+

    + Detail: 
        * Instance: 
        N/A

        * Loop: 
        +------------------+---------+---------+----------+-----------+-----------+-------+----------+
        |                  |  Latency (cycles) | Iteration|  Initiation Interval  |  Trip |          |
        |     Loop Name    |   min   |   max   |  Latency |  achieved |   target  | Count | Pipelined|
        +------------------+---------+---------+----------+-----------+-----------+-------+----------+
        |- tail_byte_loop  |        3|        ?|         4|          1|          1|  1 ~ ?|       yes|
        +------------------+---------+---------+----------+-----------+-----------+-------+----------+

============================================================
+ Verbose Summary: Synthesis Manager
============================================================
InlineROM: 1
ExposeGlobal: 0
============================================================
+ Verbose Summary: CDFG Model
============================================================
IsTopModel: 0
ResetActiveHigh: 1
IsCombinational: 0
IsDatapathOnly: 0
HasWiredReturn: 1
HasMFsm: 2
HasVarLatency: 1
IsPipeline: 0
IsRtlPipelined: 0
IsInstanceOverlapped: 0
IsDontTouch: 0
HasImplIP: 0
IsGatedGlobalClock: 0

+ Individual pipeline summary: 
  * Pipeline-0: initiation interval (II) = 1, depth = 4


============================================================
+ Verbose Summary: Schedule
============================================================
* Number of FSM states : 4
* Pipeline : 1
  Pipeline-0 : II = 1, D = 4, States = { 1 2 3 4 }
* Dataflow Pipeline: 0

* FSM state transitions: 
1 --> 2 
2 --> 3 
3 --> 4 
4 --> 

* FSM state operations: 

State 1 <SV = 0> <Delay = 1.26>
ST_1 : Operation 7 [1/1] (0.00ns)   --->   "%t = alloca i32 1"   --->   Operation 7 'alloca' 't' <Predicate = true> <Delay = 0.00>
ST_1 : Operation 8 [1/1] (0.00ns)   --->   "%lhs_V = alloca i32 1"   --->   Operation 8 'alloca' 'lhs_V' <Predicate = true> <Delay = 0.00>
ST_1 : Operation 9 [1/1] (0.00ns)   --->   "%mask_read = read i32 @_ssdm_op_Read.ap_auto.i32, i32 %mask"   --->   Operation 9 'read' 'mask_read' <Predicate = true> <Delay = 0.00>
ST_1 : Operation 10 [1/1] (0.00ns)   --->   "%crc_read = read i32 @_ssdm_op_Read.ap_auto.i32, i32 %crc"   --->   Operation 10 'read' 'crc_read' <Predicate = true> <Delay = 0.00>
ST_1 : Operation 11 [1/1] (0.00ns)   --->   "%tail_bytes_read = read i31 @_ssdm_op_Read.ap_auto.i31, i31 %tail_bytes"   --->   Operation 11 'read' 'tail_bytes_read' <Predicate = true> <Delay = 0.00>
ST_1 : Operation 12 [1/1] (0.00ns)   --->   "%specmemcore_ln0 = specmemcore void @_ssdm_op_SpecMemCore, i32 %crcTables_0, i64 666, i64 18, i64 18446744073709551615"   --->   Operation 12 'specmemcore' 'specmemcore_ln0' <Predicate = true> <Delay = 0.00>
ST_1 : Operation 13 [1/1] (0.00ns)   --->   "%specinterface_ln0 = specinterface void @_ssdm_op_SpecInterface, i8 %inByte017, void @empty_3, i32 0, i32 0, void @empty_23, i32 0, i32 0, void @empty_23, void @empty_23, void @empty_23, i32 0, i32 0, i32 0, i32 0, void @empty_23, void @empty_23, i32 4294967295, i32 0"   --->   Operation 13 'specinterface' 'specinterface_ln0' <Predicate = true> <Delay = 0.00>
ST_1 : Operation 14 [1/1] (0.00ns)   --->   "%specinterface_ln0 = specinterface void @_ssdm_op_SpecInterface, i8 %inByte118, void @empty_3, i32 0, i32 0, void @empty_23, i32 0, i32 0, void @empty_23, void @empty_23, void @empty_23, i32 0, i32 0, i32 0, i32 0, void @empty_23, void @empty_23, i32 4294967295, i32 0"   --->   Operation 14 'specinterface' 'specinterface_ln0' <Predicate = true> <Delay = 0.00>
ST_1 : Operation 15 [1/1] (0.00ns)   --->   "%specinterface_ln0 = specinterface void @_ssdm_op_SpecInterface, i8 %inByte219, void @empty_3, i32 0, i32 0, void @empty_23, i32 0, i32 0, void @empty_23, void @empty_23, void @empty_23, i32 0, i32 0, i32 0, i32 0, void @empty_23, void @empty_23, i32 4294967295, i32 0"   --->   Operation 15 'specinterface' 'specinterface_ln0' <Predicate = true> <Delay = 0.00>
ST_1 : Operation 16 [1/1] (0.00ns)   --->   "%specinterface_ln0 = specinterface void @_ssdm_op_SpecInterface, i8 %inByte320, void @empty_3, i32 0, i32 0, void @empty_23, i32 0, i32 0, void @empty_23, void @empty_23, void @empty_23, i32 0, i32 0, i32 0, i32 0, void @empty_23, void @empty_23, i32 4294967295, i32 0"   --->   Operation 16 'specinterface' 'specinterface_ln0' <Predicate = true> <Delay = 0.00>
ST_1 : Operation 17 [1/1] (0.00ns)   --->   "%specinterface_ln0 = specinterface void @_ssdm_op_SpecInterface, i8 %inByte421, void @empty_3, i32 0, i32 0, void @empty_23, i32 0, i32 0, void @empty_23, void @empty_23, void @empty_23, i32 0, i32 0, i32 0, i32 0, void @empty_23, void @empty_23, i32 4294967295, i32 0"   --->   Operation 17 'specinterface' 'specinterface_ln0' <Predicate = true> <Delay = 0.00>
ST_1 : Operation 18 [1/1] (0.00ns)   --->   "%specinterface_ln0 = specinterface void @_ssdm_op_SpecInterface, i8 %inByte522, void @empty_3, i32 0, i32 0, void @empty_23, i32 0, i32 0, void @empty_23, void @empty_23, void @empty_23, i32 0, i32 0, i32 0, i32 0, void @empty_23, void @empty_23, i32 4294967295, i32 0"   --->   Operation 18 'specinterface' 'specinterface_ln0' <Predicate = true> <Delay = 0.00>
ST_1 : Operation 19 [1/1] (0.00ns)   --->   "%specinterface_ln0 = specinterface void @_ssdm_op_SpecInterface, i8 %inByte623, void @empty_3, i32 0, i32 0, void @empty_23, i32 0, i32 0, void @empty_23, void @empty_23, void @empty_23, i32 0, i32 0, i32 0, i32 0, void @empty_23, void @empty_23, i32 4294967295, i32 0"   --->   Operation 19 'specinterface' 'specinterface_ln0' <Predicate = true> <Delay = 0.00>
ST_1 : Operation 20 [1/1] (0.00ns)   --->   "%specinterface_ln0 = specinterface void @_ssdm_op_SpecInterface, i8 %inByte724, void @empty_3, i32 0, i32 0, void @empty_23, i32 0, i32 0, void @empty_23, void @empty_23, void @empty_23, i32 0, i32 0, i32 0, i32 0, void @empty_23, void @empty_23, i32 4294967295, i32 0"   --->   Operation 20 'specinterface' 'specinterface_ln0' <Predicate = true> <Delay = 0.00>
ST_1 : Operation 21 [1/1] (0.00ns)   --->   "%specinterface_ln0 = specinterface void @_ssdm_op_SpecInterface, i8 %inByte825, void @empty_3, i32 0, i32 0, void @empty_23, i32 0, i32 0, void @empty_23, void @empty_23, void @empty_23, i32 0, i32 0, i32 0, i32 0, void @empty_23, void @empty_23, i32 4294967295, i32 0"   --->   Operation 21 'specinterface' 'specinterface_ln0' <Predicate = true> <Delay = 0.00>
ST_1 : Operation 22 [1/1] (0.00ns)   --->   "%specinterface_ln0 = specinterface void @_ssdm_op_SpecInterface, i8 %inByte926, void @empty_3, i32 0, i32 0, void @empty_23, i32 0, i32 0, void @empty_23, void @empty_23, void @empty_23, i32 0, i32 0, i32 0, i32 0, void @empty_23, void @empty_23, i32 4294967295, i32 0"   --->   Operation 22 'specinterface' 'specinterface_ln0' <Predicate = true> <Delay = 0.00>
ST_1 : Operation 23 [1/1] (0.00ns)   --->   "%specinterface_ln0 = specinterface void @_ssdm_op_SpecInterface, i8 %inByte1027, void @empty_3, i32 0, i32 0, void @empty_23, i32 0, i32 0, void @empty_23, void @empty_23, void @empty_23, i32 0, i32 0, i32 0, i32 0, void @empty_23, void @empty_23, i32 4294967295, i32 0"   --->   Operation 23 'specinterface' 'specinterface_ln0' <Predicate = true> <Delay = 0.00>
ST_1 : Operation 24 [1/1] (0.00ns)   --->   "%specinterface_ln0 = specinterface void @_ssdm_op_SpecInterface, i8 %inByte1128, void @empty_3, i32 0, i32 0, void @empty_23, i32 0, i32 0, void @empty_23, void @empty_23, void @empty_23, i32 0, i32 0, i32 0, i32 0, void @empty_23, void @empty_23, i32 4294967295, i32 0"   --->   Operation 24 'specinterface' 'specinterface_ln0' <Predicate = true> <Delay = 0.00>
ST_1 : Operation 25 [1/1] (0.00ns)   --->   "%specinterface_ln0 = specinterface void @_ssdm_op_SpecInterface, i8 %inByte1229, void @empty_3, i32 0, i32 0, void @empty_23, i32 0, i32 0, void @empty_23, void @empty_23, void @empty_23, i32 0, i32 0, i32 0, i32 0, void @empty_23, void @empty_23, i32 4294967295, i32 0"   --->   Operation 25 'specinterface' 'specinterface_ln0' <Predicate = true> <Delay = 0.00>
ST_1 : Operation 26 [1/1] (0.00ns)   --->   "%specinterface_ln0 = specinterface void @_ssdm_op_SpecInterface, i8 %inByte1330, void @empty_3, i32 0, i32 0, void @empty_23, i32 0, i32 0, void @empty_23, void @empty_23, void @empty_23, i32 0, i32 0, i32 0, i32 0, void @empty_23, void @empty_23, i32 4294967295, i32 0"   --->   Operation 26 'specinterface' 'specinterface_ln0' <Predicate = true> <Delay = 0.00>
ST_1 : Operation 27 [1/1] (0.00ns)   --->   "%specinterface_ln0 = specinterface void @_ssdm_op_SpecInterface, i8 %inByte1431, void @empty_3, i32 0, i32 0, void @empty_23, i32 0, i32 0, void @empty_23, void @empty_23, void @empty_23, i32 0, i32 0, i32 0, i32 0, void @empty_23, void @empty_23, i32 4294967295, i32 0"   --->   Operation 27 'specinterface' 'specinterface_ln0' <Predicate = true> <Delay = 0.00>
ST_1 : Operation 28 [1/1] (0.00ns)   --->   "%specinterface_ln0 = specinterface void @_ssdm_op_SpecInterface, i8 %inByte1532, void @empty_3, i32 0, i32 0, void @empty_23, i32 0, i32 0, void @empty_23, void @empty_23, void @empty_23, i32 0, i32 0, i32 0, i32 0, void @empty_23, void @empty_23, i32 4294967295, i32 0"   --->   Operation 28 'specinterface' 'specinterface_ln0' <Predicate = true> <Delay = 0.00>
ST_1 : Operation 29 [1/1] (0.38ns)   --->   "%store_ln444 = store i32 %crc_read, i32 %lhs_V" [/home/efrink/mled/split_cu/U280_CRC_Accelerator/src/kernel.cpp:444]   --->   Operation 29 'store' 'store_ln444' <Predicate = true> <Delay = 0.38>
ST_1 : Operation 30 [1/1] (0.38ns)   --->   "%store_ln444 = store i31 0, i31 %t" [/home/efrink/mled/split_cu/U280_CRC_Accelerator/src/kernel.cpp:444]   --->   Operation 30 'store' 'store_ln444' <Predicate = true> <Delay = 0.38>
ST_1 : Operation 31 [1/1] (0.00ns)   --->   "%br_ln444 = br void %for.body" [/home/efrink/mled/split_cu/U280_CRC_Accelerator/src/kernel.cpp:444]   --->   Operation 31 'br' 'br_ln444' <Predicate = true> <Delay = 0.00>
ST_1 : Operation 32 [1/1] (0.00ns)   --->   "%t_1 = load i31 %t" [/home/efrink/mled/split_cu/U280_CRC_Accelerator/src/kernel.cpp:444]   --->   Operation 32 'load' 't_1' <Predicate = true> <Delay = 0.00>
ST_1 : Operation 33 [1/1] (0.84ns)   --->   "%icmp_ln444 = icmp_eq  i31 %t_1, i31 %tail_bytes_read" [/home/efrink/mled/split_cu/U280_CRC_Accelerator/src/kernel.cpp:444]   --->   Operation 33 'icmp' 'icmp_ln444' <Predicate = true> <Delay = 0.84> <CoreInst = "Cmp">   --->   Core 9 'Cmp' <Latency = 0> <II = 1> <Delay = 0.84> <FuncUnit> <Opcode : 'icmp'> <InPorts = 2> <OutPorts = 1>
ST_1 : Operation 34 [1/1] (0.00ns)   --->   "%empty = speclooptripcount i32 @_ssdm_op_SpecLoopTripCount, i64 1, i64 18446744073709551615, i64 0"   --->   Operation 34 'speclooptripcount' 'empty' <Predicate = true> <Delay = 0.00>
ST_1 : Operation 35 [1/1] (0.87ns)   --->   "%t_2 = add i31 %t_1, i31 1" [/home/efrink/mled/split_cu/U280_CRC_Accelerator/src/kernel.cpp:444]   --->   Operation 35 'add' 't_2' <Predicate = true> <Delay = 0.87> <CoreInst = "Adder">   --->   Core 1 'Adder' <Latency = 0> <II = 1> <Delay = 0.87> <FuncUnit> <Opcode : 'add' 'sub'> <InPorts = 2> <OutPorts = 1>
ST_1 : Operation 36 [1/1] (0.00ns)   --->   "%br_ln444 = br i1 %icmp_ln444, void %for.body.split, void %for.end" [/home/efrink/mled/split_cu/U280_CRC_Accelerator/src/kernel.cpp:444]   --->   Operation 36 'br' 'br_ln444' <Predicate = true> <Delay = 0.00>
ST_1 : Operation 37 [1/1] (0.00ns)   --->   "%trunc_ln444_1 = trunc i31 %t_1" [/home/efrink/mled/split_cu/U280_CRC_Accelerator/src/kernel.cpp:444]   --->   Operation 37 'trunc' 'trunc_ln444_1' <Predicate = (!icmp_ln444)> <Delay = 0.00>
ST_1 : Operation 38 [1/1] (0.34ns)   --->   "%switch_ln449 = switch i4 %trunc_ln444_1, void %sw.default, i4 0, void %sw.bb, i4 1, void %sw.bb1, i4 2, void %sw.bb3, i4 3, void %sw.bb5, i4 4, void %sw.bb7, i4 5, void %sw.bb9, i4 6, void %sw.bb11, i4 7, void %sw.bb13, i4 8, void %sw.bb15, i4 9, void %sw.bb17, i4 10, void %sw.bb19, i4 11, void %sw.bb21, i4 12, void %sw.bb23, i4 13, void %sw.bb25, i4 14, void %sw.bb27" [/home/efrink/mled/split_cu/U280_CRC_Accelerator/src/kernel.cpp:449]   --->   Operation 38 'switch' 'switch_ln449' <Predicate = (!icmp_ln444)> <Delay = 0.34>
ST_1 : Operation 39 [1/1] (0.38ns)   --->   "%store_ln444 = store i31 %t_2, i31 %t" [/home/efrink/mled/split_cu/U280_CRC_Accelerator/src/kernel.cpp:444]   --->   Operation 39 'store' 'store_ln444' <Predicate = (!icmp_ln444)> <Delay = 0.38>

State 2 <SV = 1> <Delay = 1.21>
ST_2 : Operation 40 [1/1] (1.21ns)   --->   "%tmp_16 = read i8 @_ssdm_op_Read.ap_fifo.volatile.i8P0A, i8 %inByte1431" [/packages/apps/fpga/Vitis_HLS/2022.1/common/technology/autopilot/hls_stream_39.h:145]   --->   Operation 40 'read' 'tmp_16' <Predicate = (!icmp_ln444 & trunc_ln444_1 == 14)> <Delay = 1.21> <CoreInst = "FIFO_SRL">   --->   Core 81 'FIFO_SRL' <Latency = 0> <II = 1> <Delay = 1.35> <Storage> <Opcode : 'read' 'write' 'nbread' 'nbwrite'> <Ports = 0> <Width = 8> <Depth = 64> <FIFO>
ST_2 : Operation 41 [1/1] (0.49ns)   --->   "%br_ln495 = br void %for.inc" [/home/efrink/mled/split_cu/U280_CRC_Accelerator/src/kernel.cpp:495]   --->   Operation 41 'br' 'br_ln495' <Predicate = (!icmp_ln444 & trunc_ln444_1 == 14)> <Delay = 0.49>
ST_2 : Operation 42 [1/1] (1.21ns)   --->   "%tmp_15 = read i8 @_ssdm_op_Read.ap_fifo.volatile.i8P0A, i8 %inByte1330" [/packages/apps/fpga/Vitis_HLS/2022.1/common/technology/autopilot/hls_stream_39.h:145]   --->   Operation 42 'read' 'tmp_15' <Predicate = (!icmp_ln444 & trunc_ln444_1 == 13)> <Delay = 1.21> <CoreInst = "FIFO_SRL">   --->   Core 81 'FIFO_SRL' <Latency = 0> <II = 1> <Delay = 1.35> <Storage> <Opcode : 'read' 'write' 'nbread' 'nbwrite'> <Ports = 0> <Width = 8> <Depth = 64> <FIFO>
ST_2 : Operation 43 [1/1] (0.49ns)   --->   "%br_ln492 = br void %for.inc" [/home/efrink/mled/split_cu/U280_CRC_Accelerator/src/kernel.cpp:492]   --->   Operation 43 'br' 'br_ln492' <Predicate = (!icmp_ln444 & trunc_ln444_1 == 13)> <Delay = 0.49>
ST_2 : Operation 44 [1/1] (1.21ns)   --->   "%tmp_14 = read i8 @_ssdm_op_Read.ap_fifo.volatile.i8P0A, i8 %inByte1229" [/packages/apps/fpga/Vitis_HLS/2022.1/common/technology/autopilot/hls_stream_39.h:145]   --->   Operation 44 'read' 'tmp_14' <Predicate = (!icmp_ln444 & trunc_ln444_1 == 12)> <Delay = 1.21> <CoreInst = "FIFO_SRL">   --->   Core 81 'FIFO_SRL' <Latency = 0> <II = 1> <Delay = 1.35> <Storage> <Opcode : 'read' 'write' 'nbread' 'nbwrite'> <Ports = 0> <Width = 8> <Depth = 64> <FIFO>
ST_2 : Operation 45 [1/1] (0.49ns)   --->   "%br_ln489 = br void %for.inc" [/home/efrink/mled/split_cu/U280_CRC_Accelerator/src/kernel.cpp:489]   --->   Operation 45 'br' 'br_ln489' <Predicate = (!icmp_ln444 & trunc_ln444_1 == 12)> <Delay = 0.49>
ST_2 : Operation 46 [1/1] (1.21ns)   --->   "%tmp_13 = read i8 @_ssdm_op_Read.ap_fifo.volatile.i8P0A, i8 %inByte1128" [/packages/apps/fpga/Vitis_HLS/2022.1/common/technology/autopilot/hls_stream_39.h:145]   --->   Operation 46 'read' 'tmp_13' <Predicate = (!icmp_ln444 & trunc_ln444_1 == 11)> <Delay = 1.21> <CoreInst = "FIFO_SRL">   --->   Core 81 'FIFO_SRL' <Latency = 0> <II = 1> <Delay = 1.35> <Storage> <Opcode : 'read' 'write' 'nbread' 'nbwrite'> <Ports = 0> <Width = 8> <Depth = 64> <FIFO>
ST_2 : Operation 47 [1/1] (0.49ns)   --->   "%br_ln486 = br void %for.inc" [/home/efrink/mled/split_cu/U280_CRC_Accelerator/src/kernel.cpp:486]   --->   Operation 47 'br' 'br_ln486' <Predicate = (!icmp_ln444 & trunc_ln444_1 == 11)> <Delay = 0.49>
ST_2 : Operation 48 [1/1] (1.21ns)   --->   "%tmp_12 = read i8 @_ssdm_op_Read.ap_fifo.volatile.i8P0A, i8 %inByte1027" [/packages/apps/fpga/Vitis_HLS/2022.1/common/technology/autopilot/hls_stream_39.h:145]   --->   Operation 48 'read' 'tmp_12' <Predicate = (!icmp_ln444 & trunc_ln444_1 == 10)> <Delay = 1.21> <CoreInst = "FIFO_SRL">   --->   Core 81 'FIFO_SRL' <Latency = 0> <II = 1> <Delay = 1.35> <Storage> <Opcode : 'read' 'write' 'nbread' 'nbwrite'> <Ports = 0> <Width = 8> <Depth = 64> <FIFO>
ST_2 : Operation 49 [1/1] (0.49ns)   --->   "%br_ln483 = br void %for.inc" [/home/efrink/mled/split_cu/U280_CRC_Accelerator/src/kernel.cpp:483]   --->   Operation 49 'br' 'br_ln483' <Predicate = (!icmp_ln444 & trunc_ln444_1 == 10)> <Delay = 0.49>
ST_2 : Operation 50 [1/1] (1.21ns)   --->   "%tmp_11 = read i8 @_ssdm_op_Read.ap_fifo.volatile.i8P0A, i8 %inByte926" [/packages/apps/fpga/Vitis_HLS/2022.1/common/technology/autopilot/hls_stream_39.h:145]   --->   Operation 50 'read' 'tmp_11' <Predicate = (!icmp_ln444 & trunc_ln444_1 == 9)> <Delay = 1.21> <CoreInst = "FIFO_SRL">   --->   Core 81 'FIFO_SRL' <Latency = 0> <II = 1> <Delay = 1.35> <Storage> <Opcode : 'read' 'write' 'nbread' 'nbwrite'> <Ports = 0> <Width = 8> <Depth = 64> <FIFO>
ST_2 : Operation 51 [1/1] (0.49ns)   --->   "%br_ln480 = br void %for.inc" [/home/efrink/mled/split_cu/U280_CRC_Accelerator/src/kernel.cpp:480]   --->   Operation 51 'br' 'br_ln480' <Predicate = (!icmp_ln444 & trunc_ln444_1 == 9)> <Delay = 0.49>
ST_2 : Operation 52 [1/1] (1.21ns)   --->   "%tmp_10 = read i8 @_ssdm_op_Read.ap_fifo.volatile.i8P0A, i8 %inByte825" [/packages/apps/fpga/Vitis_HLS/2022.1/common/technology/autopilot/hls_stream_39.h:145]   --->   Operation 52 'read' 'tmp_10' <Predicate = (!icmp_ln444 & trunc_ln444_1 == 8)> <Delay = 1.21> <CoreInst = "FIFO_SRL">   --->   Core 81 'FIFO_SRL' <Latency = 0> <II = 1> <Delay = 1.35> <Storage> <Opcode : 'read' 'write' 'nbread' 'nbwrite'> <Ports = 0> <Width = 8> <Depth = 64> <FIFO>
ST_2 : Operation 53 [1/1] (0.49ns)   --->   "%br_ln477 = br void %for.inc" [/home/efrink/mled/split_cu/U280_CRC_Accelerator/src/kernel.cpp:477]   --->   Operation 53 'br' 'br_ln477' <Predicate = (!icmp_ln444 & trunc_ln444_1 == 8)> <Delay = 0.49>
ST_2 : Operation 54 [1/1] (1.21ns)   --->   "%tmp_9 = read i8 @_ssdm_op_Read.ap_fifo.volatile.i8P0A, i8 %inByte724" [/packages/apps/fpga/Vitis_HLS/2022.1/common/technology/autopilot/hls_stream_39.h:145]   --->   Operation 54 'read' 'tmp_9' <Predicate = (!icmp_ln444 & trunc_ln444_1 == 7)> <Delay = 1.21> <CoreInst = "FIFO_SRL">   --->   Core 81 'FIFO_SRL' <Latency = 0> <II = 1> <Delay = 1.35> <Storage> <Opcode : 'read' 'write' 'nbread' 'nbwrite'> <Ports = 0> <Width = 8> <Depth = 64> <FIFO>
ST_2 : Operation 55 [1/1] (0.49ns)   --->   "%br_ln474 = br void %for.inc" [/home/efrink/mled/split_cu/U280_CRC_Accelerator/src/kernel.cpp:474]   --->   Operation 55 'br' 'br_ln474' <Predicate = (!icmp_ln444 & trunc_ln444_1 == 7)> <Delay = 0.49>
ST_2 : Operation 56 [1/1] (1.21ns)   --->   "%tmp_8 = read i8 @_ssdm_op_Read.ap_fifo.volatile.i8P0A, i8 %inByte623" [/packages/apps/fpga/Vitis_HLS/2022.1/common/technology/autopilot/hls_stream_39.h:145]   --->   Operation 56 'read' 'tmp_8' <Predicate = (!icmp_ln444 & trunc_ln444_1 == 6)> <Delay = 1.21> <CoreInst = "FIFO_SRL">   --->   Core 81 'FIFO_SRL' <Latency = 0> <II = 1> <Delay = 1.35> <Storage> <Opcode : 'read' 'write' 'nbread' 'nbwrite'> <Ports = 0> <Width = 8> <Depth = 64> <FIFO>
ST_2 : Operation 57 [1/1] (0.49ns)   --->   "%br_ln471 = br void %for.inc" [/home/efrink/mled/split_cu/U280_CRC_Accelerator/src/kernel.cpp:471]   --->   Operation 57 'br' 'br_ln471' <Predicate = (!icmp_ln444 & trunc_ln444_1 == 6)> <Delay = 0.49>
ST_2 : Operation 58 [1/1] (1.21ns)   --->   "%tmp_7 = read i8 @_ssdm_op_Read.ap_fifo.volatile.i8P0A, i8 %inByte522" [/packages/apps/fpga/Vitis_HLS/2022.1/common/technology/autopilot/hls_stream_39.h:145]   --->   Operation 58 'read' 'tmp_7' <Predicate = (!icmp_ln444 & trunc_ln444_1 == 5)> <Delay = 1.21> <CoreInst = "FIFO_SRL">   --->   Core 81 'FIFO_SRL' <Latency = 0> <II = 1> <Delay = 1.35> <Storage> <Opcode : 'read' 'write' 'nbread' 'nbwrite'> <Ports = 0> <Width = 8> <Depth = 64> <FIFO>
ST_2 : Operation 59 [1/1] (0.49ns)   --->   "%br_ln468 = br void %for.inc" [/home/efrink/mled/split_cu/U280_CRC_Accelerator/src/kernel.cpp:468]   --->   Operation 59 'br' 'br_ln468' <Predicate = (!icmp_ln444 & trunc_ln444_1 == 5)> <Delay = 0.49>
ST_2 : Operation 60 [1/1] (1.21ns)   --->   "%tmp_6 = read i8 @_ssdm_op_Read.ap_fifo.volatile.i8P0A, i8 %inByte421" [/packages/apps/fpga/Vitis_HLS/2022.1/common/technology/autopilot/hls_stream_39.h:145]   --->   Operation 60 'read' 'tmp_6' <Predicate = (!icmp_ln444 & trunc_ln444_1 == 4)> <Delay = 1.21> <CoreInst = "FIFO_SRL">   --->   Core 81 'FIFO_SRL' <Latency = 0> <II = 1> <Delay = 1.35> <Storage> <Opcode : 'read' 'write' 'nbread' 'nbwrite'> <Ports = 0> <Width = 8> <Depth = 64> <FIFO>
ST_2 : Operation 61 [1/1] (0.49ns)   --->   "%br_ln465 = br void %for.inc" [/home/efrink/mled/split_cu/U280_CRC_Accelerator/src/kernel.cpp:465]   --->   Operation 61 'br' 'br_ln465' <Predicate = (!icmp_ln444 & trunc_ln444_1 == 4)> <Delay = 0.49>
ST_2 : Operation 62 [1/1] (1.21ns)   --->   "%tmp_5 = read i8 @_ssdm_op_Read.ap_fifo.volatile.i8P0A, i8 %inByte320" [/packages/apps/fpga/Vitis_HLS/2022.1/common/technology/autopilot/hls_stream_39.h:145]   --->   Operation 62 'read' 'tmp_5' <Predicate = (!icmp_ln444 & trunc_ln444_1 == 3)> <Delay = 1.21> <CoreInst = "FIFO_SRL">   --->   Core 81 'FIFO_SRL' <Latency = 0> <II = 1> <Delay = 1.35> <Storage> <Opcode : 'read' 'write' 'nbread' 'nbwrite'> <Ports = 0> <Width = 8> <Depth = 64> <FIFO>
ST_2 : Operation 63 [1/1] (0.49ns)   --->   "%br_ln462 = br void %for.inc" [/home/efrink/mled/split_cu/U280_CRC_Accelerator/src/kernel.cpp:462]   --->   Operation 63 'br' 'br_ln462' <Predicate = (!icmp_ln444 & trunc_ln444_1 == 3)> <Delay = 0.49>
ST_2 : Operation 64 [1/1] (1.21ns)   --->   "%tmp_4 = read i8 @_ssdm_op_Read.ap_fifo.volatile.i8P0A, i8 %inByte219" [/packages/apps/fpga/Vitis_HLS/2022.1/common/technology/autopilot/hls_stream_39.h:145]   --->   Operation 64 'read' 'tmp_4' <Predicate = (!icmp_ln444 & trunc_ln444_1 == 2)> <Delay = 1.21> <CoreInst = "FIFO_SRL">   --->   Core 81 'FIFO_SRL' <Latency = 0> <II = 1> <Delay = 1.35> <Storage> <Opcode : 'read' 'write' 'nbread' 'nbwrite'> <Ports = 0> <Width = 8> <Depth = 64> <FIFO>
ST_2 : Operation 65 [1/1] (0.49ns)   --->   "%br_ln459 = br void %for.inc" [/home/efrink/mled/split_cu/U280_CRC_Accelerator/src/kernel.cpp:459]   --->   Operation 65 'br' 'br_ln459' <Predicate = (!icmp_ln444 & trunc_ln444_1 == 2)> <Delay = 0.49>
ST_2 : Operation 66 [1/1] (1.21ns)   --->   "%tmp_3 = read i8 @_ssdm_op_Read.ap_fifo.volatile.i8P0A, i8 %inByte118" [/packages/apps/fpga/Vitis_HLS/2022.1/common/technology/autopilot/hls_stream_39.h:145]   --->   Operation 66 'read' 'tmp_3' <Predicate = (!icmp_ln444 & trunc_ln444_1 == 1)> <Delay = 1.21> <CoreInst = "FIFO_SRL">   --->   Core 81 'FIFO_SRL' <Latency = 0> <II = 1> <Delay = 1.35> <Storage> <Opcode : 'read' 'write' 'nbread' 'nbwrite'> <Ports = 0> <Width = 8> <Depth = 64> <FIFO>
ST_2 : Operation 67 [1/1] (0.49ns)   --->   "%br_ln456 = br void %for.inc" [/home/efrink/mled/split_cu/U280_CRC_Accelerator/src/kernel.cpp:456]   --->   Operation 67 'br' 'br_ln456' <Predicate = (!icmp_ln444 & trunc_ln444_1 == 1)> <Delay = 0.49>
ST_2 : Operation 68 [1/1] (1.21ns)   --->   "%tmp = read i8 @_ssdm_op_Read.ap_fifo.volatile.i8P0A, i8 %inByte017" [/packages/apps/fpga/Vitis_HLS/2022.1/common/technology/autopilot/hls_stream_39.h:145]   --->   Operation 68 'read' 'tmp' <Predicate = (!icmp_ln444 & trunc_ln444_1 == 0)> <Delay = 1.21> <CoreInst = "FIFO_SRL">   --->   Core 81 'FIFO_SRL' <Latency = 0> <II = 1> <Delay = 1.35> <Storage> <Opcode : 'read' 'write' 'nbread' 'nbwrite'> <Ports = 0> <Width = 8> <Depth = 64> <FIFO>
ST_2 : Operation 69 [1/1] (0.49ns)   --->   "%br_ln453 = br void %for.inc" [/home/efrink/mled/split_cu/U280_CRC_Accelerator/src/kernel.cpp:453]   --->   Operation 69 'br' 'br_ln453' <Predicate = (!icmp_ln444 & trunc_ln444_1 == 0)> <Delay = 0.49>
ST_2 : Operation 70 [1/1] (1.21ns)   --->   "%tmp_17 = read i8 @_ssdm_op_Read.ap_fifo.volatile.i8P0A, i8 %inByte1532" [/packages/apps/fpga/Vitis_HLS/2022.1/common/technology/autopilot/hls_stream_39.h:145]   --->   Operation 70 'read' 'tmp_17' <Predicate = (!icmp_ln444 & trunc_ln444_1 == 15)> <Delay = 1.21> <CoreInst = "FIFO_SRL">   --->   Core 81 'FIFO_SRL' <Latency = 0> <II = 1> <Delay = 1.35> <Storage> <Opcode : 'read' 'write' 'nbread' 'nbwrite'> <Ports = 0> <Width = 8> <Depth = 64> <FIFO>
ST_2 : Operation 71 [1/1] (0.49ns)   --->   "%br_ln498 = br void %for.inc" [/home/efrink/mled/split_cu/U280_CRC_Accelerator/src/kernel.cpp:498]   --->   Operation 71 'br' 'br_ln498' <Predicate = (!icmp_ln444 & trunc_ln444_1 == 15)> <Delay = 0.49>

State 3 <SV = 2> <Delay = 1.42>
ST_3 : Operation 72 [1/1] (0.00ns)   --->   "%lhs_V_load = load i32 %lhs_V" [/home/efrink/mled/split_cu/U280_CRC_Accelerator/src/kernel.cpp:444]   --->   Operation 72 'load' 'lhs_V_load' <Predicate = true> <Delay = 0.00>
ST_3 : Operation 73 [1/1] (0.00ns)   --->   "%trunc_ln444 = trunc i32 %lhs_V_load" [/home/efrink/mled/split_cu/U280_CRC_Accelerator/src/kernel.cpp:444]   --->   Operation 73 'trunc' 'trunc_ln444' <Predicate = true> <Delay = 0.00>
ST_3 : Operation 74 [1/1] (0.00ns)   --->   "%specpipeline_ln446 = specpipeline void @_ssdm_op_SpecPipeline, i32 1, i32 0, i32 0, i32 0, void @empty_23" [/home/efrink/mled/split_cu/U280_CRC_Accelerator/src/kernel.cpp:446]   --->   Operation 74 'specpipeline' 'specpipeline_ln446' <Predicate = true> <Delay = 0.00>
ST_3 : Operation 75 [1/1] (0.00ns)   --->   "%specloopname_ln444 = specloopname void @_ssdm_op_SpecLoopName, void @empty_7" [/home/efrink/mled/split_cu/U280_CRC_Accelerator/src/kernel.cpp:444]   --->   Operation 75 'specloopname' 'specloopname_ln444' <Predicate = true> <Delay = 0.00>
ST_3 : Operation 76 [1/1] (0.00ns)   --->   "%bt_V = phi i8 %tmp_17, void %sw.default, i8 %tmp_16, void %sw.bb27, i8 %tmp_15, void %sw.bb25, i8 %tmp_14, void %sw.bb23, i8 %tmp_13, void %sw.bb21, i8 %tmp_12, void %sw.bb19, i8 %tmp_11, void %sw.bb17, i8 %tmp_10, void %sw.bb15, i8 %tmp_9, void %sw.bb13, i8 %tmp_8, void %sw.bb11, i8 %tmp_7, void %sw.bb9, i8 %tmp_6, void %sw.bb7, i8 %tmp_5, void %sw.bb5, i8 %tmp_4, void %sw.bb3, i8 %tmp_3, void %sw.bb1, i8 %tmp, void %sw.bb"   --->   Operation 76 'phi' 'bt_V' <Predicate = true> <Delay = 0.00>
ST_3 : Operation 77 [1/1] (0.22ns)   --->   "%xor_ln1543 = xor i8 %bt_V, i8 %trunc_ln444"   --->   Operation 77 'xor' 'xor_ln1543' <Predicate = true> <Delay = 0.22> <CoreInst = "LogicGate">   --->   Core 74 'LogicGate' <Latency = 0> <II = 1> <Delay = 0.22> <FuncUnit> <Opcode : 'and' 'or' 'xor'> <InPorts = 2> <OutPorts = 1>
ST_3 : Operation 78 [1/1] (0.00ns)   --->   "%zext_ln587 = zext i8 %xor_ln1543"   --->   Operation 78 'zext' 'zext_ln587' <Predicate = true> <Delay = 0.00>
ST_3 : Operation 79 [1/1] (0.00ns)   --->   "%crcTables_0_addr = getelementptr i32 %crcTables_0, i64 0, i64 %zext_ln587" [/home/efrink/mled/split_cu/U280_CRC_Accelerator/src/kernel.cpp:501]   --->   Operation 79 'getelementptr' 'crcTables_0_addr' <Predicate = true> <Delay = 0.00>
ST_3 : Operation 80 [2/2] (1.19ns)   --->   "%rhs_V = load i8 %crcTables_0_addr" [/home/efrink/mled/split_cu/U280_CRC_Accelerator/src/kernel.cpp:501]   --->   Operation 80 'load' 'rhs_V' <Predicate = true> <Delay = 1.19> <CoreInst = "RAM_1P_BRAM">   --->   Core 90 'RAM_1P_BRAM' <Latency = 1> <II = 1> <Delay = 1.19> <Storage> <Opcode : 'load' 'store'> <Ports = 1> <Width = 32> <Depth = 256> <RAM>
ST_3 : Operation 89 [1/1] (0.00ns)   --->   "%lhs_V_load_1 = load i32 %lhs_V" [/home/efrink/mled/split_cu/U280_CRC_Accelerator/src/kernel.cpp:504]   --->   Operation 89 'load' 'lhs_V_load_1' <Predicate = (icmp_ln444)> <Delay = 0.00>
ST_3 : Operation 90 [1/1] (0.00ns)   --->   "%ret_ln504 = ret i32 %lhs_V_load_1" [/home/efrink/mled/split_cu/U280_CRC_Accelerator/src/kernel.cpp:504]   --->   Operation 90 'ret' 'ret_ln504' <Predicate = (icmp_ln444)> <Delay = 0.00>

State 4 <SV = 3> <Delay = 1.79>
ST_4 : Operation 81 [1/1] (0.00ns)   --->   "%lhs_V_load_2 = load i32 %lhs_V"   --->   Operation 81 'load' 'lhs_V_load_2' <Predicate = true> <Delay = 0.00>
ST_4 : Operation 82 [1/1] (0.00ns) (grouped into LUT with out node ret_V)   --->   "%r_V = partselect i24 @_ssdm_op_PartSelect.i24.i32.i32.i32, i32 %lhs_V_load_2, i32 8, i32 31"   --->   Operation 82 'partselect' 'r_V' <Predicate = true> <Delay = 0.00>
ST_4 : Operation 83 [1/1] (0.00ns) (grouped into LUT with out node ret_V)   --->   "%zext_ln1715 = zext i24 %r_V"   --->   Operation 83 'zext' 'zext_ln1715' <Predicate = true> <Delay = 0.00>
ST_4 : Operation 84 [1/2] (1.19ns)   --->   "%rhs_V = load i8 %crcTables_0_addr" [/home/efrink/mled/split_cu/U280_CRC_Accelerator/src/kernel.cpp:501]   --->   Operation 84 'load' 'rhs_V' <Predicate = true> <Delay = 1.19> <CoreInst = "RAM_1P_BRAM">   --->   Core 90 'RAM_1P_BRAM' <Latency = 1> <II = 1> <Delay = 1.19> <Storage> <Opcode : 'load' 'store'> <Ports = 1> <Width = 32> <Depth = 256> <RAM>
ST_4 : Operation 85 [1/1] (0.00ns) (grouped into LUT with out node ret_V)   --->   "%ret_V_2 = xor i32 %rhs_V, i32 %zext_ln1715"   --->   Operation 85 'xor' 'ret_V_2' <Predicate = true> <Delay = 0.00> <CoreInst = "LogicGate">   --->   Core 74 'LogicGate' <Latency = 0> <II = 1> <Delay = 0.21> <FuncUnit> <Opcode : 'and' 'or' 'xor'> <InPorts = 2> <OutPorts = 1>
ST_4 : Operation 86 [1/1] (0.21ns) (out node of the LUT)   --->   "%ret_V = and i32 %ret_V_2, i32 %mask_read"   --->   Operation 86 'and' 'ret_V' <Predicate = true> <Delay = 0.21> <CoreInst = "LogicGate">   --->   Core 74 'LogicGate' <Latency = 0> <II = 1> <Delay = 0.21> <FuncUnit> <Opcode : 'and' 'or' 'xor'> <InPorts = 2> <OutPorts = 1>
ST_4 : Operation 87 [1/1] (0.38ns)   --->   "%store_ln444 = store i32 %ret_V, i32 %lhs_V" [/home/efrink/mled/split_cu/U280_CRC_Accelerator/src/kernel.cpp:444]   --->   Operation 87 'store' 'store_ln444' <Predicate = true> <Delay = 0.38>
ST_4 : Operation 88 [1/1] (0.00ns)   --->   "%br_ln444 = br void %for.body" [/home/efrink/mled/split_cu/U280_CRC_Accelerator/src/kernel.cpp:444]   --->   Operation 88 'br' 'br_ln444' <Predicate = true> <Delay = 0.00>


============================================================
+ Verbose Summary: Binding
============================================================
STG Binding: 
---------------- STG Properties BEGIN ----------------
- Is combinational: 0
- Is one-state seq: 0
- Is datapath-only: 0
- Is pipelined: 0
- Is top level: 0
Port [ Return ] is wired: 1; IO mode=ap_ctrl_hs:ce=0
Port [ crcTables_0]:  wired=1; compound=1; hidden=0; nouse=0; global=0; static=0; extern=0; dir=0; type=1; pingpong=0; private_global=0; MemPort=[1]; IO mode=ap_memory:ce=0
Port [ inByte017]:  wired=1; compound=1; hidden=0; nouse=0; global=0; static=0; extern=0; dir=0; type=3; pingpong=0; private_global=0; IO mode=ap_fifo:ce=0
Port [ inByte118]:  wired=1; compound=1; hidden=0; nouse=0; global=0; static=0; extern=0; dir=0; type=3; pingpong=0; private_global=0; IO mode=ap_fifo:ce=0
Port [ inByte219]:  wired=1; compound=1; hidden=0; nouse=0; global=0; static=0; extern=0; dir=0; type=3; pingpong=0; private_global=0; IO mode=ap_fifo:ce=0
Port [ inByte320]:  wired=1; compound=1; hidden=0; nouse=0; global=0; static=0; extern=0; dir=0; type=3; pingpong=0; private_global=0; IO mode=ap_fifo:ce=0
Port [ inByte421]:  wired=1; compound=1; hidden=0; nouse=0; global=0; static=0; extern=0; dir=0; type=3; pingpong=0; private_global=0; IO mode=ap_fifo:ce=0
Port [ inByte522]:  wired=1; compound=1; hidden=0; nouse=0; global=0; static=0; extern=0; dir=0; type=3; pingpong=0; private_global=0; IO mode=ap_fifo:ce=0
Port [ inByte623]:  wired=1; compound=1; hidden=0; nouse=0; global=0; static=0; extern=0; dir=0; type=3; pingpong=0; private_global=0; IO mode=ap_fifo:ce=0
Port [ inByte724]:  wired=1; compound=1; hidden=0; nouse=0; global=0; static=0; extern=0; dir=0; type=3; pingpong=0; private_global=0; IO mode=ap_fifo:ce=0
Port [ inByte825]:  wired=1; compound=1; hidden=0; nouse=0; global=0; static=0; extern=0; dir=0; type=3; pingpong=0; private_global=0; IO mode=ap_fifo:ce=0
Port [ inByte926]:  wired=1; compound=1; hidden=0; nouse=0; global=0; static=0; extern=0; dir=0; type=3; pingpong=0; private_global=0; IO mode=ap_fifo:ce=0
Port [ inByte1027]:  wired=1; compound=1; hidden=0; nouse=0; global=0; static=0; extern=0; dir=0; type=3; pingpong=0; private_global=0; IO mode=ap_fifo:ce=0
Port [ inByte1128]:  wired=1; compound=1; hidden=0; nouse=0; global=0; static=0; extern=0; dir=0; type=3; pingpong=0; private_global=0; IO mode=ap_fifo:ce=0
Port [ inByte1229]:  wired=1; compound=1; hidden=0; nouse=0; global=0; static=0; extern=0; dir=0; type=3; pingpong=0; private_global=0; IO mode=ap_fifo:ce=0
Port [ inByte1330]:  wired=1; compound=1; hidden=0; nouse=0; global=0; static=0; extern=0; dir=0; type=3; pingpong=0; private_global=0; IO mode=ap_fifo:ce=0
Port [ inByte1431]:  wired=1; compound=1; hidden=0; nouse=0; global=0; static=0; extern=0; dir=0; type=3; pingpong=0; private_global=0; IO mode=ap_fifo:ce=0
Port [ inByte1532]:  wired=1; compound=1; hidden=0; nouse=0; global=0; static=0; extern=0; dir=0; type=3; pingpong=0; private_global=0; IO mode=ap_fifo:ce=0
Port [ tail_bytes]:  wired=1; compound=0; hidden=0; nouse=0; global=0; static=0; extern=0; dir=0; type=0; pingpong=0; private_global=0; IO mode=ap_none:ce=0
Port [ crc]:  wired=1; compound=0; hidden=0; nouse=0; global=0; static=0; extern=0; dir=0; type=0; pingpong=0; private_global=0; IO mode=ap_none:ce=0
Port [ mask]:  wired=1; compound=0; hidden=0; nouse=0; global=0; static=0; extern=0; dir=0; type=0; pingpong=0; private_global=0; IO mode=ap_none:ce=0
---------------- STG Properties END ------------------

---------------- Datapath Model BEGIN ----------------

<LifeTime>
<method=bitvector/>
t                  (alloca           ) [ 01000]
lhs_V              (alloca           ) [ 01111]
mask_read          (read             ) [ 01111]
crc_read           (read             ) [ 00000]
tail_bytes_read    (read             ) [ 00000]
specmemcore_ln0    (specmemcore      ) [ 00000]
specinterface_ln0  (specinterface    ) [ 00000]
specinterface_ln0  (specinterface    ) [ 00000]
specinterface_ln0  (specinterface    ) [ 00000]
specinterface_ln0  (specinterface    ) [ 00000]
specinterface_ln0  (specinterface    ) [ 00000]
specinterface_ln0  (specinterface    ) [ 00000]
specinterface_ln0  (specinterface    ) [ 00000]
specinterface_ln0  (specinterface    ) [ 00000]
specinterface_ln0  (specinterface    ) [ 00000]
specinterface_ln0  (specinterface    ) [ 00000]
specinterface_ln0  (specinterface    ) [ 00000]
specinterface_ln0  (specinterface    ) [ 00000]
specinterface_ln0  (specinterface    ) [ 00000]
specinterface_ln0  (specinterface    ) [ 00000]
specinterface_ln0  (specinterface    ) [ 00000]
specinterface_ln0  (specinterface    ) [ 00000]
store_ln444        (store            ) [ 00000]
store_ln444        (store            ) [ 00000]
br_ln444           (br               ) [ 00000]
t_1                (load             ) [ 00000]
icmp_ln444         (icmp             ) [ 01111]
empty              (speclooptripcount) [ 00000]
t_2                (add              ) [ 00000]
br_ln444           (br               ) [ 00000]
trunc_ln444_1      (trunc            ) [ 01111]
switch_ln449       (switch           ) [ 00000]
store_ln444        (store            ) [ 00000]
tmp_16             (read             ) [ 01110]
br_ln495           (br               ) [ 01110]
tmp_15             (read             ) [ 01110]
br_ln492           (br               ) [ 01110]
tmp_14             (read             ) [ 01110]
br_ln489           (br               ) [ 01110]
tmp_13             (read             ) [ 01110]
br_ln486           (br               ) [ 01110]
tmp_12             (read             ) [ 01110]
br_ln483           (br               ) [ 01110]
tmp_11             (read             ) [ 01110]
br_ln480           (br               ) [ 01110]
tmp_10             (read             ) [ 01110]
br_ln477           (br               ) [ 01110]
tmp_9              (read             ) [ 01110]
br_ln474           (br               ) [ 01110]
tmp_8              (read             ) [ 01110]
br_ln471           (br               ) [ 01110]
tmp_7              (read             ) [ 01110]
br_ln468           (br               ) [ 01110]
tmp_6              (read             ) [ 01110]
br_ln465           (br               ) [ 01110]
tmp_5              (read             ) [ 01110]
br_ln462           (br               ) [ 01110]
tmp_4              (read             ) [ 01110]
br_ln459           (br               ) [ 01110]
tmp_3              (read             ) [ 01110]
br_ln456           (br               ) [ 01110]
tmp                (read             ) [ 01110]
br_ln453           (br               ) [ 01110]
tmp_17             (read             ) [ 01110]
br_ln498           (br               ) [ 01110]
lhs_V_load         (load             ) [ 00000]
trunc_ln444        (trunc            ) [ 00000]
specpipeline_ln446 (specpipeline     ) [ 00000]
specloopname_ln444 (specloopname     ) [ 00000]
bt_V               (phi              ) [ 01010]
xor_ln1543         (xor              ) [ 00000]
zext_ln587         (zext             ) [ 00000]
crcTables_0_addr   (getelementptr    ) [ 01001]
lhs_V_load_2       (load             ) [ 00000]
r_V                (partselect       ) [ 00000]
zext_ln1715        (zext             ) [ 00000]
rhs_V              (load             ) [ 00000]
ret_V_2            (xor              ) [ 00000]
ret_V              (and              ) [ 00000]
store_ln444        (store            ) [ 00000]
br_ln444           (br               ) [ 00000]
lhs_V_load_1       (load             ) [ 00000]
ret_ln504          (ret              ) [ 00000]
</LifeTime>

<model>

<comp_list>
<comp id="0" class="1000" name="crcTables_0">
<pin_list>
<pin id="1" dir="1" index="0" bw="1" slack="0"/>
</pin_list>
<bind>
<StgValue><ssdm name="crcTables_0"/><MemPortTyVec>1 </MemPortTyVec>
</StgValue>
</bind>
</comp>

<comp id="2" class="1000" name="inByte017">
<pin_list>
<pin id="3" dir="1" index="0" bw="1" slack="0"/>
</pin_list>
<bind>
<StgValue><ssdm name="inByte017"/></StgValue>
</bind>
</comp>

<comp id="4" class="1000" name="inByte118">
<pin_list>
<pin id="5" dir="1" index="0" bw="1" slack="0"/>
</pin_list>
<bind>
<StgValue><ssdm name="inByte118"/></StgValue>
</bind>
</comp>

<comp id="6" class="1000" name="inByte219">
<pin_list>
<pin id="7" dir="1" index="0" bw="1" slack="0"/>
</pin_list>
<bind>
<StgValue><ssdm name="inByte219"/></StgValue>
</bind>
</comp>

<comp id="8" class="1000" name="inByte320">
<pin_list>
<pin id="9" dir="1" index="0" bw="1" slack="0"/>
</pin_list>
<bind>
<StgValue><ssdm name="inByte320"/></StgValue>
</bind>
</comp>

<comp id="10" class="1000" name="inByte421">
<pin_list>
<pin id="11" dir="1" index="0" bw="1" slack="0"/>
</pin_list>
<bind>
<StgValue><ssdm name="inByte421"/></StgValue>
</bind>
</comp>

<comp id="12" class="1000" name="inByte522">
<pin_list>
<pin id="13" dir="1" index="0" bw="1" slack="0"/>
</pin_list>
<bind>
<StgValue><ssdm name="inByte522"/></StgValue>
</bind>
</comp>

<comp id="14" class="1000" name="inByte623">
<pin_list>
<pin id="15" dir="1" index="0" bw="1" slack="0"/>
</pin_list>
<bind>
<StgValue><ssdm name="inByte623"/></StgValue>
</bind>
</comp>

<comp id="16" class="1000" name="inByte724">
<pin_list>
<pin id="17" dir="1" index="0" bw="1" slack="0"/>
</pin_list>
<bind>
<StgValue><ssdm name="inByte724"/></StgValue>
</bind>
</comp>

<comp id="18" class="1000" name="inByte825">
<pin_list>
<pin id="19" dir="1" index="0" bw="1" slack="0"/>
</pin_list>
<bind>
<StgValue><ssdm name="inByte825"/></StgValue>
</bind>
</comp>

<comp id="20" class="1000" name="inByte926">
<pin_list>
<pin id="21" dir="1" index="0" bw="1" slack="0"/>
</pin_list>
<bind>
<StgValue><ssdm name="inByte926"/></StgValue>
</bind>
</comp>

<comp id="22" class="1000" name="inByte1027">
<pin_list>
<pin id="23" dir="1" index="0" bw="1" slack="0"/>
</pin_list>
<bind>
<StgValue><ssdm name="inByte1027"/></StgValue>
</bind>
</comp>

<comp id="24" class="1000" name="inByte1128">
<pin_list>
<pin id="25" dir="1" index="0" bw="1" slack="0"/>
</pin_list>
<bind>
<StgValue><ssdm name="inByte1128"/></StgValue>
</bind>
</comp>

<comp id="26" class="1000" name="inByte1229">
<pin_list>
<pin id="27" dir="1" index="0" bw="1" slack="0"/>
</pin_list>
<bind>
<StgValue><ssdm name="inByte1229"/></StgValue>
</bind>
</comp>

<comp id="28" class="1000" name="inByte1330">
<pin_list>
<pin id="29" dir="1" index="0" bw="1" slack="0"/>
</pin_list>
<bind>
<StgValue><ssdm name="inByte1330"/></StgValue>
</bind>
</comp>

<comp id="30" class="1000" name="inByte1431">
<pin_list>
<pin id="31" dir="1" index="0" bw="1" slack="0"/>
</pin_list>
<bind>
<StgValue><ssdm name="inByte1431"/></StgValue>
</bind>
</comp>

<comp id="32" class="1000" name="inByte1532">
<pin_list>
<pin id="33" dir="1" index="0" bw="1" slack="0"/>
</pin_list>
<bind>
<StgValue><ssdm name="inByte1532"/></StgValue>
</bind>
</comp>

<comp id="34" class="1000" name="tail_bytes">
<pin_list>
<pin id="35" dir="1" index="0" bw="1" slack="0"/>
</pin_list>
<bind>
<StgValue><ssdm name="tail_bytes"/></StgValue>
</bind>
</comp>

<comp id="36" class="1000" name="crc">
<pin_list>
<pin id="37" dir="1" index="0" bw="1" slack="0"/>
</pin_list>
<bind>
<StgValue><ssdm name="crc"/></StgValue>
</bind>
</comp>

<comp id="38" class="1000" name="mask">
<pin_list>
<pin id="39" dir="1" index="0" bw="1" slack="0"/>
</pin_list>
<bind>
<StgValue><ssdm name="mask"/></StgValue>
</bind>
</comp>

<comp id="40" class="1001" name="const_40">
<pin_list>
<pin id="41" dir="1" index="0" bw="1" slack="0"/>
</pin_list>
<bind>
<StgValue><ssdm name=""/></StgValue>
</bind>
</comp>

<comp id="42" class="1001" name="const_42">
<pin_list>
<pin id="43" dir="1" index="0" bw="1" slack="0"/>
</pin_list>
<bind>
<StgValue><ssdm name="_ssdm_op_Read.ap_auto.i32"/></StgValue>
</bind>
</comp>

<comp id="44" class="1001" name="const_44">
<pin_list>
<pin id="45" dir="1" index="0" bw="1" slack="0"/>
</pin_list>
<bind>
<StgValue><ssdm name="_ssdm_op_Read.ap_auto.i31"/></StgValue>
</bind>
</comp>

<comp id="46" class="1001" name="const_46">
<pin_list>
<pin id="47" dir="1" index="0" bw="1" slack="2147483647"/>
</pin_list>
<bind>
<StgValue><ssdm name="_ssdm_op_SpecMemCore"/></StgValue>
</bind>
</comp>

<comp id="48" class="1001" name="const_48">
<pin_list>
<pin id="49" dir="1" index="0" bw="1" slack="2147483647"/>
</pin_list>
<bind>
<StgValue><ssdm name=""/></StgValue>
</bind>
</comp>

<comp id="50" class="1001" name="const_50">
<pin_list>
<pin id="51" dir="1" index="0" bw="1" slack="2147483647"/>
</pin_list>
<bind>
<StgValue><ssdm name=""/></StgValue>
</bind>
</comp>

<comp id="52" class="1001" name="const_52">
<pin_list>
<pin id="53" dir="1" index="0" bw="1" slack="2147483647"/>
</pin_list>
<bind>
<StgValue><ssdm name=""/></StgValue>
</bind>
</comp>

<comp id="54" class="1001" name="const_54">
<pin_list>
<pin id="55" dir="1" index="0" bw="1" slack="2147483647"/>
</pin_list>
<bind>
<StgValue><ssdm name="_ssdm_op_SpecInterface"/></StgValue>
</bind>
</comp>

<comp id="56" class="1001" name="const_56">
<pin_list>
<pin id="57" dir="1" index="0" bw="1" slack="2147483647"/>
</pin_list>
<bind>
<StgValue><ssdm name="empty_3"/></StgValue>
</bind>
</comp>

<comp id="58" class="1001" name="const_58">
<pin_list>
<pin id="59" dir="1" index="0" bw="1" slack="2147483647"/>
</pin_list>
<bind>
<StgValue><ssdm name=""/></StgValue>
</bind>
</comp>

<comp id="60" class="1001" name="const_60">
<pin_list>
<pin id="61" dir="1" index="0" bw="1" slack="2147483647"/>
</pin_list>
<bind>
<StgValue><ssdm name="empty_23"/></StgValue>
</bind>
</comp>

<comp id="62" class="1001" name="const_62">
<pin_list>
<pin id="63" dir="1" index="0" bw="1" slack="2147483647"/>
</pin_list>
<bind>
<StgValue><ssdm name=""/></StgValue>
</bind>
</comp>

<comp id="64" class="1001" name="const_64">
<pin_list>
<pin id="65" dir="1" index="0" bw="1" slack="0"/>
</pin_list>
<bind>
<StgValue><ssdm name=""/></StgValue>
</bind>
</comp>

<comp id="66" class="1001" name="const_66">
<pin_list>
<pin id="67" dir="1" index="0" bw="1" slack="2147483647"/>
</pin_list>
<bind>
<StgValue><ssdm name="_ssdm_op_SpecLoopTripCount"/></StgValue>
</bind>
</comp>

<comp id="68" class="1001" name="const_68">
<pin_list>
<pin id="69" dir="1" index="0" bw="1" slack="2147483647"/>
</pin_list>
<bind>
<StgValue><ssdm name=""/></StgValue>
</bind>
</comp>

<comp id="70" class="1001" name="const_70">
<pin_list>
<pin id="71" dir="1" index="0" bw="1" slack="0"/>
</pin_list>
<bind>
<StgValue><ssdm name=""/></StgValue>
</bind>
</comp>

<comp id="72" class="1001" name="const_72">
<pin_list>
<pin id="73" dir="1" index="0" bw="1" slack="0"/>
</pin_list>
<bind>
<StgValue><ssdm name=""/></StgValue>
</bind>
</comp>

<comp id="74" class="1001" name="const_74">
<pin_list>
<pin id="75" dir="1" index="0" bw="1" slack="2147483647"/>
</pin_list>
<bind>
<StgValue><ssdm name=""/></StgValue>
</bind>
</comp>

<comp id="76" class="1001" name="const_76">
<pin_list>
<pin id="77" dir="1" index="0" bw="1" slack="2147483647"/>
</pin_list>
<bind>
<StgValue><ssdm name=""/></StgValue>
</bind>
</comp>

<comp id="78" class="1001" name="const_78">
<pin_list>
<pin id="79" dir="1" index="0" bw="1" slack="2147483647"/>
</pin_list>
<bind>
<StgValue><ssdm name=""/></StgValue>
</bind>
</comp>

<comp id="80" class="1001" name="const_80">
<pin_list>
<pin id="81" dir="1" index="0" bw="1" slack="2147483647"/>
</pin_list>
<bind>
<StgValue><ssdm name=""/></StgValue>
</bind>
</comp>

<comp id="82" class="1001" name="const_82">
<pin_list>
<pin id="83" dir="1" index="0" bw="1" slack="2147483647"/>
</pin_list>
<bind>
<StgValue><ssdm name=""/></StgValue>
</bind>
</comp>

<comp id="84" class="1001" name="const_84">
<pin_list>
<pin id="85" dir="1" index="0" bw="1" slack="2147483647"/>
</pin_list>
<bind>
<StgValue><ssdm name=""/></StgValue>
</bind>
</comp>

<comp id="86" class="1001" name="const_86">
<pin_list>
<pin id="87" dir="1" index="0" bw="1" slack="2147483647"/>
</pin_list>
<bind>
<StgValue><ssdm name=""/></StgValue>
</bind>
</comp>

<comp id="88" class="1001" name="const_88">
<pin_list>
<pin id="89" dir="1" index="0" bw="1" slack="2147483647"/>
</pin_list>
<bind>
<StgValue><ssdm name=""/></StgValue>
</bind>
</comp>

<comp id="90" class="1001" name="const_90">
<pin_list>
<pin id="91" dir="1" index="0" bw="1" slack="2147483647"/>
</pin_list>
<bind>
<StgValue><ssdm name=""/></StgValue>
</bind>
</comp>

<comp id="92" class="1001" name="const_92">
<pin_list>
<pin id="93" dir="1" index="0" bw="1" slack="2147483647"/>
</pin_list>
<bind>
<StgValue><ssdm name=""/></StgValue>
</bind>
</comp>

<comp id="94" class="1001" name="const_94">
<pin_list>
<pin id="95" dir="1" index="0" bw="1" slack="2147483647"/>
</pin_list>
<bind>
<StgValue><ssdm name=""/></StgValue>
</bind>
</comp>

<comp id="96" class="1001" name="const_96">
<pin_list>
<pin id="97" dir="1" index="0" bw="1" slack="2147483647"/>
</pin_list>
<bind>
<StgValue><ssdm name=""/></StgValue>
</bind>
</comp>

<comp id="98" class="1001" name="const_98">
<pin_list>
<pin id="99" dir="1" index="0" bw="1" slack="2147483647"/>
</pin_list>
<bind>
<StgValue><ssdm name=""/></StgValue>
</bind>
</comp>

<comp id="100" class="1001" name="const_100">
<pin_list>
<pin id="101" dir="1" index="0" bw="1" slack="2147483647"/>
</pin_list>
<bind>
<StgValue><ssdm name=""/></StgValue>
</bind>
</comp>

<comp id="102" class="1001" name="const_102">
<pin_list>
<pin id="103" dir="1" index="0" bw="1" slack="2147483647"/>
</pin_list>
<bind>
<StgValue><ssdm name=""/></StgValue>
</bind>
</comp>

<comp id="104" class="1001" name="const_104">
<pin_list>
<pin id="105" dir="1" index="0" bw="1" slack="0"/>
</pin_list>
<bind>
<StgValue><ssdm name="_ssdm_op_Read.ap_fifo.volatile.i8P0A"/></StgValue>
</bind>
</comp>

<comp id="106" class="1001" name="const_106">
<pin_list>
<pin id="107" dir="1" index="0" bw="1" slack="2147483647"/>
</pin_list>
<bind>
<StgValue><ssdm name="_ssdm_op_SpecPipeline"/></StgValue>
</bind>
</comp>

<comp id="108" class="1001" name="const_108">
<pin_list>
<pin id="109" dir="1" index="0" bw="1" slack="2147483647"/>
</pin_list>
<bind>
<StgValue><ssdm name="_ssdm_op_SpecLoopName"/></StgValue>
</bind>
</comp>

<comp id="110" class="1001" name="const_110">
<pin_list>
<pin id="111" dir="1" index="0" bw="1" slack="2147483647"/>
</pin_list>
<bind>
<StgValue><ssdm name="empty_7"/></StgValue>
</bind>
</comp>

<comp id="112" class="1001" name="const_112">
<pin_list>
<pin id="113" dir="1" index="0" bw="1" slack="0"/>
</pin_list>
<bind>
<StgValue><ssdm name="_ssdm_op_PartSelect.i24.i32.i32.i32"/></StgValue>
</bind>
</comp>

<comp id="114" class="1001" name="const_114">
<pin_list>
<pin id="115" dir="1" index="0" bw="1" slack="0"/>
</pin_list>
<bind>
<StgValue><ssdm name=""/></StgValue>
</bind>
</comp>

<comp id="116" class="1001" name="const_116">
<pin_list>
<pin id="117" dir="1" index="0" bw="1" slack="0"/>
</pin_list>
<bind>
<StgValue><ssdm name=""/></StgValue>
</bind>
</comp>

<comp id="118" class="1004" name="t_fu_118">
<pin_list>
<pin id="119" dir="0" index="0" bw="1" slack="0"/>
<pin id="120" dir="1" index="1" bw="31" slack="0"/>
</pin_list>
<bind>
<opcode="alloca(26) " fcode="alloca"/>
<opset="t/1 "/>
</bind>
</comp>

<comp id="122" class="1004" name="lhs_V_fu_122">
<pin_list>
<pin id="123" dir="0" index="0" bw="1" slack="0"/>
<pin id="124" dir="1" index="1" bw="32" slack="0"/>
</pin_list>
<bind>
<opcode="alloca(26) " fcode="alloca"/>
<opset="lhs_V/1 "/>
</bind>
</comp>

<comp id="126" class="1004" name="mask_read_read_fu_126">
<pin_list>
<pin id="127" dir="0" index="0" bw="32" slack="0"/>
<pin id="128" dir="0" index="1" bw="32" slack="0"/>
<pin id="129" dir="1" index="2" bw="32" slack="3"/>
</pin_list>
<bind>
<opcode="read(1150) " fcode="read"/>
<opset="mask_read/1 "/>
</bind>
</comp>

<comp id="132" class="1004" name="crc_read_read_fu_132">
<pin_list>
<pin id="133" dir="0" index="0" bw="32" slack="0"/>
<pin id="134" dir="0" index="1" bw="32" slack="0"/>
<pin id="135" dir="1" index="2" bw="32" slack="0"/>
</pin_list>
<bind>
<opcode="read(1150) " fcode="read"/>
<opset="crc_read/1 "/>
</bind>
</comp>

<comp id="138" class="1004" name="tail_bytes_read_read_fu_138">
<pin_list>
<pin id="139" dir="0" index="0" bw="31" slack="0"/>
<pin id="140" dir="0" index="1" bw="31" slack="0"/>
<pin id="141" dir="1" index="2" bw="31" slack="0"/>
</pin_list>
<bind>
<opcode="read(1150) " fcode="read"/>
<opset="tail_bytes_read/1 "/>
</bind>
</comp>

<comp id="144" class="1004" name="tmp_16_read_fu_144">
<pin_list>
<pin id="145" dir="0" index="0" bw="8" slack="0"/>
<pin id="146" dir="0" index="1" bw="8" slack="0"/>
<pin id="147" dir="1" index="2" bw="8" slack="1"/>
</pin_list>
<bind>
<opcode="read(1150) " fcode="read"/>
<opset="tmp_16/2 "/>
</bind>
</comp>

<comp id="150" class="1004" name="tmp_15_read_fu_150">
<pin_list>
<pin id="151" dir="0" index="0" bw="8" slack="0"/>
<pin id="152" dir="0" index="1" bw="8" slack="0"/>
<pin id="153" dir="1" index="2" bw="8" slack="1"/>
</pin_list>
<bind>
<opcode="read(1150) " fcode="read"/>
<opset="tmp_15/2 "/>
</bind>
</comp>

<comp id="156" class="1004" name="tmp_14_read_fu_156">
<pin_list>
<pin id="157" dir="0" index="0" bw="8" slack="0"/>
<pin id="158" dir="0" index="1" bw="8" slack="0"/>
<pin id="159" dir="1" index="2" bw="8" slack="1"/>
</pin_list>
<bind>
<opcode="read(1150) " fcode="read"/>
<opset="tmp_14/2 "/>
</bind>
</comp>

<comp id="162" class="1004" name="tmp_13_read_fu_162">
<pin_list>
<pin id="163" dir="0" index="0" bw="8" slack="0"/>
<pin id="164" dir="0" index="1" bw="8" slack="0"/>
<pin id="165" dir="1" index="2" bw="8" slack="1"/>
</pin_list>
<bind>
<opcode="read(1150) " fcode="read"/>
<opset="tmp_13/2 "/>
</bind>
</comp>

<comp id="168" class="1004" name="tmp_12_read_fu_168">
<pin_list>
<pin id="169" dir="0" index="0" bw="8" slack="0"/>
<pin id="170" dir="0" index="1" bw="8" slack="0"/>
<pin id="171" dir="1" index="2" bw="8" slack="1"/>
</pin_list>
<bind>
<opcode="read(1150) " fcode="read"/>
<opset="tmp_12/2 "/>
</bind>
</comp>

<comp id="174" class="1004" name="tmp_11_read_fu_174">
<pin_list>
<pin id="175" dir="0" index="0" bw="8" slack="0"/>
<pin id="176" dir="0" index="1" bw="8" slack="0"/>
<pin id="177" dir="1" index="2" bw="8" slack="1"/>
</pin_list>
<bind>
<opcode="read(1150) " fcode="read"/>
<opset="tmp_11/2 "/>
</bind>
</comp>

<comp id="180" class="1004" name="tmp_10_read_fu_180">
<pin_list>
<pin id="181" dir="0" index="0" bw="8" slack="0"/>
<pin id="182" dir="0" index="1" bw="8" slack="0"/>
<pin id="183" dir="1" index="2" bw="8" slack="1"/>
</pin_list>
<bind>
<opcode="read(1150) " fcode="read"/>
<opset="tmp_10/2 "/>
</bind>
</comp>

<comp id="186" class="1004" name="tmp_9_read_fu_186">
<pin_list>
<pin id="187" dir="0" index="0" bw="8" slack="0"/>
<pin id="188" dir="0" index="1" bw="8" slack="0"/>
<pin id="189" dir="1" index="2" bw="8" slack="1"/>
</pin_list>
<bind>
<opcode="read(1150) " fcode="read"/>
<opset="tmp_9/2 "/>
</bind>
</comp>

<comp id="192" class="1004" name="tmp_8_read_fu_192">
<pin_list>
<pin id="193" dir="0" index="0" bw="8" slack="0"/>
<pin id="194" dir="0" index="1" bw="8" slack="0"/>
<pin id="195" dir="1" index="2" bw="8" slack="1"/>
</pin_list>
<bind>
<opcode="read(1150) " fcode="read"/>
<opset="tmp_8/2 "/>
</bind>
</comp>

<comp id="198" class="1004" name="tmp_7_read_fu_198">
<pin_list>
<pin id="199" dir="0" index="0" bw="8" slack="0"/>
<pin id="200" dir="0" index="1" bw="8" slack="0"/>
<pin id="201" dir="1" index="2" bw="8" slack="1"/>
</pin_list>
<bind>
<opcode="read(1150) " fcode="read"/>
<opset="tmp_7/2 "/>
</bind>
</comp>

<comp id="204" class="1004" name="tmp_6_read_fu_204">
<pin_list>
<pin id="205" dir="0" index="0" bw="8" slack="0"/>
<pin id="206" dir="0" index="1" bw="8" slack="0"/>
<pin id="207" dir="1" index="2" bw="8" slack="1"/>
</pin_list>
<bind>
<opcode="read(1150) " fcode="read"/>
<opset="tmp_6/2 "/>
</bind>
</comp>

<comp id="210" class="1004" name="tmp_5_read_fu_210">
<pin_list>
<pin id="211" dir="0" index="0" bw="8" slack="0"/>
<pin id="212" dir="0" index="1" bw="8" slack="0"/>
<pin id="213" dir="1" index="2" bw="8" slack="1"/>
</pin_list>
<bind>
<opcode="read(1150) " fcode="read"/>
<opset="tmp_5/2 "/>
</bind>
</comp>

<comp id="216" class="1004" name="tmp_4_read_fu_216">
<pin_list>
<pin id="217" dir="0" index="0" bw="8" slack="0"/>
<pin id="218" dir="0" index="1" bw="8" slack="0"/>
<pin id="219" dir="1" index="2" bw="8" slack="1"/>
</pin_list>
<bind>
<opcode="read(1150) " fcode="read"/>
<opset="tmp_4/2 "/>
</bind>
</comp>

<comp id="222" class="1004" name="tmp_3_read_fu_222">
<pin_list>
<pin id="223" dir="0" index="0" bw="8" slack="0"/>
<pin id="224" dir="0" index="1" bw="8" slack="0"/>
<pin id="225" dir="1" index="2" bw="8" slack="1"/>
</pin_list>
<bind>
<opcode="read(1150) " fcode="read"/>
<opset="tmp_3/2 "/>
</bind>
</comp>

<comp id="228" class="1004" name="tmp_read_fu_228">
<pin_list>
<pin id="229" dir="0" index="0" bw="8" slack="0"/>
<pin id="230" dir="0" index="1" bw="8" slack="0"/>
<pin id="231" dir="1" index="2" bw="8" slack="1"/>
</pin_list>
<bind>
<opcode="read(1150) " fcode="read"/>
<opset="tmp/2 "/>
</bind>
</comp>

<comp id="234" class="1004" name="tmp_17_read_fu_234">
<pin_list>
<pin id="235" dir="0" index="0" bw="8" slack="0"/>
<pin id="236" dir="0" index="1" bw="8" slack="0"/>
<pin id="237" dir="1" index="2" bw="8" slack="1"/>
</pin_list>
<bind>
<opcode="read(1150) " fcode="read"/>
<opset="tmp_17/2 "/>
</bind>
</comp>

<comp id="240" class="1004" name="crcTables_0_addr_gep_fu_240">
<pin_list>
<pin id="241" dir="0" index="0" bw="32" slack="0"/>
<pin id="242" dir="0" index="1" bw="1" slack="0"/>
<pin id="243" dir="0" index="2" bw="8" slack="0"/>
<pin id="244" dir="1" index="3" bw="8" slack="0"/>
</pin_list>
<bind>
<opcode="getelementptr(29) " fcode="getelementptr"/>
<opset="crcTables_0_addr/3 "/>
</bind>
</comp>

<comp id="247" class="1004" name="grp_access_fu_247">
<pin_list>
<pin id="248" dir="0" index="0" bw="8" slack="0"/>
<pin id="249" dir="0" index="1" bw="32" slack="2147483647"/>
<pin id="250" dir="0" index="2" bw="0" slack="2147483647"/>
<pin id="251" dir="1" index="3" bw="32" slack="0"/>
</pin_list>
<bind>
<opcode="load(27) " fcode="load"/>
<opset="rhs_V/3 "/>
</bind>
</comp>

<comp id="253" class="1005" name="bt_V_reg_253">
<pin_list>
<pin id="254" dir="0" index="0" bw="8" slack="2147483647"/>
<pin id="255" dir="1" index="1" bw="8" slack="2147483647"/>
</pin_list>
<bind>
<opset="bt_V (phireg) "/>
</bind>
</comp>

<comp id="256" class="1004" name="bt_V_phi_fu_256">
<pin_list>
<pin id="257" dir="0" index="0" bw="8" slack="1"/>
<pin id="258" dir="0" index="1" bw="0" slack="2147483647"/>
<pin id="259" dir="0" index="2" bw="8" slack="1"/>
<pin id="260" dir="0" index="3" bw="0" slack="2147483647"/>
<pin id="261" dir="0" index="4" bw="8" slack="1"/>
<pin id="262" dir="0" index="5" bw="0" slack="2147483647"/>
<pin id="263" dir="0" index="6" bw="8" slack="1"/>
<pin id="264" dir="0" index="7" bw="0" slack="2147483647"/>
<pin id="265" dir="0" index="8" bw="8" slack="1"/>
<pin id="266" dir="0" index="9" bw="0" slack="2147483647"/>
<pin id="267" dir="0" index="10" bw="8" slack="1"/>
<pin id="268" dir="0" index="11" bw="0" slack="2147483647"/>
<pin id="269" dir="0" index="12" bw="8" slack="1"/>
<pin id="270" dir="0" index="13" bw="0" slack="2147483647"/>
<pin id="271" dir="0" index="14" bw="8" slack="1"/>
<pin id="272" dir="0" index="15" bw="0" slack="2147483647"/>
<pin id="273" dir="0" index="16" bw="8" slack="1"/>
<pin id="274" dir="0" index="17" bw="0" slack="2147483647"/>
<pin id="275" dir="0" index="18" bw="8" slack="1"/>
<pin id="276" dir="0" index="19" bw="0" slack="2147483647"/>
<pin id="277" dir="0" index="20" bw="8" slack="1"/>
<pin id="278" dir="0" index="21" bw="0" slack="2147483647"/>
<pin id="279" dir="0" index="22" bw="8" slack="1"/>
<pin id="280" dir="0" index="23" bw="0" slack="2147483647"/>
<pin id="281" dir="0" index="24" bw="8" slack="1"/>
<pin id="282" dir="0" index="25" bw="0" slack="2147483647"/>
<pin id="283" dir="0" index="26" bw="8" slack="1"/>
<pin id="284" dir="0" index="27" bw="0" slack="2147483647"/>
<pin id="285" dir="0" index="28" bw="8" slack="1"/>
<pin id="286" dir="0" index="29" bw="0" slack="2147483647"/>
<pin id="287" dir="0" index="30" bw="8" slack="1"/>
<pin id="288" dir="0" index="31" bw="0" slack="2147483647"/>
<pin id="289" dir="1" index="32" bw="8" slack="0"/>
</pin_list>
<bind>
<opcode="phi(47) " fcode="phi"/>
<opset="bt_V/3 "/>
</bind>
</comp>

<comp id="290" class="1004" name="store_ln444_store_fu_290">
<pin_list>
<pin id="291" dir="0" index="0" bw="32" slack="0"/>
<pin id="292" dir="0" index="1" bw="32" slack="0"/>
<pin id="293" dir="1" index="2" bw="0" slack="2147483647"/>
</pin_list>
<bind>
<opcode="store(28) " fcode="store"/>
<opset="store_ln444/1 "/>
</bind>
</comp>

<comp id="295" class="1004" name="store_ln444_store_fu_295">
<pin_list>
<pin id="296" dir="0" index="0" bw="1" slack="0"/>
<pin id="297" dir="0" index="1" bw="31" slack="0"/>
<pin id="298" dir="1" index="2" bw="0" slack="2147483647"/>
</pin_list>
<bind>
<opcode="store(28) " fcode="store"/>
<opset="store_ln444/1 "/>
</bind>
</comp>

<comp id="300" class="1004" name="t_1_load_fu_300">
<pin_list>
<pin id="301" dir="0" index="0" bw="31" slack="0"/>
<pin id="302" dir="1" index="1" bw="31" slack="0"/>
</pin_list>
<bind>
<opcode="load(27) " fcode="load"/>
<opset="t_1/1 "/>
</bind>
</comp>

<comp id="303" class="1004" name="icmp_ln444_fu_303">
<pin_list>
<pin id="304" dir="0" index="0" bw="31" slack="0"/>
<pin id="305" dir="0" index="1" bw="31" slack="0"/>
<pin id="306" dir="1" index="2" bw="1" slack="1"/>
</pin_list>
<bind>
<opcode="icmp(45) " fcode="icmp"/>
<opset="icmp_ln444/1 "/>
</bind>
</comp>

<comp id="309" class="1004" name="t_2_fu_309">
<pin_list>
<pin id="310" dir="0" index="0" bw="31" slack="0"/>
<pin id="311" dir="0" index="1" bw="1" slack="0"/>
<pin id="312" dir="1" index="2" bw="31" slack="0"/>
</pin_list>
<bind>
<opcode="add(8) " fcode="add"/>
<opset="t_2/1 "/>
</bind>
</comp>

<comp id="315" class="1004" name="trunc_ln444_1_fu_315">
<pin_list>
<pin id="316" dir="0" index="0" bw="31" slack="0"/>
<pin id="317" dir="1" index="1" bw="4" slack="1"/>
</pin_list>
<bind>
<opcode="trunc(33) " fcode="trunc"/>
<opset="trunc_ln444_1/1 "/>
</bind>
</comp>

<comp id="319" class="1004" name="store_ln444_store_fu_319">
<pin_list>
<pin id="320" dir="0" index="0" bw="31" slack="0"/>
<pin id="321" dir="0" index="1" bw="31" slack="0"/>
<pin id="322" dir="1" index="2" bw="0" slack="2147483647"/>
</pin_list>
<bind>
<opcode="store(28) " fcode="store"/>
<opset="store_ln444/1 "/>
</bind>
</comp>

<comp id="324" class="1004" name="lhs_V_load_load_fu_324">
<pin_list>
<pin id="325" dir="0" index="0" bw="32" slack="2"/>
<pin id="326" dir="1" index="1" bw="32" slack="0"/>
</pin_list>
<bind>
<opcode="load(27) " fcode="load"/>
<opset="lhs_V_load/3 "/>
</bind>
</comp>

<comp id="327" class="1004" name="trunc_ln444_fu_327">
<pin_list>
<pin id="328" dir="0" index="0" bw="32" slack="0"/>
<pin id="329" dir="1" index="1" bw="8" slack="0"/>
</pin_list>
<bind>
<opcode="trunc(33) " fcode="trunc"/>
<opset="trunc_ln444/3 "/>
</bind>
</comp>

<comp id="331" class="1004" name="xor_ln1543_fu_331">
<pin_list>
<pin id="332" dir="0" index="0" bw="8" slack="0"/>
<pin id="333" dir="0" index="1" bw="8" slack="0"/>
<pin id="334" dir="1" index="2" bw="8" slack="0"/>
</pin_list>
<bind>
<opcode="xor(25) " fcode="xor"/>
<opset="xor_ln1543/3 "/>
</bind>
</comp>

<comp id="337" class="1004" name="zext_ln587_fu_337">
<pin_list>
<pin id="338" dir="0" index="0" bw="8" slack="0"/>
<pin id="339" dir="1" index="1" bw="64" slack="0"/>
</pin_list>
<bind>
<opcode="zext(34) " fcode="zext"/>
<opset="zext_ln587/3 "/>
</bind>
</comp>

<comp id="342" class="1004" name="lhs_V_load_2_load_fu_342">
<pin_list>
<pin id="343" dir="0" index="0" bw="32" slack="3"/>
<pin id="344" dir="1" index="1" bw="32" slack="0"/>
</pin_list>
<bind>
<opcode="load(27) " fcode="load"/>
<opset="lhs_V_load_2/4 "/>
</bind>
</comp>

<comp id="345" class="1004" name="r_V_fu_345">
<pin_list>
<pin id="346" dir="0" index="0" bw="24" slack="0"/>
<pin id="347" dir="0" index="1" bw="32" slack="0"/>
<pin id="348" dir="0" index="2" bw="5" slack="0"/>
<pin id="349" dir="0" index="3" bw="6" slack="0"/>
<pin id="350" dir="1" index="4" bw="24" slack="0"/>
</pin_list>
<bind>
<opcode="partselect(1002) " fcode="partselect"/>
<opset="r_V/4 "/>
</bind>
</comp>

<comp id="355" class="1004" name="zext_ln1715_fu_355">
<pin_list>
<pin id="356" dir="0" index="0" bw="24" slack="0"/>
<pin id="357" dir="1" index="1" bw="32" slack="0"/>
</pin_list>
<bind>
<opcode="zext(34) " fcode="zext"/>
<opset="zext_ln1715/4 "/>
</bind>
</comp>

<comp id="359" class="1004" name="ret_V_2_fu_359">
<pin_list>
<pin id="360" dir="0" index="0" bw="32" slack="0"/>
<pin id="361" dir="0" index="1" bw="24" slack="0"/>
<pin id="362" dir="1" index="2" bw="32" slack="0"/>
</pin_list>
<bind>
<opcode="xor(25) " fcode="xor"/>
<opset="ret_V_2/4 "/>
</bind>
</comp>

<comp id="365" class="1004" name="ret_V_fu_365">
<pin_list>
<pin id="366" dir="0" index="0" bw="32" slack="0"/>
<pin id="367" dir="0" index="1" bw="32" slack="3"/>
<pin id="368" dir="1" index="2" bw="32" slack="0"/>
</pin_list>
<bind>
<opcode="and(23) " fcode="and"/>
<opset="ret_V/4 "/>
</bind>
</comp>

<comp id="370" class="1004" name="store_ln444_store_fu_370">
<pin_list>
<pin id="371" dir="0" index="0" bw="32" slack="0"/>
<pin id="372" dir="0" index="1" bw="32" slack="3"/>
<pin id="373" dir="1" index="2" bw="0" slack="2147483647"/>
</pin_list>
<bind>
<opcode="store(28) " fcode="store"/>
<opset="store_ln444/4 "/>
</bind>
</comp>

<comp id="375" class="1004" name="lhs_V_load_1_load_fu_375">
<pin_list>
<pin id="376" dir="0" index="0" bw="32" slack="2"/>
<pin id="377" dir="1" index="1" bw="32" slack="2147483647"/>
</pin_list>
<bind>
<opcode="load(27) " fcode="load"/>
<opset="lhs_V_load_1/3 "/>
</bind>
</comp>

<comp id="378" class="1005" name="t_reg_378">
<pin_list>
<pin id="379" dir="0" index="0" bw="31" slack="0"/>
<pin id="380" dir="1" index="1" bw="31" slack="0"/>
</pin_list>
<bind>
<opset="t "/>
</bind>
</comp>

<comp id="385" class="1005" name="lhs_V_reg_385">
<pin_list>
<pin id="386" dir="0" index="0" bw="32" slack="0"/>
<pin id="387" dir="1" index="1" bw="32" slack="0"/>
</pin_list>
<bind>
<opset="lhs_V "/>
</bind>
</comp>

<comp id="394" class="1005" name="mask_read_reg_394">
<pin_list>
<pin id="395" dir="0" index="0" bw="32" slack="3"/>
<pin id="396" dir="1" index="1" bw="32" slack="3"/>
</pin_list>
<bind>
<opset="mask_read "/>
</bind>
</comp>

<comp id="399" class="1005" name="icmp_ln444_reg_399">
<pin_list>
<pin id="400" dir="0" index="0" bw="1" slack="1"/>
<pin id="401" dir="1" index="1" bw="1" slack="2147483647"/>
</pin_list>
<bind>
<opset="icmp_ln444 "/>
</bind>
</comp>

<comp id="403" class="1005" name="trunc_ln444_1_reg_403">
<pin_list>
<pin id="404" dir="0" index="0" bw="4" slack="1"/>
<pin id="405" dir="1" index="1" bw="4" slack="2147483647"/>
</pin_list>
<bind>
<opset="trunc_ln444_1 "/>
</bind>
</comp>

<comp id="407" class="1005" name="tmp_16_reg_407">
<pin_list>
<pin id="408" dir="0" index="0" bw="8" slack="1"/>
<pin id="409" dir="1" index="1" bw="8" slack="1"/>
</pin_list>
<bind>
<opset="tmp_16 "/>
</bind>
</comp>

<comp id="412" class="1005" name="tmp_15_reg_412">
<pin_list>
<pin id="413" dir="0" index="0" bw="8" slack="1"/>
<pin id="414" dir="1" index="1" bw="8" slack="1"/>
</pin_list>
<bind>
<opset="tmp_15 "/>
</bind>
</comp>

<comp id="417" class="1005" name="tmp_14_reg_417">
<pin_list>
<pin id="418" dir="0" index="0" bw="8" slack="1"/>
<pin id="419" dir="1" index="1" bw="8" slack="1"/>
</pin_list>
<bind>
<opset="tmp_14 "/>
</bind>
</comp>

<comp id="422" class="1005" name="tmp_13_reg_422">
<pin_list>
<pin id="423" dir="0" index="0" bw="8" slack="1"/>
<pin id="424" dir="1" index="1" bw="8" slack="1"/>
</pin_list>
<bind>
<opset="tmp_13 "/>
</bind>
</comp>

<comp id="427" class="1005" name="tmp_12_reg_427">
<pin_list>
<pin id="428" dir="0" index="0" bw="8" slack="1"/>
<pin id="429" dir="1" index="1" bw="8" slack="1"/>
</pin_list>
<bind>
<opset="tmp_12 "/>
</bind>
</comp>

<comp id="432" class="1005" name="tmp_11_reg_432">
<pin_list>
<pin id="433" dir="0" index="0" bw="8" slack="1"/>
<pin id="434" dir="1" index="1" bw="8" slack="1"/>
</pin_list>
<bind>
<opset="tmp_11 "/>
</bind>
</comp>

<comp id="437" class="1005" name="tmp_10_reg_437">
<pin_list>
<pin id="438" dir="0" index="0" bw="8" slack="1"/>
<pin id="439" dir="1" index="1" bw="8" slack="1"/>
</pin_list>
<bind>
<opset="tmp_10 "/>
</bind>
</comp>

<comp id="442" class="1005" name="tmp_9_reg_442">
<pin_list>
<pin id="443" dir="0" index="0" bw="8" slack="1"/>
<pin id="444" dir="1" index="1" bw="8" slack="1"/>
</pin_list>
<bind>
<opset="tmp_9 "/>
</bind>
</comp>

<comp id="447" class="1005" name="tmp_8_reg_447">
<pin_list>
<pin id="448" dir="0" index="0" bw="8" slack="1"/>
<pin id="449" dir="1" index="1" bw="8" slack="1"/>
</pin_list>
<bind>
<opset="tmp_8 "/>
</bind>
</comp>

<comp id="452" class="1005" name="tmp_7_reg_452">
<pin_list>
<pin id="453" dir="0" index="0" bw="8" slack="1"/>
<pin id="454" dir="1" index="1" bw="8" slack="1"/>
</pin_list>
<bind>
<opset="tmp_7 "/>
</bind>
</comp>

<comp id="457" class="1005" name="tmp_6_reg_457">
<pin_list>
<pin id="458" dir="0" index="0" bw="8" slack="1"/>
<pin id="459" dir="1" index="1" bw="8" slack="1"/>
</pin_list>
<bind>
<opset="tmp_6 "/>
</bind>
</comp>

<comp id="462" class="1005" name="tmp_5_reg_462">
<pin_list>
<pin id="463" dir="0" index="0" bw="8" slack="1"/>
<pin id="464" dir="1" index="1" bw="8" slack="1"/>
</pin_list>
<bind>
<opset="tmp_5 "/>
</bind>
</comp>

<comp id="467" class="1005" name="tmp_4_reg_467">
<pin_list>
<pin id="468" dir="0" index="0" bw="8" slack="1"/>
<pin id="469" dir="1" index="1" bw="8" slack="1"/>
</pin_list>
<bind>
<opset="tmp_4 "/>
</bind>
</comp>

<comp id="472" class="1005" name="tmp_3_reg_472">
<pin_list>
<pin id="473" dir="0" index="0" bw="8" slack="1"/>
<pin id="474" dir="1" index="1" bw="8" slack="1"/>
</pin_list>
<bind>
<opset="tmp_3 "/>
</bind>
</comp>

<comp id="477" class="1005" name="tmp_reg_477">
<pin_list>
<pin id="478" dir="0" index="0" bw="8" slack="1"/>
<pin id="479" dir="1" index="1" bw="8" slack="1"/>
</pin_list>
<bind>
<opset="tmp "/>
</bind>
</comp>

<comp id="482" class="1005" name="tmp_17_reg_482">
<pin_list>
<pin id="483" dir="0" index="0" bw="8" slack="1"/>
<pin id="484" dir="1" index="1" bw="8" slack="1"/>
</pin_list>
<bind>
<opset="tmp_17 "/>
</bind>
</comp>

<comp id="487" class="1005" name="crcTables_0_addr_reg_487">
<pin_list>
<pin id="488" dir="0" index="0" bw="8" slack="1"/>
<pin id="489" dir="1" index="1" bw="8" slack="1"/>
</pin_list>
<bind>
<opset="crcTables_0_addr "/>
</bind>
</comp>

</comp_list>

<net_list>
<net id="121"><net_src comp="40" pin="0"/><net_sink comp="118" pin=0"/></net>

<net id="125"><net_src comp="40" pin="0"/><net_sink comp="122" pin=0"/></net>

<net id="130"><net_src comp="42" pin="0"/><net_sink comp="126" pin=0"/></net>

<net id="131"><net_src comp="38" pin="0"/><net_sink comp="126" pin=1"/></net>

<net id="136"><net_src comp="42" pin="0"/><net_sink comp="132" pin=0"/></net>

<net id="137"><net_src comp="36" pin="0"/><net_sink comp="132" pin=1"/></net>

<net id="142"><net_src comp="44" pin="0"/><net_sink comp="138" pin=0"/></net>

<net id="143"><net_src comp="34" pin="0"/><net_sink comp="138" pin=1"/></net>

<net id="148"><net_src comp="104" pin="0"/><net_sink comp="144" pin=0"/></net>

<net id="149"><net_src comp="30" pin="0"/><net_sink comp="144" pin=1"/></net>

<net id="154"><net_src comp="104" pin="0"/><net_sink comp="150" pin=0"/></net>

<net id="155"><net_src comp="28" pin="0"/><net_sink comp="150" pin=1"/></net>

<net id="160"><net_src comp="104" pin="0"/><net_sink comp="156" pin=0"/></net>

<net id="161"><net_src comp="26" pin="0"/><net_sink comp="156" pin=1"/></net>

<net id="166"><net_src comp="104" pin="0"/><net_sink comp="162" pin=0"/></net>

<net id="167"><net_src comp="24" pin="0"/><net_sink comp="162" pin=1"/></net>

<net id="172"><net_src comp="104" pin="0"/><net_sink comp="168" pin=0"/></net>

<net id="173"><net_src comp="22" pin="0"/><net_sink comp="168" pin=1"/></net>

<net id="178"><net_src comp="104" pin="0"/><net_sink comp="174" pin=0"/></net>

<net id="179"><net_src comp="20" pin="0"/><net_sink comp="174" pin=1"/></net>

<net id="184"><net_src comp="104" pin="0"/><net_sink comp="180" pin=0"/></net>

<net id="185"><net_src comp="18" pin="0"/><net_sink comp="180" pin=1"/></net>

<net id="190"><net_src comp="104" pin="0"/><net_sink comp="186" pin=0"/></net>

<net id="191"><net_src comp="16" pin="0"/><net_sink comp="186" pin=1"/></net>

<net id="196"><net_src comp="104" pin="0"/><net_sink comp="192" pin=0"/></net>

<net id="197"><net_src comp="14" pin="0"/><net_sink comp="192" pin=1"/></net>

<net id="202"><net_src comp="104" pin="0"/><net_sink comp="198" pin=0"/></net>

<net id="203"><net_src comp="12" pin="0"/><net_sink comp="198" pin=1"/></net>

<net id="208"><net_src comp="104" pin="0"/><net_sink comp="204" pin=0"/></net>

<net id="209"><net_src comp="10" pin="0"/><net_sink comp="204" pin=1"/></net>

<net id="214"><net_src comp="104" pin="0"/><net_sink comp="210" pin=0"/></net>

<net id="215"><net_src comp="8" pin="0"/><net_sink comp="210" pin=1"/></net>

<net id="220"><net_src comp="104" pin="0"/><net_sink comp="216" pin=0"/></net>

<net id="221"><net_src comp="6" pin="0"/><net_sink comp="216" pin=1"/></net>

<net id="226"><net_src comp="104" pin="0"/><net_sink comp="222" pin=0"/></net>

<net id="227"><net_src comp="4" pin="0"/><net_sink comp="222" pin=1"/></net>

<net id="232"><net_src comp="104" pin="0"/><net_sink comp="228" pin=0"/></net>

<net id="233"><net_src comp="2" pin="0"/><net_sink comp="228" pin=1"/></net>

<net id="238"><net_src comp="104" pin="0"/><net_sink comp="234" pin=0"/></net>

<net id="239"><net_src comp="32" pin="0"/><net_sink comp="234" pin=1"/></net>

<net id="245"><net_src comp="0" pin="0"/><net_sink comp="240" pin=0"/></net>

<net id="246"><net_src comp="70" pin="0"/><net_sink comp="240" pin=1"/></net>

<net id="252"><net_src comp="240" pin="3"/><net_sink comp="247" pin=0"/></net>

<net id="294"><net_src comp="132" pin="2"/><net_sink comp="290" pin=0"/></net>

<net id="299"><net_src comp="64" pin="0"/><net_sink comp="295" pin=0"/></net>

<net id="307"><net_src comp="300" pin="1"/><net_sink comp="303" pin=0"/></net>

<net id="308"><net_src comp="138" pin="2"/><net_sink comp="303" pin=1"/></net>

<net id="313"><net_src comp="300" pin="1"/><net_sink comp="309" pin=0"/></net>

<net id="314"><net_src comp="72" pin="0"/><net_sink comp="309" pin=1"/></net>

<net id="318"><net_src comp="300" pin="1"/><net_sink comp="315" pin=0"/></net>

<net id="323"><net_src comp="309" pin="2"/><net_sink comp="319" pin=0"/></net>

<net id="330"><net_src comp="324" pin="1"/><net_sink comp="327" pin=0"/></net>

<net id="335"><net_src comp="256" pin="32"/><net_sink comp="331" pin=0"/></net>

<net id="336"><net_src comp="327" pin="1"/><net_sink comp="331" pin=1"/></net>

<net id="340"><net_src comp="331" pin="2"/><net_sink comp="337" pin=0"/></net>

<net id="341"><net_src comp="337" pin="1"/><net_sink comp="240" pin=2"/></net>

<net id="351"><net_src comp="112" pin="0"/><net_sink comp="345" pin=0"/></net>

<net id="352"><net_src comp="342" pin="1"/><net_sink comp="345" pin=1"/></net>

<net id="353"><net_src comp="114" pin="0"/><net_sink comp="345" pin=2"/></net>

<net id="354"><net_src comp="116" pin="0"/><net_sink comp="345" pin=3"/></net>

<net id="358"><net_src comp="345" pin="4"/><net_sink comp="355" pin=0"/></net>

<net id="363"><net_src comp="247" pin="3"/><net_sink comp="359" pin=0"/></net>

<net id="364"><net_src comp="355" pin="1"/><net_sink comp="359" pin=1"/></net>

<net id="369"><net_src comp="359" pin="2"/><net_sink comp="365" pin=0"/></net>

<net id="374"><net_src comp="365" pin="2"/><net_sink comp="370" pin=0"/></net>

<net id="381"><net_src comp="118" pin="1"/><net_sink comp="378" pin=0"/></net>

<net id="382"><net_src comp="378" pin="1"/><net_sink comp="295" pin=1"/></net>

<net id="383"><net_src comp="378" pin="1"/><net_sink comp="300" pin=0"/></net>

<net id="384"><net_src comp="378" pin="1"/><net_sink comp="319" pin=1"/></net>

<net id="388"><net_src comp="122" pin="1"/><net_sink comp="385" pin=0"/></net>

<net id="389"><net_src comp="385" pin="1"/><net_sink comp="290" pin=1"/></net>

<net id="390"><net_src comp="385" pin="1"/><net_sink comp="324" pin=0"/></net>

<net id="391"><net_src comp="385" pin="1"/><net_sink comp="342" pin=0"/></net>

<net id="392"><net_src comp="385" pin="1"/><net_sink comp="370" pin=1"/></net>

<net id="393"><net_src comp="385" pin="1"/><net_sink comp="375" pin=0"/></net>

<net id="397"><net_src comp="126" pin="2"/><net_sink comp="394" pin=0"/></net>

<net id="398"><net_src comp="394" pin="1"/><net_sink comp="365" pin=1"/></net>

<net id="402"><net_src comp="303" pin="2"/><net_sink comp="399" pin=0"/></net>

<net id="406"><net_src comp="315" pin="1"/><net_sink comp="403" pin=0"/></net>

<net id="410"><net_src comp="144" pin="2"/><net_sink comp="407" pin=0"/></net>

<net id="411"><net_src comp="407" pin="1"/><net_sink comp="256" pin=2"/></net>

<net id="415"><net_src comp="150" pin="2"/><net_sink comp="412" pin=0"/></net>

<net id="416"><net_src comp="412" pin="1"/><net_sink comp="256" pin=4"/></net>

<net id="420"><net_src comp="156" pin="2"/><net_sink comp="417" pin=0"/></net>

<net id="421"><net_src comp="417" pin="1"/><net_sink comp="256" pin=6"/></net>

<net id="425"><net_src comp="162" pin="2"/><net_sink comp="422" pin=0"/></net>

<net id="426"><net_src comp="422" pin="1"/><net_sink comp="256" pin=8"/></net>

<net id="430"><net_src comp="168" pin="2"/><net_sink comp="427" pin=0"/></net>

<net id="431"><net_src comp="427" pin="1"/><net_sink comp="256" pin=10"/></net>

<net id="435"><net_src comp="174" pin="2"/><net_sink comp="432" pin=0"/></net>

<net id="436"><net_src comp="432" pin="1"/><net_sink comp="256" pin=12"/></net>

<net id="440"><net_src comp="180" pin="2"/><net_sink comp="437" pin=0"/></net>

<net id="441"><net_src comp="437" pin="1"/><net_sink comp="256" pin=14"/></net>

<net id="445"><net_src comp="186" pin="2"/><net_sink comp="442" pin=0"/></net>

<net id="446"><net_src comp="442" pin="1"/><net_sink comp="256" pin=16"/></net>

<net id="450"><net_src comp="192" pin="2"/><net_sink comp="447" pin=0"/></net>

<net id="451"><net_src comp="447" pin="1"/><net_sink comp="256" pin=18"/></net>

<net id="455"><net_src comp="198" pin="2"/><net_sink comp="452" pin=0"/></net>

<net id="456"><net_src comp="452" pin="1"/><net_sink comp="256" pin=20"/></net>

<net id="460"><net_src comp="204" pin="2"/><net_sink comp="457" pin=0"/></net>

<net id="461"><net_src comp="457" pin="1"/><net_sink comp="256" pin=22"/></net>

<net id="465"><net_src comp="210" pin="2"/><net_sink comp="462" pin=0"/></net>

<net id="466"><net_src comp="462" pin="1"/><net_sink comp="256" pin=24"/></net>

<net id="470"><net_src comp="216" pin="2"/><net_sink comp="467" pin=0"/></net>

<net id="471"><net_src comp="467" pin="1"/><net_sink comp="256" pin=26"/></net>

<net id="475"><net_src comp="222" pin="2"/><net_sink comp="472" pin=0"/></net>

<net id="476"><net_src comp="472" pin="1"/><net_sink comp="256" pin=28"/></net>

<net id="480"><net_src comp="228" pin="2"/><net_sink comp="477" pin=0"/></net>

<net id="481"><net_src comp="477" pin="1"/><net_sink comp="256" pin=30"/></net>

<net id="485"><net_src comp="234" pin="2"/><net_sink comp="482" pin=0"/></net>

<net id="486"><net_src comp="482" pin="1"/><net_sink comp="256" pin=0"/></net>

<net id="490"><net_src comp="240" pin="3"/><net_sink comp="487" pin=0"/></net>

<net id="491"><net_src comp="487" pin="1"/><net_sink comp="247" pin=0"/></net>

</net_list>

</model> 
---------------- Datapath Model END ------------------

* FSMD analyzer results:
  - Output states:
 - Input state : 
	Port: crc_process_tail_bytes : crcTables_0 | {3 4 }
	Port: crc_process_tail_bytes : inByte017 | {2 }
	Port: crc_process_tail_bytes : inByte118 | {2 }
	Port: crc_process_tail_bytes : inByte219 | {2 }
	Port: crc_process_tail_bytes : inByte320 | {2 }
	Port: crc_process_tail_bytes : inByte421 | {2 }
	Port: crc_process_tail_bytes : inByte522 | {2 }
	Port: crc_process_tail_bytes : inByte623 | {2 }
	Port: crc_process_tail_bytes : inByte724 | {2 }
	Port: crc_process_tail_bytes : inByte825 | {2 }
	Port: crc_process_tail_bytes : inByte926 | {2 }
	Port: crc_process_tail_bytes : inByte1027 | {2 }
	Port: crc_process_tail_bytes : inByte1128 | {2 }
	Port: crc_process_tail_bytes : inByte1229 | {2 }
	Port: crc_process_tail_bytes : inByte1330 | {2 }
	Port: crc_process_tail_bytes : inByte1431 | {2 }
	Port: crc_process_tail_bytes : inByte1532 | {2 }
	Port: crc_process_tail_bytes : tail_bytes | {1 }
	Port: crc_process_tail_bytes : crc | {1 }
	Port: crc_process_tail_bytes : mask | {1 }
  - Chain level:
	State 1
		store_ln444 : 1
		t_1 : 1
		icmp_ln444 : 2
		t_2 : 2
		br_ln444 : 3
		trunc_ln444_1 : 2
		switch_ln449 : 3
		store_ln444 : 3
	State 2
	State 3
		trunc_ln444 : 1
		xor_ln1543 : 2
		zext_ln587 : 2
		crcTables_0_addr : 3
		rhs_V : 4
		ret_ln504 : 1
	State 4
		r_V : 1
		zext_ln1715 : 2
		ret_V_2 : 3
		ret_V : 3
		store_ln444 : 3


============================================================
+ Verbose Summary: Datapath Resource usage 
============================================================

* Functional unit list:
|----------|-----------------------------|---------|---------|
| Operation|       Functional Unit       |    FF   |   LUT   |
|----------|-----------------------------|---------|---------|
|    xor   |      xor_ln1543_fu_331      |    0    |    8    |
|          |        ret_V_2_fu_359       |    0    |    32   |
|----------|-----------------------------|---------|---------|
|    add   |          t_2_fu_309         |    0    |    38   |
|----------|-----------------------------|---------|---------|
|    and   |         ret_V_fu_365        |    0    |    32   |
|----------|-----------------------------|---------|---------|
|   icmp   |      icmp_ln444_fu_303      |    0    |    19   |
|----------|-----------------------------|---------|---------|
|          |    mask_read_read_fu_126    |    0    |    0    |
|          |     crc_read_read_fu_132    |    0    |    0    |
|          | tail_bytes_read_read_fu_138 |    0    |    0    |
|          |      tmp_16_read_fu_144     |    0    |    0    |
|          |      tmp_15_read_fu_150     |    0    |    0    |
|          |      tmp_14_read_fu_156     |    0    |    0    |
|          |      tmp_13_read_fu_162     |    0    |    0    |
|          |      tmp_12_read_fu_168     |    0    |    0    |
|          |      tmp_11_read_fu_174     |    0    |    0    |
|   read   |      tmp_10_read_fu_180     |    0    |    0    |
|          |      tmp_9_read_fu_186      |    0    |    0    |
|          |      tmp_8_read_fu_192      |    0    |    0    |
|          |      tmp_7_read_fu_198      |    0    |    0    |
|          |      tmp_6_read_fu_204      |    0    |    0    |
|          |      tmp_5_read_fu_210      |    0    |    0    |
|          |      tmp_4_read_fu_216      |    0    |    0    |
|          |      tmp_3_read_fu_222      |    0    |    0    |
|          |       tmp_read_fu_228       |    0    |    0    |
|          |      tmp_17_read_fu_234     |    0    |    0    |
|----------|-----------------------------|---------|---------|
|   trunc  |     trunc_ln444_1_fu_315    |    0    |    0    |
|          |      trunc_ln444_fu_327     |    0    |    0    |
|----------|-----------------------------|---------|---------|
|   zext   |      zext_ln587_fu_337      |    0    |    0    |
|          |      zext_ln1715_fu_355     |    0    |    0    |
|----------|-----------------------------|---------|---------|
|partselect|          r_V_fu_345         |    0    |    0    |
|----------|-----------------------------|---------|---------|
|   Total  |                             |    0    |   129   |
|----------|-----------------------------|---------|---------|

Memories:
N/A

* Register list:
+------------------------+--------+
|                        |   FF   |
+------------------------+--------+
|      bt_V_reg_253      |    8   |
|crcTables_0_addr_reg_487|    8   |
|   icmp_ln444_reg_399   |    1   |
|      lhs_V_reg_385     |   32   |
|    mask_read_reg_394   |   32   |
|        t_reg_378       |   31   |
|     tmp_10_reg_437     |    8   |
|     tmp_11_reg_432     |    8   |
|     tmp_12_reg_427     |    8   |
|     tmp_13_reg_422     |    8   |
|     tmp_14_reg_417     |    8   |
|     tmp_15_reg_412     |    8   |
|     tmp_16_reg_407     |    8   |
|     tmp_17_reg_482     |    8   |
|      tmp_3_reg_472     |    8   |
|      tmp_4_reg_467     |    8   |
|      tmp_5_reg_462     |    8   |
|      tmp_6_reg_457     |    8   |
|      tmp_7_reg_452     |    8   |
|      tmp_8_reg_447     |    8   |
|      tmp_9_reg_442     |    8   |
|       tmp_reg_477      |    8   |
|  trunc_ln444_1_reg_403 |    4   |
+------------------------+--------+
|          Total         |   244  |
+------------------------+--------+

* Multiplexer (MUX) list: 
|-------------------|------|------|------|--------||---------||---------|
|        Comp       |  Pin | Size |  BW  | S x BW ||  Delay  ||   LUT   |
|-------------------|------|------|------|--------||---------||---------|
| grp_access_fu_247 |  p0  |   2  |   8  |   16   ||    9    |
|-------------------|------|------|------|--------||---------||---------|
|       Total       |      |      |      |   16   ||  0.387  ||    9    |
|-------------------|------|------|------|--------||---------||---------|



* Summary:
+-----------+--------+--------+--------+
|           |  Delay |   FF   |   LUT  |
+-----------+--------+--------+--------+
|  Function |    -   |    0   |   129  |
|   Memory  |    -   |    -   |    -   |
|Multiplexer|    0   |    -   |    9   |
|  Register |    -   |   244  |    -   |
+-----------+--------+--------+--------+
|   Total   |    0   |   244  |   138  |
+-----------+--------+--------+--------+
