

================================================================
== Vitis HLS Report for 'crc_dataflow_region'
================================================================
* Date:           Thu Apr  2 18:17:04 2026

* Version:        2022.1 (Build 3526262 on Mon Apr 18 15:47:01 MDT 2022)
* Project:        calculate_crc
* Solution:       solution (Vitis Kernel Flow Target)
* Product family: virtexuplus
* Target device:  xcu280-fsvh2892-2L-e


================================================================
== Performance Estimates
================================================================
+ Timing: 
    * Summary: 
    +--------+---------+----------+------------+
    |  Clock |  Target | Estimated| Uncertainty|
    +--------+---------+----------+------------+
    |ap_clk  |  3.33 ns|  2.433 ns|     0.90 ns|
    +--------+---------+----------+------------+

+ Latency: 
    * Summary: 
    +---------+---------+----------+----------+-----+-----+----------+
    |  Latency (cycles) |  Latency (absolute) |  Interval | Pipeline |
    |   min   |   max   |    min   |    max   | min | max |   Type   |
    +---------+---------+----------+----------+-----+-----+----------+
    |        ?|        ?|         ?|         ?|    ?|    ?|  dataflow|
    +---------+---------+----------+----------+-----+-----+----------+

    + Detail: 
        * Instance: 
        N/A

        * Loop: 
        N/A

============================================================
+ Verbose Summary: Synthesis Manager
============================================================
InlineROM: 1
ExposeGlobal: 0
============================================================
+ Verbose Summary: CDFG Model
============================================================
IsTopModel: 0
ResetActiveHigh: 1
IsCombinational: 2
IsDatapathOnly: 0
HasWiredReturn: 1
HasMFsm: 0
HasVarLatency: 1
IsPipeline: 0
IsRtlPipelined: 0
IsInstanceOverlapped: 0
IsDontTouch: 0
HasImplIP: 0
IsGatedGlobalClock: 0


============================================================
+ Verbose Summary: Schedule
============================================================
* Number of FSM states : 6
* Pipeline : 0
* Dataflow Pipeline: 1
  DF-Pipeline-0: Size = 6, States = { 1 2 3 4 5 6 }

* FSM state transitions: 
1 --> 2 
2 --> 3 
3 --> 4 
4 --> 5 
5 --> 6 
6 --> 

* FSM state operations: 

State 1 <SV = 0> <Delay = 2.43>
ST_1 : Operation 7 [1/1] (0.00ns)   --->   "%chunkSize_read = read i32 @_ssdm_op_Read.ap_auto.i32, i32 %chunkSize" [/home/efrink/mled/split_cu/U280_CRC_Accelerator/src/kernel.cpp:605]   --->   Operation 7 'read' 'chunkSize_read' <Predicate = true> <Delay = 0.00>
ST_1 : Operation 8 [1/1] (0.00ns)   --->   "%numChunks_read = read i32 @_ssdm_op_Read.ap_auto.i32, i32 %numChunks" [/home/efrink/mled/split_cu/U280_CRC_Accelerator/src/kernel.cpp:605]   --->   Operation 8 'read' 'numChunks_read' <Predicate = true> <Delay = 0.00>
ST_1 : Operation 9 [1/1] (0.00ns)   --->   "%data_in_read = read i64 @_ssdm_op_Read.ap_auto.i64, i64 %data_in" [/home/efrink/mled/split_cu/U280_CRC_Accelerator/src/kernel.cpp:605]   --->   Operation 9 'read' 'data_in_read' <Predicate = true> <Delay = 0.00>
ST_1 : Operation 10 [1/1] (0.00ns)   --->   "%numChunks_c = alloca i64 1" [/home/efrink/mled/split_cu/U280_CRC_Accelerator/src/kernel.cpp:605]   --->   Operation 10 'alloca' 'numChunks_c' <Predicate = true> <Delay = 0.00> <CoreInst = "FIFO_SRL">   --->   Core 81 'FIFO_SRL' <Latency = 0> <II = 1> <Delay = 1.39> <Storage> <Opcode : 'read' 'write' 'nbread' 'nbwrite'> <Ports = 0> <Width = 32> <Depth = 2> <FIFO>
ST_1 : Operation 11 [1/1] (0.00ns)   --->   "%crc_out_c = alloca i64 1" [/home/efrink/mled/split_cu/U280_CRC_Accelerator/src/kernel.cpp:605]   --->   Operation 11 'alloca' 'crc_out_c' <Predicate = true> <Delay = 0.00> <CoreInst = "FIFO_SRL">   --->   Core 81 'FIFO_SRL' <Latency = 0> <II = 1> <Delay = 1.41> <Storage> <Opcode : 'read' 'write' 'nbread' 'nbwrite'> <Ports = 0> <Width = 64> <Depth = 4> <FIFO>
ST_1 : Operation 12 [1/1] (0.00ns)   --->   "%inByte0 = alloca i64 1" [/home/efrink/mled/split_cu/U280_CRC_Accelerator/src/kernel.cpp:568]   --->   Operation 12 'alloca' 'inByte0' <Predicate = true> <Delay = 0.00> <CoreInst = "FIFO_SRL">   --->   Core 81 'FIFO_SRL' <Latency = 0> <II = 1> <Delay = 1.35> <Storage> <Opcode : 'read' 'write' 'nbread' 'nbwrite'> <Ports = 0> <Width = 8> <Depth = 64> <FIFO>
ST_1 : Operation 13 [1/1] (0.00ns)   --->   "%inByte1 = alloca i64 1" [/home/efrink/mled/split_cu/U280_CRC_Accelerator/src/kernel.cpp:569]   --->   Operation 13 'alloca' 'inByte1' <Predicate = true> <Delay = 0.00> <CoreInst = "FIFO_SRL">   --->   Core 81 'FIFO_SRL' <Latency = 0> <II = 1> <Delay = 1.35> <Storage> <Opcode : 'read' 'write' 'nbread' 'nbwrite'> <Ports = 0> <Width = 8> <Depth = 64> <FIFO>
ST_1 : Operation 14 [1/1] (0.00ns)   --->   "%inByte2 = alloca i64 1" [/home/efrink/mled/split_cu/U280_CRC_Accelerator/src/kernel.cpp:570]   --->   Operation 14 'alloca' 'inByte2' <Predicate = true> <Delay = 0.00> <CoreInst = "FIFO_SRL">   --->   Core 81 'FIFO_SRL' <Latency = 0> <II = 1> <Delay = 1.35> <Storage> <Opcode : 'read' 'write' 'nbread' 'nbwrite'> <Ports = 0> <Width = 8> <Depth = 64> <FIFO>
ST_1 : Operation 15 [1/1] (0.00ns)   --->   "%inByte3 = alloca i64 1" [/home/efrink/mled/split_cu/U280_CRC_Accelerator/src/kernel.cpp:571]   --->   Operation 15 'alloca' 'inByte3' <Predicate = true> <Delay = 0.00> <CoreInst = "FIFO_SRL">   --->   Core 81 'FIFO_SRL' <Latency = 0> <II = 1> <Delay = 1.35> <Storage> <Opcode : 'read' 'write' 'nbread' 'nbwrite'> <Ports = 0> <Width = 8> <Depth = 64> <FIFO>
ST_1 : Operation 16 [1/1] (0.00ns)   --->   "%inByte4 = alloca i64 1" [/home/efrink/mled/split_cu/U280_CRC_Accelerator/src/kernel.cpp:572]   --->   Operation 16 'alloca' 'inByte4' <Predicate = true> <Delay = 0.00> <CoreInst = "FIFO_SRL">   --->   Core 81 'FIFO_SRL' <Latency = 0> <II = 1> <Delay = 1.35> <Storage> <Opcode : 'read' 'write' 'nbread' 'nbwrite'> <Ports = 0> <Width = 8> <Depth = 64> <FIFO>
ST_1 : Operation 17 [1/1] (0.00ns)   --->   "%inByte5 = alloca i64 1" [/home/efrink/mled/split_cu/U280_CRC_Accelerator/src/kernel.cpp:573]   --->   Operation 17 'alloca' 'inByte5' <Predicate = true> <Delay = 0.00> <CoreInst = "FIFO_SRL">   --->   Core 81 'FIFO_SRL' <Latency = 0> <II = 1> <Delay = 1.35> <Storage> <Opcode : 'read' 'write' 'nbread' 'nbwrite'> <Ports = 0> <Width = 8> <Depth = 64> <FIFO>
ST_1 : Operation 18 [1/1] (0.00ns)   --->   "%inByte6 = alloca i64 1" [/home/efrink/mled/split_cu/U280_CRC_Accelerator/src/kernel.cpp:574]   --->   Operation 18 'alloca' 'inByte6' <Predicate = true> <Delay = 0.00> <CoreInst = "FIFO_SRL">   --->   Core 81 'FIFO_SRL' <Latency = 0> <II = 1> <Delay = 1.35> <Storage> <Opcode : 'read' 'write' 'nbread' 'nbwrite'> <Ports = 0> <Width = 8> <Depth = 64> <FIFO>
ST_1 : Operation 19 [1/1] (0.00ns)   --->   "%inByte7 = alloca i64 1" [/home/efrink/mled/split_cu/U280_CRC_Accelerator/src/kernel.cpp:575]   --->   Operation 19 'alloca' 'inByte7' <Predicate = true> <Delay = 0.00> <CoreInst = "FIFO_SRL">   --->   Core 81 'FIFO_SRL' <Latency = 0> <II = 1> <Delay = 1.35> <Storage> <Opcode : 'read' 'write' 'nbread' 'nbwrite'> <Ports = 0> <Width = 8> <Depth = 64> <FIFO>
ST_1 : Operation 20 [1/1] (0.00ns)   --->   "%inByte8 = alloca i64 1" [/home/efrink/mled/split_cu/U280_CRC_Accelerator/src/kernel.cpp:576]   --->   Operation 20 'alloca' 'inByte8' <Predicate = true> <Delay = 0.00> <CoreInst = "FIFO_SRL">   --->   Core 81 'FIFO_SRL' <Latency = 0> <II = 1> <Delay = 1.35> <Storage> <Opcode : 'read' 'write' 'nbread' 'nbwrite'> <Ports = 0> <Width = 8> <Depth = 64> <FIFO>
ST_1 : Operation 21 [1/1] (0.00ns)   --->   "%inByte9 = alloca i64 1" [/home/efrink/mled/split_cu/U280_CRC_Accelerator/src/kernel.cpp:577]   --->   Operation 21 'alloca' 'inByte9' <Predicate = true> <Delay = 0.00> <CoreInst = "FIFO_SRL">   --->   Core 81 'FIFO_SRL' <Latency = 0> <II = 1> <Delay = 1.35> <Storage> <Opcode : 'read' 'write' 'nbread' 'nbwrite'> <Ports = 0> <Width = 8> <Depth = 64> <FIFO>
ST_1 : Operation 22 [1/1] (0.00ns)   --->   "%inByte10 = alloca i64 1" [/home/efrink/mled/split_cu/U280_CRC_Accelerator/src/kernel.cpp:578]   --->   Operation 22 'alloca' 'inByte10' <Predicate = true> <Delay = 0.00> <CoreInst = "FIFO_SRL">   --->   Core 81 'FIFO_SRL' <Latency = 0> <II = 1> <Delay = 1.35> <Storage> <Opcode : 'read' 'write' 'nbread' 'nbwrite'> <Ports = 0> <Width = 8> <Depth = 64> <FIFO>
ST_1 : Operation 23 [1/1] (0.00ns)   --->   "%inByte11 = alloca i64 1" [/home/efrink/mled/split_cu/U280_CRC_Accelerator/src/kernel.cpp:579]   --->   Operation 23 'alloca' 'inByte11' <Predicate = true> <Delay = 0.00> <CoreInst = "FIFO_SRL">   --->   Core 81 'FIFO_SRL' <Latency = 0> <II = 1> <Delay = 1.35> <Storage> <Opcode : 'read' 'write' 'nbread' 'nbwrite'> <Ports = 0> <Width = 8> <Depth = 64> <FIFO>
ST_1 : Operation 24 [1/1] (0.00ns)   --->   "%inByte12 = alloca i64 1" [/home/efrink/mled/split_cu/U280_CRC_Accelerator/src/kernel.cpp:580]   --->   Operation 24 'alloca' 'inByte12' <Predicate = true> <Delay = 0.00> <CoreInst = "FIFO_SRL">   --->   Core 81 'FIFO_SRL' <Latency = 0> <II = 1> <Delay = 1.35> <Storage> <Opcode : 'read' 'write' 'nbread' 'nbwrite'> <Ports = 0> <Width = 8> <Depth = 64> <FIFO>
ST_1 : Operation 25 [1/1] (0.00ns)   --->   "%inByte13 = alloca i64 1" [/home/efrink/mled/split_cu/U280_CRC_Accelerator/src/kernel.cpp:581]   --->   Operation 25 'alloca' 'inByte13' <Predicate = true> <Delay = 0.00> <CoreInst = "FIFO_SRL">   --->   Core 81 'FIFO_SRL' <Latency = 0> <II = 1> <Delay = 1.35> <Storage> <Opcode : 'read' 'write' 'nbread' 'nbwrite'> <Ports = 0> <Width = 8> <Depth = 64> <FIFO>
ST_1 : Operation 26 [1/1] (0.00ns)   --->   "%inByte14 = alloca i64 1" [/home/efrink/mled/split_cu/U280_CRC_Accelerator/src/kernel.cpp:582]   --->   Operation 26 'alloca' 'inByte14' <Predicate = true> <Delay = 0.00> <CoreInst = "FIFO_SRL">   --->   Core 81 'FIFO_SRL' <Latency = 0> <II = 1> <Delay = 1.35> <Storage> <Opcode : 'read' 'write' 'nbread' 'nbwrite'> <Ports = 0> <Width = 8> <Depth = 64> <FIFO>
ST_1 : Operation 27 [1/1] (0.00ns)   --->   "%inByte15 = alloca i64 1" [/home/efrink/mled/split_cu/U280_CRC_Accelerator/src/kernel.cpp:583]   --->   Operation 27 'alloca' 'inByte15' <Predicate = true> <Delay = 0.00> <CoreInst = "FIFO_SRL">   --->   Core 81 'FIFO_SRL' <Latency = 0> <II = 1> <Delay = 1.35> <Storage> <Opcode : 'read' 'write' 'nbread' 'nbwrite'> <Ports = 0> <Width = 8> <Depth = 64> <FIFO>
ST_1 : Operation 28 [1/1] (0.00ns)   --->   "%outStream = alloca i64 1" [/home/efrink/mled/split_cu/U280_CRC_Accelerator/src/kernel.cpp:602]   --->   Operation 28 'alloca' 'outStream' <Predicate = true> <Delay = 0.00> <CoreInst = "FIFO">   --->   Core 78 'FIFO' <Latency = 0> <II = 1> <Delay = 1.31> <Storage> <Opcode : 'read' 'write' 'nbread' 'nbwrite'> <Ports = 0> <Width = 32> <Depth = 64> <FIFO>
ST_1 : Operation 29 [2/2] (2.43ns)   --->   "%call_ln606 = call void @read_input, i128 %gmem0, i64 %data_in_read, i8 %inByte0, i8 %inByte1, i8 %inByte2, i8 %inByte3, i8 %inByte4, i8 %inByte5, i8 %inByte6, i8 %inByte7, i8 %inByte8, i8 %inByte9, i8 %inByte10, i8 %inByte11, i8 %inByte12, i8 %inByte13, i8 %inByte14, i8 %inByte15, i32 %numChunks_read, i32 %chunkSize_read" [/home/efrink/mled/split_cu/U280_CRC_Accelerator/src/kernel.cpp:606]   --->   Operation 29 'call' 'call_ln606' <Predicate = true> <Delay = 2.43> <CoreType = "Generic">   --->   Core 0 '' <Latency = 0> <II = 1> <Delay = 1.00> <Generic> <Opcode : >

State 2 <SV = 1> <Delay = 0.00>
ST_2 : Operation 30 [1/2] (0.00ns)   --->   "%call_ln606 = call void @read_input, i128 %gmem0, i64 %data_in_read, i8 %inByte0, i8 %inByte1, i8 %inByte2, i8 %inByte3, i8 %inByte4, i8 %inByte5, i8 %inByte6, i8 %inByte7, i8 %inByte8, i8 %inByte9, i8 %inByte10, i8 %inByte11, i8 %inByte12, i8 %inByte13, i8 %inByte14, i8 %inByte15, i32 %numChunks_read, i32 %chunkSize_read" [/home/efrink/mled/split_cu/U280_CRC_Accelerator/src/kernel.cpp:606]   --->   Operation 30 'call' 'call_ln606' <Predicate = true> <Delay = 0.00> <CoreType = "Generic">   --->   Core 0 '' <Latency = 0> <II = 1> <Delay = 1.00> <Generic> <Opcode : >

State 3 <SV = 2> <Delay = 2.03>
ST_3 : Operation 31 [1/1] (0.00ns)   --->   "%init_value_read = read i32 @_ssdm_op_Read.ap_auto.i32, i32 %init_value" [/home/efrink/mled/split_cu/U280_CRC_Accelerator/src/kernel.cpp:605]   --->   Operation 31 'read' 'init_value_read' <Predicate = true> <Delay = 0.00>
ST_3 : Operation 32 [1/1] (0.00ns)   --->   "%crc_size_read = read i32 @_ssdm_op_Read.ap_auto.i32, i32 %crc_size" [/home/efrink/mled/split_cu/U280_CRC_Accelerator/src/kernel.cpp:605]   --->   Operation 32 'read' 'crc_size_read' <Predicate = true> <Delay = 0.00>
ST_3 : Operation 33 [2/2] (2.03ns)   --->   "%call_ln613 = call void @process_crc_chunks, i32 %crcTables_0, i32 %crcTables_1, i32 %crcTables_2, i32 %crcTables_3, i32 %crcTables_4, i32 %crcTables_5, i32 %crcTables_6, i32 %crcTables_7, i32 %crcTables_8, i32 %crcTables_9, i32 %crcTables_10, i32 %crcTables_11, i32 %crcTables_12, i32 %crcTables_13, i32 %crcTables_14, i32 %crcTables_15, i8 %inByte0, i8 %inByte1, i8 %inByte2, i8 %inByte3, i8 %inByte4, i8 %inByte5, i8 %inByte6, i8 %inByte7, i8 %inByte8, i8 %inByte9, i8 %inByte10, i8 %inByte11, i8 %inByte12, i8 %inByte13, i8 %inByte14, i8 %inByte15, i32 %crc_size_read, i32 %init_value_read, i32 %outStream, i32 %numChunks_read, i32 %chunkSize_read, i32 %numChunks_c" [/home/efrink/mled/split_cu/U280_CRC_Accelerator/src/kernel.cpp:613]   --->   Operation 33 'call' 'call_ln613' <Predicate = true> <Delay = 2.03> <CoreType = "Generic">   --->   Core 0 '' <Latency = 0> <II = 1> <Delay = 1.00> <Generic> <Opcode : >

State 4 <SV = 3> <Delay = 1.21>
ST_4 : Operation 34 [1/1] (0.00ns)   --->   "%crc_out_read = read i64 @_ssdm_op_Read.ap_auto.i64, i64 %crc_out" [/home/efrink/mled/split_cu/U280_CRC_Accelerator/src/kernel.cpp:605]   --->   Operation 34 'read' 'crc_out_read' <Predicate = true> <Delay = 0.00>
ST_4 : Operation 35 [1/1] (1.21ns)   --->   "%call_ln605 = call void @entry_proc, i64 %crc_out_read, i64 %crc_out_c" [/home/efrink/mled/split_cu/U280_CRC_Accelerator/src/kernel.cpp:605]   --->   Operation 35 'call' 'call_ln605' <Predicate = true> <Delay = 1.21> <CoreType = "Generic">   --->   Core 0 '' <Latency = 0> <II = 1> <Delay = 1.00> <Generic> <Opcode : >
ST_4 : Operation 36 [1/2] (0.00ns)   --->   "%call_ln613 = call void @process_crc_chunks, i32 %crcTables_0, i32 %crcTables_1, i32 %crcTables_2, i32 %crcTables_3, i32 %crcTables_4, i32 %crcTables_5, i32 %crcTables_6, i32 %crcTables_7, i32 %crcTables_8, i32 %crcTables_9, i32 %crcTables_10, i32 %crcTables_11, i32 %crcTables_12, i32 %crcTables_13, i32 %crcTables_14, i32 %crcTables_15, i8 %inByte0, i8 %inByte1, i8 %inByte2, i8 %inByte3, i8 %inByte4, i8 %inByte5, i8 %inByte6, i8 %inByte7, i8 %inByte8, i8 %inByte9, i8 %inByte10, i8 %inByte11, i8 %inByte12, i8 %inByte13, i8 %inByte14, i8 %inByte15, i32 %crc_size_read, i32 %init_value_read, i32 %outStream, i32 %numChunks_read, i32 %chunkSize_read, i32 %numChunks_c" [/home/efrink/mled/split_cu/U280_CRC_Accelerator/src/kernel.cpp:613]   --->   Operation 36 'call' 'call_ln613' <Predicate = true> <Delay = 0.00> <CoreType = "Generic">   --->   Core 0 '' <Latency = 0> <II = 1> <Delay = 1.00> <Generic> <Opcode : >

State 5 <SV = 4> <Delay = 0.00>
ST_5 : Operation 37 [2/2] (0.00ns)   --->   "%call_ln622 = call void @write_output, i32 %outStream, i32 %numChunks_c, i128 %gmem0, i64 %crc_out_c" [/home/efrink/mled/split_cu/U280_CRC_Accelerator/src/kernel.cpp:622]   --->   Operation 37 'call' 'call_ln622' <Predicate = true> <Delay = 0.00> <CoreType = "Generic">   --->   Core 0 '' <Latency = 0> <II = 1> <Delay = 1.00> <Generic> <Opcode : >

State 6 <SV = 5> <Delay = 0.00>
ST_6 : Operation 38 [1/1] (0.00ns)   --->   "%empty = specchannel i32 @_ssdm_op_SpecChannel, void @numChunks_c_str, i32 1, void @p_str, void @p_str, i32 2, i32 0, i32 %numChunks_c, i32 %numChunks_c" [/home/efrink/mled/split_cu/U280_CRC_Accelerator/src/kernel.cpp:605]   --->   Operation 38 'specchannel' 'empty' <Predicate = true> <Delay = 0.00>
ST_6 : Operation 39 [1/1] (0.00ns)   --->   "%specinterface_ln605 = specinterface void @_ssdm_op_SpecInterface, i32 %numChunks_c, void @ap_fifo_str, i32 0, i32 0, void @p_str, i32 0, i32 0, void @p_str, void @p_str, void @p_str, i32 2, i32 2, i32 16, i32 16, void @p_str, void @p_str, i32 4294967295, i32 0" [/home/efrink/mled/split_cu/U280_CRC_Accelerator/src/kernel.cpp:605]   --->   Operation 39 'specinterface' 'specinterface_ln605' <Predicate = true> <Delay = 0.00>
ST_6 : Operation 40 [1/1] (0.00ns)   --->   "%empty_43 = specchannel i32 @_ssdm_op_SpecChannel, void @crc_out_c_str, i32 1, void @p_str, void @p_str, i32 4, i32 0, i64 %crc_out_c, i64 %crc_out_c" [/home/efrink/mled/split_cu/U280_CRC_Accelerator/src/kernel.cpp:605]   --->   Operation 40 'specchannel' 'empty_43' <Predicate = true> <Delay = 0.00>
ST_6 : Operation 41 [1/1] (0.00ns)   --->   "%specinterface_ln605 = specinterface void @_ssdm_op_SpecInterface, i64 %crc_out_c, void @ap_fifo_str, i32 0, i32 0, void @p_str, i32 0, i32 0, void @p_str, void @p_str, void @p_str, i32 2, i32 2, i32 16, i32 16, void @p_str, void @p_str, i32 4294967295, i32 0" [/home/efrink/mled/split_cu/U280_CRC_Accelerator/src/kernel.cpp:605]   --->   Operation 41 'specinterface' 'specinterface_ln605' <Predicate = true> <Delay = 0.00>
ST_6 : Operation 42 [1/1] (0.00ns)   --->   "%specdataflowpipeline_ln605 = specdataflowpipeline void @_ssdm_op_SpecDataflowPipeline, i32 4294967295, i32 0, void @empty_23" [/home/efrink/mled/split_cu/U280_CRC_Accelerator/src/kernel.cpp:605]   --->   Operation 42 'specdataflowpipeline' 'specdataflowpipeline_ln605' <Predicate = true> <Delay = 0.00>
ST_6 : Operation 43 [1/1] (0.00ns)   --->   "%specmemcore_ln0 = specmemcore void @_ssdm_op_SpecMemCore, i32 %crcTables_0, i64 666, i64 18, i64 18446744073709551615"   --->   Operation 43 'specmemcore' 'specmemcore_ln0' <Predicate = true> <Delay = 0.00>
ST_6 : Operation 44 [1/1] (0.00ns)   --->   "%specmemcore_ln0 = specmemcore void @_ssdm_op_SpecMemCore, i32 %crcTables_1, i64 666, i64 18, i64 18446744073709551615"   --->   Operation 44 'specmemcore' 'specmemcore_ln0' <Predicate = true> <Delay = 0.00>
ST_6 : Operation 45 [1/1] (0.00ns)   --->   "%specmemcore_ln0 = specmemcore void @_ssdm_op_SpecMemCore, i32 %crcTables_2, i64 666, i64 18, i64 18446744073709551615"   --->   Operation 45 'specmemcore' 'specmemcore_ln0' <Predicate = true> <Delay = 0.00>
ST_6 : Operation 46 [1/1] (0.00ns)   --->   "%specmemcore_ln0 = specmemcore void @_ssdm_op_SpecMemCore, i32 %crcTables_3, i64 666, i64 18, i64 18446744073709551615"   --->   Operation 46 'specmemcore' 'specmemcore_ln0' <Predicate = true> <Delay = 0.00>
ST_6 : Operation 47 [1/1] (0.00ns)   --->   "%specmemcore_ln0 = specmemcore void @_ssdm_op_SpecMemCore, i32 %crcTables_4, i64 666, i64 18, i64 18446744073709551615"   --->   Operation 47 'specmemcore' 'specmemcore_ln0' <Predicate = true> <Delay = 0.00>
ST_6 : Operation 48 [1/1] (0.00ns)   --->   "%specmemcore_ln0 = specmemcore void @_ssdm_op_SpecMemCore, i32 %crcTables_5, i64 666, i64 18, i64 18446744073709551615"   --->   Operation 48 'specmemcore' 'specmemcore_ln0' <Predicate = true> <Delay = 0.00>
ST_6 : Operation 49 [1/1] (0.00ns)   --->   "%specmemcore_ln0 = specmemcore void @_ssdm_op_SpecMemCore, i32 %crcTables_6, i64 666, i64 18, i64 18446744073709551615"   --->   Operation 49 'specmemcore' 'specmemcore_ln0' <Predicate = true> <Delay = 0.00>
ST_6 : Operation 50 [1/1] (0.00ns)   --->   "%specmemcore_ln0 = specmemcore void @_ssdm_op_SpecMemCore, i32 %crcTables_7, i64 666, i64 18, i64 18446744073709551615"   --->   Operation 50 'specmemcore' 'specmemcore_ln0' <Predicate = true> <Delay = 0.00>
ST_6 : Operation 51 [1/1] (0.00ns)   --->   "%specmemcore_ln0 = specmemcore void @_ssdm_op_SpecMemCore, i32 %crcTables_8, i64 666, i64 18, i64 18446744073709551615"   --->   Operation 51 'specmemcore' 'specmemcore_ln0' <Predicate = true> <Delay = 0.00>
ST_6 : Operation 52 [1/1] (0.00ns)   --->   "%specmemcore_ln0 = specmemcore void @_ssdm_op_SpecMemCore, i32 %crcTables_9, i64 666, i64 18, i64 18446744073709551615"   --->   Operation 52 'specmemcore' 'specmemcore_ln0' <Predicate = true> <Delay = 0.00>
ST_6 : Operation 53 [1/1] (0.00ns)   --->   "%specmemcore_ln0 = specmemcore void @_ssdm_op_SpecMemCore, i32 %crcTables_10, i64 666, i64 18, i64 18446744073709551615"   --->   Operation 53 'specmemcore' 'specmemcore_ln0' <Predicate = true> <Delay = 0.00>
ST_6 : Operation 54 [1/1] (0.00ns)   --->   "%specmemcore_ln0 = specmemcore void @_ssdm_op_SpecMemCore, i32 %crcTables_11, i64 666, i64 18, i64 18446744073709551615"   --->   Operation 54 'specmemcore' 'specmemcore_ln0' <Predicate = true> <Delay = 0.00>
ST_6 : Operation 55 [1/1] (0.00ns)   --->   "%specmemcore_ln0 = specmemcore void @_ssdm_op_SpecMemCore, i32 %crcTables_12, i64 666, i64 18, i64 18446744073709551615"   --->   Operation 55 'specmemcore' 'specmemcore_ln0' <Predicate = true> <Delay = 0.00>
ST_6 : Operation 56 [1/1] (0.00ns)   --->   "%specmemcore_ln0 = specmemcore void @_ssdm_op_SpecMemCore, i32 %crcTables_13, i64 666, i64 18, i64 18446744073709551615"   --->   Operation 56 'specmemcore' 'specmemcore_ln0' <Predicate = true> <Delay = 0.00>
ST_6 : Operation 57 [1/1] (0.00ns)   --->   "%specmemcore_ln0 = specmemcore void @_ssdm_op_SpecMemCore, i32 %crcTables_14, i64 666, i64 18, i64 18446744073709551615"   --->   Operation 57 'specmemcore' 'specmemcore_ln0' <Predicate = true> <Delay = 0.00>
ST_6 : Operation 58 [1/1] (0.00ns)   --->   "%specmemcore_ln0 = specmemcore void @_ssdm_op_SpecMemCore, i32 %crcTables_15, i64 666, i64 18, i64 18446744073709551615"   --->   Operation 58 'specmemcore' 'specmemcore_ln0' <Predicate = true> <Delay = 0.00>
ST_6 : Operation 59 [1/1] (0.00ns)   --->   "%specinterface_ln0 = specinterface void @_ssdm_op_SpecInterface, i128 %gmem0, void @empty_22, i32 0, i32 0, void @empty_23, i32 64, i32 1024, void @empty, void @empty_2, void @empty_23, i32 16, i32 16, i32 16, i32 16, void @empty_23, void @empty_23, i32 4294967295, i32 0"   --->   Operation 59 'specinterface' 'specinterface_ln0' <Predicate = true> <Delay = 0.00>
ST_6 : Operation 60 [1/1] (0.00ns)   --->   "%empty_44 = specchannel i32 @_ssdm_op_SpecChannel, void @inByte0_str, i32 1, void @p_str, void @p_str, i32 64, i32 64, i8 %inByte0, i8 %inByte0"   --->   Operation 60 'specchannel' 'empty_44' <Predicate = true> <Delay = 0.00>
ST_6 : Operation 61 [1/1] (0.00ns)   --->   "%specinterface_ln0 = specinterface void @_ssdm_op_SpecInterface, i8 %inByte0, void @empty_3, i32 0, i32 0, void @empty_23, i32 0, i32 0, void @empty_23, void @empty_23, void @empty_23, i32 0, i32 0, i32 0, i32 0, void @empty_23, void @empty_23, i32 4294967295, i32 0"   --->   Operation 61 'specinterface' 'specinterface_ln0' <Predicate = true> <Delay = 0.00>
ST_6 : Operation 62 [1/1] (0.00ns)   --->   "%empty_45 = specchannel i32 @_ssdm_op_SpecChannel, void @inByte1_str, i32 1, void @p_str, void @p_str, i32 64, i32 64, i8 %inByte1, i8 %inByte1"   --->   Operation 62 'specchannel' 'empty_45' <Predicate = true> <Delay = 0.00>
ST_6 : Operation 63 [1/1] (0.00ns)   --->   "%specinterface_ln0 = specinterface void @_ssdm_op_SpecInterface, i8 %inByte1, void @empty_3, i32 0, i32 0, void @empty_23, i32 0, i32 0, void @empty_23, void @empty_23, void @empty_23, i32 0, i32 0, i32 0, i32 0, void @empty_23, void @empty_23, i32 4294967295, i32 0"   --->   Operation 63 'specinterface' 'specinterface_ln0' <Predicate = true> <Delay = 0.00>
ST_6 : Operation 64 [1/1] (0.00ns)   --->   "%empty_46 = specchannel i32 @_ssdm_op_SpecChannel, void @inByte2_str, i32 1, void @p_str, void @p_str, i32 64, i32 64, i8 %inByte2, i8 %inByte2"   --->   Operation 64 'specchannel' 'empty_46' <Predicate = true> <Delay = 0.00>
ST_6 : Operation 65 [1/1] (0.00ns)   --->   "%specinterface_ln0 = specinterface void @_ssdm_op_SpecInterface, i8 %inByte2, void @empty_3, i32 0, i32 0, void @empty_23, i32 0, i32 0, void @empty_23, void @empty_23, void @empty_23, i32 0, i32 0, i32 0, i32 0, void @empty_23, void @empty_23, i32 4294967295, i32 0"   --->   Operation 65 'specinterface' 'specinterface_ln0' <Predicate = true> <Delay = 0.00>
ST_6 : Operation 66 [1/1] (0.00ns)   --->   "%empty_47 = specchannel i32 @_ssdm_op_SpecChannel, void @inByte3_str, i32 1, void @p_str, void @p_str, i32 64, i32 64, i8 %inByte3, i8 %inByte3"   --->   Operation 66 'specchannel' 'empty_47' <Predicate = true> <Delay = 0.00>
ST_6 : Operation 67 [1/1] (0.00ns)   --->   "%specinterface_ln0 = specinterface void @_ssdm_op_SpecInterface, i8 %inByte3, void @empty_3, i32 0, i32 0, void @empty_23, i32 0, i32 0, void @empty_23, void @empty_23, void @empty_23, i32 0, i32 0, i32 0, i32 0, void @empty_23, void @empty_23, i32 4294967295, i32 0"   --->   Operation 67 'specinterface' 'specinterface_ln0' <Predicate = true> <Delay = 0.00>
ST_6 : Operation 68 [1/1] (0.00ns)   --->   "%empty_48 = specchannel i32 @_ssdm_op_SpecChannel, void @inByte4_str, i32 1, void @p_str, void @p_str, i32 64, i32 64, i8 %inByte4, i8 %inByte4"   --->   Operation 68 'specchannel' 'empty_48' <Predicate = true> <Delay = 0.00>
ST_6 : Operation 69 [1/1] (0.00ns)   --->   "%specinterface_ln0 = specinterface void @_ssdm_op_SpecInterface, i8 %inByte4, void @empty_3, i32 0, i32 0, void @empty_23, i32 0, i32 0, void @empty_23, void @empty_23, void @empty_23, i32 0, i32 0, i32 0, i32 0, void @empty_23, void @empty_23, i32 4294967295, i32 0"   --->   Operation 69 'specinterface' 'specinterface_ln0' <Predicate = true> <Delay = 0.00>
ST_6 : Operation 70 [1/1] (0.00ns)   --->   "%empty_49 = specchannel i32 @_ssdm_op_SpecChannel, void @inByte5_str, i32 1, void @p_str, void @p_str, i32 64, i32 64, i8 %inByte5, i8 %inByte5"   --->   Operation 70 'specchannel' 'empty_49' <Predicate = true> <Delay = 0.00>
ST_6 : Operation 71 [1/1] (0.00ns)   --->   "%specinterface_ln0 = specinterface void @_ssdm_op_SpecInterface, i8 %inByte5, void @empty_3, i32 0, i32 0, void @empty_23, i32 0, i32 0, void @empty_23, void @empty_23, void @empty_23, i32 0, i32 0, i32 0, i32 0, void @empty_23, void @empty_23, i32 4294967295, i32 0"   --->   Operation 71 'specinterface' 'specinterface_ln0' <Predicate = true> <Delay = 0.00>
ST_6 : Operation 72 [1/1] (0.00ns)   --->   "%empty_50 = specchannel i32 @_ssdm_op_SpecChannel, void @inByte6_str, i32 1, void @p_str, void @p_str, i32 64, i32 64, i8 %inByte6, i8 %inByte6"   --->   Operation 72 'specchannel' 'empty_50' <Predicate = true> <Delay = 0.00>
ST_6 : Operation 73 [1/1] (0.00ns)   --->   "%specinterface_ln0 = specinterface void @_ssdm_op_SpecInterface, i8 %inByte6, void @empty_3, i32 0, i32 0, void @empty_23, i32 0, i32 0, void @empty_23, void @empty_23, void @empty_23, i32 0, i32 0, i32 0, i32 0, void @empty_23, void @empty_23, i32 4294967295, i32 0"   --->   Operation 73 'specinterface' 'specinterface_ln0' <Predicate = true> <Delay = 0.00>
ST_6 : Operation 74 [1/1] (0.00ns)   --->   "%empty_51 = specchannel i32 @_ssdm_op_SpecChannel, void @inByte7_str, i32 1, void @p_str, void @p_str, i32 64, i32 64, i8 %inByte7, i8 %inByte7"   --->   Operation 74 'specchannel' 'empty_51' <Predicate = true> <Delay = 0.00>
ST_6 : Operation 75 [1/1] (0.00ns)   --->   "%specinterface_ln0 = specinterface void @_ssdm_op_SpecInterface, i8 %inByte7, void @empty_3, i32 0, i32 0, void @empty_23, i32 0, i32 0, void @empty_23, void @empty_23, void @empty_23, i32 0, i32 0, i32 0, i32 0, void @empty_23, void @empty_23, i32 4294967295, i32 0"   --->   Operation 75 'specinterface' 'specinterface_ln0' <Predicate = true> <Delay = 0.00>
ST_6 : Operation 76 [1/1] (0.00ns)   --->   "%empty_52 = specchannel i32 @_ssdm_op_SpecChannel, void @inByte8_str, i32 1, void @p_str, void @p_str, i32 64, i32 64, i8 %inByte8, i8 %inByte8"   --->   Operation 76 'specchannel' 'empty_52' <Predicate = true> <Delay = 0.00>
ST_6 : Operation 77 [1/1] (0.00ns)   --->   "%specinterface_ln0 = specinterface void @_ssdm_op_SpecInterface, i8 %inByte8, void @empty_3, i32 0, i32 0, void @empty_23, i32 0, i32 0, void @empty_23, void @empty_23, void @empty_23, i32 0, i32 0, i32 0, i32 0, void @empty_23, void @empty_23, i32 4294967295, i32 0"   --->   Operation 77 'specinterface' 'specinterface_ln0' <Predicate = true> <Delay = 0.00>
ST_6 : Operation 78 [1/1] (0.00ns)   --->   "%empty_53 = specchannel i32 @_ssdm_op_SpecChannel, void @inByte9_str, i32 1, void @p_str, void @p_str, i32 64, i32 64, i8 %inByte9, i8 %inByte9"   --->   Operation 78 'specchannel' 'empty_53' <Predicate = true> <Delay = 0.00>
ST_6 : Operation 79 [1/1] (0.00ns)   --->   "%specinterface_ln0 = specinterface void @_ssdm_op_SpecInterface, i8 %inByte9, void @empty_3, i32 0, i32 0, void @empty_23, i32 0, i32 0, void @empty_23, void @empty_23, void @empty_23, i32 0, i32 0, i32 0, i32 0, void @empty_23, void @empty_23, i32 4294967295, i32 0"   --->   Operation 79 'specinterface' 'specinterface_ln0' <Predicate = true> <Delay = 0.00>
ST_6 : Operation 80 [1/1] (0.00ns)   --->   "%empty_54 = specchannel i32 @_ssdm_op_SpecChannel, void @inByte10_str, i32 1, void @p_str, void @p_str, i32 64, i32 64, i8 %inByte10, i8 %inByte10"   --->   Operation 80 'specchannel' 'empty_54' <Predicate = true> <Delay = 0.00>
ST_6 : Operation 81 [1/1] (0.00ns)   --->   "%specinterface_ln0 = specinterface void @_ssdm_op_SpecInterface, i8 %inByte10, void @empty_3, i32 0, i32 0, void @empty_23, i32 0, i32 0, void @empty_23, void @empty_23, void @empty_23, i32 0, i32 0, i32 0, i32 0, void @empty_23, void @empty_23, i32 4294967295, i32 0"   --->   Operation 81 'specinterface' 'specinterface_ln0' <Predicate = true> <Delay = 0.00>
ST_6 : Operation 82 [1/1] (0.00ns)   --->   "%empty_55 = specchannel i32 @_ssdm_op_SpecChannel, void @inByte11_str, i32 1, void @p_str, void @p_str, i32 64, i32 64, i8 %inByte11, i8 %inByte11"   --->   Operation 82 'specchannel' 'empty_55' <Predicate = true> <Delay = 0.00>
ST_6 : Operation 83 [1/1] (0.00ns)   --->   "%specinterface_ln0 = specinterface void @_ssdm_op_SpecInterface, i8 %inByte11, void @empty_3, i32 0, i32 0, void @empty_23, i32 0, i32 0, void @empty_23, void @empty_23, void @empty_23, i32 0, i32 0, i32 0, i32 0, void @empty_23, void @empty_23, i32 4294967295, i32 0"   --->   Operation 83 'specinterface' 'specinterface_ln0' <Predicate = true> <Delay = 0.00>
ST_6 : Operation 84 [1/1] (0.00ns)   --->   "%empty_56 = specchannel i32 @_ssdm_op_SpecChannel, void @inByte12_str, i32 1, void @p_str, void @p_str, i32 64, i32 64, i8 %inByte12, i8 %inByte12"   --->   Operation 84 'specchannel' 'empty_56' <Predicate = true> <Delay = 0.00>
ST_6 : Operation 85 [1/1] (0.00ns)   --->   "%specinterface_ln0 = specinterface void @_ssdm_op_SpecInterface, i8 %inByte12, void @empty_3, i32 0, i32 0, void @empty_23, i32 0, i32 0, void @empty_23, void @empty_23, void @empty_23, i32 0, i32 0, i32 0, i32 0, void @empty_23, void @empty_23, i32 4294967295, i32 0"   --->   Operation 85 'specinterface' 'specinterface_ln0' <Predicate = true> <Delay = 0.00>
ST_6 : Operation 86 [1/1] (0.00ns)   --->   "%empty_57 = specchannel i32 @_ssdm_op_SpecChannel, void @inByte13_str, i32 1, void @p_str, void @p_str, i32 64, i32 64, i8 %inByte13, i8 %inByte13"   --->   Operation 86 'specchannel' 'empty_57' <Predicate = true> <Delay = 0.00>
ST_6 : Operation 87 [1/1] (0.00ns)   --->   "%specinterface_ln0 = specinterface void @_ssdm_op_SpecInterface, i8 %inByte13, void @empty_3, i32 0, i32 0, void @empty_23, i32 0, i32 0, void @empty_23, void @empty_23, void @empty_23, i32 0, i32 0, i32 0, i32 0, void @empty_23, void @empty_23, i32 4294967295, i32 0"   --->   Operation 87 'specinterface' 'specinterface_ln0' <Predicate = true> <Delay = 0.00>
ST_6 : Operation 88 [1/1] (0.00ns)   --->   "%empty_58 = specchannel i32 @_ssdm_op_SpecChannel, void @inByte14_str, i32 1, void @p_str, void @p_str, i32 64, i32 64, i8 %inByte14, i8 %inByte14"   --->   Operation 88 'specchannel' 'empty_58' <Predicate = true> <Delay = 0.00>
ST_6 : Operation 89 [1/1] (0.00ns)   --->   "%specinterface_ln0 = specinterface void @_ssdm_op_SpecInterface, i8 %inByte14, void @empty_3, i32 0, i32 0, void @empty_23, i32 0, i32 0, void @empty_23, void @empty_23, void @empty_23, i32 0, i32 0, i32 0, i32 0, void @empty_23, void @empty_23, i32 4294967295, i32 0"   --->   Operation 89 'specinterface' 'specinterface_ln0' <Predicate = true> <Delay = 0.00>
ST_6 : Operation 90 [1/1] (0.00ns)   --->   "%empty_59 = specchannel i32 @_ssdm_op_SpecChannel, void @inByte15_str, i32 1, void @p_str, void @p_str, i32 64, i32 64, i8 %inByte15, i8 %inByte15"   --->   Operation 90 'specchannel' 'empty_59' <Predicate = true> <Delay = 0.00>
ST_6 : Operation 91 [1/1] (0.00ns)   --->   "%specinterface_ln0 = specinterface void @_ssdm_op_SpecInterface, i8 %inByte15, void @empty_3, i32 0, i32 0, void @empty_23, i32 0, i32 0, void @empty_23, void @empty_23, void @empty_23, i32 0, i32 0, i32 0, i32 0, void @empty_23, void @empty_23, i32 4294967295, i32 0"   --->   Operation 91 'specinterface' 'specinterface_ln0' <Predicate = true> <Delay = 0.00>
ST_6 : Operation 92 [1/1] (0.00ns)   --->   "%empty_60 = specchannel i32 @_ssdm_op_SpecChannel, void @outStream_str, i32 1, void @p_str, void @p_str, i32 64, i32 64, i32 %outStream, i32 %outStream"   --->   Operation 92 'specchannel' 'empty_60' <Predicate = true> <Delay = 0.00>
ST_6 : Operation 93 [1/1] (0.00ns)   --->   "%specinterface_ln0 = specinterface void @_ssdm_op_SpecInterface, i32 %outStream, void @empty_3, i32 0, i32 0, void @empty_23, i32 0, i32 0, void @empty_23, void @empty_23, void @empty_23, i32 0, i32 0, i32 0, i32 0, void @empty_23, void @empty_23, i32 4294967295, i32 0"   --->   Operation 93 'specinterface' 'specinterface_ln0' <Predicate = true> <Delay = 0.00>
ST_6 : Operation 94 [1/2] (0.00ns)   --->   "%call_ln622 = call void @write_output, i32 %outStream, i32 %numChunks_c, i128 %gmem0, i64 %crc_out_c" [/home/efrink/mled/split_cu/U280_CRC_Accelerator/src/kernel.cpp:622]   --->   Operation 94 'call' 'call_ln622' <Predicate = true> <Delay = 0.00> <CoreType = "Generic">   --->   Core 0 '' <Latency = 0> <II = 1> <Delay = 1.00> <Generic> <Opcode : >
ST_6 : Operation 95 [1/1] (0.00ns)   --->   "%ret_ln623 = ret" [/home/efrink/mled/split_cu/U280_CRC_Accelerator/src/kernel.cpp:623]   --->   Operation 95 'ret' 'ret_ln623' <Predicate = true> <Delay = 0.00>


============================================================
+ Verbose Summary: Timing violations
============================================================
Target clock period: 3.33ns, clock uncertainty: 0.9ns.

 <State 1>: 2.43ns
The critical path consists of the following:
	wire read operation ('chunkSize_read', /home/efrink/mled/split_cu/U280_CRC_Accelerator/src/kernel.cpp:605) on port 'chunkSize' (/home/efrink/mled/split_cu/U280_CRC_Accelerator/src/kernel.cpp:605) [26]  (0 ns)
	'call' operation ('call_ln606', /home/efrink/mled/split_cu/U280_CRC_Accelerator/src/kernel.cpp:606) to 'read_input' [106]  (2.43 ns)

 <State 2>: 0ns
The critical path consists of the following:

 <State 3>: 2.04ns
The critical path consists of the following:
	wire read operation ('init_value_read', /home/efrink/mled/split_cu/U280_CRC_Accelerator/src/kernel.cpp:605) on port 'init_value' (/home/efrink/mled/split_cu/U280_CRC_Accelerator/src/kernel.cpp:605) [24]  (0 ns)
	'call' operation ('call_ln613', /home/efrink/mled/split_cu/U280_CRC_Accelerator/src/kernel.cpp:613) to 'process_crc_chunks' [107]  (2.04 ns)

 <State 4>: 1.22ns
The critical path consists of the following:
	wire read operation ('crc_out_read', /home/efrink/mled/split_cu/U280_CRC_Accelerator/src/kernel.cpp:605) on port 'crc_out' (/home/efrink/mled/split_cu/U280_CRC_Accelerator/src/kernel.cpp:605) [28]  (0 ns)
	'call' operation ('call_ln605', /home/efrink/mled/split_cu/U280_CRC_Accelerator/src/kernel.cpp:605) to 'entry_proc' [105]  (1.22 ns)

 <State 5>: 0ns
The critical path consists of the following:

 <State 6>: 0ns
The critical path consists of the following:


============================================================
+ Verbose Summary: Binding
============================================================
N/A
* FSMD analyzer results:
  - Output states:
 - Input state : 
  - Chain level:
	State 1
	State 2
	State 3
	State 4
	State 5
	State 6


============================================================
+ Verbose Summary: Datapath Resource usage 
============================================================
N/A
