

================================================================
== Vitis HLS Report for 'crc_process_full_blocks_Pipeline_full_block_loop'
================================================================
* Date:           Thu Apr  2 18:17:03 2026

* Version:        2022.1 (Build 3526262 on Mon Apr 18 15:47:01 MDT 2022)
* Project:        calculate_crc
* Solution:       solution (Vitis Kernel Flow Target)
* Product family: virtexuplus
* Target device:  xcu280-fsvh2892-2L-e


================================================================
== Performance Estimates
================================================================
+ Timing: 
    * Summary: 
    +--------+---------+----------+------------+
    |  Clock |  Target | Estimated| Uncertainty|
    +--------+---------+----------+------------+
    |ap_clk  |  3.33 ns|  2.413 ns|     0.90 ns|
    +--------+---------+----------+------------+

+ Latency: 
    * Summary: 
    +---------+---------+-----------+----------+-----+-----+---------+
    |  Latency (cycles) |  Latency (absolute)  |  Interval | Pipeline|
    |   min   |   max   |    min    |    max   | min | max |   Type  |
    +---------+---------+-----------+----------+-----+-----+---------+
    |        5|        ?|  16.665 ns|         ?|    5|    ?|       no|
    +---------+---------+-----------+----------+-----+-----+---------+

    + Detail: 
        * Instance: 
        N/A

        * Loop: 
        +-------------------+---------+---------+----------+-----------+-----------+-------+----------+
        |                   |  Latency (cycles) | Iteration|  Initiation Interval  |  Trip |          |
        |     Loop Name     |   min   |   max   |  Latency |  achieved |   target  | Count | Pipelined|
        +-------------------+---------+---------+----------+-----------+-----------+-------+----------+
        |- full_block_loop  |        3|        ?|         4|          1|          1|  1 ~ ?|       yes|
        +-------------------+---------+---------+----------+-----------+-----------+-------+----------+

============================================================
+ Verbose Summary: Synthesis Manager
============================================================
InlineROM: 1
ExposeGlobal: 0
============================================================
+ Verbose Summary: CDFG Model
============================================================
IsTopModel: 0
ResetActiveHigh: 1
IsCombinational: 0
IsDatapathOnly: 0
HasWiredReturn: 1
HasMFsm: 2
HasVarLatency: 1
IsPipeline: 0
IsRtlPipelined: 0
IsInstanceOverlapped: 0
IsDontTouch: 0
HasImplIP: 0
IsGatedGlobalClock: 0

+ Individual pipeline summary: 
  * Pipeline-0: initiation interval (II) = 1, depth = 4


============================================================
+ Verbose Summary: Schedule
============================================================
* Number of FSM states : 4
* Pipeline : 1
  Pipeline-0 : II = 1, D = 4, States = { 1 2 3 4 }
* Dataflow Pipeline: 0

* FSM state transitions: 
1 --> 2 
2 --> 3 
3 --> 4 
4 --> 

* FSM state operations: 

State 1 <SV = 0> <Delay = 1.24>
ST_1 : Operation 7 [1/1] (0.00ns)   --->   "%b = alloca i32 1"   --->   Operation 7 'alloca' 'b' <Predicate = true> <Delay = 0.00>
ST_1 : Operation 8 [1/1] (0.00ns)   --->   "%ret_V_3 = alloca i32 1"   --->   Operation 8 'alloca' 'ret_V_3' <Predicate = true> <Delay = 0.00>
ST_1 : Operation 9 [1/1] (0.00ns)   --->   "%specmemcore_ln0 = specmemcore void @_ssdm_op_SpecMemCore, i32 %crcTables_15, i64 666, i64 18, i64 18446744073709551615"   --->   Operation 9 'specmemcore' 'specmemcore_ln0' <Predicate = true> <Delay = 0.00>
ST_1 : Operation 10 [1/1] (0.00ns)   --->   "%specmemcore_ln0 = specmemcore void @_ssdm_op_SpecMemCore, i32 %crcTables_14, i64 666, i64 18, i64 18446744073709551615"   --->   Operation 10 'specmemcore' 'specmemcore_ln0' <Predicate = true> <Delay = 0.00>
ST_1 : Operation 11 [1/1] (0.00ns)   --->   "%specmemcore_ln0 = specmemcore void @_ssdm_op_SpecMemCore, i32 %crcTables_13, i64 666, i64 18, i64 18446744073709551615"   --->   Operation 11 'specmemcore' 'specmemcore_ln0' <Predicate = true> <Delay = 0.00>
ST_1 : Operation 12 [1/1] (0.00ns)   --->   "%specmemcore_ln0 = specmemcore void @_ssdm_op_SpecMemCore, i32 %crcTables_12, i64 666, i64 18, i64 18446744073709551615"   --->   Operation 12 'specmemcore' 'specmemcore_ln0' <Predicate = true> <Delay = 0.00>
ST_1 : Operation 13 [1/1] (0.00ns)   --->   "%specmemcore_ln0 = specmemcore void @_ssdm_op_SpecMemCore, i32 %crcTables_11, i64 666, i64 18, i64 18446744073709551615"   --->   Operation 13 'specmemcore' 'specmemcore_ln0' <Predicate = true> <Delay = 0.00>
ST_1 : Operation 14 [1/1] (0.00ns)   --->   "%specmemcore_ln0 = specmemcore void @_ssdm_op_SpecMemCore, i32 %crcTables_10, i64 666, i64 18, i64 18446744073709551615"   --->   Operation 14 'specmemcore' 'specmemcore_ln0' <Predicate = true> <Delay = 0.00>
ST_1 : Operation 15 [1/1] (0.00ns)   --->   "%specmemcore_ln0 = specmemcore void @_ssdm_op_SpecMemCore, i32 %crcTables_9, i64 666, i64 18, i64 18446744073709551615"   --->   Operation 15 'specmemcore' 'specmemcore_ln0' <Predicate = true> <Delay = 0.00>
ST_1 : Operation 16 [1/1] (0.00ns)   --->   "%specmemcore_ln0 = specmemcore void @_ssdm_op_SpecMemCore, i32 %crcTables_8, i64 666, i64 18, i64 18446744073709551615"   --->   Operation 16 'specmemcore' 'specmemcore_ln0' <Predicate = true> <Delay = 0.00>
ST_1 : Operation 17 [1/1] (0.00ns)   --->   "%specmemcore_ln0 = specmemcore void @_ssdm_op_SpecMemCore, i32 %crcTables_7, i64 666, i64 18, i64 18446744073709551615"   --->   Operation 17 'specmemcore' 'specmemcore_ln0' <Predicate = true> <Delay = 0.00>
ST_1 : Operation 18 [1/1] (0.00ns)   --->   "%specmemcore_ln0 = specmemcore void @_ssdm_op_SpecMemCore, i32 %crcTables_6, i64 666, i64 18, i64 18446744073709551615"   --->   Operation 18 'specmemcore' 'specmemcore_ln0' <Predicate = true> <Delay = 0.00>
ST_1 : Operation 19 [1/1] (0.00ns)   --->   "%specmemcore_ln0 = specmemcore void @_ssdm_op_SpecMemCore, i32 %crcTables_5, i64 666, i64 18, i64 18446744073709551615"   --->   Operation 19 'specmemcore' 'specmemcore_ln0' <Predicate = true> <Delay = 0.00>
ST_1 : Operation 20 [1/1] (0.00ns)   --->   "%specmemcore_ln0 = specmemcore void @_ssdm_op_SpecMemCore, i32 %crcTables_4, i64 666, i64 18, i64 18446744073709551615"   --->   Operation 20 'specmemcore' 'specmemcore_ln0' <Predicate = true> <Delay = 0.00>
ST_1 : Operation 21 [1/1] (0.00ns)   --->   "%specmemcore_ln0 = specmemcore void @_ssdm_op_SpecMemCore, i32 %crcTables_3, i64 666, i64 18, i64 18446744073709551615"   --->   Operation 21 'specmemcore' 'specmemcore_ln0' <Predicate = true> <Delay = 0.00>
ST_1 : Operation 22 [1/1] (0.00ns)   --->   "%specmemcore_ln0 = specmemcore void @_ssdm_op_SpecMemCore, i32 %crcTables_2, i64 666, i64 18, i64 18446744073709551615"   --->   Operation 22 'specmemcore' 'specmemcore_ln0' <Predicate = true> <Delay = 0.00>
ST_1 : Operation 23 [1/1] (0.00ns)   --->   "%specmemcore_ln0 = specmemcore void @_ssdm_op_SpecMemCore, i32 %crcTables_1, i64 666, i64 18, i64 18446744073709551615"   --->   Operation 23 'specmemcore' 'specmemcore_ln0' <Predicate = true> <Delay = 0.00>
ST_1 : Operation 24 [1/1] (0.00ns)   --->   "%specmemcore_ln0 = specmemcore void @_ssdm_op_SpecMemCore, i32 %crcTables_0, i64 666, i64 18, i64 18446744073709551615"   --->   Operation 24 'specmemcore' 'specmemcore_ln0' <Predicate = true> <Delay = 0.00>
ST_1 : Operation 25 [1/1] (0.00ns)   --->   "%specinterface_ln0 = specinterface void @_ssdm_op_SpecInterface, i8 %inByte1532, void @empty_3, i32 0, i32 0, void @empty_23, i32 0, i32 0, void @empty_23, void @empty_23, void @empty_23, i32 0, i32 0, i32 0, i32 0, void @empty_23, void @empty_23, i32 4294967295, i32 0"   --->   Operation 25 'specinterface' 'specinterface_ln0' <Predicate = true> <Delay = 0.00>
ST_1 : Operation 26 [1/1] (0.00ns)   --->   "%specinterface_ln0 = specinterface void @_ssdm_op_SpecInterface, i8 %inByte1431, void @empty_3, i32 0, i32 0, void @empty_23, i32 0, i32 0, void @empty_23, void @empty_23, void @empty_23, i32 0, i32 0, i32 0, i32 0, void @empty_23, void @empty_23, i32 4294967295, i32 0"   --->   Operation 26 'specinterface' 'specinterface_ln0' <Predicate = true> <Delay = 0.00>
ST_1 : Operation 27 [1/1] (0.00ns)   --->   "%specinterface_ln0 = specinterface void @_ssdm_op_SpecInterface, i8 %inByte1330, void @empty_3, i32 0, i32 0, void @empty_23, i32 0, i32 0, void @empty_23, void @empty_23, void @empty_23, i32 0, i32 0, i32 0, i32 0, void @empty_23, void @empty_23, i32 4294967295, i32 0"   --->   Operation 27 'specinterface' 'specinterface_ln0' <Predicate = true> <Delay = 0.00>
ST_1 : Operation 28 [1/1] (0.00ns)   --->   "%specinterface_ln0 = specinterface void @_ssdm_op_SpecInterface, i8 %inByte1229, void @empty_3, i32 0, i32 0, void @empty_23, i32 0, i32 0, void @empty_23, void @empty_23, void @empty_23, i32 0, i32 0, i32 0, i32 0, void @empty_23, void @empty_23, i32 4294967295, i32 0"   --->   Operation 28 'specinterface' 'specinterface_ln0' <Predicate = true> <Delay = 0.00>
ST_1 : Operation 29 [1/1] (0.00ns)   --->   "%specinterface_ln0 = specinterface void @_ssdm_op_SpecInterface, i8 %inByte1128, void @empty_3, i32 0, i32 0, void @empty_23, i32 0, i32 0, void @empty_23, void @empty_23, void @empty_23, i32 0, i32 0, i32 0, i32 0, void @empty_23, void @empty_23, i32 4294967295, i32 0"   --->   Operation 29 'specinterface' 'specinterface_ln0' <Predicate = true> <Delay = 0.00>
ST_1 : Operation 30 [1/1] (0.00ns)   --->   "%specinterface_ln0 = specinterface void @_ssdm_op_SpecInterface, i8 %inByte1027, void @empty_3, i32 0, i32 0, void @empty_23, i32 0, i32 0, void @empty_23, void @empty_23, void @empty_23, i32 0, i32 0, i32 0, i32 0, void @empty_23, void @empty_23, i32 4294967295, i32 0"   --->   Operation 30 'specinterface' 'specinterface_ln0' <Predicate = true> <Delay = 0.00>
ST_1 : Operation 31 [1/1] (0.00ns)   --->   "%specinterface_ln0 = specinterface void @_ssdm_op_SpecInterface, i8 %inByte926, void @empty_3, i32 0, i32 0, void @empty_23, i32 0, i32 0, void @empty_23, void @empty_23, void @empty_23, i32 0, i32 0, i32 0, i32 0, void @empty_23, void @empty_23, i32 4294967295, i32 0"   --->   Operation 31 'specinterface' 'specinterface_ln0' <Predicate = true> <Delay = 0.00>
ST_1 : Operation 32 [1/1] (0.00ns)   --->   "%specinterface_ln0 = specinterface void @_ssdm_op_SpecInterface, i8 %inByte825, void @empty_3, i32 0, i32 0, void @empty_23, i32 0, i32 0, void @empty_23, void @empty_23, void @empty_23, i32 0, i32 0, i32 0, i32 0, void @empty_23, void @empty_23, i32 4294967295, i32 0"   --->   Operation 32 'specinterface' 'specinterface_ln0' <Predicate = true> <Delay = 0.00>
ST_1 : Operation 33 [1/1] (0.00ns)   --->   "%specinterface_ln0 = specinterface void @_ssdm_op_SpecInterface, i8 %inByte724, void @empty_3, i32 0, i32 0, void @empty_23, i32 0, i32 0, void @empty_23, void @empty_23, void @empty_23, i32 0, i32 0, i32 0, i32 0, void @empty_23, void @empty_23, i32 4294967295, i32 0"   --->   Operation 33 'specinterface' 'specinterface_ln0' <Predicate = true> <Delay = 0.00>
ST_1 : Operation 34 [1/1] (0.00ns)   --->   "%specinterface_ln0 = specinterface void @_ssdm_op_SpecInterface, i8 %inByte623, void @empty_3, i32 0, i32 0, void @empty_23, i32 0, i32 0, void @empty_23, void @empty_23, void @empty_23, i32 0, i32 0, i32 0, i32 0, void @empty_23, void @empty_23, i32 4294967295, i32 0"   --->   Operation 34 'specinterface' 'specinterface_ln0' <Predicate = true> <Delay = 0.00>
ST_1 : Operation 35 [1/1] (0.00ns)   --->   "%specinterface_ln0 = specinterface void @_ssdm_op_SpecInterface, i8 %inByte522, void @empty_3, i32 0, i32 0, void @empty_23, i32 0, i32 0, void @empty_23, void @empty_23, void @empty_23, i32 0, i32 0, i32 0, i32 0, void @empty_23, void @empty_23, i32 4294967295, i32 0"   --->   Operation 35 'specinterface' 'specinterface_ln0' <Predicate = true> <Delay = 0.00>
ST_1 : Operation 36 [1/1] (0.00ns)   --->   "%specinterface_ln0 = specinterface void @_ssdm_op_SpecInterface, i8 %inByte421, void @empty_3, i32 0, i32 0, void @empty_23, i32 0, i32 0, void @empty_23, void @empty_23, void @empty_23, i32 0, i32 0, i32 0, i32 0, void @empty_23, void @empty_23, i32 4294967295, i32 0"   --->   Operation 36 'specinterface' 'specinterface_ln0' <Predicate = true> <Delay = 0.00>
ST_1 : Operation 37 [1/1] (0.00ns)   --->   "%specinterface_ln0 = specinterface void @_ssdm_op_SpecInterface, i8 %inByte320, void @empty_3, i32 0, i32 0, void @empty_23, i32 0, i32 0, void @empty_23, void @empty_23, void @empty_23, i32 0, i32 0, i32 0, i32 0, void @empty_23, void @empty_23, i32 4294967295, i32 0"   --->   Operation 37 'specinterface' 'specinterface_ln0' <Predicate = true> <Delay = 0.00>
ST_1 : Operation 38 [1/1] (0.00ns)   --->   "%specinterface_ln0 = specinterface void @_ssdm_op_SpecInterface, i8 %inByte219, void @empty_3, i32 0, i32 0, void @empty_23, i32 0, i32 0, void @empty_23, void @empty_23, void @empty_23, i32 0, i32 0, i32 0, i32 0, void @empty_23, void @empty_23, i32 4294967295, i32 0"   --->   Operation 38 'specinterface' 'specinterface_ln0' <Predicate = true> <Delay = 0.00>
ST_1 : Operation 39 [1/1] (0.00ns)   --->   "%specinterface_ln0 = specinterface void @_ssdm_op_SpecInterface, i8 %inByte118, void @empty_3, i32 0, i32 0, void @empty_23, i32 0, i32 0, void @empty_23, void @empty_23, void @empty_23, i32 0, i32 0, i32 0, i32 0, void @empty_23, void @empty_23, i32 4294967295, i32 0"   --->   Operation 39 'specinterface' 'specinterface_ln0' <Predicate = true> <Delay = 0.00>
ST_1 : Operation 40 [1/1] (0.00ns)   --->   "%specinterface_ln0 = specinterface void @_ssdm_op_SpecInterface, i8 %inByte017, void @empty_3, i32 0, i32 0, void @empty_23, i32 0, i32 0, void @empty_23, void @empty_23, void @empty_23, i32 0, i32 0, i32 0, i32 0, void @empty_23, void @empty_23, i32 4294967295, i32 0"   --->   Operation 40 'specinterface' 'specinterface_ln0' <Predicate = true> <Delay = 0.00>
ST_1 : Operation 41 [1/1] (0.00ns)   --->   "%mask_read = read i32 @_ssdm_op_Read.ap_auto.i32, i32 %mask" [/home/efrink/mled/split_cu/U280_CRC_Accelerator/src/kernel.cpp:377]   --->   Operation 41 'read' 'mask_read' <Predicate = true> <Delay = 0.00>
ST_1 : Operation 42 [1/1] (0.00ns)   --->   "%blocks_in_chunk_read = read i28 @_ssdm_op_Read.ap_auto.i28, i28 %blocks_in_chunk" [/home/efrink/mled/split_cu/U280_CRC_Accelerator/src/kernel.cpp:377]   --->   Operation 42 'read' 'blocks_in_chunk_read' <Predicate = true> <Delay = 0.00>
ST_1 : Operation 43 [1/1] (0.00ns)   --->   "%crc_read = read i32 @_ssdm_op_Read.ap_auto.i32, i32 %crc" [/home/efrink/mled/split_cu/U280_CRC_Accelerator/src/kernel.cpp:377]   --->   Operation 43 'read' 'crc_read' <Predicate = true> <Delay = 0.00>
ST_1 : Operation 44 [1/1] (0.38ns)   --->   "%store_ln377 = store i32 %crc_read, i32 %ret_V_3" [/home/efrink/mled/split_cu/U280_CRC_Accelerator/src/kernel.cpp:377]   --->   Operation 44 'store' 'store_ln377' <Predicate = true> <Delay = 0.38>
ST_1 : Operation 45 [1/1] (0.38ns)   --->   "%store_ln0 = store i28 0, i28 %b"   --->   Operation 45 'store' 'store_ln0' <Predicate = true> <Delay = 0.38>
ST_1 : Operation 46 [1/1] (0.00ns)   --->   "%br_ln0 = br void %for.inc"   --->   Operation 46 'br' 'br_ln0' <Predicate = true> <Delay = 0.00>
ST_1 : Operation 47 [1/1] (0.00ns)   --->   "%b_load = load i28 %b" [/home/efrink/mled/split_cu/U280_CRC_Accelerator/src/kernel.cpp:391]   --->   Operation 47 'load' 'b_load' <Predicate = true> <Delay = 0.00>
ST_1 : Operation 48 [1/1] (0.81ns)   --->   "%icmp_ln391 = icmp_eq  i28 %b_load, i28 %blocks_in_chunk_read" [/home/efrink/mled/split_cu/U280_CRC_Accelerator/src/kernel.cpp:391]   --->   Operation 48 'icmp' 'icmp_ln391' <Predicate = true> <Delay = 0.81> <CoreInst = "Cmp">   --->   Core 9 'Cmp' <Latency = 0> <II = 1> <Delay = 0.81> <FuncUnit> <Opcode : 'icmp'> <InPorts = 2> <OutPorts = 1>
ST_1 : Operation 49 [1/1] (0.00ns)   --->   "%empty = speclooptripcount i32 @_ssdm_op_SpecLoopTripCount, i64 1, i64 18446744073709551615, i64 0"   --->   Operation 49 'speclooptripcount' 'empty' <Predicate = true> <Delay = 0.00>
ST_1 : Operation 50 [1/1] (0.85ns)   --->   "%add_ln391 = add i28 %b_load, i28 1" [/home/efrink/mled/split_cu/U280_CRC_Accelerator/src/kernel.cpp:391]   --->   Operation 50 'add' 'add_ln391' <Predicate = true> <Delay = 0.85> <CoreInst = "Adder">   --->   Core 1 'Adder' <Latency = 0> <II = 1> <Delay = 0.85> <FuncUnit> <Opcode : 'add' 'sub'> <InPorts = 2> <OutPorts = 1>
ST_1 : Operation 51 [1/1] (0.00ns)   --->   "%br_ln391 = br i1 %icmp_ln391, void %for.inc.split, void %for.end.loopexit.exitStub" [/home/efrink/mled/split_cu/U280_CRC_Accelerator/src/kernel.cpp:391]   --->   Operation 51 'br' 'br_ln391' <Predicate = true> <Delay = 0.00>
ST_1 : Operation 52 [1/1] (0.38ns)   --->   "%store_ln391 = store i28 %add_ln391, i28 %b" [/home/efrink/mled/split_cu/U280_CRC_Accelerator/src/kernel.cpp:391]   --->   Operation 52 'store' 'store_ln391' <Predicate = (!icmp_ln391)> <Delay = 0.38>

State 2 <SV = 1> <Delay = 2.41>
ST_2 : Operation 53 [1/1] (1.21ns)   --->   "%b0_V = read i8 @_ssdm_op_Read.ap_fifo.volatile.i8P0A, i8 %inByte017" [/packages/apps/fpga/Vitis_HLS/2022.1/common/technology/autopilot/hls_stream_39.h:145]   --->   Operation 53 'read' 'b0_V' <Predicate = true> <Delay = 1.21> <CoreInst = "FIFO_SRL">   --->   Core 81 'FIFO_SRL' <Latency = 0> <II = 1> <Delay = 1.35> <Storage> <Opcode : 'read' 'write' 'nbread' 'nbwrite'> <Ports = 0> <Width = 8> <Depth = 64> <FIFO>
ST_2 : Operation 54 [1/1] (1.21ns)   --->   "%b1_V = read i8 @_ssdm_op_Read.ap_fifo.volatile.i8P0A, i8 %inByte118" [/packages/apps/fpga/Vitis_HLS/2022.1/common/technology/autopilot/hls_stream_39.h:145]   --->   Operation 54 'read' 'b1_V' <Predicate = true> <Delay = 1.21> <CoreInst = "FIFO_SRL">   --->   Core 81 'FIFO_SRL' <Latency = 0> <II = 1> <Delay = 1.35> <Storage> <Opcode : 'read' 'write' 'nbread' 'nbwrite'> <Ports = 0> <Width = 8> <Depth = 64> <FIFO>
ST_2 : Operation 55 [1/1] (1.21ns)   --->   "%b2_V = read i8 @_ssdm_op_Read.ap_fifo.volatile.i8P0A, i8 %inByte219" [/packages/apps/fpga/Vitis_HLS/2022.1/common/technology/autopilot/hls_stream_39.h:145]   --->   Operation 55 'read' 'b2_V' <Predicate = true> <Delay = 1.21> <CoreInst = "FIFO_SRL">   --->   Core 81 'FIFO_SRL' <Latency = 0> <II = 1> <Delay = 1.35> <Storage> <Opcode : 'read' 'write' 'nbread' 'nbwrite'> <Ports = 0> <Width = 8> <Depth = 64> <FIFO>
ST_2 : Operation 56 [1/1] (1.21ns)   --->   "%b3_V = read i8 @_ssdm_op_Read.ap_fifo.volatile.i8P0A, i8 %inByte320" [/packages/apps/fpga/Vitis_HLS/2022.1/common/technology/autopilot/hls_stream_39.h:145]   --->   Operation 56 'read' 'b3_V' <Predicate = true> <Delay = 1.21> <CoreInst = "FIFO_SRL">   --->   Core 81 'FIFO_SRL' <Latency = 0> <II = 1> <Delay = 1.35> <Storage> <Opcode : 'read' 'write' 'nbread' 'nbwrite'> <Ports = 0> <Width = 8> <Depth = 64> <FIFO>
ST_2 : Operation 57 [1/1] (1.21ns)   --->   "%b4_V = read i8 @_ssdm_op_Read.ap_fifo.volatile.i8P0A, i8 %inByte421" [/packages/apps/fpga/Vitis_HLS/2022.1/common/technology/autopilot/hls_stream_39.h:145]   --->   Operation 57 'read' 'b4_V' <Predicate = true> <Delay = 1.21> <CoreInst = "FIFO_SRL">   --->   Core 81 'FIFO_SRL' <Latency = 0> <II = 1> <Delay = 1.35> <Storage> <Opcode : 'read' 'write' 'nbread' 'nbwrite'> <Ports = 0> <Width = 8> <Depth = 64> <FIFO>
ST_2 : Operation 58 [1/1] (1.21ns)   --->   "%b5_V = read i8 @_ssdm_op_Read.ap_fifo.volatile.i8P0A, i8 %inByte522" [/packages/apps/fpga/Vitis_HLS/2022.1/common/technology/autopilot/hls_stream_39.h:145]   --->   Operation 58 'read' 'b5_V' <Predicate = true> <Delay = 1.21> <CoreInst = "FIFO_SRL">   --->   Core 81 'FIFO_SRL' <Latency = 0> <II = 1> <Delay = 1.35> <Storage> <Opcode : 'read' 'write' 'nbread' 'nbwrite'> <Ports = 0> <Width = 8> <Depth = 64> <FIFO>
ST_2 : Operation 59 [1/1] (1.21ns)   --->   "%b6_V = read i8 @_ssdm_op_Read.ap_fifo.volatile.i8P0A, i8 %inByte623" [/packages/apps/fpga/Vitis_HLS/2022.1/common/technology/autopilot/hls_stream_39.h:145]   --->   Operation 59 'read' 'b6_V' <Predicate = true> <Delay = 1.21> <CoreInst = "FIFO_SRL">   --->   Core 81 'FIFO_SRL' <Latency = 0> <II = 1> <Delay = 1.35> <Storage> <Opcode : 'read' 'write' 'nbread' 'nbwrite'> <Ports = 0> <Width = 8> <Depth = 64> <FIFO>
ST_2 : Operation 60 [1/1] (1.21ns)   --->   "%b7_V = read i8 @_ssdm_op_Read.ap_fifo.volatile.i8P0A, i8 %inByte724" [/packages/apps/fpga/Vitis_HLS/2022.1/common/technology/autopilot/hls_stream_39.h:145]   --->   Operation 60 'read' 'b7_V' <Predicate = true> <Delay = 1.21> <CoreInst = "FIFO_SRL">   --->   Core 81 'FIFO_SRL' <Latency = 0> <II = 1> <Delay = 1.35> <Storage> <Opcode : 'read' 'write' 'nbread' 'nbwrite'> <Ports = 0> <Width = 8> <Depth = 64> <FIFO>
ST_2 : Operation 61 [1/1] (1.21ns)   --->   "%b8_V = read i8 @_ssdm_op_Read.ap_fifo.volatile.i8P0A, i8 %inByte825" [/packages/apps/fpga/Vitis_HLS/2022.1/common/technology/autopilot/hls_stream_39.h:145]   --->   Operation 61 'read' 'b8_V' <Predicate = true> <Delay = 1.21> <CoreInst = "FIFO_SRL">   --->   Core 81 'FIFO_SRL' <Latency = 0> <II = 1> <Delay = 1.35> <Storage> <Opcode : 'read' 'write' 'nbread' 'nbwrite'> <Ports = 0> <Width = 8> <Depth = 64> <FIFO>
ST_2 : Operation 62 [1/1] (1.21ns)   --->   "%b9_V = read i8 @_ssdm_op_Read.ap_fifo.volatile.i8P0A, i8 %inByte926" [/packages/apps/fpga/Vitis_HLS/2022.1/common/technology/autopilot/hls_stream_39.h:145]   --->   Operation 62 'read' 'b9_V' <Predicate = true> <Delay = 1.21> <CoreInst = "FIFO_SRL">   --->   Core 81 'FIFO_SRL' <Latency = 0> <II = 1> <Delay = 1.35> <Storage> <Opcode : 'read' 'write' 'nbread' 'nbwrite'> <Ports = 0> <Width = 8> <Depth = 64> <FIFO>
ST_2 : Operation 63 [1/1] (1.21ns)   --->   "%b10_V = read i8 @_ssdm_op_Read.ap_fifo.volatile.i8P0A, i8 %inByte1027" [/packages/apps/fpga/Vitis_HLS/2022.1/common/technology/autopilot/hls_stream_39.h:145]   --->   Operation 63 'read' 'b10_V' <Predicate = true> <Delay = 1.21> <CoreInst = "FIFO_SRL">   --->   Core 81 'FIFO_SRL' <Latency = 0> <II = 1> <Delay = 1.35> <Storage> <Opcode : 'read' 'write' 'nbread' 'nbwrite'> <Ports = 0> <Width = 8> <Depth = 64> <FIFO>
ST_2 : Operation 64 [1/1] (1.21ns)   --->   "%b11_V = read i8 @_ssdm_op_Read.ap_fifo.volatile.i8P0A, i8 %inByte1128" [/packages/apps/fpga/Vitis_HLS/2022.1/common/technology/autopilot/hls_stream_39.h:145]   --->   Operation 64 'read' 'b11_V' <Predicate = true> <Delay = 1.21> <CoreInst = "FIFO_SRL">   --->   Core 81 'FIFO_SRL' <Latency = 0> <II = 1> <Delay = 1.35> <Storage> <Opcode : 'read' 'write' 'nbread' 'nbwrite'> <Ports = 0> <Width = 8> <Depth = 64> <FIFO>
ST_2 : Operation 65 [1/1] (1.21ns)   --->   "%b12_V = read i8 @_ssdm_op_Read.ap_fifo.volatile.i8P0A, i8 %inByte1229" [/packages/apps/fpga/Vitis_HLS/2022.1/common/technology/autopilot/hls_stream_39.h:145]   --->   Operation 65 'read' 'b12_V' <Predicate = true> <Delay = 1.21> <CoreInst = "FIFO_SRL">   --->   Core 81 'FIFO_SRL' <Latency = 0> <II = 1> <Delay = 1.35> <Storage> <Opcode : 'read' 'write' 'nbread' 'nbwrite'> <Ports = 0> <Width = 8> <Depth = 64> <FIFO>
ST_2 : Operation 66 [1/1] (1.21ns)   --->   "%b13_V = read i8 @_ssdm_op_Read.ap_fifo.volatile.i8P0A, i8 %inByte1330" [/packages/apps/fpga/Vitis_HLS/2022.1/common/technology/autopilot/hls_stream_39.h:145]   --->   Operation 66 'read' 'b13_V' <Predicate = true> <Delay = 1.21> <CoreInst = "FIFO_SRL">   --->   Core 81 'FIFO_SRL' <Latency = 0> <II = 1> <Delay = 1.35> <Storage> <Opcode : 'read' 'write' 'nbread' 'nbwrite'> <Ports = 0> <Width = 8> <Depth = 64> <FIFO>
ST_2 : Operation 67 [1/1] (1.21ns)   --->   "%b14_V = read i8 @_ssdm_op_Read.ap_fifo.volatile.i8P0A, i8 %inByte1431" [/packages/apps/fpga/Vitis_HLS/2022.1/common/technology/autopilot/hls_stream_39.h:145]   --->   Operation 67 'read' 'b14_V' <Predicate = true> <Delay = 1.21> <CoreInst = "FIFO_SRL">   --->   Core 81 'FIFO_SRL' <Latency = 0> <II = 1> <Delay = 1.35> <Storage> <Opcode : 'read' 'write' 'nbread' 'nbwrite'> <Ports = 0> <Width = 8> <Depth = 64> <FIFO>
ST_2 : Operation 68 [1/1] (1.21ns)   --->   "%b15_V = read i8 @_ssdm_op_Read.ap_fifo.volatile.i8P0A, i8 %inByte1532" [/packages/apps/fpga/Vitis_HLS/2022.1/common/technology/autopilot/hls_stream_39.h:145]   --->   Operation 68 'read' 'b15_V' <Predicate = true> <Delay = 1.21> <CoreInst = "FIFO_SRL">   --->   Core 81 'FIFO_SRL' <Latency = 0> <II = 1> <Delay = 1.35> <Storage> <Opcode : 'read' 'write' 'nbread' 'nbwrite'> <Ports = 0> <Width = 8> <Depth = 64> <FIFO>
ST_2 : Operation 69 [1/1] (0.00ns)   --->   "%zext_ln587_4 = zext i8 %b4_V"   --->   Operation 69 'zext' 'zext_ln587_4' <Predicate = true> <Delay = 0.00>
ST_2 : Operation 70 [1/1] (0.00ns)   --->   "%crcTables_4_addr = getelementptr i32 %crcTables_4, i64 0, i64 %zext_ln587_4" [/home/efrink/mled/split_cu/U280_CRC_Accelerator/src/kernel.cpp:416]   --->   Operation 70 'getelementptr' 'crcTables_4_addr' <Predicate = true> <Delay = 0.00>
ST_2 : Operation 71 [2/2] (1.19ns)   --->   "%crcTables_4_load = load i8 %crcTables_4_addr" [/home/efrink/mled/split_cu/U280_CRC_Accelerator/src/kernel.cpp:416]   --->   Operation 71 'load' 'crcTables_4_load' <Predicate = true> <Delay = 1.19> <CoreInst = "RAM_1P_BRAM">   --->   Core 90 'RAM_1P_BRAM' <Latency = 1> <II = 1> <Delay = 1.19> <Storage> <Opcode : 'load' 'store'> <Ports = 1> <Width = 32> <Depth = 256> <RAM>
ST_2 : Operation 72 [1/1] (0.00ns)   --->   "%zext_ln587_5 = zext i8 %b5_V"   --->   Operation 72 'zext' 'zext_ln587_5' <Predicate = true> <Delay = 0.00>
ST_2 : Operation 73 [1/1] (0.00ns)   --->   "%crcTables_5_addr = getelementptr i32 %crcTables_5, i64 0, i64 %zext_ln587_5" [/home/efrink/mled/split_cu/U280_CRC_Accelerator/src/kernel.cpp:416]   --->   Operation 73 'getelementptr' 'crcTables_5_addr' <Predicate = true> <Delay = 0.00>
ST_2 : Operation 74 [2/2] (1.19ns)   --->   "%crcTables_5_load = load i8 %crcTables_5_addr" [/home/efrink/mled/split_cu/U280_CRC_Accelerator/src/kernel.cpp:416]   --->   Operation 74 'load' 'crcTables_5_load' <Predicate = true> <Delay = 1.19> <CoreInst = "RAM_1P_BRAM">   --->   Core 90 'RAM_1P_BRAM' <Latency = 1> <II = 1> <Delay = 1.19> <Storage> <Opcode : 'load' 'store'> <Ports = 1> <Width = 32> <Depth = 256> <RAM>
ST_2 : Operation 75 [1/1] (0.00ns)   --->   "%zext_ln587_6 = zext i8 %b6_V"   --->   Operation 75 'zext' 'zext_ln587_6' <Predicate = true> <Delay = 0.00>
ST_2 : Operation 76 [1/1] (0.00ns)   --->   "%crcTables_6_addr = getelementptr i32 %crcTables_6, i64 0, i64 %zext_ln587_6" [/home/efrink/mled/split_cu/U280_CRC_Accelerator/src/kernel.cpp:417]   --->   Operation 76 'getelementptr' 'crcTables_6_addr' <Predicate = true> <Delay = 0.00>
ST_2 : Operation 77 [2/2] (1.19ns)   --->   "%crcTables_6_load = load i8 %crcTables_6_addr" [/home/efrink/mled/split_cu/U280_CRC_Accelerator/src/kernel.cpp:417]   --->   Operation 77 'load' 'crcTables_6_load' <Predicate = true> <Delay = 1.19> <CoreInst = "RAM_1P_BRAM">   --->   Core 90 'RAM_1P_BRAM' <Latency = 1> <II = 1> <Delay = 1.19> <Storage> <Opcode : 'load' 'store'> <Ports = 1> <Width = 32> <Depth = 256> <RAM>
ST_2 : Operation 78 [1/1] (0.00ns)   --->   "%zext_ln587_7 = zext i8 %b7_V"   --->   Operation 78 'zext' 'zext_ln587_7' <Predicate = true> <Delay = 0.00>
ST_2 : Operation 79 [1/1] (0.00ns)   --->   "%crcTables_7_addr = getelementptr i32 %crcTables_7, i64 0, i64 %zext_ln587_7" [/home/efrink/mled/split_cu/U280_CRC_Accelerator/src/kernel.cpp:417]   --->   Operation 79 'getelementptr' 'crcTables_7_addr' <Predicate = true> <Delay = 0.00>
ST_2 : Operation 80 [2/2] (1.19ns)   --->   "%crcTables_7_load = load i8 %crcTables_7_addr" [/home/efrink/mled/split_cu/U280_CRC_Accelerator/src/kernel.cpp:417]   --->   Operation 80 'load' 'crcTables_7_load' <Predicate = true> <Delay = 1.19> <CoreInst = "RAM_1P_BRAM">   --->   Core 90 'RAM_1P_BRAM' <Latency = 1> <II = 1> <Delay = 1.19> <Storage> <Opcode : 'load' 'store'> <Ports = 1> <Width = 32> <Depth = 256> <RAM>
ST_2 : Operation 81 [1/1] (0.00ns)   --->   "%zext_ln587_8 = zext i8 %b8_V"   --->   Operation 81 'zext' 'zext_ln587_8' <Predicate = true> <Delay = 0.00>
ST_2 : Operation 82 [1/1] (0.00ns)   --->   "%crcTables_8_addr = getelementptr i32 %crcTables_8, i64 0, i64 %zext_ln587_8" [/home/efrink/mled/split_cu/U280_CRC_Accelerator/src/kernel.cpp:418]   --->   Operation 82 'getelementptr' 'crcTables_8_addr' <Predicate = true> <Delay = 0.00>
ST_2 : Operation 83 [2/2] (1.19ns)   --->   "%crcTables_8_load = load i8 %crcTables_8_addr" [/home/efrink/mled/split_cu/U280_CRC_Accelerator/src/kernel.cpp:418]   --->   Operation 83 'load' 'crcTables_8_load' <Predicate = true> <Delay = 1.19> <CoreInst = "RAM_1P_BRAM">   --->   Core 90 'RAM_1P_BRAM' <Latency = 1> <II = 1> <Delay = 1.19> <Storage> <Opcode : 'load' 'store'> <Ports = 1> <Width = 32> <Depth = 256> <RAM>
ST_2 : Operation 84 [1/1] (0.00ns)   --->   "%zext_ln587_9 = zext i8 %b9_V"   --->   Operation 84 'zext' 'zext_ln587_9' <Predicate = true> <Delay = 0.00>
ST_2 : Operation 85 [1/1] (0.00ns)   --->   "%crcTables_9_addr = getelementptr i32 %crcTables_9, i64 0, i64 %zext_ln587_9" [/home/efrink/mled/split_cu/U280_CRC_Accelerator/src/kernel.cpp:418]   --->   Operation 85 'getelementptr' 'crcTables_9_addr' <Predicate = true> <Delay = 0.00>
ST_2 : Operation 86 [2/2] (1.19ns)   --->   "%crcTables_9_load = load i8 %crcTables_9_addr" [/home/efrink/mled/split_cu/U280_CRC_Accelerator/src/kernel.cpp:418]   --->   Operation 86 'load' 'crcTables_9_load' <Predicate = true> <Delay = 1.19> <CoreInst = "RAM_1P_BRAM">   --->   Core 90 'RAM_1P_BRAM' <Latency = 1> <II = 1> <Delay = 1.19> <Storage> <Opcode : 'load' 'store'> <Ports = 1> <Width = 32> <Depth = 256> <RAM>
ST_2 : Operation 87 [1/1] (0.00ns)   --->   "%zext_ln587_10 = zext i8 %b10_V"   --->   Operation 87 'zext' 'zext_ln587_10' <Predicate = true> <Delay = 0.00>
ST_2 : Operation 88 [1/1] (0.00ns)   --->   "%crcTables_10_addr = getelementptr i32 %crcTables_10, i64 0, i64 %zext_ln587_10" [/home/efrink/mled/split_cu/U280_CRC_Accelerator/src/kernel.cpp:419]   --->   Operation 88 'getelementptr' 'crcTables_10_addr' <Predicate = true> <Delay = 0.00>
ST_2 : Operation 89 [2/2] (1.19ns)   --->   "%crcTables_10_load = load i8 %crcTables_10_addr" [/home/efrink/mled/split_cu/U280_CRC_Accelerator/src/kernel.cpp:419]   --->   Operation 89 'load' 'crcTables_10_load' <Predicate = true> <Delay = 1.19> <CoreInst = "RAM_1P_BRAM">   --->   Core 90 'RAM_1P_BRAM' <Latency = 1> <II = 1> <Delay = 1.19> <Storage> <Opcode : 'load' 'store'> <Ports = 1> <Width = 32> <Depth = 256> <RAM>
ST_2 : Operation 90 [1/1] (0.00ns)   --->   "%zext_ln587_11 = zext i8 %b11_V"   --->   Operation 90 'zext' 'zext_ln587_11' <Predicate = true> <Delay = 0.00>
ST_2 : Operation 91 [1/1] (0.00ns)   --->   "%crcTables_11_addr = getelementptr i32 %crcTables_11, i64 0, i64 %zext_ln587_11" [/home/efrink/mled/split_cu/U280_CRC_Accelerator/src/kernel.cpp:419]   --->   Operation 91 'getelementptr' 'crcTables_11_addr' <Predicate = true> <Delay = 0.00>
ST_2 : Operation 92 [2/2] (1.19ns)   --->   "%crcTables_11_load = load i8 %crcTables_11_addr" [/home/efrink/mled/split_cu/U280_CRC_Accelerator/src/kernel.cpp:419]   --->   Operation 92 'load' 'crcTables_11_load' <Predicate = true> <Delay = 1.19> <CoreInst = "RAM_1P_BRAM">   --->   Core 90 'RAM_1P_BRAM' <Latency = 1> <II = 1> <Delay = 1.19> <Storage> <Opcode : 'load' 'store'> <Ports = 1> <Width = 32> <Depth = 256> <RAM>

State 3 <SV = 2> <Delay = 1.42>
ST_3 : Operation 93 [1/1] (0.00ns)   --->   "%ret_V_3_load_1 = load i32 %ret_V_3" [/home/efrink/mled/split_cu/U280_CRC_Accelerator/src/kernel.cpp:391]   --->   Operation 93 'load' 'ret_V_3_load_1' <Predicate = true> <Delay = 0.00>
ST_3 : Operation 94 [1/1] (0.00ns)   --->   "%ret_V_15 = trunc i32 %ret_V_3_load_1" [/home/efrink/mled/split_cu/U280_CRC_Accelerator/src/kernel.cpp:391]   --->   Operation 94 'trunc' 'ret_V_15' <Predicate = true> <Delay = 0.00>
ST_3 : Operation 95 [1/1] (0.22ns)   --->   "%ret_V = xor i8 %b0_V, i8 %ret_V_15"   --->   Operation 95 'xor' 'ret_V' <Predicate = true> <Delay = 0.22> <CoreInst = "LogicGate">   --->   Core 74 'LogicGate' <Latency = 0> <II = 1> <Delay = 0.22> <FuncUnit> <Opcode : 'and' 'or' 'xor'> <InPorts = 2> <OutPorts = 1>
ST_3 : Operation 96 [1/1] (0.00ns)   --->   "%zext_ln587 = zext i8 %ret_V"   --->   Operation 96 'zext' 'zext_ln587' <Predicate = true> <Delay = 0.00>
ST_3 : Operation 97 [1/1] (0.00ns)   --->   "%crcTables_0_addr = getelementptr i32 %crcTables_0, i64 0, i64 %zext_ln587" [/home/efrink/mled/split_cu/U280_CRC_Accelerator/src/kernel.cpp:412]   --->   Operation 97 'getelementptr' 'crcTables_0_addr' <Predicate = true> <Delay = 0.00>
ST_3 : Operation 98 [2/2] (1.19ns)   --->   "%crcTables_0_load = load i8 %crcTables_0_addr" [/home/efrink/mled/split_cu/U280_CRC_Accelerator/src/kernel.cpp:412]   --->   Operation 98 'load' 'crcTables_0_load' <Predicate = true> <Delay = 1.19> <CoreInst = "RAM_1P_BRAM">   --->   Core 90 'RAM_1P_BRAM' <Latency = 1> <II = 1> <Delay = 1.19> <Storage> <Opcode : 'load' 'store'> <Ports = 1> <Width = 32> <Depth = 256> <RAM>
ST_3 : Operation 99 [1/1] (0.00ns)   --->   "%ret_V_16 = partselect i8 @_ssdm_op_PartSelect.i8.i32.i32.i32, i32 %ret_V_3_load_1, i32 8, i32 15"   --->   Operation 99 'partselect' 'ret_V_16' <Predicate = true> <Delay = 0.00>
ST_3 : Operation 100 [1/1] (0.22ns)   --->   "%ret_V_10 = xor i8 %b1_V, i8 %ret_V_16"   --->   Operation 100 'xor' 'ret_V_10' <Predicate = true> <Delay = 0.22> <CoreInst = "LogicGate">   --->   Core 74 'LogicGate' <Latency = 0> <II = 1> <Delay = 0.22> <FuncUnit> <Opcode : 'and' 'or' 'xor'> <InPorts = 2> <OutPorts = 1>
ST_3 : Operation 101 [1/1] (0.00ns)   --->   "%zext_ln587_1 = zext i8 %ret_V_10"   --->   Operation 101 'zext' 'zext_ln587_1' <Predicate = true> <Delay = 0.00>
ST_3 : Operation 102 [1/1] (0.00ns)   --->   "%crcTables_1_addr = getelementptr i32 %crcTables_1, i64 0, i64 %zext_ln587_1" [/home/efrink/mled/split_cu/U280_CRC_Accelerator/src/kernel.cpp:413]   --->   Operation 102 'getelementptr' 'crcTables_1_addr' <Predicate = true> <Delay = 0.00>
ST_3 : Operation 103 [2/2] (1.19ns)   --->   "%crcTables_1_load = load i8 %crcTables_1_addr" [/home/efrink/mled/split_cu/U280_CRC_Accelerator/src/kernel.cpp:413]   --->   Operation 103 'load' 'crcTables_1_load' <Predicate = true> <Delay = 1.19> <CoreInst = "RAM_1P_BRAM">   --->   Core 90 'RAM_1P_BRAM' <Latency = 1> <II = 1> <Delay = 1.19> <Storage> <Opcode : 'load' 'store'> <Ports = 1> <Width = 32> <Depth = 256> <RAM>
ST_3 : Operation 104 [1/1] (0.00ns)   --->   "%ret_V_17 = partselect i8 @_ssdm_op_PartSelect.i8.i32.i32.i32, i32 %ret_V_3_load_1, i32 16, i32 23"   --->   Operation 104 'partselect' 'ret_V_17' <Predicate = true> <Delay = 0.00>
ST_3 : Operation 105 [1/1] (0.22ns)   --->   "%ret_V_12 = xor i8 %b2_V, i8 %ret_V_17"   --->   Operation 105 'xor' 'ret_V_12' <Predicate = true> <Delay = 0.22> <CoreInst = "LogicGate">   --->   Core 74 'LogicGate' <Latency = 0> <II = 1> <Delay = 0.22> <FuncUnit> <Opcode : 'and' 'or' 'xor'> <InPorts = 2> <OutPorts = 1>
ST_3 : Operation 106 [1/1] (0.00ns)   --->   "%zext_ln587_2 = zext i8 %ret_V_12"   --->   Operation 106 'zext' 'zext_ln587_2' <Predicate = true> <Delay = 0.00>
ST_3 : Operation 107 [1/1] (0.00ns)   --->   "%crcTables_2_addr = getelementptr i32 %crcTables_2, i64 0, i64 %zext_ln587_2" [/home/efrink/mled/split_cu/U280_CRC_Accelerator/src/kernel.cpp:414]   --->   Operation 107 'getelementptr' 'crcTables_2_addr' <Predicate = true> <Delay = 0.00>
ST_3 : Operation 108 [2/2] (1.19ns)   --->   "%crcTables_2_load = load i8 %crcTables_2_addr" [/home/efrink/mled/split_cu/U280_CRC_Accelerator/src/kernel.cpp:414]   --->   Operation 108 'load' 'crcTables_2_load' <Predicate = true> <Delay = 1.19> <CoreInst = "RAM_1P_BRAM">   --->   Core 90 'RAM_1P_BRAM' <Latency = 1> <II = 1> <Delay = 1.19> <Storage> <Opcode : 'load' 'store'> <Ports = 1> <Width = 32> <Depth = 256> <RAM>
ST_3 : Operation 109 [1/1] (0.00ns)   --->   "%trunc_ln = partselect i8 @_ssdm_op_PartSelect.i8.i32.i32.i32, i32 %ret_V_3_load_1, i32 24, i32 31"   --->   Operation 109 'partselect' 'trunc_ln' <Predicate = true> <Delay = 0.00>
ST_3 : Operation 110 [1/1] (0.22ns)   --->   "%ret_V_13 = xor i8 %b3_V, i8 %trunc_ln"   --->   Operation 110 'xor' 'ret_V_13' <Predicate = true> <Delay = 0.22> <CoreInst = "LogicGate">   --->   Core 74 'LogicGate' <Latency = 0> <II = 1> <Delay = 0.22> <FuncUnit> <Opcode : 'and' 'or' 'xor'> <InPorts = 2> <OutPorts = 1>
ST_3 : Operation 111 [1/1] (0.00ns)   --->   "%zext_ln587_3 = zext i8 %ret_V_13"   --->   Operation 111 'zext' 'zext_ln587_3' <Predicate = true> <Delay = 0.00>
ST_3 : Operation 112 [1/1] (0.00ns)   --->   "%crcTables_3_addr = getelementptr i32 %crcTables_3, i64 0, i64 %zext_ln587_3" [/home/efrink/mled/split_cu/U280_CRC_Accelerator/src/kernel.cpp:415]   --->   Operation 112 'getelementptr' 'crcTables_3_addr' <Predicate = true> <Delay = 0.00>
ST_3 : Operation 113 [2/2] (1.19ns)   --->   "%crcTables_3_load = load i8 %crcTables_3_addr" [/home/efrink/mled/split_cu/U280_CRC_Accelerator/src/kernel.cpp:415]   --->   Operation 113 'load' 'crcTables_3_load' <Predicate = true> <Delay = 1.19> <CoreInst = "RAM_1P_BRAM">   --->   Core 90 'RAM_1P_BRAM' <Latency = 1> <II = 1> <Delay = 1.19> <Storage> <Opcode : 'load' 'store'> <Ports = 1> <Width = 32> <Depth = 256> <RAM>
ST_3 : Operation 114 [1/2] (1.19ns)   --->   "%crcTables_4_load = load i8 %crcTables_4_addr" [/home/efrink/mled/split_cu/U280_CRC_Accelerator/src/kernel.cpp:416]   --->   Operation 114 'load' 'crcTables_4_load' <Predicate = true> <Delay = 1.19> <CoreInst = "RAM_1P_BRAM">   --->   Core 90 'RAM_1P_BRAM' <Latency = 1> <II = 1> <Delay = 1.19> <Storage> <Opcode : 'load' 'store'> <Ports = 1> <Width = 32> <Depth = 256> <RAM>
ST_3 : Operation 115 [1/2] (1.19ns)   --->   "%crcTables_5_load = load i8 %crcTables_5_addr" [/home/efrink/mled/split_cu/U280_CRC_Accelerator/src/kernel.cpp:416]   --->   Operation 115 'load' 'crcTables_5_load' <Predicate = true> <Delay = 1.19> <CoreInst = "RAM_1P_BRAM">   --->   Core 90 'RAM_1P_BRAM' <Latency = 1> <II = 1> <Delay = 1.19> <Storage> <Opcode : 'load' 'store'> <Ports = 1> <Width = 32> <Depth = 256> <RAM>
ST_3 : Operation 116 [1/2] (1.19ns)   --->   "%crcTables_6_load = load i8 %crcTables_6_addr" [/home/efrink/mled/split_cu/U280_CRC_Accelerator/src/kernel.cpp:417]   --->   Operation 116 'load' 'crcTables_6_load' <Predicate = true> <Delay = 1.19> <CoreInst = "RAM_1P_BRAM">   --->   Core 90 'RAM_1P_BRAM' <Latency = 1> <II = 1> <Delay = 1.19> <Storage> <Opcode : 'load' 'store'> <Ports = 1> <Width = 32> <Depth = 256> <RAM>
ST_3 : Operation 117 [1/2] (1.19ns)   --->   "%crcTables_7_load = load i8 %crcTables_7_addr" [/home/efrink/mled/split_cu/U280_CRC_Accelerator/src/kernel.cpp:417]   --->   Operation 117 'load' 'crcTables_7_load' <Predicate = true> <Delay = 1.19> <CoreInst = "RAM_1P_BRAM">   --->   Core 90 'RAM_1P_BRAM' <Latency = 1> <II = 1> <Delay = 1.19> <Storage> <Opcode : 'load' 'store'> <Ports = 1> <Width = 32> <Depth = 256> <RAM>
ST_3 : Operation 118 [1/2] (1.19ns)   --->   "%crcTables_8_load = load i8 %crcTables_8_addr" [/home/efrink/mled/split_cu/U280_CRC_Accelerator/src/kernel.cpp:418]   --->   Operation 118 'load' 'crcTables_8_load' <Predicate = true> <Delay = 1.19> <CoreInst = "RAM_1P_BRAM">   --->   Core 90 'RAM_1P_BRAM' <Latency = 1> <II = 1> <Delay = 1.19> <Storage> <Opcode : 'load' 'store'> <Ports = 1> <Width = 32> <Depth = 256> <RAM>
ST_3 : Operation 119 [1/2] (1.19ns)   --->   "%crcTables_9_load = load i8 %crcTables_9_addr" [/home/efrink/mled/split_cu/U280_CRC_Accelerator/src/kernel.cpp:418]   --->   Operation 119 'load' 'crcTables_9_load' <Predicate = true> <Delay = 1.19> <CoreInst = "RAM_1P_BRAM">   --->   Core 90 'RAM_1P_BRAM' <Latency = 1> <II = 1> <Delay = 1.19> <Storage> <Opcode : 'load' 'store'> <Ports = 1> <Width = 32> <Depth = 256> <RAM>
ST_3 : Operation 120 [1/2] (1.19ns)   --->   "%crcTables_10_load = load i8 %crcTables_10_addr" [/home/efrink/mled/split_cu/U280_CRC_Accelerator/src/kernel.cpp:419]   --->   Operation 120 'load' 'crcTables_10_load' <Predicate = true> <Delay = 1.19> <CoreInst = "RAM_1P_BRAM">   --->   Core 90 'RAM_1P_BRAM' <Latency = 1> <II = 1> <Delay = 1.19> <Storage> <Opcode : 'load' 'store'> <Ports = 1> <Width = 32> <Depth = 256> <RAM>
ST_3 : Operation 121 [1/2] (1.19ns)   --->   "%crcTables_11_load = load i8 %crcTables_11_addr" [/home/efrink/mled/split_cu/U280_CRC_Accelerator/src/kernel.cpp:419]   --->   Operation 121 'load' 'crcTables_11_load' <Predicate = true> <Delay = 1.19> <CoreInst = "RAM_1P_BRAM">   --->   Core 90 'RAM_1P_BRAM' <Latency = 1> <II = 1> <Delay = 1.19> <Storage> <Opcode : 'load' 'store'> <Ports = 1> <Width = 32> <Depth = 256> <RAM>
ST_3 : Operation 122 [1/1] (0.00ns)   --->   "%zext_ln587_12 = zext i8 %b12_V"   --->   Operation 122 'zext' 'zext_ln587_12' <Predicate = true> <Delay = 0.00>
ST_3 : Operation 123 [1/1] (0.00ns)   --->   "%crcTables_12_addr = getelementptr i32 %crcTables_12, i64 0, i64 %zext_ln587_12" [/home/efrink/mled/split_cu/U280_CRC_Accelerator/src/kernel.cpp:420]   --->   Operation 123 'getelementptr' 'crcTables_12_addr' <Predicate = true> <Delay = 0.00>
ST_3 : Operation 124 [2/2] (1.19ns)   --->   "%crcTables_12_load = load i8 %crcTables_12_addr" [/home/efrink/mled/split_cu/U280_CRC_Accelerator/src/kernel.cpp:420]   --->   Operation 124 'load' 'crcTables_12_load' <Predicate = true> <Delay = 1.19> <CoreInst = "RAM_1P_BRAM">   --->   Core 90 'RAM_1P_BRAM' <Latency = 1> <II = 1> <Delay = 1.19> <Storage> <Opcode : 'load' 'store'> <Ports = 1> <Width = 32> <Depth = 256> <RAM>
ST_3 : Operation 125 [1/1] (0.00ns)   --->   "%zext_ln587_13 = zext i8 %b13_V"   --->   Operation 125 'zext' 'zext_ln587_13' <Predicate = true> <Delay = 0.00>
ST_3 : Operation 126 [1/1] (0.00ns)   --->   "%crcTables_13_addr = getelementptr i32 %crcTables_13, i64 0, i64 %zext_ln587_13" [/home/efrink/mled/split_cu/U280_CRC_Accelerator/src/kernel.cpp:420]   --->   Operation 126 'getelementptr' 'crcTables_13_addr' <Predicate = true> <Delay = 0.00>
ST_3 : Operation 127 [2/2] (1.19ns)   --->   "%crcTables_13_load = load i8 %crcTables_13_addr" [/home/efrink/mled/split_cu/U280_CRC_Accelerator/src/kernel.cpp:420]   --->   Operation 127 'load' 'crcTables_13_load' <Predicate = true> <Delay = 1.19> <CoreInst = "RAM_1P_BRAM">   --->   Core 90 'RAM_1P_BRAM' <Latency = 1> <II = 1> <Delay = 1.19> <Storage> <Opcode : 'load' 'store'> <Ports = 1> <Width = 32> <Depth = 256> <RAM>
ST_3 : Operation 128 [1/1] (0.00ns)   --->   "%zext_ln587_14 = zext i8 %b14_V"   --->   Operation 128 'zext' 'zext_ln587_14' <Predicate = true> <Delay = 0.00>
ST_3 : Operation 129 [1/1] (0.00ns)   --->   "%crcTables_14_addr = getelementptr i32 %crcTables_14, i64 0, i64 %zext_ln587_14" [/home/efrink/mled/split_cu/U280_CRC_Accelerator/src/kernel.cpp:421]   --->   Operation 129 'getelementptr' 'crcTables_14_addr' <Predicate = true> <Delay = 0.00>
ST_3 : Operation 130 [2/2] (1.19ns)   --->   "%crcTables_14_load = load i8 %crcTables_14_addr" [/home/efrink/mled/split_cu/U280_CRC_Accelerator/src/kernel.cpp:421]   --->   Operation 130 'load' 'crcTables_14_load' <Predicate = true> <Delay = 1.19> <CoreInst = "RAM_1P_BRAM">   --->   Core 90 'RAM_1P_BRAM' <Latency = 1> <II = 1> <Delay = 1.19> <Storage> <Opcode : 'load' 'store'> <Ports = 1> <Width = 32> <Depth = 256> <RAM>
ST_3 : Operation 131 [1/1] (0.00ns)   --->   "%zext_ln587_15 = zext i8 %b15_V"   --->   Operation 131 'zext' 'zext_ln587_15' <Predicate = true> <Delay = 0.00>
ST_3 : Operation 132 [1/1] (0.00ns)   --->   "%crcTables_15_addr = getelementptr i32 %crcTables_15, i64 0, i64 %zext_ln587_15" [/home/efrink/mled/split_cu/U280_CRC_Accelerator/src/kernel.cpp:421]   --->   Operation 132 'getelementptr' 'crcTables_15_addr' <Predicate = true> <Delay = 0.00>
ST_3 : Operation 133 [2/2] (1.19ns)   --->   "%crcTables_15_load = load i8 %crcTables_15_addr" [/home/efrink/mled/split_cu/U280_CRC_Accelerator/src/kernel.cpp:421]   --->   Operation 133 'load' 'crcTables_15_load' <Predicate = true> <Delay = 1.19> <CoreInst = "RAM_1P_BRAM">   --->   Core 90 'RAM_1P_BRAM' <Latency = 1> <II = 1> <Delay = 1.19> <Storage> <Opcode : 'load' 'store'> <Ports = 1> <Width = 32> <Depth = 256> <RAM>
ST_3 : Operation 134 [1/1] (0.00ns) (grouped into LUT with out node xor_ln420_9)   --->   "%xor_ln420_7 = xor i32 %crcTables_8_load, i32 %crcTables_9_load" [/home/efrink/mled/split_cu/U280_CRC_Accelerator/src/kernel.cpp:420]   --->   Operation 134 'xor' 'xor_ln420_7' <Predicate = true> <Delay = 0.00> <CoreInst = "LogicGate">   --->   Core 74 'LogicGate' <Latency = 0> <II = 1> <Delay = 0.21> <FuncUnit> <Opcode : 'and' 'or' 'xor'> <InPorts = 2> <OutPorts = 1>
ST_3 : Operation 135 [1/1] (0.00ns) (grouped into LUT with out node xor_ln420_9)   --->   "%xor_ln420_8 = xor i32 %crcTables_10_load, i32 %crcTables_11_load" [/home/efrink/mled/split_cu/U280_CRC_Accelerator/src/kernel.cpp:420]   --->   Operation 135 'xor' 'xor_ln420_8' <Predicate = true> <Delay = 0.00> <CoreInst = "LogicGate">   --->   Core 74 'LogicGate' <Latency = 0> <II = 1> <Delay = 0.21> <FuncUnit> <Opcode : 'and' 'or' 'xor'> <InPorts = 2> <OutPorts = 1>
ST_3 : Operation 136 [1/1] (0.21ns) (out node of the LUT)   --->   "%xor_ln420_9 = xor i32 %xor_ln420_8, i32 %xor_ln420_7" [/home/efrink/mled/split_cu/U280_CRC_Accelerator/src/kernel.cpp:420]   --->   Operation 136 'xor' 'xor_ln420_9' <Predicate = true> <Delay = 0.21> <CoreInst = "LogicGate">   --->   Core 74 'LogicGate' <Latency = 0> <II = 1> <Delay = 0.21> <FuncUnit> <Opcode : 'and' 'or' 'xor'> <InPorts = 2> <OutPorts = 1>
ST_3 : Operation 162 [1/1] (0.00ns)   --->   "%ret_V_3_load = load i32 %ret_V_3"   --->   Operation 162 'load' 'ret_V_3_load' <Predicate = (icmp_ln391)> <Delay = 0.00>
ST_3 : Operation 163 [1/1] (0.00ns)   --->   "%write_ln0 = write void @_ssdm_op_Write.ap_auto.i32P0A, i32 %p_out, i32 %ret_V_3_load"   --->   Operation 163 'write' 'write_ln0' <Predicate = (icmp_ln391)> <Delay = 0.00>
ST_3 : Operation 164 [1/1] (0.00ns)   --->   "%ret_ln0 = ret"   --->   Operation 164 'ret' 'ret_ln0' <Predicate = (icmp_ln391)> <Delay = 0.00>

State 4 <SV = 3> <Delay = 2.21>
ST_4 : Operation 137 [1/1] (0.00ns)   --->   "%specpipeline_ln393 = specpipeline void @_ssdm_op_SpecPipeline, i32 1, i32 0, i32 0, i32 0, void @empty_23" [/home/efrink/mled/split_cu/U280_CRC_Accelerator/src/kernel.cpp:393]   --->   Operation 137 'specpipeline' 'specpipeline_ln393' <Predicate = true> <Delay = 0.00>
ST_4 : Operation 138 [1/1] (0.00ns)   --->   "%specloopname_ln391 = specloopname void @_ssdm_op_SpecLoopName, void @empty_8" [/home/efrink/mled/split_cu/U280_CRC_Accelerator/src/kernel.cpp:391]   --->   Operation 138 'specloopname' 'specloopname_ln391' <Predicate = true> <Delay = 0.00>
ST_4 : Operation 139 [1/2] (1.19ns)   --->   "%crcTables_0_load = load i8 %crcTables_0_addr" [/home/efrink/mled/split_cu/U280_CRC_Accelerator/src/kernel.cpp:412]   --->   Operation 139 'load' 'crcTables_0_load' <Predicate = true> <Delay = 1.19> <CoreInst = "RAM_1P_BRAM">   --->   Core 90 'RAM_1P_BRAM' <Latency = 1> <II = 1> <Delay = 1.19> <Storage> <Opcode : 'load' 'store'> <Ports = 1> <Width = 32> <Depth = 256> <RAM>
ST_4 : Operation 140 [1/2] (1.19ns)   --->   "%crcTables_1_load = load i8 %crcTables_1_addr" [/home/efrink/mled/split_cu/U280_CRC_Accelerator/src/kernel.cpp:413]   --->   Operation 140 'load' 'crcTables_1_load' <Predicate = true> <Delay = 1.19> <CoreInst = "RAM_1P_BRAM">   --->   Core 90 'RAM_1P_BRAM' <Latency = 1> <II = 1> <Delay = 1.19> <Storage> <Opcode : 'load' 'store'> <Ports = 1> <Width = 32> <Depth = 256> <RAM>
ST_4 : Operation 141 [1/2] (1.19ns)   --->   "%crcTables_2_load = load i8 %crcTables_2_addr" [/home/efrink/mled/split_cu/U280_CRC_Accelerator/src/kernel.cpp:414]   --->   Operation 141 'load' 'crcTables_2_load' <Predicate = true> <Delay = 1.19> <CoreInst = "RAM_1P_BRAM">   --->   Core 90 'RAM_1P_BRAM' <Latency = 1> <II = 1> <Delay = 1.19> <Storage> <Opcode : 'load' 'store'> <Ports = 1> <Width = 32> <Depth = 256> <RAM>
ST_4 : Operation 142 [1/2] (1.19ns)   --->   "%crcTables_3_load = load i8 %crcTables_3_addr" [/home/efrink/mled/split_cu/U280_CRC_Accelerator/src/kernel.cpp:415]   --->   Operation 142 'load' 'crcTables_3_load' <Predicate = true> <Delay = 1.19> <CoreInst = "RAM_1P_BRAM">   --->   Core 90 'RAM_1P_BRAM' <Latency = 1> <II = 1> <Delay = 1.19> <Storage> <Opcode : 'load' 'store'> <Ports = 1> <Width = 32> <Depth = 256> <RAM>
ST_4 : Operation 143 [1/2] (1.19ns)   --->   "%crcTables_12_load = load i8 %crcTables_12_addr" [/home/efrink/mled/split_cu/U280_CRC_Accelerator/src/kernel.cpp:420]   --->   Operation 143 'load' 'crcTables_12_load' <Predicate = true> <Delay = 1.19> <CoreInst = "RAM_1P_BRAM">   --->   Core 90 'RAM_1P_BRAM' <Latency = 1> <II = 1> <Delay = 1.19> <Storage> <Opcode : 'load' 'store'> <Ports = 1> <Width = 32> <Depth = 256> <RAM>
ST_4 : Operation 144 [1/2] (1.19ns)   --->   "%crcTables_13_load = load i8 %crcTables_13_addr" [/home/efrink/mled/split_cu/U280_CRC_Accelerator/src/kernel.cpp:420]   --->   Operation 144 'load' 'crcTables_13_load' <Predicate = true> <Delay = 1.19> <CoreInst = "RAM_1P_BRAM">   --->   Core 90 'RAM_1P_BRAM' <Latency = 1> <II = 1> <Delay = 1.19> <Storage> <Opcode : 'load' 'store'> <Ports = 1> <Width = 32> <Depth = 256> <RAM>
ST_4 : Operation 145 [1/2] (1.19ns)   --->   "%crcTables_14_load = load i8 %crcTables_14_addr" [/home/efrink/mled/split_cu/U280_CRC_Accelerator/src/kernel.cpp:421]   --->   Operation 145 'load' 'crcTables_14_load' <Predicate = true> <Delay = 1.19> <CoreInst = "RAM_1P_BRAM">   --->   Core 90 'RAM_1P_BRAM' <Latency = 1> <II = 1> <Delay = 1.19> <Storage> <Opcode : 'load' 'store'> <Ports = 1> <Width = 32> <Depth = 256> <RAM>
ST_4 : Operation 146 [1/2] (1.19ns)   --->   "%crcTables_15_load = load i8 %crcTables_15_addr" [/home/efrink/mled/split_cu/U280_CRC_Accelerator/src/kernel.cpp:421]   --->   Operation 146 'load' 'crcTables_15_load' <Predicate = true> <Delay = 1.19> <CoreInst = "RAM_1P_BRAM">   --->   Core 90 'RAM_1P_BRAM' <Latency = 1> <II = 1> <Delay = 1.19> <Storage> <Opcode : 'load' 'store'> <Ports = 1> <Width = 32> <Depth = 256> <RAM>
ST_4 : Operation 147 [1/1] (0.00ns) (grouped into LUT with out node ret_V_14)   --->   "%xor_ln420_1 = xor i32 %crcTables_1_load, i32 %crcTables_2_load" [/home/efrink/mled/split_cu/U280_CRC_Accelerator/src/kernel.cpp:420]   --->   Operation 147 'xor' 'xor_ln420_1' <Predicate = true> <Delay = 0.00> <CoreInst = "LogicGate">   --->   Core 74 'LogicGate' <Latency = 0> <II = 1> <Delay = 0.21> <FuncUnit> <Opcode : 'and' 'or' 'xor'> <InPorts = 2> <OutPorts = 1>
ST_4 : Operation 148 [1/1] (0.00ns) (grouped into LUT with out node ret_V_14)   --->   "%xor_ln420 = xor i32 %xor_ln420_1, i32 %crcTables_3_load" [/home/efrink/mled/split_cu/U280_CRC_Accelerator/src/kernel.cpp:420]   --->   Operation 148 'xor' 'xor_ln420' <Predicate = true> <Delay = 0.00> <CoreInst = "LogicGate">   --->   Core 74 'LogicGate' <Latency = 0> <II = 1> <Delay = 0.21> <FuncUnit> <Opcode : 'and' 'or' 'xor'> <InPorts = 2> <OutPorts = 1>
ST_4 : Operation 149 [1/1] (0.00ns) (grouped into LUT with out node xor_ln420_2)   --->   "%xor_ln420_3 = xor i32 %crcTables_4_load, i32 %crcTables_5_load" [/home/efrink/mled/split_cu/U280_CRC_Accelerator/src/kernel.cpp:420]   --->   Operation 149 'xor' 'xor_ln420_3' <Predicate = true> <Delay = 0.00> <CoreInst = "LogicGate">   --->   Core 74 'LogicGate' <Latency = 0> <II = 1> <Delay = 0.21> <FuncUnit> <Opcode : 'and' 'or' 'xor'> <InPorts = 2> <OutPorts = 1>
ST_4 : Operation 150 [1/1] (0.00ns) (grouped into LUT with out node xor_ln420_2)   --->   "%xor_ln420_4 = xor i32 %crcTables_6_load, i32 %crcTables_7_load" [/home/efrink/mled/split_cu/U280_CRC_Accelerator/src/kernel.cpp:420]   --->   Operation 150 'xor' 'xor_ln420_4' <Predicate = true> <Delay = 0.00> <CoreInst = "LogicGate">   --->   Core 74 'LogicGate' <Latency = 0> <II = 1> <Delay = 0.21> <FuncUnit> <Opcode : 'and' 'or' 'xor'> <InPorts = 2> <OutPorts = 1>
ST_4 : Operation 151 [1/1] (0.00ns) (grouped into LUT with out node xor_ln420_2)   --->   "%xor_ln420_5 = xor i32 %xor_ln420_4, i32 %xor_ln420_3" [/home/efrink/mled/split_cu/U280_CRC_Accelerator/src/kernel.cpp:420]   --->   Operation 151 'xor' 'xor_ln420_5' <Predicate = true> <Delay = 0.00> <CoreInst = "LogicGate">   --->   Core 74 'LogicGate' <Latency = 0> <II = 1> <Delay = 0.21> <FuncUnit> <Opcode : 'and' 'or' 'xor'> <InPorts = 2> <OutPorts = 1>
ST_4 : Operation 152 [1/1] (0.21ns) (out node of the LUT)   --->   "%xor_ln420_2 = xor i32 %xor_ln420_5, i32 %crcTables_0_load" [/home/efrink/mled/split_cu/U280_CRC_Accelerator/src/kernel.cpp:420]   --->   Operation 152 'xor' 'xor_ln420_2' <Predicate = true> <Delay = 0.21> <CoreInst = "LogicGate">   --->   Core 74 'LogicGate' <Latency = 0> <II = 1> <Delay = 0.21> <FuncUnit> <Opcode : 'and' 'or' 'xor'> <InPorts = 2> <OutPorts = 1>
ST_4 : Operation 153 [1/1] (0.00ns) (grouped into LUT with out node xor_ln420_6)   --->   "%xor_ln420_10 = xor i32 %crcTables_12_load, i32 %crcTables_13_load" [/home/efrink/mled/split_cu/U280_CRC_Accelerator/src/kernel.cpp:420]   --->   Operation 153 'xor' 'xor_ln420_10' <Predicate = true> <Delay = 0.00> <CoreInst = "LogicGate">   --->   Core 74 'LogicGate' <Latency = 0> <II = 1> <Delay = 0.21> <FuncUnit> <Opcode : 'and' 'or' 'xor'> <InPorts = 2> <OutPorts = 1>
ST_4 : Operation 154 [1/1] (0.00ns) (grouped into LUT with out node xor_ln420_6)   --->   "%xor_ln420_11 = xor i32 %crcTables_14_load, i32 %crcTables_15_load" [/home/efrink/mled/split_cu/U280_CRC_Accelerator/src/kernel.cpp:420]   --->   Operation 154 'xor' 'xor_ln420_11' <Predicate = true> <Delay = 0.00> <CoreInst = "LogicGate">   --->   Core 74 'LogicGate' <Latency = 0> <II = 1> <Delay = 0.21> <FuncUnit> <Opcode : 'and' 'or' 'xor'> <InPorts = 2> <OutPorts = 1>
ST_4 : Operation 155 [1/1] (0.00ns) (grouped into LUT with out node xor_ln420_6)   --->   "%xor_ln420_12 = xor i32 %xor_ln420_11, i32 %xor_ln420_10" [/home/efrink/mled/split_cu/U280_CRC_Accelerator/src/kernel.cpp:420]   --->   Operation 155 'xor' 'xor_ln420_12' <Predicate = true> <Delay = 0.00> <CoreInst = "LogicGate">   --->   Core 74 'LogicGate' <Latency = 0> <II = 1> <Delay = 0.21> <FuncUnit> <Opcode : 'and' 'or' 'xor'> <InPorts = 2> <OutPorts = 1>
ST_4 : Operation 156 [1/1] (0.00ns) (grouped into LUT with out node xor_ln420_6)   --->   "%xor_ln420_13 = xor i32 %xor_ln420_12, i32 %xor_ln420_9" [/home/efrink/mled/split_cu/U280_CRC_Accelerator/src/kernel.cpp:420]   --->   Operation 156 'xor' 'xor_ln420_13' <Predicate = true> <Delay = 0.00> <CoreInst = "LogicGate">   --->   Core 74 'LogicGate' <Latency = 0> <II = 1> <Delay = 0.21> <FuncUnit> <Opcode : 'and' 'or' 'xor'> <InPorts = 2> <OutPorts = 1>
ST_4 : Operation 157 [1/1] (0.21ns) (out node of the LUT)   --->   "%xor_ln420_6 = xor i32 %xor_ln420_13, i32 %xor_ln420_2" [/home/efrink/mled/split_cu/U280_CRC_Accelerator/src/kernel.cpp:420]   --->   Operation 157 'xor' 'xor_ln420_6' <Predicate = true> <Delay = 0.21> <CoreInst = "LogicGate">   --->   Core 74 'LogicGate' <Latency = 0> <II = 1> <Delay = 0.21> <FuncUnit> <Opcode : 'and' 'or' 'xor'> <InPorts = 2> <OutPorts = 1>
ST_4 : Operation 158 [1/1] (0.00ns) (grouped into LUT with out node ret_V_14)   --->   "%next_V = xor i32 %xor_ln420_6, i32 %xor_ln420" [/home/efrink/mled/split_cu/U280_CRC_Accelerator/src/kernel.cpp:420]   --->   Operation 158 'xor' 'next_V' <Predicate = true> <Delay = 0.00> <CoreInst = "LogicGate">   --->   Core 74 'LogicGate' <Latency = 0> <II = 1> <Delay = 0.21> <FuncUnit> <Opcode : 'and' 'or' 'xor'> <InPorts = 2> <OutPorts = 1>
ST_4 : Operation 159 [1/1] (0.21ns) (out node of the LUT)   --->   "%ret_V_14 = and i32 %next_V, i32 %mask_read"   --->   Operation 159 'and' 'ret_V_14' <Predicate = true> <Delay = 0.21> <CoreInst = "LogicGate">   --->   Core 74 'LogicGate' <Latency = 0> <II = 1> <Delay = 0.21> <FuncUnit> <Opcode : 'and' 'or' 'xor'> <InPorts = 2> <OutPorts = 1>
ST_4 : Operation 160 [1/1] (0.38ns)   --->   "%store_ln391 = store i32 %ret_V_14, i32 %ret_V_3" [/home/efrink/mled/split_cu/U280_CRC_Accelerator/src/kernel.cpp:391]   --->   Operation 160 'store' 'store_ln391' <Predicate = true> <Delay = 0.38>
ST_4 : Operation 161 [1/1] (0.00ns)   --->   "%br_ln391 = br void %for.inc" [/home/efrink/mled/split_cu/U280_CRC_Accelerator/src/kernel.cpp:391]   --->   Operation 161 'br' 'br_ln391' <Predicate = true> <Delay = 0.00>


============================================================
+ Verbose Summary: Timing violations
============================================================
Target clock period: 3.33ns, clock uncertainty: 0.9ns.

 <State 1>: 1.24ns
The critical path consists of the following:
	'alloca' operation ('b') [37]  (0 ns)
	'load' operation ('b_load', /home/efrink/mled/split_cu/U280_CRC_Accelerator/src/kernel.cpp:391) on local variable 'b' [78]  (0 ns)
	'add' operation ('add_ln391', /home/efrink/mled/split_cu/U280_CRC_Accelerator/src/kernel.cpp:391) [81]  (0.856 ns)
	'store' operation ('store_ln391', /home/efrink/mled/split_cu/U280_CRC_Accelerator/src/kernel.cpp:391) of variable 'add_ln391', /home/efrink/mled/split_cu/U280_CRC_Accelerator/src/kernel.cpp:391 on local variable 'b' [176]  (0.387 ns)

 <State 2>: 2.41ns
The critical path consists of the following:
	fifo read operation ('b4.V', /packages/apps/fpga/Vitis_HLS/2022.1/common/technology/autopilot/hls_stream_39.h:145) on port 'inByte421' (/packages/apps/fpga/Vitis_HLS/2022.1/common/technology/autopilot/hls_stream_39.h:145) [92]  (1.22 ns)
	'getelementptr' operation ('crcTables_4_addr', /home/efrink/mled/split_cu/U280_CRC_Accelerator/src/kernel.cpp:416) [124]  (0 ns)
	'load' operation ('crcTables_4_load', /home/efrink/mled/split_cu/U280_CRC_Accelerator/src/kernel.cpp:416) on array 'crcTables_4' [125]  (1.2 ns)

 <State 3>: 1.42ns
The critical path consists of the following:
	'load' operation ('ret_V_3_load_1', /home/efrink/mled/split_cu/U280_CRC_Accelerator/src/kernel.cpp:391) on local variable 'ret.V' [84]  (0 ns)
	'xor' operation ('ret.V') [104]  (0.228 ns)
	'getelementptr' operation ('crcTables_0_addr', /home/efrink/mled/split_cu/U280_CRC_Accelerator/src/kernel.cpp:412) [106]  (0 ns)
	'load' operation ('crcTables_0_load', /home/efrink/mled/split_cu/U280_CRC_Accelerator/src/kernel.cpp:412) on array 'crcTables_0' [107]  (1.2 ns)

 <State 4>: 2.21ns
The critical path consists of the following:
	'load' operation ('crcTables_0_load', /home/efrink/mled/split_cu/U280_CRC_Accelerator/src/kernel.cpp:412) on array 'crcTables_0' [107]  (1.2 ns)
	'xor' operation ('xor_ln420_2', /home/efrink/mled/split_cu/U280_CRC_Accelerator/src/kernel.cpp:420) [164]  (0.21 ns)
	'xor' operation ('xor_ln420_6', /home/efrink/mled/split_cu/U280_CRC_Accelerator/src/kernel.cpp:420) [172]  (0.21 ns)
	'xor' operation ('next.V', /home/efrink/mled/split_cu/U280_CRC_Accelerator/src/kernel.cpp:420) [173]  (0 ns)
	'and' operation ('ret.V') [174]  (0.21 ns)
	'store' operation ('store_ln391', /home/efrink/mled/split_cu/U280_CRC_Accelerator/src/kernel.cpp:391) of variable 'ret.V' on local variable 'ret.V' [175]  (0.387 ns)


============================================================
+ Verbose Summary: Binding
============================================================
N/A
* FSMD analyzer results:
  - Output states:
 - Input state : 
  - Chain level:
	State 1
	State 2
	State 3
	State 4


============================================================
+ Verbose Summary: Datapath Resource usage 
============================================================
N/A
