

================================================================
== Vitis HLS Report for 'process_crc_chunks'
================================================================
* Date:           Thu Apr  2 18:17:03 2026

* Version:        2022.1 (Build 3526262 on Mon Apr 18 15:47:01 MDT 2022)
* Project:        calculate_crc
* Solution:       solution (Vitis Kernel Flow Target)
* Product family: virtexuplus
* Target device:  xcu280-fsvh2892-2L-e


================================================================
== Performance Estimates
================================================================
+ Timing: 
    * Summary: 
    +--------+---------+----------+------------+
    |  Clock |  Target | Estimated| Uncertainty|
    +--------+---------+----------+------------+
    |ap_clk  |  3.33 ns|  2.413 ns|     0.90 ns|
    +--------+---------+----------+------------+

+ Latency: 
    * Summary: 
    +---------+---------+----------+----------+-----+-----+---------+
    |  Latency (cycles) |  Latency (absolute) |  Interval | Pipeline|
    |   min   |   max   |    min   |    max   | min | max |   Type  |
    +---------+---------+----------+----------+-----+-----+---------+
    |        ?|        ?|         ?|         ?|    ?|    ?|       no|
    +---------+---------+----------+----------+-----+-----+---------+

    + Detail: 
        * Instance: 
        +------------------------------------+-------------------------+---------+---------+-----------+----------+-----+-----+---------+
        |                                    |                         |  Latency (cycles) |  Latency (absolute)  |  Interval | Pipeline|
        |              Instance              |          Module         |   min   |   max   |    min    |    max   | min | max |   Type  |
        +------------------------------------+-------------------------+---------+---------+-----------+----------+-----+-----+---------+
        |grp_crc_process_full_blocks_fu_197  |crc_process_full_blocks  |        1|        ?|   3.333 ns|         ?|    1|    ?|       no|
        |grp_crc_process_tail_bytes_fu_268   |crc_process_tail_bytes   |        5|        ?|  16.665 ns|         ?|    5|    ?|       no|
        +------------------------------------+-------------------------+---------+---------+-----------+----------+-----+-----+---------+

        * Loop: 
        +--------------+---------+---------+----------+-----------+-----------+------+----------+
        |              |  Latency (cycles) | Iteration|  Initiation Interval  | Trip |          |
        |   Loop Name  |   min   |   max   |  Latency |  achieved |   target  | Count| Pipelined|
        +--------------+---------+---------+----------+-----------+-----------+------+----------+
        |- chunk_loop  |        ?|        ?|     5 ~ ?|          -|          -|     ?|        no|
        +--------------+---------+---------+----------+-----------+-----------+------+----------+

============================================================
+ Verbose Summary: Synthesis Manager
============================================================
InlineROM: 1
ExposeGlobal: 0
============================================================
+ Verbose Summary: CDFG Model
============================================================
IsTopModel: 0
ResetActiveHigh: 1
IsCombinational: 2
IsDatapathOnly: 0
HasWiredReturn: 1
HasMFsm: 0
HasVarLatency: 1
IsPipeline: 0
IsRtlPipelined: 0
IsInstanceOverlapped: 0
IsDontTouch: 0
HasImplIP: 0
IsGatedGlobalClock: 0


============================================================
+ Verbose Summary: Schedule
============================================================
* Number of FSM states : 7
* Pipeline : 0
* Dataflow Pipeline: 0

* FSM state transitions: 
1 --> 2 
2 --> 3 
3 --> 4 
4 --> 5 
5 --> 6 7 
6 --> 7 
7 --> 3 

* FSM state operations: 

State 1 <SV = 0> <Delay = 2.03>
ST_1 : Operation 8 [1/1] (0.00ns)   --->   "%c = alloca i32 1"   --->   Operation 8 'alloca' 'c' <Predicate = true> <Delay = 0.00>
ST_1 : Operation 9 [1/1] (0.00ns)   --->   "%chunkSize_read = read i32 @_ssdm_op_Read.ap_auto.i32, i32 %chunkSize"   --->   Operation 9 'read' 'chunkSize_read' <Predicate = true> <Delay = 0.00>
ST_1 : Operation 10 [1/1] (0.00ns)   --->   "%numChunks_read = read i32 @_ssdm_op_Read.ap_auto.i32, i32 %numChunks"   --->   Operation 10 'read' 'numChunks_read' <Predicate = true> <Delay = 0.00>
ST_1 : Operation 11 [1/1] (1.21ns)   --->   "%write_ln0 = write void @_ssdm_op_Write.ap_fifo.i32P0A, i32 %numChunks_c, i32 %numChunks_read"   --->   Operation 11 'write' 'write_ln0' <Predicate = true> <Delay = 1.21> <CoreInst = "FIFO_SRL">   --->   Core 81 'FIFO_SRL' <Latency = 0> <II = 1> <Delay = 1.39> <Storage> <Opcode : 'read' 'write' 'nbread' 'nbwrite'> <Ports = 0> <Width = 32> <Depth = 2> <FIFO>
ST_1 : Operation 12 [1/1] (0.00ns)   --->   "%tmp_2 = bitselect i1 @_ssdm_op_BitSelect.i1.i32.i32, i32 %chunkSize_read, i32 31" [/home/efrink/mled/split_cu/U280_CRC_Accelerator/src/kernel.cpp:527]   --->   Operation 12 'bitselect' 'tmp_2' <Predicate = true> <Delay = 0.00>
ST_1 : Operation 13 [1/1] (0.88ns)   --->   "%sub_ln527 = sub i32 0, i32 %chunkSize_read" [/home/efrink/mled/split_cu/U280_CRC_Accelerator/src/kernel.cpp:527]   --->   Operation 13 'sub' 'sub_ln527' <Predicate = true> <Delay = 0.88> <CoreInst = "Adder">   --->   Core 1 'Adder' <Latency = 0> <II = 1> <Delay = 0.88> <FuncUnit> <Opcode : 'add' 'sub'> <InPorts = 2> <OutPorts = 1>
ST_1 : Operation 14 [1/1] (0.00ns)   --->   "%trunc_ln527_1 = partselect i28 @_ssdm_op_PartSelect.i28.i32.i32.i32, i32 %sub_ln527, i32 4, i32 31" [/home/efrink/mled/split_cu/U280_CRC_Accelerator/src/kernel.cpp:527]   --->   Operation 14 'partselect' 'trunc_ln527_1' <Predicate = true> <Delay = 0.00>
ST_1 : Operation 15 [1/1] (0.00ns)   --->   "%zext_ln527 = zext i28 %trunc_ln527_1" [/home/efrink/mled/split_cu/U280_CRC_Accelerator/src/kernel.cpp:527]   --->   Operation 15 'zext' 'zext_ln527' <Predicate = true> <Delay = 0.00>
ST_1 : Operation 16 [1/1] (0.85ns)   --->   "%sub_ln527_1 = sub i29 0, i29 %zext_ln527" [/home/efrink/mled/split_cu/U280_CRC_Accelerator/src/kernel.cpp:527]   --->   Operation 16 'sub' 'sub_ln527_1' <Predicate = true> <Delay = 0.85> <CoreInst = "Adder">   --->   Core 1 'Adder' <Latency = 0> <II = 1> <Delay = 0.85> <FuncUnit> <Opcode : 'add' 'sub'> <InPorts = 2> <OutPorts = 1>
ST_1 : Operation 17 [1/1] (0.00ns)   --->   "%trunc_ln527_2 = partselect i28 @_ssdm_op_PartSelect.i28.i32.i32.i32, i32 %chunkSize_read, i32 4, i32 31" [/home/efrink/mled/split_cu/U280_CRC_Accelerator/src/kernel.cpp:527]   --->   Operation 17 'partselect' 'trunc_ln527_2' <Predicate = true> <Delay = 0.00>
ST_1 : Operation 18 [1/1] (0.00ns)   --->   "%zext_ln527_1 = zext i28 %trunc_ln527_2" [/home/efrink/mled/split_cu/U280_CRC_Accelerator/src/kernel.cpp:527]   --->   Operation 18 'zext' 'zext_ln527_1' <Predicate = true> <Delay = 0.00>
ST_1 : Operation 19 [1/1] (0.29ns)   --->   "%blocks_in_chunk = select i1 %tmp_2, i29 %sub_ln527_1, i29 %zext_ln527_1" [/home/efrink/mled/split_cu/U280_CRC_Accelerator/src/kernel.cpp:527]   --->   Operation 19 'select' 'blocks_in_chunk' <Predicate = true> <Delay = 0.29> <CoreInst = "Sel">   --->   Core 73 'Sel' <Latency = 0> <II = 1> <Delay = 0.29> <FuncUnit> <Opcode : 'select'> <InPorts = 3> <OutPorts = 1>
ST_1 : Operation 20 [1/1] (0.00ns)   --->   "%trunc_ln528 = trunc i29 %blocks_in_chunk" [/home/efrink/mled/split_cu/U280_CRC_Accelerator/src/kernel.cpp:528]   --->   Operation 20 'trunc' 'trunc_ln528' <Predicate = true> <Delay = 0.00>
ST_1 : Operation 21 [1/1] (0.38ns)   --->   "%store_ln531 = store i31 0, i31 %c" [/home/efrink/mled/split_cu/U280_CRC_Accelerator/src/kernel.cpp:531]   --->   Operation 21 'store' 'store_ln531' <Predicate = true> <Delay = 0.38>

State 2 <SV = 1> <Delay = 1.73>
ST_2 : Operation 22 [1/1] (0.00ns)   --->   "%specinterface_ln0 = specinterface void @_ssdm_op_SpecInterface, i32 %numChunks_c, void @ap_fifo_str, i32 0, i32 0, void @p_str, i32 0, i32 0, void @p_str, void @p_str, void @p_str, i32 2, i32 2, i32 16, i32 16, void @p_str, void @ScalarProp_str, i32 4294967295, i32 0"   --->   Operation 22 'specinterface' 'specinterface_ln0' <Predicate = true> <Delay = 0.00>
ST_2 : Operation 23 [1/1] (0.00ns)   --->   "%init_value_read = read i32 @_ssdm_op_Read.ap_auto.i32, i32 %init_value"   --->   Operation 23 'read' 'init_value_read' <Predicate = true> <Delay = 0.00>
ST_2 : Operation 24 [1/1] (0.00ns)   --->   "%crc_size_read = read i32 @_ssdm_op_Read.ap_auto.i32, i32 %crc_size"   --->   Operation 24 'read' 'crc_size_read' <Predicate = true> <Delay = 0.00>
ST_2 : Operation 25 [1/1] (0.00ns)   --->   "%specmemcore_ln0 = specmemcore void @_ssdm_op_SpecMemCore, i32 %crcTables_15, i64 666, i64 18, i64 18446744073709551615"   --->   Operation 25 'specmemcore' 'specmemcore_ln0' <Predicate = true> <Delay = 0.00>
ST_2 : Operation 26 [1/1] (0.00ns)   --->   "%specmemcore_ln0 = specmemcore void @_ssdm_op_SpecMemCore, i32 %crcTables_14, i64 666, i64 18, i64 18446744073709551615"   --->   Operation 26 'specmemcore' 'specmemcore_ln0' <Predicate = true> <Delay = 0.00>
ST_2 : Operation 27 [1/1] (0.00ns)   --->   "%specmemcore_ln0 = specmemcore void @_ssdm_op_SpecMemCore, i32 %crcTables_13, i64 666, i64 18, i64 18446744073709551615"   --->   Operation 27 'specmemcore' 'specmemcore_ln0' <Predicate = true> <Delay = 0.00>
ST_2 : Operation 28 [1/1] (0.00ns)   --->   "%specmemcore_ln0 = specmemcore void @_ssdm_op_SpecMemCore, i32 %crcTables_12, i64 666, i64 18, i64 18446744073709551615"   --->   Operation 28 'specmemcore' 'specmemcore_ln0' <Predicate = true> <Delay = 0.00>
ST_2 : Operation 29 [1/1] (0.00ns)   --->   "%specmemcore_ln0 = specmemcore void @_ssdm_op_SpecMemCore, i32 %crcTables_11, i64 666, i64 18, i64 18446744073709551615"   --->   Operation 29 'specmemcore' 'specmemcore_ln0' <Predicate = true> <Delay = 0.00>
ST_2 : Operation 30 [1/1] (0.00ns)   --->   "%specmemcore_ln0 = specmemcore void @_ssdm_op_SpecMemCore, i32 %crcTables_10, i64 666, i64 18, i64 18446744073709551615"   --->   Operation 30 'specmemcore' 'specmemcore_ln0' <Predicate = true> <Delay = 0.00>
ST_2 : Operation 31 [1/1] (0.00ns)   --->   "%specmemcore_ln0 = specmemcore void @_ssdm_op_SpecMemCore, i32 %crcTables_9, i64 666, i64 18, i64 18446744073709551615"   --->   Operation 31 'specmemcore' 'specmemcore_ln0' <Predicate = true> <Delay = 0.00>
ST_2 : Operation 32 [1/1] (0.00ns)   --->   "%specmemcore_ln0 = specmemcore void @_ssdm_op_SpecMemCore, i32 %crcTables_8, i64 666, i64 18, i64 18446744073709551615"   --->   Operation 32 'specmemcore' 'specmemcore_ln0' <Predicate = true> <Delay = 0.00>
ST_2 : Operation 33 [1/1] (0.00ns)   --->   "%specmemcore_ln0 = specmemcore void @_ssdm_op_SpecMemCore, i32 %crcTables_7, i64 666, i64 18, i64 18446744073709551615"   --->   Operation 33 'specmemcore' 'specmemcore_ln0' <Predicate = true> <Delay = 0.00>
ST_2 : Operation 34 [1/1] (0.00ns)   --->   "%specmemcore_ln0 = specmemcore void @_ssdm_op_SpecMemCore, i32 %crcTables_6, i64 666, i64 18, i64 18446744073709551615"   --->   Operation 34 'specmemcore' 'specmemcore_ln0' <Predicate = true> <Delay = 0.00>
ST_2 : Operation 35 [1/1] (0.00ns)   --->   "%specmemcore_ln0 = specmemcore void @_ssdm_op_SpecMemCore, i32 %crcTables_5, i64 666, i64 18, i64 18446744073709551615"   --->   Operation 35 'specmemcore' 'specmemcore_ln0' <Predicate = true> <Delay = 0.00>
ST_2 : Operation 36 [1/1] (0.00ns)   --->   "%specmemcore_ln0 = specmemcore void @_ssdm_op_SpecMemCore, i32 %crcTables_4, i64 666, i64 18, i64 18446744073709551615"   --->   Operation 36 'specmemcore' 'specmemcore_ln0' <Predicate = true> <Delay = 0.00>
ST_2 : Operation 37 [1/1] (0.00ns)   --->   "%specmemcore_ln0 = specmemcore void @_ssdm_op_SpecMemCore, i32 %crcTables_3, i64 666, i64 18, i64 18446744073709551615"   --->   Operation 37 'specmemcore' 'specmemcore_ln0' <Predicate = true> <Delay = 0.00>
ST_2 : Operation 38 [1/1] (0.00ns)   --->   "%specmemcore_ln0 = specmemcore void @_ssdm_op_SpecMemCore, i32 %crcTables_2, i64 666, i64 18, i64 18446744073709551615"   --->   Operation 38 'specmemcore' 'specmemcore_ln0' <Predicate = true> <Delay = 0.00>
ST_2 : Operation 39 [1/1] (0.00ns)   --->   "%specmemcore_ln0 = specmemcore void @_ssdm_op_SpecMemCore, i32 %crcTables_1, i64 666, i64 18, i64 18446744073709551615"   --->   Operation 39 'specmemcore' 'specmemcore_ln0' <Predicate = true> <Delay = 0.00>
ST_2 : Operation 40 [1/1] (0.00ns)   --->   "%specmemcore_ln0 = specmemcore void @_ssdm_op_SpecMemCore, i32 %crcTables_0, i64 666, i64 18, i64 18446744073709551615"   --->   Operation 40 'specmemcore' 'specmemcore_ln0' <Predicate = true> <Delay = 0.00>
ST_2 : Operation 41 [1/1] (0.00ns)   --->   "%specinterface_ln0 = specinterface void @_ssdm_op_SpecInterface, i32 %outStream33, void @empty_3, i32 0, i32 0, void @empty_23, i32 0, i32 0, void @empty_23, void @empty_23, void @empty_23, i32 0, i32 0, i32 0, i32 0, void @empty_23, void @empty_23, i32 4294967295, i32 0"   --->   Operation 41 'specinterface' 'specinterface_ln0' <Predicate = true> <Delay = 0.00>
ST_2 : Operation 42 [1/1] (0.00ns)   --->   "%specinterface_ln0 = specinterface void @_ssdm_op_SpecInterface, i8 %inByte1532, void @empty_3, i32 0, i32 0, void @empty_23, i32 0, i32 0, void @empty_23, void @empty_23, void @empty_23, i32 0, i32 0, i32 0, i32 0, void @empty_23, void @empty_23, i32 4294967295, i32 0"   --->   Operation 42 'specinterface' 'specinterface_ln0' <Predicate = true> <Delay = 0.00>
ST_2 : Operation 43 [1/1] (0.00ns)   --->   "%specinterface_ln0 = specinterface void @_ssdm_op_SpecInterface, i8 %inByte1431, void @empty_3, i32 0, i32 0, void @empty_23, i32 0, i32 0, void @empty_23, void @empty_23, void @empty_23, i32 0, i32 0, i32 0, i32 0, void @empty_23, void @empty_23, i32 4294967295, i32 0"   --->   Operation 43 'specinterface' 'specinterface_ln0' <Predicate = true> <Delay = 0.00>
ST_2 : Operation 44 [1/1] (0.00ns)   --->   "%specinterface_ln0 = specinterface void @_ssdm_op_SpecInterface, i8 %inByte1330, void @empty_3, i32 0, i32 0, void @empty_23, i32 0, i32 0, void @empty_23, void @empty_23, void @empty_23, i32 0, i32 0, i32 0, i32 0, void @empty_23, void @empty_23, i32 4294967295, i32 0"   --->   Operation 44 'specinterface' 'specinterface_ln0' <Predicate = true> <Delay = 0.00>
ST_2 : Operation 45 [1/1] (0.00ns)   --->   "%specinterface_ln0 = specinterface void @_ssdm_op_SpecInterface, i8 %inByte1229, void @empty_3, i32 0, i32 0, void @empty_23, i32 0, i32 0, void @empty_23, void @empty_23, void @empty_23, i32 0, i32 0, i32 0, i32 0, void @empty_23, void @empty_23, i32 4294967295, i32 0"   --->   Operation 45 'specinterface' 'specinterface_ln0' <Predicate = true> <Delay = 0.00>
ST_2 : Operation 46 [1/1] (0.00ns)   --->   "%specinterface_ln0 = specinterface void @_ssdm_op_SpecInterface, i8 %inByte1128, void @empty_3, i32 0, i32 0, void @empty_23, i32 0, i32 0, void @empty_23, void @empty_23, void @empty_23, i32 0, i32 0, i32 0, i32 0, void @empty_23, void @empty_23, i32 4294967295, i32 0"   --->   Operation 46 'specinterface' 'specinterface_ln0' <Predicate = true> <Delay = 0.00>
ST_2 : Operation 47 [1/1] (0.00ns)   --->   "%specinterface_ln0 = specinterface void @_ssdm_op_SpecInterface, i8 %inByte1027, void @empty_3, i32 0, i32 0, void @empty_23, i32 0, i32 0, void @empty_23, void @empty_23, void @empty_23, i32 0, i32 0, i32 0, i32 0, void @empty_23, void @empty_23, i32 4294967295, i32 0"   --->   Operation 47 'specinterface' 'specinterface_ln0' <Predicate = true> <Delay = 0.00>
ST_2 : Operation 48 [1/1] (0.00ns)   --->   "%specinterface_ln0 = specinterface void @_ssdm_op_SpecInterface, i8 %inByte926, void @empty_3, i32 0, i32 0, void @empty_23, i32 0, i32 0, void @empty_23, void @empty_23, void @empty_23, i32 0, i32 0, i32 0, i32 0, void @empty_23, void @empty_23, i32 4294967295, i32 0"   --->   Operation 48 'specinterface' 'specinterface_ln0' <Predicate = true> <Delay = 0.00>
ST_2 : Operation 49 [1/1] (0.00ns)   --->   "%specinterface_ln0 = specinterface void @_ssdm_op_SpecInterface, i8 %inByte825, void @empty_3, i32 0, i32 0, void @empty_23, i32 0, i32 0, void @empty_23, void @empty_23, void @empty_23, i32 0, i32 0, i32 0, i32 0, void @empty_23, void @empty_23, i32 4294967295, i32 0"   --->   Operation 49 'specinterface' 'specinterface_ln0' <Predicate = true> <Delay = 0.00>
ST_2 : Operation 50 [1/1] (0.00ns)   --->   "%specinterface_ln0 = specinterface void @_ssdm_op_SpecInterface, i8 %inByte724, void @empty_3, i32 0, i32 0, void @empty_23, i32 0, i32 0, void @empty_23, void @empty_23, void @empty_23, i32 0, i32 0, i32 0, i32 0, void @empty_23, void @empty_23, i32 4294967295, i32 0"   --->   Operation 50 'specinterface' 'specinterface_ln0' <Predicate = true> <Delay = 0.00>
ST_2 : Operation 51 [1/1] (0.00ns)   --->   "%specinterface_ln0 = specinterface void @_ssdm_op_SpecInterface, i8 %inByte623, void @empty_3, i32 0, i32 0, void @empty_23, i32 0, i32 0, void @empty_23, void @empty_23, void @empty_23, i32 0, i32 0, i32 0, i32 0, void @empty_23, void @empty_23, i32 4294967295, i32 0"   --->   Operation 51 'specinterface' 'specinterface_ln0' <Predicate = true> <Delay = 0.00>
ST_2 : Operation 52 [1/1] (0.00ns)   --->   "%specinterface_ln0 = specinterface void @_ssdm_op_SpecInterface, i8 %inByte522, void @empty_3, i32 0, i32 0, void @empty_23, i32 0, i32 0, void @empty_23, void @empty_23, void @empty_23, i32 0, i32 0, i32 0, i32 0, void @empty_23, void @empty_23, i32 4294967295, i32 0"   --->   Operation 52 'specinterface' 'specinterface_ln0' <Predicate = true> <Delay = 0.00>
ST_2 : Operation 53 [1/1] (0.00ns)   --->   "%specinterface_ln0 = specinterface void @_ssdm_op_SpecInterface, i8 %inByte421, void @empty_3, i32 0, i32 0, void @empty_23, i32 0, i32 0, void @empty_23, void @empty_23, void @empty_23, i32 0, i32 0, i32 0, i32 0, void @empty_23, void @empty_23, i32 4294967295, i32 0"   --->   Operation 53 'specinterface' 'specinterface_ln0' <Predicate = true> <Delay = 0.00>
ST_2 : Operation 54 [1/1] (0.00ns)   --->   "%specinterface_ln0 = specinterface void @_ssdm_op_SpecInterface, i8 %inByte320, void @empty_3, i32 0, i32 0, void @empty_23, i32 0, i32 0, void @empty_23, void @empty_23, void @empty_23, i32 0, i32 0, i32 0, i32 0, void @empty_23, void @empty_23, i32 4294967295, i32 0"   --->   Operation 54 'specinterface' 'specinterface_ln0' <Predicate = true> <Delay = 0.00>
ST_2 : Operation 55 [1/1] (0.00ns)   --->   "%specinterface_ln0 = specinterface void @_ssdm_op_SpecInterface, i8 %inByte219, void @empty_3, i32 0, i32 0, void @empty_23, i32 0, i32 0, void @empty_23, void @empty_23, void @empty_23, i32 0, i32 0, i32 0, i32 0, void @empty_23, void @empty_23, i32 4294967295, i32 0"   --->   Operation 55 'specinterface' 'specinterface_ln0' <Predicate = true> <Delay = 0.00>
ST_2 : Operation 56 [1/1] (0.00ns)   --->   "%specinterface_ln0 = specinterface void @_ssdm_op_SpecInterface, i8 %inByte118, void @empty_3, i32 0, i32 0, void @empty_23, i32 0, i32 0, void @empty_23, void @empty_23, void @empty_23, i32 0, i32 0, i32 0, i32 0, void @empty_23, void @empty_23, i32 4294967295, i32 0"   --->   Operation 56 'specinterface' 'specinterface_ln0' <Predicate = true> <Delay = 0.00>
ST_2 : Operation 57 [1/1] (0.00ns)   --->   "%specinterface_ln0 = specinterface void @_ssdm_op_SpecInterface, i8 %inByte017, void @empty_3, i32 0, i32 0, void @empty_23, i32 0, i32 0, void @empty_23, void @empty_23, void @empty_23, i32 0, i32 0, i32 0, i32 0, void @empty_23, void @empty_23, i32 4294967295, i32 0"   --->   Operation 57 'specinterface' 'specinterface_ln0' <Predicate = true> <Delay = 0.00>
ST_2 : Operation 58 [1/1] (0.00ns)   --->   "%tmp = partselect i27 @_ssdm_op_PartSelect.i27.i32.i32.i32, i32 %crc_size_read, i32 5, i32 31" [/home/efrink/mled/split_cu/U280_CRC_Accelerator/src/kernel.cpp:524]   --->   Operation 58 'partselect' 'tmp' <Predicate = true> <Delay = 0.00>
ST_2 : Operation 59 [1/1] (0.80ns)   --->   "%icmp_ln524 = icmp_eq  i27 %tmp, i27 0" [/home/efrink/mled/split_cu/U280_CRC_Accelerator/src/kernel.cpp:524]   --->   Operation 59 'icmp' 'icmp_ln524' <Predicate = true> <Delay = 0.80> <CoreInst = "Cmp">   --->   Core 9 'Cmp' <Latency = 0> <II = 1> <Delay = 0.80> <FuncUnit> <Opcode : 'icmp'> <InPorts = 2> <OutPorts = 1>
ST_2 : Operation 60 [1/1] (0.00ns) (grouped into LUT with out node mask_V)   --->   "%shl_ln525 = shl i32 1, i32 %crc_size_read" [/home/efrink/mled/split_cu/U280_CRC_Accelerator/src/kernel.cpp:525]   --->   Operation 60 'shl' 'shl_ln525' <Predicate = true> <Delay = 0.00> <CoreInst = "Shifter">   --->   Core 75 'Shifter' <Latency = 0> <II = 1> <Delay = 1.05> <FuncUnit> <Opcode : 'shl' 'lshr' 'ashr'> <InPorts = 2> <OutPorts = 1>
ST_2 : Operation 61 [1/1] (1.05ns) (out node of the LUT)   --->   "%mask_V = add i32 %shl_ln525, i32 4294967295" [/home/efrink/mled/split_cu/U280_CRC_Accelerator/src/kernel.cpp:525]   --->   Operation 61 'add' 'mask_V' <Predicate = true> <Delay = 1.05> <CoreInst = "Adder">   --->   Core 1 'Adder' <Latency = 0> <II = 1> <Delay = 0.88> <FuncUnit> <Opcode : 'add' 'sub'> <InPorts = 2> <OutPorts = 1>
ST_2 : Operation 62 [1/1] (0.22ns)   --->   "%mask_V_1 = select i1 %icmp_ln524, i32 %mask_V, i32 4294967295" [/home/efrink/mled/split_cu/U280_CRC_Accelerator/src/kernel.cpp:524]   --->   Operation 62 'select' 'mask_V_1' <Predicate = true> <Delay = 0.22> <CoreInst = "Sel">   --->   Core 73 'Sel' <Latency = 0> <II = 1> <Delay = 0.22> <FuncUnit> <Opcode : 'select'> <InPorts = 3> <OutPorts = 1>
ST_2 : Operation 63 [1/1] (0.00ns)   --->   "%shl_ln = bitconcatenate i32 @_ssdm_op_BitConcatenate.i32.i28.i4, i28 %trunc_ln528, i4 0" [/home/efrink/mled/split_cu/U280_CRC_Accelerator/src/kernel.cpp:528]   --->   Operation 63 'bitconcatenate' 'shl_ln' <Predicate = true> <Delay = 0.00>
ST_2 : Operation 64 [1/1] (0.88ns)   --->   "%tail_bytes = sub i32 %chunkSize_read, i32 %shl_ln" [/home/efrink/mled/split_cu/U280_CRC_Accelerator/src/kernel.cpp:528]   --->   Operation 64 'sub' 'tail_bytes' <Predicate = true> <Delay = 0.88> <CoreInst = "Adder">   --->   Core 1 'Adder' <Latency = 0> <II = 1> <Delay = 0.88> <FuncUnit> <Opcode : 'add' 'sub'> <InPorts = 2> <OutPorts = 1>
ST_2 : Operation 65 [1/1] (0.00ns)   --->   "%trunc_ln528_1 = trunc i32 %tail_bytes" [/home/efrink/mled/split_cu/U280_CRC_Accelerator/src/kernel.cpp:528]   --->   Operation 65 'trunc' 'trunc_ln528_1' <Predicate = true> <Delay = 0.00>
ST_2 : Operation 66 [1/1] (0.85ns)   --->   "%cmp5 = icmp_sgt  i32 %tail_bytes, i32 0" [/home/efrink/mled/split_cu/U280_CRC_Accelerator/src/kernel.cpp:528]   --->   Operation 66 'icmp' 'cmp5' <Predicate = true> <Delay = 0.85> <CoreInst = "Cmp">   --->   Core 9 'Cmp' <Latency = 0> <II = 1> <Delay = 0.85> <FuncUnit> <Opcode : 'icmp'> <InPorts = 2> <OutPorts = 1>
ST_2 : Operation 67 [1/1] (0.00ns)   --->   "%br_ln531 = br void %for.body" [/home/efrink/mled/split_cu/U280_CRC_Accelerator/src/kernel.cpp:531]   --->   Operation 67 'br' 'br_ln531' <Predicate = true> <Delay = 0.00>

State 3 <SV = 2> <Delay = 0.87>
ST_3 : Operation 68 [1/1] (0.00ns)   --->   "%c_1 = load i31 %c" [/home/efrink/mled/split_cu/U280_CRC_Accelerator/src/kernel.cpp:531]   --->   Operation 68 'load' 'c_1' <Predicate = true> <Delay = 0.00>
ST_3 : Operation 69 [1/1] (0.00ns)   --->   "%zext_ln531 = zext i31 %c_1" [/home/efrink/mled/split_cu/U280_CRC_Accelerator/src/kernel.cpp:531]   --->   Operation 69 'zext' 'zext_ln531' <Predicate = true> <Delay = 0.00>
ST_3 : Operation 70 [1/1] (0.85ns)   --->   "%icmp_ln531 = icmp_slt  i32 %zext_ln531, i32 %numChunks_read" [/home/efrink/mled/split_cu/U280_CRC_Accelerator/src/kernel.cpp:531]   --->   Operation 70 'icmp' 'icmp_ln531' <Predicate = true> <Delay = 0.85> <CoreInst = "Cmp">   --->   Core 9 'Cmp' <Latency = 0> <II = 1> <Delay = 0.85> <FuncUnit> <Opcode : 'icmp'> <InPorts = 2> <OutPorts = 1>
ST_3 : Operation 71 [1/1] (0.87ns)   --->   "%c_2 = add i31 %c_1, i31 1" [/home/efrink/mled/split_cu/U280_CRC_Accelerator/src/kernel.cpp:531]   --->   Operation 71 'add' 'c_2' <Predicate = true> <Delay = 0.87> <CoreInst = "Adder">   --->   Core 1 'Adder' <Latency = 0> <II = 1> <Delay = 0.87> <FuncUnit> <Opcode : 'add' 'sub'> <InPorts = 2> <OutPorts = 1>
ST_3 : Operation 72 [1/1] (0.00ns)   --->   "%br_ln531 = br i1 %icmp_ln531, void %for.end.loopexit, void %for.body.split" [/home/efrink/mled/split_cu/U280_CRC_Accelerator/src/kernel.cpp:531]   --->   Operation 72 'br' 'br_ln531' <Predicate = true> <Delay = 0.00>
ST_3 : Operation 73 [1/1] (0.00ns)   --->   "%ret_ln556 = ret" [/home/efrink/mled/split_cu/U280_CRC_Accelerator/src/kernel.cpp:556]   --->   Operation 73 'ret' 'ret_ln556' <Predicate = (!icmp_ln531)> <Delay = 0.00>

State 4 <SV = 3> <Delay = 2.02>
ST_4 : Operation 74 [2/2] (2.02ns)   --->   "%crc_V = call i32 @crc_process_full_blocks, i32 %crcTables_0, i32 %crcTables_1, i32 %crcTables_2, i32 %crcTables_3, i32 %crcTables_4, i32 %crcTables_5, i32 %crcTables_6, i32 %crcTables_7, i32 %crcTables_8, i32 %crcTables_9, i32 %crcTables_10, i32 %crcTables_11, i32 %crcTables_12, i32 %crcTables_13, i32 %crcTables_14, i32 %crcTables_15, i8 %inByte017, i8 %inByte118, i8 %inByte219, i8 %inByte320, i8 %inByte421, i8 %inByte522, i8 %inByte623, i8 %inByte724, i8 %inByte825, i8 %inByte926, i8 %inByte1027, i8 %inByte1128, i8 %inByte1229, i8 %inByte1330, i8 %inByte1431, i8 %inByte1532, i29 %blocks_in_chunk, i32 %init_value_read, i32 %mask_V_1" [/home/efrink/mled/split_cu/U280_CRC_Accelerator/src/kernel.cpp:535]   --->   Operation 74 'call' 'crc_V' <Predicate = true> <Delay = 2.02> <CoreType = "Generic">   --->   Core 0 '' <Latency = 0> <II = 1> <Delay = 1.00> <Generic> <Opcode : >

State 5 <SV = 4> <Delay = 0.38>
ST_5 : Operation 75 [1/1] (0.00ns)   --->   "%specloopname_ln531 = specloopname void @_ssdm_op_SpecLoopName, void @empty_10" [/home/efrink/mled/split_cu/U280_CRC_Accelerator/src/kernel.cpp:531]   --->   Operation 75 'specloopname' 'specloopname_ln531' <Predicate = true> <Delay = 0.00>
ST_5 : Operation 76 [1/2] (0.38ns)   --->   "%crc_V = call i32 @crc_process_full_blocks, i32 %crcTables_0, i32 %crcTables_1, i32 %crcTables_2, i32 %crcTables_3, i32 %crcTables_4, i32 %crcTables_5, i32 %crcTables_6, i32 %crcTables_7, i32 %crcTables_8, i32 %crcTables_9, i32 %crcTables_10, i32 %crcTables_11, i32 %crcTables_12, i32 %crcTables_13, i32 %crcTables_14, i32 %crcTables_15, i8 %inByte017, i8 %inByte118, i8 %inByte219, i8 %inByte320, i8 %inByte421, i8 %inByte522, i8 %inByte623, i8 %inByte724, i8 %inByte825, i8 %inByte926, i8 %inByte1027, i8 %inByte1128, i8 %inByte1229, i8 %inByte1330, i8 %inByte1431, i8 %inByte1532, i29 %blocks_in_chunk, i32 %init_value_read, i32 %mask_V_1" [/home/efrink/mled/split_cu/U280_CRC_Accelerator/src/kernel.cpp:535]   --->   Operation 76 'call' 'crc_V' <Predicate = true> <Delay = 0.38> <CoreType = "Generic">   --->   Core 0 '' <Latency = 0> <II = 1> <Delay = 1.00> <Generic> <Opcode : >
ST_5 : Operation 77 [1/1] (0.38ns)   --->   "%br_ln543 = br i1 %cmp5, void %for.inc, void %if.then6" [/home/efrink/mled/split_cu/U280_CRC_Accelerator/src/kernel.cpp:543]   --->   Operation 77 'br' 'br_ln543' <Predicate = true> <Delay = 0.38>

State 6 <SV = 5> <Delay = 1.23>
ST_6 : Operation 78 [2/2] (1.23ns)   --->   "%crc_V_1 = call i32 @crc_process_tail_bytes, i32 %crcTables_0, i8 %inByte017, i8 %inByte118, i8 %inByte219, i8 %inByte320, i8 %inByte421, i8 %inByte522, i8 %inByte623, i8 %inByte724, i8 %inByte825, i8 %inByte926, i8 %inByte1027, i8 %inByte1128, i8 %inByte1229, i8 %inByte1330, i8 %inByte1431, i8 %inByte1532, i31 %trunc_ln528_1, i32 %crc_V, i32 %mask_V_1" [/home/efrink/mled/split_cu/U280_CRC_Accelerator/src/kernel.cpp:545]   --->   Operation 78 'call' 'crc_V_1' <Predicate = true> <Delay = 1.23> <CoreType = "Generic">   --->   Core 0 '' <Latency = 0> <II = 1> <Delay = 1.00> <Generic> <Opcode : >

State 7 <SV = 6> <Delay = 1.60>
ST_7 : Operation 79 [1/2] (0.00ns)   --->   "%crc_V_1 = call i32 @crc_process_tail_bytes, i32 %crcTables_0, i8 %inByte017, i8 %inByte118, i8 %inByte219, i8 %inByte320, i8 %inByte421, i8 %inByte522, i8 %inByte623, i8 %inByte724, i8 %inByte825, i8 %inByte926, i8 %inByte1027, i8 %inByte1128, i8 %inByte1229, i8 %inByte1330, i8 %inByte1431, i8 %inByte1532, i31 %trunc_ln528_1, i32 %crc_V, i32 %mask_V_1" [/home/efrink/mled/split_cu/U280_CRC_Accelerator/src/kernel.cpp:545]   --->   Operation 79 'call' 'crc_V_1' <Predicate = (cmp5)> <Delay = 0.00> <CoreType = "Generic">   --->   Core 0 '' <Latency = 0> <II = 1> <Delay = 1.00> <Generic> <Opcode : >
ST_7 : Operation 80 [1/1] (0.38ns)   --->   "%br_ln552 = br void %for.inc" [/home/efrink/mled/split_cu/U280_CRC_Accelerator/src/kernel.cpp:552]   --->   Operation 80 'br' 'br_ln552' <Predicate = (cmp5)> <Delay = 0.38>
ST_7 : Operation 81 [1/1] (0.00ns)   --->   "%crc_V_2 = phi i32 %crc_V_1, void %if.then6, i32 %crc_V, void %for.body.split"   --->   Operation 81 'phi' 'crc_V_2' <Predicate = true> <Delay = 0.00>
ST_7 : Operation 82 [1/1] (1.21ns)   --->   "%write_ln174 = write void @_ssdm_op_Write.ap_fifo.volatile.i32P0A, i32 %outStream33, i32 %crc_V_2" [/packages/apps/fpga/Vitis_HLS/2022.1/common/technology/autopilot/hls_stream_39.h:174]   --->   Operation 82 'write' 'write_ln174' <Predicate = true> <Delay = 1.21> <CoreInst = "FIFO">   --->   Core 78 'FIFO' <Latency = 0> <II = 1> <Delay = 1.31> <Storage> <Opcode : 'read' 'write' 'nbread' 'nbwrite'> <Ports = 0> <Width = 32> <Depth = 64> <FIFO>
ST_7 : Operation 83 [1/1] (0.38ns)   --->   "%store_ln531 = store i31 %c_2, i31 %c" [/home/efrink/mled/split_cu/U280_CRC_Accelerator/src/kernel.cpp:531]   --->   Operation 83 'store' 'store_ln531' <Predicate = true> <Delay = 0.38>
ST_7 : Operation 84 [1/1] (0.00ns)   --->   "%br_ln531 = br void %for.body" [/home/efrink/mled/split_cu/U280_CRC_Accelerator/src/kernel.cpp:531]   --->   Operation 84 'br' 'br_ln531' <Predicate = true> <Delay = 0.00>


============================================================
+ Verbose Summary: Binding
============================================================
STG Binding: 
---------------- STG Properties BEGIN ----------------
- Is combinational: 0
- Is one-state seq: 0
- Is datapath-only: 0
- Is pipelined: 0
- Is top level: 0
Port [ Return ] is wired: 1; IO mode=ap_ctrl_hs:ce=0
Port [ crcTables_0]:  wired=1; compound=1; hidden=0; nouse=0; global=0; static=0; extern=0; dir=0; type=1; pingpong=0; private_global=0; MemPort=[1]; IO mode=ap_memory:ce=0
Port [ crcTables_1]:  wired=1; compound=1; hidden=0; nouse=0; global=0; static=0; extern=0; dir=0; type=1; pingpong=0; private_global=0; MemPort=[1]; IO mode=ap_memory:ce=0
Port [ crcTables_2]:  wired=1; compound=1; hidden=0; nouse=0; global=0; static=0; extern=0; dir=0; type=1; pingpong=0; private_global=0; MemPort=[1]; IO mode=ap_memory:ce=0
Port [ crcTables_3]:  wired=1; compound=1; hidden=0; nouse=0; global=0; static=0; extern=0; dir=0; type=1; pingpong=0; private_global=0; MemPort=[1]; IO mode=ap_memory:ce=0
Port [ crcTables_4]:  wired=1; compound=1; hidden=0; nouse=0; global=0; static=0; extern=0; dir=0; type=1; pingpong=0; private_global=0; MemPort=[1]; IO mode=ap_memory:ce=0
Port [ crcTables_5]:  wired=1; compound=1; hidden=0; nouse=0; global=0; static=0; extern=0; dir=0; type=1; pingpong=0; private_global=0; MemPort=[1]; IO mode=ap_memory:ce=0
Port [ crcTables_6]:  wired=1; compound=1; hidden=0; nouse=0; global=0; static=0; extern=0; dir=0; type=1; pingpong=0; private_global=0; MemPort=[1]; IO mode=ap_memory:ce=0
Port [ crcTables_7]:  wired=1; compound=1; hidden=0; nouse=0; global=0; static=0; extern=0; dir=0; type=1; pingpong=0; private_global=0; MemPort=[1]; IO mode=ap_memory:ce=0
Port [ crcTables_8]:  wired=1; compound=1; hidden=0; nouse=0; global=0; static=0; extern=0; dir=0; type=1; pingpong=0; private_global=0; MemPort=[1]; IO mode=ap_memory:ce=0
Port [ crcTables_9]:  wired=1; compound=1; hidden=0; nouse=0; global=0; static=0; extern=0; dir=0; type=1; pingpong=0; private_global=0; MemPort=[1]; IO mode=ap_memory:ce=0
Port [ crcTables_10]:  wired=1; compound=1; hidden=0; nouse=0; global=0; static=0; extern=0; dir=0; type=1; pingpong=0; private_global=0; MemPort=[1]; IO mode=ap_memory:ce=0
Port [ crcTables_11]:  wired=1; compound=1; hidden=0; nouse=0; global=0; static=0; extern=0; dir=0; type=1; pingpong=0; private_global=0; MemPort=[1]; IO mode=ap_memory:ce=0
Port [ crcTables_12]:  wired=1; compound=1; hidden=0; nouse=0; global=0; static=0; extern=0; dir=0; type=1; pingpong=0; private_global=0; MemPort=[1]; IO mode=ap_memory:ce=0
Port [ crcTables_13]:  wired=1; compound=1; hidden=0; nouse=0; global=0; static=0; extern=0; dir=0; type=1; pingpong=0; private_global=0; MemPort=[1]; IO mode=ap_memory:ce=0
Port [ crcTables_14]:  wired=1; compound=1; hidden=0; nouse=0; global=0; static=0; extern=0; dir=0; type=1; pingpong=0; private_global=0; MemPort=[1]; IO mode=ap_memory:ce=0
Port [ crcTables_15]:  wired=1; compound=1; hidden=0; nouse=0; global=0; static=0; extern=0; dir=0; type=1; pingpong=0; private_global=0; MemPort=[1]; IO mode=ap_memory:ce=0
Port [ inByte017]:  wired=1; compound=1; hidden=0; nouse=0; global=0; static=0; extern=0; dir=0; type=3; pingpong=0; private_global=0; IO mode=ap_fifo:ce=0
Port [ inByte118]:  wired=1; compound=1; hidden=0; nouse=0; global=0; static=0; extern=0; dir=0; type=3; pingpong=0; private_global=0; IO mode=ap_fifo:ce=0
Port [ inByte219]:  wired=1; compound=1; hidden=0; nouse=0; global=0; static=0; extern=0; dir=0; type=3; pingpong=0; private_global=0; IO mode=ap_fifo:ce=0
Port [ inByte320]:  wired=1; compound=1; hidden=0; nouse=0; global=0; static=0; extern=0; dir=0; type=3; pingpong=0; private_global=0; IO mode=ap_fifo:ce=0
Port [ inByte421]:  wired=1; compound=1; hidden=0; nouse=0; global=0; static=0; extern=0; dir=0; type=3; pingpong=0; private_global=0; IO mode=ap_fifo:ce=0
Port [ inByte522]:  wired=1; compound=1; hidden=0; nouse=0; global=0; static=0; extern=0; dir=0; type=3; pingpong=0; private_global=0; IO mode=ap_fifo:ce=0
Port [ inByte623]:  wired=1; compound=1; hidden=0; nouse=0; global=0; static=0; extern=0; dir=0; type=3; pingpong=0; private_global=0; IO mode=ap_fifo:ce=0
Port [ inByte724]:  wired=1; compound=1; hidden=0; nouse=0; global=0; static=0; extern=0; dir=0; type=3; pingpong=0; private_global=0; IO mode=ap_fifo:ce=0
Port [ inByte825]:  wired=1; compound=1; hidden=0; nouse=0; global=0; static=0; extern=0; dir=0; type=3; pingpong=0; private_global=0; IO mode=ap_fifo:ce=0
Port [ inByte926]:  wired=1; compound=1; hidden=0; nouse=0; global=0; static=0; extern=0; dir=0; type=3; pingpong=0; private_global=0; IO mode=ap_fifo:ce=0
Port [ inByte1027]:  wired=1; compound=1; hidden=0; nouse=0; global=0; static=0; extern=0; dir=0; type=3; pingpong=0; private_global=0; IO mode=ap_fifo:ce=0
Port [ inByte1128]:  wired=1; compound=1; hidden=0; nouse=0; global=0; static=0; extern=0; dir=0; type=3; pingpong=0; private_global=0; IO mode=ap_fifo:ce=0
Port [ inByte1229]:  wired=1; compound=1; hidden=0; nouse=0; global=0; static=0; extern=0; dir=0; type=3; pingpong=0; private_global=0; IO mode=ap_fifo:ce=0
Port [ inByte1330]:  wired=1; compound=1; hidden=0; nouse=0; global=0; static=0; extern=0; dir=0; type=3; pingpong=0; private_global=0; IO mode=ap_fifo:ce=0
Port [ inByte1431]:  wired=1; compound=1; hidden=0; nouse=0; global=0; static=0; extern=0; dir=0; type=3; pingpong=0; private_global=0; IO mode=ap_fifo:ce=0
Port [ inByte1532]:  wired=1; compound=1; hidden=0; nouse=0; global=0; static=0; extern=0; dir=0; type=3; pingpong=0; private_global=0; IO mode=ap_fifo:ce=0
Port [ crc_size]:  wired=1; compound=0; hidden=0; nouse=0; global=0; static=0; extern=0; dir=0; type=0; pingpong=0; private_global=0; IO mode=ap_none:ce=0
Port [ init_value]:  wired=1; compound=0; hidden=0; nouse=0; global=0; static=0; extern=0; dir=0; type=0; pingpong=0; private_global=0; IO mode=ap_none:ce=0
Port [ outStream33]:  wired=1; compound=1; hidden=0; nouse=0; global=0; static=0; extern=0; dir=1; type=3; pingpong=0; private_global=0; IO mode=ap_fifo:ce=0
Port [ numChunks]:  wired=1; compound=0; hidden=0; nouse=0; global=0; static=0; extern=0; dir=0; type=0; pingpong=0; private_global=0; IO mode=ap_none:ce=0
Port [ chunkSize]:  wired=1; compound=0; hidden=0; nouse=0; global=0; static=0; extern=0; dir=0; type=0; pingpong=0; private_global=0; IO mode=ap_none:ce=0
Port [ numChunks_c]:  wired=1; compound=1; hidden=0; nouse=0; global=0; static=0; extern=0; dir=1; type=3; pingpong=0; private_global=0; IO mode=ap_fifo:ce=0
---------------- STG Properties END ------------------

---------------- Datapath Model BEGIN ----------------

<LifeTime>
<method=bitvector/>
c                  (alloca        ) [ 01111111]
chunkSize_read     (read          ) [ 00100000]
numChunks_read     (read          ) [ 00111111]
write_ln0          (write         ) [ 00000000]
tmp_2              (bitselect     ) [ 00000000]
sub_ln527          (sub           ) [ 00000000]
trunc_ln527_1      (partselect    ) [ 00000000]
zext_ln527         (zext          ) [ 00000000]
sub_ln527_1        (sub           ) [ 00000000]
trunc_ln527_2      (partselect    ) [ 00000000]
zext_ln527_1       (zext          ) [ 00000000]
blocks_in_chunk    (select        ) [ 00111111]
trunc_ln528        (trunc         ) [ 00100000]
store_ln531        (store         ) [ 00000000]
specinterface_ln0  (specinterface ) [ 00000000]
init_value_read    (read          ) [ 00011111]
crc_size_read      (read          ) [ 00000000]
specmemcore_ln0    (specmemcore   ) [ 00000000]
specmemcore_ln0    (specmemcore   ) [ 00000000]
specmemcore_ln0    (specmemcore   ) [ 00000000]
specmemcore_ln0    (specmemcore   ) [ 00000000]
specmemcore_ln0    (specmemcore   ) [ 00000000]
specmemcore_ln0    (specmemcore   ) [ 00000000]
specmemcore_ln0    (specmemcore   ) [ 00000000]
specmemcore_ln0    (specmemcore   ) [ 00000000]
specmemcore_ln0    (specmemcore   ) [ 00000000]
specmemcore_ln0    (specmemcore   ) [ 00000000]
specmemcore_ln0    (specmemcore   ) [ 00000000]
specmemcore_ln0    (specmemcore   ) [ 00000000]
specmemcore_ln0    (specmemcore   ) [ 00000000]
specmemcore_ln0    (specmemcore   ) [ 00000000]
specmemcore_ln0    (specmemcore   ) [ 00000000]
specmemcore_ln0    (specmemcore   ) [ 00000000]
specinterface_ln0  (specinterface ) [ 00000000]
specinterface_ln0  (specinterface ) [ 00000000]
specinterface_ln0  (specinterface ) [ 00000000]
specinterface_ln0  (specinterface ) [ 00000000]
specinterface_ln0  (specinterface ) [ 00000000]
specinterface_ln0  (specinterface ) [ 00000000]
specinterface_ln0  (specinterface ) [ 00000000]
specinterface_ln0  (specinterface ) [ 00000000]
specinterface_ln0  (specinterface ) [ 00000000]
specinterface_ln0  (specinterface ) [ 00000000]
specinterface_ln0  (specinterface ) [ 00000000]
specinterface_ln0  (specinterface ) [ 00000000]
specinterface_ln0  (specinterface ) [ 00000000]
specinterface_ln0  (specinterface ) [ 00000000]
specinterface_ln0  (specinterface ) [ 00000000]
specinterface_ln0  (specinterface ) [ 00000000]
specinterface_ln0  (specinterface ) [ 00000000]
tmp                (partselect    ) [ 00000000]
icmp_ln524         (icmp          ) [ 00000000]
shl_ln525          (shl           ) [ 00000000]
mask_V             (add           ) [ 00000000]
mask_V_1           (select        ) [ 00011111]
shl_ln             (bitconcatenate) [ 00000000]
tail_bytes         (sub           ) [ 00000000]
trunc_ln528_1      (trunc         ) [ 00011111]
cmp5               (icmp          ) [ 00011111]
br_ln531           (br            ) [ 00000000]
c_1                (load          ) [ 00000000]
zext_ln531         (zext          ) [ 00000000]
icmp_ln531         (icmp          ) [ 00011111]
c_2                (add           ) [ 00001111]
br_ln531           (br            ) [ 00000000]
ret_ln556          (ret           ) [ 00000000]
specloopname_ln531 (specloopname  ) [ 00000000]
crc_V              (call          ) [ 00011111]
br_ln543           (br            ) [ 00011111]
crc_V_1            (call          ) [ 00000000]
br_ln552           (br            ) [ 00000000]
crc_V_2            (phi           ) [ 00000001]
write_ln174        (write         ) [ 00000000]
store_ln531        (store         ) [ 00000000]
br_ln531           (br            ) [ 00000000]
</LifeTime>

<model>

<comp_list>
<comp id="0" class="1000" name="crcTables_0">
<pin_list>
<pin id="1" dir="1" index="0" bw="1" slack="0"/>
</pin_list>
<bind>
<StgValue><ssdm name="crcTables_0"/><MemPortTyVec>1 </MemPortTyVec>
</StgValue>
</bind>
</comp>

<comp id="2" class="1000" name="crcTables_1">
<pin_list>
<pin id="3" dir="1" index="0" bw="1" slack="0"/>
</pin_list>
<bind>
<StgValue><ssdm name="crcTables_1"/><MemPortTyVec>1 </MemPortTyVec>
</StgValue>
</bind>
</comp>

<comp id="4" class="1000" name="crcTables_2">
<pin_list>
<pin id="5" dir="1" index="0" bw="1" slack="0"/>
</pin_list>
<bind>
<StgValue><ssdm name="crcTables_2"/><MemPortTyVec>1 </MemPortTyVec>
</StgValue>
</bind>
</comp>

<comp id="6" class="1000" name="crcTables_3">
<pin_list>
<pin id="7" dir="1" index="0" bw="1" slack="0"/>
</pin_list>
<bind>
<StgValue><ssdm name="crcTables_3"/><MemPortTyVec>1 </MemPortTyVec>
</StgValue>
</bind>
</comp>

<comp id="8" class="1000" name="crcTables_4">
<pin_list>
<pin id="9" dir="1" index="0" bw="1" slack="0"/>
</pin_list>
<bind>
<StgValue><ssdm name="crcTables_4"/><MemPortTyVec>1 </MemPortTyVec>
</StgValue>
</bind>
</comp>

<comp id="10" class="1000" name="crcTables_5">
<pin_list>
<pin id="11" dir="1" index="0" bw="1" slack="0"/>
</pin_list>
<bind>
<StgValue><ssdm name="crcTables_5"/><MemPortTyVec>1 </MemPortTyVec>
</StgValue>
</bind>
</comp>

<comp id="12" class="1000" name="crcTables_6">
<pin_list>
<pin id="13" dir="1" index="0" bw="1" slack="0"/>
</pin_list>
<bind>
<StgValue><ssdm name="crcTables_6"/><MemPortTyVec>1 </MemPortTyVec>
</StgValue>
</bind>
</comp>

<comp id="14" class="1000" name="crcTables_7">
<pin_list>
<pin id="15" dir="1" index="0" bw="1" slack="0"/>
</pin_list>
<bind>
<StgValue><ssdm name="crcTables_7"/><MemPortTyVec>1 </MemPortTyVec>
</StgValue>
</bind>
</comp>

<comp id="16" class="1000" name="crcTables_8">
<pin_list>
<pin id="17" dir="1" index="0" bw="1" slack="0"/>
</pin_list>
<bind>
<StgValue><ssdm name="crcTables_8"/><MemPortTyVec>1 </MemPortTyVec>
</StgValue>
</bind>
</comp>

<comp id="18" class="1000" name="crcTables_9">
<pin_list>
<pin id="19" dir="1" index="0" bw="1" slack="0"/>
</pin_list>
<bind>
<StgValue><ssdm name="crcTables_9"/><MemPortTyVec>1 </MemPortTyVec>
</StgValue>
</bind>
</comp>

<comp id="20" class="1000" name="crcTables_10">
<pin_list>
<pin id="21" dir="1" index="0" bw="1" slack="0"/>
</pin_list>
<bind>
<StgValue><ssdm name="crcTables_10"/><MemPortTyVec>1 </MemPortTyVec>
</StgValue>
</bind>
</comp>

<comp id="22" class="1000" name="crcTables_11">
<pin_list>
<pin id="23" dir="1" index="0" bw="1" slack="0"/>
</pin_list>
<bind>
<StgValue><ssdm name="crcTables_11"/><MemPortTyVec>1 </MemPortTyVec>
</StgValue>
</bind>
</comp>

<comp id="24" class="1000" name="crcTables_12">
<pin_list>
<pin id="25" dir="1" index="0" bw="1" slack="0"/>
</pin_list>
<bind>
<StgValue><ssdm name="crcTables_12"/><MemPortTyVec>1 </MemPortTyVec>
</StgValue>
</bind>
</comp>

<comp id="26" class="1000" name="crcTables_13">
<pin_list>
<pin id="27" dir="1" index="0" bw="1" slack="0"/>
</pin_list>
<bind>
<StgValue><ssdm name="crcTables_13"/><MemPortTyVec>1 </MemPortTyVec>
</StgValue>
</bind>
</comp>

<comp id="28" class="1000" name="crcTables_14">
<pin_list>
<pin id="29" dir="1" index="0" bw="1" slack="0"/>
</pin_list>
<bind>
<StgValue><ssdm name="crcTables_14"/><MemPortTyVec>1 </MemPortTyVec>
</StgValue>
</bind>
</comp>

<comp id="30" class="1000" name="crcTables_15">
<pin_list>
<pin id="31" dir="1" index="0" bw="1" slack="0"/>
</pin_list>
<bind>
<StgValue><ssdm name="crcTables_15"/><MemPortTyVec>1 </MemPortTyVec>
</StgValue>
</bind>
</comp>

<comp id="32" class="1000" name="inByte017">
<pin_list>
<pin id="33" dir="1" index="0" bw="1" slack="0"/>
</pin_list>
<bind>
<StgValue><ssdm name="inByte017"/></StgValue>
</bind>
</comp>

<comp id="34" class="1000" name="inByte118">
<pin_list>
<pin id="35" dir="1" index="0" bw="1" slack="0"/>
</pin_list>
<bind>
<StgValue><ssdm name="inByte118"/></StgValue>
</bind>
</comp>

<comp id="36" class="1000" name="inByte219">
<pin_list>
<pin id="37" dir="1" index="0" bw="1" slack="0"/>
</pin_list>
<bind>
<StgValue><ssdm name="inByte219"/></StgValue>
</bind>
</comp>

<comp id="38" class="1000" name="inByte320">
<pin_list>
<pin id="39" dir="1" index="0" bw="1" slack="0"/>
</pin_list>
<bind>
<StgValue><ssdm name="inByte320"/></StgValue>
</bind>
</comp>

<comp id="40" class="1000" name="inByte421">
<pin_list>
<pin id="41" dir="1" index="0" bw="1" slack="0"/>
</pin_list>
<bind>
<StgValue><ssdm name="inByte421"/></StgValue>
</bind>
</comp>

<comp id="42" class="1000" name="inByte522">
<pin_list>
<pin id="43" dir="1" index="0" bw="1" slack="0"/>
</pin_list>
<bind>
<StgValue><ssdm name="inByte522"/></StgValue>
</bind>
</comp>

<comp id="44" class="1000" name="inByte623">
<pin_list>
<pin id="45" dir="1" index="0" bw="1" slack="0"/>
</pin_list>
<bind>
<StgValue><ssdm name="inByte623"/></StgValue>
</bind>
</comp>

<comp id="46" class="1000" name="inByte724">
<pin_list>
<pin id="47" dir="1" index="0" bw="1" slack="0"/>
</pin_list>
<bind>
<StgValue><ssdm name="inByte724"/></StgValue>
</bind>
</comp>

<comp id="48" class="1000" name="inByte825">
<pin_list>
<pin id="49" dir="1" index="0" bw="1" slack="0"/>
</pin_list>
<bind>
<StgValue><ssdm name="inByte825"/></StgValue>
</bind>
</comp>

<comp id="50" class="1000" name="inByte926">
<pin_list>
<pin id="51" dir="1" index="0" bw="1" slack="0"/>
</pin_list>
<bind>
<StgValue><ssdm name="inByte926"/></StgValue>
</bind>
</comp>

<comp id="52" class="1000" name="inByte1027">
<pin_list>
<pin id="53" dir="1" index="0" bw="1" slack="0"/>
</pin_list>
<bind>
<StgValue><ssdm name="inByte1027"/></StgValue>
</bind>
</comp>

<comp id="54" class="1000" name="inByte1128">
<pin_list>
<pin id="55" dir="1" index="0" bw="1" slack="0"/>
</pin_list>
<bind>
<StgValue><ssdm name="inByte1128"/></StgValue>
</bind>
</comp>

<comp id="56" class="1000" name="inByte1229">
<pin_list>
<pin id="57" dir="1" index="0" bw="1" slack="0"/>
</pin_list>
<bind>
<StgValue><ssdm name="inByte1229"/></StgValue>
</bind>
</comp>

<comp id="58" class="1000" name="inByte1330">
<pin_list>
<pin id="59" dir="1" index="0" bw="1" slack="0"/>
</pin_list>
<bind>
<StgValue><ssdm name="inByte1330"/></StgValue>
</bind>
</comp>

<comp id="60" class="1000" name="inByte1431">
<pin_list>
<pin id="61" dir="1" index="0" bw="1" slack="0"/>
</pin_list>
<bind>
<StgValue><ssdm name="inByte1431"/></StgValue>
</bind>
</comp>

<comp id="62" class="1000" name="inByte1532">
<pin_list>
<pin id="63" dir="1" index="0" bw="1" slack="0"/>
</pin_list>
<bind>
<StgValue><ssdm name="inByte1532"/></StgValue>
</bind>
</comp>

<comp id="64" class="1000" name="crc_size">
<pin_list>
<pin id="65" dir="1" index="0" bw="1" slack="0"/>
</pin_list>
<bind>
<StgValue><ssdm name="crc_size"/></StgValue>
</bind>
</comp>

<comp id="66" class="1000" name="init_value">
<pin_list>
<pin id="67" dir="1" index="0" bw="1" slack="0"/>
</pin_list>
<bind>
<StgValue><ssdm name="init_value"/></StgValue>
</bind>
</comp>

<comp id="68" class="1000" name="outStream33">
<pin_list>
<pin id="69" dir="1" index="0" bw="1" slack="0"/>
</pin_list>
<bind>
<StgValue><ssdm name="outStream33"/></StgValue>
</bind>
</comp>

<comp id="70" class="1000" name="numChunks">
<pin_list>
<pin id="71" dir="1" index="0" bw="1" slack="0"/>
</pin_list>
<bind>
<StgValue><ssdm name="numChunks"/></StgValue>
</bind>
</comp>

<comp id="72" class="1000" name="chunkSize">
<pin_list>
<pin id="73" dir="1" index="0" bw="1" slack="0"/>
</pin_list>
<bind>
<StgValue><ssdm name="chunkSize"/></StgValue>
</bind>
</comp>

<comp id="74" class="1000" name="numChunks_c">
<pin_list>
<pin id="75" dir="1" index="0" bw="1" slack="0"/>
</pin_list>
<bind>
<StgValue><ssdm name="numChunks_c"/></StgValue>
</bind>
</comp>

<comp id="76" class="1001" name="const_76">
<pin_list>
<pin id="77" dir="1" index="0" bw="1" slack="0"/>
</pin_list>
<bind>
<StgValue><ssdm name=""/></StgValue>
</bind>
</comp>

<comp id="78" class="1001" name="const_78">
<pin_list>
<pin id="79" dir="1" index="0" bw="1" slack="0"/>
</pin_list>
<bind>
<StgValue><ssdm name="_ssdm_op_Read.ap_auto.i32"/></StgValue>
</bind>
</comp>

<comp id="80" class="1001" name="const_80">
<pin_list>
<pin id="81" dir="1" index="0" bw="1" slack="0"/>
</pin_list>
<bind>
<StgValue><ssdm name="_ssdm_op_Write.ap_fifo.i32P0A"/></StgValue>
</bind>
</comp>

<comp id="82" class="1001" name="const_82">
<pin_list>
<pin id="83" dir="1" index="0" bw="1" slack="0"/>
</pin_list>
<bind>
<StgValue><ssdm name="_ssdm_op_BitSelect.i1.i32.i32"/></StgValue>
</bind>
</comp>

<comp id="84" class="1001" name="const_84">
<pin_list>
<pin id="85" dir="1" index="0" bw="1" slack="0"/>
</pin_list>
<bind>
<StgValue><ssdm name=""/></StgValue>
</bind>
</comp>

<comp id="86" class="1001" name="const_86">
<pin_list>
<pin id="87" dir="1" index="0" bw="1" slack="0"/>
</pin_list>
<bind>
<StgValue><ssdm name=""/></StgValue>
</bind>
</comp>

<comp id="88" class="1001" name="const_88">
<pin_list>
<pin id="89" dir="1" index="0" bw="1" slack="0"/>
</pin_list>
<bind>
<StgValue><ssdm name="_ssdm_op_PartSelect.i28.i32.i32.i32"/></StgValue>
</bind>
</comp>

<comp id="90" class="1001" name="const_90">
<pin_list>
<pin id="91" dir="1" index="0" bw="1" slack="0"/>
</pin_list>
<bind>
<StgValue><ssdm name=""/></StgValue>
</bind>
</comp>

<comp id="92" class="1001" name="const_92">
<pin_list>
<pin id="93" dir="1" index="0" bw="1" slack="0"/>
</pin_list>
<bind>
<StgValue><ssdm name=""/></StgValue>
</bind>
</comp>

<comp id="94" class="1001" name="const_94">
<pin_list>
<pin id="95" dir="1" index="0" bw="1" slack="0"/>
</pin_list>
<bind>
<StgValue><ssdm name=""/></StgValue>
</bind>
</comp>

<comp id="96" class="1001" name="const_96">
<pin_list>
<pin id="97" dir="1" index="0" bw="1" slack="2147483647"/>
</pin_list>
<bind>
<StgValue><ssdm name="_ssdm_op_SpecInterface"/></StgValue>
</bind>
</comp>

<comp id="98" class="1001" name="const_98">
<pin_list>
<pin id="99" dir="1" index="0" bw="1" slack="2147483647"/>
</pin_list>
<bind>
<StgValue><ssdm name="ap_fifo_str"/></StgValue>
</bind>
</comp>

<comp id="100" class="1001" name="const_100">
<pin_list>
<pin id="101" dir="1" index="0" bw="1" slack="2147483647"/>
</pin_list>
<bind>
<StgValue><ssdm name="p_str"/></StgValue>
</bind>
</comp>

<comp id="102" class="1001" name="const_102">
<pin_list>
<pin id="103" dir="1" index="0" bw="1" slack="2147483647"/>
</pin_list>
<bind>
<StgValue><ssdm name=""/></StgValue>
</bind>
</comp>

<comp id="104" class="1001" name="const_104">
<pin_list>
<pin id="105" dir="1" index="0" bw="1" slack="2147483647"/>
</pin_list>
<bind>
<StgValue><ssdm name=""/></StgValue>
</bind>
</comp>

<comp id="106" class="1001" name="const_106">
<pin_list>
<pin id="107" dir="1" index="0" bw="1" slack="2147483647"/>
</pin_list>
<bind>
<StgValue><ssdm name="ScalarProp_str"/></StgValue>
</bind>
</comp>

<comp id="108" class="1001" name="const_108">
<pin_list>
<pin id="109" dir="1" index="0" bw="1" slack="0"/>
</pin_list>
<bind>
<StgValue><ssdm name=""/></StgValue>
</bind>
</comp>

<comp id="110" class="1001" name="const_110">
<pin_list>
<pin id="111" dir="1" index="0" bw="1" slack="2147483647"/>
</pin_list>
<bind>
<StgValue><ssdm name="_ssdm_op_SpecMemCore"/></StgValue>
</bind>
</comp>

<comp id="112" class="1001" name="const_112">
<pin_list>
<pin id="113" dir="1" index="0" bw="1" slack="2147483647"/>
</pin_list>
<bind>
<StgValue><ssdm name=""/></StgValue>
</bind>
</comp>

<comp id="114" class="1001" name="const_114">
<pin_list>
<pin id="115" dir="1" index="0" bw="1" slack="2147483647"/>
</pin_list>
<bind>
<StgValue><ssdm name=""/></StgValue>
</bind>
</comp>

<comp id="116" class="1001" name="const_116">
<pin_list>
<pin id="117" dir="1" index="0" bw="1" slack="2147483647"/>
</pin_list>
<bind>
<StgValue><ssdm name=""/></StgValue>
</bind>
</comp>

<comp id="118" class="1001" name="const_118">
<pin_list>
<pin id="119" dir="1" index="0" bw="1" slack="2147483647"/>
</pin_list>
<bind>
<StgValue><ssdm name="empty_3"/></StgValue>
</bind>
</comp>

<comp id="120" class="1001" name="const_120">
<pin_list>
<pin id="121" dir="1" index="0" bw="1" slack="2147483647"/>
</pin_list>
<bind>
<StgValue><ssdm name="empty_23"/></StgValue>
</bind>
</comp>

<comp id="122" class="1001" name="const_122">
<pin_list>
<pin id="123" dir="1" index="0" bw="1" slack="0"/>
</pin_list>
<bind>
<StgValue><ssdm name="_ssdm_op_PartSelect.i27.i32.i32.i32"/></StgValue>
</bind>
</comp>

<comp id="124" class="1001" name="const_124">
<pin_list>
<pin id="125" dir="1" index="0" bw="1" slack="0"/>
</pin_list>
<bind>
<StgValue><ssdm name=""/></StgValue>
</bind>
</comp>

<comp id="126" class="1001" name="const_126">
<pin_list>
<pin id="127" dir="1" index="0" bw="1" slack="0"/>
</pin_list>
<bind>
<StgValue><ssdm name=""/></StgValue>
</bind>
</comp>

<comp id="128" class="1001" name="const_128">
<pin_list>
<pin id="129" dir="1" index="0" bw="1" slack="0"/>
</pin_list>
<bind>
<StgValue><ssdm name="_ssdm_op_BitConcatenate.i32.i28.i4"/></StgValue>
</bind>
</comp>

<comp id="130" class="1001" name="const_130">
<pin_list>
<pin id="131" dir="1" index="0" bw="1" slack="0"/>
</pin_list>
<bind>
<StgValue><ssdm name=""/></StgValue>
</bind>
</comp>

<comp id="132" class="1001" name="const_132">
<pin_list>
<pin id="133" dir="1" index="0" bw="1" slack="0"/>
</pin_list>
<bind>
<StgValue><ssdm name=""/></StgValue>
</bind>
</comp>

<comp id="134" class="1001" name="const_134">
<pin_list>
<pin id="135" dir="1" index="0" bw="1" slack="0"/>
</pin_list>
<bind>
<StgValue><ssdm name="crc_process_full_blocks"/></StgValue>
</bind>
</comp>

<comp id="136" class="1001" name="const_136">
<pin_list>
<pin id="137" dir="1" index="0" bw="1" slack="2147483647"/>
</pin_list>
<bind>
<StgValue><ssdm name="_ssdm_op_SpecLoopName"/></StgValue>
</bind>
</comp>

<comp id="138" class="1001" name="const_138">
<pin_list>
<pin id="139" dir="1" index="0" bw="1" slack="2147483647"/>
</pin_list>
<bind>
<StgValue><ssdm name="empty_10"/></StgValue>
</bind>
</comp>

<comp id="140" class="1001" name="const_140">
<pin_list>
<pin id="141" dir="1" index="0" bw="1" slack="0"/>
</pin_list>
<bind>
<StgValue><ssdm name="crc_process_tail_bytes"/></StgValue>
</bind>
</comp>

<comp id="142" class="1001" name="const_142">
<pin_list>
<pin id="143" dir="1" index="0" bw="1" slack="0"/>
</pin_list>
<bind>
<StgValue><ssdm name="_ssdm_op_Write.ap_fifo.volatile.i32P0A"/></StgValue>
</bind>
</comp>

<comp id="144" class="1004" name="c_fu_144">
<pin_list>
<pin id="145" dir="0" index="0" bw="1" slack="0"/>
<pin id="146" dir="1" index="1" bw="31" slack="0"/>
</pin_list>
<bind>
<opcode="alloca(26) " fcode="alloca"/>
<opset="c/1 "/>
</bind>
</comp>

<comp id="148" class="1004" name="chunkSize_read_read_fu_148">
<pin_list>
<pin id="149" dir="0" index="0" bw="32" slack="0"/>
<pin id="150" dir="0" index="1" bw="32" slack="0"/>
<pin id="151" dir="1" index="2" bw="32" slack="0"/>
</pin_list>
<bind>
<opcode="read(1150) " fcode="read"/>
<opset="chunkSize_read/1 "/>
</bind>
</comp>

<comp id="154" class="1004" name="numChunks_read_read_fu_154">
<pin_list>
<pin id="155" dir="0" index="0" bw="32" slack="0"/>
<pin id="156" dir="0" index="1" bw="32" slack="0"/>
<pin id="157" dir="1" index="2" bw="32" slack="0"/>
</pin_list>
<bind>
<opcode="read(1150) " fcode="read"/>
<opset="numChunks_read/1 "/>
</bind>
</comp>

<comp id="160" class="1004" name="write_ln0_write_fu_160">
<pin_list>
<pin id="161" dir="0" index="0" bw="0" slack="0"/>
<pin id="162" dir="0" index="1" bw="32" slack="0"/>
<pin id="163" dir="0" index="2" bw="32" slack="0"/>
<pin id="164" dir="1" index="3" bw="0" slack="2147483647"/>
</pin_list>
<bind>
<opcode="write(1151) " fcode="write"/>
<opset="write_ln0/1 "/>
</bind>
</comp>

<comp id="168" class="1004" name="init_value_read_read_fu_168">
<pin_list>
<pin id="169" dir="0" index="0" bw="32" slack="0"/>
<pin id="170" dir="0" index="1" bw="32" slack="0"/>
<pin id="171" dir="1" index="2" bw="32" slack="2"/>
</pin_list>
<bind>
<opcode="read(1150) " fcode="read"/>
<opset="init_value_read/2 "/>
</bind>
</comp>

<comp id="174" class="1004" name="crc_size_read_read_fu_174">
<pin_list>
<pin id="175" dir="0" index="0" bw="32" slack="0"/>
<pin id="176" dir="0" index="1" bw="32" slack="0"/>
<pin id="177" dir="1" index="2" bw="32" slack="0"/>
</pin_list>
<bind>
<opcode="read(1150) " fcode="read"/>
<opset="crc_size_read/2 "/>
</bind>
</comp>

<comp id="180" class="1004" name="write_ln174_write_fu_180">
<pin_list>
<pin id="181" dir="0" index="0" bw="0" slack="0"/>
<pin id="182" dir="0" index="1" bw="32" slack="0"/>
<pin id="183" dir="0" index="2" bw="32" slack="0"/>
<pin id="184" dir="1" index="3" bw="0" slack="2147483647"/>
</pin_list>
<bind>
<opcode="write(1151) " fcode="write"/>
<opset="write_ln174/7 "/>
</bind>
</comp>

<comp id="187" class="1005" name="crc_V_2_reg_187">
<pin_list>
<pin id="188" dir="0" index="0" bw="32" slack="2147483647"/>
<pin id="189" dir="1" index="1" bw="32" slack="2147483647"/>
</pin_list>
<bind>
<opset="crc_V_2 (phireg) "/>
</bind>
</comp>

<comp id="190" class="1004" name="crc_V_2_phi_fu_190">
<pin_list>
<pin id="191" dir="0" index="0" bw="32" slack="0"/>
<pin id="192" dir="0" index="1" bw="0" slack="2147483647"/>
<pin id="193" dir="0" index="2" bw="32" slack="2"/>
<pin id="194" dir="0" index="3" bw="0" slack="2147483647"/>
<pin id="195" dir="1" index="4" bw="32" slack="0"/>
</pin_list>
<bind>
<opcode="phi(47) " fcode="phi"/>
<opset="crc_V_2/7 "/>
</bind>
</comp>

<comp id="197" class="1004" name="grp_crc_process_full_blocks_fu_197">
<pin_list>
<pin id="198" dir="0" index="0" bw="32" slack="0"/>
<pin id="199" dir="0" index="1" bw="32" slack="0"/>
<pin id="200" dir="0" index="2" bw="32" slack="0"/>
<pin id="201" dir="0" index="3" bw="32" slack="0"/>
<pin id="202" dir="0" index="4" bw="32" slack="0"/>
<pin id="203" dir="0" index="5" bw="32" slack="0"/>
<pin id="204" dir="0" index="6" bw="32" slack="0"/>
<pin id="205" dir="0" index="7" bw="32" slack="0"/>
<pin id="206" dir="0" index="8" bw="32" slack="0"/>
<pin id="207" dir="0" index="9" bw="32" slack="0"/>
<pin id="208" dir="0" index="10" bw="32" slack="0"/>
<pin id="209" dir="0" index="11" bw="32" slack="0"/>
<pin id="210" dir="0" index="12" bw="32" slack="0"/>
<pin id="211" dir="0" index="13" bw="32" slack="0"/>
<pin id="212" dir="0" index="14" bw="32" slack="0"/>
<pin id="213" dir="0" index="15" bw="32" slack="0"/>
<pin id="214" dir="0" index="16" bw="32" slack="0"/>
<pin id="215" dir="0" index="17" bw="8" slack="0"/>
<pin id="216" dir="0" index="18" bw="8" slack="0"/>
<pin id="217" dir="0" index="19" bw="8" slack="0"/>
<pin id="218" dir="0" index="20" bw="8" slack="0"/>
<pin id="219" dir="0" index="21" bw="8" slack="0"/>
<pin id="220" dir="0" index="22" bw="8" slack="0"/>
<pin id="221" dir="0" index="23" bw="8" slack="0"/>
<pin id="222" dir="0" index="24" bw="8" slack="0"/>
<pin id="223" dir="0" index="25" bw="8" slack="0"/>
<pin id="224" dir="0" index="26" bw="8" slack="0"/>
<pin id="225" dir="0" index="27" bw="8" slack="0"/>
<pin id="226" dir="0" index="28" bw="8" slack="0"/>
<pin id="227" dir="0" index="29" bw="8" slack="0"/>
<pin id="228" dir="0" index="30" bw="8" slack="0"/>
<pin id="229" dir="0" index="31" bw="8" slack="0"/>
<pin id="230" dir="0" index="32" bw="8" slack="0"/>
<pin id="231" dir="0" index="33" bw="29" slack="3"/>
<pin id="232" dir="0" index="34" bw="32" slack="2"/>
<pin id="233" dir="0" index="35" bw="32" slack="2"/>
<pin id="234" dir="1" index="36" bw="32" slack="1"/>
</pin_list>
<bind>
<opcode="call(48) " fcode="call"/>
<opset="crc_V/4 "/>
</bind>
</comp>

<comp id="268" class="1004" name="grp_crc_process_tail_bytes_fu_268">
<pin_list>
<pin id="269" dir="0" index="0" bw="32" slack="0"/>
<pin id="270" dir="0" index="1" bw="32" slack="0"/>
<pin id="271" dir="0" index="2" bw="8" slack="0"/>
<pin id="272" dir="0" index="3" bw="8" slack="0"/>
<pin id="273" dir="0" index="4" bw="8" slack="0"/>
<pin id="274" dir="0" index="5" bw="8" slack="0"/>
<pin id="275" dir="0" index="6" bw="8" slack="0"/>
<pin id="276" dir="0" index="7" bw="8" slack="0"/>
<pin id="277" dir="0" index="8" bw="8" slack="0"/>
<pin id="278" dir="0" index="9" bw="8" slack="0"/>
<pin id="279" dir="0" index="10" bw="8" slack="0"/>
<pin id="280" dir="0" index="11" bw="8" slack="0"/>
<pin id="281" dir="0" index="12" bw="8" slack="0"/>
<pin id="282" dir="0" index="13" bw="8" slack="0"/>
<pin id="283" dir="0" index="14" bw="8" slack="0"/>
<pin id="284" dir="0" index="15" bw="8" slack="0"/>
<pin id="285" dir="0" index="16" bw="8" slack="0"/>
<pin id="286" dir="0" index="17" bw="8" slack="0"/>
<pin id="287" dir="0" index="18" bw="31" slack="4"/>
<pin id="288" dir="0" index="19" bw="32" slack="1"/>
<pin id="289" dir="0" index="20" bw="32" slack="4"/>
<pin id="290" dir="1" index="21" bw="32" slack="0"/>
</pin_list>
<bind>
<opcode="call(48) " fcode="call"/>
<opset="crc_V_1/6 "/>
</bind>
</comp>

<comp id="310" class="1004" name="tmp_2_fu_310">
<pin_list>
<pin id="311" dir="0" index="0" bw="1" slack="0"/>
<pin id="312" dir="0" index="1" bw="32" slack="0"/>
<pin id="313" dir="0" index="2" bw="6" slack="0"/>
<pin id="314" dir="1" index="3" bw="1" slack="0"/>
</pin_list>
<bind>
<opcode="bitselect(1000) " fcode="bitselect"/>
<opset="tmp_2/1 "/>
</bind>
</comp>

<comp id="318" class="1004" name="sub_ln527_fu_318">
<pin_list>
<pin id="319" dir="0" index="0" bw="1" slack="0"/>
<pin id="320" dir="0" index="1" bw="32" slack="0"/>
<pin id="321" dir="1" index="2" bw="32" slack="0"/>
</pin_list>
<bind>
<opcode="sub(10) " fcode="sub"/>
<opset="sub_ln527/1 "/>
</bind>
</comp>

<comp id="324" class="1004" name="trunc_ln527_1_fu_324">
<pin_list>
<pin id="325" dir="0" index="0" bw="28" slack="0"/>
<pin id="326" dir="0" index="1" bw="32" slack="0"/>
<pin id="327" dir="0" index="2" bw="4" slack="0"/>
<pin id="328" dir="0" index="3" bw="6" slack="0"/>
<pin id="329" dir="1" index="4" bw="28" slack="0"/>
</pin_list>
<bind>
<opcode="partselect(1002) " fcode="partselect"/>
<opset="trunc_ln527_1/1 "/>
</bind>
</comp>

<comp id="334" class="1004" name="zext_ln527_fu_334">
<pin_list>
<pin id="335" dir="0" index="0" bw="28" slack="0"/>
<pin id="336" dir="1" index="1" bw="29" slack="0"/>
</pin_list>
<bind>
<opcode="zext(34) " fcode="zext"/>
<opset="zext_ln527/1 "/>
</bind>
</comp>

<comp id="338" class="1004" name="sub_ln527_1_fu_338">
<pin_list>
<pin id="339" dir="0" index="0" bw="1" slack="0"/>
<pin id="340" dir="0" index="1" bw="28" slack="0"/>
<pin id="341" dir="1" index="2" bw="29" slack="0"/>
</pin_list>
<bind>
<opcode="sub(10) " fcode="sub"/>
<opset="sub_ln527_1/1 "/>
</bind>
</comp>

<comp id="344" class="1004" name="trunc_ln527_2_fu_344">
<pin_list>
<pin id="345" dir="0" index="0" bw="28" slack="0"/>
<pin id="346" dir="0" index="1" bw="32" slack="0"/>
<pin id="347" dir="0" index="2" bw="4" slack="0"/>
<pin id="348" dir="0" index="3" bw="6" slack="0"/>
<pin id="349" dir="1" index="4" bw="28" slack="0"/>
</pin_list>
<bind>
<opcode="partselect(1002) " fcode="partselect"/>
<opset="trunc_ln527_2/1 "/>
</bind>
</comp>

<comp id="354" class="1004" name="zext_ln527_1_fu_354">
<pin_list>
<pin id="355" dir="0" index="0" bw="28" slack="0"/>
<pin id="356" dir="1" index="1" bw="29" slack="0"/>
</pin_list>
<bind>
<opcode="zext(34) " fcode="zext"/>
<opset="zext_ln527_1/1 "/>
</bind>
</comp>

<comp id="358" class="1004" name="blocks_in_chunk_fu_358">
<pin_list>
<pin id="359" dir="0" index="0" bw="1" slack="0"/>
<pin id="360" dir="0" index="1" bw="29" slack="0"/>
<pin id="361" dir="0" index="2" bw="28" slack="0"/>
<pin id="362" dir="1" index="3" bw="29" slack="0"/>
</pin_list>
<bind>
<opcode="select(49) " fcode="select"/>
<opset="blocks_in_chunk/1 "/>
</bind>
</comp>

<comp id="366" class="1004" name="trunc_ln528_fu_366">
<pin_list>
<pin id="367" dir="0" index="0" bw="29" slack="0"/>
<pin id="368" dir="1" index="1" bw="28" slack="1"/>
</pin_list>
<bind>
<opcode="trunc(33) " fcode="trunc"/>
<opset="trunc_ln528/1 "/>
</bind>
</comp>

<comp id="370" class="1004" name="store_ln531_store_fu_370">
<pin_list>
<pin id="371" dir="0" index="0" bw="1" slack="0"/>
<pin id="372" dir="0" index="1" bw="31" slack="0"/>
<pin id="373" dir="1" index="2" bw="0" slack="2147483647"/>
</pin_list>
<bind>
<opcode="store(28) " fcode="store"/>
<opset="store_ln531/1 "/>
</bind>
</comp>

<comp id="375" class="1004" name="tmp_fu_375">
<pin_list>
<pin id="376" dir="0" index="0" bw="27" slack="0"/>
<pin id="377" dir="0" index="1" bw="32" slack="0"/>
<pin id="378" dir="0" index="2" bw="4" slack="0"/>
<pin id="379" dir="0" index="3" bw="6" slack="0"/>
<pin id="380" dir="1" index="4" bw="27" slack="0"/>
</pin_list>
<bind>
<opcode="partselect(1002) " fcode="partselect"/>
<opset="tmp/2 "/>
</bind>
</comp>

<comp id="385" class="1004" name="icmp_ln524_fu_385">
<pin_list>
<pin id="386" dir="0" index="0" bw="27" slack="0"/>
<pin id="387" dir="0" index="1" bw="1" slack="0"/>
<pin id="388" dir="1" index="2" bw="1" slack="0"/>
</pin_list>
<bind>
<opcode="icmp(45) " fcode="icmp"/>
<opset="icmp_ln524/2 "/>
</bind>
</comp>

<comp id="391" class="1004" name="shl_ln525_fu_391">
<pin_list>
<pin id="392" dir="0" index="0" bw="1" slack="0"/>
<pin id="393" dir="0" index="1" bw="32" slack="0"/>
<pin id="394" dir="1" index="2" bw="32" slack="0"/>
</pin_list>
<bind>
<opcode="shl(20) " fcode="shl"/>
<opset="shl_ln525/2 "/>
</bind>
</comp>

<comp id="397" class="1004" name="mask_V_fu_397">
<pin_list>
<pin id="398" dir="0" index="0" bw="32" slack="0"/>
<pin id="399" dir="0" index="1" bw="1" slack="0"/>
<pin id="400" dir="1" index="2" bw="32" slack="0"/>
</pin_list>
<bind>
<opcode="add(8) " fcode="add"/>
<opset="mask_V/2 "/>
</bind>
</comp>

<comp id="403" class="1004" name="mask_V_1_fu_403">
<pin_list>
<pin id="404" dir="0" index="0" bw="1" slack="0"/>
<pin id="405" dir="0" index="1" bw="32" slack="0"/>
<pin id="406" dir="0" index="2" bw="1" slack="0"/>
<pin id="407" dir="1" index="3" bw="32" slack="2"/>
</pin_list>
<bind>
<opcode="select(49) " fcode="select"/>
<opset="mask_V_1/2 "/>
</bind>
</comp>

<comp id="411" class="1004" name="shl_ln_fu_411">
<pin_list>
<pin id="412" dir="0" index="0" bw="32" slack="0"/>
<pin id="413" dir="0" index="1" bw="28" slack="1"/>
<pin id="414" dir="0" index="2" bw="1" slack="0"/>
<pin id="415" dir="1" index="3" bw="32" slack="0"/>
</pin_list>
<bind>
<opcode="bitconcatenate(1004) " fcode="bitconcatenate"/>
<opset="shl_ln/2 "/>
</bind>
</comp>

<comp id="418" class="1004" name="tail_bytes_fu_418">
<pin_list>
<pin id="419" dir="0" index="0" bw="32" slack="1"/>
<pin id="420" dir="0" index="1" bw="32" slack="0"/>
<pin id="421" dir="1" index="2" bw="32" slack="0"/>
</pin_list>
<bind>
<opcode="sub(10) " fcode="sub"/>
<opset="tail_bytes/2 "/>
</bind>
</comp>

<comp id="423" class="1004" name="trunc_ln528_1_fu_423">
<pin_list>
<pin id="424" dir="0" index="0" bw="32" slack="0"/>
<pin id="425" dir="1" index="1" bw="31" slack="4"/>
</pin_list>
<bind>
<opcode="trunc(33) " fcode="trunc"/>
<opset="trunc_ln528_1/2 "/>
</bind>
</comp>

<comp id="427" class="1004" name="cmp5_fu_427">
<pin_list>
<pin id="428" dir="0" index="0" bw="32" slack="0"/>
<pin id="429" dir="0" index="1" bw="1" slack="0"/>
<pin id="430" dir="1" index="2" bw="1" slack="3"/>
</pin_list>
<bind>
<opcode="icmp(45) " fcode="icmp"/>
<opset="cmp5/2 "/>
</bind>
</comp>

<comp id="433" class="1004" name="c_1_load_fu_433">
<pin_list>
<pin id="434" dir="0" index="0" bw="31" slack="2"/>
<pin id="435" dir="1" index="1" bw="31" slack="0"/>
</pin_list>
<bind>
<opcode="load(27) " fcode="load"/>
<opset="c_1/3 "/>
</bind>
</comp>

<comp id="436" class="1004" name="zext_ln531_fu_436">
<pin_list>
<pin id="437" dir="0" index="0" bw="31" slack="0"/>
<pin id="438" dir="1" index="1" bw="32" slack="0"/>
</pin_list>
<bind>
<opcode="zext(34) " fcode="zext"/>
<opset="zext_ln531/3 "/>
</bind>
</comp>

<comp id="440" class="1004" name="icmp_ln531_fu_440">
<pin_list>
<pin id="441" dir="0" index="0" bw="31" slack="0"/>
<pin id="442" dir="0" index="1" bw="32" slack="2"/>
<pin id="443" dir="1" index="2" bw="1" slack="2147483647"/>
</pin_list>
<bind>
<opcode="icmp(45) " fcode="icmp"/>
<opset="icmp_ln531/3 "/>
</bind>
</comp>

<comp id="445" class="1004" name="c_2_fu_445">
<pin_list>
<pin id="446" dir="0" index="0" bw="31" slack="0"/>
<pin id="447" dir="0" index="1" bw="1" slack="0"/>
<pin id="448" dir="1" index="2" bw="31" slack="4"/>
</pin_list>
<bind>
<opcode="add(8) " fcode="add"/>
<opset="c_2/3 "/>
</bind>
</comp>

<comp id="451" class="1004" name="store_ln531_store_fu_451">
<pin_list>
<pin id="452" dir="0" index="0" bw="31" slack="4"/>
<pin id="453" dir="0" index="1" bw="31" slack="6"/>
<pin id="454" dir="1" index="2" bw="0" slack="2147483647"/>
</pin_list>
<bind>
<opcode="store(28) " fcode="store"/>
<opset="store_ln531/7 "/>
</bind>
</comp>

<comp id="455" class="1005" name="c_reg_455">
<pin_list>
<pin id="456" dir="0" index="0" bw="31" slack="0"/>
<pin id="457" dir="1" index="1" bw="31" slack="0"/>
</pin_list>
<bind>
<opset="c "/>
</bind>
</comp>

<comp id="462" class="1005" name="chunkSize_read_reg_462">
<pin_list>
<pin id="463" dir="0" index="0" bw="32" slack="1"/>
<pin id="464" dir="1" index="1" bw="32" slack="1"/>
</pin_list>
<bind>
<opset="chunkSize_read "/>
</bind>
</comp>

<comp id="467" class="1005" name="numChunks_read_reg_467">
<pin_list>
<pin id="468" dir="0" index="0" bw="32" slack="2"/>
<pin id="469" dir="1" index="1" bw="32" slack="2"/>
</pin_list>
<bind>
<opset="numChunks_read "/>
</bind>
</comp>

<comp id="472" class="1005" name="blocks_in_chunk_reg_472">
<pin_list>
<pin id="473" dir="0" index="0" bw="29" slack="3"/>
<pin id="474" dir="1" index="1" bw="29" slack="3"/>
</pin_list>
<bind>
<opset="blocks_in_chunk "/>
</bind>
</comp>

<comp id="477" class="1005" name="trunc_ln528_reg_477">
<pin_list>
<pin id="478" dir="0" index="0" bw="28" slack="1"/>
<pin id="479" dir="1" index="1" bw="28" slack="1"/>
</pin_list>
<bind>
<opset="trunc_ln528 "/>
</bind>
</comp>

<comp id="482" class="1005" name="init_value_read_reg_482">
<pin_list>
<pin id="483" dir="0" index="0" bw="32" slack="2"/>
<pin id="484" dir="1" index="1" bw="32" slack="2"/>
</pin_list>
<bind>
<opset="init_value_read "/>
</bind>
</comp>

<comp id="487" class="1005" name="mask_V_1_reg_487">
<pin_list>
<pin id="488" dir="0" index="0" bw="32" slack="2"/>
<pin id="489" dir="1" index="1" bw="32" slack="2"/>
</pin_list>
<bind>
<opset="mask_V_1 "/>
</bind>
</comp>

<comp id="493" class="1005" name="trunc_ln528_1_reg_493">
<pin_list>
<pin id="494" dir="0" index="0" bw="31" slack="4"/>
<pin id="495" dir="1" index="1" bw="31" slack="4"/>
</pin_list>
<bind>
<opset="trunc_ln528_1 "/>
</bind>
</comp>

<comp id="498" class="1005" name="cmp5_reg_498">
<pin_list>
<pin id="499" dir="0" index="0" bw="1" slack="3"/>
<pin id="500" dir="1" index="1" bw="1" slack="2147483647"/>
</pin_list>
<bind>
<opset="cmp5 "/>
</bind>
</comp>

<comp id="505" class="1005" name="c_2_reg_505">
<pin_list>
<pin id="506" dir="0" index="0" bw="31" slack="4"/>
<pin id="507" dir="1" index="1" bw="31" slack="4"/>
</pin_list>
<bind>
<opset="c_2 "/>
</bind>
</comp>

<comp id="510" class="1005" name="crc_V_reg_510">
<pin_list>
<pin id="511" dir="0" index="0" bw="32" slack="1"/>
<pin id="512" dir="1" index="1" bw="32" slack="1"/>
</pin_list>
<bind>
<opset="crc_V "/>
</bind>
</comp>

</comp_list>

<net_list>
<net id="147"><net_src comp="76" pin="0"/><net_sink comp="144" pin=0"/></net>

<net id="152"><net_src comp="78" pin="0"/><net_sink comp="148" pin=0"/></net>

<net id="153"><net_src comp="72" pin="0"/><net_sink comp="148" pin=1"/></net>

<net id="158"><net_src comp="78" pin="0"/><net_sink comp="154" pin=0"/></net>

<net id="159"><net_src comp="70" pin="0"/><net_sink comp="154" pin=1"/></net>

<net id="165"><net_src comp="80" pin="0"/><net_sink comp="160" pin=0"/></net>

<net id="166"><net_src comp="74" pin="0"/><net_sink comp="160" pin=1"/></net>

<net id="167"><net_src comp="154" pin="2"/><net_sink comp="160" pin=2"/></net>

<net id="172"><net_src comp="78" pin="0"/><net_sink comp="168" pin=0"/></net>

<net id="173"><net_src comp="66" pin="0"/><net_sink comp="168" pin=1"/></net>

<net id="178"><net_src comp="78" pin="0"/><net_sink comp="174" pin=0"/></net>

<net id="179"><net_src comp="64" pin="0"/><net_sink comp="174" pin=1"/></net>

<net id="185"><net_src comp="142" pin="0"/><net_sink comp="180" pin=0"/></net>

<net id="186"><net_src comp="68" pin="0"/><net_sink comp="180" pin=1"/></net>

<net id="196"><net_src comp="190" pin="4"/><net_sink comp="180" pin=2"/></net>

<net id="235"><net_src comp="134" pin="0"/><net_sink comp="197" pin=0"/></net>

<net id="236"><net_src comp="0" pin="0"/><net_sink comp="197" pin=1"/></net>

<net id="237"><net_src comp="2" pin="0"/><net_sink comp="197" pin=2"/></net>

<net id="238"><net_src comp="4" pin="0"/><net_sink comp="197" pin=3"/></net>

<net id="239"><net_src comp="6" pin="0"/><net_sink comp="197" pin=4"/></net>

<net id="240"><net_src comp="8" pin="0"/><net_sink comp="197" pin=5"/></net>

<net id="241"><net_src comp="10" pin="0"/><net_sink comp="197" pin=6"/></net>

<net id="242"><net_src comp="12" pin="0"/><net_sink comp="197" pin=7"/></net>

<net id="243"><net_src comp="14" pin="0"/><net_sink comp="197" pin=8"/></net>

<net id="244"><net_src comp="16" pin="0"/><net_sink comp="197" pin=9"/></net>

<net id="245"><net_src comp="18" pin="0"/><net_sink comp="197" pin=10"/></net>

<net id="246"><net_src comp="20" pin="0"/><net_sink comp="197" pin=11"/></net>

<net id="247"><net_src comp="22" pin="0"/><net_sink comp="197" pin=12"/></net>

<net id="248"><net_src comp="24" pin="0"/><net_sink comp="197" pin=13"/></net>

<net id="249"><net_src comp="26" pin="0"/><net_sink comp="197" pin=14"/></net>

<net id="250"><net_src comp="28" pin="0"/><net_sink comp="197" pin=15"/></net>

<net id="251"><net_src comp="30" pin="0"/><net_sink comp="197" pin=16"/></net>

<net id="252"><net_src comp="32" pin="0"/><net_sink comp="197" pin=17"/></net>

<net id="253"><net_src comp="34" pin="0"/><net_sink comp="197" pin=18"/></net>

<net id="254"><net_src comp="36" pin="0"/><net_sink comp="197" pin=19"/></net>

<net id="255"><net_src comp="38" pin="0"/><net_sink comp="197" pin=20"/></net>

<net id="256"><net_src comp="40" pin="0"/><net_sink comp="197" pin=21"/></net>

<net id="257"><net_src comp="42" pin="0"/><net_sink comp="197" pin=22"/></net>

<net id="258"><net_src comp="44" pin="0"/><net_sink comp="197" pin=23"/></net>

<net id="259"><net_src comp="46" pin="0"/><net_sink comp="197" pin=24"/></net>

<net id="260"><net_src comp="48" pin="0"/><net_sink comp="197" pin=25"/></net>

<net id="261"><net_src comp="50" pin="0"/><net_sink comp="197" pin=26"/></net>

<net id="262"><net_src comp="52" pin="0"/><net_sink comp="197" pin=27"/></net>

<net id="263"><net_src comp="54" pin="0"/><net_sink comp="197" pin=28"/></net>

<net id="264"><net_src comp="56" pin="0"/><net_sink comp="197" pin=29"/></net>

<net id="265"><net_src comp="58" pin="0"/><net_sink comp="197" pin=30"/></net>

<net id="266"><net_src comp="60" pin="0"/><net_sink comp="197" pin=31"/></net>

<net id="267"><net_src comp="62" pin="0"/><net_sink comp="197" pin=32"/></net>

<net id="291"><net_src comp="268" pin="21"/><net_sink comp="190" pin=0"/></net>

<net id="292"><net_src comp="140" pin="0"/><net_sink comp="268" pin=0"/></net>

<net id="293"><net_src comp="0" pin="0"/><net_sink comp="268" pin=1"/></net>

<net id="294"><net_src comp="32" pin="0"/><net_sink comp="268" pin=2"/></net>

<net id="295"><net_src comp="34" pin="0"/><net_sink comp="268" pin=3"/></net>

<net id="296"><net_src comp="36" pin="0"/><net_sink comp="268" pin=4"/></net>

<net id="297"><net_src comp="38" pin="0"/><net_sink comp="268" pin=5"/></net>

<net id="298"><net_src comp="40" pin="0"/><net_sink comp="268" pin=6"/></net>

<net id="299"><net_src comp="42" pin="0"/><net_sink comp="268" pin=7"/></net>

<net id="300"><net_src comp="44" pin="0"/><net_sink comp="268" pin=8"/></net>

<net id="301"><net_src comp="46" pin="0"/><net_sink comp="268" pin=9"/></net>

<net id="302"><net_src comp="48" pin="0"/><net_sink comp="268" pin=10"/></net>

<net id="303"><net_src comp="50" pin="0"/><net_sink comp="268" pin=11"/></net>

<net id="304"><net_src comp="52" pin="0"/><net_sink comp="268" pin=12"/></net>

<net id="305"><net_src comp="54" pin="0"/><net_sink comp="268" pin=13"/></net>

<net id="306"><net_src comp="56" pin="0"/><net_sink comp="268" pin=14"/></net>

<net id="307"><net_src comp="58" pin="0"/><net_sink comp="268" pin=15"/></net>

<net id="308"><net_src comp="60" pin="0"/><net_sink comp="268" pin=16"/></net>

<net id="309"><net_src comp="62" pin="0"/><net_sink comp="268" pin=17"/></net>

<net id="315"><net_src comp="82" pin="0"/><net_sink comp="310" pin=0"/></net>

<net id="316"><net_src comp="148" pin="2"/><net_sink comp="310" pin=1"/></net>

<net id="317"><net_src comp="84" pin="0"/><net_sink comp="310" pin=2"/></net>

<net id="322"><net_src comp="86" pin="0"/><net_sink comp="318" pin=0"/></net>

<net id="323"><net_src comp="148" pin="2"/><net_sink comp="318" pin=1"/></net>

<net id="330"><net_src comp="88" pin="0"/><net_sink comp="324" pin=0"/></net>

<net id="331"><net_src comp="318" pin="2"/><net_sink comp="324" pin=1"/></net>

<net id="332"><net_src comp="90" pin="0"/><net_sink comp="324" pin=2"/></net>

<net id="333"><net_src comp="84" pin="0"/><net_sink comp="324" pin=3"/></net>

<net id="337"><net_src comp="324" pin="4"/><net_sink comp="334" pin=0"/></net>

<net id="342"><net_src comp="92" pin="0"/><net_sink comp="338" pin=0"/></net>

<net id="343"><net_src comp="334" pin="1"/><net_sink comp="338" pin=1"/></net>

<net id="350"><net_src comp="88" pin="0"/><net_sink comp="344" pin=0"/></net>

<net id="351"><net_src comp="148" pin="2"/><net_sink comp="344" pin=1"/></net>

<net id="352"><net_src comp="90" pin="0"/><net_sink comp="344" pin=2"/></net>

<net id="353"><net_src comp="84" pin="0"/><net_sink comp="344" pin=3"/></net>

<net id="357"><net_src comp="344" pin="4"/><net_sink comp="354" pin=0"/></net>

<net id="363"><net_src comp="310" pin="3"/><net_sink comp="358" pin=0"/></net>

<net id="364"><net_src comp="338" pin="2"/><net_sink comp="358" pin=1"/></net>

<net id="365"><net_src comp="354" pin="1"/><net_sink comp="358" pin=2"/></net>

<net id="369"><net_src comp="358" pin="3"/><net_sink comp="366" pin=0"/></net>

<net id="374"><net_src comp="94" pin="0"/><net_sink comp="370" pin=0"/></net>

<net id="381"><net_src comp="122" pin="0"/><net_sink comp="375" pin=0"/></net>

<net id="382"><net_src comp="174" pin="2"/><net_sink comp="375" pin=1"/></net>

<net id="383"><net_src comp="124" pin="0"/><net_sink comp="375" pin=2"/></net>

<net id="384"><net_src comp="84" pin="0"/><net_sink comp="375" pin=3"/></net>

<net id="389"><net_src comp="375" pin="4"/><net_sink comp="385" pin=0"/></net>

<net id="390"><net_src comp="126" pin="0"/><net_sink comp="385" pin=1"/></net>

<net id="395"><net_src comp="76" pin="0"/><net_sink comp="391" pin=0"/></net>

<net id="396"><net_src comp="174" pin="2"/><net_sink comp="391" pin=1"/></net>

<net id="401"><net_src comp="391" pin="2"/><net_sink comp="397" pin=0"/></net>

<net id="402"><net_src comp="108" pin="0"/><net_sink comp="397" pin=1"/></net>

<net id="408"><net_src comp="385" pin="2"/><net_sink comp="403" pin=0"/></net>

<net id="409"><net_src comp="397" pin="2"/><net_sink comp="403" pin=1"/></net>

<net id="410"><net_src comp="108" pin="0"/><net_sink comp="403" pin=2"/></net>

<net id="416"><net_src comp="128" pin="0"/><net_sink comp="411" pin=0"/></net>

<net id="417"><net_src comp="130" pin="0"/><net_sink comp="411" pin=2"/></net>

<net id="422"><net_src comp="411" pin="3"/><net_sink comp="418" pin=1"/></net>

<net id="426"><net_src comp="418" pin="2"/><net_sink comp="423" pin=0"/></net>

<net id="431"><net_src comp="418" pin="2"/><net_sink comp="427" pin=0"/></net>

<net id="432"><net_src comp="86" pin="0"/><net_sink comp="427" pin=1"/></net>

<net id="439"><net_src comp="433" pin="1"/><net_sink comp="436" pin=0"/></net>

<net id="444"><net_src comp="436" pin="1"/><net_sink comp="440" pin=0"/></net>

<net id="449"><net_src comp="433" pin="1"/><net_sink comp="445" pin=0"/></net>

<net id="450"><net_src comp="132" pin="0"/><net_sink comp="445" pin=1"/></net>

<net id="458"><net_src comp="144" pin="1"/><net_sink comp="455" pin=0"/></net>

<net id="459"><net_src comp="455" pin="1"/><net_sink comp="370" pin=1"/></net>

<net id="460"><net_src comp="455" pin="1"/><net_sink comp="433" pin=0"/></net>

<net id="461"><net_src comp="455" pin="1"/><net_sink comp="451" pin=1"/></net>

<net id="465"><net_src comp="148" pin="2"/><net_sink comp="462" pin=0"/></net>

<net id="466"><net_src comp="462" pin="1"/><net_sink comp="418" pin=0"/></net>

<net id="470"><net_src comp="154" pin="2"/><net_sink comp="467" pin=0"/></net>

<net id="471"><net_src comp="467" pin="1"/><net_sink comp="440" pin=1"/></net>

<net id="475"><net_src comp="358" pin="3"/><net_sink comp="472" pin=0"/></net>

<net id="476"><net_src comp="472" pin="1"/><net_sink comp="197" pin=33"/></net>

<net id="480"><net_src comp="366" pin="1"/><net_sink comp="477" pin=0"/></net>

<net id="481"><net_src comp="477" pin="1"/><net_sink comp="411" pin=1"/></net>

<net id="485"><net_src comp="168" pin="2"/><net_sink comp="482" pin=0"/></net>

<net id="486"><net_src comp="482" pin="1"/><net_sink comp="197" pin=34"/></net>

<net id="490"><net_src comp="403" pin="3"/><net_sink comp="487" pin=0"/></net>

<net id="491"><net_src comp="487" pin="1"/><net_sink comp="197" pin=35"/></net>

<net id="492"><net_src comp="487" pin="1"/><net_sink comp="268" pin=20"/></net>

<net id="496"><net_src comp="423" pin="1"/><net_sink comp="493" pin=0"/></net>

<net id="497"><net_src comp="493" pin="1"/><net_sink comp="268" pin=18"/></net>

<net id="501"><net_src comp="427" pin="2"/><net_sink comp="498" pin=0"/></net>

<net id="508"><net_src comp="445" pin="2"/><net_sink comp="505" pin=0"/></net>

<net id="509"><net_src comp="505" pin="1"/><net_sink comp="451" pin=0"/></net>

<net id="513"><net_src comp="197" pin="36"/><net_sink comp="510" pin=0"/></net>

<net id="514"><net_src comp="510" pin="1"/><net_sink comp="268" pin=19"/></net>

<net id="515"><net_src comp="510" pin="1"/><net_sink comp="190" pin=2"/></net>

</net_list>

</model> 
---------------- Datapath Model END ------------------

* FSMD analyzer results:
  - Output states:
	Port: outStream33 | {7 }
	Port: numChunks_c | {1 }
 - Input state : 
	Port: process_crc_chunks : crcTables_0 | {4 5 6 7 }
	Port: process_crc_chunks : crcTables_1 | {4 5 }
	Port: process_crc_chunks : crcTables_2 | {4 5 }
	Port: process_crc_chunks : crcTables_3 | {4 5 }
	Port: process_crc_chunks : crcTables_4 | {4 5 }
	Port: process_crc_chunks : crcTables_5 | {4 5 }
	Port: process_crc_chunks : crcTables_6 | {4 5 }
	Port: process_crc_chunks : crcTables_7 | {4 5 }
	Port: process_crc_chunks : crcTables_8 | {4 5 }
	Port: process_crc_chunks : crcTables_9 | {4 5 }
	Port: process_crc_chunks : crcTables_10 | {4 5 }
	Port: process_crc_chunks : crcTables_11 | {4 5 }
	Port: process_crc_chunks : crcTables_12 | {4 5 }
	Port: process_crc_chunks : crcTables_13 | {4 5 }
	Port: process_crc_chunks : crcTables_14 | {4 5 }
	Port: process_crc_chunks : crcTables_15 | {4 5 }
	Port: process_crc_chunks : inByte017 | {4 5 6 7 }
	Port: process_crc_chunks : inByte118 | {4 5 6 7 }
	Port: process_crc_chunks : inByte219 | {4 5 6 7 }
	Port: process_crc_chunks : inByte320 | {4 5 6 7 }
	Port: process_crc_chunks : inByte421 | {4 5 6 7 }
	Port: process_crc_chunks : inByte522 | {4 5 6 7 }
	Port: process_crc_chunks : inByte623 | {4 5 6 7 }
	Port: process_crc_chunks : inByte724 | {4 5 6 7 }
	Port: process_crc_chunks : inByte825 | {4 5 6 7 }
	Port: process_crc_chunks : inByte926 | {4 5 6 7 }
	Port: process_crc_chunks : inByte1027 | {4 5 6 7 }
	Port: process_crc_chunks : inByte1128 | {4 5 6 7 }
	Port: process_crc_chunks : inByte1229 | {4 5 6 7 }
	Port: process_crc_chunks : inByte1330 | {4 5 6 7 }
	Port: process_crc_chunks : inByte1431 | {4 5 6 7 }
	Port: process_crc_chunks : inByte1532 | {4 5 6 7 }
	Port: process_crc_chunks : crc_size | {2 }
	Port: process_crc_chunks : init_value | {2 }
	Port: process_crc_chunks : numChunks | {1 }
	Port: process_crc_chunks : chunkSize | {1 }
  - Chain level:
	State 1
		trunc_ln527_1 : 1
		zext_ln527 : 2
		sub_ln527_1 : 3
		zext_ln527_1 : 1
		blocks_in_chunk : 4
		trunc_ln528 : 5
		store_ln531 : 1
	State 2
		icmp_ln524 : 1
		mask_V : 1
		mask_V_1 : 2
		tail_bytes : 1
		trunc_ln528_1 : 2
		cmp5 : 2
	State 3
		zext_ln531 : 1
		icmp_ln531 : 2
		c_2 : 1
		br_ln531 : 3
	State 4
	State 5
	State 6
	State 7
		crc_V_2 : 1
		write_ln174 : 2


============================================================
+ Verbose Summary: Datapath Resource usage 
============================================================

* Functional unit list:
|----------|------------------------------------|---------|---------|---------|
| Operation|           Functional Unit          |  Delay  |    FF   |   LUT   |
|----------|------------------------------------|---------|---------|---------|
|   call   | grp_crc_process_full_blocks_fu_197 |  7.353  |   602   |   786   |
|          |  grp_crc_process_tail_bytes_fu_268 |  0.387  |   244   |   138   |
|----------|------------------------------------|---------|---------|---------|
|          |          sub_ln527_fu_318          |    0    |    0    |    39   |
|    sub   |         sub_ln527_1_fu_338         |    0    |    0    |    35   |
|          |          tail_bytes_fu_418         |    0    |    0    |    39   |
|----------|------------------------------------|---------|---------|---------|
|    shl   |          shl_ln525_fu_391          |    0    |    0    |    92   |
|----------|------------------------------------|---------|---------|---------|
|    add   |            mask_V_fu_397           |    0    |    0    |    39   |
|          |             c_2_fu_445             |    0    |    0    |    38   |
|----------|------------------------------------|---------|---------|---------|
|  select  |       blocks_in_chunk_fu_358       |    0    |    0    |    29   |
|          |           mask_V_1_fu_403          |    0    |    0    |    32   |
|----------|------------------------------------|---------|---------|---------|
|          |          icmp_ln524_fu_385         |    0    |    0    |    17   |
|   icmp   |             cmp5_fu_427            |    0    |    0    |    20   |
|          |          icmp_ln531_fu_440         |    0    |    0    |    20   |
|----------|------------------------------------|---------|---------|---------|
|          |     chunkSize_read_read_fu_148     |    0    |    0    |    0    |
|   read   |     numChunks_read_read_fu_154     |    0    |    0    |    0    |
|          |     init_value_read_read_fu_168    |    0    |    0    |    0    |
|          |      crc_size_read_read_fu_174     |    0    |    0    |    0    |
|----------|------------------------------------|---------|---------|---------|
|   write  |       write_ln0_write_fu_160       |    0    |    0    |    0    |
|          |      write_ln174_write_fu_180      |    0    |    0    |    0    |
|----------|------------------------------------|---------|---------|---------|
| bitselect|            tmp_2_fu_310            |    0    |    0    |    0    |
|----------|------------------------------------|---------|---------|---------|
|          |        trunc_ln527_1_fu_324        |    0    |    0    |    0    |
|partselect|        trunc_ln527_2_fu_344        |    0    |    0    |    0    |
|          |             tmp_fu_375             |    0    |    0    |    0    |
|----------|------------------------------------|---------|---------|---------|
|          |          zext_ln527_fu_334         |    0    |    0    |    0    |
|   zext   |         zext_ln527_1_fu_354        |    0    |    0    |    0    |
|          |          zext_ln531_fu_436         |    0    |    0    |    0    |
|----------|------------------------------------|---------|---------|---------|
|   trunc  |         trunc_ln528_fu_366         |    0    |    0    |    0    |
|          |        trunc_ln528_1_fu_423        |    0    |    0    |    0    |
|----------|------------------------------------|---------|---------|---------|
|bitconcatenate|            shl_ln_fu_411           |    0    |    0    |    0    |
|----------|------------------------------------|---------|---------|---------|
|   Total  |                                    |   7.74  |   846   |   1324  |
|----------|------------------------------------|---------|---------|---------|

Memories:
N/A

* Register list:
+-----------------------+--------+
|                       |   FF   |
+-----------------------+--------+
|blocks_in_chunk_reg_472|   29   |
|      c_2_reg_505      |   31   |
|       c_reg_455       |   31   |
| chunkSize_read_reg_462|   32   |
|      cmp5_reg_498     |    1   |
|    crc_V_2_reg_187    |   32   |
|     crc_V_reg_510     |   32   |
|init_value_read_reg_482|   32   |
|    mask_V_1_reg_487   |   32   |
| numChunks_read_reg_467|   32   |
| trunc_ln528_1_reg_493 |   31   |
|  trunc_ln528_reg_477  |   28   |
+-----------------------+--------+
|         Total         |   343  |
+-----------------------+--------+

* Multiplexer (MUX) list: 
|--------|------|------|------|--------|
|  Comp  |  Pin | Size |  BW  | S x BW |
|--------|------|------|------|--------|
|  Total |      |      |      |    0   |
|--------|------|------|------|--------|



* Summary:
+-----------+--------+--------+--------+
|           |  Delay |   FF   |   LUT  |
+-----------+--------+--------+--------+
|  Function |    7   |   846  |  1324  |
|   Memory  |    -   |    -   |    -   |
|Multiplexer|    -   |    -   |    -   |
|  Register |    -   |   343  |    -   |
+-----------+--------+--------+--------+
|   Total   |    7   |  1189  |  1324  |
+-----------+--------+--------+--------+
