

================================================================
== Vitis HLS Report for 'process_crc_Loop_init_lut_proc'
================================================================
* Date:           Fri Feb 20 12:32:03 2026

* Version:        2023.1 (Build 3854077 on May  4 2023)
* Project:        calculate_crc
* Solution:       solution (Vitis Kernel Flow Target)
* Product family: virtexuplusHBM
* Target device:  xcu280-fsvh2892-2L-e


================================================================
== Performance Estimates
================================================================
+ Timing: 
    * Summary: 
    +--------+---------+----------+------------+
    |  Clock |  Target | Estimated| Uncertainty|
    +--------+---------+----------+------------+
    |ap_clk  |  3.33 ns|  2.433 ns|     0.90 ns|
    +--------+---------+----------+------------+

+ Latency: 
    * Summary: 
    +---------+---------+-----------+-----------+------+------+---------+
    |  Latency (cycles) |   Latency (absolute)  |   Interval  | Pipeline|
    |   min   |   max   |    min    |    max    |  min |  max |   Type  |
    +---------+---------+-----------+-----------+------+------+---------+
    |     4171|     4171|  13.902 us|  13.902 us|  4171|  4171|       no|
    +---------+---------+-----------+-----------+------+------+---------+

    + Detail: 
        * Instance: 
        N/A

        * Loop: 
        N/A

============================================================
+ Verbose Summary: Synthesis Manager
============================================================
InlineROM: 1
ExposeGlobal: 0
============================================================
+ Verbose Summary: CDFG Model
============================================================
IsTopModel: 0
ResetActiveHigh: 1
IsCombinational: 2
IsDatapathOnly: 0
HasWiredReturn: 1
HasMFsm: 0
HasVarLatency: 1
IsPipeline: 0
IsRtlPipelined: 0
IsInstanceOverlapped: 0
IsDontTouch: 0
HasImplIP: 0
IsGatedGlobalClock: 0


============================================================
+ Verbose Summary: Schedule
============================================================
* Number of FSM states : 73
* Pipeline : 0
* Dataflow Pipeline: 0

* FSM state transitions: 
1 --> 2 
2 --> 3 
3 --> 4 
4 --> 5 
5 --> 6 
6 --> 7 
7 --> 8 
8 --> 9 
9 --> 10 
10 --> 11 
11 --> 12 
12 --> 13 
13 --> 14 
14 --> 15 
15 --> 16 
16 --> 17 
17 --> 18 
18 --> 19 
19 --> 20 
20 --> 21 
21 --> 22 
22 --> 23 
23 --> 24 
24 --> 25 
25 --> 26 
26 --> 27 
27 --> 28 
28 --> 29 
29 --> 30 
30 --> 31 
31 --> 32 
32 --> 33 
33 --> 34 
34 --> 35 
35 --> 36 
36 --> 37 
37 --> 38 
38 --> 39 
39 --> 40 
40 --> 41 
41 --> 42 
42 --> 43 
43 --> 44 
44 --> 45 
45 --> 46 
46 --> 47 
47 --> 48 
48 --> 49 
49 --> 50 
50 --> 51 
51 --> 52 
52 --> 53 
53 --> 54 
54 --> 55 
55 --> 56 
56 --> 57 
57 --> 58 
58 --> 59 
59 --> 60 
60 --> 61 
61 --> 62 
62 --> 63 
63 --> 64 
64 --> 65 
65 --> 66 
66 --> 67 
67 --> 68 
68 --> 69 
69 --> 70 
70 --> 71 
71 --> 72 
72 --> 73 
73 --> 

* FSM state operations: 

State 1 <SV = 0> <Delay = 2.43>
ST_1 : Operation 74 [1/1] (0.00ns)   --->   "%tables_read = read i64 @_ssdm_op_Read.ap_auto.i64, i64 %tables" [/users/arashs/U280_CRC_Accelerator/src/kernel.cpp:626]   --->   Operation 74 'read' 'tables_read' <Predicate = true> <Delay = 0.00>
ST_1 : Operation 75 [1/1] (0.00ns)   --->   "%trunc_ln676_1 = partselect i58 @_ssdm_op_PartSelect.i58.i64.i32.i32, i64 %tables_read, i32 6, i32 63" [/users/arashs/U280_CRC_Accelerator/src/kernel.cpp:676]   --->   Operation 75 'partselect' 'trunc_ln676_1' <Predicate = true> <Delay = 0.00>
ST_1 : Operation 76 [1/1] (0.00ns)   --->   "%sext_ln676 = sext i58 %trunc_ln676_1" [/users/arashs/U280_CRC_Accelerator/src/kernel.cpp:676]   --->   Operation 76 'sext' 'sext_ln676' <Predicate = true> <Delay = 0.00>
ST_1 : Operation 77 [1/1] (0.00ns)   --->   "%gmem1_addr = getelementptr i512 %gmem1, i64 %sext_ln676" [/users/arashs/U280_CRC_Accelerator/src/kernel.cpp:676]   --->   Operation 77 'getelementptr' 'gmem1_addr' <Predicate = true> <Delay = 0.00>
ST_1 : Operation 78 [71/71] (2.43ns)   --->   "%empty = readreq i1 @_ssdm_op_ReadReq.m_axi.p1i512, i512 %gmem1_addr, i32 256" [/users/arashs/U280_CRC_Accelerator/src/kernel.cpp:676]   --->   Operation 78 'readreq' 'empty' <Predicate = true> <Delay = 2.43> <CoreInst = "m_axi">   --->   Core 121 'm_axi' <Latency = 0> <II = 1> <Delay = 1.00> <Adapter> <Opcode : 'read' 'write' 'readreq' 'writereq' 'writeresp'>

State 2 <SV = 1> <Delay = 2.43>
ST_2 : Operation 79 [70/71] (2.43ns)   --->   "%empty = readreq i1 @_ssdm_op_ReadReq.m_axi.p1i512, i512 %gmem1_addr, i32 256" [/users/arashs/U280_CRC_Accelerator/src/kernel.cpp:676]   --->   Operation 79 'readreq' 'empty' <Predicate = true> <Delay = 2.43> <CoreInst = "m_axi">   --->   Core 121 'm_axi' <Latency = 0> <II = 1> <Delay = 1.00> <Adapter> <Opcode : 'read' 'write' 'readreq' 'writereq' 'writeresp'>

State 3 <SV = 2> <Delay = 2.43>
ST_3 : Operation 80 [69/71] (2.43ns)   --->   "%empty = readreq i1 @_ssdm_op_ReadReq.m_axi.p1i512, i512 %gmem1_addr, i32 256" [/users/arashs/U280_CRC_Accelerator/src/kernel.cpp:676]   --->   Operation 80 'readreq' 'empty' <Predicate = true> <Delay = 2.43> <CoreInst = "m_axi">   --->   Core 121 'm_axi' <Latency = 0> <II = 1> <Delay = 1.00> <Adapter> <Opcode : 'read' 'write' 'readreq' 'writereq' 'writeresp'>

State 4 <SV = 3> <Delay = 2.43>
ST_4 : Operation 81 [68/71] (2.43ns)   --->   "%empty = readreq i1 @_ssdm_op_ReadReq.m_axi.p1i512, i512 %gmem1_addr, i32 256" [/users/arashs/U280_CRC_Accelerator/src/kernel.cpp:676]   --->   Operation 81 'readreq' 'empty' <Predicate = true> <Delay = 2.43> <CoreInst = "m_axi">   --->   Core 121 'm_axi' <Latency = 0> <II = 1> <Delay = 1.00> <Adapter> <Opcode : 'read' 'write' 'readreq' 'writereq' 'writeresp'>

State 5 <SV = 4> <Delay = 2.43>
ST_5 : Operation 82 [67/71] (2.43ns)   --->   "%empty = readreq i1 @_ssdm_op_ReadReq.m_axi.p1i512, i512 %gmem1_addr, i32 256" [/users/arashs/U280_CRC_Accelerator/src/kernel.cpp:676]   --->   Operation 82 'readreq' 'empty' <Predicate = true> <Delay = 2.43> <CoreInst = "m_axi">   --->   Core 121 'm_axi' <Latency = 0> <II = 1> <Delay = 1.00> <Adapter> <Opcode : 'read' 'write' 'readreq' 'writereq' 'writeresp'>

State 6 <SV = 5> <Delay = 2.43>
ST_6 : Operation 83 [66/71] (2.43ns)   --->   "%empty = readreq i1 @_ssdm_op_ReadReq.m_axi.p1i512, i512 %gmem1_addr, i32 256" [/users/arashs/U280_CRC_Accelerator/src/kernel.cpp:676]   --->   Operation 83 'readreq' 'empty' <Predicate = true> <Delay = 2.43> <CoreInst = "m_axi">   --->   Core 121 'm_axi' <Latency = 0> <II = 1> <Delay = 1.00> <Adapter> <Opcode : 'read' 'write' 'readreq' 'writereq' 'writeresp'>

State 7 <SV = 6> <Delay = 2.43>
ST_7 : Operation 84 [65/71] (2.43ns)   --->   "%empty = readreq i1 @_ssdm_op_ReadReq.m_axi.p1i512, i512 %gmem1_addr, i32 256" [/users/arashs/U280_CRC_Accelerator/src/kernel.cpp:676]   --->   Operation 84 'readreq' 'empty' <Predicate = true> <Delay = 2.43> <CoreInst = "m_axi">   --->   Core 121 'm_axi' <Latency = 0> <II = 1> <Delay = 1.00> <Adapter> <Opcode : 'read' 'write' 'readreq' 'writereq' 'writeresp'>

State 8 <SV = 7> <Delay = 2.43>
ST_8 : Operation 85 [64/71] (2.43ns)   --->   "%empty = readreq i1 @_ssdm_op_ReadReq.m_axi.p1i512, i512 %gmem1_addr, i32 256" [/users/arashs/U280_CRC_Accelerator/src/kernel.cpp:676]   --->   Operation 85 'readreq' 'empty' <Predicate = true> <Delay = 2.43> <CoreInst = "m_axi">   --->   Core 121 'm_axi' <Latency = 0> <II = 1> <Delay = 1.00> <Adapter> <Opcode : 'read' 'write' 'readreq' 'writereq' 'writeresp'>

State 9 <SV = 8> <Delay = 2.43>
ST_9 : Operation 86 [63/71] (2.43ns)   --->   "%empty = readreq i1 @_ssdm_op_ReadReq.m_axi.p1i512, i512 %gmem1_addr, i32 256" [/users/arashs/U280_CRC_Accelerator/src/kernel.cpp:676]   --->   Operation 86 'readreq' 'empty' <Predicate = true> <Delay = 2.43> <CoreInst = "m_axi">   --->   Core 121 'm_axi' <Latency = 0> <II = 1> <Delay = 1.00> <Adapter> <Opcode : 'read' 'write' 'readreq' 'writereq' 'writeresp'>

State 10 <SV = 9> <Delay = 2.43>
ST_10 : Operation 87 [62/71] (2.43ns)   --->   "%empty = readreq i1 @_ssdm_op_ReadReq.m_axi.p1i512, i512 %gmem1_addr, i32 256" [/users/arashs/U280_CRC_Accelerator/src/kernel.cpp:676]   --->   Operation 87 'readreq' 'empty' <Predicate = true> <Delay = 2.43> <CoreInst = "m_axi">   --->   Core 121 'm_axi' <Latency = 0> <II = 1> <Delay = 1.00> <Adapter> <Opcode : 'read' 'write' 'readreq' 'writereq' 'writeresp'>

State 11 <SV = 10> <Delay = 2.43>
ST_11 : Operation 88 [61/71] (2.43ns)   --->   "%empty = readreq i1 @_ssdm_op_ReadReq.m_axi.p1i512, i512 %gmem1_addr, i32 256" [/users/arashs/U280_CRC_Accelerator/src/kernel.cpp:676]   --->   Operation 88 'readreq' 'empty' <Predicate = true> <Delay = 2.43> <CoreInst = "m_axi">   --->   Core 121 'm_axi' <Latency = 0> <II = 1> <Delay = 1.00> <Adapter> <Opcode : 'read' 'write' 'readreq' 'writereq' 'writeresp'>

State 12 <SV = 11> <Delay = 2.43>
ST_12 : Operation 89 [60/71] (2.43ns)   --->   "%empty = readreq i1 @_ssdm_op_ReadReq.m_axi.p1i512, i512 %gmem1_addr, i32 256" [/users/arashs/U280_CRC_Accelerator/src/kernel.cpp:676]   --->   Operation 89 'readreq' 'empty' <Predicate = true> <Delay = 2.43> <CoreInst = "m_axi">   --->   Core 121 'm_axi' <Latency = 0> <II = 1> <Delay = 1.00> <Adapter> <Opcode : 'read' 'write' 'readreq' 'writereq' 'writeresp'>

State 13 <SV = 12> <Delay = 2.43>
ST_13 : Operation 90 [59/71] (2.43ns)   --->   "%empty = readreq i1 @_ssdm_op_ReadReq.m_axi.p1i512, i512 %gmem1_addr, i32 256" [/users/arashs/U280_CRC_Accelerator/src/kernel.cpp:676]   --->   Operation 90 'readreq' 'empty' <Predicate = true> <Delay = 2.43> <CoreInst = "m_axi">   --->   Core 121 'm_axi' <Latency = 0> <II = 1> <Delay = 1.00> <Adapter> <Opcode : 'read' 'write' 'readreq' 'writereq' 'writeresp'>

State 14 <SV = 13> <Delay = 2.43>
ST_14 : Operation 91 [58/71] (2.43ns)   --->   "%empty = readreq i1 @_ssdm_op_ReadReq.m_axi.p1i512, i512 %gmem1_addr, i32 256" [/users/arashs/U280_CRC_Accelerator/src/kernel.cpp:676]   --->   Operation 91 'readreq' 'empty' <Predicate = true> <Delay = 2.43> <CoreInst = "m_axi">   --->   Core 121 'm_axi' <Latency = 0> <II = 1> <Delay = 1.00> <Adapter> <Opcode : 'read' 'write' 'readreq' 'writereq' 'writeresp'>

State 15 <SV = 14> <Delay = 2.43>
ST_15 : Operation 92 [57/71] (2.43ns)   --->   "%empty = readreq i1 @_ssdm_op_ReadReq.m_axi.p1i512, i512 %gmem1_addr, i32 256" [/users/arashs/U280_CRC_Accelerator/src/kernel.cpp:676]   --->   Operation 92 'readreq' 'empty' <Predicate = true> <Delay = 2.43> <CoreInst = "m_axi">   --->   Core 121 'm_axi' <Latency = 0> <II = 1> <Delay = 1.00> <Adapter> <Opcode : 'read' 'write' 'readreq' 'writereq' 'writeresp'>

State 16 <SV = 15> <Delay = 2.43>
ST_16 : Operation 93 [56/71] (2.43ns)   --->   "%empty = readreq i1 @_ssdm_op_ReadReq.m_axi.p1i512, i512 %gmem1_addr, i32 256" [/users/arashs/U280_CRC_Accelerator/src/kernel.cpp:676]   --->   Operation 93 'readreq' 'empty' <Predicate = true> <Delay = 2.43> <CoreInst = "m_axi">   --->   Core 121 'm_axi' <Latency = 0> <II = 1> <Delay = 1.00> <Adapter> <Opcode : 'read' 'write' 'readreq' 'writereq' 'writeresp'>

State 17 <SV = 16> <Delay = 2.43>
ST_17 : Operation 94 [55/71] (2.43ns)   --->   "%empty = readreq i1 @_ssdm_op_ReadReq.m_axi.p1i512, i512 %gmem1_addr, i32 256" [/users/arashs/U280_CRC_Accelerator/src/kernel.cpp:676]   --->   Operation 94 'readreq' 'empty' <Predicate = true> <Delay = 2.43> <CoreInst = "m_axi">   --->   Core 121 'm_axi' <Latency = 0> <II = 1> <Delay = 1.00> <Adapter> <Opcode : 'read' 'write' 'readreq' 'writereq' 'writeresp'>

State 18 <SV = 17> <Delay = 2.43>
ST_18 : Operation 95 [54/71] (2.43ns)   --->   "%empty = readreq i1 @_ssdm_op_ReadReq.m_axi.p1i512, i512 %gmem1_addr, i32 256" [/users/arashs/U280_CRC_Accelerator/src/kernel.cpp:676]   --->   Operation 95 'readreq' 'empty' <Predicate = true> <Delay = 2.43> <CoreInst = "m_axi">   --->   Core 121 'm_axi' <Latency = 0> <II = 1> <Delay = 1.00> <Adapter> <Opcode : 'read' 'write' 'readreq' 'writereq' 'writeresp'>

State 19 <SV = 18> <Delay = 2.43>
ST_19 : Operation 96 [53/71] (2.43ns)   --->   "%empty = readreq i1 @_ssdm_op_ReadReq.m_axi.p1i512, i512 %gmem1_addr, i32 256" [/users/arashs/U280_CRC_Accelerator/src/kernel.cpp:676]   --->   Operation 96 'readreq' 'empty' <Predicate = true> <Delay = 2.43> <CoreInst = "m_axi">   --->   Core 121 'm_axi' <Latency = 0> <II = 1> <Delay = 1.00> <Adapter> <Opcode : 'read' 'write' 'readreq' 'writereq' 'writeresp'>

State 20 <SV = 19> <Delay = 2.43>
ST_20 : Operation 97 [52/71] (2.43ns)   --->   "%empty = readreq i1 @_ssdm_op_ReadReq.m_axi.p1i512, i512 %gmem1_addr, i32 256" [/users/arashs/U280_CRC_Accelerator/src/kernel.cpp:676]   --->   Operation 97 'readreq' 'empty' <Predicate = true> <Delay = 2.43> <CoreInst = "m_axi">   --->   Core 121 'm_axi' <Latency = 0> <II = 1> <Delay = 1.00> <Adapter> <Opcode : 'read' 'write' 'readreq' 'writereq' 'writeresp'>

State 21 <SV = 20> <Delay = 2.43>
ST_21 : Operation 98 [51/71] (2.43ns)   --->   "%empty = readreq i1 @_ssdm_op_ReadReq.m_axi.p1i512, i512 %gmem1_addr, i32 256" [/users/arashs/U280_CRC_Accelerator/src/kernel.cpp:676]   --->   Operation 98 'readreq' 'empty' <Predicate = true> <Delay = 2.43> <CoreInst = "m_axi">   --->   Core 121 'm_axi' <Latency = 0> <II = 1> <Delay = 1.00> <Adapter> <Opcode : 'read' 'write' 'readreq' 'writereq' 'writeresp'>

State 22 <SV = 21> <Delay = 2.43>
ST_22 : Operation 99 [50/71] (2.43ns)   --->   "%empty = readreq i1 @_ssdm_op_ReadReq.m_axi.p1i512, i512 %gmem1_addr, i32 256" [/users/arashs/U280_CRC_Accelerator/src/kernel.cpp:676]   --->   Operation 99 'readreq' 'empty' <Predicate = true> <Delay = 2.43> <CoreInst = "m_axi">   --->   Core 121 'm_axi' <Latency = 0> <II = 1> <Delay = 1.00> <Adapter> <Opcode : 'read' 'write' 'readreq' 'writereq' 'writeresp'>

State 23 <SV = 22> <Delay = 2.43>
ST_23 : Operation 100 [49/71] (2.43ns)   --->   "%empty = readreq i1 @_ssdm_op_ReadReq.m_axi.p1i512, i512 %gmem1_addr, i32 256" [/users/arashs/U280_CRC_Accelerator/src/kernel.cpp:676]   --->   Operation 100 'readreq' 'empty' <Predicate = true> <Delay = 2.43> <CoreInst = "m_axi">   --->   Core 121 'm_axi' <Latency = 0> <II = 1> <Delay = 1.00> <Adapter> <Opcode : 'read' 'write' 'readreq' 'writereq' 'writeresp'>

State 24 <SV = 23> <Delay = 2.43>
ST_24 : Operation 101 [48/71] (2.43ns)   --->   "%empty = readreq i1 @_ssdm_op_ReadReq.m_axi.p1i512, i512 %gmem1_addr, i32 256" [/users/arashs/U280_CRC_Accelerator/src/kernel.cpp:676]   --->   Operation 101 'readreq' 'empty' <Predicate = true> <Delay = 2.43> <CoreInst = "m_axi">   --->   Core 121 'm_axi' <Latency = 0> <II = 1> <Delay = 1.00> <Adapter> <Opcode : 'read' 'write' 'readreq' 'writereq' 'writeresp'>

State 25 <SV = 24> <Delay = 2.43>
ST_25 : Operation 102 [47/71] (2.43ns)   --->   "%empty = readreq i1 @_ssdm_op_ReadReq.m_axi.p1i512, i512 %gmem1_addr, i32 256" [/users/arashs/U280_CRC_Accelerator/src/kernel.cpp:676]   --->   Operation 102 'readreq' 'empty' <Predicate = true> <Delay = 2.43> <CoreInst = "m_axi">   --->   Core 121 'm_axi' <Latency = 0> <II = 1> <Delay = 1.00> <Adapter> <Opcode : 'read' 'write' 'readreq' 'writereq' 'writeresp'>

State 26 <SV = 25> <Delay = 2.43>
ST_26 : Operation 103 [46/71] (2.43ns)   --->   "%empty = readreq i1 @_ssdm_op_ReadReq.m_axi.p1i512, i512 %gmem1_addr, i32 256" [/users/arashs/U280_CRC_Accelerator/src/kernel.cpp:676]   --->   Operation 103 'readreq' 'empty' <Predicate = true> <Delay = 2.43> <CoreInst = "m_axi">   --->   Core 121 'm_axi' <Latency = 0> <II = 1> <Delay = 1.00> <Adapter> <Opcode : 'read' 'write' 'readreq' 'writereq' 'writeresp'>

State 27 <SV = 26> <Delay = 2.43>
ST_27 : Operation 104 [45/71] (2.43ns)   --->   "%empty = readreq i1 @_ssdm_op_ReadReq.m_axi.p1i512, i512 %gmem1_addr, i32 256" [/users/arashs/U280_CRC_Accelerator/src/kernel.cpp:676]   --->   Operation 104 'readreq' 'empty' <Predicate = true> <Delay = 2.43> <CoreInst = "m_axi">   --->   Core 121 'm_axi' <Latency = 0> <II = 1> <Delay = 1.00> <Adapter> <Opcode : 'read' 'write' 'readreq' 'writereq' 'writeresp'>

State 28 <SV = 27> <Delay = 2.43>
ST_28 : Operation 105 [44/71] (2.43ns)   --->   "%empty = readreq i1 @_ssdm_op_ReadReq.m_axi.p1i512, i512 %gmem1_addr, i32 256" [/users/arashs/U280_CRC_Accelerator/src/kernel.cpp:676]   --->   Operation 105 'readreq' 'empty' <Predicate = true> <Delay = 2.43> <CoreInst = "m_axi">   --->   Core 121 'm_axi' <Latency = 0> <II = 1> <Delay = 1.00> <Adapter> <Opcode : 'read' 'write' 'readreq' 'writereq' 'writeresp'>

State 29 <SV = 28> <Delay = 2.43>
ST_29 : Operation 106 [43/71] (2.43ns)   --->   "%empty = readreq i1 @_ssdm_op_ReadReq.m_axi.p1i512, i512 %gmem1_addr, i32 256" [/users/arashs/U280_CRC_Accelerator/src/kernel.cpp:676]   --->   Operation 106 'readreq' 'empty' <Predicate = true> <Delay = 2.43> <CoreInst = "m_axi">   --->   Core 121 'm_axi' <Latency = 0> <II = 1> <Delay = 1.00> <Adapter> <Opcode : 'read' 'write' 'readreq' 'writereq' 'writeresp'>

State 30 <SV = 29> <Delay = 2.43>
ST_30 : Operation 107 [42/71] (2.43ns)   --->   "%empty = readreq i1 @_ssdm_op_ReadReq.m_axi.p1i512, i512 %gmem1_addr, i32 256" [/users/arashs/U280_CRC_Accelerator/src/kernel.cpp:676]   --->   Operation 107 'readreq' 'empty' <Predicate = true> <Delay = 2.43> <CoreInst = "m_axi">   --->   Core 121 'm_axi' <Latency = 0> <II = 1> <Delay = 1.00> <Adapter> <Opcode : 'read' 'write' 'readreq' 'writereq' 'writeresp'>

State 31 <SV = 30> <Delay = 2.43>
ST_31 : Operation 108 [41/71] (2.43ns)   --->   "%empty = readreq i1 @_ssdm_op_ReadReq.m_axi.p1i512, i512 %gmem1_addr, i32 256" [/users/arashs/U280_CRC_Accelerator/src/kernel.cpp:676]   --->   Operation 108 'readreq' 'empty' <Predicate = true> <Delay = 2.43> <CoreInst = "m_axi">   --->   Core 121 'm_axi' <Latency = 0> <II = 1> <Delay = 1.00> <Adapter> <Opcode : 'read' 'write' 'readreq' 'writereq' 'writeresp'>

State 32 <SV = 31> <Delay = 2.43>
ST_32 : Operation 109 [40/71] (2.43ns)   --->   "%empty = readreq i1 @_ssdm_op_ReadReq.m_axi.p1i512, i512 %gmem1_addr, i32 256" [/users/arashs/U280_CRC_Accelerator/src/kernel.cpp:676]   --->   Operation 109 'readreq' 'empty' <Predicate = true> <Delay = 2.43> <CoreInst = "m_axi">   --->   Core 121 'm_axi' <Latency = 0> <II = 1> <Delay = 1.00> <Adapter> <Opcode : 'read' 'write' 'readreq' 'writereq' 'writeresp'>

State 33 <SV = 32> <Delay = 2.43>
ST_33 : Operation 110 [39/71] (2.43ns)   --->   "%empty = readreq i1 @_ssdm_op_ReadReq.m_axi.p1i512, i512 %gmem1_addr, i32 256" [/users/arashs/U280_CRC_Accelerator/src/kernel.cpp:676]   --->   Operation 110 'readreq' 'empty' <Predicate = true> <Delay = 2.43> <CoreInst = "m_axi">   --->   Core 121 'm_axi' <Latency = 0> <II = 1> <Delay = 1.00> <Adapter> <Opcode : 'read' 'write' 'readreq' 'writereq' 'writeresp'>

State 34 <SV = 33> <Delay = 2.43>
ST_34 : Operation 111 [38/71] (2.43ns)   --->   "%empty = readreq i1 @_ssdm_op_ReadReq.m_axi.p1i512, i512 %gmem1_addr, i32 256" [/users/arashs/U280_CRC_Accelerator/src/kernel.cpp:676]   --->   Operation 111 'readreq' 'empty' <Predicate = true> <Delay = 2.43> <CoreInst = "m_axi">   --->   Core 121 'm_axi' <Latency = 0> <II = 1> <Delay = 1.00> <Adapter> <Opcode : 'read' 'write' 'readreq' 'writereq' 'writeresp'>

State 35 <SV = 34> <Delay = 2.43>
ST_35 : Operation 112 [37/71] (2.43ns)   --->   "%empty = readreq i1 @_ssdm_op_ReadReq.m_axi.p1i512, i512 %gmem1_addr, i32 256" [/users/arashs/U280_CRC_Accelerator/src/kernel.cpp:676]   --->   Operation 112 'readreq' 'empty' <Predicate = true> <Delay = 2.43> <CoreInst = "m_axi">   --->   Core 121 'm_axi' <Latency = 0> <II = 1> <Delay = 1.00> <Adapter> <Opcode : 'read' 'write' 'readreq' 'writereq' 'writeresp'>

State 36 <SV = 35> <Delay = 2.43>
ST_36 : Operation 113 [36/71] (2.43ns)   --->   "%empty = readreq i1 @_ssdm_op_ReadReq.m_axi.p1i512, i512 %gmem1_addr, i32 256" [/users/arashs/U280_CRC_Accelerator/src/kernel.cpp:676]   --->   Operation 113 'readreq' 'empty' <Predicate = true> <Delay = 2.43> <CoreInst = "m_axi">   --->   Core 121 'm_axi' <Latency = 0> <II = 1> <Delay = 1.00> <Adapter> <Opcode : 'read' 'write' 'readreq' 'writereq' 'writeresp'>

State 37 <SV = 36> <Delay = 2.43>
ST_37 : Operation 114 [35/71] (2.43ns)   --->   "%empty = readreq i1 @_ssdm_op_ReadReq.m_axi.p1i512, i512 %gmem1_addr, i32 256" [/users/arashs/U280_CRC_Accelerator/src/kernel.cpp:676]   --->   Operation 114 'readreq' 'empty' <Predicate = true> <Delay = 2.43> <CoreInst = "m_axi">   --->   Core 121 'm_axi' <Latency = 0> <II = 1> <Delay = 1.00> <Adapter> <Opcode : 'read' 'write' 'readreq' 'writereq' 'writeresp'>

State 38 <SV = 37> <Delay = 2.43>
ST_38 : Operation 115 [34/71] (2.43ns)   --->   "%empty = readreq i1 @_ssdm_op_ReadReq.m_axi.p1i512, i512 %gmem1_addr, i32 256" [/users/arashs/U280_CRC_Accelerator/src/kernel.cpp:676]   --->   Operation 115 'readreq' 'empty' <Predicate = true> <Delay = 2.43> <CoreInst = "m_axi">   --->   Core 121 'm_axi' <Latency = 0> <II = 1> <Delay = 1.00> <Adapter> <Opcode : 'read' 'write' 'readreq' 'writereq' 'writeresp'>

State 39 <SV = 38> <Delay = 2.43>
ST_39 : Operation 116 [33/71] (2.43ns)   --->   "%empty = readreq i1 @_ssdm_op_ReadReq.m_axi.p1i512, i512 %gmem1_addr, i32 256" [/users/arashs/U280_CRC_Accelerator/src/kernel.cpp:676]   --->   Operation 116 'readreq' 'empty' <Predicate = true> <Delay = 2.43> <CoreInst = "m_axi">   --->   Core 121 'm_axi' <Latency = 0> <II = 1> <Delay = 1.00> <Adapter> <Opcode : 'read' 'write' 'readreq' 'writereq' 'writeresp'>

State 40 <SV = 39> <Delay = 2.43>
ST_40 : Operation 117 [32/71] (2.43ns)   --->   "%empty = readreq i1 @_ssdm_op_ReadReq.m_axi.p1i512, i512 %gmem1_addr, i32 256" [/users/arashs/U280_CRC_Accelerator/src/kernel.cpp:676]   --->   Operation 117 'readreq' 'empty' <Predicate = true> <Delay = 2.43> <CoreInst = "m_axi">   --->   Core 121 'm_axi' <Latency = 0> <II = 1> <Delay = 1.00> <Adapter> <Opcode : 'read' 'write' 'readreq' 'writereq' 'writeresp'>

State 41 <SV = 40> <Delay = 2.43>
ST_41 : Operation 118 [31/71] (2.43ns)   --->   "%empty = readreq i1 @_ssdm_op_ReadReq.m_axi.p1i512, i512 %gmem1_addr, i32 256" [/users/arashs/U280_CRC_Accelerator/src/kernel.cpp:676]   --->   Operation 118 'readreq' 'empty' <Predicate = true> <Delay = 2.43> <CoreInst = "m_axi">   --->   Core 121 'm_axi' <Latency = 0> <II = 1> <Delay = 1.00> <Adapter> <Opcode : 'read' 'write' 'readreq' 'writereq' 'writeresp'>

State 42 <SV = 41> <Delay = 2.43>
ST_42 : Operation 119 [30/71] (2.43ns)   --->   "%empty = readreq i1 @_ssdm_op_ReadReq.m_axi.p1i512, i512 %gmem1_addr, i32 256" [/users/arashs/U280_CRC_Accelerator/src/kernel.cpp:676]   --->   Operation 119 'readreq' 'empty' <Predicate = true> <Delay = 2.43> <CoreInst = "m_axi">   --->   Core 121 'm_axi' <Latency = 0> <II = 1> <Delay = 1.00> <Adapter> <Opcode : 'read' 'write' 'readreq' 'writereq' 'writeresp'>

State 43 <SV = 42> <Delay = 2.43>
ST_43 : Operation 120 [29/71] (2.43ns)   --->   "%empty = readreq i1 @_ssdm_op_ReadReq.m_axi.p1i512, i512 %gmem1_addr, i32 256" [/users/arashs/U280_CRC_Accelerator/src/kernel.cpp:676]   --->   Operation 120 'readreq' 'empty' <Predicate = true> <Delay = 2.43> <CoreInst = "m_axi">   --->   Core 121 'm_axi' <Latency = 0> <II = 1> <Delay = 1.00> <Adapter> <Opcode : 'read' 'write' 'readreq' 'writereq' 'writeresp'>

State 44 <SV = 43> <Delay = 2.43>
ST_44 : Operation 121 [28/71] (2.43ns)   --->   "%empty = readreq i1 @_ssdm_op_ReadReq.m_axi.p1i512, i512 %gmem1_addr, i32 256" [/users/arashs/U280_CRC_Accelerator/src/kernel.cpp:676]   --->   Operation 121 'readreq' 'empty' <Predicate = true> <Delay = 2.43> <CoreInst = "m_axi">   --->   Core 121 'm_axi' <Latency = 0> <II = 1> <Delay = 1.00> <Adapter> <Opcode : 'read' 'write' 'readreq' 'writereq' 'writeresp'>

State 45 <SV = 44> <Delay = 2.43>
ST_45 : Operation 122 [27/71] (2.43ns)   --->   "%empty = readreq i1 @_ssdm_op_ReadReq.m_axi.p1i512, i512 %gmem1_addr, i32 256" [/users/arashs/U280_CRC_Accelerator/src/kernel.cpp:676]   --->   Operation 122 'readreq' 'empty' <Predicate = true> <Delay = 2.43> <CoreInst = "m_axi">   --->   Core 121 'm_axi' <Latency = 0> <II = 1> <Delay = 1.00> <Adapter> <Opcode : 'read' 'write' 'readreq' 'writereq' 'writeresp'>

State 46 <SV = 45> <Delay = 2.43>
ST_46 : Operation 123 [26/71] (2.43ns)   --->   "%empty = readreq i1 @_ssdm_op_ReadReq.m_axi.p1i512, i512 %gmem1_addr, i32 256" [/users/arashs/U280_CRC_Accelerator/src/kernel.cpp:676]   --->   Operation 123 'readreq' 'empty' <Predicate = true> <Delay = 2.43> <CoreInst = "m_axi">   --->   Core 121 'm_axi' <Latency = 0> <II = 1> <Delay = 1.00> <Adapter> <Opcode : 'read' 'write' 'readreq' 'writereq' 'writeresp'>

State 47 <SV = 46> <Delay = 2.43>
ST_47 : Operation 124 [25/71] (2.43ns)   --->   "%empty = readreq i1 @_ssdm_op_ReadReq.m_axi.p1i512, i512 %gmem1_addr, i32 256" [/users/arashs/U280_CRC_Accelerator/src/kernel.cpp:676]   --->   Operation 124 'readreq' 'empty' <Predicate = true> <Delay = 2.43> <CoreInst = "m_axi">   --->   Core 121 'm_axi' <Latency = 0> <II = 1> <Delay = 1.00> <Adapter> <Opcode : 'read' 'write' 'readreq' 'writereq' 'writeresp'>

State 48 <SV = 47> <Delay = 2.43>
ST_48 : Operation 125 [24/71] (2.43ns)   --->   "%empty = readreq i1 @_ssdm_op_ReadReq.m_axi.p1i512, i512 %gmem1_addr, i32 256" [/users/arashs/U280_CRC_Accelerator/src/kernel.cpp:676]   --->   Operation 125 'readreq' 'empty' <Predicate = true> <Delay = 2.43> <CoreInst = "m_axi">   --->   Core 121 'm_axi' <Latency = 0> <II = 1> <Delay = 1.00> <Adapter> <Opcode : 'read' 'write' 'readreq' 'writereq' 'writeresp'>

State 49 <SV = 48> <Delay = 2.43>
ST_49 : Operation 126 [23/71] (2.43ns)   --->   "%empty = readreq i1 @_ssdm_op_ReadReq.m_axi.p1i512, i512 %gmem1_addr, i32 256" [/users/arashs/U280_CRC_Accelerator/src/kernel.cpp:676]   --->   Operation 126 'readreq' 'empty' <Predicate = true> <Delay = 2.43> <CoreInst = "m_axi">   --->   Core 121 'm_axi' <Latency = 0> <II = 1> <Delay = 1.00> <Adapter> <Opcode : 'read' 'write' 'readreq' 'writereq' 'writeresp'>

State 50 <SV = 49> <Delay = 2.43>
ST_50 : Operation 127 [22/71] (2.43ns)   --->   "%empty = readreq i1 @_ssdm_op_ReadReq.m_axi.p1i512, i512 %gmem1_addr, i32 256" [/users/arashs/U280_CRC_Accelerator/src/kernel.cpp:676]   --->   Operation 127 'readreq' 'empty' <Predicate = true> <Delay = 2.43> <CoreInst = "m_axi">   --->   Core 121 'm_axi' <Latency = 0> <II = 1> <Delay = 1.00> <Adapter> <Opcode : 'read' 'write' 'readreq' 'writereq' 'writeresp'>

State 51 <SV = 50> <Delay = 2.43>
ST_51 : Operation 128 [21/71] (2.43ns)   --->   "%empty = readreq i1 @_ssdm_op_ReadReq.m_axi.p1i512, i512 %gmem1_addr, i32 256" [/users/arashs/U280_CRC_Accelerator/src/kernel.cpp:676]   --->   Operation 128 'readreq' 'empty' <Predicate = true> <Delay = 2.43> <CoreInst = "m_axi">   --->   Core 121 'm_axi' <Latency = 0> <II = 1> <Delay = 1.00> <Adapter> <Opcode : 'read' 'write' 'readreq' 'writereq' 'writeresp'>

State 52 <SV = 51> <Delay = 2.43>
ST_52 : Operation 129 [20/71] (2.43ns)   --->   "%empty = readreq i1 @_ssdm_op_ReadReq.m_axi.p1i512, i512 %gmem1_addr, i32 256" [/users/arashs/U280_CRC_Accelerator/src/kernel.cpp:676]   --->   Operation 129 'readreq' 'empty' <Predicate = true> <Delay = 2.43> <CoreInst = "m_axi">   --->   Core 121 'm_axi' <Latency = 0> <II = 1> <Delay = 1.00> <Adapter> <Opcode : 'read' 'write' 'readreq' 'writereq' 'writeresp'>

State 53 <SV = 52> <Delay = 2.43>
ST_53 : Operation 130 [19/71] (2.43ns)   --->   "%empty = readreq i1 @_ssdm_op_ReadReq.m_axi.p1i512, i512 %gmem1_addr, i32 256" [/users/arashs/U280_CRC_Accelerator/src/kernel.cpp:676]   --->   Operation 130 'readreq' 'empty' <Predicate = true> <Delay = 2.43> <CoreInst = "m_axi">   --->   Core 121 'm_axi' <Latency = 0> <II = 1> <Delay = 1.00> <Adapter> <Opcode : 'read' 'write' 'readreq' 'writereq' 'writeresp'>

State 54 <SV = 53> <Delay = 2.43>
ST_54 : Operation 131 [18/71] (2.43ns)   --->   "%empty = readreq i1 @_ssdm_op_ReadReq.m_axi.p1i512, i512 %gmem1_addr, i32 256" [/users/arashs/U280_CRC_Accelerator/src/kernel.cpp:676]   --->   Operation 131 'readreq' 'empty' <Predicate = true> <Delay = 2.43> <CoreInst = "m_axi">   --->   Core 121 'm_axi' <Latency = 0> <II = 1> <Delay = 1.00> <Adapter> <Opcode : 'read' 'write' 'readreq' 'writereq' 'writeresp'>

State 55 <SV = 54> <Delay = 2.43>
ST_55 : Operation 132 [17/71] (2.43ns)   --->   "%empty = readreq i1 @_ssdm_op_ReadReq.m_axi.p1i512, i512 %gmem1_addr, i32 256" [/users/arashs/U280_CRC_Accelerator/src/kernel.cpp:676]   --->   Operation 132 'readreq' 'empty' <Predicate = true> <Delay = 2.43> <CoreInst = "m_axi">   --->   Core 121 'm_axi' <Latency = 0> <II = 1> <Delay = 1.00> <Adapter> <Opcode : 'read' 'write' 'readreq' 'writereq' 'writeresp'>

State 56 <SV = 55> <Delay = 2.43>
ST_56 : Operation 133 [16/71] (2.43ns)   --->   "%empty = readreq i1 @_ssdm_op_ReadReq.m_axi.p1i512, i512 %gmem1_addr, i32 256" [/users/arashs/U280_CRC_Accelerator/src/kernel.cpp:676]   --->   Operation 133 'readreq' 'empty' <Predicate = true> <Delay = 2.43> <CoreInst = "m_axi">   --->   Core 121 'm_axi' <Latency = 0> <II = 1> <Delay = 1.00> <Adapter> <Opcode : 'read' 'write' 'readreq' 'writereq' 'writeresp'>

State 57 <SV = 56> <Delay = 2.43>
ST_57 : Operation 134 [15/71] (2.43ns)   --->   "%empty = readreq i1 @_ssdm_op_ReadReq.m_axi.p1i512, i512 %gmem1_addr, i32 256" [/users/arashs/U280_CRC_Accelerator/src/kernel.cpp:676]   --->   Operation 134 'readreq' 'empty' <Predicate = true> <Delay = 2.43> <CoreInst = "m_axi">   --->   Core 121 'm_axi' <Latency = 0> <II = 1> <Delay = 1.00> <Adapter> <Opcode : 'read' 'write' 'readreq' 'writereq' 'writeresp'>

State 58 <SV = 57> <Delay = 2.43>
ST_58 : Operation 135 [14/71] (2.43ns)   --->   "%empty = readreq i1 @_ssdm_op_ReadReq.m_axi.p1i512, i512 %gmem1_addr, i32 256" [/users/arashs/U280_CRC_Accelerator/src/kernel.cpp:676]   --->   Operation 135 'readreq' 'empty' <Predicate = true> <Delay = 2.43> <CoreInst = "m_axi">   --->   Core 121 'm_axi' <Latency = 0> <II = 1> <Delay = 1.00> <Adapter> <Opcode : 'read' 'write' 'readreq' 'writereq' 'writeresp'>

State 59 <SV = 58> <Delay = 2.43>
ST_59 : Operation 136 [13/71] (2.43ns)   --->   "%empty = readreq i1 @_ssdm_op_ReadReq.m_axi.p1i512, i512 %gmem1_addr, i32 256" [/users/arashs/U280_CRC_Accelerator/src/kernel.cpp:676]   --->   Operation 136 'readreq' 'empty' <Predicate = true> <Delay = 2.43> <CoreInst = "m_axi">   --->   Core 121 'm_axi' <Latency = 0> <II = 1> <Delay = 1.00> <Adapter> <Opcode : 'read' 'write' 'readreq' 'writereq' 'writeresp'>

State 60 <SV = 59> <Delay = 2.43>
ST_60 : Operation 137 [12/71] (2.43ns)   --->   "%empty = readreq i1 @_ssdm_op_ReadReq.m_axi.p1i512, i512 %gmem1_addr, i32 256" [/users/arashs/U280_CRC_Accelerator/src/kernel.cpp:676]   --->   Operation 137 'readreq' 'empty' <Predicate = true> <Delay = 2.43> <CoreInst = "m_axi">   --->   Core 121 'm_axi' <Latency = 0> <II = 1> <Delay = 1.00> <Adapter> <Opcode : 'read' 'write' 'readreq' 'writereq' 'writeresp'>

State 61 <SV = 60> <Delay = 2.43>
ST_61 : Operation 138 [11/71] (2.43ns)   --->   "%empty = readreq i1 @_ssdm_op_ReadReq.m_axi.p1i512, i512 %gmem1_addr, i32 256" [/users/arashs/U280_CRC_Accelerator/src/kernel.cpp:676]   --->   Operation 138 'readreq' 'empty' <Predicate = true> <Delay = 2.43> <CoreInst = "m_axi">   --->   Core 121 'm_axi' <Latency = 0> <II = 1> <Delay = 1.00> <Adapter> <Opcode : 'read' 'write' 'readreq' 'writereq' 'writeresp'>

State 62 <SV = 61> <Delay = 2.43>
ST_62 : Operation 139 [10/71] (2.43ns)   --->   "%empty = readreq i1 @_ssdm_op_ReadReq.m_axi.p1i512, i512 %gmem1_addr, i32 256" [/users/arashs/U280_CRC_Accelerator/src/kernel.cpp:676]   --->   Operation 139 'readreq' 'empty' <Predicate = true> <Delay = 2.43> <CoreInst = "m_axi">   --->   Core 121 'm_axi' <Latency = 0> <II = 1> <Delay = 1.00> <Adapter> <Opcode : 'read' 'write' 'readreq' 'writereq' 'writeresp'>

State 63 <SV = 62> <Delay = 2.43>
ST_63 : Operation 140 [9/71] (2.43ns)   --->   "%empty = readreq i1 @_ssdm_op_ReadReq.m_axi.p1i512, i512 %gmem1_addr, i32 256" [/users/arashs/U280_CRC_Accelerator/src/kernel.cpp:676]   --->   Operation 140 'readreq' 'empty' <Predicate = true> <Delay = 2.43> <CoreInst = "m_axi">   --->   Core 121 'm_axi' <Latency = 0> <II = 1> <Delay = 1.00> <Adapter> <Opcode : 'read' 'write' 'readreq' 'writereq' 'writeresp'>

State 64 <SV = 63> <Delay = 2.43>
ST_64 : Operation 141 [8/71] (2.43ns)   --->   "%empty = readreq i1 @_ssdm_op_ReadReq.m_axi.p1i512, i512 %gmem1_addr, i32 256" [/users/arashs/U280_CRC_Accelerator/src/kernel.cpp:676]   --->   Operation 141 'readreq' 'empty' <Predicate = true> <Delay = 2.43> <CoreInst = "m_axi">   --->   Core 121 'm_axi' <Latency = 0> <II = 1> <Delay = 1.00> <Adapter> <Opcode : 'read' 'write' 'readreq' 'writereq' 'writeresp'>

State 65 <SV = 64> <Delay = 2.43>
ST_65 : Operation 142 [7/71] (2.43ns)   --->   "%empty = readreq i1 @_ssdm_op_ReadReq.m_axi.p1i512, i512 %gmem1_addr, i32 256" [/users/arashs/U280_CRC_Accelerator/src/kernel.cpp:676]   --->   Operation 142 'readreq' 'empty' <Predicate = true> <Delay = 2.43> <CoreInst = "m_axi">   --->   Core 121 'm_axi' <Latency = 0> <II = 1> <Delay = 1.00> <Adapter> <Opcode : 'read' 'write' 'readreq' 'writereq' 'writeresp'>

State 66 <SV = 65> <Delay = 2.43>
ST_66 : Operation 143 [6/71] (2.43ns)   --->   "%empty = readreq i1 @_ssdm_op_ReadReq.m_axi.p1i512, i512 %gmem1_addr, i32 256" [/users/arashs/U280_CRC_Accelerator/src/kernel.cpp:676]   --->   Operation 143 'readreq' 'empty' <Predicate = true> <Delay = 2.43> <CoreInst = "m_axi">   --->   Core 121 'm_axi' <Latency = 0> <II = 1> <Delay = 1.00> <Adapter> <Opcode : 'read' 'write' 'readreq' 'writereq' 'writeresp'>

State 67 <SV = 66> <Delay = 2.43>
ST_67 : Operation 144 [5/71] (2.43ns)   --->   "%empty = readreq i1 @_ssdm_op_ReadReq.m_axi.p1i512, i512 %gmem1_addr, i32 256" [/users/arashs/U280_CRC_Accelerator/src/kernel.cpp:676]   --->   Operation 144 'readreq' 'empty' <Predicate = true> <Delay = 2.43> <CoreInst = "m_axi">   --->   Core 121 'm_axi' <Latency = 0> <II = 1> <Delay = 1.00> <Adapter> <Opcode : 'read' 'write' 'readreq' 'writereq' 'writeresp'>

State 68 <SV = 67> <Delay = 2.43>
ST_68 : Operation 145 [4/71] (2.43ns)   --->   "%empty = readreq i1 @_ssdm_op_ReadReq.m_axi.p1i512, i512 %gmem1_addr, i32 256" [/users/arashs/U280_CRC_Accelerator/src/kernel.cpp:676]   --->   Operation 145 'readreq' 'empty' <Predicate = true> <Delay = 2.43> <CoreInst = "m_axi">   --->   Core 121 'm_axi' <Latency = 0> <II = 1> <Delay = 1.00> <Adapter> <Opcode : 'read' 'write' 'readreq' 'writereq' 'writeresp'>

State 69 <SV = 68> <Delay = 2.43>
ST_69 : Operation 146 [3/71] (2.43ns)   --->   "%empty = readreq i1 @_ssdm_op_ReadReq.m_axi.p1i512, i512 %gmem1_addr, i32 256" [/users/arashs/U280_CRC_Accelerator/src/kernel.cpp:676]   --->   Operation 146 'readreq' 'empty' <Predicate = true> <Delay = 2.43> <CoreInst = "m_axi">   --->   Core 121 'm_axi' <Latency = 0> <II = 1> <Delay = 1.00> <Adapter> <Opcode : 'read' 'write' 'readreq' 'writereq' 'writeresp'>

State 70 <SV = 69> <Delay = 2.43>
ST_70 : Operation 147 [2/71] (2.43ns)   --->   "%empty = readreq i1 @_ssdm_op_ReadReq.m_axi.p1i512, i512 %gmem1_addr, i32 256" [/users/arashs/U280_CRC_Accelerator/src/kernel.cpp:676]   --->   Operation 147 'readreq' 'empty' <Predicate = true> <Delay = 2.43> <CoreInst = "m_axi">   --->   Core 121 'm_axi' <Latency = 0> <II = 1> <Delay = 1.00> <Adapter> <Opcode : 'read' 'write' 'readreq' 'writereq' 'writeresp'>

State 71 <SV = 70> <Delay = 2.43>
ST_71 : Operation 148 [1/71] (2.43ns)   --->   "%empty = readreq i1 @_ssdm_op_ReadReq.m_axi.p1i512, i512 %gmem1_addr, i32 256" [/users/arashs/U280_CRC_Accelerator/src/kernel.cpp:676]   --->   Operation 148 'readreq' 'empty' <Predicate = true> <Delay = 2.43> <CoreInst = "m_axi">   --->   Core 121 'm_axi' <Latency = 0> <II = 1> <Delay = 1.00> <Adapter> <Opcode : 'read' 'write' 'readreq' 'writereq' 'writeresp'>

State 72 <SV = 71> <Delay = 0.00>
ST_72 : Operation 149 [2/2] (0.00ns)   --->   "%call_ln676 = call void @process_crc_Loop_init_lut_proc_Pipeline_init_lut_VITIS_LOOP_678_1, i512 %gmem1, i58 %trunc_ln676_1, i32 %crcTables, i32 %crcTables_1, i32 %crcTables_2, i32 %crcTables_3, i32 %crcTables_4, i32 %crcTables_5, i32 %crcTables_6, i32 %crcTables_7, i32 %crcTables_8, i32 %crcTables_9, i32 %crcTables_10, i32 %crcTables_11, i32 %crcTables_12, i32 %crcTables_13, i32 %crcTables_14, i32 %crcTables_15" [/users/arashs/U280_CRC_Accelerator/src/kernel.cpp:676]   --->   Operation 149 'call' 'call_ln676' <Predicate = true> <Delay = 0.00> <CoreType = "Generic">   --->   Core 0 '' <Latency = 0> <II = 1> <Delay = 1.00> <Generic> <Opcode : >

State 73 <SV = 72> <Delay = 0.00>
ST_73 : Operation 150 [1/1] (0.00ns)   --->   "%specmemcore_ln0 = specmemcore void @_ssdm_op_SpecMemCore, i32 %crcTables_15, i64 666, i64 18, i64 18446744073709551615"   --->   Operation 150 'specmemcore' 'specmemcore_ln0' <Predicate = true> <Delay = 0.00>
ST_73 : Operation 151 [1/1] (0.00ns)   --->   "%specmemcore_ln0 = specmemcore void @_ssdm_op_SpecMemCore, i32 %crcTables_14, i64 666, i64 18, i64 18446744073709551615"   --->   Operation 151 'specmemcore' 'specmemcore_ln0' <Predicate = true> <Delay = 0.00>
ST_73 : Operation 152 [1/1] (0.00ns)   --->   "%specmemcore_ln0 = specmemcore void @_ssdm_op_SpecMemCore, i32 %crcTables_13, i64 666, i64 18, i64 18446744073709551615"   --->   Operation 152 'specmemcore' 'specmemcore_ln0' <Predicate = true> <Delay = 0.00>
ST_73 : Operation 153 [1/1] (0.00ns)   --->   "%specmemcore_ln0 = specmemcore void @_ssdm_op_SpecMemCore, i32 %crcTables_12, i64 666, i64 18, i64 18446744073709551615"   --->   Operation 153 'specmemcore' 'specmemcore_ln0' <Predicate = true> <Delay = 0.00>
ST_73 : Operation 154 [1/1] (0.00ns)   --->   "%specmemcore_ln0 = specmemcore void @_ssdm_op_SpecMemCore, i32 %crcTables_11, i64 666, i64 18, i64 18446744073709551615"   --->   Operation 154 'specmemcore' 'specmemcore_ln0' <Predicate = true> <Delay = 0.00>
ST_73 : Operation 155 [1/1] (0.00ns)   --->   "%specmemcore_ln0 = specmemcore void @_ssdm_op_SpecMemCore, i32 %crcTables_10, i64 666, i64 18, i64 18446744073709551615"   --->   Operation 155 'specmemcore' 'specmemcore_ln0' <Predicate = true> <Delay = 0.00>
ST_73 : Operation 156 [1/1] (0.00ns)   --->   "%specmemcore_ln0 = specmemcore void @_ssdm_op_SpecMemCore, i32 %crcTables_9, i64 666, i64 18, i64 18446744073709551615"   --->   Operation 156 'specmemcore' 'specmemcore_ln0' <Predicate = true> <Delay = 0.00>
ST_73 : Operation 157 [1/1] (0.00ns)   --->   "%specmemcore_ln0 = specmemcore void @_ssdm_op_SpecMemCore, i32 %crcTables_8, i64 666, i64 18, i64 18446744073709551615"   --->   Operation 157 'specmemcore' 'specmemcore_ln0' <Predicate = true> <Delay = 0.00>
ST_73 : Operation 158 [1/1] (0.00ns)   --->   "%specmemcore_ln0 = specmemcore void @_ssdm_op_SpecMemCore, i32 %crcTables_7, i64 666, i64 18, i64 18446744073709551615"   --->   Operation 158 'specmemcore' 'specmemcore_ln0' <Predicate = true> <Delay = 0.00>
ST_73 : Operation 159 [1/1] (0.00ns)   --->   "%specmemcore_ln0 = specmemcore void @_ssdm_op_SpecMemCore, i32 %crcTables_6, i64 666, i64 18, i64 18446744073709551615"   --->   Operation 159 'specmemcore' 'specmemcore_ln0' <Predicate = true> <Delay = 0.00>
ST_73 : Operation 160 [1/1] (0.00ns)   --->   "%specmemcore_ln0 = specmemcore void @_ssdm_op_SpecMemCore, i32 %crcTables_5, i64 666, i64 18, i64 18446744073709551615"   --->   Operation 160 'specmemcore' 'specmemcore_ln0' <Predicate = true> <Delay = 0.00>
ST_73 : Operation 161 [1/1] (0.00ns)   --->   "%specmemcore_ln0 = specmemcore void @_ssdm_op_SpecMemCore, i32 %crcTables_4, i64 666, i64 18, i64 18446744073709551615"   --->   Operation 161 'specmemcore' 'specmemcore_ln0' <Predicate = true> <Delay = 0.00>
ST_73 : Operation 162 [1/1] (0.00ns)   --->   "%specmemcore_ln0 = specmemcore void @_ssdm_op_SpecMemCore, i32 %crcTables_3, i64 666, i64 18, i64 18446744073709551615"   --->   Operation 162 'specmemcore' 'specmemcore_ln0' <Predicate = true> <Delay = 0.00>
ST_73 : Operation 163 [1/1] (0.00ns)   --->   "%specmemcore_ln0 = specmemcore void @_ssdm_op_SpecMemCore, i32 %crcTables_2, i64 666, i64 18, i64 18446744073709551615"   --->   Operation 163 'specmemcore' 'specmemcore_ln0' <Predicate = true> <Delay = 0.00>
ST_73 : Operation 164 [1/1] (0.00ns)   --->   "%specmemcore_ln0 = specmemcore void @_ssdm_op_SpecMemCore, i32 %crcTables_1, i64 666, i64 18, i64 18446744073709551615"   --->   Operation 164 'specmemcore' 'specmemcore_ln0' <Predicate = true> <Delay = 0.00>
ST_73 : Operation 165 [1/1] (0.00ns)   --->   "%specmemcore_ln0 = specmemcore void @_ssdm_op_SpecMemCore, i32 %crcTables, i64 666, i64 18, i64 18446744073709551615"   --->   Operation 165 'specmemcore' 'specmemcore_ln0' <Predicate = true> <Delay = 0.00>
ST_73 : Operation 166 [1/1] (0.00ns)   --->   "%specinterface_ln0 = specinterface void @_ssdm_op_SpecInterface, i512 %gmem1, void @empty_17, i32 0, i32 0, void @empty_18, i32 64, i32 4096, void @empty_20, void @empty_4, void @empty_18, i32 16, i32 16, i32 16, i32 16, void @empty_18, void @empty_18, i32 4294967295, i32 0"   --->   Operation 166 'specinterface' 'specinterface_ln0' <Predicate = true> <Delay = 0.00>
ST_73 : Operation 167 [1/2] (0.00ns)   --->   "%call_ln676 = call void @process_crc_Loop_init_lut_proc_Pipeline_init_lut_VITIS_LOOP_678_1, i512 %gmem1, i58 %trunc_ln676_1, i32 %crcTables, i32 %crcTables_1, i32 %crcTables_2, i32 %crcTables_3, i32 %crcTables_4, i32 %crcTables_5, i32 %crcTables_6, i32 %crcTables_7, i32 %crcTables_8, i32 %crcTables_9, i32 %crcTables_10, i32 %crcTables_11, i32 %crcTables_12, i32 %crcTables_13, i32 %crcTables_14, i32 %crcTables_15" [/users/arashs/U280_CRC_Accelerator/src/kernel.cpp:676]   --->   Operation 167 'call' 'call_ln676' <Predicate = true> <Delay = 0.00> <CoreType = "Generic">   --->   Core 0 '' <Latency = 0> <II = 1> <Delay = 1.00> <Generic> <Opcode : >
ST_73 : Operation 168 [1/1] (0.00ns)   --->   "%ret_ln0 = ret"   --->   Operation 168 'ret' 'ret_ln0' <Predicate = true> <Delay = 0.00>


============================================================
+ Verbose Summary: Timing violations
============================================================
Target clock period: 3.333ns, clock uncertainty: 0.900ns.

 <State 1>: 2.433ns
The critical path consists of the following:
	wire read operation ('tables_read', /users/arashs/U280_CRC_Accelerator/src/kernel.cpp:626) on port 'tables' (/users/arashs/U280_CRC_Accelerator/src/kernel.cpp:626) [36]  (0.000 ns)
	'getelementptr' operation ('gmem1_addr', /users/arashs/U280_CRC_Accelerator/src/kernel.cpp:676) [39]  (0.000 ns)
	bus request operation ('empty', /users/arashs/U280_CRC_Accelerator/src/kernel.cpp:676) on port 'gmem1' (/users/arashs/U280_CRC_Accelerator/src/kernel.cpp:676) [40]  (2.433 ns)

 <State 2>: 2.433ns
The critical path consists of the following:
	bus request operation ('empty', /users/arashs/U280_CRC_Accelerator/src/kernel.cpp:676) on port 'gmem1' (/users/arashs/U280_CRC_Accelerator/src/kernel.cpp:676) [40]  (2.433 ns)

 <State 3>: 2.433ns
The critical path consists of the following:
	bus request operation ('empty', /users/arashs/U280_CRC_Accelerator/src/kernel.cpp:676) on port 'gmem1' (/users/arashs/U280_CRC_Accelerator/src/kernel.cpp:676) [40]  (2.433 ns)

 <State 4>: 2.433ns
The critical path consists of the following:
	bus request operation ('empty', /users/arashs/U280_CRC_Accelerator/src/kernel.cpp:676) on port 'gmem1' (/users/arashs/U280_CRC_Accelerator/src/kernel.cpp:676) [40]  (2.433 ns)

 <State 5>: 2.433ns
The critical path consists of the following:
	bus request operation ('empty', /users/arashs/U280_CRC_Accelerator/src/kernel.cpp:676) on port 'gmem1' (/users/arashs/U280_CRC_Accelerator/src/kernel.cpp:676) [40]  (2.433 ns)

 <State 6>: 2.433ns
The critical path consists of the following:
	bus request operation ('empty', /users/arashs/U280_CRC_Accelerator/src/kernel.cpp:676) on port 'gmem1' (/users/arashs/U280_CRC_Accelerator/src/kernel.cpp:676) [40]  (2.433 ns)

 <State 7>: 2.433ns
The critical path consists of the following:
	bus request operation ('empty', /users/arashs/U280_CRC_Accelerator/src/kernel.cpp:676) on port 'gmem1' (/users/arashs/U280_CRC_Accelerator/src/kernel.cpp:676) [40]  (2.433 ns)

 <State 8>: 2.433ns
The critical path consists of the following:
	bus request operation ('empty', /users/arashs/U280_CRC_Accelerator/src/kernel.cpp:676) on port 'gmem1' (/users/arashs/U280_CRC_Accelerator/src/kernel.cpp:676) [40]  (2.433 ns)

 <State 9>: 2.433ns
The critical path consists of the following:
	bus request operation ('empty', /users/arashs/U280_CRC_Accelerator/src/kernel.cpp:676) on port 'gmem1' (/users/arashs/U280_CRC_Accelerator/src/kernel.cpp:676) [40]  (2.433 ns)

 <State 10>: 2.433ns
The critical path consists of the following:
	bus request operation ('empty', /users/arashs/U280_CRC_Accelerator/src/kernel.cpp:676) on port 'gmem1' (/users/arashs/U280_CRC_Accelerator/src/kernel.cpp:676) [40]  (2.433 ns)

 <State 11>: 2.433ns
The critical path consists of the following:
	bus request operation ('empty', /users/arashs/U280_CRC_Accelerator/src/kernel.cpp:676) on port 'gmem1' (/users/arashs/U280_CRC_Accelerator/src/kernel.cpp:676) [40]  (2.433 ns)

 <State 12>: 2.433ns
The critical path consists of the following:
	bus request operation ('empty', /users/arashs/U280_CRC_Accelerator/src/kernel.cpp:676) on port 'gmem1' (/users/arashs/U280_CRC_Accelerator/src/kernel.cpp:676) [40]  (2.433 ns)

 <State 13>: 2.433ns
The critical path consists of the following:
	bus request operation ('empty', /users/arashs/U280_CRC_Accelerator/src/kernel.cpp:676) on port 'gmem1' (/users/arashs/U280_CRC_Accelerator/src/kernel.cpp:676) [40]  (2.433 ns)

 <State 14>: 2.433ns
The critical path consists of the following:
	bus request operation ('empty', /users/arashs/U280_CRC_Accelerator/src/kernel.cpp:676) on port 'gmem1' (/users/arashs/U280_CRC_Accelerator/src/kernel.cpp:676) [40]  (2.433 ns)

 <State 15>: 2.433ns
The critical path consists of the following:
	bus request operation ('empty', /users/arashs/U280_CRC_Accelerator/src/kernel.cpp:676) on port 'gmem1' (/users/arashs/U280_CRC_Accelerator/src/kernel.cpp:676) [40]  (2.433 ns)

 <State 16>: 2.433ns
The critical path consists of the following:
	bus request operation ('empty', /users/arashs/U280_CRC_Accelerator/src/kernel.cpp:676) on port 'gmem1' (/users/arashs/U280_CRC_Accelerator/src/kernel.cpp:676) [40]  (2.433 ns)

 <State 17>: 2.433ns
The critical path consists of the following:
	bus request operation ('empty', /users/arashs/U280_CRC_Accelerator/src/kernel.cpp:676) on port 'gmem1' (/users/arashs/U280_CRC_Accelerator/src/kernel.cpp:676) [40]  (2.433 ns)

 <State 18>: 2.433ns
The critical path consists of the following:
	bus request operation ('empty', /users/arashs/U280_CRC_Accelerator/src/kernel.cpp:676) on port 'gmem1' (/users/arashs/U280_CRC_Accelerator/src/kernel.cpp:676) [40]  (2.433 ns)

 <State 19>: 2.433ns
The critical path consists of the following:
	bus request operation ('empty', /users/arashs/U280_CRC_Accelerator/src/kernel.cpp:676) on port 'gmem1' (/users/arashs/U280_CRC_Accelerator/src/kernel.cpp:676) [40]  (2.433 ns)

 <State 20>: 2.433ns
The critical path consists of the following:
	bus request operation ('empty', /users/arashs/U280_CRC_Accelerator/src/kernel.cpp:676) on port 'gmem1' (/users/arashs/U280_CRC_Accelerator/src/kernel.cpp:676) [40]  (2.433 ns)

 <State 21>: 2.433ns
The critical path consists of the following:
	bus request operation ('empty', /users/arashs/U280_CRC_Accelerator/src/kernel.cpp:676) on port 'gmem1' (/users/arashs/U280_CRC_Accelerator/src/kernel.cpp:676) [40]  (2.433 ns)

 <State 22>: 2.433ns
The critical path consists of the following:
	bus request operation ('empty', /users/arashs/U280_CRC_Accelerator/src/kernel.cpp:676) on port 'gmem1' (/users/arashs/U280_CRC_Accelerator/src/kernel.cpp:676) [40]  (2.433 ns)

 <State 23>: 2.433ns
The critical path consists of the following:
	bus request operation ('empty', /users/arashs/U280_CRC_Accelerator/src/kernel.cpp:676) on port 'gmem1' (/users/arashs/U280_CRC_Accelerator/src/kernel.cpp:676) [40]  (2.433 ns)

 <State 24>: 2.433ns
The critical path consists of the following:
	bus request operation ('empty', /users/arashs/U280_CRC_Accelerator/src/kernel.cpp:676) on port 'gmem1' (/users/arashs/U280_CRC_Accelerator/src/kernel.cpp:676) [40]  (2.433 ns)

 <State 25>: 2.433ns
The critical path consists of the following:
	bus request operation ('empty', /users/arashs/U280_CRC_Accelerator/src/kernel.cpp:676) on port 'gmem1' (/users/arashs/U280_CRC_Accelerator/src/kernel.cpp:676) [40]  (2.433 ns)

 <State 26>: 2.433ns
The critical path consists of the following:
	bus request operation ('empty', /users/arashs/U280_CRC_Accelerator/src/kernel.cpp:676) on port 'gmem1' (/users/arashs/U280_CRC_Accelerator/src/kernel.cpp:676) [40]  (2.433 ns)

 <State 27>: 2.433ns
The critical path consists of the following:
	bus request operation ('empty', /users/arashs/U280_CRC_Accelerator/src/kernel.cpp:676) on port 'gmem1' (/users/arashs/U280_CRC_Accelerator/src/kernel.cpp:676) [40]  (2.433 ns)

 <State 28>: 2.433ns
The critical path consists of the following:
	bus request operation ('empty', /users/arashs/U280_CRC_Accelerator/src/kernel.cpp:676) on port 'gmem1' (/users/arashs/U280_CRC_Accelerator/src/kernel.cpp:676) [40]  (2.433 ns)

 <State 29>: 2.433ns
The critical path consists of the following:
	bus request operation ('empty', /users/arashs/U280_CRC_Accelerator/src/kernel.cpp:676) on port 'gmem1' (/users/arashs/U280_CRC_Accelerator/src/kernel.cpp:676) [40]  (2.433 ns)

 <State 30>: 2.433ns
The critical path consists of the following:
	bus request operation ('empty', /users/arashs/U280_CRC_Accelerator/src/kernel.cpp:676) on port 'gmem1' (/users/arashs/U280_CRC_Accelerator/src/kernel.cpp:676) [40]  (2.433 ns)

 <State 31>: 2.433ns
The critical path consists of the following:
	bus request operation ('empty', /users/arashs/U280_CRC_Accelerator/src/kernel.cpp:676) on port 'gmem1' (/users/arashs/U280_CRC_Accelerator/src/kernel.cpp:676) [40]  (2.433 ns)

 <State 32>: 2.433ns
The critical path consists of the following:
	bus request operation ('empty', /users/arashs/U280_CRC_Accelerator/src/kernel.cpp:676) on port 'gmem1' (/users/arashs/U280_CRC_Accelerator/src/kernel.cpp:676) [40]  (2.433 ns)

 <State 33>: 2.433ns
The critical path consists of the following:
	bus request operation ('empty', /users/arashs/U280_CRC_Accelerator/src/kernel.cpp:676) on port 'gmem1' (/users/arashs/U280_CRC_Accelerator/src/kernel.cpp:676) [40]  (2.433 ns)

 <State 34>: 2.433ns
The critical path consists of the following:
	bus request operation ('empty', /users/arashs/U280_CRC_Accelerator/src/kernel.cpp:676) on port 'gmem1' (/users/arashs/U280_CRC_Accelerator/src/kernel.cpp:676) [40]  (2.433 ns)

 <State 35>: 2.433ns
The critical path consists of the following:
	bus request operation ('empty', /users/arashs/U280_CRC_Accelerator/src/kernel.cpp:676) on port 'gmem1' (/users/arashs/U280_CRC_Accelerator/src/kernel.cpp:676) [40]  (2.433 ns)

 <State 36>: 2.433ns
The critical path consists of the following:
	bus request operation ('empty', /users/arashs/U280_CRC_Accelerator/src/kernel.cpp:676) on port 'gmem1' (/users/arashs/U280_CRC_Accelerator/src/kernel.cpp:676) [40]  (2.433 ns)

 <State 37>: 2.433ns
The critical path consists of the following:
	bus request operation ('empty', /users/arashs/U280_CRC_Accelerator/src/kernel.cpp:676) on port 'gmem1' (/users/arashs/U280_CRC_Accelerator/src/kernel.cpp:676) [40]  (2.433 ns)

 <State 38>: 2.433ns
The critical path consists of the following:
	bus request operation ('empty', /users/arashs/U280_CRC_Accelerator/src/kernel.cpp:676) on port 'gmem1' (/users/arashs/U280_CRC_Accelerator/src/kernel.cpp:676) [40]  (2.433 ns)

 <State 39>: 2.433ns
The critical path consists of the following:
	bus request operation ('empty', /users/arashs/U280_CRC_Accelerator/src/kernel.cpp:676) on port 'gmem1' (/users/arashs/U280_CRC_Accelerator/src/kernel.cpp:676) [40]  (2.433 ns)

 <State 40>: 2.433ns
The critical path consists of the following:
	bus request operation ('empty', /users/arashs/U280_CRC_Accelerator/src/kernel.cpp:676) on port 'gmem1' (/users/arashs/U280_CRC_Accelerator/src/kernel.cpp:676) [40]  (2.433 ns)

 <State 41>: 2.433ns
The critical path consists of the following:
	bus request operation ('empty', /users/arashs/U280_CRC_Accelerator/src/kernel.cpp:676) on port 'gmem1' (/users/arashs/U280_CRC_Accelerator/src/kernel.cpp:676) [40]  (2.433 ns)

 <State 42>: 2.433ns
The critical path consists of the following:
	bus request operation ('empty', /users/arashs/U280_CRC_Accelerator/src/kernel.cpp:676) on port 'gmem1' (/users/arashs/U280_CRC_Accelerator/src/kernel.cpp:676) [40]  (2.433 ns)

 <State 43>: 2.433ns
The critical path consists of the following:
	bus request operation ('empty', /users/arashs/U280_CRC_Accelerator/src/kernel.cpp:676) on port 'gmem1' (/users/arashs/U280_CRC_Accelerator/src/kernel.cpp:676) [40]  (2.433 ns)

 <State 44>: 2.433ns
The critical path consists of the following:
	bus request operation ('empty', /users/arashs/U280_CRC_Accelerator/src/kernel.cpp:676) on port 'gmem1' (/users/arashs/U280_CRC_Accelerator/src/kernel.cpp:676) [40]  (2.433 ns)

 <State 45>: 2.433ns
The critical path consists of the following:
	bus request operation ('empty', /users/arashs/U280_CRC_Accelerator/src/kernel.cpp:676) on port 'gmem1' (/users/arashs/U280_CRC_Accelerator/src/kernel.cpp:676) [40]  (2.433 ns)

 <State 46>: 2.433ns
The critical path consists of the following:
	bus request operation ('empty', /users/arashs/U280_CRC_Accelerator/src/kernel.cpp:676) on port 'gmem1' (/users/arashs/U280_CRC_Accelerator/src/kernel.cpp:676) [40]  (2.433 ns)

 <State 47>: 2.433ns
The critical path consists of the following:
	bus request operation ('empty', /users/arashs/U280_CRC_Accelerator/src/kernel.cpp:676) on port 'gmem1' (/users/arashs/U280_CRC_Accelerator/src/kernel.cpp:676) [40]  (2.433 ns)

 <State 48>: 2.433ns
The critical path consists of the following:
	bus request operation ('empty', /users/arashs/U280_CRC_Accelerator/src/kernel.cpp:676) on port 'gmem1' (/users/arashs/U280_CRC_Accelerator/src/kernel.cpp:676) [40]  (2.433 ns)

 <State 49>: 2.433ns
The critical path consists of the following:
	bus request operation ('empty', /users/arashs/U280_CRC_Accelerator/src/kernel.cpp:676) on port 'gmem1' (/users/arashs/U280_CRC_Accelerator/src/kernel.cpp:676) [40]  (2.433 ns)

 <State 50>: 2.433ns
The critical path consists of the following:
	bus request operation ('empty', /users/arashs/U280_CRC_Accelerator/src/kernel.cpp:676) on port 'gmem1' (/users/arashs/U280_CRC_Accelerator/src/kernel.cpp:676) [40]  (2.433 ns)

 <State 51>: 2.433ns
The critical path consists of the following:
	bus request operation ('empty', /users/arashs/U280_CRC_Accelerator/src/kernel.cpp:676) on port 'gmem1' (/users/arashs/U280_CRC_Accelerator/src/kernel.cpp:676) [40]  (2.433 ns)

 <State 52>: 2.433ns
The critical path consists of the following:
	bus request operation ('empty', /users/arashs/U280_CRC_Accelerator/src/kernel.cpp:676) on port 'gmem1' (/users/arashs/U280_CRC_Accelerator/src/kernel.cpp:676) [40]  (2.433 ns)

 <State 53>: 2.433ns
The critical path consists of the following:
	bus request operation ('empty', /users/arashs/U280_CRC_Accelerator/src/kernel.cpp:676) on port 'gmem1' (/users/arashs/U280_CRC_Accelerator/src/kernel.cpp:676) [40]  (2.433 ns)

 <State 54>: 2.433ns
The critical path consists of the following:
	bus request operation ('empty', /users/arashs/U280_CRC_Accelerator/src/kernel.cpp:676) on port 'gmem1' (/users/arashs/U280_CRC_Accelerator/src/kernel.cpp:676) [40]  (2.433 ns)

 <State 55>: 2.433ns
The critical path consists of the following:
	bus request operation ('empty', /users/arashs/U280_CRC_Accelerator/src/kernel.cpp:676) on port 'gmem1' (/users/arashs/U280_CRC_Accelerator/src/kernel.cpp:676) [40]  (2.433 ns)

 <State 56>: 2.433ns
The critical path consists of the following:
	bus request operation ('empty', /users/arashs/U280_CRC_Accelerator/src/kernel.cpp:676) on port 'gmem1' (/users/arashs/U280_CRC_Accelerator/src/kernel.cpp:676) [40]  (2.433 ns)

 <State 57>: 2.433ns
The critical path consists of the following:
	bus request operation ('empty', /users/arashs/U280_CRC_Accelerator/src/kernel.cpp:676) on port 'gmem1' (/users/arashs/U280_CRC_Accelerator/src/kernel.cpp:676) [40]  (2.433 ns)

 <State 58>: 2.433ns
The critical path consists of the following:
	bus request operation ('empty', /users/arashs/U280_CRC_Accelerator/src/kernel.cpp:676) on port 'gmem1' (/users/arashs/U280_CRC_Accelerator/src/kernel.cpp:676) [40]  (2.433 ns)

 <State 59>: 2.433ns
The critical path consists of the following:
	bus request operation ('empty', /users/arashs/U280_CRC_Accelerator/src/kernel.cpp:676) on port 'gmem1' (/users/arashs/U280_CRC_Accelerator/src/kernel.cpp:676) [40]  (2.433 ns)

 <State 60>: 2.433ns
The critical path consists of the following:
	bus request operation ('empty', /users/arashs/U280_CRC_Accelerator/src/kernel.cpp:676) on port 'gmem1' (/users/arashs/U280_CRC_Accelerator/src/kernel.cpp:676) [40]  (2.433 ns)

 <State 61>: 2.433ns
The critical path consists of the following:
	bus request operation ('empty', /users/arashs/U280_CRC_Accelerator/src/kernel.cpp:676) on port 'gmem1' (/users/arashs/U280_CRC_Accelerator/src/kernel.cpp:676) [40]  (2.433 ns)

 <State 62>: 2.433ns
The critical path consists of the following:
	bus request operation ('empty', /users/arashs/U280_CRC_Accelerator/src/kernel.cpp:676) on port 'gmem1' (/users/arashs/U280_CRC_Accelerator/src/kernel.cpp:676) [40]  (2.433 ns)

 <State 63>: 2.433ns
The critical path consists of the following:
	bus request operation ('empty', /users/arashs/U280_CRC_Accelerator/src/kernel.cpp:676) on port 'gmem1' (/users/arashs/U280_CRC_Accelerator/src/kernel.cpp:676) [40]  (2.433 ns)

 <State 64>: 2.433ns
The critical path consists of the following:
	bus request operation ('empty', /users/arashs/U280_CRC_Accelerator/src/kernel.cpp:676) on port 'gmem1' (/users/arashs/U280_CRC_Accelerator/src/kernel.cpp:676) [40]  (2.433 ns)

 <State 65>: 2.433ns
The critical path consists of the following:
	bus request operation ('empty', /users/arashs/U280_CRC_Accelerator/src/kernel.cpp:676) on port 'gmem1' (/users/arashs/U280_CRC_Accelerator/src/kernel.cpp:676) [40]  (2.433 ns)

 <State 66>: 2.433ns
The critical path consists of the following:
	bus request operation ('empty', /users/arashs/U280_CRC_Accelerator/src/kernel.cpp:676) on port 'gmem1' (/users/arashs/U280_CRC_Accelerator/src/kernel.cpp:676) [40]  (2.433 ns)

 <State 67>: 2.433ns
The critical path consists of the following:
	bus request operation ('empty', /users/arashs/U280_CRC_Accelerator/src/kernel.cpp:676) on port 'gmem1' (/users/arashs/U280_CRC_Accelerator/src/kernel.cpp:676) [40]  (2.433 ns)

 <State 68>: 2.433ns
The critical path consists of the following:
	bus request operation ('empty', /users/arashs/U280_CRC_Accelerator/src/kernel.cpp:676) on port 'gmem1' (/users/arashs/U280_CRC_Accelerator/src/kernel.cpp:676) [40]  (2.433 ns)

 <State 69>: 2.433ns
The critical path consists of the following:
	bus request operation ('empty', /users/arashs/U280_CRC_Accelerator/src/kernel.cpp:676) on port 'gmem1' (/users/arashs/U280_CRC_Accelerator/src/kernel.cpp:676) [40]  (2.433 ns)

 <State 70>: 2.433ns
The critical path consists of the following:
	bus request operation ('empty', /users/arashs/U280_CRC_Accelerator/src/kernel.cpp:676) on port 'gmem1' (/users/arashs/U280_CRC_Accelerator/src/kernel.cpp:676) [40]  (2.433 ns)

 <State 71>: 2.433ns
The critical path consists of the following:
	bus request operation ('empty', /users/arashs/U280_CRC_Accelerator/src/kernel.cpp:676) on port 'gmem1' (/users/arashs/U280_CRC_Accelerator/src/kernel.cpp:676) [40]  (2.433 ns)

 <State 72>: 0.000ns
The critical path consists of the following:

 <State 73>: 0.000ns
The critical path consists of the following:


============================================================
+ Verbose Summary: Binding
============================================================
N/A
* FSMD analyzer results:
  - Output states:
 - Input state : 
  - Chain level:
	State 1
	State 2
	State 3
	State 4
	State 5
	State 6
	State 7
	State 8
	State 9
	State 10
	State 11
	State 12
	State 13
	State 14
	State 15
	State 16
	State 17
	State 18
	State 19
	State 20
	State 21
	State 22
	State 23
	State 24
	State 25
	State 26
	State 27
	State 28
	State 29
	State 30
	State 31
	State 32
	State 33
	State 34
	State 35
	State 36
	State 37
	State 38
	State 39
	State 40
	State 41
	State 42
	State 43
	State 44
	State 45
	State 46
	State 47
	State 48
	State 49
	State 50
	State 51
	State 52
	State 53
	State 54
	State 55
	State 56
	State 57
	State 58
	State 59
	State 60
	State 61
	State 62
	State 63
	State 64
	State 65
	State 66
	State 67
	State 68
	State 69
	State 70
	State 71
	State 72
	State 73


============================================================
+ Verbose Summary: Datapath Resource usage 
============================================================
N/A
