

================================================================
== Vitis HLS Report for 'process_blocks'
================================================================
* Date:           Fri Feb 20 12:32:06 2026

* Version:        2023.1 (Build 3854077 on May  4 2023)
* Project:        calculate_crc
* Solution:       solution (Vitis Kernel Flow Target)
* Product family: virtexuplusHBM
* Target device:  xcu280-fsvh2892-2L-e


================================================================
== Performance Estimates
================================================================
+ Timing: 
    * Summary: 
    +--------+---------+----------+------------+
    |  Clock |  Target | Estimated| Uncertainty|
    +--------+---------+----------+------------+
    |ap_clk  |  3.33 ns|  2.641 ns|     0.90 ns|
    +--------+---------+----------+------------+

+ Latency: 
    * Summary: 
    +---------+---------+----------+----------+-----+-----+---------+
    |  Latency (cycles) |  Latency (absolute) |  Interval | Pipeline|
    |   min   |   max   |    min   |    max   | min | max |   Type  |
    +---------+---------+----------+----------+-----+-----+---------+
    |        ?|        ?|         ?|         ?|    ?|    ?|       no|
    +---------+---------+----------+----------+-----+-----+---------+

    + Detail: 
        * Instance: 
        +-----------------------------------------------+------------------------------------+---------+-----------+----------+-----------+-----+-----------+---------+
        |                                               |                                    |   Latency (cycles)  |  Latency (absolute)  |     Interval    | Pipeline|
        |                    Instance                   |               Module               |   min   |    max    |    min   |    max    | min |    max    |   Type  |
        +-----------------------------------------------+------------------------------------+---------+-----------+----------+-----------+-----+-----------+---------+
        |grp_process_blocks_Pipeline_block_loop_fu_199  |process_blocks_Pipeline_block_loop  |        2|  134217730|  6.666 ns|  0.447 sec|    2|  134217730|       no|
        |grp_process_blocks_Pipeline_tail_loop_fu_271   |process_blocks_Pipeline_tail_loop   |        ?|          ?|         ?|          ?|    ?|          ?|       no|
        +-----------------------------------------------+------------------------------------+---------+-----------+----------+-----------+-----+-----------+---------+

        * Loop: 
        +--------------+---------+---------+----------+-----------+-----------+------+----------+
        |              |  Latency (cycles) | Iteration|  Initiation Interval  | Trip |          |
        |   Loop Name  |   min   |   max   |  Latency |  achieved |   target  | Count| Pipelined|
        +--------------+---------+---------+----------+-----------+-----------+------+----------+
        |- chunk_loop  |        ?|        ?|         ?|          -|          -|     ?|        no|
        +--------------+---------+---------+----------+-----------+-----------+------+----------+

============================================================
+ Verbose Summary: Synthesis Manager
============================================================
InlineROM: 1
ExposeGlobal: 0
============================================================
+ Verbose Summary: CDFG Model
============================================================
IsTopModel: 0
ResetActiveHigh: 1
IsCombinational: 2
IsDatapathOnly: 0
HasWiredReturn: 1
HasMFsm: 0
HasVarLatency: 1
IsPipeline: 0
IsRtlPipelined: 0
IsInstanceOverlapped: 0
IsDontTouch: 0
HasImplIP: 0
IsGatedGlobalClock: 0


============================================================
+ Verbose Summary: Schedule
============================================================
* Number of FSM states : 8
* Pipeline : 0
* Dataflow Pipeline: 0

* FSM state transitions: 
1 --> 2 
2 --> 3 
3 --> 4 
4 --> 5 
5 --> 6 
6 --> 7 
7 --> 8 
8 --> 3 

* FSM state operations: 

State 1 <SV = 0> <Delay = 2.43>
ST_1 : Operation 9 [1/1] (0.00ns)   --->   "%c = alloca i32 1"   --->   Operation 9 'alloca' 'c' <Predicate = true> <Delay = 0.00>
ST_1 : Operation 10 [1/1] (0.00ns)   --->   "%crc_2_loc = alloca i64 1"   --->   Operation 10 'alloca' 'crc_2_loc' <Predicate = true> <Delay = 0.00>
ST_1 : Operation 11 [1/1] (0.00ns)   --->   "%crc_loc = alloca i64 1"   --->   Operation 11 'alloca' 'crc_loc' <Predicate = true> <Delay = 0.00>
ST_1 : Operation 12 [1/1] (1.21ns)   --->   "%init_value_2 = read i32 @_ssdm_op_Read.ap_fifo.i32P0A, i32 %init_value"   --->   Operation 12 'read' 'init_value_2' <Predicate = true> <Delay = 1.21> <CoreInst = "FIFO_SRL">   --->   Core 81 'FIFO_SRL' <Latency = 0> <II = 1> <Delay = 1.46> <Storage> <Opcode : 'read' 'write' 'nbread' 'nbwrite'> <Ports = 0> <Width = 32> <Depth = 3> <FIFO>
ST_1 : Operation 13 [1/1] (1.21ns)   --->   "%crc_size_1 = read i32 @_ssdm_op_Read.ap_fifo.i32P0A, i32 %crc_size"   --->   Operation 13 'read' 'crc_size_1' <Predicate = true> <Delay = 1.21> <CoreInst = "FIFO_SRL">   --->   Core 81 'FIFO_SRL' <Latency = 0> <II = 1> <Delay = 1.46> <Storage> <Opcode : 'read' 'write' 'nbread' 'nbwrite'> <Ports = 0> <Width = 32> <Depth = 3> <FIFO>
ST_1 : Operation 14 [1/1] (1.21ns)   --->   "%chunkSize_1 = read i32 @_ssdm_op_Read.ap_fifo.i32P0A, i32 %chunkSize"   --->   Operation 14 'read' 'chunkSize_1' <Predicate = true> <Delay = 1.21> <CoreInst = "FIFO_SRL">   --->   Core 81 'FIFO_SRL' <Latency = 0> <II = 1> <Delay = 1.39> <Storage> <Opcode : 'read' 'write' 'nbread' 'nbwrite'> <Ports = 0> <Width = 32> <Depth = 2> <FIFO>
ST_1 : Operation 15 [1/1] (1.21ns)   --->   "%numChunks_2 = read i32 @_ssdm_op_Read.ap_fifo.i32P0A, i32 %numChunks"   --->   Operation 15 'read' 'numChunks_2' <Predicate = true> <Delay = 1.21> <CoreInst = "FIFO_SRL">   --->   Core 81 'FIFO_SRL' <Latency = 0> <II = 1> <Delay = 1.39> <Storage> <Opcode : 'read' 'write' 'nbread' 'nbwrite'> <Ports = 0> <Width = 32> <Depth = 2> <FIFO>
ST_1 : Operation 16 [1/1] (1.21ns)   --->   "%write_ln0 = write void @_ssdm_op_Write.ap_fifo.i32P0A, i32 %numChunks_c, i32 %numChunks_2"   --->   Operation 16 'write' 'write_ln0' <Predicate = true> <Delay = 1.21> <CoreInst = "FIFO_SRL">   --->   Core 81 'FIFO_SRL' <Latency = 0> <II = 1> <Delay = 1.39> <Storage> <Opcode : 'read' 'write' 'nbread' 'nbwrite'> <Ports = 0> <Width = 32> <Depth = 2> <FIFO>
ST_1 : Operation 17 [1/1] (0.00ns)   --->   "%tmp = partselect i27 @_ssdm_op_PartSelect.i27.i32.i32.i32, i32 %crc_size_1, i32 5, i32 31" [/users/arashs/U280_CRC_Accelerator/src/kernel.cpp:325]   --->   Operation 17 'partselect' 'tmp' <Predicate = true> <Delay = 0.00>
ST_1 : Operation 18 [1/1] (0.85ns)   --->   "%icmp_ln325 = icmp_eq  i27 %tmp, i27 0" [/users/arashs/U280_CRC_Accelerator/src/kernel.cpp:325]   --->   Operation 18 'icmp' 'icmp_ln325' <Predicate = true> <Delay = 0.85> <CoreInst = "Cmp">   --->   Core 9 'Cmp' <Latency = 0> <II = 1> <Delay = 0.85> <FuncUnit> <Opcode : 'icmp'> <InPorts = 2> <OutPorts = 1>
ST_1 : Operation 19 [1/1] (0.00ns)   --->   "%tmp_1 = bitselect i1 @_ssdm_op_BitSelect.i1.i32.i32, i32 %chunkSize_1, i32 31"   --->   Operation 19 'bitselect' 'tmp_1' <Predicate = true> <Delay = 0.00>
ST_1 : Operation 20 [1/1] (0.88ns)   --->   "%p_neg = sub i32 0, i32 %chunkSize_1"   --->   Operation 20 'sub' 'p_neg' <Predicate = true> <Delay = 0.88> <CoreInst = "Adder">   --->   Core 1 'Adder' <Latency = 0> <II = 1> <Delay = 0.88> <FuncUnit> <Opcode : 'add' 'sub'> <InPorts = 2> <OutPorts = 1>
ST_1 : Operation 21 [1/1] (0.00ns)   --->   "%p_lshr_cast_cast = partselect i28 @_ssdm_op_PartSelect.i28.i32.i32.i32, i32 %p_neg, i32 4, i32 31"   --->   Operation 21 'partselect' 'p_lshr_cast_cast' <Predicate = true> <Delay = 0.00>
ST_1 : Operation 22 [1/1] (0.00ns)   --->   "%p_lshr_f_cast_cast = partselect i28 @_ssdm_op_PartSelect.i28.i32.i32.i32, i32 %chunkSize_1, i32 4, i32 31"   --->   Operation 22 'partselect' 'p_lshr_f_cast_cast' <Predicate = true> <Delay = 0.00>
ST_1 : Operation 23 [1/1] (0.38ns)   --->   "%store_ln329 = store i31 0, i31 %c" [/users/arashs/U280_CRC_Accelerator/src/kernel.cpp:329]   --->   Operation 23 'store' 'store_ln329' <Predicate = true> <Delay = 0.38>

State 2 <SV = 1> <Delay = 2.16>
ST_2 : Operation 24 [1/1] (0.00ns)   --->   "%specinterface_ln0 = specinterface void @_ssdm_op_SpecInterface, i32 %init_value, void @ap_fifo_str, i32 0, i32 0, void @p_str, i32 0, i32 0, void @p_str, void @p_str, void @p_str, i32 2, i32 2, i32 16, i32 16, void @p_str, void @ScalarProp_str, i32 4294967295, i32 0"   --->   Operation 24 'specinterface' 'specinterface_ln0' <Predicate = true> <Delay = 0.00>
ST_2 : Operation 25 [1/1] (0.00ns)   --->   "%specinterface_ln0 = specinterface void @_ssdm_op_SpecInterface, i32 %crc_size, void @ap_fifo_str, i32 0, i32 0, void @p_str, i32 0, i32 0, void @p_str, void @p_str, void @p_str, i32 2, i32 2, i32 16, i32 16, void @p_str, void @ScalarProp_str, i32 4294967295, i32 0"   --->   Operation 25 'specinterface' 'specinterface_ln0' <Predicate = true> <Delay = 0.00>
ST_2 : Operation 26 [1/1] (0.00ns)   --->   "%specinterface_ln0 = specinterface void @_ssdm_op_SpecInterface, i32 %chunkSize, void @ap_fifo_str, i32 0, i32 0, void @p_str, i32 0, i32 0, void @p_str, void @p_str, void @p_str, i32 2, i32 2, i32 16, i32 16, void @p_str, void @ScalarProp_str, i32 4294967295, i32 0"   --->   Operation 26 'specinterface' 'specinterface_ln0' <Predicate = true> <Delay = 0.00>
ST_2 : Operation 27 [1/1] (0.00ns)   --->   "%specinterface_ln0 = specinterface void @_ssdm_op_SpecInterface, i32 %numChunks, void @ap_fifo_str, i32 0, i32 0, void @p_str, i32 0, i32 0, void @p_str, void @p_str, void @p_str, i32 2, i32 2, i32 16, i32 16, void @p_str, void @ScalarProp_str, i32 4294967295, i32 0"   --->   Operation 27 'specinterface' 'specinterface_ln0' <Predicate = true> <Delay = 0.00>
ST_2 : Operation 28 [1/1] (0.00ns)   --->   "%specinterface_ln0 = specinterface void @_ssdm_op_SpecInterface, i32 %numChunks_c, void @ap_fifo_str, i32 0, i32 0, void @p_str, i32 0, i32 0, void @p_str, void @p_str, void @p_str, i32 2, i32 2, i32 16, i32 16, void @p_str, void @ScalarProp_str, i32 4294967295, i32 0"   --->   Operation 28 'specinterface' 'specinterface_ln0' <Predicate = true> <Delay = 0.00>
ST_2 : Operation 29 [1/1] (0.00ns)   --->   "%specmemcore_ln0 = specmemcore void @_ssdm_op_SpecMemCore, i32 %crcTables_0, i64 666, i64 18, i64 18446744073709551615"   --->   Operation 29 'specmemcore' 'specmemcore_ln0' <Predicate = true> <Delay = 0.00>
ST_2 : Operation 30 [1/1] (0.00ns)   --->   "%specmemcore_ln0 = specmemcore void @_ssdm_op_SpecMemCore, i32 %crcTables_1, i64 666, i64 18, i64 18446744073709551615"   --->   Operation 30 'specmemcore' 'specmemcore_ln0' <Predicate = true> <Delay = 0.00>
ST_2 : Operation 31 [1/1] (0.00ns)   --->   "%specmemcore_ln0 = specmemcore void @_ssdm_op_SpecMemCore, i32 %crcTables_2, i64 666, i64 18, i64 18446744073709551615"   --->   Operation 31 'specmemcore' 'specmemcore_ln0' <Predicate = true> <Delay = 0.00>
ST_2 : Operation 32 [1/1] (0.00ns)   --->   "%specmemcore_ln0 = specmemcore void @_ssdm_op_SpecMemCore, i32 %crcTables_3, i64 666, i64 18, i64 18446744073709551615"   --->   Operation 32 'specmemcore' 'specmemcore_ln0' <Predicate = true> <Delay = 0.00>
ST_2 : Operation 33 [1/1] (0.00ns)   --->   "%specmemcore_ln0 = specmemcore void @_ssdm_op_SpecMemCore, i32 %crcTables_4, i64 666, i64 18, i64 18446744073709551615"   --->   Operation 33 'specmemcore' 'specmemcore_ln0' <Predicate = true> <Delay = 0.00>
ST_2 : Operation 34 [1/1] (0.00ns)   --->   "%specmemcore_ln0 = specmemcore void @_ssdm_op_SpecMemCore, i32 %crcTables_5, i64 666, i64 18, i64 18446744073709551615"   --->   Operation 34 'specmemcore' 'specmemcore_ln0' <Predicate = true> <Delay = 0.00>
ST_2 : Operation 35 [1/1] (0.00ns)   --->   "%specmemcore_ln0 = specmemcore void @_ssdm_op_SpecMemCore, i32 %crcTables_6, i64 666, i64 18, i64 18446744073709551615"   --->   Operation 35 'specmemcore' 'specmemcore_ln0' <Predicate = true> <Delay = 0.00>
ST_2 : Operation 36 [1/1] (0.00ns)   --->   "%specmemcore_ln0 = specmemcore void @_ssdm_op_SpecMemCore, i32 %crcTables_7, i64 666, i64 18, i64 18446744073709551615"   --->   Operation 36 'specmemcore' 'specmemcore_ln0' <Predicate = true> <Delay = 0.00>
ST_2 : Operation 37 [1/1] (0.00ns)   --->   "%specmemcore_ln0 = specmemcore void @_ssdm_op_SpecMemCore, i32 %crcTables_8, i64 666, i64 18, i64 18446744073709551615"   --->   Operation 37 'specmemcore' 'specmemcore_ln0' <Predicate = true> <Delay = 0.00>
ST_2 : Operation 38 [1/1] (0.00ns)   --->   "%specmemcore_ln0 = specmemcore void @_ssdm_op_SpecMemCore, i32 %crcTables_9, i64 666, i64 18, i64 18446744073709551615"   --->   Operation 38 'specmemcore' 'specmemcore_ln0' <Predicate = true> <Delay = 0.00>
ST_2 : Operation 39 [1/1] (0.00ns)   --->   "%specmemcore_ln0 = specmemcore void @_ssdm_op_SpecMemCore, i32 %crcTables_10, i64 666, i64 18, i64 18446744073709551615"   --->   Operation 39 'specmemcore' 'specmemcore_ln0' <Predicate = true> <Delay = 0.00>
ST_2 : Operation 40 [1/1] (0.00ns)   --->   "%specmemcore_ln0 = specmemcore void @_ssdm_op_SpecMemCore, i32 %crcTables_11, i64 666, i64 18, i64 18446744073709551615"   --->   Operation 40 'specmemcore' 'specmemcore_ln0' <Predicate = true> <Delay = 0.00>
ST_2 : Operation 41 [1/1] (0.00ns)   --->   "%specmemcore_ln0 = specmemcore void @_ssdm_op_SpecMemCore, i32 %crcTables_12, i64 666, i64 18, i64 18446744073709551615"   --->   Operation 41 'specmemcore' 'specmemcore_ln0' <Predicate = true> <Delay = 0.00>
ST_2 : Operation 42 [1/1] (0.00ns)   --->   "%specmemcore_ln0 = specmemcore void @_ssdm_op_SpecMemCore, i32 %crcTables_13, i64 666, i64 18, i64 18446744073709551615"   --->   Operation 42 'specmemcore' 'specmemcore_ln0' <Predicate = true> <Delay = 0.00>
ST_2 : Operation 43 [1/1] (0.00ns)   --->   "%specmemcore_ln0 = specmemcore void @_ssdm_op_SpecMemCore, i32 %crcTables_14, i64 666, i64 18, i64 18446744073709551615"   --->   Operation 43 'specmemcore' 'specmemcore_ln0' <Predicate = true> <Delay = 0.00>
ST_2 : Operation 44 [1/1] (0.00ns)   --->   "%specmemcore_ln0 = specmemcore void @_ssdm_op_SpecMemCore, i32 %crcTables_15, i64 666, i64 18, i64 18446744073709551615"   --->   Operation 44 'specmemcore' 'specmemcore_ln0' <Predicate = true> <Delay = 0.00>
ST_2 : Operation 45 [1/1] (0.00ns)   --->   "%specinterface_ln0 = specinterface void @_ssdm_op_SpecInterface, i32 %outStream, void @empty_5, i32 0, i32 0, void @empty_18, i32 0, i32 0, void @empty_18, void @empty_18, void @empty_18, i32 0, i32 0, i32 0, i32 0, void @empty_18, void @empty_18, i32 4294967295, i32 0"   --->   Operation 45 'specinterface' 'specinterface_ln0' <Predicate = true> <Delay = 0.00>
ST_2 : Operation 46 [1/1] (0.00ns)   --->   "%specinterface_ln0 = specinterface void @_ssdm_op_SpecInterface, i8 %inByte15, void @empty_5, i32 0, i32 0, void @empty_18, i32 0, i32 0, void @empty_18, void @empty_18, void @empty_18, i32 0, i32 0, i32 0, i32 0, void @empty_18, void @empty_18, i32 4294967295, i32 0"   --->   Operation 46 'specinterface' 'specinterface_ln0' <Predicate = true> <Delay = 0.00>
ST_2 : Operation 47 [1/1] (0.00ns)   --->   "%specinterface_ln0 = specinterface void @_ssdm_op_SpecInterface, i8 %inByte14, void @empty_5, i32 0, i32 0, void @empty_18, i32 0, i32 0, void @empty_18, void @empty_18, void @empty_18, i32 0, i32 0, i32 0, i32 0, void @empty_18, void @empty_18, i32 4294967295, i32 0"   --->   Operation 47 'specinterface' 'specinterface_ln0' <Predicate = true> <Delay = 0.00>
ST_2 : Operation 48 [1/1] (0.00ns)   --->   "%specinterface_ln0 = specinterface void @_ssdm_op_SpecInterface, i8 %inByte13, void @empty_5, i32 0, i32 0, void @empty_18, i32 0, i32 0, void @empty_18, void @empty_18, void @empty_18, i32 0, i32 0, i32 0, i32 0, void @empty_18, void @empty_18, i32 4294967295, i32 0"   --->   Operation 48 'specinterface' 'specinterface_ln0' <Predicate = true> <Delay = 0.00>
ST_2 : Operation 49 [1/1] (0.00ns)   --->   "%specinterface_ln0 = specinterface void @_ssdm_op_SpecInterface, i8 %inByte12, void @empty_5, i32 0, i32 0, void @empty_18, i32 0, i32 0, void @empty_18, void @empty_18, void @empty_18, i32 0, i32 0, i32 0, i32 0, void @empty_18, void @empty_18, i32 4294967295, i32 0"   --->   Operation 49 'specinterface' 'specinterface_ln0' <Predicate = true> <Delay = 0.00>
ST_2 : Operation 50 [1/1] (0.00ns)   --->   "%specinterface_ln0 = specinterface void @_ssdm_op_SpecInterface, i8 %inByte11, void @empty_5, i32 0, i32 0, void @empty_18, i32 0, i32 0, void @empty_18, void @empty_18, void @empty_18, i32 0, i32 0, i32 0, i32 0, void @empty_18, void @empty_18, i32 4294967295, i32 0"   --->   Operation 50 'specinterface' 'specinterface_ln0' <Predicate = true> <Delay = 0.00>
ST_2 : Operation 51 [1/1] (0.00ns)   --->   "%specinterface_ln0 = specinterface void @_ssdm_op_SpecInterface, i8 %inByte10, void @empty_5, i32 0, i32 0, void @empty_18, i32 0, i32 0, void @empty_18, void @empty_18, void @empty_18, i32 0, i32 0, i32 0, i32 0, void @empty_18, void @empty_18, i32 4294967295, i32 0"   --->   Operation 51 'specinterface' 'specinterface_ln0' <Predicate = true> <Delay = 0.00>
ST_2 : Operation 52 [1/1] (0.00ns)   --->   "%specinterface_ln0 = specinterface void @_ssdm_op_SpecInterface, i8 %inByte9, void @empty_5, i32 0, i32 0, void @empty_18, i32 0, i32 0, void @empty_18, void @empty_18, void @empty_18, i32 0, i32 0, i32 0, i32 0, void @empty_18, void @empty_18, i32 4294967295, i32 0"   --->   Operation 52 'specinterface' 'specinterface_ln0' <Predicate = true> <Delay = 0.00>
ST_2 : Operation 53 [1/1] (0.00ns)   --->   "%specinterface_ln0 = specinterface void @_ssdm_op_SpecInterface, i8 %inByte8, void @empty_5, i32 0, i32 0, void @empty_18, i32 0, i32 0, void @empty_18, void @empty_18, void @empty_18, i32 0, i32 0, i32 0, i32 0, void @empty_18, void @empty_18, i32 4294967295, i32 0"   --->   Operation 53 'specinterface' 'specinterface_ln0' <Predicate = true> <Delay = 0.00>
ST_2 : Operation 54 [1/1] (0.00ns)   --->   "%specinterface_ln0 = specinterface void @_ssdm_op_SpecInterface, i8 %inByte7, void @empty_5, i32 0, i32 0, void @empty_18, i32 0, i32 0, void @empty_18, void @empty_18, void @empty_18, i32 0, i32 0, i32 0, i32 0, void @empty_18, void @empty_18, i32 4294967295, i32 0"   --->   Operation 54 'specinterface' 'specinterface_ln0' <Predicate = true> <Delay = 0.00>
ST_2 : Operation 55 [1/1] (0.00ns)   --->   "%specinterface_ln0 = specinterface void @_ssdm_op_SpecInterface, i8 %inByte6, void @empty_5, i32 0, i32 0, void @empty_18, i32 0, i32 0, void @empty_18, void @empty_18, void @empty_18, i32 0, i32 0, i32 0, i32 0, void @empty_18, void @empty_18, i32 4294967295, i32 0"   --->   Operation 55 'specinterface' 'specinterface_ln0' <Predicate = true> <Delay = 0.00>
ST_2 : Operation 56 [1/1] (0.00ns)   --->   "%specinterface_ln0 = specinterface void @_ssdm_op_SpecInterface, i8 %inByte5, void @empty_5, i32 0, i32 0, void @empty_18, i32 0, i32 0, void @empty_18, void @empty_18, void @empty_18, i32 0, i32 0, i32 0, i32 0, void @empty_18, void @empty_18, i32 4294967295, i32 0"   --->   Operation 56 'specinterface' 'specinterface_ln0' <Predicate = true> <Delay = 0.00>
ST_2 : Operation 57 [1/1] (0.00ns)   --->   "%specinterface_ln0 = specinterface void @_ssdm_op_SpecInterface, i8 %inByte4, void @empty_5, i32 0, i32 0, void @empty_18, i32 0, i32 0, void @empty_18, void @empty_18, void @empty_18, i32 0, i32 0, i32 0, i32 0, void @empty_18, void @empty_18, i32 4294967295, i32 0"   --->   Operation 57 'specinterface' 'specinterface_ln0' <Predicate = true> <Delay = 0.00>
ST_2 : Operation 58 [1/1] (0.00ns)   --->   "%specinterface_ln0 = specinterface void @_ssdm_op_SpecInterface, i8 %inByte3, void @empty_5, i32 0, i32 0, void @empty_18, i32 0, i32 0, void @empty_18, void @empty_18, void @empty_18, i32 0, i32 0, i32 0, i32 0, void @empty_18, void @empty_18, i32 4294967295, i32 0"   --->   Operation 58 'specinterface' 'specinterface_ln0' <Predicate = true> <Delay = 0.00>
ST_2 : Operation 59 [1/1] (0.00ns)   --->   "%specinterface_ln0 = specinterface void @_ssdm_op_SpecInterface, i8 %inByte2, void @empty_5, i32 0, i32 0, void @empty_18, i32 0, i32 0, void @empty_18, void @empty_18, void @empty_18, i32 0, i32 0, i32 0, i32 0, void @empty_18, void @empty_18, i32 4294967295, i32 0"   --->   Operation 59 'specinterface' 'specinterface_ln0' <Predicate = true> <Delay = 0.00>
ST_2 : Operation 60 [1/1] (0.00ns)   --->   "%specinterface_ln0 = specinterface void @_ssdm_op_SpecInterface, i8 %inByte1, void @empty_5, i32 0, i32 0, void @empty_18, i32 0, i32 0, void @empty_18, void @empty_18, void @empty_18, i32 0, i32 0, i32 0, i32 0, void @empty_18, void @empty_18, i32 4294967295, i32 0"   --->   Operation 60 'specinterface' 'specinterface_ln0' <Predicate = true> <Delay = 0.00>
ST_2 : Operation 61 [1/1] (0.00ns)   --->   "%specinterface_ln0 = specinterface void @_ssdm_op_SpecInterface, i8 %inByte0, void @empty_5, i32 0, i32 0, void @empty_18, i32 0, i32 0, void @empty_18, void @empty_18, void @empty_18, i32 0, i32 0, i32 0, i32 0, void @empty_18, void @empty_18, i32 4294967295, i32 0"   --->   Operation 61 'specinterface' 'specinterface_ln0' <Predicate = true> <Delay = 0.00>
ST_2 : Operation 62 [1/1] (1.05ns)   --->   "%shl_ln326 = shl i32 1, i32 %crc_size_1" [/users/arashs/U280_CRC_Accelerator/src/kernel.cpp:326]   --->   Operation 62 'shl' 'shl_ln326' <Predicate = (icmp_ln325)> <Delay = 1.05> <CoreInst = "Shifter">   --->   Core 75 'Shifter' <Latency = 0> <II = 1> <Delay = 1.05> <FuncUnit> <Opcode : 'shl' 'lshr' 'ashr'> <InPorts = 2> <OutPorts = 1>
ST_2 : Operation 63 [1/1] (0.88ns)   --->   "%mask = add i32 %shl_ln326, i32 4294967295" [/users/arashs/U280_CRC_Accelerator/src/kernel.cpp:326]   --->   Operation 63 'add' 'mask' <Predicate = (icmp_ln325)> <Delay = 0.88> <CoreInst = "Adder">   --->   Core 1 'Adder' <Latency = 0> <II = 1> <Delay = 0.88> <FuncUnit> <Opcode : 'add' 'sub'> <InPorts = 2> <OutPorts = 1>
ST_2 : Operation 64 [1/1] (0.22ns)   --->   "%mask_1 = select i1 %icmp_ln325, i32 %mask, i32 4294967295" [/users/arashs/U280_CRC_Accelerator/src/kernel.cpp:325]   --->   Operation 64 'select' 'mask_1' <Predicate = true> <Delay = 0.22> <CoreInst = "Sel">   --->   Core 73 'Sel' <Latency = 0> <II = 1> <Delay = 0.22> <FuncUnit> <Opcode : 'select'> <InPorts = 3> <OutPorts = 1>
ST_2 : Operation 65 [1/1] (0.00ns)   --->   "%p_lshr_cast_cast_cast = zext i28 %p_lshr_cast_cast"   --->   Operation 65 'zext' 'p_lshr_cast_cast_cast' <Predicate = (tmp_1)> <Delay = 0.00>
ST_2 : Operation 66 [1/1] (0.85ns)   --->   "%p_neg_t = sub i29 0, i29 %p_lshr_cast_cast_cast"   --->   Operation 66 'sub' 'p_neg_t' <Predicate = (tmp_1)> <Delay = 0.85> <CoreInst = "Adder">   --->   Core 1 'Adder' <Latency = 0> <II = 1> <Delay = 0.85> <FuncUnit> <Opcode : 'add' 'sub'> <InPorts = 2> <OutPorts = 1>
ST_2 : Operation 67 [1/1] (0.00ns)   --->   "%p_lshr_f_cast_cast_cast = zext i28 %p_lshr_f_cast_cast"   --->   Operation 67 'zext' 'p_lshr_f_cast_cast_cast' <Predicate = (!tmp_1)> <Delay = 0.00>
ST_2 : Operation 68 [1/1] (0.29ns)   --->   "%blocks_in_chunk = select i1 %tmp_1, i29 %p_neg_t, i29 %p_lshr_f_cast_cast_cast"   --->   Operation 68 'select' 'blocks_in_chunk' <Predicate = true> <Delay = 0.29> <CoreInst = "Sel">   --->   Core 73 'Sel' <Latency = 0> <II = 1> <Delay = 0.29> <FuncUnit> <Opcode : 'select'> <InPorts = 3> <OutPorts = 1>
ST_2 : Operation 69 [1/1] (0.00ns)   --->   "%trunc_ln329 = trunc i29 %blocks_in_chunk" [/users/arashs/U280_CRC_Accelerator/src/kernel.cpp:329]   --->   Operation 69 'trunc' 'trunc_ln329' <Predicate = true> <Delay = 0.00>
ST_2 : Operation 70 [1/1] (0.00ns)   --->   "%shl_ln = bitconcatenate i32 @_ssdm_op_BitConcatenate.i32.i28.i4, i28 %trunc_ln329, i4 0" [/users/arashs/U280_CRC_Accelerator/src/kernel.cpp:329]   --->   Operation 70 'bitconcatenate' 'shl_ln' <Predicate = true> <Delay = 0.00>
ST_2 : Operation 71 [1/1] (0.88ns)   --->   "%sub_ln329 = sub i32 %chunkSize_1, i32 %shl_ln" [/users/arashs/U280_CRC_Accelerator/src/kernel.cpp:329]   --->   Operation 71 'sub' 'sub_ln329' <Predicate = true> <Delay = 0.88> <CoreInst = "Adder">   --->   Core 1 'Adder' <Latency = 0> <II = 1> <Delay = 0.88> <FuncUnit> <Opcode : 'add' 'sub'> <InPorts = 2> <OutPorts = 1>
ST_2 : Operation 72 [1/1] (0.00ns)   --->   "%br_ln329 = br void %block_loop" [/users/arashs/U280_CRC_Accelerator/src/kernel.cpp:329]   --->   Operation 72 'br' 'br_ln329' <Predicate = true> <Delay = 0.00>

State 3 <SV = 2> <Delay = 2.12>
ST_3 : Operation 73 [1/1] (0.00ns)   --->   "%c_load = load i31 %c" [/users/arashs/U280_CRC_Accelerator/src/kernel.cpp:329]   --->   Operation 73 'load' 'c_load' <Predicate = true> <Delay = 0.00>
ST_3 : Operation 74 [1/1] (0.00ns)   --->   "%zext_ln311 = zext i31 %c_load" [/users/arashs/U280_CRC_Accelerator/src/kernel.cpp:311]   --->   Operation 74 'zext' 'zext_ln311' <Predicate = true> <Delay = 0.00>
ST_3 : Operation 75 [1/1] (0.88ns)   --->   "%icmp_ln329 = icmp_slt  i32 %zext_ln311, i32 %numChunks_2" [/users/arashs/U280_CRC_Accelerator/src/kernel.cpp:329]   --->   Operation 75 'icmp' 'icmp_ln329' <Predicate = true> <Delay = 0.88> <CoreInst = "Cmp">   --->   Core 9 'Cmp' <Latency = 0> <II = 1> <Delay = 0.88> <FuncUnit> <Opcode : 'icmp'> <InPorts = 2> <OutPorts = 1>
ST_3 : Operation 76 [1/1] (0.87ns)   --->   "%add_ln329 = add i31 %c_load, i31 1" [/users/arashs/U280_CRC_Accelerator/src/kernel.cpp:329]   --->   Operation 76 'add' 'add_ln329' <Predicate = true> <Delay = 0.87> <CoreInst = "Adder">   --->   Core 1 'Adder' <Latency = 0> <II = 1> <Delay = 0.87> <FuncUnit> <Opcode : 'add' 'sub'> <InPorts = 2> <OutPorts = 1>
ST_3 : Operation 77 [1/1] (0.00ns)   --->   "%br_ln329 = br i1 %icmp_ln329, void %for.end128.loopexit, void %block_loop.split" [/users/arashs/U280_CRC_Accelerator/src/kernel.cpp:329]   --->   Operation 77 'br' 'br_ln329' <Predicate = true> <Delay = 0.00>
ST_3 : Operation 78 [1/1] (0.00ns)   --->   "%empty = wait i32 @_ssdm_op_Wait"   --->   Operation 78 'wait' 'empty' <Predicate = (icmp_ln329)> <Delay = 0.00>
ST_3 : Operation 79 [2/2] (1.24ns)   --->   "%call_ln325 = call void @process_blocks_Pipeline_block_loop, i32 %init_value_2, i29 %blocks_in_chunk, i8 %inByte0, i8 %inByte1, i8 %inByte2, i8 %inByte3, i8 %inByte4, i8 %inByte5, i8 %inByte6, i8 %inByte7, i8 %inByte8, i8 %inByte9, i8 %inByte10, i8 %inByte11, i8 %inByte12, i8 %inByte13, i8 %inByte14, i8 %inByte15, i32 %crcTables_0, i32 %crcTables_1, i32 %crcTables_2, i32 %crcTables_3, i32 %crcTables_4, i32 %crcTables_5, i32 %crcTables_6, i32 %crcTables_7, i32 %crcTables_8, i32 %crcTables_9, i32 %crcTables_10, i32 %crcTables_11, i32 %crcTables_12, i32 %crcTables_13, i32 %crcTables_14, i32 %crcTables_15, i32 %mask_1, i32 %crc_loc" [/users/arashs/U280_CRC_Accelerator/src/kernel.cpp:325]   --->   Operation 79 'call' 'call_ln325' <Predicate = (icmp_ln329)> <Delay = 1.24> <CoreType = "Generic">   --->   Core 0 '' <Latency = 0> <II = 1> <Delay = 1.00> <Generic> <Opcode : >
ST_3 : Operation 80 [1/1] (0.38ns)   --->   "%store_ln329 = store i31 %add_ln329, i31 %c" [/users/arashs/U280_CRC_Accelerator/src/kernel.cpp:329]   --->   Operation 80 'store' 'store_ln329' <Predicate = (icmp_ln329)> <Delay = 0.38>
ST_3 : Operation 81 [1/1] (0.00ns)   --->   "%ret_ln438 = ret" [/users/arashs/U280_CRC_Accelerator/src/kernel.cpp:438]   --->   Operation 81 'ret' 'ret_ln438' <Predicate = (!icmp_ln329)> <Delay = 0.00>

State 4 <SV = 3> <Delay = 0.00>
ST_4 : Operation 82 [1/2] (0.00ns)   --->   "%call_ln325 = call void @process_blocks_Pipeline_block_loop, i32 %init_value_2, i29 %blocks_in_chunk, i8 %inByte0, i8 %inByte1, i8 %inByte2, i8 %inByte3, i8 %inByte4, i8 %inByte5, i8 %inByte6, i8 %inByte7, i8 %inByte8, i8 %inByte9, i8 %inByte10, i8 %inByte11, i8 %inByte12, i8 %inByte13, i8 %inByte14, i8 %inByte15, i32 %crcTables_0, i32 %crcTables_1, i32 %crcTables_2, i32 %crcTables_3, i32 %crcTables_4, i32 %crcTables_5, i32 %crcTables_6, i32 %crcTables_7, i32 %crcTables_8, i32 %crcTables_9, i32 %crcTables_10, i32 %crcTables_11, i32 %crcTables_12, i32 %crcTables_13, i32 %crcTables_14, i32 %crcTables_15, i32 %mask_1, i32 %crc_loc" [/users/arashs/U280_CRC_Accelerator/src/kernel.cpp:325]   --->   Operation 82 'call' 'call_ln325' <Predicate = true> <Delay = 0.00> <CoreType = "Generic">   --->   Core 0 '' <Latency = 0> <II = 1> <Delay = 1.00> <Generic> <Opcode : >

State 5 <SV = 4> <Delay = 0.00>
ST_5 : Operation 83 [1/1] (0.00ns)   --->   "%empty_64 = wait i32 @_ssdm_op_Wait"   --->   Operation 83 'wait' 'empty_64' <Predicate = true> <Delay = 0.00>

State 6 <SV = 5> <Delay = 1.26>
ST_6 : Operation 84 [1/1] (0.00ns)   --->   "%crc_loc_load = load i32 %crc_loc"   --->   Operation 84 'load' 'crc_loc_load' <Predicate = true> <Delay = 0.00>
ST_6 : Operation 85 [1/1] (0.00ns)   --->   "%empty_65 = wait i32 @_ssdm_op_Wait"   --->   Operation 85 'wait' 'empty_65' <Predicate = true> <Delay = 0.00>
ST_6 : Operation 86 [2/2] (1.26ns)   --->   "%call_ln329 = call void @process_blocks_Pipeline_tail_loop, i32 %crc_loc_load, i32 %sub_ln329, i32 %crcTables_0, i32 %mask_1, i8 %inByte0, i8 %inByte1, i8 %inByte2, i8 %inByte3, i8 %inByte4, i8 %inByte5, i8 %inByte6, i8 %inByte7, i8 %inByte8, i8 %inByte9, i8 %inByte10, i8 %inByte11, i8 %inByte12, i8 %inByte13, i8 %inByte14, i8 %inByte15, i32 %crc_2_loc" [/users/arashs/U280_CRC_Accelerator/src/kernel.cpp:329]   --->   Operation 86 'call' 'call_ln329' <Predicate = true> <Delay = 1.26> <CoreType = "Generic">   --->   Core 0 '' <Latency = 0> <II = 1> <Delay = 1.00> <Generic> <Opcode : >

State 7 <SV = 6> <Delay = 0.00>
ST_7 : Operation 87 [1/2] (0.00ns)   --->   "%call_ln329 = call void @process_blocks_Pipeline_tail_loop, i32 %crc_loc_load, i32 %sub_ln329, i32 %crcTables_0, i32 %mask_1, i8 %inByte0, i8 %inByte1, i8 %inByte2, i8 %inByte3, i8 %inByte4, i8 %inByte5, i8 %inByte6, i8 %inByte7, i8 %inByte8, i8 %inByte9, i8 %inByte10, i8 %inByte11, i8 %inByte12, i8 %inByte13, i8 %inByte14, i8 %inByte15, i32 %crc_2_loc" [/users/arashs/U280_CRC_Accelerator/src/kernel.cpp:329]   --->   Operation 87 'call' 'call_ln329' <Predicate = true> <Delay = 0.00> <CoreType = "Generic">   --->   Core 0 '' <Latency = 0> <II = 1> <Delay = 1.00> <Generic> <Opcode : >

State 8 <SV = 7> <Delay = 1.21>
ST_8 : Operation 88 [1/1] (0.00ns)   --->   "%specloopname_ln329 = specloopname void @_ssdm_op_SpecLoopName, void @empty_23" [/users/arashs/U280_CRC_Accelerator/src/kernel.cpp:329]   --->   Operation 88 'specloopname' 'specloopname_ln329' <Predicate = true> <Delay = 0.00>
ST_8 : Operation 89 [1/1] (0.00ns)   --->   "%crc_2_loc_load = load i32 %crc_2_loc"   --->   Operation 89 'load' 'crc_2_loc_load' <Predicate = true> <Delay = 0.00>
ST_8 : Operation 90 [1/1] (0.00ns)   --->   "%empty_66 = wait i32 @_ssdm_op_Wait"   --->   Operation 90 'wait' 'empty_66' <Predicate = true> <Delay = 0.00>
ST_8 : Operation 91 [1/1] (1.21ns)   --->   "%write_ln436 = write void @_ssdm_op_Write.ap_fifo.volatile.i32P0A, i32 %outStream, i32 %crc_2_loc_load" [/users/arashs/U280_CRC_Accelerator/src/kernel.cpp:436]   --->   Operation 91 'write' 'write_ln436' <Predicate = true> <Delay = 1.21> <CoreInst = "FIFO">   --->   Core 78 'FIFO' <Latency = 0> <II = 1> <Delay = 1.31> <Storage> <Opcode : 'read' 'write' 'nbread' 'nbwrite'> <Ports = 0> <Width = 32> <Depth = 64> <FIFO>
ST_8 : Operation 92 [1/1] (0.00ns)   --->   "%br_ln329 = br void %block_loop" [/users/arashs/U280_CRC_Accelerator/src/kernel.cpp:329]   --->   Operation 92 'br' 'br_ln329' <Predicate = true> <Delay = 0.00>


============================================================
+ Verbose Summary: Binding
============================================================
STG Binding: 
---------------- STG Properties BEGIN ----------------
- Is combinational: 0
- Is one-state seq: 0
- Is datapath-only: 0
- Is pipelined: 0
- Is top level: 0
Port [ Return ] is wired: 1; IO mode=ap_ctrl_hs:ce=0
Port [ crcTables_0]:  wired=1; compound=1; hidden=0; nouse=0; global=0; static=0; extern=0; dir=0; type=1; pingpong=1; private_global=0; MemPort=[1]; IO mode=ap_memory:ce=0
Port [ crcTables_1]:  wired=1; compound=1; hidden=0; nouse=0; global=0; static=0; extern=0; dir=0; type=1; pingpong=1; private_global=0; MemPort=[1]; IO mode=ap_memory:ce=0
Port [ crcTables_2]:  wired=1; compound=1; hidden=0; nouse=0; global=0; static=0; extern=0; dir=0; type=1; pingpong=1; private_global=0; MemPort=[1]; IO mode=ap_memory:ce=0
Port [ crcTables_3]:  wired=1; compound=1; hidden=0; nouse=0; global=0; static=0; extern=0; dir=0; type=1; pingpong=1; private_global=0; MemPort=[1]; IO mode=ap_memory:ce=0
Port [ crcTables_4]:  wired=1; compound=1; hidden=0; nouse=0; global=0; static=0; extern=0; dir=0; type=1; pingpong=1; private_global=0; MemPort=[1]; IO mode=ap_memory:ce=0
Port [ crcTables_5]:  wired=1; compound=1; hidden=0; nouse=0; global=0; static=0; extern=0; dir=0; type=1; pingpong=1; private_global=0; MemPort=[1]; IO mode=ap_memory:ce=0
Port [ crcTables_6]:  wired=1; compound=1; hidden=0; nouse=0; global=0; static=0; extern=0; dir=0; type=1; pingpong=1; private_global=0; MemPort=[1]; IO mode=ap_memory:ce=0
Port [ crcTables_7]:  wired=1; compound=1; hidden=0; nouse=0; global=0; static=0; extern=0; dir=0; type=1; pingpong=1; private_global=0; MemPort=[1]; IO mode=ap_memory:ce=0
Port [ crcTables_8]:  wired=1; compound=1; hidden=0; nouse=0; global=0; static=0; extern=0; dir=0; type=1; pingpong=1; private_global=0; MemPort=[1]; IO mode=ap_memory:ce=0
Port [ crcTables_9]:  wired=1; compound=1; hidden=0; nouse=0; global=0; static=0; extern=0; dir=0; type=1; pingpong=1; private_global=0; MemPort=[1]; IO mode=ap_memory:ce=0
Port [ crcTables_10]:  wired=1; compound=1; hidden=0; nouse=0; global=0; static=0; extern=0; dir=0; type=1; pingpong=1; private_global=0; MemPort=[1]; IO mode=ap_memory:ce=0
Port [ crcTables_11]:  wired=1; compound=1; hidden=0; nouse=0; global=0; static=0; extern=0; dir=0; type=1; pingpong=1; private_global=0; MemPort=[1]; IO mode=ap_memory:ce=0
Port [ crcTables_12]:  wired=1; compound=1; hidden=0; nouse=0; global=0; static=0; extern=0; dir=0; type=1; pingpong=1; private_global=0; MemPort=[1]; IO mode=ap_memory:ce=0
Port [ crcTables_13]:  wired=1; compound=1; hidden=0; nouse=0; global=0; static=0; extern=0; dir=0; type=1; pingpong=1; private_global=0; MemPort=[1]; IO mode=ap_memory:ce=0
Port [ crcTables_14]:  wired=1; compound=1; hidden=0; nouse=0; global=0; static=0; extern=0; dir=0; type=1; pingpong=1; private_global=0; MemPort=[1]; IO mode=ap_memory:ce=0
Port [ crcTables_15]:  wired=1; compound=1; hidden=0; nouse=0; global=0; static=0; extern=0; dir=0; type=1; pingpong=1; private_global=0; MemPort=[1]; IO mode=ap_memory:ce=0
Port [ inByte0]:  wired=1; compound=1; hidden=0; nouse=0; global=0; static=0; extern=0; dir=0; type=3; pingpong=0; private_global=0; IO mode=ap_fifo:ce=0
Port [ inByte1]:  wired=1; compound=1; hidden=0; nouse=0; global=0; static=0; extern=0; dir=0; type=3; pingpong=0; private_global=0; IO mode=ap_fifo:ce=0
Port [ inByte2]:  wired=1; compound=1; hidden=0; nouse=0; global=0; static=0; extern=0; dir=0; type=3; pingpong=0; private_global=0; IO mode=ap_fifo:ce=0
Port [ inByte3]:  wired=1; compound=1; hidden=0; nouse=0; global=0; static=0; extern=0; dir=0; type=3; pingpong=0; private_global=0; IO mode=ap_fifo:ce=0
Port [ inByte4]:  wired=1; compound=1; hidden=0; nouse=0; global=0; static=0; extern=0; dir=0; type=3; pingpong=0; private_global=0; IO mode=ap_fifo:ce=0
Port [ inByte5]:  wired=1; compound=1; hidden=0; nouse=0; global=0; static=0; extern=0; dir=0; type=3; pingpong=0; private_global=0; IO mode=ap_fifo:ce=0
Port [ inByte6]:  wired=1; compound=1; hidden=0; nouse=0; global=0; static=0; extern=0; dir=0; type=3; pingpong=0; private_global=0; IO mode=ap_fifo:ce=0
Port [ inByte7]:  wired=1; compound=1; hidden=0; nouse=0; global=0; static=0; extern=0; dir=0; type=3; pingpong=0; private_global=0; IO mode=ap_fifo:ce=0
Port [ inByte8]:  wired=1; compound=1; hidden=0; nouse=0; global=0; static=0; extern=0; dir=0; type=3; pingpong=0; private_global=0; IO mode=ap_fifo:ce=0
Port [ inByte9]:  wired=1; compound=1; hidden=0; nouse=0; global=0; static=0; extern=0; dir=0; type=3; pingpong=0; private_global=0; IO mode=ap_fifo:ce=0
Port [ inByte10]:  wired=1; compound=1; hidden=0; nouse=0; global=0; static=0; extern=0; dir=0; type=3; pingpong=0; private_global=0; IO mode=ap_fifo:ce=0
Port [ inByte11]:  wired=1; compound=1; hidden=0; nouse=0; global=0; static=0; extern=0; dir=0; type=3; pingpong=0; private_global=0; IO mode=ap_fifo:ce=0
Port [ inByte12]:  wired=1; compound=1; hidden=0; nouse=0; global=0; static=0; extern=0; dir=0; type=3; pingpong=0; private_global=0; IO mode=ap_fifo:ce=0
Port [ inByte13]:  wired=1; compound=1; hidden=0; nouse=0; global=0; static=0; extern=0; dir=0; type=3; pingpong=0; private_global=0; IO mode=ap_fifo:ce=0
Port [ inByte14]:  wired=1; compound=1; hidden=0; nouse=0; global=0; static=0; extern=0; dir=0; type=3; pingpong=0; private_global=0; IO mode=ap_fifo:ce=0
Port [ inByte15]:  wired=1; compound=1; hidden=0; nouse=0; global=0; static=0; extern=0; dir=0; type=3; pingpong=0; private_global=0; IO mode=ap_fifo:ce=0
Port [ crc_size]:  wired=1; compound=1; hidden=0; nouse=0; global=0; static=0; extern=0; dir=0; type=3; pingpong=0; private_global=0; IO mode=ap_fifo:ce=0
Port [ init_value]:  wired=1; compound=1; hidden=0; nouse=0; global=0; static=0; extern=0; dir=0; type=3; pingpong=0; private_global=0; IO mode=ap_fifo:ce=0
Port [ outStream]:  wired=1; compound=1; hidden=0; nouse=0; global=0; static=0; extern=0; dir=1; type=3; pingpong=0; private_global=0; IO mode=ap_fifo:ce=0
Port [ numChunks]:  wired=1; compound=1; hidden=0; nouse=0; global=0; static=0; extern=0; dir=0; type=3; pingpong=0; private_global=0; IO mode=ap_fifo:ce=0
Port [ chunkSize]:  wired=1; compound=1; hidden=0; nouse=0; global=0; static=0; extern=0; dir=0; type=3; pingpong=0; private_global=0; IO mode=ap_fifo:ce=0
Port [ numChunks_c]:  wired=1; compound=1; hidden=0; nouse=0; global=0; static=0; extern=0; dir=1; type=3; pingpong=0; private_global=0; IO mode=ap_fifo:ce=0
---------------- STG Properties END ------------------

---------------- Datapath Model BEGIN ----------------

<LifeTime>
<method=bitvector/>
c                       (alloca        ) [ 011111111]
crc_2_loc               (alloca        ) [ 001111111]
crc_loc                 (alloca        ) [ 001111111]
init_value_2            (read          ) [ 001111111]
crc_size_1              (read          ) [ 001000000]
chunkSize_1             (read          ) [ 001000000]
numChunks_2             (read          ) [ 001111111]
write_ln0               (write         ) [ 000000000]
tmp                     (partselect    ) [ 000000000]
icmp_ln325              (icmp          ) [ 001000000]
tmp_1                   (bitselect     ) [ 001000000]
p_neg                   (sub           ) [ 000000000]
p_lshr_cast_cast        (partselect    ) [ 001000000]
p_lshr_f_cast_cast      (partselect    ) [ 001000000]
store_ln329             (store         ) [ 000000000]
specinterface_ln0       (specinterface ) [ 000000000]
specinterface_ln0       (specinterface ) [ 000000000]
specinterface_ln0       (specinterface ) [ 000000000]
specinterface_ln0       (specinterface ) [ 000000000]
specinterface_ln0       (specinterface ) [ 000000000]
specmemcore_ln0         (specmemcore   ) [ 000000000]
specmemcore_ln0         (specmemcore   ) [ 000000000]
specmemcore_ln0         (specmemcore   ) [ 000000000]
specmemcore_ln0         (specmemcore   ) [ 000000000]
specmemcore_ln0         (specmemcore   ) [ 000000000]
specmemcore_ln0         (specmemcore   ) [ 000000000]
specmemcore_ln0         (specmemcore   ) [ 000000000]
specmemcore_ln0         (specmemcore   ) [ 000000000]
specmemcore_ln0         (specmemcore   ) [ 000000000]
specmemcore_ln0         (specmemcore   ) [ 000000000]
specmemcore_ln0         (specmemcore   ) [ 000000000]
specmemcore_ln0         (specmemcore   ) [ 000000000]
specmemcore_ln0         (specmemcore   ) [ 000000000]
specmemcore_ln0         (specmemcore   ) [ 000000000]
specmemcore_ln0         (specmemcore   ) [ 000000000]
specmemcore_ln0         (specmemcore   ) [ 000000000]
specinterface_ln0       (specinterface ) [ 000000000]
specinterface_ln0       (specinterface ) [ 000000000]
specinterface_ln0       (specinterface ) [ 000000000]
specinterface_ln0       (specinterface ) [ 000000000]
specinterface_ln0       (specinterface ) [ 000000000]
specinterface_ln0       (specinterface ) [ 000000000]
specinterface_ln0       (specinterface ) [ 000000000]
specinterface_ln0       (specinterface ) [ 000000000]
specinterface_ln0       (specinterface ) [ 000000000]
specinterface_ln0       (specinterface ) [ 000000000]
specinterface_ln0       (specinterface ) [ 000000000]
specinterface_ln0       (specinterface ) [ 000000000]
specinterface_ln0       (specinterface ) [ 000000000]
specinterface_ln0       (specinterface ) [ 000000000]
specinterface_ln0       (specinterface ) [ 000000000]
specinterface_ln0       (specinterface ) [ 000000000]
specinterface_ln0       (specinterface ) [ 000000000]
shl_ln326               (shl           ) [ 000000000]
mask                    (add           ) [ 000000000]
mask_1                  (select        ) [ 000111111]
p_lshr_cast_cast_cast   (zext          ) [ 000000000]
p_neg_t                 (sub           ) [ 000000000]
p_lshr_f_cast_cast_cast (zext          ) [ 000000000]
blocks_in_chunk         (select        ) [ 000111111]
trunc_ln329             (trunc         ) [ 000000000]
shl_ln                  (bitconcatenate) [ 000000000]
sub_ln329               (sub           ) [ 000111111]
br_ln329                (br            ) [ 000000000]
c_load                  (load          ) [ 000000000]
zext_ln311              (zext          ) [ 000000000]
icmp_ln329              (icmp          ) [ 000111111]
add_ln329               (add           ) [ 000000000]
br_ln329                (br            ) [ 000000000]
empty                   (wait          ) [ 000000000]
store_ln329             (store         ) [ 000000000]
ret_ln438               (ret           ) [ 000000000]
call_ln325              (call          ) [ 000000000]
empty_64                (wait          ) [ 000000000]
crc_loc_load            (load          ) [ 000000010]
empty_65                (wait          ) [ 000000000]
call_ln329              (call          ) [ 000000000]
specloopname_ln329      (specloopname  ) [ 000000000]
crc_2_loc_load          (load          ) [ 000000000]
empty_66                (wait          ) [ 000000000]
write_ln436             (write         ) [ 000000000]
br_ln329                (br            ) [ 000000000]
</LifeTime>

<model>

<comp_list>
<comp id="0" class="1000" name="crcTables_0">
<pin_list>
<pin id="1" dir="1" index="0" bw="1" slack="0"/>
</pin_list>
<bind>
<StgValue><ssdm name="crcTables_0"/><MemPortTyVec>1 </MemPortTyVec>
</StgValue>
</bind>
</comp>

<comp id="2" class="1000" name="crcTables_1">
<pin_list>
<pin id="3" dir="1" index="0" bw="1" slack="0"/>
</pin_list>
<bind>
<StgValue><ssdm name="crcTables_1"/><MemPortTyVec>1 </MemPortTyVec>
</StgValue>
</bind>
</comp>

<comp id="4" class="1000" name="crcTables_2">
<pin_list>
<pin id="5" dir="1" index="0" bw="1" slack="0"/>
</pin_list>
<bind>
<StgValue><ssdm name="crcTables_2"/><MemPortTyVec>1 </MemPortTyVec>
</StgValue>
</bind>
</comp>

<comp id="6" class="1000" name="crcTables_3">
<pin_list>
<pin id="7" dir="1" index="0" bw="1" slack="0"/>
</pin_list>
<bind>
<StgValue><ssdm name="crcTables_3"/><MemPortTyVec>1 </MemPortTyVec>
</StgValue>
</bind>
</comp>

<comp id="8" class="1000" name="crcTables_4">
<pin_list>
<pin id="9" dir="1" index="0" bw="1" slack="0"/>
</pin_list>
<bind>
<StgValue><ssdm name="crcTables_4"/><MemPortTyVec>1 </MemPortTyVec>
</StgValue>
</bind>
</comp>

<comp id="10" class="1000" name="crcTables_5">
<pin_list>
<pin id="11" dir="1" index="0" bw="1" slack="0"/>
</pin_list>
<bind>
<StgValue><ssdm name="crcTables_5"/><MemPortTyVec>1 </MemPortTyVec>
</StgValue>
</bind>
</comp>

<comp id="12" class="1000" name="crcTables_6">
<pin_list>
<pin id="13" dir="1" index="0" bw="1" slack="0"/>
</pin_list>
<bind>
<StgValue><ssdm name="crcTables_6"/><MemPortTyVec>1 </MemPortTyVec>
</StgValue>
</bind>
</comp>

<comp id="14" class="1000" name="crcTables_7">
<pin_list>
<pin id="15" dir="1" index="0" bw="1" slack="0"/>
</pin_list>
<bind>
<StgValue><ssdm name="crcTables_7"/><MemPortTyVec>1 </MemPortTyVec>
</StgValue>
</bind>
</comp>

<comp id="16" class="1000" name="crcTables_8">
<pin_list>
<pin id="17" dir="1" index="0" bw="1" slack="0"/>
</pin_list>
<bind>
<StgValue><ssdm name="crcTables_8"/><MemPortTyVec>1 </MemPortTyVec>
</StgValue>
</bind>
</comp>

<comp id="18" class="1000" name="crcTables_9">
<pin_list>
<pin id="19" dir="1" index="0" bw="1" slack="0"/>
</pin_list>
<bind>
<StgValue><ssdm name="crcTables_9"/><MemPortTyVec>1 </MemPortTyVec>
</StgValue>
</bind>
</comp>

<comp id="20" class="1000" name="crcTables_10">
<pin_list>
<pin id="21" dir="1" index="0" bw="1" slack="0"/>
</pin_list>
<bind>
<StgValue><ssdm name="crcTables_10"/><MemPortTyVec>1 </MemPortTyVec>
</StgValue>
</bind>
</comp>

<comp id="22" class="1000" name="crcTables_11">
<pin_list>
<pin id="23" dir="1" index="0" bw="1" slack="0"/>
</pin_list>
<bind>
<StgValue><ssdm name="crcTables_11"/><MemPortTyVec>1 </MemPortTyVec>
</StgValue>
</bind>
</comp>

<comp id="24" class="1000" name="crcTables_12">
<pin_list>
<pin id="25" dir="1" index="0" bw="1" slack="0"/>
</pin_list>
<bind>
<StgValue><ssdm name="crcTables_12"/><MemPortTyVec>1 </MemPortTyVec>
</StgValue>
</bind>
</comp>

<comp id="26" class="1000" name="crcTables_13">
<pin_list>
<pin id="27" dir="1" index="0" bw="1" slack="0"/>
</pin_list>
<bind>
<StgValue><ssdm name="crcTables_13"/><MemPortTyVec>1 </MemPortTyVec>
</StgValue>
</bind>
</comp>

<comp id="28" class="1000" name="crcTables_14">
<pin_list>
<pin id="29" dir="1" index="0" bw="1" slack="0"/>
</pin_list>
<bind>
<StgValue><ssdm name="crcTables_14"/><MemPortTyVec>1 </MemPortTyVec>
</StgValue>
</bind>
</comp>

<comp id="30" class="1000" name="crcTables_15">
<pin_list>
<pin id="31" dir="1" index="0" bw="1" slack="0"/>
</pin_list>
<bind>
<StgValue><ssdm name="crcTables_15"/><MemPortTyVec>1 </MemPortTyVec>
</StgValue>
</bind>
</comp>

<comp id="32" class="1000" name="inByte0">
<pin_list>
<pin id="33" dir="1" index="0" bw="1" slack="0"/>
</pin_list>
<bind>
<StgValue><ssdm name="inByte0"/></StgValue>
</bind>
</comp>

<comp id="34" class="1000" name="inByte1">
<pin_list>
<pin id="35" dir="1" index="0" bw="1" slack="0"/>
</pin_list>
<bind>
<StgValue><ssdm name="inByte1"/></StgValue>
</bind>
</comp>

<comp id="36" class="1000" name="inByte2">
<pin_list>
<pin id="37" dir="1" index="0" bw="1" slack="0"/>
</pin_list>
<bind>
<StgValue><ssdm name="inByte2"/></StgValue>
</bind>
</comp>

<comp id="38" class="1000" name="inByte3">
<pin_list>
<pin id="39" dir="1" index="0" bw="1" slack="0"/>
</pin_list>
<bind>
<StgValue><ssdm name="inByte3"/></StgValue>
</bind>
</comp>

<comp id="40" class="1000" name="inByte4">
<pin_list>
<pin id="41" dir="1" index="0" bw="1" slack="0"/>
</pin_list>
<bind>
<StgValue><ssdm name="inByte4"/></StgValue>
</bind>
</comp>

<comp id="42" class="1000" name="inByte5">
<pin_list>
<pin id="43" dir="1" index="0" bw="1" slack="0"/>
</pin_list>
<bind>
<StgValue><ssdm name="inByte5"/></StgValue>
</bind>
</comp>

<comp id="44" class="1000" name="inByte6">
<pin_list>
<pin id="45" dir="1" index="0" bw="1" slack="0"/>
</pin_list>
<bind>
<StgValue><ssdm name="inByte6"/></StgValue>
</bind>
</comp>

<comp id="46" class="1000" name="inByte7">
<pin_list>
<pin id="47" dir="1" index="0" bw="1" slack="0"/>
</pin_list>
<bind>
<StgValue><ssdm name="inByte7"/></StgValue>
</bind>
</comp>

<comp id="48" class="1000" name="inByte8">
<pin_list>
<pin id="49" dir="1" index="0" bw="1" slack="0"/>
</pin_list>
<bind>
<StgValue><ssdm name="inByte8"/></StgValue>
</bind>
</comp>

<comp id="50" class="1000" name="inByte9">
<pin_list>
<pin id="51" dir="1" index="0" bw="1" slack="0"/>
</pin_list>
<bind>
<StgValue><ssdm name="inByte9"/></StgValue>
</bind>
</comp>

<comp id="52" class="1000" name="inByte10">
<pin_list>
<pin id="53" dir="1" index="0" bw="1" slack="0"/>
</pin_list>
<bind>
<StgValue><ssdm name="inByte10"/></StgValue>
</bind>
</comp>

<comp id="54" class="1000" name="inByte11">
<pin_list>
<pin id="55" dir="1" index="0" bw="1" slack="0"/>
</pin_list>
<bind>
<StgValue><ssdm name="inByte11"/></StgValue>
</bind>
</comp>

<comp id="56" class="1000" name="inByte12">
<pin_list>
<pin id="57" dir="1" index="0" bw="1" slack="0"/>
</pin_list>
<bind>
<StgValue><ssdm name="inByte12"/></StgValue>
</bind>
</comp>

<comp id="58" class="1000" name="inByte13">
<pin_list>
<pin id="59" dir="1" index="0" bw="1" slack="0"/>
</pin_list>
<bind>
<StgValue><ssdm name="inByte13"/></StgValue>
</bind>
</comp>

<comp id="60" class="1000" name="inByte14">
<pin_list>
<pin id="61" dir="1" index="0" bw="1" slack="0"/>
</pin_list>
<bind>
<StgValue><ssdm name="inByte14"/></StgValue>
</bind>
</comp>

<comp id="62" class="1000" name="inByte15">
<pin_list>
<pin id="63" dir="1" index="0" bw="1" slack="0"/>
</pin_list>
<bind>
<StgValue><ssdm name="inByte15"/></StgValue>
</bind>
</comp>

<comp id="64" class="1000" name="crc_size">
<pin_list>
<pin id="65" dir="1" index="0" bw="1" slack="0"/>
</pin_list>
<bind>
<StgValue><ssdm name="crc_size"/></StgValue>
</bind>
</comp>

<comp id="66" class="1000" name="init_value">
<pin_list>
<pin id="67" dir="1" index="0" bw="1" slack="0"/>
</pin_list>
<bind>
<StgValue><ssdm name="init_value"/></StgValue>
</bind>
</comp>

<comp id="68" class="1000" name="outStream">
<pin_list>
<pin id="69" dir="1" index="0" bw="1" slack="0"/>
</pin_list>
<bind>
<StgValue><ssdm name="outStream"/></StgValue>
</bind>
</comp>

<comp id="70" class="1000" name="numChunks">
<pin_list>
<pin id="71" dir="1" index="0" bw="1" slack="0"/>
</pin_list>
<bind>
<StgValue><ssdm name="numChunks"/></StgValue>
</bind>
</comp>

<comp id="72" class="1000" name="chunkSize">
<pin_list>
<pin id="73" dir="1" index="0" bw="1" slack="0"/>
</pin_list>
<bind>
<StgValue><ssdm name="chunkSize"/></StgValue>
</bind>
</comp>

<comp id="74" class="1000" name="numChunks_c">
<pin_list>
<pin id="75" dir="1" index="0" bw="1" slack="0"/>
</pin_list>
<bind>
<StgValue><ssdm name="numChunks_c"/></StgValue>
</bind>
</comp>

<comp id="76" class="1001" name="const_76">
<pin_list>
<pin id="77" dir="1" index="0" bw="1" slack="0"/>
</pin_list>
<bind>
<StgValue><ssdm name=""/></StgValue>
</bind>
</comp>

<comp id="78" class="1001" name="const_78">
<pin_list>
<pin id="79" dir="1" index="0" bw="1" slack="0"/>
</pin_list>
<bind>
<StgValue><ssdm name=""/></StgValue>
</bind>
</comp>

<comp id="80" class="1001" name="const_80">
<pin_list>
<pin id="81" dir="1" index="0" bw="1" slack="0"/>
</pin_list>
<bind>
<StgValue><ssdm name="_ssdm_op_Read.ap_fifo.i32P0A"/></StgValue>
</bind>
</comp>

<comp id="82" class="1001" name="const_82">
<pin_list>
<pin id="83" dir="1" index="0" bw="1" slack="0"/>
</pin_list>
<bind>
<StgValue><ssdm name="_ssdm_op_Write.ap_fifo.i32P0A"/></StgValue>
</bind>
</comp>

<comp id="84" class="1001" name="const_84">
<pin_list>
<pin id="85" dir="1" index="0" bw="1" slack="0"/>
</pin_list>
<bind>
<StgValue><ssdm name="_ssdm_op_PartSelect.i27.i32.i32.i32"/></StgValue>
</bind>
</comp>

<comp id="86" class="1001" name="const_86">
<pin_list>
<pin id="87" dir="1" index="0" bw="1" slack="0"/>
</pin_list>
<bind>
<StgValue><ssdm name=""/></StgValue>
</bind>
</comp>

<comp id="88" class="1001" name="const_88">
<pin_list>
<pin id="89" dir="1" index="0" bw="1" slack="0"/>
</pin_list>
<bind>
<StgValue><ssdm name=""/></StgValue>
</bind>
</comp>

<comp id="90" class="1001" name="const_90">
<pin_list>
<pin id="91" dir="1" index="0" bw="1" slack="0"/>
</pin_list>
<bind>
<StgValue><ssdm name=""/></StgValue>
</bind>
</comp>

<comp id="92" class="1001" name="const_92">
<pin_list>
<pin id="93" dir="1" index="0" bw="1" slack="0"/>
</pin_list>
<bind>
<StgValue><ssdm name="_ssdm_op_BitSelect.i1.i32.i32"/></StgValue>
</bind>
</comp>

<comp id="94" class="1001" name="const_94">
<pin_list>
<pin id="95" dir="1" index="0" bw="1" slack="0"/>
</pin_list>
<bind>
<StgValue><ssdm name=""/></StgValue>
</bind>
</comp>

<comp id="96" class="1001" name="const_96">
<pin_list>
<pin id="97" dir="1" index="0" bw="1" slack="0"/>
</pin_list>
<bind>
<StgValue><ssdm name="_ssdm_op_PartSelect.i28.i32.i32.i32"/></StgValue>
</bind>
</comp>

<comp id="98" class="1001" name="const_98">
<pin_list>
<pin id="99" dir="1" index="0" bw="1" slack="0"/>
</pin_list>
<bind>
<StgValue><ssdm name=""/></StgValue>
</bind>
</comp>

<comp id="100" class="1001" name="const_100">
<pin_list>
<pin id="101" dir="1" index="0" bw="1" slack="0"/>
</pin_list>
<bind>
<StgValue><ssdm name=""/></StgValue>
</bind>
</comp>

<comp id="102" class="1001" name="const_102">
<pin_list>
<pin id="103" dir="1" index="0" bw="1" slack="2147483647"/>
</pin_list>
<bind>
<StgValue><ssdm name="_ssdm_op_SpecInterface"/></StgValue>
</bind>
</comp>

<comp id="104" class="1001" name="const_104">
<pin_list>
<pin id="105" dir="1" index="0" bw="1" slack="2147483647"/>
</pin_list>
<bind>
<StgValue><ssdm name="ap_fifo_str"/></StgValue>
</bind>
</comp>

<comp id="106" class="1001" name="const_106">
<pin_list>
<pin id="107" dir="1" index="0" bw="1" slack="2147483647"/>
</pin_list>
<bind>
<StgValue><ssdm name="p_str"/></StgValue>
</bind>
</comp>

<comp id="108" class="1001" name="const_108">
<pin_list>
<pin id="109" dir="1" index="0" bw="1" slack="2147483647"/>
</pin_list>
<bind>
<StgValue><ssdm name=""/></StgValue>
</bind>
</comp>

<comp id="110" class="1001" name="const_110">
<pin_list>
<pin id="111" dir="1" index="0" bw="1" slack="2147483647"/>
</pin_list>
<bind>
<StgValue><ssdm name=""/></StgValue>
</bind>
</comp>

<comp id="112" class="1001" name="const_112">
<pin_list>
<pin id="113" dir="1" index="0" bw="1" slack="2147483647"/>
</pin_list>
<bind>
<StgValue><ssdm name="ScalarProp_str"/></StgValue>
</bind>
</comp>

<comp id="114" class="1001" name="const_114">
<pin_list>
<pin id="115" dir="1" index="0" bw="1" slack="0"/>
</pin_list>
<bind>
<StgValue><ssdm name=""/></StgValue>
</bind>
</comp>

<comp id="116" class="1001" name="const_116">
<pin_list>
<pin id="117" dir="1" index="0" bw="1" slack="2147483647"/>
</pin_list>
<bind>
<StgValue><ssdm name="_ssdm_op_SpecMemCore"/></StgValue>
</bind>
</comp>

<comp id="118" class="1001" name="const_118">
<pin_list>
<pin id="119" dir="1" index="0" bw="1" slack="2147483647"/>
</pin_list>
<bind>
<StgValue><ssdm name=""/></StgValue>
</bind>
</comp>

<comp id="120" class="1001" name="const_120">
<pin_list>
<pin id="121" dir="1" index="0" bw="1" slack="2147483647"/>
</pin_list>
<bind>
<StgValue><ssdm name=""/></StgValue>
</bind>
</comp>

<comp id="122" class="1001" name="const_122">
<pin_list>
<pin id="123" dir="1" index="0" bw="1" slack="2147483647"/>
</pin_list>
<bind>
<StgValue><ssdm name=""/></StgValue>
</bind>
</comp>

<comp id="124" class="1001" name="const_124">
<pin_list>
<pin id="125" dir="1" index="0" bw="1" slack="2147483647"/>
</pin_list>
<bind>
<StgValue><ssdm name="empty_5"/></StgValue>
</bind>
</comp>

<comp id="126" class="1001" name="const_126">
<pin_list>
<pin id="127" dir="1" index="0" bw="1" slack="2147483647"/>
</pin_list>
<bind>
<StgValue><ssdm name="empty_18"/></StgValue>
</bind>
</comp>

<comp id="128" class="1001" name="const_128">
<pin_list>
<pin id="129" dir="1" index="0" bw="1" slack="0"/>
</pin_list>
<bind>
<StgValue><ssdm name=""/></StgValue>
</bind>
</comp>

<comp id="130" class="1001" name="const_130">
<pin_list>
<pin id="131" dir="1" index="0" bw="1" slack="0"/>
</pin_list>
<bind>
<StgValue><ssdm name="_ssdm_op_BitConcatenate.i32.i28.i4"/></StgValue>
</bind>
</comp>

<comp id="132" class="1001" name="const_132">
<pin_list>
<pin id="133" dir="1" index="0" bw="1" slack="0"/>
</pin_list>
<bind>
<StgValue><ssdm name=""/></StgValue>
</bind>
</comp>

<comp id="134" class="1001" name="const_134">
<pin_list>
<pin id="135" dir="1" index="0" bw="1" slack="0"/>
</pin_list>
<bind>
<StgValue><ssdm name=""/></StgValue>
</bind>
</comp>

<comp id="136" class="1001" name="const_136">
<pin_list>
<pin id="137" dir="1" index="0" bw="1" slack="2147483647"/>
</pin_list>
<bind>
<StgValue><ssdm name="_ssdm_op_Wait"/></StgValue>
</bind>
</comp>

<comp id="138" class="1001" name="const_138">
<pin_list>
<pin id="139" dir="1" index="0" bw="1" slack="0"/>
</pin_list>
<bind>
<StgValue><ssdm name="process_blocks_Pipeline_block_loop"/></StgValue>
</bind>
</comp>

<comp id="140" class="1001" name="const_140">
<pin_list>
<pin id="141" dir="1" index="0" bw="1" slack="0"/>
</pin_list>
<bind>
<StgValue><ssdm name="process_blocks_Pipeline_tail_loop"/></StgValue>
</bind>
</comp>

<comp id="142" class="1001" name="const_142">
<pin_list>
<pin id="143" dir="1" index="0" bw="1" slack="2147483647"/>
</pin_list>
<bind>
<StgValue><ssdm name="_ssdm_op_SpecLoopName"/></StgValue>
</bind>
</comp>

<comp id="144" class="1001" name="const_144">
<pin_list>
<pin id="145" dir="1" index="0" bw="1" slack="2147483647"/>
</pin_list>
<bind>
<StgValue><ssdm name="empty_23"/></StgValue>
</bind>
</comp>

<comp id="146" class="1001" name="const_146">
<pin_list>
<pin id="147" dir="1" index="0" bw="1" slack="0"/>
</pin_list>
<bind>
<StgValue><ssdm name="_ssdm_op_Write.ap_fifo.volatile.i32P0A"/></StgValue>
</bind>
</comp>

<comp id="148" class="1004" name="c_fu_148">
<pin_list>
<pin id="149" dir="0" index="0" bw="1" slack="0"/>
<pin id="150" dir="1" index="1" bw="31" slack="0"/>
</pin_list>
<bind>
<opcode="alloca(26) " fcode="alloca"/>
<opset="c/1 "/>
</bind>
</comp>

<comp id="152" class="1004" name="crc_2_loc_fu_152">
<pin_list>
<pin id="153" dir="0" index="0" bw="1" slack="0"/>
<pin id="154" dir="1" index="1" bw="32" slack="5"/>
</pin_list>
<bind>
<opcode="alloca(26) " fcode="alloca"/>
<opset="crc_2_loc/1 "/>
</bind>
</comp>

<comp id="156" class="1004" name="crc_loc_fu_156">
<pin_list>
<pin id="157" dir="0" index="0" bw="1" slack="0"/>
<pin id="158" dir="1" index="1" bw="32" slack="2"/>
</pin_list>
<bind>
<opcode="alloca(26) " fcode="alloca"/>
<opset="crc_loc/1 "/>
</bind>
</comp>

<comp id="160" class="1004" name="init_value_2_read_fu_160">
<pin_list>
<pin id="161" dir="0" index="0" bw="32" slack="0"/>
<pin id="162" dir="0" index="1" bw="32" slack="0"/>
<pin id="163" dir="1" index="2" bw="32" slack="2"/>
</pin_list>
<bind>
<opcode="read(1150) " fcode="read"/>
<opset="init_value_2/1 "/>
</bind>
</comp>

<comp id="166" class="1004" name="crc_size_1_read_fu_166">
<pin_list>
<pin id="167" dir="0" index="0" bw="32" slack="0"/>
<pin id="168" dir="0" index="1" bw="32" slack="0"/>
<pin id="169" dir="1" index="2" bw="32" slack="0"/>
</pin_list>
<bind>
<opcode="read(1150) " fcode="read"/>
<opset="crc_size_1/1 "/>
</bind>
</comp>

<comp id="172" class="1004" name="chunkSize_1_read_fu_172">
<pin_list>
<pin id="173" dir="0" index="0" bw="32" slack="0"/>
<pin id="174" dir="0" index="1" bw="32" slack="0"/>
<pin id="175" dir="1" index="2" bw="32" slack="0"/>
</pin_list>
<bind>
<opcode="read(1150) " fcode="read"/>
<opset="chunkSize_1/1 "/>
</bind>
</comp>

<comp id="178" class="1004" name="numChunks_2_read_fu_178">
<pin_list>
<pin id="179" dir="0" index="0" bw="32" slack="0"/>
<pin id="180" dir="0" index="1" bw="32" slack="0"/>
<pin id="181" dir="1" index="2" bw="32" slack="0"/>
</pin_list>
<bind>
<opcode="read(1150) " fcode="read"/>
<opset="numChunks_2/1 "/>
</bind>
</comp>

<comp id="184" class="1004" name="write_ln0_write_fu_184">
<pin_list>
<pin id="185" dir="0" index="0" bw="0" slack="0"/>
<pin id="186" dir="0" index="1" bw="32" slack="0"/>
<pin id="187" dir="0" index="2" bw="32" slack="0"/>
<pin id="188" dir="1" index="3" bw="0" slack="2147483647"/>
</pin_list>
<bind>
<opcode="write(1151) " fcode="write"/>
<opset="write_ln0/1 "/>
</bind>
</comp>

<comp id="192" class="1004" name="write_ln436_write_fu_192">
<pin_list>
<pin id="193" dir="0" index="0" bw="0" slack="0"/>
<pin id="194" dir="0" index="1" bw="32" slack="0"/>
<pin id="195" dir="0" index="2" bw="32" slack="0"/>
<pin id="196" dir="1" index="3" bw="0" slack="2147483647"/>
</pin_list>
<bind>
<opcode="write(1151) " fcode="write"/>
<opset="write_ln436/8 "/>
</bind>
</comp>

<comp id="199" class="1004" name="grp_process_blocks_Pipeline_block_loop_fu_199">
<pin_list>
<pin id="200" dir="0" index="0" bw="0" slack="0"/>
<pin id="201" dir="0" index="1" bw="32" slack="2"/>
<pin id="202" dir="0" index="2" bw="29" slack="1"/>
<pin id="203" dir="0" index="3" bw="8" slack="0"/>
<pin id="204" dir="0" index="4" bw="8" slack="0"/>
<pin id="205" dir="0" index="5" bw="8" slack="0"/>
<pin id="206" dir="0" index="6" bw="8" slack="0"/>
<pin id="207" dir="0" index="7" bw="8" slack="0"/>
<pin id="208" dir="0" index="8" bw="8" slack="0"/>
<pin id="209" dir="0" index="9" bw="8" slack="0"/>
<pin id="210" dir="0" index="10" bw="8" slack="0"/>
<pin id="211" dir="0" index="11" bw="8" slack="0"/>
<pin id="212" dir="0" index="12" bw="8" slack="0"/>
<pin id="213" dir="0" index="13" bw="8" slack="0"/>
<pin id="214" dir="0" index="14" bw="8" slack="0"/>
<pin id="215" dir="0" index="15" bw="8" slack="0"/>
<pin id="216" dir="0" index="16" bw="8" slack="0"/>
<pin id="217" dir="0" index="17" bw="8" slack="0"/>
<pin id="218" dir="0" index="18" bw="8" slack="0"/>
<pin id="219" dir="0" index="19" bw="32" slack="0"/>
<pin id="220" dir="0" index="20" bw="32" slack="0"/>
<pin id="221" dir="0" index="21" bw="32" slack="0"/>
<pin id="222" dir="0" index="22" bw="32" slack="0"/>
<pin id="223" dir="0" index="23" bw="32" slack="0"/>
<pin id="224" dir="0" index="24" bw="32" slack="0"/>
<pin id="225" dir="0" index="25" bw="32" slack="0"/>
<pin id="226" dir="0" index="26" bw="32" slack="0"/>
<pin id="227" dir="0" index="27" bw="32" slack="0"/>
<pin id="228" dir="0" index="28" bw="32" slack="0"/>
<pin id="229" dir="0" index="29" bw="32" slack="0"/>
<pin id="230" dir="0" index="30" bw="32" slack="0"/>
<pin id="231" dir="0" index="31" bw="32" slack="0"/>
<pin id="232" dir="0" index="32" bw="32" slack="0"/>
<pin id="233" dir="0" index="33" bw="32" slack="0"/>
<pin id="234" dir="0" index="34" bw="32" slack="0"/>
<pin id="235" dir="0" index="35" bw="32" slack="1"/>
<pin id="236" dir="0" index="36" bw="32" slack="2"/>
<pin id="237" dir="1" index="37" bw="0" slack="2147483647"/>
</pin_list>
<bind>
<opcode="call(48) " fcode="call"/>
<opset="call_ln325/3 "/>
</bind>
</comp>

<comp id="271" class="1004" name="grp_process_blocks_Pipeline_tail_loop_fu_271">
<pin_list>
<pin id="272" dir="0" index="0" bw="0" slack="0"/>
<pin id="273" dir="0" index="1" bw="32" slack="0"/>
<pin id="274" dir="0" index="2" bw="32" slack="4"/>
<pin id="275" dir="0" index="3" bw="32" slack="0"/>
<pin id="276" dir="0" index="4" bw="32" slack="4"/>
<pin id="277" dir="0" index="5" bw="8" slack="0"/>
<pin id="278" dir="0" index="6" bw="8" slack="0"/>
<pin id="279" dir="0" index="7" bw="8" slack="0"/>
<pin id="280" dir="0" index="8" bw="8" slack="0"/>
<pin id="281" dir="0" index="9" bw="8" slack="0"/>
<pin id="282" dir="0" index="10" bw="8" slack="0"/>
<pin id="283" dir="0" index="11" bw="8" slack="0"/>
<pin id="284" dir="0" index="12" bw="8" slack="0"/>
<pin id="285" dir="0" index="13" bw="8" slack="0"/>
<pin id="286" dir="0" index="14" bw="8" slack="0"/>
<pin id="287" dir="0" index="15" bw="8" slack="0"/>
<pin id="288" dir="0" index="16" bw="8" slack="0"/>
<pin id="289" dir="0" index="17" bw="8" slack="0"/>
<pin id="290" dir="0" index="18" bw="8" slack="0"/>
<pin id="291" dir="0" index="19" bw="8" slack="0"/>
<pin id="292" dir="0" index="20" bw="8" slack="0"/>
<pin id="293" dir="0" index="21" bw="32" slack="5"/>
<pin id="294" dir="1" index="22" bw="0" slack="2147483647"/>
</pin_list>
<bind>
<opcode="call(48) " fcode="call"/>
<opset="call_ln329/6 "/>
</bind>
</comp>

<comp id="313" class="1004" name="tmp_fu_313">
<pin_list>
<pin id="314" dir="0" index="0" bw="27" slack="0"/>
<pin id="315" dir="0" index="1" bw="32" slack="0"/>
<pin id="316" dir="0" index="2" bw="4" slack="0"/>
<pin id="317" dir="0" index="3" bw="6" slack="0"/>
<pin id="318" dir="1" index="4" bw="27" slack="0"/>
</pin_list>
<bind>
<opcode="partselect(1002) " fcode="partselect"/>
<opset="tmp/1 "/>
</bind>
</comp>

<comp id="323" class="1004" name="icmp_ln325_fu_323">
<pin_list>
<pin id="324" dir="0" index="0" bw="27" slack="0"/>
<pin id="325" dir="0" index="1" bw="1" slack="0"/>
<pin id="326" dir="1" index="2" bw="1" slack="1"/>
</pin_list>
<bind>
<opcode="icmp(45) " fcode="icmp"/>
<opset="icmp_ln325/1 "/>
</bind>
</comp>

<comp id="329" class="1004" name="tmp_1_fu_329">
<pin_list>
<pin id="330" dir="0" index="0" bw="1" slack="0"/>
<pin id="331" dir="0" index="1" bw="32" slack="0"/>
<pin id="332" dir="0" index="2" bw="6" slack="0"/>
<pin id="333" dir="1" index="3" bw="1" slack="1"/>
</pin_list>
<bind>
<opcode="bitselect(1000) " fcode="bitselect"/>
<opset="tmp_1/1 "/>
</bind>
</comp>

<comp id="337" class="1004" name="p_neg_fu_337">
<pin_list>
<pin id="338" dir="0" index="0" bw="1" slack="0"/>
<pin id="339" dir="0" index="1" bw="32" slack="0"/>
<pin id="340" dir="1" index="2" bw="32" slack="0"/>
</pin_list>
<bind>
<opcode="sub(10) " fcode="sub"/>
<opset="p_neg/1 "/>
</bind>
</comp>

<comp id="343" class="1004" name="p_lshr_cast_cast_fu_343">
<pin_list>
<pin id="344" dir="0" index="0" bw="28" slack="0"/>
<pin id="345" dir="0" index="1" bw="32" slack="0"/>
<pin id="346" dir="0" index="2" bw="4" slack="0"/>
<pin id="347" dir="0" index="3" bw="6" slack="0"/>
<pin id="348" dir="1" index="4" bw="28" slack="1"/>
</pin_list>
<bind>
<opcode="partselect(1002) " fcode="partselect"/>
<opset="p_lshr_cast_cast/1 "/>
</bind>
</comp>

<comp id="353" class="1004" name="p_lshr_f_cast_cast_fu_353">
<pin_list>
<pin id="354" dir="0" index="0" bw="28" slack="0"/>
<pin id="355" dir="0" index="1" bw="32" slack="0"/>
<pin id="356" dir="0" index="2" bw="4" slack="0"/>
<pin id="357" dir="0" index="3" bw="6" slack="0"/>
<pin id="358" dir="1" index="4" bw="28" slack="1"/>
</pin_list>
<bind>
<opcode="partselect(1002) " fcode="partselect"/>
<opset="p_lshr_f_cast_cast/1 "/>
</bind>
</comp>

<comp id="363" class="1004" name="store_ln329_store_fu_363">
<pin_list>
<pin id="364" dir="0" index="0" bw="1" slack="0"/>
<pin id="365" dir="0" index="1" bw="31" slack="0"/>
<pin id="366" dir="1" index="2" bw="0" slack="2147483647"/>
</pin_list>
<bind>
<opcode="store(28) " fcode="store"/>
<opset="store_ln329/1 "/>
</bind>
</comp>

<comp id="368" class="1004" name="shl_ln326_fu_368">
<pin_list>
<pin id="369" dir="0" index="0" bw="1" slack="0"/>
<pin id="370" dir="0" index="1" bw="32" slack="1"/>
<pin id="371" dir="1" index="2" bw="32" slack="0"/>
</pin_list>
<bind>
<opcode="shl(20) " fcode="shl"/>
<opset="shl_ln326/2 "/>
</bind>
</comp>

<comp id="373" class="1004" name="mask_fu_373">
<pin_list>
<pin id="374" dir="0" index="0" bw="32" slack="0"/>
<pin id="375" dir="0" index="1" bw="1" slack="0"/>
<pin id="376" dir="1" index="2" bw="32" slack="0"/>
</pin_list>
<bind>
<opcode="add(8) " fcode="add"/>
<opset="mask/2 "/>
</bind>
</comp>

<comp id="379" class="1004" name="mask_1_fu_379">
<pin_list>
<pin id="380" dir="0" index="0" bw="1" slack="1"/>
<pin id="381" dir="0" index="1" bw="32" slack="0"/>
<pin id="382" dir="0" index="2" bw="1" slack="0"/>
<pin id="383" dir="1" index="3" bw="32" slack="1"/>
</pin_list>
<bind>
<opcode="select(49) " fcode="select"/>
<opset="mask_1/2 "/>
</bind>
</comp>

<comp id="386" class="1004" name="p_lshr_cast_cast_cast_fu_386">
<pin_list>
<pin id="387" dir="0" index="0" bw="28" slack="1"/>
<pin id="388" dir="1" index="1" bw="29" slack="0"/>
</pin_list>
<bind>
<opcode="zext(34) " fcode="zext"/>
<opset="p_lshr_cast_cast_cast/2 "/>
</bind>
</comp>

<comp id="389" class="1004" name="p_neg_t_fu_389">
<pin_list>
<pin id="390" dir="0" index="0" bw="1" slack="0"/>
<pin id="391" dir="0" index="1" bw="28" slack="0"/>
<pin id="392" dir="1" index="2" bw="29" slack="0"/>
</pin_list>
<bind>
<opcode="sub(10) " fcode="sub"/>
<opset="p_neg_t/2 "/>
</bind>
</comp>

<comp id="395" class="1004" name="p_lshr_f_cast_cast_cast_fu_395">
<pin_list>
<pin id="396" dir="0" index="0" bw="28" slack="1"/>
<pin id="397" dir="1" index="1" bw="29" slack="0"/>
</pin_list>
<bind>
<opcode="zext(34) " fcode="zext"/>
<opset="p_lshr_f_cast_cast_cast/2 "/>
</bind>
</comp>

<comp id="398" class="1004" name="blocks_in_chunk_fu_398">
<pin_list>
<pin id="399" dir="0" index="0" bw="1" slack="1"/>
<pin id="400" dir="0" index="1" bw="29" slack="0"/>
<pin id="401" dir="0" index="2" bw="28" slack="0"/>
<pin id="402" dir="1" index="3" bw="29" slack="0"/>
</pin_list>
<bind>
<opcode="select(49) " fcode="select"/>
<opset="blocks_in_chunk/2 "/>
</bind>
</comp>

<comp id="405" class="1004" name="trunc_ln329_fu_405">
<pin_list>
<pin id="406" dir="0" index="0" bw="29" slack="0"/>
<pin id="407" dir="1" index="1" bw="28" slack="0"/>
</pin_list>
<bind>
<opcode="trunc(33) " fcode="trunc"/>
<opset="trunc_ln329/2 "/>
</bind>
</comp>

<comp id="409" class="1004" name="shl_ln_fu_409">
<pin_list>
<pin id="410" dir="0" index="0" bw="32" slack="0"/>
<pin id="411" dir="0" index="1" bw="28" slack="0"/>
<pin id="412" dir="0" index="2" bw="1" slack="0"/>
<pin id="413" dir="1" index="3" bw="32" slack="0"/>
</pin_list>
<bind>
<opcode="bitconcatenate(1004) " fcode="bitconcatenate"/>
<opset="shl_ln/2 "/>
</bind>
</comp>

<comp id="417" class="1004" name="sub_ln329_fu_417">
<pin_list>
<pin id="418" dir="0" index="0" bw="32" slack="1"/>
<pin id="419" dir="0" index="1" bw="32" slack="0"/>
<pin id="420" dir="1" index="2" bw="32" slack="4"/>
</pin_list>
<bind>
<opcode="sub(10) " fcode="sub"/>
<opset="sub_ln329/2 "/>
</bind>
</comp>

<comp id="422" class="1004" name="c_load_load_fu_422">
<pin_list>
<pin id="423" dir="0" index="0" bw="31" slack="2"/>
<pin id="424" dir="1" index="1" bw="31" slack="0"/>
</pin_list>
<bind>
<opcode="load(27) " fcode="load"/>
<opset="c_load/3 "/>
</bind>
</comp>

<comp id="425" class="1004" name="zext_ln311_fu_425">
<pin_list>
<pin id="426" dir="0" index="0" bw="31" slack="0"/>
<pin id="427" dir="1" index="1" bw="32" slack="0"/>
</pin_list>
<bind>
<opcode="zext(34) " fcode="zext"/>
<opset="zext_ln311/3 "/>
</bind>
</comp>

<comp id="429" class="1004" name="icmp_ln329_fu_429">
<pin_list>
<pin id="430" dir="0" index="0" bw="31" slack="0"/>
<pin id="431" dir="0" index="1" bw="32" slack="2"/>
<pin id="432" dir="1" index="2" bw="1" slack="2147483647"/>
</pin_list>
<bind>
<opcode="icmp(45) " fcode="icmp"/>
<opset="icmp_ln329/3 "/>
</bind>
</comp>

<comp id="434" class="1004" name="add_ln329_fu_434">
<pin_list>
<pin id="435" dir="0" index="0" bw="31" slack="0"/>
<pin id="436" dir="0" index="1" bw="1" slack="0"/>
<pin id="437" dir="1" index="2" bw="31" slack="0"/>
</pin_list>
<bind>
<opcode="add(8) " fcode="add"/>
<opset="add_ln329/3 "/>
</bind>
</comp>

<comp id="440" class="1004" name="store_ln329_store_fu_440">
<pin_list>
<pin id="441" dir="0" index="0" bw="31" slack="0"/>
<pin id="442" dir="0" index="1" bw="31" slack="2"/>
<pin id="443" dir="1" index="2" bw="0" slack="2147483647"/>
</pin_list>
<bind>
<opcode="store(28) " fcode="store"/>
<opset="store_ln329/3 "/>
</bind>
</comp>

<comp id="445" class="1004" name="crc_loc_load_load_fu_445">
<pin_list>
<pin id="446" dir="0" index="0" bw="32" slack="5"/>
<pin id="447" dir="1" index="1" bw="32" slack="0"/>
</pin_list>
<bind>
<opcode="load(27) " fcode="load"/>
<opset="crc_loc_load/6 "/>
</bind>
</comp>

<comp id="449" class="1004" name="crc_2_loc_load_load_fu_449">
<pin_list>
<pin id="450" dir="0" index="0" bw="32" slack="7"/>
<pin id="451" dir="1" index="1" bw="32" slack="0"/>
</pin_list>
<bind>
<opcode="load(27) " fcode="load"/>
<opset="crc_2_loc_load/8 "/>
</bind>
</comp>

<comp id="453" class="1005" name="c_reg_453">
<pin_list>
<pin id="454" dir="0" index="0" bw="31" slack="0"/>
<pin id="455" dir="1" index="1" bw="31" slack="0"/>
</pin_list>
<bind>
<opset="c "/>
</bind>
</comp>

<comp id="460" class="1005" name="crc_2_loc_reg_460">
<pin_list>
<pin id="461" dir="0" index="0" bw="32" slack="5"/>
<pin id="462" dir="1" index="1" bw="32" slack="5"/>
</pin_list>
<bind>
<opset="crc_2_loc "/>
</bind>
</comp>

<comp id="466" class="1005" name="crc_loc_reg_466">
<pin_list>
<pin id="467" dir="0" index="0" bw="32" slack="2"/>
<pin id="468" dir="1" index="1" bw="32" slack="2"/>
</pin_list>
<bind>
<opset="crc_loc "/>
</bind>
</comp>

<comp id="472" class="1005" name="init_value_2_reg_472">
<pin_list>
<pin id="473" dir="0" index="0" bw="32" slack="2"/>
<pin id="474" dir="1" index="1" bw="32" slack="2"/>
</pin_list>
<bind>
<opset="init_value_2 "/>
</bind>
</comp>

<comp id="477" class="1005" name="crc_size_1_reg_477">
<pin_list>
<pin id="478" dir="0" index="0" bw="32" slack="1"/>
<pin id="479" dir="1" index="1" bw="32" slack="1"/>
</pin_list>
<bind>
<opset="crc_size_1 "/>
</bind>
</comp>

<comp id="482" class="1005" name="chunkSize_1_reg_482">
<pin_list>
<pin id="483" dir="0" index="0" bw="32" slack="1"/>
<pin id="484" dir="1" index="1" bw="32" slack="1"/>
</pin_list>
<bind>
<opset="chunkSize_1 "/>
</bind>
</comp>

<comp id="487" class="1005" name="numChunks_2_reg_487">
<pin_list>
<pin id="488" dir="0" index="0" bw="32" slack="2"/>
<pin id="489" dir="1" index="1" bw="32" slack="2"/>
</pin_list>
<bind>
<opset="numChunks_2 "/>
</bind>
</comp>

<comp id="492" class="1005" name="icmp_ln325_reg_492">
<pin_list>
<pin id="493" dir="0" index="0" bw="1" slack="1"/>
<pin id="494" dir="1" index="1" bw="1" slack="1"/>
</pin_list>
<bind>
<opset="icmp_ln325 "/>
</bind>
</comp>

<comp id="497" class="1005" name="tmp_1_reg_497">
<pin_list>
<pin id="498" dir="0" index="0" bw="1" slack="1"/>
<pin id="499" dir="1" index="1" bw="1" slack="1"/>
</pin_list>
<bind>
<opset="tmp_1 "/>
</bind>
</comp>

<comp id="502" class="1005" name="p_lshr_cast_cast_reg_502">
<pin_list>
<pin id="503" dir="0" index="0" bw="28" slack="1"/>
<pin id="504" dir="1" index="1" bw="28" slack="1"/>
</pin_list>
<bind>
<opset="p_lshr_cast_cast "/>
</bind>
</comp>

<comp id="507" class="1005" name="p_lshr_f_cast_cast_reg_507">
<pin_list>
<pin id="508" dir="0" index="0" bw="28" slack="1"/>
<pin id="509" dir="1" index="1" bw="28" slack="1"/>
</pin_list>
<bind>
<opset="p_lshr_f_cast_cast "/>
</bind>
</comp>

<comp id="512" class="1005" name="mask_1_reg_512">
<pin_list>
<pin id="513" dir="0" index="0" bw="32" slack="1"/>
<pin id="514" dir="1" index="1" bw="32" slack="1"/>
</pin_list>
<bind>
<opset="mask_1 "/>
</bind>
</comp>

<comp id="518" class="1005" name="blocks_in_chunk_reg_518">
<pin_list>
<pin id="519" dir="0" index="0" bw="29" slack="1"/>
<pin id="520" dir="1" index="1" bw="29" slack="1"/>
</pin_list>
<bind>
<opset="blocks_in_chunk "/>
</bind>
</comp>

<comp id="523" class="1005" name="sub_ln329_reg_523">
<pin_list>
<pin id="524" dir="0" index="0" bw="32" slack="4"/>
<pin id="525" dir="1" index="1" bw="32" slack="4"/>
</pin_list>
<bind>
<opset="sub_ln329 "/>
</bind>
</comp>

</comp_list>

<net_list>
<net id="151"><net_src comp="76" pin="0"/><net_sink comp="148" pin=0"/></net>

<net id="155"><net_src comp="78" pin="0"/><net_sink comp="152" pin=0"/></net>

<net id="159"><net_src comp="78" pin="0"/><net_sink comp="156" pin=0"/></net>

<net id="164"><net_src comp="80" pin="0"/><net_sink comp="160" pin=0"/></net>

<net id="165"><net_src comp="66" pin="0"/><net_sink comp="160" pin=1"/></net>

<net id="170"><net_src comp="80" pin="0"/><net_sink comp="166" pin=0"/></net>

<net id="171"><net_src comp="64" pin="0"/><net_sink comp="166" pin=1"/></net>

<net id="176"><net_src comp="80" pin="0"/><net_sink comp="172" pin=0"/></net>

<net id="177"><net_src comp="72" pin="0"/><net_sink comp="172" pin=1"/></net>

<net id="182"><net_src comp="80" pin="0"/><net_sink comp="178" pin=0"/></net>

<net id="183"><net_src comp="70" pin="0"/><net_sink comp="178" pin=1"/></net>

<net id="189"><net_src comp="82" pin="0"/><net_sink comp="184" pin=0"/></net>

<net id="190"><net_src comp="74" pin="0"/><net_sink comp="184" pin=1"/></net>

<net id="191"><net_src comp="178" pin="2"/><net_sink comp="184" pin=2"/></net>

<net id="197"><net_src comp="146" pin="0"/><net_sink comp="192" pin=0"/></net>

<net id="198"><net_src comp="68" pin="0"/><net_sink comp="192" pin=1"/></net>

<net id="238"><net_src comp="138" pin="0"/><net_sink comp="199" pin=0"/></net>

<net id="239"><net_src comp="32" pin="0"/><net_sink comp="199" pin=3"/></net>

<net id="240"><net_src comp="34" pin="0"/><net_sink comp="199" pin=4"/></net>

<net id="241"><net_src comp="36" pin="0"/><net_sink comp="199" pin=5"/></net>

<net id="242"><net_src comp="38" pin="0"/><net_sink comp="199" pin=6"/></net>

<net id="243"><net_src comp="40" pin="0"/><net_sink comp="199" pin=7"/></net>

<net id="244"><net_src comp="42" pin="0"/><net_sink comp="199" pin=8"/></net>

<net id="245"><net_src comp="44" pin="0"/><net_sink comp="199" pin=9"/></net>

<net id="246"><net_src comp="46" pin="0"/><net_sink comp="199" pin=10"/></net>

<net id="247"><net_src comp="48" pin="0"/><net_sink comp="199" pin=11"/></net>

<net id="248"><net_src comp="50" pin="0"/><net_sink comp="199" pin=12"/></net>

<net id="249"><net_src comp="52" pin="0"/><net_sink comp="199" pin=13"/></net>

<net id="250"><net_src comp="54" pin="0"/><net_sink comp="199" pin=14"/></net>

<net id="251"><net_src comp="56" pin="0"/><net_sink comp="199" pin=15"/></net>

<net id="252"><net_src comp="58" pin="0"/><net_sink comp="199" pin=16"/></net>

<net id="253"><net_src comp="60" pin="0"/><net_sink comp="199" pin=17"/></net>

<net id="254"><net_src comp="62" pin="0"/><net_sink comp="199" pin=18"/></net>

<net id="255"><net_src comp="0" pin="0"/><net_sink comp="199" pin=19"/></net>

<net id="256"><net_src comp="2" pin="0"/><net_sink comp="199" pin=20"/></net>

<net id="257"><net_src comp="4" pin="0"/><net_sink comp="199" pin=21"/></net>

<net id="258"><net_src comp="6" pin="0"/><net_sink comp="199" pin=22"/></net>

<net id="259"><net_src comp="8" pin="0"/><net_sink comp="199" pin=23"/></net>

<net id="260"><net_src comp="10" pin="0"/><net_sink comp="199" pin=24"/></net>

<net id="261"><net_src comp="12" pin="0"/><net_sink comp="199" pin=25"/></net>

<net id="262"><net_src comp="14" pin="0"/><net_sink comp="199" pin=26"/></net>

<net id="263"><net_src comp="16" pin="0"/><net_sink comp="199" pin=27"/></net>

<net id="264"><net_src comp="18" pin="0"/><net_sink comp="199" pin=28"/></net>

<net id="265"><net_src comp="20" pin="0"/><net_sink comp="199" pin=29"/></net>

<net id="266"><net_src comp="22" pin="0"/><net_sink comp="199" pin=30"/></net>

<net id="267"><net_src comp="24" pin="0"/><net_sink comp="199" pin=31"/></net>

<net id="268"><net_src comp="26" pin="0"/><net_sink comp="199" pin=32"/></net>

<net id="269"><net_src comp="28" pin="0"/><net_sink comp="199" pin=33"/></net>

<net id="270"><net_src comp="30" pin="0"/><net_sink comp="199" pin=34"/></net>

<net id="295"><net_src comp="140" pin="0"/><net_sink comp="271" pin=0"/></net>

<net id="296"><net_src comp="0" pin="0"/><net_sink comp="271" pin=3"/></net>

<net id="297"><net_src comp="32" pin="0"/><net_sink comp="271" pin=5"/></net>

<net id="298"><net_src comp="34" pin="0"/><net_sink comp="271" pin=6"/></net>

<net id="299"><net_src comp="36" pin="0"/><net_sink comp="271" pin=7"/></net>

<net id="300"><net_src comp="38" pin="0"/><net_sink comp="271" pin=8"/></net>

<net id="301"><net_src comp="40" pin="0"/><net_sink comp="271" pin=9"/></net>

<net id="302"><net_src comp="42" pin="0"/><net_sink comp="271" pin=10"/></net>

<net id="303"><net_src comp="44" pin="0"/><net_sink comp="271" pin=11"/></net>

<net id="304"><net_src comp="46" pin="0"/><net_sink comp="271" pin=12"/></net>

<net id="305"><net_src comp="48" pin="0"/><net_sink comp="271" pin=13"/></net>

<net id="306"><net_src comp="50" pin="0"/><net_sink comp="271" pin=14"/></net>

<net id="307"><net_src comp="52" pin="0"/><net_sink comp="271" pin=15"/></net>

<net id="308"><net_src comp="54" pin="0"/><net_sink comp="271" pin=16"/></net>

<net id="309"><net_src comp="56" pin="0"/><net_sink comp="271" pin=17"/></net>

<net id="310"><net_src comp="58" pin="0"/><net_sink comp="271" pin=18"/></net>

<net id="311"><net_src comp="60" pin="0"/><net_sink comp="271" pin=19"/></net>

<net id="312"><net_src comp="62" pin="0"/><net_sink comp="271" pin=20"/></net>

<net id="319"><net_src comp="84" pin="0"/><net_sink comp="313" pin=0"/></net>

<net id="320"><net_src comp="166" pin="2"/><net_sink comp="313" pin=1"/></net>

<net id="321"><net_src comp="86" pin="0"/><net_sink comp="313" pin=2"/></net>

<net id="322"><net_src comp="88" pin="0"/><net_sink comp="313" pin=3"/></net>

<net id="327"><net_src comp="313" pin="4"/><net_sink comp="323" pin=0"/></net>

<net id="328"><net_src comp="90" pin="0"/><net_sink comp="323" pin=1"/></net>

<net id="334"><net_src comp="92" pin="0"/><net_sink comp="329" pin=0"/></net>

<net id="335"><net_src comp="172" pin="2"/><net_sink comp="329" pin=1"/></net>

<net id="336"><net_src comp="88" pin="0"/><net_sink comp="329" pin=2"/></net>

<net id="341"><net_src comp="94" pin="0"/><net_sink comp="337" pin=0"/></net>

<net id="342"><net_src comp="172" pin="2"/><net_sink comp="337" pin=1"/></net>

<net id="349"><net_src comp="96" pin="0"/><net_sink comp="343" pin=0"/></net>

<net id="350"><net_src comp="337" pin="2"/><net_sink comp="343" pin=1"/></net>

<net id="351"><net_src comp="98" pin="0"/><net_sink comp="343" pin=2"/></net>

<net id="352"><net_src comp="88" pin="0"/><net_sink comp="343" pin=3"/></net>

<net id="359"><net_src comp="96" pin="0"/><net_sink comp="353" pin=0"/></net>

<net id="360"><net_src comp="172" pin="2"/><net_sink comp="353" pin=1"/></net>

<net id="361"><net_src comp="98" pin="0"/><net_sink comp="353" pin=2"/></net>

<net id="362"><net_src comp="88" pin="0"/><net_sink comp="353" pin=3"/></net>

<net id="367"><net_src comp="100" pin="0"/><net_sink comp="363" pin=0"/></net>

<net id="372"><net_src comp="76" pin="0"/><net_sink comp="368" pin=0"/></net>

<net id="377"><net_src comp="368" pin="2"/><net_sink comp="373" pin=0"/></net>

<net id="378"><net_src comp="114" pin="0"/><net_sink comp="373" pin=1"/></net>

<net id="384"><net_src comp="373" pin="2"/><net_sink comp="379" pin=1"/></net>

<net id="385"><net_src comp="114" pin="0"/><net_sink comp="379" pin=2"/></net>

<net id="393"><net_src comp="128" pin="0"/><net_sink comp="389" pin=0"/></net>

<net id="394"><net_src comp="386" pin="1"/><net_sink comp="389" pin=1"/></net>

<net id="403"><net_src comp="389" pin="2"/><net_sink comp="398" pin=1"/></net>

<net id="404"><net_src comp="395" pin="1"/><net_sink comp="398" pin=2"/></net>

<net id="408"><net_src comp="398" pin="3"/><net_sink comp="405" pin=0"/></net>

<net id="414"><net_src comp="130" pin="0"/><net_sink comp="409" pin=0"/></net>

<net id="415"><net_src comp="405" pin="1"/><net_sink comp="409" pin=1"/></net>

<net id="416"><net_src comp="132" pin="0"/><net_sink comp="409" pin=2"/></net>

<net id="421"><net_src comp="409" pin="3"/><net_sink comp="417" pin=1"/></net>

<net id="428"><net_src comp="422" pin="1"/><net_sink comp="425" pin=0"/></net>

<net id="433"><net_src comp="425" pin="1"/><net_sink comp="429" pin=0"/></net>

<net id="438"><net_src comp="422" pin="1"/><net_sink comp="434" pin=0"/></net>

<net id="439"><net_src comp="134" pin="0"/><net_sink comp="434" pin=1"/></net>

<net id="444"><net_src comp="434" pin="2"/><net_sink comp="440" pin=0"/></net>

<net id="448"><net_src comp="445" pin="1"/><net_sink comp="271" pin=1"/></net>

<net id="452"><net_src comp="449" pin="1"/><net_sink comp="192" pin=2"/></net>

<net id="456"><net_src comp="148" pin="1"/><net_sink comp="453" pin=0"/></net>

<net id="457"><net_src comp="453" pin="1"/><net_sink comp="363" pin=1"/></net>

<net id="458"><net_src comp="453" pin="1"/><net_sink comp="422" pin=0"/></net>

<net id="459"><net_src comp="453" pin="1"/><net_sink comp="440" pin=1"/></net>

<net id="463"><net_src comp="152" pin="1"/><net_sink comp="460" pin=0"/></net>

<net id="464"><net_src comp="460" pin="1"/><net_sink comp="271" pin=21"/></net>

<net id="465"><net_src comp="460" pin="1"/><net_sink comp="449" pin=0"/></net>

<net id="469"><net_src comp="156" pin="1"/><net_sink comp="466" pin=0"/></net>

<net id="470"><net_src comp="466" pin="1"/><net_sink comp="199" pin=36"/></net>

<net id="471"><net_src comp="466" pin="1"/><net_sink comp="445" pin=0"/></net>

<net id="475"><net_src comp="160" pin="2"/><net_sink comp="472" pin=0"/></net>

<net id="476"><net_src comp="472" pin="1"/><net_sink comp="199" pin=1"/></net>

<net id="480"><net_src comp="166" pin="2"/><net_sink comp="477" pin=0"/></net>

<net id="481"><net_src comp="477" pin="1"/><net_sink comp="368" pin=1"/></net>

<net id="485"><net_src comp="172" pin="2"/><net_sink comp="482" pin=0"/></net>

<net id="486"><net_src comp="482" pin="1"/><net_sink comp="417" pin=0"/></net>

<net id="490"><net_src comp="178" pin="2"/><net_sink comp="487" pin=0"/></net>

<net id="491"><net_src comp="487" pin="1"/><net_sink comp="429" pin=1"/></net>

<net id="495"><net_src comp="323" pin="2"/><net_sink comp="492" pin=0"/></net>

<net id="496"><net_src comp="492" pin="1"/><net_sink comp="379" pin=0"/></net>

<net id="500"><net_src comp="329" pin="3"/><net_sink comp="497" pin=0"/></net>

<net id="501"><net_src comp="497" pin="1"/><net_sink comp="398" pin=0"/></net>

<net id="505"><net_src comp="343" pin="4"/><net_sink comp="502" pin=0"/></net>

<net id="506"><net_src comp="502" pin="1"/><net_sink comp="386" pin=0"/></net>

<net id="510"><net_src comp="353" pin="4"/><net_sink comp="507" pin=0"/></net>

<net id="511"><net_src comp="507" pin="1"/><net_sink comp="395" pin=0"/></net>

<net id="515"><net_src comp="379" pin="3"/><net_sink comp="512" pin=0"/></net>

<net id="516"><net_src comp="512" pin="1"/><net_sink comp="199" pin=35"/></net>

<net id="517"><net_src comp="512" pin="1"/><net_sink comp="271" pin=4"/></net>

<net id="521"><net_src comp="398" pin="3"/><net_sink comp="518" pin=0"/></net>

<net id="522"><net_src comp="518" pin="1"/><net_sink comp="199" pin=2"/></net>

<net id="526"><net_src comp="417" pin="2"/><net_sink comp="523" pin=0"/></net>

<net id="527"><net_src comp="523" pin="1"/><net_sink comp="271" pin=2"/></net>

</net_list>

</model> 
---------------- Datapath Model END ------------------

* FSMD analyzer results:
  - Output states:
	Port: outStream | {8 }
	Port: numChunks_c | {1 }
 - Input state : 
	Port: process_blocks : crcTables_0 | {3 4 6 7 }
	Port: process_blocks : crcTables_1 | {3 4 }
	Port: process_blocks : crcTables_2 | {3 4 }
	Port: process_blocks : crcTables_3 | {3 4 }
	Port: process_blocks : crcTables_4 | {3 4 }
	Port: process_blocks : crcTables_5 | {3 4 }
	Port: process_blocks : crcTables_6 | {3 4 }
	Port: process_blocks : crcTables_7 | {3 4 }
	Port: process_blocks : crcTables_8 | {3 4 }
	Port: process_blocks : crcTables_9 | {3 4 }
	Port: process_blocks : crcTables_10 | {3 4 }
	Port: process_blocks : crcTables_11 | {3 4 }
	Port: process_blocks : crcTables_12 | {3 4 }
	Port: process_blocks : crcTables_13 | {3 4 }
	Port: process_blocks : crcTables_14 | {3 4 }
	Port: process_blocks : crcTables_15 | {3 4 }
	Port: process_blocks : inByte0 | {3 4 6 7 }
	Port: process_blocks : inByte1 | {3 4 6 7 }
	Port: process_blocks : inByte2 | {3 4 6 7 }
	Port: process_blocks : inByte3 | {3 4 6 7 }
	Port: process_blocks : inByte4 | {3 4 6 7 }
	Port: process_blocks : inByte5 | {3 4 6 7 }
	Port: process_blocks : inByte6 | {3 4 6 7 }
	Port: process_blocks : inByte7 | {3 4 6 7 }
	Port: process_blocks : inByte8 | {3 4 6 7 }
	Port: process_blocks : inByte9 | {3 4 6 7 }
	Port: process_blocks : inByte10 | {3 4 6 7 }
	Port: process_blocks : inByte11 | {3 4 6 7 }
	Port: process_blocks : inByte12 | {3 4 6 7 }
	Port: process_blocks : inByte13 | {3 4 6 7 }
	Port: process_blocks : inByte14 | {3 4 6 7 }
	Port: process_blocks : inByte15 | {3 4 6 7 }
	Port: process_blocks : crc_size | {1 }
	Port: process_blocks : init_value | {1 }
	Port: process_blocks : numChunks | {1 }
	Port: process_blocks : chunkSize | {1 }
  - Chain level:
	State 1
		icmp_ln325 : 1
		p_lshr_cast_cast : 1
		store_ln329 : 1
	State 2
		mask : 1
		mask_1 : 2
		p_neg_t : 1
		blocks_in_chunk : 2
		trunc_ln329 : 3
		shl_ln : 4
		sub_ln329 : 5
	State 3
		zext_ln311 : 1
		icmp_ln329 : 2
		add_ln329 : 1
		br_ln329 : 3
		store_ln329 : 2
	State 4
	State 5
	State 6
		call_ln329 : 1
	State 7
	State 8
		write_ln436 : 1


============================================================
+ Verbose Summary: Datapath Resource usage 
============================================================

* Functional unit list:
|----------|-----------------------------------------------|---------|---------|---------|
| Operation|                Functional Unit                |  Delay  |    FF   |   LUT   |
|----------|-----------------------------------------------|---------|---------|---------|
|   call   | grp_process_blocks_Pipeline_block_loop_fu_199 |  6.192  |   221   |   759   |
|          |  grp_process_blocks_Pipeline_tail_loop_fu_271 |  0.387  |   244   |   158   |
|----------|-----------------------------------------------|---------|---------|---------|
|          |                  p_neg_fu_337                 |    0    |    0    |    39   |
|    sub   |                 p_neg_t_fu_389                |    0    |    0    |    35   |
|          |                sub_ln329_fu_417               |    0    |    0    |    39   |
|----------|-----------------------------------------------|---------|---------|---------|
|    shl   |                shl_ln326_fu_368               |    0    |    0    |    92   |
|----------|-----------------------------------------------|---------|---------|---------|
|    add   |                  mask_fu_373                  |    0    |    0    |    39   |
|          |                add_ln329_fu_434               |    0    |    0    |    38   |
|----------|-----------------------------------------------|---------|---------|---------|
|   icmp   |               icmp_ln325_fu_323               |    0    |    0    |    34   |
|          |               icmp_ln329_fu_429               |    0    |    0    |    39   |
|----------|-----------------------------------------------|---------|---------|---------|
|  select  |                 mask_1_fu_379                 |    0    |    0    |    32   |
|          |             blocks_in_chunk_fu_398            |    0    |    0    |    29   |
|----------|-----------------------------------------------|---------|---------|---------|
|          |            init_value_2_read_fu_160           |    0    |    0    |    0    |
|   read   |             crc_size_1_read_fu_166            |    0    |    0    |    0    |
|          |            chunkSize_1_read_fu_172            |    0    |    0    |    0    |
|          |            numChunks_2_read_fu_178            |    0    |    0    |    0    |
|----------|-----------------------------------------------|---------|---------|---------|
|   write  |             write_ln0_write_fu_184            |    0    |    0    |    0    |
|          |            write_ln436_write_fu_192           |    0    |    0    |    0    |
|----------|-----------------------------------------------|---------|---------|---------|
|          |                   tmp_fu_313                  |    0    |    0    |    0    |
|partselect|            p_lshr_cast_cast_fu_343            |    0    |    0    |    0    |
|          |           p_lshr_f_cast_cast_fu_353           |    0    |    0    |    0    |
|----------|-----------------------------------------------|---------|---------|---------|
| bitselect|                  tmp_1_fu_329                 |    0    |    0    |    0    |
|----------|-----------------------------------------------|---------|---------|---------|
|          |          p_lshr_cast_cast_cast_fu_386         |    0    |    0    |    0    |
|   zext   |         p_lshr_f_cast_cast_cast_fu_395        |    0    |    0    |    0    |
|          |               zext_ln311_fu_425               |    0    |    0    |    0    |
|----------|-----------------------------------------------|---------|---------|---------|
|   trunc  |               trunc_ln329_fu_405              |    0    |    0    |    0    |
|----------|-----------------------------------------------|---------|---------|---------|
|bitconcatenate|                 shl_ln_fu_409                 |    0    |    0    |    0    |
|----------|-----------------------------------------------|---------|---------|---------|
|   Total  |                                               |  6.579  |   465   |   1333  |
|----------|-----------------------------------------------|---------|---------|---------|

Memories:
N/A

* Register list:
+--------------------------+--------+
|                          |   FF   |
+--------------------------+--------+
|  blocks_in_chunk_reg_518 |   29   |
|         c_reg_453        |   31   |
|    chunkSize_1_reg_482   |   32   |
|     crc_2_loc_reg_460    |   32   |
|      crc_loc_reg_466     |   32   |
|    crc_size_1_reg_477    |   32   |
|    icmp_ln325_reg_492    |    1   |
|   init_value_2_reg_472   |   32   |
|      mask_1_reg_512      |   32   |
|    numChunks_2_reg_487   |   32   |
| p_lshr_cast_cast_reg_502 |   28   |
|p_lshr_f_cast_cast_reg_507|   28   |
|     sub_ln329_reg_523    |   32   |
|       tmp_1_reg_497      |    1   |
+--------------------------+--------+
|           Total          |   374  |
+--------------------------+--------+

* Multiplexer (MUX) list: 
|--------|------|------|------|--------|
|  Comp  |  Pin | Size |  BW  | S x BW |
|--------|------|------|------|--------|
|  Total |      |      |      |    0   |
|--------|------|------|------|--------|



* Summary:
+-----------+--------+--------+--------+
|           |  Delay |   FF   |   LUT  |
+-----------+--------+--------+--------+
|  Function |    6   |   465  |  1333  |
|   Memory  |    -   |    -   |    -   |
|Multiplexer|    -   |    -   |    -   |
|  Register |    -   |   374  |    -   |
+-----------+--------+--------+--------+
|   Total   |    6   |   839  |  1333  |
+-----------+--------+--------+--------+
