

================================================================
== Vitis HLS Report for 'process_crc_chunks'
================================================================
* Date:           Thu Apr  2 18:17:03 2026

* Version:        2022.1 (Build 3526262 on Mon Apr 18 15:47:01 MDT 2022)
* Project:        calculate_crc
* Solution:       solution (Vitis Kernel Flow Target)
* Product family: virtexuplus
* Target device:  xcu280-fsvh2892-2L-e


================================================================
== Performance Estimates
================================================================
+ Timing: 
    * Summary: 
    +--------+---------+----------+------------+
    |  Clock |  Target | Estimated| Uncertainty|
    +--------+---------+----------+------------+
    |ap_clk  |  3.33 ns|  2.413 ns|     0.90 ns|
    +--------+---------+----------+------------+

+ Latency: 
    * Summary: 
    +---------+---------+----------+----------+-----+-----+---------+
    |  Latency (cycles) |  Latency (absolute) |  Interval | Pipeline|
    |   min   |   max   |    min   |    max   | min | max |   Type  |
    +---------+---------+----------+----------+-----+-----+---------+
    |        ?|        ?|         ?|         ?|    ?|    ?|       no|
    +---------+---------+----------+----------+-----+-----+---------+

    + Detail: 
        * Instance: 
        N/A

        * Loop: 
        +--------------+---------+---------+----------+-----------+-----------+------+----------+
        |              |  Latency (cycles) | Iteration|  Initiation Interval  | Trip |          |
        |   Loop Name  |   min   |   max   |  Latency |  achieved |   target  | Count| Pipelined|
        +--------------+---------+---------+----------+-----------+-----------+------+----------+
        |- chunk_loop  |        ?|        ?|     5 ~ ?|          -|          -|     ?|        no|
        +--------------+---------+---------+----------+-----------+-----------+------+----------+

============================================================
+ Verbose Summary: Synthesis Manager
============================================================
InlineROM: 1
ExposeGlobal: 0
============================================================
+ Verbose Summary: CDFG Model
============================================================
IsTopModel: 0
ResetActiveHigh: 1
IsCombinational: 2
IsDatapathOnly: 0
HasWiredReturn: 1
HasMFsm: 0
HasVarLatency: 1
IsPipeline: 0
IsRtlPipelined: 0
IsInstanceOverlapped: 0
IsDontTouch: 0
HasImplIP: 0
IsGatedGlobalClock: 0


============================================================
+ Verbose Summary: Schedule
============================================================
* Number of FSM states : 7
* Pipeline : 0
* Dataflow Pipeline: 0

* FSM state transitions: 
1 --> 2 
2 --> 3 
3 --> 4 
4 --> 5 
5 --> 6 7 
6 --> 7 
7 --> 3 

* FSM state operations: 

State 1 <SV = 0> <Delay = 2.03>
ST_1 : Operation 8 [1/1] (0.00ns)   --->   "%c = alloca i32 1"   --->   Operation 8 'alloca' 'c' <Predicate = true> <Delay = 0.00>
ST_1 : Operation 9 [1/1] (0.00ns)   --->   "%chunkSize_read = read i32 @_ssdm_op_Read.ap_auto.i32, i32 %chunkSize"   --->   Operation 9 'read' 'chunkSize_read' <Predicate = true> <Delay = 0.00>
ST_1 : Operation 10 [1/1] (0.00ns)   --->   "%numChunks_read = read i32 @_ssdm_op_Read.ap_auto.i32, i32 %numChunks"   --->   Operation 10 'read' 'numChunks_read' <Predicate = true> <Delay = 0.00>
ST_1 : Operation 11 [1/1] (1.21ns)   --->   "%write_ln0 = write void @_ssdm_op_Write.ap_fifo.i32P0A, i32 %numChunks_c, i32 %numChunks_read"   --->   Operation 11 'write' 'write_ln0' <Predicate = true> <Delay = 1.21> <CoreInst = "FIFO_SRL">   --->   Core 81 'FIFO_SRL' <Latency = 0> <II = 1> <Delay = 1.39> <Storage> <Opcode : 'read' 'write' 'nbread' 'nbwrite'> <Ports = 0> <Width = 32> <Depth = 2> <FIFO>
ST_1 : Operation 12 [1/1] (0.00ns)   --->   "%tmp_2 = bitselect i1 @_ssdm_op_BitSelect.i1.i32.i32, i32 %chunkSize_read, i32 31" [/home/efrink/mled/split_cu/U280_CRC_Accelerator/src/kernel.cpp:527]   --->   Operation 12 'bitselect' 'tmp_2' <Predicate = true> <Delay = 0.00>
ST_1 : Operation 13 [1/1] (0.88ns)   --->   "%sub_ln527 = sub i32 0, i32 %chunkSize_read" [/home/efrink/mled/split_cu/U280_CRC_Accelerator/src/kernel.cpp:527]   --->   Operation 13 'sub' 'sub_ln527' <Predicate = true> <Delay = 0.88> <CoreInst = "Adder">   --->   Core 1 'Adder' <Latency = 0> <II = 1> <Delay = 0.88> <FuncUnit> <Opcode : 'add' 'sub'> <InPorts = 2> <OutPorts = 1>
ST_1 : Operation 14 [1/1] (0.00ns)   --->   "%trunc_ln527_1 = partselect i28 @_ssdm_op_PartSelect.i28.i32.i32.i32, i32 %sub_ln527, i32 4, i32 31" [/home/efrink/mled/split_cu/U280_CRC_Accelerator/src/kernel.cpp:527]   --->   Operation 14 'partselect' 'trunc_ln527_1' <Predicate = true> <Delay = 0.00>
ST_1 : Operation 15 [1/1] (0.00ns)   --->   "%zext_ln527 = zext i28 %trunc_ln527_1" [/home/efrink/mled/split_cu/U280_CRC_Accelerator/src/kernel.cpp:527]   --->   Operation 15 'zext' 'zext_ln527' <Predicate = true> <Delay = 0.00>
ST_1 : Operation 16 [1/1] (0.85ns)   --->   "%sub_ln527_1 = sub i29 0, i29 %zext_ln527" [/home/efrink/mled/split_cu/U280_CRC_Accelerator/src/kernel.cpp:527]   --->   Operation 16 'sub' 'sub_ln527_1' <Predicate = true> <Delay = 0.85> <CoreInst = "Adder">   --->   Core 1 'Adder' <Latency = 0> <II = 1> <Delay = 0.85> <FuncUnit> <Opcode : 'add' 'sub'> <InPorts = 2> <OutPorts = 1>
ST_1 : Operation 17 [1/1] (0.00ns)   --->   "%trunc_ln527_2 = partselect i28 @_ssdm_op_PartSelect.i28.i32.i32.i32, i32 %chunkSize_read, i32 4, i32 31" [/home/efrink/mled/split_cu/U280_CRC_Accelerator/src/kernel.cpp:527]   --->   Operation 17 'partselect' 'trunc_ln527_2' <Predicate = true> <Delay = 0.00>
ST_1 : Operation 18 [1/1] (0.00ns)   --->   "%zext_ln527_1 = zext i28 %trunc_ln527_2" [/home/efrink/mled/split_cu/U280_CRC_Accelerator/src/kernel.cpp:527]   --->   Operation 18 'zext' 'zext_ln527_1' <Predicate = true> <Delay = 0.00>
ST_1 : Operation 19 [1/1] (0.29ns)   --->   "%blocks_in_chunk = select i1 %tmp_2, i29 %sub_ln527_1, i29 %zext_ln527_1" [/home/efrink/mled/split_cu/U280_CRC_Accelerator/src/kernel.cpp:527]   --->   Operation 19 'select' 'blocks_in_chunk' <Predicate = true> <Delay = 0.29> <CoreInst = "Sel">   --->   Core 73 'Sel' <Latency = 0> <II = 1> <Delay = 0.29> <FuncUnit> <Opcode : 'select'> <InPorts = 3> <OutPorts = 1>
ST_1 : Operation 20 [1/1] (0.00ns)   --->   "%trunc_ln528 = trunc i29 %blocks_in_chunk" [/home/efrink/mled/split_cu/U280_CRC_Accelerator/src/kernel.cpp:528]   --->   Operation 20 'trunc' 'trunc_ln528' <Predicate = true> <Delay = 0.00>
ST_1 : Operation 21 [1/1] (0.38ns)   --->   "%store_ln531 = store i31 0, i31 %c" [/home/efrink/mled/split_cu/U280_CRC_Accelerator/src/kernel.cpp:531]   --->   Operation 21 'store' 'store_ln531' <Predicate = true> <Delay = 0.38>

State 2 <SV = 1> <Delay = 1.73>
ST_2 : Operation 22 [1/1] (0.00ns)   --->   "%specinterface_ln0 = specinterface void @_ssdm_op_SpecInterface, i32 %numChunks_c, void @ap_fifo_str, i32 0, i32 0, void @p_str, i32 0, i32 0, void @p_str, void @p_str, void @p_str, i32 2, i32 2, i32 16, i32 16, void @p_str, void @ScalarProp_str, i32 4294967295, i32 0"   --->   Operation 22 'specinterface' 'specinterface_ln0' <Predicate = true> <Delay = 0.00>
ST_2 : Operation 23 [1/1] (0.00ns)   --->   "%init_value_read = read i32 @_ssdm_op_Read.ap_auto.i32, i32 %init_value"   --->   Operation 23 'read' 'init_value_read' <Predicate = true> <Delay = 0.00>
ST_2 : Operation 24 [1/1] (0.00ns)   --->   "%crc_size_read = read i32 @_ssdm_op_Read.ap_auto.i32, i32 %crc_size"   --->   Operation 24 'read' 'crc_size_read' <Predicate = true> <Delay = 0.00>
ST_2 : Operation 25 [1/1] (0.00ns)   --->   "%specmemcore_ln0 = specmemcore void @_ssdm_op_SpecMemCore, i32 %crcTables_15, i64 666, i64 18, i64 18446744073709551615"   --->   Operation 25 'specmemcore' 'specmemcore_ln0' <Predicate = true> <Delay = 0.00>
ST_2 : Operation 26 [1/1] (0.00ns)   --->   "%specmemcore_ln0 = specmemcore void @_ssdm_op_SpecMemCore, i32 %crcTables_14, i64 666, i64 18, i64 18446744073709551615"   --->   Operation 26 'specmemcore' 'specmemcore_ln0' <Predicate = true> <Delay = 0.00>
ST_2 : Operation 27 [1/1] (0.00ns)   --->   "%specmemcore_ln0 = specmemcore void @_ssdm_op_SpecMemCore, i32 %crcTables_13, i64 666, i64 18, i64 18446744073709551615"   --->   Operation 27 'specmemcore' 'specmemcore_ln0' <Predicate = true> <Delay = 0.00>
ST_2 : Operation 28 [1/1] (0.00ns)   --->   "%specmemcore_ln0 = specmemcore void @_ssdm_op_SpecMemCore, i32 %crcTables_12, i64 666, i64 18, i64 18446744073709551615"   --->   Operation 28 'specmemcore' 'specmemcore_ln0' <Predicate = true> <Delay = 0.00>
ST_2 : Operation 29 [1/1] (0.00ns)   --->   "%specmemcore_ln0 = specmemcore void @_ssdm_op_SpecMemCore, i32 %crcTables_11, i64 666, i64 18, i64 18446744073709551615"   --->   Operation 29 'specmemcore' 'specmemcore_ln0' <Predicate = true> <Delay = 0.00>
ST_2 : Operation 30 [1/1] (0.00ns)   --->   "%specmemcore_ln0 = specmemcore void @_ssdm_op_SpecMemCore, i32 %crcTables_10, i64 666, i64 18, i64 18446744073709551615"   --->   Operation 30 'specmemcore' 'specmemcore_ln0' <Predicate = true> <Delay = 0.00>
ST_2 : Operation 31 [1/1] (0.00ns)   --->   "%specmemcore_ln0 = specmemcore void @_ssdm_op_SpecMemCore, i32 %crcTables_9, i64 666, i64 18, i64 18446744073709551615"   --->   Operation 31 'specmemcore' 'specmemcore_ln0' <Predicate = true> <Delay = 0.00>
ST_2 : Operation 32 [1/1] (0.00ns)   --->   "%specmemcore_ln0 = specmemcore void @_ssdm_op_SpecMemCore, i32 %crcTables_8, i64 666, i64 18, i64 18446744073709551615"   --->   Operation 32 'specmemcore' 'specmemcore_ln0' <Predicate = true> <Delay = 0.00>
ST_2 : Operation 33 [1/1] (0.00ns)   --->   "%specmemcore_ln0 = specmemcore void @_ssdm_op_SpecMemCore, i32 %crcTables_7, i64 666, i64 18, i64 18446744073709551615"   --->   Operation 33 'specmemcore' 'specmemcore_ln0' <Predicate = true> <Delay = 0.00>
ST_2 : Operation 34 [1/1] (0.00ns)   --->   "%specmemcore_ln0 = specmemcore void @_ssdm_op_SpecMemCore, i32 %crcTables_6, i64 666, i64 18, i64 18446744073709551615"   --->   Operation 34 'specmemcore' 'specmemcore_ln0' <Predicate = true> <Delay = 0.00>
ST_2 : Operation 35 [1/1] (0.00ns)   --->   "%specmemcore_ln0 = specmemcore void @_ssdm_op_SpecMemCore, i32 %crcTables_5, i64 666, i64 18, i64 18446744073709551615"   --->   Operation 35 'specmemcore' 'specmemcore_ln0' <Predicate = true> <Delay = 0.00>
ST_2 : Operation 36 [1/1] (0.00ns)   --->   "%specmemcore_ln0 = specmemcore void @_ssdm_op_SpecMemCore, i32 %crcTables_4, i64 666, i64 18, i64 18446744073709551615"   --->   Operation 36 'specmemcore' 'specmemcore_ln0' <Predicate = true> <Delay = 0.00>
ST_2 : Operation 37 [1/1] (0.00ns)   --->   "%specmemcore_ln0 = specmemcore void @_ssdm_op_SpecMemCore, i32 %crcTables_3, i64 666, i64 18, i64 18446744073709551615"   --->   Operation 37 'specmemcore' 'specmemcore_ln0' <Predicate = true> <Delay = 0.00>
ST_2 : Operation 38 [1/1] (0.00ns)   --->   "%specmemcore_ln0 = specmemcore void @_ssdm_op_SpecMemCore, i32 %crcTables_2, i64 666, i64 18, i64 18446744073709551615"   --->   Operation 38 'specmemcore' 'specmemcore_ln0' <Predicate = true> <Delay = 0.00>
ST_2 : Operation 39 [1/1] (0.00ns)   --->   "%specmemcore_ln0 = specmemcore void @_ssdm_op_SpecMemCore, i32 %crcTables_1, i64 666, i64 18, i64 18446744073709551615"   --->   Operation 39 'specmemcore' 'specmemcore_ln0' <Predicate = true> <Delay = 0.00>
ST_2 : Operation 40 [1/1] (0.00ns)   --->   "%specmemcore_ln0 = specmemcore void @_ssdm_op_SpecMemCore, i32 %crcTables_0, i64 666, i64 18, i64 18446744073709551615"   --->   Operation 40 'specmemcore' 'specmemcore_ln0' <Predicate = true> <Delay = 0.00>
ST_2 : Operation 41 [1/1] (0.00ns)   --->   "%specinterface_ln0 = specinterface void @_ssdm_op_SpecInterface, i32 %outStream33, void @empty_3, i32 0, i32 0, void @empty_23, i32 0, i32 0, void @empty_23, void @empty_23, void @empty_23, i32 0, i32 0, i32 0, i32 0, void @empty_23, void @empty_23, i32 4294967295, i32 0"   --->   Operation 41 'specinterface' 'specinterface_ln0' <Predicate = true> <Delay = 0.00>
ST_2 : Operation 42 [1/1] (0.00ns)   --->   "%specinterface_ln0 = specinterface void @_ssdm_op_SpecInterface, i8 %inByte1532, void @empty_3, i32 0, i32 0, void @empty_23, i32 0, i32 0, void @empty_23, void @empty_23, void @empty_23, i32 0, i32 0, i32 0, i32 0, void @empty_23, void @empty_23, i32 4294967295, i32 0"   --->   Operation 42 'specinterface' 'specinterface_ln0' <Predicate = true> <Delay = 0.00>
ST_2 : Operation 43 [1/1] (0.00ns)   --->   "%specinterface_ln0 = specinterface void @_ssdm_op_SpecInterface, i8 %inByte1431, void @empty_3, i32 0, i32 0, void @empty_23, i32 0, i32 0, void @empty_23, void @empty_23, void @empty_23, i32 0, i32 0, i32 0, i32 0, void @empty_23, void @empty_23, i32 4294967295, i32 0"   --->   Operation 43 'specinterface' 'specinterface_ln0' <Predicate = true> <Delay = 0.00>
ST_2 : Operation 44 [1/1] (0.00ns)   --->   "%specinterface_ln0 = specinterface void @_ssdm_op_SpecInterface, i8 %inByte1330, void @empty_3, i32 0, i32 0, void @empty_23, i32 0, i32 0, void @empty_23, void @empty_23, void @empty_23, i32 0, i32 0, i32 0, i32 0, void @empty_23, void @empty_23, i32 4294967295, i32 0"   --->   Operation 44 'specinterface' 'specinterface_ln0' <Predicate = true> <Delay = 0.00>
ST_2 : Operation 45 [1/1] (0.00ns)   --->   "%specinterface_ln0 = specinterface void @_ssdm_op_SpecInterface, i8 %inByte1229, void @empty_3, i32 0, i32 0, void @empty_23, i32 0, i32 0, void @empty_23, void @empty_23, void @empty_23, i32 0, i32 0, i32 0, i32 0, void @empty_23, void @empty_23, i32 4294967295, i32 0"   --->   Operation 45 'specinterface' 'specinterface_ln0' <Predicate = true> <Delay = 0.00>
ST_2 : Operation 46 [1/1] (0.00ns)   --->   "%specinterface_ln0 = specinterface void @_ssdm_op_SpecInterface, i8 %inByte1128, void @empty_3, i32 0, i32 0, void @empty_23, i32 0, i32 0, void @empty_23, void @empty_23, void @empty_23, i32 0, i32 0, i32 0, i32 0, void @empty_23, void @empty_23, i32 4294967295, i32 0"   --->   Operation 46 'specinterface' 'specinterface_ln0' <Predicate = true> <Delay = 0.00>
ST_2 : Operation 47 [1/1] (0.00ns)   --->   "%specinterface_ln0 = specinterface void @_ssdm_op_SpecInterface, i8 %inByte1027, void @empty_3, i32 0, i32 0, void @empty_23, i32 0, i32 0, void @empty_23, void @empty_23, void @empty_23, i32 0, i32 0, i32 0, i32 0, void @empty_23, void @empty_23, i32 4294967295, i32 0"   --->   Operation 47 'specinterface' 'specinterface_ln0' <Predicate = true> <Delay = 0.00>
ST_2 : Operation 48 [1/1] (0.00ns)   --->   "%specinterface_ln0 = specinterface void @_ssdm_op_SpecInterface, i8 %inByte926, void @empty_3, i32 0, i32 0, void @empty_23, i32 0, i32 0, void @empty_23, void @empty_23, void @empty_23, i32 0, i32 0, i32 0, i32 0, void @empty_23, void @empty_23, i32 4294967295, i32 0"   --->   Operation 48 'specinterface' 'specinterface_ln0' <Predicate = true> <Delay = 0.00>
ST_2 : Operation 49 [1/1] (0.00ns)   --->   "%specinterface_ln0 = specinterface void @_ssdm_op_SpecInterface, i8 %inByte825, void @empty_3, i32 0, i32 0, void @empty_23, i32 0, i32 0, void @empty_23, void @empty_23, void @empty_23, i32 0, i32 0, i32 0, i32 0, void @empty_23, void @empty_23, i32 4294967295, i32 0"   --->   Operation 49 'specinterface' 'specinterface_ln0' <Predicate = true> <Delay = 0.00>
ST_2 : Operation 50 [1/1] (0.00ns)   --->   "%specinterface_ln0 = specinterface void @_ssdm_op_SpecInterface, i8 %inByte724, void @empty_3, i32 0, i32 0, void @empty_23, i32 0, i32 0, void @empty_23, void @empty_23, void @empty_23, i32 0, i32 0, i32 0, i32 0, void @empty_23, void @empty_23, i32 4294967295, i32 0"   --->   Operation 50 'specinterface' 'specinterface_ln0' <Predicate = true> <Delay = 0.00>
ST_2 : Operation 51 [1/1] (0.00ns)   --->   "%specinterface_ln0 = specinterface void @_ssdm_op_SpecInterface, i8 %inByte623, void @empty_3, i32 0, i32 0, void @empty_23, i32 0, i32 0, void @empty_23, void @empty_23, void @empty_23, i32 0, i32 0, i32 0, i32 0, void @empty_23, void @empty_23, i32 4294967295, i32 0"   --->   Operation 51 'specinterface' 'specinterface_ln0' <Predicate = true> <Delay = 0.00>
ST_2 : Operation 52 [1/1] (0.00ns)   --->   "%specinterface_ln0 = specinterface void @_ssdm_op_SpecInterface, i8 %inByte522, void @empty_3, i32 0, i32 0, void @empty_23, i32 0, i32 0, void @empty_23, void @empty_23, void @empty_23, i32 0, i32 0, i32 0, i32 0, void @empty_23, void @empty_23, i32 4294967295, i32 0"   --->   Operation 52 'specinterface' 'specinterface_ln0' <Predicate = true> <Delay = 0.00>
ST_2 : Operation 53 [1/1] (0.00ns)   --->   "%specinterface_ln0 = specinterface void @_ssdm_op_SpecInterface, i8 %inByte421, void @empty_3, i32 0, i32 0, void @empty_23, i32 0, i32 0, void @empty_23, void @empty_23, void @empty_23, i32 0, i32 0, i32 0, i32 0, void @empty_23, void @empty_23, i32 4294967295, i32 0"   --->   Operation 53 'specinterface' 'specinterface_ln0' <Predicate = true> <Delay = 0.00>
ST_2 : Operation 54 [1/1] (0.00ns)   --->   "%specinterface_ln0 = specinterface void @_ssdm_op_SpecInterface, i8 %inByte320, void @empty_3, i32 0, i32 0, void @empty_23, i32 0, i32 0, void @empty_23, void @empty_23, void @empty_23, i32 0, i32 0, i32 0, i32 0, void @empty_23, void @empty_23, i32 4294967295, i32 0"   --->   Operation 54 'specinterface' 'specinterface_ln0' <Predicate = true> <Delay = 0.00>
ST_2 : Operation 55 [1/1] (0.00ns)   --->   "%specinterface_ln0 = specinterface void @_ssdm_op_SpecInterface, i8 %inByte219, void @empty_3, i32 0, i32 0, void @empty_23, i32 0, i32 0, void @empty_23, void @empty_23, void @empty_23, i32 0, i32 0, i32 0, i32 0, void @empty_23, void @empty_23, i32 4294967295, i32 0"   --->   Operation 55 'specinterface' 'specinterface_ln0' <Predicate = true> <Delay = 0.00>
ST_2 : Operation 56 [1/1] (0.00ns)   --->   "%specinterface_ln0 = specinterface void @_ssdm_op_SpecInterface, i8 %inByte118, void @empty_3, i32 0, i32 0, void @empty_23, i32 0, i32 0, void @empty_23, void @empty_23, void @empty_23, i32 0, i32 0, i32 0, i32 0, void @empty_23, void @empty_23, i32 4294967295, i32 0"   --->   Operation 56 'specinterface' 'specinterface_ln0' <Predicate = true> <Delay = 0.00>
ST_2 : Operation 57 [1/1] (0.00ns)   --->   "%specinterface_ln0 = specinterface void @_ssdm_op_SpecInterface, i8 %inByte017, void @empty_3, i32 0, i32 0, void @empty_23, i32 0, i32 0, void @empty_23, void @empty_23, void @empty_23, i32 0, i32 0, i32 0, i32 0, void @empty_23, void @empty_23, i32 4294967295, i32 0"   --->   Operation 57 'specinterface' 'specinterface_ln0' <Predicate = true> <Delay = 0.00>
ST_2 : Operation 58 [1/1] (0.00ns)   --->   "%tmp = partselect i27 @_ssdm_op_PartSelect.i27.i32.i32.i32, i32 %crc_size_read, i32 5, i32 31" [/home/efrink/mled/split_cu/U280_CRC_Accelerator/src/kernel.cpp:524]   --->   Operation 58 'partselect' 'tmp' <Predicate = true> <Delay = 0.00>
ST_2 : Operation 59 [1/1] (0.80ns)   --->   "%icmp_ln524 = icmp_eq  i27 %tmp, i27 0" [/home/efrink/mled/split_cu/U280_CRC_Accelerator/src/kernel.cpp:524]   --->   Operation 59 'icmp' 'icmp_ln524' <Predicate = true> <Delay = 0.80> <CoreInst = "Cmp">   --->   Core 9 'Cmp' <Latency = 0> <II = 1> <Delay = 0.80> <FuncUnit> <Opcode : 'icmp'> <InPorts = 2> <OutPorts = 1>
ST_2 : Operation 60 [1/1] (0.00ns) (grouped into LUT with out node mask_V)   --->   "%shl_ln525 = shl i32 1, i32 %crc_size_read" [/home/efrink/mled/split_cu/U280_CRC_Accelerator/src/kernel.cpp:525]   --->   Operation 60 'shl' 'shl_ln525' <Predicate = true> <Delay = 0.00> <CoreInst = "Shifter">   --->   Core 75 'Shifter' <Latency = 0> <II = 1> <Delay = 1.05> <FuncUnit> <Opcode : 'shl' 'lshr' 'ashr'> <InPorts = 2> <OutPorts = 1>
ST_2 : Operation 61 [1/1] (1.05ns) (out node of the LUT)   --->   "%mask_V = add i32 %shl_ln525, i32 4294967295" [/home/efrink/mled/split_cu/U280_CRC_Accelerator/src/kernel.cpp:525]   --->   Operation 61 'add' 'mask_V' <Predicate = true> <Delay = 1.05> <CoreInst = "Adder">   --->   Core 1 'Adder' <Latency = 0> <II = 1> <Delay = 0.88> <FuncUnit> <Opcode : 'add' 'sub'> <InPorts = 2> <OutPorts = 1>
ST_2 : Operation 62 [1/1] (0.22ns)   --->   "%mask_V_1 = select i1 %icmp_ln524, i32 %mask_V, i32 4294967295" [/home/efrink/mled/split_cu/U280_CRC_Accelerator/src/kernel.cpp:524]   --->   Operation 62 'select' 'mask_V_1' <Predicate = true> <Delay = 0.22> <CoreInst = "Sel">   --->   Core 73 'Sel' <Latency = 0> <II = 1> <Delay = 0.22> <FuncUnit> <Opcode : 'select'> <InPorts = 3> <OutPorts = 1>
ST_2 : Operation 63 [1/1] (0.00ns)   --->   "%shl_ln = bitconcatenate i32 @_ssdm_op_BitConcatenate.i32.i28.i4, i28 %trunc_ln528, i4 0" [/home/efrink/mled/split_cu/U280_CRC_Accelerator/src/kernel.cpp:528]   --->   Operation 63 'bitconcatenate' 'shl_ln' <Predicate = true> <Delay = 0.00>
ST_2 : Operation 64 [1/1] (0.88ns)   --->   "%tail_bytes = sub i32 %chunkSize_read, i32 %shl_ln" [/home/efrink/mled/split_cu/U280_CRC_Accelerator/src/kernel.cpp:528]   --->   Operation 64 'sub' 'tail_bytes' <Predicate = true> <Delay = 0.88> <CoreInst = "Adder">   --->   Core 1 'Adder' <Latency = 0> <II = 1> <Delay = 0.88> <FuncUnit> <Opcode : 'add' 'sub'> <InPorts = 2> <OutPorts = 1>
ST_2 : Operation 65 [1/1] (0.00ns)   --->   "%trunc_ln528_1 = trunc i32 %tail_bytes" [/home/efrink/mled/split_cu/U280_CRC_Accelerator/src/kernel.cpp:528]   --->   Operation 65 'trunc' 'trunc_ln528_1' <Predicate = true> <Delay = 0.00>
ST_2 : Operation 66 [1/1] (0.85ns)   --->   "%cmp5 = icmp_sgt  i32 %tail_bytes, i32 0" [/home/efrink/mled/split_cu/U280_CRC_Accelerator/src/kernel.cpp:528]   --->   Operation 66 'icmp' 'cmp5' <Predicate = true> <Delay = 0.85> <CoreInst = "Cmp">   --->   Core 9 'Cmp' <Latency = 0> <II = 1> <Delay = 0.85> <FuncUnit> <Opcode : 'icmp'> <InPorts = 2> <OutPorts = 1>
ST_2 : Operation 67 [1/1] (0.00ns)   --->   "%br_ln531 = br void %for.body" [/home/efrink/mled/split_cu/U280_CRC_Accelerator/src/kernel.cpp:531]   --->   Operation 67 'br' 'br_ln531' <Predicate = true> <Delay = 0.00>

State 3 <SV = 2> <Delay = 0.87>
ST_3 : Operation 68 [1/1] (0.00ns)   --->   "%c_1 = load i31 %c" [/home/efrink/mled/split_cu/U280_CRC_Accelerator/src/kernel.cpp:531]   --->   Operation 68 'load' 'c_1' <Predicate = true> <Delay = 0.00>
ST_3 : Operation 69 [1/1] (0.00ns)   --->   "%zext_ln531 = zext i31 %c_1" [/home/efrink/mled/split_cu/U280_CRC_Accelerator/src/kernel.cpp:531]   --->   Operation 69 'zext' 'zext_ln531' <Predicate = true> <Delay = 0.00>
ST_3 : Operation 70 [1/1] (0.85ns)   --->   "%icmp_ln531 = icmp_slt  i32 %zext_ln531, i32 %numChunks_read" [/home/efrink/mled/split_cu/U280_CRC_Accelerator/src/kernel.cpp:531]   --->   Operation 70 'icmp' 'icmp_ln531' <Predicate = true> <Delay = 0.85> <CoreInst = "Cmp">   --->   Core 9 'Cmp' <Latency = 0> <II = 1> <Delay = 0.85> <FuncUnit> <Opcode : 'icmp'> <InPorts = 2> <OutPorts = 1>
ST_3 : Operation 71 [1/1] (0.87ns)   --->   "%c_2 = add i31 %c_1, i31 1" [/home/efrink/mled/split_cu/U280_CRC_Accelerator/src/kernel.cpp:531]   --->   Operation 71 'add' 'c_2' <Predicate = true> <Delay = 0.87> <CoreInst = "Adder">   --->   Core 1 'Adder' <Latency = 0> <II = 1> <Delay = 0.87> <FuncUnit> <Opcode : 'add' 'sub'> <InPorts = 2> <OutPorts = 1>
ST_3 : Operation 72 [1/1] (0.00ns)   --->   "%br_ln531 = br i1 %icmp_ln531, void %for.end.loopexit, void %for.body.split" [/home/efrink/mled/split_cu/U280_CRC_Accelerator/src/kernel.cpp:531]   --->   Operation 72 'br' 'br_ln531' <Predicate = true> <Delay = 0.00>
ST_3 : Operation 73 [1/1] (0.00ns)   --->   "%ret_ln556 = ret" [/home/efrink/mled/split_cu/U280_CRC_Accelerator/src/kernel.cpp:556]   --->   Operation 73 'ret' 'ret_ln556' <Predicate = (!icmp_ln531)> <Delay = 0.00>

State 4 <SV = 3> <Delay = 2.02>
ST_4 : Operation 74 [2/2] (2.02ns)   --->   "%crc_V = call i32 @crc_process_full_blocks, i32 %crcTables_0, i32 %crcTables_1, i32 %crcTables_2, i32 %crcTables_3, i32 %crcTables_4, i32 %crcTables_5, i32 %crcTables_6, i32 %crcTables_7, i32 %crcTables_8, i32 %crcTables_9, i32 %crcTables_10, i32 %crcTables_11, i32 %crcTables_12, i32 %crcTables_13, i32 %crcTables_14, i32 %crcTables_15, i8 %inByte017, i8 %inByte118, i8 %inByte219, i8 %inByte320, i8 %inByte421, i8 %inByte522, i8 %inByte623, i8 %inByte724, i8 %inByte825, i8 %inByte926, i8 %inByte1027, i8 %inByte1128, i8 %inByte1229, i8 %inByte1330, i8 %inByte1431, i8 %inByte1532, i29 %blocks_in_chunk, i32 %init_value_read, i32 %mask_V_1" [/home/efrink/mled/split_cu/U280_CRC_Accelerator/src/kernel.cpp:535]   --->   Operation 74 'call' 'crc_V' <Predicate = true> <Delay = 2.02> <CoreType = "Generic">   --->   Core 0 '' <Latency = 0> <II = 1> <Delay = 1.00> <Generic> <Opcode : >

State 5 <SV = 4> <Delay = 0.38>
ST_5 : Operation 75 [1/1] (0.00ns)   --->   "%specloopname_ln531 = specloopname void @_ssdm_op_SpecLoopName, void @empty_10" [/home/efrink/mled/split_cu/U280_CRC_Accelerator/src/kernel.cpp:531]   --->   Operation 75 'specloopname' 'specloopname_ln531' <Predicate = true> <Delay = 0.00>
ST_5 : Operation 76 [1/2] (0.38ns)   --->   "%crc_V = call i32 @crc_process_full_blocks, i32 %crcTables_0, i32 %crcTables_1, i32 %crcTables_2, i32 %crcTables_3, i32 %crcTables_4, i32 %crcTables_5, i32 %crcTables_6, i32 %crcTables_7, i32 %crcTables_8, i32 %crcTables_9, i32 %crcTables_10, i32 %crcTables_11, i32 %crcTables_12, i32 %crcTables_13, i32 %crcTables_14, i32 %crcTables_15, i8 %inByte017, i8 %inByte118, i8 %inByte219, i8 %inByte320, i8 %inByte421, i8 %inByte522, i8 %inByte623, i8 %inByte724, i8 %inByte825, i8 %inByte926, i8 %inByte1027, i8 %inByte1128, i8 %inByte1229, i8 %inByte1330, i8 %inByte1431, i8 %inByte1532, i29 %blocks_in_chunk, i32 %init_value_read, i32 %mask_V_1" [/home/efrink/mled/split_cu/U280_CRC_Accelerator/src/kernel.cpp:535]   --->   Operation 76 'call' 'crc_V' <Predicate = true> <Delay = 0.38> <CoreType = "Generic">   --->   Core 0 '' <Latency = 0> <II = 1> <Delay = 1.00> <Generic> <Opcode : >
ST_5 : Operation 77 [1/1] (0.38ns)   --->   "%br_ln543 = br i1 %cmp5, void %for.inc, void %if.then6" [/home/efrink/mled/split_cu/U280_CRC_Accelerator/src/kernel.cpp:543]   --->   Operation 77 'br' 'br_ln543' <Predicate = true> <Delay = 0.38>

State 6 <SV = 5> <Delay = 1.23>
ST_6 : Operation 78 [2/2] (1.23ns)   --->   "%crc_V_1 = call i32 @crc_process_tail_bytes, i32 %crcTables_0, i8 %inByte017, i8 %inByte118, i8 %inByte219, i8 %inByte320, i8 %inByte421, i8 %inByte522, i8 %inByte623, i8 %inByte724, i8 %inByte825, i8 %inByte926, i8 %inByte1027, i8 %inByte1128, i8 %inByte1229, i8 %inByte1330, i8 %inByte1431, i8 %inByte1532, i31 %trunc_ln528_1, i32 %crc_V, i32 %mask_V_1" [/home/efrink/mled/split_cu/U280_CRC_Accelerator/src/kernel.cpp:545]   --->   Operation 78 'call' 'crc_V_1' <Predicate = true> <Delay = 1.23> <CoreType = "Generic">   --->   Core 0 '' <Latency = 0> <II = 1> <Delay = 1.00> <Generic> <Opcode : >

State 7 <SV = 6> <Delay = 1.60>
ST_7 : Operation 79 [1/2] (0.00ns)   --->   "%crc_V_1 = call i32 @crc_process_tail_bytes, i32 %crcTables_0, i8 %inByte017, i8 %inByte118, i8 %inByte219, i8 %inByte320, i8 %inByte421, i8 %inByte522, i8 %inByte623, i8 %inByte724, i8 %inByte825, i8 %inByte926, i8 %inByte1027, i8 %inByte1128, i8 %inByte1229, i8 %inByte1330, i8 %inByte1431, i8 %inByte1532, i31 %trunc_ln528_1, i32 %crc_V, i32 %mask_V_1" [/home/efrink/mled/split_cu/U280_CRC_Accelerator/src/kernel.cpp:545]   --->   Operation 79 'call' 'crc_V_1' <Predicate = (cmp5)> <Delay = 0.00> <CoreType = "Generic">   --->   Core 0 '' <Latency = 0> <II = 1> <Delay = 1.00> <Generic> <Opcode : >
ST_7 : Operation 80 [1/1] (0.38ns)   --->   "%br_ln552 = br void %for.inc" [/home/efrink/mled/split_cu/U280_CRC_Accelerator/src/kernel.cpp:552]   --->   Operation 80 'br' 'br_ln552' <Predicate = (cmp5)> <Delay = 0.38>
ST_7 : Operation 81 [1/1] (0.00ns)   --->   "%crc_V_2 = phi i32 %crc_V_1, void %if.then6, i32 %crc_V, void %for.body.split"   --->   Operation 81 'phi' 'crc_V_2' <Predicate = true> <Delay = 0.00>
ST_7 : Operation 82 [1/1] (1.21ns)   --->   "%write_ln174 = write void @_ssdm_op_Write.ap_fifo.volatile.i32P0A, i32 %outStream33, i32 %crc_V_2" [/packages/apps/fpga/Vitis_HLS/2022.1/common/technology/autopilot/hls_stream_39.h:174]   --->   Operation 82 'write' 'write_ln174' <Predicate = true> <Delay = 1.21> <CoreInst = "FIFO">   --->   Core 78 'FIFO' <Latency = 0> <II = 1> <Delay = 1.31> <Storage> <Opcode : 'read' 'write' 'nbread' 'nbwrite'> <Ports = 0> <Width = 32> <Depth = 64> <FIFO>
ST_7 : Operation 83 [1/1] (0.38ns)   --->   "%store_ln531 = store i31 %c_2, i31 %c" [/home/efrink/mled/split_cu/U280_CRC_Accelerator/src/kernel.cpp:531]   --->   Operation 83 'store' 'store_ln531' <Predicate = true> <Delay = 0.38>
ST_7 : Operation 84 [1/1] (0.00ns)   --->   "%br_ln531 = br void %for.body" [/home/efrink/mled/split_cu/U280_CRC_Accelerator/src/kernel.cpp:531]   --->   Operation 84 'br' 'br_ln531' <Predicate = true> <Delay = 0.00>


============================================================
+ Verbose Summary: Timing violations
============================================================
Target clock period: 3.33ns, clock uncertainty: 0.9ns.

 <State 1>: 2.04ns
The critical path consists of the following:
	wire read operation ('chunkSize_read') on port 'chunkSize' [41]  (0 ns)
	'sub' operation ('sub_ln527', /home/efrink/mled/split_cu/U280_CRC_Accelerator/src/kernel.cpp:527) [85]  (0.88 ns)
	'sub' operation ('sub_ln527_1', /home/efrink/mled/split_cu/U280_CRC_Accelerator/src/kernel.cpp:527) [88]  (0.856 ns)
	'select' operation ('blocks_in_chunk', /home/efrink/mled/split_cu/U280_CRC_Accelerator/src/kernel.cpp:527) [91]  (0.3 ns)

 <State 2>: 1.74ns
The critical path consists of the following:
	'sub' operation ('tail_bytes', /home/efrink/mled/split_cu/U280_CRC_Accelerator/src/kernel.cpp:528) [94]  (0.88 ns)
	'icmp' operation ('cmp5', /home/efrink/mled/split_cu/U280_CRC_Accelerator/src/kernel.cpp:528) [96]  (0.859 ns)

 <State 3>: 0.874ns
The critical path consists of the following:
	'load' operation ('c', /home/efrink/mled/split_cu/U280_CRC_Accelerator/src/kernel.cpp:531) on local variable 'c' [100]  (0 ns)
	'add' operation ('c', /home/efrink/mled/split_cu/U280_CRC_Accelerator/src/kernel.cpp:531) [103]  (0.874 ns)

 <State 4>: 2.02ns
The critical path consists of the following:
	'call' operation ('crc.V', /home/efrink/mled/split_cu/U280_CRC_Accelerator/src/kernel.cpp:535) to 'crc_process_full_blocks' [107]  (2.02 ns)

 <State 5>: 0.387ns
The critical path consists of the following:
	'call' operation ('crc.V', /home/efrink/mled/split_cu/U280_CRC_Accelerator/src/kernel.cpp:535) to 'crc_process_full_blocks' [107]  (0.387 ns)

 <State 6>: 1.23ns
The critical path consists of the following:
	'call' operation ('crc.V', /home/efrink/mled/split_cu/U280_CRC_Accelerator/src/kernel.cpp:545) to 'crc_process_tail_bytes' [110]  (1.23 ns)

 <State 7>: 1.6ns
The critical path consists of the following:
	'call' operation ('crc.V', /home/efrink/mled/split_cu/U280_CRC_Accelerator/src/kernel.cpp:545) to 'crc_process_tail_bytes' [110]  (0 ns)
	multiplexor before 'phi' operation ('crc.V') with incoming values : ('crc.V', /home/efrink/mled/split_cu/U280_CRC_Accelerator/src/kernel.cpp:535) ('crc.V', /home/efrink/mled/split_cu/U280_CRC_Accelerator/src/kernel.cpp:545) [113]  (0.387 ns)
	'phi' operation ('crc.V') with incoming values : ('crc.V', /home/efrink/mled/split_cu/U280_CRC_Accelerator/src/kernel.cpp:535) ('crc.V', /home/efrink/mled/split_cu/U280_CRC_Accelerator/src/kernel.cpp:545) [113]  (0 ns)
	fifo write operation ('write_ln174', /packages/apps/fpga/Vitis_HLS/2022.1/common/technology/autopilot/hls_stream_39.h:174) on port 'outStream33' (/packages/apps/fpga/Vitis_HLS/2022.1/common/technology/autopilot/hls_stream_39.h:174) [114]  (1.22 ns)


============================================================
+ Verbose Summary: Binding
============================================================
N/A
* FSMD analyzer results:
  - Output states:
 - Input state : 
  - Chain level:
	State 1
	State 2
	State 3
	State 4
	State 5
	State 6
	State 7


============================================================
+ Verbose Summary: Datapath Resource usage 
============================================================
N/A
