

================================================================
== Vitis HLS Report for 'read_input'
================================================================
* Date:           Thu Apr  2 18:17:02 2026

* Version:        2022.1 (Build 3526262 on Mon Apr 18 15:47:01 MDT 2022)
* Project:        calculate_crc
* Solution:       solution (Vitis Kernel Flow Target)
* Product family: virtexuplus
* Target device:  xcu280-fsvh2892-2L-e


================================================================
== Performance Estimates
================================================================
+ Timing: 
    * Summary: 
    +--------+---------+----------+------------+
    |  Clock |  Target | Estimated| Uncertainty|
    +--------+---------+----------+------------+
    |ap_clk  |  3.33 ns|  2.433 ns|     0.90 ns|
    +--------+---------+----------+------------+

+ Latency: 
    * Summary: 
    +---------+---------+----------+----------+-----+-----+---------+
    |  Latency (cycles) |  Latency (absolute) |  Interval | Pipeline|
    |   min   |   max   |    min   |    max   | min | max |   Type  |
    +---------+---------+----------+----------+-----+-----+---------+
    |        ?|        ?|         ?|         ?|    ?|    ?|       no|
    +---------+---------+----------+----------+-----+-----+---------+

    + Detail: 
        * Instance: 
        +---------------------------------------+----------------------------+---------+---------+----------+----------+-----+-----+---------+
        |                                       |                            |  Latency (cycles) |  Latency (absolute) |  Interval | Pipeline|
        |                Instance               |           Module           |   min   |   max   |    min   |    max   | min | max |   Type  |
        +---------------------------------------+----------------------------+---------+---------+----------+----------+-----+-----+---------+
        |grp_read_input_Pipeline_mem_rd_fu_112  |read_input_Pipeline_mem_rd  |        ?|        ?|         ?|         ?|    ?|    ?|       no|
        +---------------------------------------+----------------------------+---------+---------+----------+----------+-----+-----+---------+

        * Loop: 
        N/A

============================================================
+ Verbose Summary: Synthesis Manager
============================================================
InlineROM: 1
ExposeGlobal: 0
============================================================
+ Verbose Summary: CDFG Model
============================================================
IsTopModel: 0
ResetActiveHigh: 1
IsCombinational: 2
IsDatapathOnly: 0
HasWiredReturn: 1
HasMFsm: 0
HasVarLatency: 1
IsPipeline: 0
IsRtlPipelined: 0
IsInstanceOverlapped: 0
IsDontTouch: 0
HasImplIP: 0
IsGatedGlobalClock: 0


============================================================
+ Verbose Summary: Schedule
============================================================
* Number of FSM states : 75
* Pipeline : 0
* Dataflow Pipeline: 0

* FSM state transitions: 
1 --> 2 
2 --> 3 
3 --> 4 
4 --> 5 75 
5 --> 6 
6 --> 7 
7 --> 8 
8 --> 9 
9 --> 10 
10 --> 11 
11 --> 12 
12 --> 13 
13 --> 14 
14 --> 15 
15 --> 16 
16 --> 17 
17 --> 18 
18 --> 19 
19 --> 20 
20 --> 21 
21 --> 22 
22 --> 23 
23 --> 24 
24 --> 25 
25 --> 26 
26 --> 27 
27 --> 28 
28 --> 29 
29 --> 30 
30 --> 31 
31 --> 32 
32 --> 33 
33 --> 34 
34 --> 35 
35 --> 36 
36 --> 37 
37 --> 38 
38 --> 39 
39 --> 40 
40 --> 41 
41 --> 42 
42 --> 43 
43 --> 44 
44 --> 45 
45 --> 46 
46 --> 47 
47 --> 48 
48 --> 49 
49 --> 50 
50 --> 51 
51 --> 52 
52 --> 53 
53 --> 54 
54 --> 55 
55 --> 56 
56 --> 57 
57 --> 58 
58 --> 59 
59 --> 60 
60 --> 61 
61 --> 62 
62 --> 63 
63 --> 64 
64 --> 65 
65 --> 66 
66 --> 67 
67 --> 68 
68 --> 69 
69 --> 70 
70 --> 71 
71 --> 72 
72 --> 73 
73 --> 74 
74 --> 75 
75 --> 

* FSM state operations: 

State 1 <SV = 0> <Delay = 2.29>
ST_1 : Operation 76 [1/1] (0.00ns)   --->   "%chunkSize_read = read i32 @_ssdm_op_Read.ap_auto.i32, i32 %chunkSize" [/home/efrink/mled/split_cu/U280_CRC_Accelerator/src/kernel.cpp:318]   --->   Operation 76 'read' 'chunkSize_read' <Predicate = true> <Delay = 0.00>
ST_1 : Operation 77 [1/1] (0.00ns)   --->   "%numChunks_read = read i32 @_ssdm_op_Read.ap_auto.i32, i32 %numChunks" [/home/efrink/mled/split_cu/U280_CRC_Accelerator/src/kernel.cpp:318]   --->   Operation 77 'read' 'numChunks_read' <Predicate = true> <Delay = 0.00>
ST_1 : Operation 78 [2/2] (2.29ns)   --->   "%total_bytes = mul i32 %chunkSize_read, i32 %numChunks_read" [/home/efrink/mled/split_cu/U280_CRC_Accelerator/src/kernel.cpp:318]   --->   Operation 78 'mul' 'total_bytes' <Predicate = true> <Delay = 2.29> <CoreInst = "Multiplier">   --->   Core 3 'Multiplier' <Latency = 1> <II = 1> <Delay = 2.29> <FuncUnit> <Opcode : 'mul'> <InPorts = 2> <OutPorts = 1>

State 2 <SV = 1> <Delay = 2.29>
ST_2 : Operation 79 [1/2] (2.29ns)   --->   "%total_bytes = mul i32 %chunkSize_read, i32 %numChunks_read" [/home/efrink/mled/split_cu/U280_CRC_Accelerator/src/kernel.cpp:318]   --->   Operation 79 'mul' 'total_bytes' <Predicate = true> <Delay = 2.29> <CoreInst = "Multiplier">   --->   Core 3 'Multiplier' <Latency = 1> <II = 1> <Delay = 2.29> <FuncUnit> <Opcode : 'mul'> <InPorts = 2> <OutPorts = 1>
ST_2 : Operation 80 [1/1] (0.00ns)   --->   "%tmp = bitselect i1 @_ssdm_op_BitSelect.i1.i32.i32, i32 %total_bytes, i32 31" [/home/efrink/mled/split_cu/U280_CRC_Accelerator/src/kernel.cpp:319]   --->   Operation 80 'bitselect' 'tmp' <Predicate = true> <Delay = 0.00>
ST_2 : Operation 81 [1/1] (0.00ns)   --->   "%trunc_ln319_2 = partselect i28 @_ssdm_op_PartSelect.i28.i32.i32.i32, i32 %total_bytes, i32 4, i32 31" [/home/efrink/mled/split_cu/U280_CRC_Accelerator/src/kernel.cpp:319]   --->   Operation 81 'partselect' 'trunc_ln319_2' <Predicate = true> <Delay = 0.00>
ST_2 : Operation 82 [1/1] (0.00ns)   --->   "%tmp_1 = partselect i28 @_ssdm_op_PartSelect.i28.i32.i32.i32, i32 %total_bytes, i32 4, i32 31" [/home/efrink/mled/split_cu/U280_CRC_Accelerator/src/kernel.cpp:323]   --->   Operation 82 'partselect' 'tmp_1' <Predicate = true> <Delay = 0.00>

State 3 <SV = 2> <Delay = 2.03>
ST_3 : Operation 83 [1/1] (0.88ns)   --->   "%sub_ln319 = sub i32 0, i32 %total_bytes" [/home/efrink/mled/split_cu/U280_CRC_Accelerator/src/kernel.cpp:319]   --->   Operation 83 'sub' 'sub_ln319' <Predicate = (tmp)> <Delay = 0.88> <CoreInst = "Adder">   --->   Core 1 'Adder' <Latency = 0> <II = 1> <Delay = 0.88> <FuncUnit> <Opcode : 'add' 'sub'> <InPorts = 2> <OutPorts = 1>
ST_3 : Operation 84 [1/1] (0.00ns)   --->   "%trunc_ln319_1 = partselect i28 @_ssdm_op_PartSelect.i28.i32.i32.i32, i32 %sub_ln319, i32 4, i32 31" [/home/efrink/mled/split_cu/U280_CRC_Accelerator/src/kernel.cpp:319]   --->   Operation 84 'partselect' 'trunc_ln319_1' <Predicate = (tmp)> <Delay = 0.00>
ST_3 : Operation 85 [1/1] (0.00ns)   --->   "%zext_ln319 = zext i28 %trunc_ln319_1" [/home/efrink/mled/split_cu/U280_CRC_Accelerator/src/kernel.cpp:319]   --->   Operation 85 'zext' 'zext_ln319' <Predicate = (tmp)> <Delay = 0.00>
ST_3 : Operation 86 [1/1] (0.85ns)   --->   "%sub_ln319_1 = sub i29 0, i29 %zext_ln319" [/home/efrink/mled/split_cu/U280_CRC_Accelerator/src/kernel.cpp:319]   --->   Operation 86 'sub' 'sub_ln319_1' <Predicate = (tmp)> <Delay = 0.85> <CoreInst = "Adder">   --->   Core 1 'Adder' <Latency = 0> <II = 1> <Delay = 0.85> <FuncUnit> <Opcode : 'add' 'sub'> <InPorts = 2> <OutPorts = 1>
ST_3 : Operation 87 [1/1] (0.00ns)   --->   "%zext_ln319_1 = zext i28 %trunc_ln319_2" [/home/efrink/mled/split_cu/U280_CRC_Accelerator/src/kernel.cpp:319]   --->   Operation 87 'zext' 'zext_ln319_1' <Predicate = (!tmp)> <Delay = 0.00>
ST_3 : Operation 88 [1/1] (0.29ns)   --->   "%loop_count = select i1 %tmp, i29 %sub_ln319_1, i29 %zext_ln319_1" [/home/efrink/mled/split_cu/U280_CRC_Accelerator/src/kernel.cpp:319]   --->   Operation 88 'select' 'loop_count' <Predicate = true> <Delay = 0.29> <CoreInst = "Sel">   --->   Core 73 'Sel' <Latency = 0> <II = 1> <Delay = 0.29> <FuncUnit> <Opcode : 'select'> <InPorts = 3> <OutPorts = 1>
ST_3 : Operation 89 [1/1] (0.81ns)   --->   "%icmp_ln323 = icmp_sgt  i28 %tmp_1, i28 0" [/home/efrink/mled/split_cu/U280_CRC_Accelerator/src/kernel.cpp:323]   --->   Operation 89 'icmp' 'icmp_ln323' <Predicate = true> <Delay = 0.81> <CoreInst = "Cmp">   --->   Core 9 'Cmp' <Latency = 0> <II = 1> <Delay = 0.81> <FuncUnit> <Opcode : 'icmp'> <InPorts = 2> <OutPorts = 1>

State 4 <SV = 3> <Delay = 2.43>
ST_4 : Operation 90 [1/1] (0.00ns)   --->   "%specinterface_ln0 = specinterface void @_ssdm_op_SpecInterface, i8 %inByte1532, void @empty_3, i32 0, i32 0, void @empty_23, i32 0, i32 0, void @empty_23, void @empty_23, void @empty_23, i32 0, i32 0, i32 0, i32 0, void @empty_23, void @empty_23, i32 4294967295, i32 0"   --->   Operation 90 'specinterface' 'specinterface_ln0' <Predicate = true> <Delay = 0.00>
ST_4 : Operation 91 [1/1] (0.00ns)   --->   "%specinterface_ln0 = specinterface void @_ssdm_op_SpecInterface, i8 %inByte1431, void @empty_3, i32 0, i32 0, void @empty_23, i32 0, i32 0, void @empty_23, void @empty_23, void @empty_23, i32 0, i32 0, i32 0, i32 0, void @empty_23, void @empty_23, i32 4294967295, i32 0"   --->   Operation 91 'specinterface' 'specinterface_ln0' <Predicate = true> <Delay = 0.00>
ST_4 : Operation 92 [1/1] (0.00ns)   --->   "%specinterface_ln0 = specinterface void @_ssdm_op_SpecInterface, i8 %inByte1330, void @empty_3, i32 0, i32 0, void @empty_23, i32 0, i32 0, void @empty_23, void @empty_23, void @empty_23, i32 0, i32 0, i32 0, i32 0, void @empty_23, void @empty_23, i32 4294967295, i32 0"   --->   Operation 92 'specinterface' 'specinterface_ln0' <Predicate = true> <Delay = 0.00>
ST_4 : Operation 93 [1/1] (0.00ns)   --->   "%specinterface_ln0 = specinterface void @_ssdm_op_SpecInterface, i8 %inByte1229, void @empty_3, i32 0, i32 0, void @empty_23, i32 0, i32 0, void @empty_23, void @empty_23, void @empty_23, i32 0, i32 0, i32 0, i32 0, void @empty_23, void @empty_23, i32 4294967295, i32 0"   --->   Operation 93 'specinterface' 'specinterface_ln0' <Predicate = true> <Delay = 0.00>
ST_4 : Operation 94 [1/1] (0.00ns)   --->   "%specinterface_ln0 = specinterface void @_ssdm_op_SpecInterface, i8 %inByte1128, void @empty_3, i32 0, i32 0, void @empty_23, i32 0, i32 0, void @empty_23, void @empty_23, void @empty_23, i32 0, i32 0, i32 0, i32 0, void @empty_23, void @empty_23, i32 4294967295, i32 0"   --->   Operation 94 'specinterface' 'specinterface_ln0' <Predicate = true> <Delay = 0.00>
ST_4 : Operation 95 [1/1] (0.00ns)   --->   "%specinterface_ln0 = specinterface void @_ssdm_op_SpecInterface, i8 %inByte1027, void @empty_3, i32 0, i32 0, void @empty_23, i32 0, i32 0, void @empty_23, void @empty_23, void @empty_23, i32 0, i32 0, i32 0, i32 0, void @empty_23, void @empty_23, i32 4294967295, i32 0"   --->   Operation 95 'specinterface' 'specinterface_ln0' <Predicate = true> <Delay = 0.00>
ST_4 : Operation 96 [1/1] (0.00ns)   --->   "%specinterface_ln0 = specinterface void @_ssdm_op_SpecInterface, i8 %inByte926, void @empty_3, i32 0, i32 0, void @empty_23, i32 0, i32 0, void @empty_23, void @empty_23, void @empty_23, i32 0, i32 0, i32 0, i32 0, void @empty_23, void @empty_23, i32 4294967295, i32 0"   --->   Operation 96 'specinterface' 'specinterface_ln0' <Predicate = true> <Delay = 0.00>
ST_4 : Operation 97 [1/1] (0.00ns)   --->   "%specinterface_ln0 = specinterface void @_ssdm_op_SpecInterface, i8 %inByte825, void @empty_3, i32 0, i32 0, void @empty_23, i32 0, i32 0, void @empty_23, void @empty_23, void @empty_23, i32 0, i32 0, i32 0, i32 0, void @empty_23, void @empty_23, i32 4294967295, i32 0"   --->   Operation 97 'specinterface' 'specinterface_ln0' <Predicate = true> <Delay = 0.00>
ST_4 : Operation 98 [1/1] (0.00ns)   --->   "%specinterface_ln0 = specinterface void @_ssdm_op_SpecInterface, i8 %inByte724, void @empty_3, i32 0, i32 0, void @empty_23, i32 0, i32 0, void @empty_23, void @empty_23, void @empty_23, i32 0, i32 0, i32 0, i32 0, void @empty_23, void @empty_23, i32 4294967295, i32 0"   --->   Operation 98 'specinterface' 'specinterface_ln0' <Predicate = true> <Delay = 0.00>
ST_4 : Operation 99 [1/1] (0.00ns)   --->   "%specinterface_ln0 = specinterface void @_ssdm_op_SpecInterface, i8 %inByte623, void @empty_3, i32 0, i32 0, void @empty_23, i32 0, i32 0, void @empty_23, void @empty_23, void @empty_23, i32 0, i32 0, i32 0, i32 0, void @empty_23, void @empty_23, i32 4294967295, i32 0"   --->   Operation 99 'specinterface' 'specinterface_ln0' <Predicate = true> <Delay = 0.00>
ST_4 : Operation 100 [1/1] (0.00ns)   --->   "%specinterface_ln0 = specinterface void @_ssdm_op_SpecInterface, i8 %inByte522, void @empty_3, i32 0, i32 0, void @empty_23, i32 0, i32 0, void @empty_23, void @empty_23, void @empty_23, i32 0, i32 0, i32 0, i32 0, void @empty_23, void @empty_23, i32 4294967295, i32 0"   --->   Operation 100 'specinterface' 'specinterface_ln0' <Predicate = true> <Delay = 0.00>
ST_4 : Operation 101 [1/1] (0.00ns)   --->   "%specinterface_ln0 = specinterface void @_ssdm_op_SpecInterface, i8 %inByte421, void @empty_3, i32 0, i32 0, void @empty_23, i32 0, i32 0, void @empty_23, void @empty_23, void @empty_23, i32 0, i32 0, i32 0, i32 0, void @empty_23, void @empty_23, i32 4294967295, i32 0"   --->   Operation 101 'specinterface' 'specinterface_ln0' <Predicate = true> <Delay = 0.00>
ST_4 : Operation 102 [1/1] (0.00ns)   --->   "%specinterface_ln0 = specinterface void @_ssdm_op_SpecInterface, i8 %inByte320, void @empty_3, i32 0, i32 0, void @empty_23, i32 0, i32 0, void @empty_23, void @empty_23, void @empty_23, i32 0, i32 0, i32 0, i32 0, void @empty_23, void @empty_23, i32 4294967295, i32 0"   --->   Operation 102 'specinterface' 'specinterface_ln0' <Predicate = true> <Delay = 0.00>
ST_4 : Operation 103 [1/1] (0.00ns)   --->   "%specinterface_ln0 = specinterface void @_ssdm_op_SpecInterface, i8 %inByte219, void @empty_3, i32 0, i32 0, void @empty_23, i32 0, i32 0, void @empty_23, void @empty_23, void @empty_23, i32 0, i32 0, i32 0, i32 0, void @empty_23, void @empty_23, i32 4294967295, i32 0"   --->   Operation 103 'specinterface' 'specinterface_ln0' <Predicate = true> <Delay = 0.00>
ST_4 : Operation 104 [1/1] (0.00ns)   --->   "%specinterface_ln0 = specinterface void @_ssdm_op_SpecInterface, i8 %inByte118, void @empty_3, i32 0, i32 0, void @empty_23, i32 0, i32 0, void @empty_23, void @empty_23, void @empty_23, i32 0, i32 0, i32 0, i32 0, void @empty_23, void @empty_23, i32 4294967295, i32 0"   --->   Operation 104 'specinterface' 'specinterface_ln0' <Predicate = true> <Delay = 0.00>
ST_4 : Operation 105 [1/1] (0.00ns)   --->   "%specinterface_ln0 = specinterface void @_ssdm_op_SpecInterface, i8 %inByte017, void @empty_3, i32 0, i32 0, void @empty_23, i32 0, i32 0, void @empty_23, void @empty_23, void @empty_23, i32 0, i32 0, i32 0, i32 0, void @empty_23, void @empty_23, i32 4294967295, i32 0"   --->   Operation 105 'specinterface' 'specinterface_ln0' <Predicate = true> <Delay = 0.00>
ST_4 : Operation 106 [1/1] (0.00ns)   --->   "%specinterface_ln0 = specinterface void @_ssdm_op_SpecInterface, i128 %gmem0, void @empty_22, i32 0, i32 0, void @empty_23, i32 64, i32 1024, void @empty, void @empty_2, void @empty_23, i32 16, i32 16, i32 16, i32 16, void @empty_23, void @empty_23, i32 4294967295, i32 0"   --->   Operation 106 'specinterface' 'specinterface_ln0' <Predicate = true> <Delay = 0.00>
ST_4 : Operation 107 [1/1] (0.00ns)   --->   "%in_read = read i64 @_ssdm_op_Read.ap_auto.i64, i64 %in_r" [/home/efrink/mled/split_cu/U280_CRC_Accelerator/src/kernel.cpp:318]   --->   Operation 107 'read' 'in_read' <Predicate = true> <Delay = 0.00>
ST_4 : Operation 108 [1/1] (0.00ns)   --->   "%sext_ln319 = sext i29 %loop_count" [/home/efrink/mled/split_cu/U280_CRC_Accelerator/src/kernel.cpp:319]   --->   Operation 108 'sext' 'sext_ln319' <Predicate = true> <Delay = 0.00>
ST_4 : Operation 109 [1/1] (0.00ns)   --->   "%br_ln323 = br i1 %icmp_ln323, void %for.end, void %for.body.lr.ph" [/home/efrink/mled/split_cu/U280_CRC_Accelerator/src/kernel.cpp:323]   --->   Operation 109 'br' 'br_ln323' <Predicate = true> <Delay = 0.00>
ST_4 : Operation 110 [1/1] (0.00ns)   --->   "%trunc_ln323 = trunc i29 %loop_count" [/home/efrink/mled/split_cu/U280_CRC_Accelerator/src/kernel.cpp:323]   --->   Operation 110 'trunc' 'trunc_ln323' <Predicate = (icmp_ln323)> <Delay = 0.00>
ST_4 : Operation 111 [1/1] (0.00ns)   --->   "%trunc_ln1 = partselect i60 @_ssdm_op_PartSelect.i60.i64.i32.i32, i64 %in_read, i32 4, i32 63" [/home/efrink/mled/split_cu/U280_CRC_Accelerator/src/kernel.cpp:323]   --->   Operation 111 'partselect' 'trunc_ln1' <Predicate = (icmp_ln323)> <Delay = 0.00>
ST_4 : Operation 112 [1/1] (0.00ns)   --->   "%sext_ln323 = sext i60 %trunc_ln1" [/home/efrink/mled/split_cu/U280_CRC_Accelerator/src/kernel.cpp:323]   --->   Operation 112 'sext' 'sext_ln323' <Predicate = (icmp_ln323)> <Delay = 0.00>
ST_4 : Operation 113 [1/1] (0.00ns)   --->   "%gmem0_addr = getelementptr i128 %gmem0, i64 %sext_ln323" [/home/efrink/mled/split_cu/U280_CRC_Accelerator/src/kernel.cpp:323]   --->   Operation 113 'getelementptr' 'gmem0_addr' <Predicate = (icmp_ln323)> <Delay = 0.00>
ST_4 : Operation 114 [70/70] (2.43ns)   --->   "%empty = readreq i1 @_ssdm_op_ReadReq.m_axi.p1i128, i128 %gmem0_addr, i32 %sext_ln319" [/home/efrink/mled/split_cu/U280_CRC_Accelerator/src/kernel.cpp:323]   --->   Operation 114 'readreq' 'empty' <Predicate = (icmp_ln323)> <Delay = 2.43> <CoreInst = "m_axi">   --->   Core 121 'm_axi' <Latency = 0> <II = 1> <Delay = 1.00> <Adapter> <Opcode : 'read' 'write' 'readreq' 'writereq' 'writeresp'>

State 5 <SV = 4> <Delay = 2.43>
ST_5 : Operation 115 [69/70] (2.43ns)   --->   "%empty = readreq i1 @_ssdm_op_ReadReq.m_axi.p1i128, i128 %gmem0_addr, i32 %sext_ln319" [/home/efrink/mled/split_cu/U280_CRC_Accelerator/src/kernel.cpp:323]   --->   Operation 115 'readreq' 'empty' <Predicate = true> <Delay = 2.43> <CoreInst = "m_axi">   --->   Core 121 'm_axi' <Latency = 0> <II = 1> <Delay = 1.00> <Adapter> <Opcode : 'read' 'write' 'readreq' 'writereq' 'writeresp'>

State 6 <SV = 5> <Delay = 2.43>
ST_6 : Operation 116 [68/70] (2.43ns)   --->   "%empty = readreq i1 @_ssdm_op_ReadReq.m_axi.p1i128, i128 %gmem0_addr, i32 %sext_ln319" [/home/efrink/mled/split_cu/U280_CRC_Accelerator/src/kernel.cpp:323]   --->   Operation 116 'readreq' 'empty' <Predicate = true> <Delay = 2.43> <CoreInst = "m_axi">   --->   Core 121 'm_axi' <Latency = 0> <II = 1> <Delay = 1.00> <Adapter> <Opcode : 'read' 'write' 'readreq' 'writereq' 'writeresp'>

State 7 <SV = 6> <Delay = 2.43>
ST_7 : Operation 117 [67/70] (2.43ns)   --->   "%empty = readreq i1 @_ssdm_op_ReadReq.m_axi.p1i128, i128 %gmem0_addr, i32 %sext_ln319" [/home/efrink/mled/split_cu/U280_CRC_Accelerator/src/kernel.cpp:323]   --->   Operation 117 'readreq' 'empty' <Predicate = true> <Delay = 2.43> <CoreInst = "m_axi">   --->   Core 121 'm_axi' <Latency = 0> <II = 1> <Delay = 1.00> <Adapter> <Opcode : 'read' 'write' 'readreq' 'writereq' 'writeresp'>

State 8 <SV = 7> <Delay = 2.43>
ST_8 : Operation 118 [66/70] (2.43ns)   --->   "%empty = readreq i1 @_ssdm_op_ReadReq.m_axi.p1i128, i128 %gmem0_addr, i32 %sext_ln319" [/home/efrink/mled/split_cu/U280_CRC_Accelerator/src/kernel.cpp:323]   --->   Operation 118 'readreq' 'empty' <Predicate = true> <Delay = 2.43> <CoreInst = "m_axi">   --->   Core 121 'm_axi' <Latency = 0> <II = 1> <Delay = 1.00> <Adapter> <Opcode : 'read' 'write' 'readreq' 'writereq' 'writeresp'>

State 9 <SV = 8> <Delay = 2.43>
ST_9 : Operation 119 [65/70] (2.43ns)   --->   "%empty = readreq i1 @_ssdm_op_ReadReq.m_axi.p1i128, i128 %gmem0_addr, i32 %sext_ln319" [/home/efrink/mled/split_cu/U280_CRC_Accelerator/src/kernel.cpp:323]   --->   Operation 119 'readreq' 'empty' <Predicate = true> <Delay = 2.43> <CoreInst = "m_axi">   --->   Core 121 'm_axi' <Latency = 0> <II = 1> <Delay = 1.00> <Adapter> <Opcode : 'read' 'write' 'readreq' 'writereq' 'writeresp'>

State 10 <SV = 9> <Delay = 2.43>
ST_10 : Operation 120 [64/70] (2.43ns)   --->   "%empty = readreq i1 @_ssdm_op_ReadReq.m_axi.p1i128, i128 %gmem0_addr, i32 %sext_ln319" [/home/efrink/mled/split_cu/U280_CRC_Accelerator/src/kernel.cpp:323]   --->   Operation 120 'readreq' 'empty' <Predicate = true> <Delay = 2.43> <CoreInst = "m_axi">   --->   Core 121 'm_axi' <Latency = 0> <II = 1> <Delay = 1.00> <Adapter> <Opcode : 'read' 'write' 'readreq' 'writereq' 'writeresp'>

State 11 <SV = 10> <Delay = 2.43>
ST_11 : Operation 121 [63/70] (2.43ns)   --->   "%empty = readreq i1 @_ssdm_op_ReadReq.m_axi.p1i128, i128 %gmem0_addr, i32 %sext_ln319" [/home/efrink/mled/split_cu/U280_CRC_Accelerator/src/kernel.cpp:323]   --->   Operation 121 'readreq' 'empty' <Predicate = true> <Delay = 2.43> <CoreInst = "m_axi">   --->   Core 121 'm_axi' <Latency = 0> <II = 1> <Delay = 1.00> <Adapter> <Opcode : 'read' 'write' 'readreq' 'writereq' 'writeresp'>

State 12 <SV = 11> <Delay = 2.43>
ST_12 : Operation 122 [62/70] (2.43ns)   --->   "%empty = readreq i1 @_ssdm_op_ReadReq.m_axi.p1i128, i128 %gmem0_addr, i32 %sext_ln319" [/home/efrink/mled/split_cu/U280_CRC_Accelerator/src/kernel.cpp:323]   --->   Operation 122 'readreq' 'empty' <Predicate = true> <Delay = 2.43> <CoreInst = "m_axi">   --->   Core 121 'm_axi' <Latency = 0> <II = 1> <Delay = 1.00> <Adapter> <Opcode : 'read' 'write' 'readreq' 'writereq' 'writeresp'>

State 13 <SV = 12> <Delay = 2.43>
ST_13 : Operation 123 [61/70] (2.43ns)   --->   "%empty = readreq i1 @_ssdm_op_ReadReq.m_axi.p1i128, i128 %gmem0_addr, i32 %sext_ln319" [/home/efrink/mled/split_cu/U280_CRC_Accelerator/src/kernel.cpp:323]   --->   Operation 123 'readreq' 'empty' <Predicate = true> <Delay = 2.43> <CoreInst = "m_axi">   --->   Core 121 'm_axi' <Latency = 0> <II = 1> <Delay = 1.00> <Adapter> <Opcode : 'read' 'write' 'readreq' 'writereq' 'writeresp'>

State 14 <SV = 13> <Delay = 2.43>
ST_14 : Operation 124 [60/70] (2.43ns)   --->   "%empty = readreq i1 @_ssdm_op_ReadReq.m_axi.p1i128, i128 %gmem0_addr, i32 %sext_ln319" [/home/efrink/mled/split_cu/U280_CRC_Accelerator/src/kernel.cpp:323]   --->   Operation 124 'readreq' 'empty' <Predicate = true> <Delay = 2.43> <CoreInst = "m_axi">   --->   Core 121 'm_axi' <Latency = 0> <II = 1> <Delay = 1.00> <Adapter> <Opcode : 'read' 'write' 'readreq' 'writereq' 'writeresp'>

State 15 <SV = 14> <Delay = 2.43>
ST_15 : Operation 125 [59/70] (2.43ns)   --->   "%empty = readreq i1 @_ssdm_op_ReadReq.m_axi.p1i128, i128 %gmem0_addr, i32 %sext_ln319" [/home/efrink/mled/split_cu/U280_CRC_Accelerator/src/kernel.cpp:323]   --->   Operation 125 'readreq' 'empty' <Predicate = true> <Delay = 2.43> <CoreInst = "m_axi">   --->   Core 121 'm_axi' <Latency = 0> <II = 1> <Delay = 1.00> <Adapter> <Opcode : 'read' 'write' 'readreq' 'writereq' 'writeresp'>

State 16 <SV = 15> <Delay = 2.43>
ST_16 : Operation 126 [58/70] (2.43ns)   --->   "%empty = readreq i1 @_ssdm_op_ReadReq.m_axi.p1i128, i128 %gmem0_addr, i32 %sext_ln319" [/home/efrink/mled/split_cu/U280_CRC_Accelerator/src/kernel.cpp:323]   --->   Operation 126 'readreq' 'empty' <Predicate = true> <Delay = 2.43> <CoreInst = "m_axi">   --->   Core 121 'm_axi' <Latency = 0> <II = 1> <Delay = 1.00> <Adapter> <Opcode : 'read' 'write' 'readreq' 'writereq' 'writeresp'>

State 17 <SV = 16> <Delay = 2.43>
ST_17 : Operation 127 [57/70] (2.43ns)   --->   "%empty = readreq i1 @_ssdm_op_ReadReq.m_axi.p1i128, i128 %gmem0_addr, i32 %sext_ln319" [/home/efrink/mled/split_cu/U280_CRC_Accelerator/src/kernel.cpp:323]   --->   Operation 127 'readreq' 'empty' <Predicate = true> <Delay = 2.43> <CoreInst = "m_axi">   --->   Core 121 'm_axi' <Latency = 0> <II = 1> <Delay = 1.00> <Adapter> <Opcode : 'read' 'write' 'readreq' 'writereq' 'writeresp'>

State 18 <SV = 17> <Delay = 2.43>
ST_18 : Operation 128 [56/70] (2.43ns)   --->   "%empty = readreq i1 @_ssdm_op_ReadReq.m_axi.p1i128, i128 %gmem0_addr, i32 %sext_ln319" [/home/efrink/mled/split_cu/U280_CRC_Accelerator/src/kernel.cpp:323]   --->   Operation 128 'readreq' 'empty' <Predicate = true> <Delay = 2.43> <CoreInst = "m_axi">   --->   Core 121 'm_axi' <Latency = 0> <II = 1> <Delay = 1.00> <Adapter> <Opcode : 'read' 'write' 'readreq' 'writereq' 'writeresp'>

State 19 <SV = 18> <Delay = 2.43>
ST_19 : Operation 129 [55/70] (2.43ns)   --->   "%empty = readreq i1 @_ssdm_op_ReadReq.m_axi.p1i128, i128 %gmem0_addr, i32 %sext_ln319" [/home/efrink/mled/split_cu/U280_CRC_Accelerator/src/kernel.cpp:323]   --->   Operation 129 'readreq' 'empty' <Predicate = true> <Delay = 2.43> <CoreInst = "m_axi">   --->   Core 121 'm_axi' <Latency = 0> <II = 1> <Delay = 1.00> <Adapter> <Opcode : 'read' 'write' 'readreq' 'writereq' 'writeresp'>

State 20 <SV = 19> <Delay = 2.43>
ST_20 : Operation 130 [54/70] (2.43ns)   --->   "%empty = readreq i1 @_ssdm_op_ReadReq.m_axi.p1i128, i128 %gmem0_addr, i32 %sext_ln319" [/home/efrink/mled/split_cu/U280_CRC_Accelerator/src/kernel.cpp:323]   --->   Operation 130 'readreq' 'empty' <Predicate = true> <Delay = 2.43> <CoreInst = "m_axi">   --->   Core 121 'm_axi' <Latency = 0> <II = 1> <Delay = 1.00> <Adapter> <Opcode : 'read' 'write' 'readreq' 'writereq' 'writeresp'>

State 21 <SV = 20> <Delay = 2.43>
ST_21 : Operation 131 [53/70] (2.43ns)   --->   "%empty = readreq i1 @_ssdm_op_ReadReq.m_axi.p1i128, i128 %gmem0_addr, i32 %sext_ln319" [/home/efrink/mled/split_cu/U280_CRC_Accelerator/src/kernel.cpp:323]   --->   Operation 131 'readreq' 'empty' <Predicate = true> <Delay = 2.43> <CoreInst = "m_axi">   --->   Core 121 'm_axi' <Latency = 0> <II = 1> <Delay = 1.00> <Adapter> <Opcode : 'read' 'write' 'readreq' 'writereq' 'writeresp'>

State 22 <SV = 21> <Delay = 2.43>
ST_22 : Operation 132 [52/70] (2.43ns)   --->   "%empty = readreq i1 @_ssdm_op_ReadReq.m_axi.p1i128, i128 %gmem0_addr, i32 %sext_ln319" [/home/efrink/mled/split_cu/U280_CRC_Accelerator/src/kernel.cpp:323]   --->   Operation 132 'readreq' 'empty' <Predicate = true> <Delay = 2.43> <CoreInst = "m_axi">   --->   Core 121 'm_axi' <Latency = 0> <II = 1> <Delay = 1.00> <Adapter> <Opcode : 'read' 'write' 'readreq' 'writereq' 'writeresp'>

State 23 <SV = 22> <Delay = 2.43>
ST_23 : Operation 133 [51/70] (2.43ns)   --->   "%empty = readreq i1 @_ssdm_op_ReadReq.m_axi.p1i128, i128 %gmem0_addr, i32 %sext_ln319" [/home/efrink/mled/split_cu/U280_CRC_Accelerator/src/kernel.cpp:323]   --->   Operation 133 'readreq' 'empty' <Predicate = true> <Delay = 2.43> <CoreInst = "m_axi">   --->   Core 121 'm_axi' <Latency = 0> <II = 1> <Delay = 1.00> <Adapter> <Opcode : 'read' 'write' 'readreq' 'writereq' 'writeresp'>

State 24 <SV = 23> <Delay = 2.43>
ST_24 : Operation 134 [50/70] (2.43ns)   --->   "%empty = readreq i1 @_ssdm_op_ReadReq.m_axi.p1i128, i128 %gmem0_addr, i32 %sext_ln319" [/home/efrink/mled/split_cu/U280_CRC_Accelerator/src/kernel.cpp:323]   --->   Operation 134 'readreq' 'empty' <Predicate = true> <Delay = 2.43> <CoreInst = "m_axi">   --->   Core 121 'm_axi' <Latency = 0> <II = 1> <Delay = 1.00> <Adapter> <Opcode : 'read' 'write' 'readreq' 'writereq' 'writeresp'>

State 25 <SV = 24> <Delay = 2.43>
ST_25 : Operation 135 [49/70] (2.43ns)   --->   "%empty = readreq i1 @_ssdm_op_ReadReq.m_axi.p1i128, i128 %gmem0_addr, i32 %sext_ln319" [/home/efrink/mled/split_cu/U280_CRC_Accelerator/src/kernel.cpp:323]   --->   Operation 135 'readreq' 'empty' <Predicate = true> <Delay = 2.43> <CoreInst = "m_axi">   --->   Core 121 'm_axi' <Latency = 0> <II = 1> <Delay = 1.00> <Adapter> <Opcode : 'read' 'write' 'readreq' 'writereq' 'writeresp'>

State 26 <SV = 25> <Delay = 2.43>
ST_26 : Operation 136 [48/70] (2.43ns)   --->   "%empty = readreq i1 @_ssdm_op_ReadReq.m_axi.p1i128, i128 %gmem0_addr, i32 %sext_ln319" [/home/efrink/mled/split_cu/U280_CRC_Accelerator/src/kernel.cpp:323]   --->   Operation 136 'readreq' 'empty' <Predicate = true> <Delay = 2.43> <CoreInst = "m_axi">   --->   Core 121 'm_axi' <Latency = 0> <II = 1> <Delay = 1.00> <Adapter> <Opcode : 'read' 'write' 'readreq' 'writereq' 'writeresp'>

State 27 <SV = 26> <Delay = 2.43>
ST_27 : Operation 137 [47/70] (2.43ns)   --->   "%empty = readreq i1 @_ssdm_op_ReadReq.m_axi.p1i128, i128 %gmem0_addr, i32 %sext_ln319" [/home/efrink/mled/split_cu/U280_CRC_Accelerator/src/kernel.cpp:323]   --->   Operation 137 'readreq' 'empty' <Predicate = true> <Delay = 2.43> <CoreInst = "m_axi">   --->   Core 121 'm_axi' <Latency = 0> <II = 1> <Delay = 1.00> <Adapter> <Opcode : 'read' 'write' 'readreq' 'writereq' 'writeresp'>

State 28 <SV = 27> <Delay = 2.43>
ST_28 : Operation 138 [46/70] (2.43ns)   --->   "%empty = readreq i1 @_ssdm_op_ReadReq.m_axi.p1i128, i128 %gmem0_addr, i32 %sext_ln319" [/home/efrink/mled/split_cu/U280_CRC_Accelerator/src/kernel.cpp:323]   --->   Operation 138 'readreq' 'empty' <Predicate = true> <Delay = 2.43> <CoreInst = "m_axi">   --->   Core 121 'm_axi' <Latency = 0> <II = 1> <Delay = 1.00> <Adapter> <Opcode : 'read' 'write' 'readreq' 'writereq' 'writeresp'>

State 29 <SV = 28> <Delay = 2.43>
ST_29 : Operation 139 [45/70] (2.43ns)   --->   "%empty = readreq i1 @_ssdm_op_ReadReq.m_axi.p1i128, i128 %gmem0_addr, i32 %sext_ln319" [/home/efrink/mled/split_cu/U280_CRC_Accelerator/src/kernel.cpp:323]   --->   Operation 139 'readreq' 'empty' <Predicate = true> <Delay = 2.43> <CoreInst = "m_axi">   --->   Core 121 'm_axi' <Latency = 0> <II = 1> <Delay = 1.00> <Adapter> <Opcode : 'read' 'write' 'readreq' 'writereq' 'writeresp'>

State 30 <SV = 29> <Delay = 2.43>
ST_30 : Operation 140 [44/70] (2.43ns)   --->   "%empty = readreq i1 @_ssdm_op_ReadReq.m_axi.p1i128, i128 %gmem0_addr, i32 %sext_ln319" [/home/efrink/mled/split_cu/U280_CRC_Accelerator/src/kernel.cpp:323]   --->   Operation 140 'readreq' 'empty' <Predicate = true> <Delay = 2.43> <CoreInst = "m_axi">   --->   Core 121 'm_axi' <Latency = 0> <II = 1> <Delay = 1.00> <Adapter> <Opcode : 'read' 'write' 'readreq' 'writereq' 'writeresp'>

State 31 <SV = 30> <Delay = 2.43>
ST_31 : Operation 141 [43/70] (2.43ns)   --->   "%empty = readreq i1 @_ssdm_op_ReadReq.m_axi.p1i128, i128 %gmem0_addr, i32 %sext_ln319" [/home/efrink/mled/split_cu/U280_CRC_Accelerator/src/kernel.cpp:323]   --->   Operation 141 'readreq' 'empty' <Predicate = true> <Delay = 2.43> <CoreInst = "m_axi">   --->   Core 121 'm_axi' <Latency = 0> <II = 1> <Delay = 1.00> <Adapter> <Opcode : 'read' 'write' 'readreq' 'writereq' 'writeresp'>

State 32 <SV = 31> <Delay = 2.43>
ST_32 : Operation 142 [42/70] (2.43ns)   --->   "%empty = readreq i1 @_ssdm_op_ReadReq.m_axi.p1i128, i128 %gmem0_addr, i32 %sext_ln319" [/home/efrink/mled/split_cu/U280_CRC_Accelerator/src/kernel.cpp:323]   --->   Operation 142 'readreq' 'empty' <Predicate = true> <Delay = 2.43> <CoreInst = "m_axi">   --->   Core 121 'm_axi' <Latency = 0> <II = 1> <Delay = 1.00> <Adapter> <Opcode : 'read' 'write' 'readreq' 'writereq' 'writeresp'>

State 33 <SV = 32> <Delay = 2.43>
ST_33 : Operation 143 [41/70] (2.43ns)   --->   "%empty = readreq i1 @_ssdm_op_ReadReq.m_axi.p1i128, i128 %gmem0_addr, i32 %sext_ln319" [/home/efrink/mled/split_cu/U280_CRC_Accelerator/src/kernel.cpp:323]   --->   Operation 143 'readreq' 'empty' <Predicate = true> <Delay = 2.43> <CoreInst = "m_axi">   --->   Core 121 'm_axi' <Latency = 0> <II = 1> <Delay = 1.00> <Adapter> <Opcode : 'read' 'write' 'readreq' 'writereq' 'writeresp'>

State 34 <SV = 33> <Delay = 2.43>
ST_34 : Operation 144 [40/70] (2.43ns)   --->   "%empty = readreq i1 @_ssdm_op_ReadReq.m_axi.p1i128, i128 %gmem0_addr, i32 %sext_ln319" [/home/efrink/mled/split_cu/U280_CRC_Accelerator/src/kernel.cpp:323]   --->   Operation 144 'readreq' 'empty' <Predicate = true> <Delay = 2.43> <CoreInst = "m_axi">   --->   Core 121 'm_axi' <Latency = 0> <II = 1> <Delay = 1.00> <Adapter> <Opcode : 'read' 'write' 'readreq' 'writereq' 'writeresp'>

State 35 <SV = 34> <Delay = 2.43>
ST_35 : Operation 145 [39/70] (2.43ns)   --->   "%empty = readreq i1 @_ssdm_op_ReadReq.m_axi.p1i128, i128 %gmem0_addr, i32 %sext_ln319" [/home/efrink/mled/split_cu/U280_CRC_Accelerator/src/kernel.cpp:323]   --->   Operation 145 'readreq' 'empty' <Predicate = true> <Delay = 2.43> <CoreInst = "m_axi">   --->   Core 121 'm_axi' <Latency = 0> <II = 1> <Delay = 1.00> <Adapter> <Opcode : 'read' 'write' 'readreq' 'writereq' 'writeresp'>

State 36 <SV = 35> <Delay = 2.43>
ST_36 : Operation 146 [38/70] (2.43ns)   --->   "%empty = readreq i1 @_ssdm_op_ReadReq.m_axi.p1i128, i128 %gmem0_addr, i32 %sext_ln319" [/home/efrink/mled/split_cu/U280_CRC_Accelerator/src/kernel.cpp:323]   --->   Operation 146 'readreq' 'empty' <Predicate = true> <Delay = 2.43> <CoreInst = "m_axi">   --->   Core 121 'm_axi' <Latency = 0> <II = 1> <Delay = 1.00> <Adapter> <Opcode : 'read' 'write' 'readreq' 'writereq' 'writeresp'>

State 37 <SV = 36> <Delay = 2.43>
ST_37 : Operation 147 [37/70] (2.43ns)   --->   "%empty = readreq i1 @_ssdm_op_ReadReq.m_axi.p1i128, i128 %gmem0_addr, i32 %sext_ln319" [/home/efrink/mled/split_cu/U280_CRC_Accelerator/src/kernel.cpp:323]   --->   Operation 147 'readreq' 'empty' <Predicate = true> <Delay = 2.43> <CoreInst = "m_axi">   --->   Core 121 'm_axi' <Latency = 0> <II = 1> <Delay = 1.00> <Adapter> <Opcode : 'read' 'write' 'readreq' 'writereq' 'writeresp'>

State 38 <SV = 37> <Delay = 2.43>
ST_38 : Operation 148 [36/70] (2.43ns)   --->   "%empty = readreq i1 @_ssdm_op_ReadReq.m_axi.p1i128, i128 %gmem0_addr, i32 %sext_ln319" [/home/efrink/mled/split_cu/U280_CRC_Accelerator/src/kernel.cpp:323]   --->   Operation 148 'readreq' 'empty' <Predicate = true> <Delay = 2.43> <CoreInst = "m_axi">   --->   Core 121 'm_axi' <Latency = 0> <II = 1> <Delay = 1.00> <Adapter> <Opcode : 'read' 'write' 'readreq' 'writereq' 'writeresp'>

State 39 <SV = 38> <Delay = 2.43>
ST_39 : Operation 149 [35/70] (2.43ns)   --->   "%empty = readreq i1 @_ssdm_op_ReadReq.m_axi.p1i128, i128 %gmem0_addr, i32 %sext_ln319" [/home/efrink/mled/split_cu/U280_CRC_Accelerator/src/kernel.cpp:323]   --->   Operation 149 'readreq' 'empty' <Predicate = true> <Delay = 2.43> <CoreInst = "m_axi">   --->   Core 121 'm_axi' <Latency = 0> <II = 1> <Delay = 1.00> <Adapter> <Opcode : 'read' 'write' 'readreq' 'writereq' 'writeresp'>

State 40 <SV = 39> <Delay = 2.43>
ST_40 : Operation 150 [34/70] (2.43ns)   --->   "%empty = readreq i1 @_ssdm_op_ReadReq.m_axi.p1i128, i128 %gmem0_addr, i32 %sext_ln319" [/home/efrink/mled/split_cu/U280_CRC_Accelerator/src/kernel.cpp:323]   --->   Operation 150 'readreq' 'empty' <Predicate = true> <Delay = 2.43> <CoreInst = "m_axi">   --->   Core 121 'm_axi' <Latency = 0> <II = 1> <Delay = 1.00> <Adapter> <Opcode : 'read' 'write' 'readreq' 'writereq' 'writeresp'>

State 41 <SV = 40> <Delay = 2.43>
ST_41 : Operation 151 [33/70] (2.43ns)   --->   "%empty = readreq i1 @_ssdm_op_ReadReq.m_axi.p1i128, i128 %gmem0_addr, i32 %sext_ln319" [/home/efrink/mled/split_cu/U280_CRC_Accelerator/src/kernel.cpp:323]   --->   Operation 151 'readreq' 'empty' <Predicate = true> <Delay = 2.43> <CoreInst = "m_axi">   --->   Core 121 'm_axi' <Latency = 0> <II = 1> <Delay = 1.00> <Adapter> <Opcode : 'read' 'write' 'readreq' 'writereq' 'writeresp'>

State 42 <SV = 41> <Delay = 2.43>
ST_42 : Operation 152 [32/70] (2.43ns)   --->   "%empty = readreq i1 @_ssdm_op_ReadReq.m_axi.p1i128, i128 %gmem0_addr, i32 %sext_ln319" [/home/efrink/mled/split_cu/U280_CRC_Accelerator/src/kernel.cpp:323]   --->   Operation 152 'readreq' 'empty' <Predicate = true> <Delay = 2.43> <CoreInst = "m_axi">   --->   Core 121 'm_axi' <Latency = 0> <II = 1> <Delay = 1.00> <Adapter> <Opcode : 'read' 'write' 'readreq' 'writereq' 'writeresp'>

State 43 <SV = 42> <Delay = 2.43>
ST_43 : Operation 153 [31/70] (2.43ns)   --->   "%empty = readreq i1 @_ssdm_op_ReadReq.m_axi.p1i128, i128 %gmem0_addr, i32 %sext_ln319" [/home/efrink/mled/split_cu/U280_CRC_Accelerator/src/kernel.cpp:323]   --->   Operation 153 'readreq' 'empty' <Predicate = true> <Delay = 2.43> <CoreInst = "m_axi">   --->   Core 121 'm_axi' <Latency = 0> <II = 1> <Delay = 1.00> <Adapter> <Opcode : 'read' 'write' 'readreq' 'writereq' 'writeresp'>

State 44 <SV = 43> <Delay = 2.43>
ST_44 : Operation 154 [30/70] (2.43ns)   --->   "%empty = readreq i1 @_ssdm_op_ReadReq.m_axi.p1i128, i128 %gmem0_addr, i32 %sext_ln319" [/home/efrink/mled/split_cu/U280_CRC_Accelerator/src/kernel.cpp:323]   --->   Operation 154 'readreq' 'empty' <Predicate = true> <Delay = 2.43> <CoreInst = "m_axi">   --->   Core 121 'm_axi' <Latency = 0> <II = 1> <Delay = 1.00> <Adapter> <Opcode : 'read' 'write' 'readreq' 'writereq' 'writeresp'>

State 45 <SV = 44> <Delay = 2.43>
ST_45 : Operation 155 [29/70] (2.43ns)   --->   "%empty = readreq i1 @_ssdm_op_ReadReq.m_axi.p1i128, i128 %gmem0_addr, i32 %sext_ln319" [/home/efrink/mled/split_cu/U280_CRC_Accelerator/src/kernel.cpp:323]   --->   Operation 155 'readreq' 'empty' <Predicate = true> <Delay = 2.43> <CoreInst = "m_axi">   --->   Core 121 'm_axi' <Latency = 0> <II = 1> <Delay = 1.00> <Adapter> <Opcode : 'read' 'write' 'readreq' 'writereq' 'writeresp'>

State 46 <SV = 45> <Delay = 2.43>
ST_46 : Operation 156 [28/70] (2.43ns)   --->   "%empty = readreq i1 @_ssdm_op_ReadReq.m_axi.p1i128, i128 %gmem0_addr, i32 %sext_ln319" [/home/efrink/mled/split_cu/U280_CRC_Accelerator/src/kernel.cpp:323]   --->   Operation 156 'readreq' 'empty' <Predicate = true> <Delay = 2.43> <CoreInst = "m_axi">   --->   Core 121 'm_axi' <Latency = 0> <II = 1> <Delay = 1.00> <Adapter> <Opcode : 'read' 'write' 'readreq' 'writereq' 'writeresp'>

State 47 <SV = 46> <Delay = 2.43>
ST_47 : Operation 157 [27/70] (2.43ns)   --->   "%empty = readreq i1 @_ssdm_op_ReadReq.m_axi.p1i128, i128 %gmem0_addr, i32 %sext_ln319" [/home/efrink/mled/split_cu/U280_CRC_Accelerator/src/kernel.cpp:323]   --->   Operation 157 'readreq' 'empty' <Predicate = true> <Delay = 2.43> <CoreInst = "m_axi">   --->   Core 121 'm_axi' <Latency = 0> <II = 1> <Delay = 1.00> <Adapter> <Opcode : 'read' 'write' 'readreq' 'writereq' 'writeresp'>

State 48 <SV = 47> <Delay = 2.43>
ST_48 : Operation 158 [26/70] (2.43ns)   --->   "%empty = readreq i1 @_ssdm_op_ReadReq.m_axi.p1i128, i128 %gmem0_addr, i32 %sext_ln319" [/home/efrink/mled/split_cu/U280_CRC_Accelerator/src/kernel.cpp:323]   --->   Operation 158 'readreq' 'empty' <Predicate = true> <Delay = 2.43> <CoreInst = "m_axi">   --->   Core 121 'm_axi' <Latency = 0> <II = 1> <Delay = 1.00> <Adapter> <Opcode : 'read' 'write' 'readreq' 'writereq' 'writeresp'>

State 49 <SV = 48> <Delay = 2.43>
ST_49 : Operation 159 [25/70] (2.43ns)   --->   "%empty = readreq i1 @_ssdm_op_ReadReq.m_axi.p1i128, i128 %gmem0_addr, i32 %sext_ln319" [/home/efrink/mled/split_cu/U280_CRC_Accelerator/src/kernel.cpp:323]   --->   Operation 159 'readreq' 'empty' <Predicate = true> <Delay = 2.43> <CoreInst = "m_axi">   --->   Core 121 'm_axi' <Latency = 0> <II = 1> <Delay = 1.00> <Adapter> <Opcode : 'read' 'write' 'readreq' 'writereq' 'writeresp'>

State 50 <SV = 49> <Delay = 2.43>
ST_50 : Operation 160 [24/70] (2.43ns)   --->   "%empty = readreq i1 @_ssdm_op_ReadReq.m_axi.p1i128, i128 %gmem0_addr, i32 %sext_ln319" [/home/efrink/mled/split_cu/U280_CRC_Accelerator/src/kernel.cpp:323]   --->   Operation 160 'readreq' 'empty' <Predicate = true> <Delay = 2.43> <CoreInst = "m_axi">   --->   Core 121 'm_axi' <Latency = 0> <II = 1> <Delay = 1.00> <Adapter> <Opcode : 'read' 'write' 'readreq' 'writereq' 'writeresp'>

State 51 <SV = 50> <Delay = 2.43>
ST_51 : Operation 161 [23/70] (2.43ns)   --->   "%empty = readreq i1 @_ssdm_op_ReadReq.m_axi.p1i128, i128 %gmem0_addr, i32 %sext_ln319" [/home/efrink/mled/split_cu/U280_CRC_Accelerator/src/kernel.cpp:323]   --->   Operation 161 'readreq' 'empty' <Predicate = true> <Delay = 2.43> <CoreInst = "m_axi">   --->   Core 121 'm_axi' <Latency = 0> <II = 1> <Delay = 1.00> <Adapter> <Opcode : 'read' 'write' 'readreq' 'writereq' 'writeresp'>

State 52 <SV = 51> <Delay = 2.43>
ST_52 : Operation 162 [22/70] (2.43ns)   --->   "%empty = readreq i1 @_ssdm_op_ReadReq.m_axi.p1i128, i128 %gmem0_addr, i32 %sext_ln319" [/home/efrink/mled/split_cu/U280_CRC_Accelerator/src/kernel.cpp:323]   --->   Operation 162 'readreq' 'empty' <Predicate = true> <Delay = 2.43> <CoreInst = "m_axi">   --->   Core 121 'm_axi' <Latency = 0> <II = 1> <Delay = 1.00> <Adapter> <Opcode : 'read' 'write' 'readreq' 'writereq' 'writeresp'>

State 53 <SV = 52> <Delay = 2.43>
ST_53 : Operation 163 [21/70] (2.43ns)   --->   "%empty = readreq i1 @_ssdm_op_ReadReq.m_axi.p1i128, i128 %gmem0_addr, i32 %sext_ln319" [/home/efrink/mled/split_cu/U280_CRC_Accelerator/src/kernel.cpp:323]   --->   Operation 163 'readreq' 'empty' <Predicate = true> <Delay = 2.43> <CoreInst = "m_axi">   --->   Core 121 'm_axi' <Latency = 0> <II = 1> <Delay = 1.00> <Adapter> <Opcode : 'read' 'write' 'readreq' 'writereq' 'writeresp'>

State 54 <SV = 53> <Delay = 2.43>
ST_54 : Operation 164 [20/70] (2.43ns)   --->   "%empty = readreq i1 @_ssdm_op_ReadReq.m_axi.p1i128, i128 %gmem0_addr, i32 %sext_ln319" [/home/efrink/mled/split_cu/U280_CRC_Accelerator/src/kernel.cpp:323]   --->   Operation 164 'readreq' 'empty' <Predicate = true> <Delay = 2.43> <CoreInst = "m_axi">   --->   Core 121 'm_axi' <Latency = 0> <II = 1> <Delay = 1.00> <Adapter> <Opcode : 'read' 'write' 'readreq' 'writereq' 'writeresp'>

State 55 <SV = 54> <Delay = 2.43>
ST_55 : Operation 165 [19/70] (2.43ns)   --->   "%empty = readreq i1 @_ssdm_op_ReadReq.m_axi.p1i128, i128 %gmem0_addr, i32 %sext_ln319" [/home/efrink/mled/split_cu/U280_CRC_Accelerator/src/kernel.cpp:323]   --->   Operation 165 'readreq' 'empty' <Predicate = true> <Delay = 2.43> <CoreInst = "m_axi">   --->   Core 121 'm_axi' <Latency = 0> <II = 1> <Delay = 1.00> <Adapter> <Opcode : 'read' 'write' 'readreq' 'writereq' 'writeresp'>

State 56 <SV = 55> <Delay = 2.43>
ST_56 : Operation 166 [18/70] (2.43ns)   --->   "%empty = readreq i1 @_ssdm_op_ReadReq.m_axi.p1i128, i128 %gmem0_addr, i32 %sext_ln319" [/home/efrink/mled/split_cu/U280_CRC_Accelerator/src/kernel.cpp:323]   --->   Operation 166 'readreq' 'empty' <Predicate = true> <Delay = 2.43> <CoreInst = "m_axi">   --->   Core 121 'm_axi' <Latency = 0> <II = 1> <Delay = 1.00> <Adapter> <Opcode : 'read' 'write' 'readreq' 'writereq' 'writeresp'>

State 57 <SV = 56> <Delay = 2.43>
ST_57 : Operation 167 [17/70] (2.43ns)   --->   "%empty = readreq i1 @_ssdm_op_ReadReq.m_axi.p1i128, i128 %gmem0_addr, i32 %sext_ln319" [/home/efrink/mled/split_cu/U280_CRC_Accelerator/src/kernel.cpp:323]   --->   Operation 167 'readreq' 'empty' <Predicate = true> <Delay = 2.43> <CoreInst = "m_axi">   --->   Core 121 'm_axi' <Latency = 0> <II = 1> <Delay = 1.00> <Adapter> <Opcode : 'read' 'write' 'readreq' 'writereq' 'writeresp'>

State 58 <SV = 57> <Delay = 2.43>
ST_58 : Operation 168 [16/70] (2.43ns)   --->   "%empty = readreq i1 @_ssdm_op_ReadReq.m_axi.p1i128, i128 %gmem0_addr, i32 %sext_ln319" [/home/efrink/mled/split_cu/U280_CRC_Accelerator/src/kernel.cpp:323]   --->   Operation 168 'readreq' 'empty' <Predicate = true> <Delay = 2.43> <CoreInst = "m_axi">   --->   Core 121 'm_axi' <Latency = 0> <II = 1> <Delay = 1.00> <Adapter> <Opcode : 'read' 'write' 'readreq' 'writereq' 'writeresp'>

State 59 <SV = 58> <Delay = 2.43>
ST_59 : Operation 169 [15/70] (2.43ns)   --->   "%empty = readreq i1 @_ssdm_op_ReadReq.m_axi.p1i128, i128 %gmem0_addr, i32 %sext_ln319" [/home/efrink/mled/split_cu/U280_CRC_Accelerator/src/kernel.cpp:323]   --->   Operation 169 'readreq' 'empty' <Predicate = true> <Delay = 2.43> <CoreInst = "m_axi">   --->   Core 121 'm_axi' <Latency = 0> <II = 1> <Delay = 1.00> <Adapter> <Opcode : 'read' 'write' 'readreq' 'writereq' 'writeresp'>

State 60 <SV = 59> <Delay = 2.43>
ST_60 : Operation 170 [14/70] (2.43ns)   --->   "%empty = readreq i1 @_ssdm_op_ReadReq.m_axi.p1i128, i128 %gmem0_addr, i32 %sext_ln319" [/home/efrink/mled/split_cu/U280_CRC_Accelerator/src/kernel.cpp:323]   --->   Operation 170 'readreq' 'empty' <Predicate = true> <Delay = 2.43> <CoreInst = "m_axi">   --->   Core 121 'm_axi' <Latency = 0> <II = 1> <Delay = 1.00> <Adapter> <Opcode : 'read' 'write' 'readreq' 'writereq' 'writeresp'>

State 61 <SV = 60> <Delay = 2.43>
ST_61 : Operation 171 [13/70] (2.43ns)   --->   "%empty = readreq i1 @_ssdm_op_ReadReq.m_axi.p1i128, i128 %gmem0_addr, i32 %sext_ln319" [/home/efrink/mled/split_cu/U280_CRC_Accelerator/src/kernel.cpp:323]   --->   Operation 171 'readreq' 'empty' <Predicate = true> <Delay = 2.43> <CoreInst = "m_axi">   --->   Core 121 'm_axi' <Latency = 0> <II = 1> <Delay = 1.00> <Adapter> <Opcode : 'read' 'write' 'readreq' 'writereq' 'writeresp'>

State 62 <SV = 61> <Delay = 2.43>
ST_62 : Operation 172 [12/70] (2.43ns)   --->   "%empty = readreq i1 @_ssdm_op_ReadReq.m_axi.p1i128, i128 %gmem0_addr, i32 %sext_ln319" [/home/efrink/mled/split_cu/U280_CRC_Accelerator/src/kernel.cpp:323]   --->   Operation 172 'readreq' 'empty' <Predicate = true> <Delay = 2.43> <CoreInst = "m_axi">   --->   Core 121 'm_axi' <Latency = 0> <II = 1> <Delay = 1.00> <Adapter> <Opcode : 'read' 'write' 'readreq' 'writereq' 'writeresp'>

State 63 <SV = 62> <Delay = 2.43>
ST_63 : Operation 173 [11/70] (2.43ns)   --->   "%empty = readreq i1 @_ssdm_op_ReadReq.m_axi.p1i128, i128 %gmem0_addr, i32 %sext_ln319" [/home/efrink/mled/split_cu/U280_CRC_Accelerator/src/kernel.cpp:323]   --->   Operation 173 'readreq' 'empty' <Predicate = true> <Delay = 2.43> <CoreInst = "m_axi">   --->   Core 121 'm_axi' <Latency = 0> <II = 1> <Delay = 1.00> <Adapter> <Opcode : 'read' 'write' 'readreq' 'writereq' 'writeresp'>

State 64 <SV = 63> <Delay = 2.43>
ST_64 : Operation 174 [10/70] (2.43ns)   --->   "%empty = readreq i1 @_ssdm_op_ReadReq.m_axi.p1i128, i128 %gmem0_addr, i32 %sext_ln319" [/home/efrink/mled/split_cu/U280_CRC_Accelerator/src/kernel.cpp:323]   --->   Operation 174 'readreq' 'empty' <Predicate = true> <Delay = 2.43> <CoreInst = "m_axi">   --->   Core 121 'm_axi' <Latency = 0> <II = 1> <Delay = 1.00> <Adapter> <Opcode : 'read' 'write' 'readreq' 'writereq' 'writeresp'>

State 65 <SV = 64> <Delay = 2.43>
ST_65 : Operation 175 [9/70] (2.43ns)   --->   "%empty = readreq i1 @_ssdm_op_ReadReq.m_axi.p1i128, i128 %gmem0_addr, i32 %sext_ln319" [/home/efrink/mled/split_cu/U280_CRC_Accelerator/src/kernel.cpp:323]   --->   Operation 175 'readreq' 'empty' <Predicate = true> <Delay = 2.43> <CoreInst = "m_axi">   --->   Core 121 'm_axi' <Latency = 0> <II = 1> <Delay = 1.00> <Adapter> <Opcode : 'read' 'write' 'readreq' 'writereq' 'writeresp'>

State 66 <SV = 65> <Delay = 2.43>
ST_66 : Operation 176 [8/70] (2.43ns)   --->   "%empty = readreq i1 @_ssdm_op_ReadReq.m_axi.p1i128, i128 %gmem0_addr, i32 %sext_ln319" [/home/efrink/mled/split_cu/U280_CRC_Accelerator/src/kernel.cpp:323]   --->   Operation 176 'readreq' 'empty' <Predicate = true> <Delay = 2.43> <CoreInst = "m_axi">   --->   Core 121 'm_axi' <Latency = 0> <II = 1> <Delay = 1.00> <Adapter> <Opcode : 'read' 'write' 'readreq' 'writereq' 'writeresp'>

State 67 <SV = 66> <Delay = 2.43>
ST_67 : Operation 177 [7/70] (2.43ns)   --->   "%empty = readreq i1 @_ssdm_op_ReadReq.m_axi.p1i128, i128 %gmem0_addr, i32 %sext_ln319" [/home/efrink/mled/split_cu/U280_CRC_Accelerator/src/kernel.cpp:323]   --->   Operation 177 'readreq' 'empty' <Predicate = true> <Delay = 2.43> <CoreInst = "m_axi">   --->   Core 121 'm_axi' <Latency = 0> <II = 1> <Delay = 1.00> <Adapter> <Opcode : 'read' 'write' 'readreq' 'writereq' 'writeresp'>

State 68 <SV = 67> <Delay = 2.43>
ST_68 : Operation 178 [6/70] (2.43ns)   --->   "%empty = readreq i1 @_ssdm_op_ReadReq.m_axi.p1i128, i128 %gmem0_addr, i32 %sext_ln319" [/home/efrink/mled/split_cu/U280_CRC_Accelerator/src/kernel.cpp:323]   --->   Operation 178 'readreq' 'empty' <Predicate = true> <Delay = 2.43> <CoreInst = "m_axi">   --->   Core 121 'm_axi' <Latency = 0> <II = 1> <Delay = 1.00> <Adapter> <Opcode : 'read' 'write' 'readreq' 'writereq' 'writeresp'>

State 69 <SV = 68> <Delay = 2.43>
ST_69 : Operation 179 [5/70] (2.43ns)   --->   "%empty = readreq i1 @_ssdm_op_ReadReq.m_axi.p1i128, i128 %gmem0_addr, i32 %sext_ln319" [/home/efrink/mled/split_cu/U280_CRC_Accelerator/src/kernel.cpp:323]   --->   Operation 179 'readreq' 'empty' <Predicate = true> <Delay = 2.43> <CoreInst = "m_axi">   --->   Core 121 'm_axi' <Latency = 0> <II = 1> <Delay = 1.00> <Adapter> <Opcode : 'read' 'write' 'readreq' 'writereq' 'writeresp'>

State 70 <SV = 69> <Delay = 2.43>
ST_70 : Operation 180 [4/70] (2.43ns)   --->   "%empty = readreq i1 @_ssdm_op_ReadReq.m_axi.p1i128, i128 %gmem0_addr, i32 %sext_ln319" [/home/efrink/mled/split_cu/U280_CRC_Accelerator/src/kernel.cpp:323]   --->   Operation 180 'readreq' 'empty' <Predicate = true> <Delay = 2.43> <CoreInst = "m_axi">   --->   Core 121 'm_axi' <Latency = 0> <II = 1> <Delay = 1.00> <Adapter> <Opcode : 'read' 'write' 'readreq' 'writereq' 'writeresp'>

State 71 <SV = 70> <Delay = 2.43>
ST_71 : Operation 181 [3/70] (2.43ns)   --->   "%empty = readreq i1 @_ssdm_op_ReadReq.m_axi.p1i128, i128 %gmem0_addr, i32 %sext_ln319" [/home/efrink/mled/split_cu/U280_CRC_Accelerator/src/kernel.cpp:323]   --->   Operation 181 'readreq' 'empty' <Predicate = true> <Delay = 2.43> <CoreInst = "m_axi">   --->   Core 121 'm_axi' <Latency = 0> <II = 1> <Delay = 1.00> <Adapter> <Opcode : 'read' 'write' 'readreq' 'writereq' 'writeresp'>

State 72 <SV = 71> <Delay = 2.43>
ST_72 : Operation 182 [2/70] (2.43ns)   --->   "%empty = readreq i1 @_ssdm_op_ReadReq.m_axi.p1i128, i128 %gmem0_addr, i32 %sext_ln319" [/home/efrink/mled/split_cu/U280_CRC_Accelerator/src/kernel.cpp:323]   --->   Operation 182 'readreq' 'empty' <Predicate = true> <Delay = 2.43> <CoreInst = "m_axi">   --->   Core 121 'm_axi' <Latency = 0> <II = 1> <Delay = 1.00> <Adapter> <Opcode : 'read' 'write' 'readreq' 'writereq' 'writeresp'>

State 73 <SV = 72> <Delay = 2.43>
ST_73 : Operation 183 [1/70] (2.43ns)   --->   "%empty = readreq i1 @_ssdm_op_ReadReq.m_axi.p1i128, i128 %gmem0_addr, i32 %sext_ln319" [/home/efrink/mled/split_cu/U280_CRC_Accelerator/src/kernel.cpp:323]   --->   Operation 183 'readreq' 'empty' <Predicate = true> <Delay = 2.43> <CoreInst = "m_axi">   --->   Core 121 'm_axi' <Latency = 0> <II = 1> <Delay = 1.00> <Adapter> <Opcode : 'read' 'write' 'readreq' 'writereq' 'writeresp'>

State 74 <SV = 73> <Delay = 1.18>
ST_74 : Operation 184 [1/1] (0.00ns)   --->   "%empty_40 = wait i32 @_ssdm_op_Wait"   --->   Operation 184 'wait' 'empty_40' <Predicate = true> <Delay = 0.00>
ST_74 : Operation 185 [2/2] (1.18ns)   --->   "%call_ln323 = call void @read_input_Pipeline_mem_rd, i128 %gmem0, i60 %trunc_ln1, i27 %trunc_ln323, i8 %inByte017, i8 %inByte118, i8 %inByte219, i8 %inByte320, i8 %inByte421, i8 %inByte522, i8 %inByte623, i8 %inByte724, i8 %inByte825, i8 %inByte926, i8 %inByte1027, i8 %inByte1128, i8 %inByte1229, i8 %inByte1330, i8 %inByte1431, i8 %inByte1532" [/home/efrink/mled/split_cu/U280_CRC_Accelerator/src/kernel.cpp:323]   --->   Operation 185 'call' 'call_ln323' <Predicate = true> <Delay = 1.18> <CoreType = "Generic">   --->   Core 0 '' <Latency = 0> <II = 1> <Delay = 1.00> <Generic> <Opcode : >

State 75 <SV = 74> <Delay = 0.00>
ST_75 : Operation 186 [1/2] (0.00ns)   --->   "%call_ln323 = call void @read_input_Pipeline_mem_rd, i128 %gmem0, i60 %trunc_ln1, i27 %trunc_ln323, i8 %inByte017, i8 %inByte118, i8 %inByte219, i8 %inByte320, i8 %inByte421, i8 %inByte522, i8 %inByte623, i8 %inByte724, i8 %inByte825, i8 %inByte926, i8 %inByte1027, i8 %inByte1128, i8 %inByte1229, i8 %inByte1330, i8 %inByte1431, i8 %inByte1532" [/home/efrink/mled/split_cu/U280_CRC_Accelerator/src/kernel.cpp:323]   --->   Operation 186 'call' 'call_ln323' <Predicate = (icmp_ln323)> <Delay = 0.00> <CoreType = "Generic">   --->   Core 0 '' <Latency = 0> <II = 1> <Delay = 1.00> <Generic> <Opcode : >
ST_75 : Operation 187 [1/1] (0.00ns)   --->   "%br_ln0 = br void %for.end"   --->   Operation 187 'br' 'br_ln0' <Predicate = (icmp_ln323)> <Delay = 0.00>
ST_75 : Operation 188 [1/1] (0.00ns)   --->   "%ret_ln344 = ret" [/home/efrink/mled/split_cu/U280_CRC_Accelerator/src/kernel.cpp:344]   --->   Operation 188 'ret' 'ret_ln344' <Predicate = true> <Delay = 0.00>


============================================================
+ Verbose Summary: Binding
============================================================
STG Binding: 
---------------- STG Properties BEGIN ----------------
- Is combinational: 0
- Is one-state seq: 0
- Is datapath-only: 0
- Is pipelined: 0
- Is top level: 0
Port [ Return ] is wired: 1; IO mode=ap_ctrl_hs:ce=0
Port [ gmem0]:  wired=1; compound=1; hidden=0; nouse=0; global=0; static=0; extern=0; dir=0; type=4; pingpong=0; private_global=0; IO mode=m_axi:ce=0
Port [ in_r]:  wired=1; compound=0; hidden=0; nouse=0; global=0; static=0; extern=0; dir=0; type=0; pingpong=0; private_global=0; IO mode=ap_none:ce=0
Port [ inByte017]:  wired=1; compound=1; hidden=0; nouse=0; global=0; static=0; extern=0; dir=1; type=3; pingpong=0; private_global=0; IO mode=ap_fifo:ce=0
Port [ inByte118]:  wired=1; compound=1; hidden=0; nouse=0; global=0; static=0; extern=0; dir=1; type=3; pingpong=0; private_global=0; IO mode=ap_fifo:ce=0
Port [ inByte219]:  wired=1; compound=1; hidden=0; nouse=0; global=0; static=0; extern=0; dir=1; type=3; pingpong=0; private_global=0; IO mode=ap_fifo:ce=0
Port [ inByte320]:  wired=1; compound=1; hidden=0; nouse=0; global=0; static=0; extern=0; dir=1; type=3; pingpong=0; private_global=0; IO mode=ap_fifo:ce=0
Port [ inByte421]:  wired=1; compound=1; hidden=0; nouse=0; global=0; static=0; extern=0; dir=1; type=3; pingpong=0; private_global=0; IO mode=ap_fifo:ce=0
Port [ inByte522]:  wired=1; compound=1; hidden=0; nouse=0; global=0; static=0; extern=0; dir=1; type=3; pingpong=0; private_global=0; IO mode=ap_fifo:ce=0
Port [ inByte623]:  wired=1; compound=1; hidden=0; nouse=0; global=0; static=0; extern=0; dir=1; type=3; pingpong=0; private_global=0; IO mode=ap_fifo:ce=0
Port [ inByte724]:  wired=1; compound=1; hidden=0; nouse=0; global=0; static=0; extern=0; dir=1; type=3; pingpong=0; private_global=0; IO mode=ap_fifo:ce=0
Port [ inByte825]:  wired=1; compound=1; hidden=0; nouse=0; global=0; static=0; extern=0; dir=1; type=3; pingpong=0; private_global=0; IO mode=ap_fifo:ce=0
Port [ inByte926]:  wired=1; compound=1; hidden=0; nouse=0; global=0; static=0; extern=0; dir=1; type=3; pingpong=0; private_global=0; IO mode=ap_fifo:ce=0
Port [ inByte1027]:  wired=1; compound=1; hidden=0; nouse=0; global=0; static=0; extern=0; dir=1; type=3; pingpong=0; private_global=0; IO mode=ap_fifo:ce=0
Port [ inByte1128]:  wired=1; compound=1; hidden=0; nouse=0; global=0; static=0; extern=0; dir=1; type=3; pingpong=0; private_global=0; IO mode=ap_fifo:ce=0
Port [ inByte1229]:  wired=1; compound=1; hidden=0; nouse=0; global=0; static=0; extern=0; dir=1; type=3; pingpong=0; private_global=0; IO mode=ap_fifo:ce=0
Port [ inByte1330]:  wired=1; compound=1; hidden=0; nouse=0; global=0; static=0; extern=0; dir=1; type=3; pingpong=0; private_global=0; IO mode=ap_fifo:ce=0
Port [ inByte1431]:  wired=1; compound=1; hidden=0; nouse=0; global=0; static=0; extern=0; dir=1; type=3; pingpong=0; private_global=0; IO mode=ap_fifo:ce=0
Port [ inByte1532]:  wired=1; compound=1; hidden=0; nouse=0; global=0; static=0; extern=0; dir=1; type=3; pingpong=0; private_global=0; IO mode=ap_fifo:ce=0
Port [ numChunks]:  wired=1; compound=0; hidden=0; nouse=0; global=0; static=0; extern=0; dir=0; type=0; pingpong=0; private_global=0; IO mode=ap_none:ce=0
Port [ chunkSize]:  wired=1; compound=0; hidden=0; nouse=0; global=0; static=0; extern=0; dir=0; type=0; pingpong=0; private_global=0; IO mode=ap_none:ce=0
---------------- STG Properties END ------------------

---------------- Datapath Model BEGIN ----------------

<LifeTime>
<method=bitvector/>
chunkSize_read    (read         ) [ 0010000000000000000000000000000000000000000000000000000000000000000000000000]
numChunks_read    (read         ) [ 0010000000000000000000000000000000000000000000000000000000000000000000000000]
total_bytes       (mul          ) [ 0001000000000000000000000000000000000000000000000000000000000000000000000000]
tmp               (bitselect    ) [ 0001000000000000000000000000000000000000000000000000000000000000000000000000]
trunc_ln319_2     (partselect   ) [ 0001000000000000000000000000000000000000000000000000000000000000000000000000]
tmp_1             (partselect   ) [ 0001000000000000000000000000000000000000000000000000000000000000000000000000]
sub_ln319         (sub          ) [ 0000000000000000000000000000000000000000000000000000000000000000000000000000]
trunc_ln319_1     (partselect   ) [ 0000000000000000000000000000000000000000000000000000000000000000000000000000]
zext_ln319        (zext         ) [ 0000000000000000000000000000000000000000000000000000000000000000000000000000]
sub_ln319_1       (sub          ) [ 0000000000000000000000000000000000000000000000000000000000000000000000000000]
zext_ln319_1      (zext         ) [ 0000000000000000000000000000000000000000000000000000000000000000000000000000]
loop_count        (select       ) [ 0000100000000000000000000000000000000000000000000000000000000000000000000000]
icmp_ln323        (icmp         ) [ 0000111111111111111111111111111111111111111111111111111111111111111111111111]
specinterface_ln0 (specinterface) [ 0000000000000000000000000000000000000000000000000000000000000000000000000000]
specinterface_ln0 (specinterface) [ 0000000000000000000000000000000000000000000000000000000000000000000000000000]
specinterface_ln0 (specinterface) [ 0000000000000000000000000000000000000000000000000000000000000000000000000000]
specinterface_ln0 (specinterface) [ 0000000000000000000000000000000000000000000000000000000000000000000000000000]
specinterface_ln0 (specinterface) [ 0000000000000000000000000000000000000000000000000000000000000000000000000000]
specinterface_ln0 (specinterface) [ 0000000000000000000000000000000000000000000000000000000000000000000000000000]
specinterface_ln0 (specinterface) [ 0000000000000000000000000000000000000000000000000000000000000000000000000000]
specinterface_ln0 (specinterface) [ 0000000000000000000000000000000000000000000000000000000000000000000000000000]
specinterface_ln0 (specinterface) [ 0000000000000000000000000000000000000000000000000000000000000000000000000000]
specinterface_ln0 (specinterface) [ 0000000000000000000000000000000000000000000000000000000000000000000000000000]
specinterface_ln0 (specinterface) [ 0000000000000000000000000000000000000000000000000000000000000000000000000000]
specinterface_ln0 (specinterface) [ 0000000000000000000000000000000000000000000000000000000000000000000000000000]
specinterface_ln0 (specinterface) [ 0000000000000000000000000000000000000000000000000000000000000000000000000000]
specinterface_ln0 (specinterface) [ 0000000000000000000000000000000000000000000000000000000000000000000000000000]
specinterface_ln0 (specinterface) [ 0000000000000000000000000000000000000000000000000000000000000000000000000000]
specinterface_ln0 (specinterface) [ 0000000000000000000000000000000000000000000000000000000000000000000000000000]
specinterface_ln0 (specinterface) [ 0000000000000000000000000000000000000000000000000000000000000000000000000000]
in_read           (read         ) [ 0000000000000000000000000000000000000000000000000000000000000000000000000000]
sext_ln319        (sext         ) [ 0000011111111111111111111111111111111111111111111111111111111111111111111100]
br_ln323          (br           ) [ 0000000000000000000000000000000000000000000000000000000000000000000000000000]
trunc_ln323       (trunc        ) [ 0000011111111111111111111111111111111111111111111111111111111111111111111111]
trunc_ln1         (partselect   ) [ 0000011111111111111111111111111111111111111111111111111111111111111111111111]
sext_ln323        (sext         ) [ 0000000000000000000000000000000000000000000000000000000000000000000000000000]
gmem0_addr        (getelementptr) [ 0000011111111111111111111111111111111111111111111111111111111111111111111100]
empty             (readreq      ) [ 0000000000000000000000000000000000000000000000000000000000000000000000000000]
empty_40          (wait         ) [ 0000000000000000000000000000000000000000000000000000000000000000000000000000]
call_ln323        (call         ) [ 0000000000000000000000000000000000000000000000000000000000000000000000000000]
br_ln0            (br           ) [ 0000000000000000000000000000000000000000000000000000000000000000000000000000]
ret_ln344         (ret          ) [ 0000000000000000000000000000000000000000000000000000000000000000000000000000]
</LifeTime>

<model>

<comp_list>
<comp id="0" class="1000" name="gmem0">
<pin_list>
<pin id="1" dir="1" index="0" bw="1" slack="0"/>
</pin_list>
<bind>
<StgValue><ssdm name="gmem0"/></StgValue>
</bind>
</comp>

<comp id="2" class="1000" name="in_r">
<pin_list>
<pin id="3" dir="1" index="0" bw="1" slack="0"/>
</pin_list>
<bind>
<StgValue><ssdm name="in_r"/></StgValue>
</bind>
</comp>

<comp id="4" class="1000" name="inByte017">
<pin_list>
<pin id="5" dir="1" index="0" bw="1" slack="0"/>
</pin_list>
<bind>
<StgValue><ssdm name="inByte017"/></StgValue>
</bind>
</comp>

<comp id="6" class="1000" name="inByte118">
<pin_list>
<pin id="7" dir="1" index="0" bw="1" slack="0"/>
</pin_list>
<bind>
<StgValue><ssdm name="inByte118"/></StgValue>
</bind>
</comp>

<comp id="8" class="1000" name="inByte219">
<pin_list>
<pin id="9" dir="1" index="0" bw="1" slack="0"/>
</pin_list>
<bind>
<StgValue><ssdm name="inByte219"/></StgValue>
</bind>
</comp>

<comp id="10" class="1000" name="inByte320">
<pin_list>
<pin id="11" dir="1" index="0" bw="1" slack="0"/>
</pin_list>
<bind>
<StgValue><ssdm name="inByte320"/></StgValue>
</bind>
</comp>

<comp id="12" class="1000" name="inByte421">
<pin_list>
<pin id="13" dir="1" index="0" bw="1" slack="0"/>
</pin_list>
<bind>
<StgValue><ssdm name="inByte421"/></StgValue>
</bind>
</comp>

<comp id="14" class="1000" name="inByte522">
<pin_list>
<pin id="15" dir="1" index="0" bw="1" slack="0"/>
</pin_list>
<bind>
<StgValue><ssdm name="inByte522"/></StgValue>
</bind>
</comp>

<comp id="16" class="1000" name="inByte623">
<pin_list>
<pin id="17" dir="1" index="0" bw="1" slack="0"/>
</pin_list>
<bind>
<StgValue><ssdm name="inByte623"/></StgValue>
</bind>
</comp>

<comp id="18" class="1000" name="inByte724">
<pin_list>
<pin id="19" dir="1" index="0" bw="1" slack="0"/>
</pin_list>
<bind>
<StgValue><ssdm name="inByte724"/></StgValue>
</bind>
</comp>

<comp id="20" class="1000" name="inByte825">
<pin_list>
<pin id="21" dir="1" index="0" bw="1" slack="0"/>
</pin_list>
<bind>
<StgValue><ssdm name="inByte825"/></StgValue>
</bind>
</comp>

<comp id="22" class="1000" name="inByte926">
<pin_list>
<pin id="23" dir="1" index="0" bw="1" slack="0"/>
</pin_list>
<bind>
<StgValue><ssdm name="inByte926"/></StgValue>
</bind>
</comp>

<comp id="24" class="1000" name="inByte1027">
<pin_list>
<pin id="25" dir="1" index="0" bw="1" slack="0"/>
</pin_list>
<bind>
<StgValue><ssdm name="inByte1027"/></StgValue>
</bind>
</comp>

<comp id="26" class="1000" name="inByte1128">
<pin_list>
<pin id="27" dir="1" index="0" bw="1" slack="0"/>
</pin_list>
<bind>
<StgValue><ssdm name="inByte1128"/></StgValue>
</bind>
</comp>

<comp id="28" class="1000" name="inByte1229">
<pin_list>
<pin id="29" dir="1" index="0" bw="1" slack="0"/>
</pin_list>
<bind>
<StgValue><ssdm name="inByte1229"/></StgValue>
</bind>
</comp>

<comp id="30" class="1000" name="inByte1330">
<pin_list>
<pin id="31" dir="1" index="0" bw="1" slack="0"/>
</pin_list>
<bind>
<StgValue><ssdm name="inByte1330"/></StgValue>
</bind>
</comp>

<comp id="32" class="1000" name="inByte1431">
<pin_list>
<pin id="33" dir="1" index="0" bw="1" slack="0"/>
</pin_list>
<bind>
<StgValue><ssdm name="inByte1431"/></StgValue>
</bind>
</comp>

<comp id="34" class="1000" name="inByte1532">
<pin_list>
<pin id="35" dir="1" index="0" bw="1" slack="0"/>
</pin_list>
<bind>
<StgValue><ssdm name="inByte1532"/></StgValue>
</bind>
</comp>

<comp id="36" class="1000" name="numChunks">
<pin_list>
<pin id="37" dir="1" index="0" bw="1" slack="0"/>
</pin_list>
<bind>
<StgValue><ssdm name="numChunks"/></StgValue>
</bind>
</comp>

<comp id="38" class="1000" name="chunkSize">
<pin_list>
<pin id="39" dir="1" index="0" bw="1" slack="0"/>
</pin_list>
<bind>
<StgValue><ssdm name="chunkSize"/></StgValue>
</bind>
</comp>

<comp id="40" class="1001" name="const_40">
<pin_list>
<pin id="41" dir="1" index="0" bw="1" slack="0"/>
</pin_list>
<bind>
<StgValue><ssdm name="_ssdm_op_Read.ap_auto.i32"/></StgValue>
</bind>
</comp>

<comp id="42" class="1001" name="const_42">
<pin_list>
<pin id="43" dir="1" index="0" bw="1" slack="0"/>
</pin_list>
<bind>
<StgValue><ssdm name="_ssdm_op_BitSelect.i1.i32.i32"/></StgValue>
</bind>
</comp>

<comp id="44" class="1001" name="const_44">
<pin_list>
<pin id="45" dir="1" index="0" bw="1" slack="0"/>
</pin_list>
<bind>
<StgValue><ssdm name=""/></StgValue>
</bind>
</comp>

<comp id="46" class="1001" name="const_46">
<pin_list>
<pin id="47" dir="1" index="0" bw="1" slack="0"/>
</pin_list>
<bind>
<StgValue><ssdm name="_ssdm_op_PartSelect.i28.i32.i32.i32"/></StgValue>
</bind>
</comp>

<comp id="48" class="1001" name="const_48">
<pin_list>
<pin id="49" dir="1" index="0" bw="1" slack="0"/>
</pin_list>
<bind>
<StgValue><ssdm name=""/></StgValue>
</bind>
</comp>

<comp id="50" class="1001" name="const_50">
<pin_list>
<pin id="51" dir="1" index="0" bw="1" slack="0"/>
</pin_list>
<bind>
<StgValue><ssdm name=""/></StgValue>
</bind>
</comp>

<comp id="52" class="1001" name="const_52">
<pin_list>
<pin id="53" dir="1" index="0" bw="1" slack="0"/>
</pin_list>
<bind>
<StgValue><ssdm name=""/></StgValue>
</bind>
</comp>

<comp id="54" class="1001" name="const_54">
<pin_list>
<pin id="55" dir="1" index="0" bw="1" slack="0"/>
</pin_list>
<bind>
<StgValue><ssdm name=""/></StgValue>
</bind>
</comp>

<comp id="56" class="1001" name="const_56">
<pin_list>
<pin id="57" dir="1" index="0" bw="1" slack="2147483647"/>
</pin_list>
<bind>
<StgValue><ssdm name="_ssdm_op_SpecInterface"/></StgValue>
</bind>
</comp>

<comp id="58" class="1001" name="const_58">
<pin_list>
<pin id="59" dir="1" index="0" bw="1" slack="2147483647"/>
</pin_list>
<bind>
<StgValue><ssdm name="empty_3"/></StgValue>
</bind>
</comp>

<comp id="60" class="1001" name="const_60">
<pin_list>
<pin id="61" dir="1" index="0" bw="1" slack="2147483647"/>
</pin_list>
<bind>
<StgValue><ssdm name="empty_23"/></StgValue>
</bind>
</comp>

<comp id="62" class="1001" name="const_62">
<pin_list>
<pin id="63" dir="1" index="0" bw="1" slack="2147483647"/>
</pin_list>
<bind>
<StgValue><ssdm name=""/></StgValue>
</bind>
</comp>

<comp id="64" class="1001" name="const_64">
<pin_list>
<pin id="65" dir="1" index="0" bw="1" slack="2147483647"/>
</pin_list>
<bind>
<StgValue><ssdm name="empty_22"/></StgValue>
</bind>
</comp>

<comp id="66" class="1001" name="const_66">
<pin_list>
<pin id="67" dir="1" index="0" bw="1" slack="2147483647"/>
</pin_list>
<bind>
<StgValue><ssdm name=""/></StgValue>
</bind>
</comp>

<comp id="68" class="1001" name="const_68">
<pin_list>
<pin id="69" dir="1" index="0" bw="1" slack="2147483647"/>
</pin_list>
<bind>
<StgValue><ssdm name=""/></StgValue>
</bind>
</comp>

<comp id="70" class="1001" name="const_70">
<pin_list>
<pin id="71" dir="1" index="0" bw="1" slack="2147483647"/>
</pin_list>
<bind>
<StgValue><ssdm name="empty"/></StgValue>
</bind>
</comp>

<comp id="72" class="1001" name="const_72">
<pin_list>
<pin id="73" dir="1" index="0" bw="1" slack="2147483647"/>
</pin_list>
<bind>
<StgValue><ssdm name="empty_2"/></StgValue>
</bind>
</comp>

<comp id="74" class="1001" name="const_74">
<pin_list>
<pin id="75" dir="1" index="0" bw="1" slack="2147483647"/>
</pin_list>
<bind>
<StgValue><ssdm name=""/></StgValue>
</bind>
</comp>

<comp id="76" class="1001" name="const_76">
<pin_list>
<pin id="77" dir="1" index="0" bw="1" slack="0"/>
</pin_list>
<bind>
<StgValue><ssdm name="_ssdm_op_Read.ap_auto.i64"/></StgValue>
</bind>
</comp>

<comp id="78" class="1001" name="const_78">
<pin_list>
<pin id="79" dir="1" index="0" bw="1" slack="0"/>
</pin_list>
<bind>
<StgValue><ssdm name="_ssdm_op_PartSelect.i60.i64.i32.i32"/></StgValue>
</bind>
</comp>

<comp id="80" class="1001" name="const_80">
<pin_list>
<pin id="81" dir="1" index="0" bw="1" slack="0"/>
</pin_list>
<bind>
<StgValue><ssdm name=""/></StgValue>
</bind>
</comp>

<comp id="82" class="1001" name="const_82">
<pin_list>
<pin id="83" dir="1" index="0" bw="1" slack="0"/>
</pin_list>
<bind>
<StgValue><ssdm name="_ssdm_op_ReadReq.m_axi.p1i128"/></StgValue>
</bind>
</comp>

<comp id="84" class="1001" name="const_84">
<pin_list>
<pin id="85" dir="1" index="0" bw="1" slack="2147483647"/>
</pin_list>
<bind>
<StgValue><ssdm name="_ssdm_op_Wait"/></StgValue>
</bind>
</comp>

<comp id="86" class="1001" name="const_86">
<pin_list>
<pin id="87" dir="1" index="0" bw="1" slack="0"/>
</pin_list>
<bind>
<StgValue><ssdm name="read_input_Pipeline_mem_rd"/></StgValue>
</bind>
</comp>

<comp id="88" class="1004" name="chunkSize_read_read_fu_88">
<pin_list>
<pin id="89" dir="0" index="0" bw="32" slack="0"/>
<pin id="90" dir="0" index="1" bw="32" slack="0"/>
<pin id="91" dir="1" index="2" bw="32" slack="0"/>
</pin_list>
<bind>
<opcode="read(1150) " fcode="read"/>
<opset="chunkSize_read/1 "/>
</bind>
</comp>

<comp id="94" class="1004" name="numChunks_read_read_fu_94">
<pin_list>
<pin id="95" dir="0" index="0" bw="32" slack="0"/>
<pin id="96" dir="0" index="1" bw="32" slack="0"/>
<pin id="97" dir="1" index="2" bw="32" slack="0"/>
</pin_list>
<bind>
<opcode="read(1150) " fcode="read"/>
<opset="numChunks_read/1 "/>
</bind>
</comp>

<comp id="100" class="1004" name="in_read_read_fu_100">
<pin_list>
<pin id="101" dir="0" index="0" bw="64" slack="0"/>
<pin id="102" dir="0" index="1" bw="64" slack="0"/>
<pin id="103" dir="1" index="2" bw="64" slack="0"/>
</pin_list>
<bind>
<opcode="read(1150) " fcode="read"/>
<opset="in_read/4 "/>
</bind>
</comp>

<comp id="106" class="1004" name="grp_readreq_fu_106">
<pin_list>
<pin id="107" dir="0" index="0" bw="1" slack="0"/>
<pin id="108" dir="0" index="1" bw="128" slack="0"/>
<pin id="109" dir="0" index="2" bw="29" slack="0"/>
<pin id="110" dir="1" index="3" bw="1" slack="2147483647"/>
</pin_list>
<bind>
<opcode="readreq(1154) " fcode="readreq"/>
<opset="empty/4 "/>
</bind>
</comp>

<comp id="112" class="1004" name="grp_read_input_Pipeline_mem_rd_fu_112">
<pin_list>
<pin id="113" dir="0" index="0" bw="0" slack="0"/>
<pin id="114" dir="0" index="1" bw="128" slack="0"/>
<pin id="115" dir="0" index="2" bw="60" slack="70"/>
<pin id="116" dir="0" index="3" bw="27" slack="70"/>
<pin id="117" dir="0" index="4" bw="8" slack="0"/>
<pin id="118" dir="0" index="5" bw="8" slack="0"/>
<pin id="119" dir="0" index="6" bw="8" slack="0"/>
<pin id="120" dir="0" index="7" bw="8" slack="0"/>
<pin id="121" dir="0" index="8" bw="8" slack="0"/>
<pin id="122" dir="0" index="9" bw="8" slack="0"/>
<pin id="123" dir="0" index="10" bw="8" slack="0"/>
<pin id="124" dir="0" index="11" bw="8" slack="0"/>
<pin id="125" dir="0" index="12" bw="8" slack="0"/>
<pin id="126" dir="0" index="13" bw="8" slack="0"/>
<pin id="127" dir="0" index="14" bw="8" slack="0"/>
<pin id="128" dir="0" index="15" bw="8" slack="0"/>
<pin id="129" dir="0" index="16" bw="8" slack="0"/>
<pin id="130" dir="0" index="17" bw="8" slack="0"/>
<pin id="131" dir="0" index="18" bw="8" slack="0"/>
<pin id="132" dir="0" index="19" bw="8" slack="0"/>
<pin id="133" dir="1" index="20" bw="0" slack="2147483647"/>
</pin_list>
<bind>
<opcode="call(48) " fcode="call"/>
<opset="call_ln323/74 "/>
</bind>
</comp>

<comp id="152" class="1004" name="grp_fu_152">
<pin_list>
<pin id="153" dir="0" index="0" bw="32" slack="0"/>
<pin id="154" dir="0" index="1" bw="32" slack="0"/>
<pin id="155" dir="1" index="2" bw="32" slack="0"/>
</pin_list>
<bind>
<opcode="mul(12) " fcode="mul"/>
<opset="total_bytes/1 "/>
</bind>
</comp>

<comp id="158" class="1004" name="tmp_fu_158">
<pin_list>
<pin id="159" dir="0" index="0" bw="1" slack="0"/>
<pin id="160" dir="0" index="1" bw="32" slack="0"/>
<pin id="161" dir="0" index="2" bw="6" slack="0"/>
<pin id="162" dir="1" index="3" bw="1" slack="1"/>
</pin_list>
<bind>
<opcode="bitselect(1000) " fcode="bitselect"/>
<opset="tmp/2 "/>
</bind>
</comp>

<comp id="166" class="1004" name="trunc_ln319_2_fu_166">
<pin_list>
<pin id="167" dir="0" index="0" bw="28" slack="0"/>
<pin id="168" dir="0" index="1" bw="32" slack="0"/>
<pin id="169" dir="0" index="2" bw="4" slack="0"/>
<pin id="170" dir="0" index="3" bw="6" slack="0"/>
<pin id="171" dir="1" index="4" bw="28" slack="1"/>
</pin_list>
<bind>
<opcode="partselect(1002) " fcode="partselect"/>
<opset="trunc_ln319_2/2 "/>
</bind>
</comp>

<comp id="176" class="1004" name="tmp_1_fu_176">
<pin_list>
<pin id="177" dir="0" index="0" bw="28" slack="0"/>
<pin id="178" dir="0" index="1" bw="32" slack="0"/>
<pin id="179" dir="0" index="2" bw="4" slack="0"/>
<pin id="180" dir="0" index="3" bw="6" slack="0"/>
<pin id="181" dir="1" index="4" bw="28" slack="1"/>
</pin_list>
<bind>
<opcode="partselect(1002) " fcode="partselect"/>
<opset="tmp_1/2 "/>
</bind>
</comp>

<comp id="186" class="1004" name="sub_ln319_fu_186">
<pin_list>
<pin id="187" dir="0" index="0" bw="1" slack="0"/>
<pin id="188" dir="0" index="1" bw="32" slack="1"/>
<pin id="189" dir="1" index="2" bw="32" slack="0"/>
</pin_list>
<bind>
<opcode="sub(10) " fcode="sub"/>
<opset="sub_ln319/3 "/>
</bind>
</comp>

<comp id="191" class="1004" name="trunc_ln319_1_fu_191">
<pin_list>
<pin id="192" dir="0" index="0" bw="28" slack="0"/>
<pin id="193" dir="0" index="1" bw="32" slack="0"/>
<pin id="194" dir="0" index="2" bw="4" slack="0"/>
<pin id="195" dir="0" index="3" bw="6" slack="0"/>
<pin id="196" dir="1" index="4" bw="28" slack="0"/>
</pin_list>
<bind>
<opcode="partselect(1002) " fcode="partselect"/>
<opset="trunc_ln319_1/3 "/>
</bind>
</comp>

<comp id="201" class="1004" name="zext_ln319_fu_201">
<pin_list>
<pin id="202" dir="0" index="0" bw="28" slack="0"/>
<pin id="203" dir="1" index="1" bw="29" slack="0"/>
</pin_list>
<bind>
<opcode="zext(34) " fcode="zext"/>
<opset="zext_ln319/3 "/>
</bind>
</comp>

<comp id="205" class="1004" name="sub_ln319_1_fu_205">
<pin_list>
<pin id="206" dir="0" index="0" bw="1" slack="0"/>
<pin id="207" dir="0" index="1" bw="28" slack="0"/>
<pin id="208" dir="1" index="2" bw="29" slack="0"/>
</pin_list>
<bind>
<opcode="sub(10) " fcode="sub"/>
<opset="sub_ln319_1/3 "/>
</bind>
</comp>

<comp id="211" class="1004" name="zext_ln319_1_fu_211">
<pin_list>
<pin id="212" dir="0" index="0" bw="28" slack="1"/>
<pin id="213" dir="1" index="1" bw="29" slack="0"/>
</pin_list>
<bind>
<opcode="zext(34) " fcode="zext"/>
<opset="zext_ln319_1/3 "/>
</bind>
</comp>

<comp id="214" class="1004" name="loop_count_fu_214">
<pin_list>
<pin id="215" dir="0" index="0" bw="1" slack="1"/>
<pin id="216" dir="0" index="1" bw="29" slack="0"/>
<pin id="217" dir="0" index="2" bw="28" slack="0"/>
<pin id="218" dir="1" index="3" bw="29" slack="1"/>
</pin_list>
<bind>
<opcode="select(49) " fcode="select"/>
<opset="loop_count/3 "/>
</bind>
</comp>

<comp id="221" class="1004" name="icmp_ln323_fu_221">
<pin_list>
<pin id="222" dir="0" index="0" bw="28" slack="1"/>
<pin id="223" dir="0" index="1" bw="1" slack="0"/>
<pin id="224" dir="1" index="2" bw="1" slack="1"/>
</pin_list>
<bind>
<opcode="icmp(45) " fcode="icmp"/>
<opset="icmp_ln323/3 "/>
</bind>
</comp>

<comp id="226" class="1004" name="sext_ln319_fu_226">
<pin_list>
<pin id="227" dir="0" index="0" bw="29" slack="1"/>
<pin id="228" dir="1" index="1" bw="32" slack="0"/>
</pin_list>
<bind>
<opcode="sext(35) " fcode="sext"/>
<opset="sext_ln319/4 "/>
</bind>
</comp>

<comp id="230" class="1004" name="trunc_ln323_fu_230">
<pin_list>
<pin id="231" dir="0" index="0" bw="29" slack="1"/>
<pin id="232" dir="1" index="1" bw="27" slack="70"/>
</pin_list>
<bind>
<opcode="trunc(33) " fcode="trunc"/>
<opset="trunc_ln323/4 "/>
</bind>
</comp>

<comp id="233" class="1004" name="trunc_ln1_fu_233">
<pin_list>
<pin id="234" dir="0" index="0" bw="60" slack="0"/>
<pin id="235" dir="0" index="1" bw="64" slack="0"/>
<pin id="236" dir="0" index="2" bw="4" slack="0"/>
<pin id="237" dir="0" index="3" bw="7" slack="0"/>
<pin id="238" dir="1" index="4" bw="60" slack="0"/>
</pin_list>
<bind>
<opcode="partselect(1002) " fcode="partselect"/>
<opset="trunc_ln1/4 "/>
</bind>
</comp>

<comp id="243" class="1004" name="sext_ln323_fu_243">
<pin_list>
<pin id="244" dir="0" index="0" bw="60" slack="0"/>
<pin id="245" dir="1" index="1" bw="64" slack="0"/>
</pin_list>
<bind>
<opcode="sext(35) " fcode="sext"/>
<opset="sext_ln323/4 "/>
</bind>
</comp>

<comp id="247" class="1004" name="gmem0_addr_fu_247">
<pin_list>
<pin id="248" dir="0" index="0" bw="128" slack="0"/>
<pin id="249" dir="0" index="1" bw="60" slack="0"/>
<pin id="250" dir="1" index="2" bw="128" slack="0"/>
</pin_list>
<bind>
<opcode="getelementptr(29) " fcode="getelementptr"/>
<opset="gmem0_addr/4 "/>
</bind>
</comp>

<comp id="254" class="1005" name="chunkSize_read_reg_254">
<pin_list>
<pin id="255" dir="0" index="0" bw="32" slack="1"/>
<pin id="256" dir="1" index="1" bw="32" slack="1"/>
</pin_list>
<bind>
<opset="chunkSize_read "/>
</bind>
</comp>

<comp id="259" class="1005" name="numChunks_read_reg_259">
<pin_list>
<pin id="260" dir="0" index="0" bw="32" slack="1"/>
<pin id="261" dir="1" index="1" bw="32" slack="1"/>
</pin_list>
<bind>
<opset="numChunks_read "/>
</bind>
</comp>

<comp id="264" class="1005" name="total_bytes_reg_264">
<pin_list>
<pin id="265" dir="0" index="0" bw="32" slack="1"/>
<pin id="266" dir="1" index="1" bw="32" slack="1"/>
</pin_list>
<bind>
<opset="total_bytes "/>
</bind>
</comp>

<comp id="269" class="1005" name="tmp_reg_269">
<pin_list>
<pin id="270" dir="0" index="0" bw="1" slack="1"/>
<pin id="271" dir="1" index="1" bw="1" slack="1"/>
</pin_list>
<bind>
<opset="tmp "/>
</bind>
</comp>

<comp id="274" class="1005" name="trunc_ln319_2_reg_274">
<pin_list>
<pin id="275" dir="0" index="0" bw="28" slack="1"/>
<pin id="276" dir="1" index="1" bw="28" slack="1"/>
</pin_list>
<bind>
<opset="trunc_ln319_2 "/>
</bind>
</comp>

<comp id="279" class="1005" name="tmp_1_reg_279">
<pin_list>
<pin id="280" dir="0" index="0" bw="28" slack="1"/>
<pin id="281" dir="1" index="1" bw="28" slack="1"/>
</pin_list>
<bind>
<opset="tmp_1 "/>
</bind>
</comp>

<comp id="284" class="1005" name="loop_count_reg_284">
<pin_list>
<pin id="285" dir="0" index="0" bw="29" slack="1"/>
<pin id="286" dir="1" index="1" bw="29" slack="1"/>
</pin_list>
<bind>
<opset="loop_count "/>
</bind>
</comp>

<comp id="290" class="1005" name="icmp_ln323_reg_290">
<pin_list>
<pin id="291" dir="0" index="0" bw="1" slack="1"/>
<pin id="292" dir="1" index="1" bw="1" slack="2147483647"/>
</pin_list>
<bind>
<opset="icmp_ln323 "/>
</bind>
</comp>

<comp id="294" class="1005" name="sext_ln319_reg_294">
<pin_list>
<pin id="295" dir="0" index="0" bw="32" slack="1"/>
<pin id="296" dir="1" index="1" bw="32" slack="1"/>
</pin_list>
<bind>
<opset="sext_ln319 "/>
</bind>
</comp>

<comp id="299" class="1005" name="trunc_ln323_reg_299">
<pin_list>
<pin id="300" dir="0" index="0" bw="27" slack="70"/>
<pin id="301" dir="1" index="1" bw="27" slack="70"/>
</pin_list>
<bind>
<opset="trunc_ln323 "/>
</bind>
</comp>

<comp id="304" class="1005" name="trunc_ln1_reg_304">
<pin_list>
<pin id="305" dir="0" index="0" bw="60" slack="70"/>
<pin id="306" dir="1" index="1" bw="60" slack="70"/>
</pin_list>
<bind>
<opset="trunc_ln1 "/>
</bind>
</comp>

<comp id="309" class="1005" name="gmem0_addr_reg_309">
<pin_list>
<pin id="310" dir="0" index="0" bw="128" slack="1"/>
<pin id="311" dir="1" index="1" bw="128" slack="1"/>
</pin_list>
<bind>
<opset="gmem0_addr "/>
</bind>
</comp>

</comp_list>

<net_list>
<net id="92"><net_src comp="40" pin="0"/><net_sink comp="88" pin=0"/></net>

<net id="93"><net_src comp="38" pin="0"/><net_sink comp="88" pin=1"/></net>

<net id="98"><net_src comp="40" pin="0"/><net_sink comp="94" pin=0"/></net>

<net id="99"><net_src comp="36" pin="0"/><net_sink comp="94" pin=1"/></net>

<net id="104"><net_src comp="76" pin="0"/><net_sink comp="100" pin=0"/></net>

<net id="105"><net_src comp="2" pin="0"/><net_sink comp="100" pin=1"/></net>

<net id="111"><net_src comp="82" pin="0"/><net_sink comp="106" pin=0"/></net>

<net id="134"><net_src comp="86" pin="0"/><net_sink comp="112" pin=0"/></net>

<net id="135"><net_src comp="0" pin="0"/><net_sink comp="112" pin=1"/></net>

<net id="136"><net_src comp="4" pin="0"/><net_sink comp="112" pin=4"/></net>

<net id="137"><net_src comp="6" pin="0"/><net_sink comp="112" pin=5"/></net>

<net id="138"><net_src comp="8" pin="0"/><net_sink comp="112" pin=6"/></net>

<net id="139"><net_src comp="10" pin="0"/><net_sink comp="112" pin=7"/></net>

<net id="140"><net_src comp="12" pin="0"/><net_sink comp="112" pin=8"/></net>

<net id="141"><net_src comp="14" pin="0"/><net_sink comp="112" pin=9"/></net>

<net id="142"><net_src comp="16" pin="0"/><net_sink comp="112" pin=10"/></net>

<net id="143"><net_src comp="18" pin="0"/><net_sink comp="112" pin=11"/></net>

<net id="144"><net_src comp="20" pin="0"/><net_sink comp="112" pin=12"/></net>

<net id="145"><net_src comp="22" pin="0"/><net_sink comp="112" pin=13"/></net>

<net id="146"><net_src comp="24" pin="0"/><net_sink comp="112" pin=14"/></net>

<net id="147"><net_src comp="26" pin="0"/><net_sink comp="112" pin=15"/></net>

<net id="148"><net_src comp="28" pin="0"/><net_sink comp="112" pin=16"/></net>

<net id="149"><net_src comp="30" pin="0"/><net_sink comp="112" pin=17"/></net>

<net id="150"><net_src comp="32" pin="0"/><net_sink comp="112" pin=18"/></net>

<net id="151"><net_src comp="34" pin="0"/><net_sink comp="112" pin=19"/></net>

<net id="156"><net_src comp="88" pin="2"/><net_sink comp="152" pin=0"/></net>

<net id="157"><net_src comp="94" pin="2"/><net_sink comp="152" pin=1"/></net>

<net id="163"><net_src comp="42" pin="0"/><net_sink comp="158" pin=0"/></net>

<net id="164"><net_src comp="152" pin="2"/><net_sink comp="158" pin=1"/></net>

<net id="165"><net_src comp="44" pin="0"/><net_sink comp="158" pin=2"/></net>

<net id="172"><net_src comp="46" pin="0"/><net_sink comp="166" pin=0"/></net>

<net id="173"><net_src comp="152" pin="2"/><net_sink comp="166" pin=1"/></net>

<net id="174"><net_src comp="48" pin="0"/><net_sink comp="166" pin=2"/></net>

<net id="175"><net_src comp="44" pin="0"/><net_sink comp="166" pin=3"/></net>

<net id="182"><net_src comp="46" pin="0"/><net_sink comp="176" pin=0"/></net>

<net id="183"><net_src comp="152" pin="2"/><net_sink comp="176" pin=1"/></net>

<net id="184"><net_src comp="48" pin="0"/><net_sink comp="176" pin=2"/></net>

<net id="185"><net_src comp="44" pin="0"/><net_sink comp="176" pin=3"/></net>

<net id="190"><net_src comp="50" pin="0"/><net_sink comp="186" pin=0"/></net>

<net id="197"><net_src comp="46" pin="0"/><net_sink comp="191" pin=0"/></net>

<net id="198"><net_src comp="186" pin="2"/><net_sink comp="191" pin=1"/></net>

<net id="199"><net_src comp="48" pin="0"/><net_sink comp="191" pin=2"/></net>

<net id="200"><net_src comp="44" pin="0"/><net_sink comp="191" pin=3"/></net>

<net id="204"><net_src comp="191" pin="4"/><net_sink comp="201" pin=0"/></net>

<net id="209"><net_src comp="52" pin="0"/><net_sink comp="205" pin=0"/></net>

<net id="210"><net_src comp="201" pin="1"/><net_sink comp="205" pin=1"/></net>

<net id="219"><net_src comp="205" pin="2"/><net_sink comp="214" pin=1"/></net>

<net id="220"><net_src comp="211" pin="1"/><net_sink comp="214" pin=2"/></net>

<net id="225"><net_src comp="54" pin="0"/><net_sink comp="221" pin=1"/></net>

<net id="229"><net_src comp="226" pin="1"/><net_sink comp="106" pin=2"/></net>

<net id="239"><net_src comp="78" pin="0"/><net_sink comp="233" pin=0"/></net>

<net id="240"><net_src comp="100" pin="2"/><net_sink comp="233" pin=1"/></net>

<net id="241"><net_src comp="48" pin="0"/><net_sink comp="233" pin=2"/></net>

<net id="242"><net_src comp="80" pin="0"/><net_sink comp="233" pin=3"/></net>

<net id="246"><net_src comp="233" pin="4"/><net_sink comp="243" pin=0"/></net>

<net id="251"><net_src comp="0" pin="0"/><net_sink comp="247" pin=0"/></net>

<net id="252"><net_src comp="243" pin="1"/><net_sink comp="247" pin=1"/></net>

<net id="253"><net_src comp="247" pin="2"/><net_sink comp="106" pin=1"/></net>

<net id="257"><net_src comp="88" pin="2"/><net_sink comp="254" pin=0"/></net>

<net id="258"><net_src comp="254" pin="1"/><net_sink comp="152" pin=0"/></net>

<net id="262"><net_src comp="94" pin="2"/><net_sink comp="259" pin=0"/></net>

<net id="263"><net_src comp="259" pin="1"/><net_sink comp="152" pin=1"/></net>

<net id="267"><net_src comp="152" pin="2"/><net_sink comp="264" pin=0"/></net>

<net id="268"><net_src comp="264" pin="1"/><net_sink comp="186" pin=1"/></net>

<net id="272"><net_src comp="158" pin="3"/><net_sink comp="269" pin=0"/></net>

<net id="273"><net_src comp="269" pin="1"/><net_sink comp="214" pin=0"/></net>

<net id="277"><net_src comp="166" pin="4"/><net_sink comp="274" pin=0"/></net>

<net id="278"><net_src comp="274" pin="1"/><net_sink comp="211" pin=0"/></net>

<net id="282"><net_src comp="176" pin="4"/><net_sink comp="279" pin=0"/></net>

<net id="283"><net_src comp="279" pin="1"/><net_sink comp="221" pin=0"/></net>

<net id="287"><net_src comp="214" pin="3"/><net_sink comp="284" pin=0"/></net>

<net id="288"><net_src comp="284" pin="1"/><net_sink comp="226" pin=0"/></net>

<net id="289"><net_src comp="284" pin="1"/><net_sink comp="230" pin=0"/></net>

<net id="293"><net_src comp="221" pin="2"/><net_sink comp="290" pin=0"/></net>

<net id="297"><net_src comp="226" pin="1"/><net_sink comp="294" pin=0"/></net>

<net id="298"><net_src comp="294" pin="1"/><net_sink comp="106" pin=2"/></net>

<net id="302"><net_src comp="230" pin="1"/><net_sink comp="299" pin=0"/></net>

<net id="303"><net_src comp="299" pin="1"/><net_sink comp="112" pin=3"/></net>

<net id="307"><net_src comp="233" pin="4"/><net_sink comp="304" pin=0"/></net>

<net id="308"><net_src comp="304" pin="1"/><net_sink comp="112" pin=2"/></net>

<net id="312"><net_src comp="247" pin="2"/><net_sink comp="309" pin=0"/></net>

<net id="313"><net_src comp="309" pin="1"/><net_sink comp="106" pin=1"/></net>

</net_list>

</model> 
---------------- Datapath Model END ------------------

* FSMD analyzer results:
  - Output states:
	Port: inByte017 | {74 75 }
	Port: inByte118 | {74 75 }
	Port: inByte219 | {74 75 }
	Port: inByte320 | {74 75 }
	Port: inByte421 | {74 75 }
	Port: inByte522 | {74 75 }
	Port: inByte623 | {74 75 }
	Port: inByte724 | {74 75 }
	Port: inByte825 | {74 75 }
	Port: inByte926 | {74 75 }
	Port: inByte1027 | {74 75 }
	Port: inByte1128 | {74 75 }
	Port: inByte1229 | {74 75 }
	Port: inByte1330 | {74 75 }
	Port: inByte1431 | {74 75 }
	Port: inByte1532 | {74 75 }
 - Input state : 
	Port: read_input : gmem0 | {4 5 6 7 8 9 10 11 12 13 14 15 16 17 18 19 20 21 22 23 24 25 26 27 28 29 30 31 32 33 34 35 36 37 38 39 40 41 42 43 44 45 46 47 48 49 50 51 52 53 54 55 56 57 58 59 60 61 62 63 64 65 66 67 68 69 70 71 72 73 74 75 }
	Port: read_input : in_r | {4 }
	Port: read_input : numChunks | {1 }
	Port: read_input : chunkSize | {1 }
  - Chain level:
	State 1
	State 2
		tmp : 1
		trunc_ln319_2 : 1
		tmp_1 : 1
	State 3
		trunc_ln319_1 : 1
		zext_ln319 : 2
		sub_ln319_1 : 3
		loop_count : 4
	State 4
		sext_ln323 : 1
		gmem0_addr : 2
		empty : 3
	State 5
	State 6
	State 7
	State 8
	State 9
	State 10
	State 11
	State 12
	State 13
	State 14
	State 15
	State 16
	State 17
	State 18
	State 19
	State 20
	State 21
	State 22
	State 23
	State 24
	State 25
	State 26
	State 27
	State 28
	State 29
	State 30
	State 31
	State 32
	State 33
	State 34
	State 35
	State 36
	State 37
	State 38
	State 39
	State 40
	State 41
	State 42
	State 43
	State 44
	State 45
	State 46
	State 47
	State 48
	State 49
	State 50
	State 51
	State 52
	State 53
	State 54
	State 55
	State 56
	State 57
	State 58
	State 59
	State 60
	State 61
	State 62
	State 63
	State 64
	State 65
	State 66
	State 67
	State 68
	State 69
	State 70
	State 71
	State 72
	State 73
	State 74
	State 75


============================================================
+ Verbose Summary: Datapath Resource usage 
============================================================

* Functional unit list:
|----------|---------------------------------------|---------|---------|---------|
| Operation|            Functional Unit            |   DSP   |    FF   |   LUT   |
|----------|---------------------------------------|---------|---------|---------|
|   call   | grp_read_input_Pipeline_mem_rd_fu_112 |    0    |   220   |    51   |
|----------|---------------------------------------|---------|---------|---------|
|    mul   |               grp_fu_152              |    3    |   165   |    49   |
|----------|---------------------------------------|---------|---------|---------|
|    sub   |            sub_ln319_fu_186           |    0    |    0    |    39   |
|          |           sub_ln319_1_fu_205          |    0    |    0    |    35   |
|----------|---------------------------------------|---------|---------|---------|
|  select  |           loop_count_fu_214           |    0    |    0    |    29   |
|----------|---------------------------------------|---------|---------|---------|
|   icmp   |           icmp_ln323_fu_221           |    0    |    0    |    18   |
|----------|---------------------------------------|---------|---------|---------|
|          |       chunkSize_read_read_fu_88       |    0    |    0    |    0    |
|   read   |       numChunks_read_read_fu_94       |    0    |    0    |    0    |
|          |          in_read_read_fu_100          |    0    |    0    |    0    |
|----------|---------------------------------------|---------|---------|---------|
|  readreq |           grp_readreq_fu_106          |    0    |    0    |    0    |
|----------|---------------------------------------|---------|---------|---------|
| bitselect|               tmp_fu_158              |    0    |    0    |    0    |
|----------|---------------------------------------|---------|---------|---------|
|          |          trunc_ln319_2_fu_166         |    0    |    0    |    0    |
|partselect|              tmp_1_fu_176             |    0    |    0    |    0    |
|          |          trunc_ln319_1_fu_191         |    0    |    0    |    0    |
|          |            trunc_ln1_fu_233           |    0    |    0    |    0    |
|----------|---------------------------------------|---------|---------|---------|
|   zext   |           zext_ln319_fu_201           |    0    |    0    |    0    |
|          |          zext_ln319_1_fu_211          |    0    |    0    |    0    |
|----------|---------------------------------------|---------|---------|---------|
|   sext   |           sext_ln319_fu_226           |    0    |    0    |    0    |
|          |           sext_ln323_fu_243           |    0    |    0    |    0    |
|----------|---------------------------------------|---------|---------|---------|
|   trunc  |           trunc_ln323_fu_230          |    0    |    0    |    0    |
|----------|---------------------------------------|---------|---------|---------|
|   Total  |                                       |    3    |   385   |   221   |
|----------|---------------------------------------|---------|---------|---------|

Memories:
N/A

* Register list:
+----------------------+--------+
|                      |   FF   |
+----------------------+--------+
|chunkSize_read_reg_254|   32   |
|  gmem0_addr_reg_309  |   128  |
|  icmp_ln323_reg_290  |    1   |
|  loop_count_reg_284  |   29   |
|numChunks_read_reg_259|   32   |
|  sext_ln319_reg_294  |   32   |
|     tmp_1_reg_279    |   28   |
|      tmp_reg_269     |    1   |
|  total_bytes_reg_264 |   32   |
|   trunc_ln1_reg_304  |   60   |
| trunc_ln319_2_reg_274|   28   |
|  trunc_ln323_reg_299 |   27   |
+----------------------+--------+
|         Total        |   430  |
+----------------------+--------+

* Multiplexer (MUX) list: 
|--------------------|------|------|------|--------||---------||---------|
|        Comp        |  Pin | Size |  BW  | S x BW ||  Delay  ||   LUT   |
|--------------------|------|------|------|--------||---------||---------|
| grp_readreq_fu_106 |  p1  |   2  |  128 |   256  ||    9    |
| grp_readreq_fu_106 |  p2  |   2  |  29  |   58   ||    9    |
|     grp_fu_152     |  p0  |   2  |  32  |   64   ||    9    |
|     grp_fu_152     |  p1  |   2  |  32  |   64   ||    9    |
|--------------------|------|------|------|--------||---------||---------|
|        Total       |      |      |      |   442  ||  1.548  ||    36   |
|--------------------|------|------|------|--------||---------||---------|



* Summary:
+-----------+--------+--------+--------+--------+
|           |   DSP  |  Delay |   FF   |   LUT  |
+-----------+--------+--------+--------+--------+
|  Function |    3   |    -   |   385  |   221  |
|   Memory  |    -   |    -   |    -   |    -   |
|Multiplexer|    -   |    1   |    -   |   36   |
|  Register |    -   |    -   |   430  |    -   |
+-----------+--------+--------+--------+--------+
|   Total   |    3   |    1   |   815  |   257  |
+-----------+--------+--------+--------+--------+
