

================================================================
== Vitis HLS Report for 'read_input_Pipeline_mem_rd'
================================================================
* Date:           Thu Apr  2 18:17:02 2026

* Version:        2022.1 (Build 3526262 on Mon Apr 18 15:47:01 MDT 2022)
* Project:        calculate_crc
* Solution:       solution (Vitis Kernel Flow Target)
* Product family: virtexuplus
* Target device:  xcu280-fsvh2892-2L-e


================================================================
== Performance Estimates
================================================================
+ Timing: 
    * Summary: 
    +--------+---------+----------+------------+
    |  Clock |  Target | Estimated| Uncertainty|
    +--------+---------+----------+------------+
    |ap_clk  |  3.33 ns|  2.433 ns|     0.90 ns|
    +--------+---------+----------+------------+

+ Latency: 
    * Summary: 
    +---------+---------+----------+----------+-----+-----+---------+
    |  Latency (cycles) |  Latency (absolute) |  Interval | Pipeline|
    |   min   |   max   |    min   |    max   | min | max |   Type  |
    +---------+---------+----------+----------+-----+-----+---------+
    |        ?|        ?|         ?|         ?|    ?|    ?|       no|
    +---------+---------+----------+----------+-----+-----+---------+

    + Detail: 
        * Instance: 
        N/A

        * Loop: 
        +----------+---------+---------+----------+-----------+-----------+------+----------+
        |          |  Latency (cycles) | Iteration|  Initiation Interval  | Trip |          |
        | Loop Name|   min   |   max   |  Latency |  achieved |   target  | Count| Pipelined|
        +----------+---------+---------+----------+-----------+-----------+------+----------+
        |- mem_rd  |        ?|        ?|         3|          1|          1|     ?|       yes|
        +----------+---------+---------+----------+-----------+-----------+------+----------+

============================================================
+ Verbose Summary: Synthesis Manager
============================================================
InlineROM: 1
ExposeGlobal: 0
============================================================
+ Verbose Summary: CDFG Model
============================================================
IsTopModel: 0
ResetActiveHigh: 1
IsCombinational: 0
IsDatapathOnly: 0
HasWiredReturn: 1
HasMFsm: 2
HasVarLatency: 1
IsPipeline: 0
IsRtlPipelined: 0
IsInstanceOverlapped: 0
IsDontTouch: 0
HasImplIP: 0
IsGatedGlobalClock: 0

+ Individual pipeline summary: 
  * Pipeline-0: initiation interval (II) = 1, depth = 3


============================================================
+ Verbose Summary: Schedule
============================================================
* Number of FSM states : 3
* Pipeline : 1
  Pipeline-0 : II = 1, D = 3, States = { 1 2 3 }
* Dataflow Pipeline: 0

* FSM state transitions: 
1 --> 2 
2 --> 3 
3 --> 

* FSM state operations: 

State 1 <SV = 0> <Delay = 1.23>
ST_1 : Operation 6 [1/1] (0.00ns)   --->   "%i = alloca i32 1"   --->   Operation 6 'alloca' 'i' <Predicate = true> <Delay = 0.00>
ST_1 : Operation 7 [1/1] (0.00ns)   --->   "%trunc_ln323_1_read = read i27 @_ssdm_op_Read.ap_auto.i27, i27 %trunc_ln323_1"   --->   Operation 7 'read' 'trunc_ln323_1_read' <Predicate = true> <Delay = 0.00>
ST_1 : Operation 8 [1/1] (0.00ns)   --->   "%sext_ln323_read = read i60 @_ssdm_op_Read.ap_auto.i60, i60 %sext_ln323"   --->   Operation 8 'read' 'sext_ln323_read' <Predicate = true> <Delay = 0.00>
ST_1 : Operation 9 [1/1] (0.00ns)   --->   "%sext_ln323_cast = sext i60 %sext_ln323_read"   --->   Operation 9 'sext' 'sext_ln323_cast' <Predicate = true> <Delay = 0.00>
ST_1 : Operation 10 [1/1] (0.00ns)   --->   "%specinterface_ln0 = specinterface void @_ssdm_op_SpecInterface, i128 %gmem0, void @empty_22, i32 0, i32 0, void @empty_23, i32 64, i32 1024, void @empty, void @empty_2, void @empty_23, i32 16, i32 16, i32 16, i32 16, void @empty_23, void @empty_23, i32 4294967295, i32 0"   --->   Operation 10 'specinterface' 'specinterface_ln0' <Predicate = true> <Delay = 0.00>
ST_1 : Operation 11 [1/1] (0.00ns)   --->   "%specinterface_ln0 = specinterface void @_ssdm_op_SpecInterface, i8 %inByte017, void @empty_3, i32 0, i32 0, void @empty_23, i32 0, i32 0, void @empty_23, void @empty_23, void @empty_23, i32 0, i32 0, i32 0, i32 0, void @empty_23, void @empty_23, i32 4294967295, i32 0"   --->   Operation 11 'specinterface' 'specinterface_ln0' <Predicate = true> <Delay = 0.00>
ST_1 : Operation 12 [1/1] (0.00ns)   --->   "%specinterface_ln0 = specinterface void @_ssdm_op_SpecInterface, i8 %inByte118, void @empty_3, i32 0, i32 0, void @empty_23, i32 0, i32 0, void @empty_23, void @empty_23, void @empty_23, i32 0, i32 0, i32 0, i32 0, void @empty_23, void @empty_23, i32 4294967295, i32 0"   --->   Operation 12 'specinterface' 'specinterface_ln0' <Predicate = true> <Delay = 0.00>
ST_1 : Operation 13 [1/1] (0.00ns)   --->   "%specinterface_ln0 = specinterface void @_ssdm_op_SpecInterface, i8 %inByte219, void @empty_3, i32 0, i32 0, void @empty_23, i32 0, i32 0, void @empty_23, void @empty_23, void @empty_23, i32 0, i32 0, i32 0, i32 0, void @empty_23, void @empty_23, i32 4294967295, i32 0"   --->   Operation 13 'specinterface' 'specinterface_ln0' <Predicate = true> <Delay = 0.00>
ST_1 : Operation 14 [1/1] (0.00ns)   --->   "%specinterface_ln0 = specinterface void @_ssdm_op_SpecInterface, i8 %inByte320, void @empty_3, i32 0, i32 0, void @empty_23, i32 0, i32 0, void @empty_23, void @empty_23, void @empty_23, i32 0, i32 0, i32 0, i32 0, void @empty_23, void @empty_23, i32 4294967295, i32 0"   --->   Operation 14 'specinterface' 'specinterface_ln0' <Predicate = true> <Delay = 0.00>
ST_1 : Operation 15 [1/1] (0.00ns)   --->   "%specinterface_ln0 = specinterface void @_ssdm_op_SpecInterface, i8 %inByte421, void @empty_3, i32 0, i32 0, void @empty_23, i32 0, i32 0, void @empty_23, void @empty_23, void @empty_23, i32 0, i32 0, i32 0, i32 0, void @empty_23, void @empty_23, i32 4294967295, i32 0"   --->   Operation 15 'specinterface' 'specinterface_ln0' <Predicate = true> <Delay = 0.00>
ST_1 : Operation 16 [1/1] (0.00ns)   --->   "%specinterface_ln0 = specinterface void @_ssdm_op_SpecInterface, i8 %inByte522, void @empty_3, i32 0, i32 0, void @empty_23, i32 0, i32 0, void @empty_23, void @empty_23, void @empty_23, i32 0, i32 0, i32 0, i32 0, void @empty_23, void @empty_23, i32 4294967295, i32 0"   --->   Operation 16 'specinterface' 'specinterface_ln0' <Predicate = true> <Delay = 0.00>
ST_1 : Operation 17 [1/1] (0.00ns)   --->   "%specinterface_ln0 = specinterface void @_ssdm_op_SpecInterface, i8 %inByte623, void @empty_3, i32 0, i32 0, void @empty_23, i32 0, i32 0, void @empty_23, void @empty_23, void @empty_23, i32 0, i32 0, i32 0, i32 0, void @empty_23, void @empty_23, i32 4294967295, i32 0"   --->   Operation 17 'specinterface' 'specinterface_ln0' <Predicate = true> <Delay = 0.00>
ST_1 : Operation 18 [1/1] (0.00ns)   --->   "%specinterface_ln0 = specinterface void @_ssdm_op_SpecInterface, i8 %inByte724, void @empty_3, i32 0, i32 0, void @empty_23, i32 0, i32 0, void @empty_23, void @empty_23, void @empty_23, i32 0, i32 0, i32 0, i32 0, void @empty_23, void @empty_23, i32 4294967295, i32 0"   --->   Operation 18 'specinterface' 'specinterface_ln0' <Predicate = true> <Delay = 0.00>
ST_1 : Operation 19 [1/1] (0.00ns)   --->   "%specinterface_ln0 = specinterface void @_ssdm_op_SpecInterface, i8 %inByte825, void @empty_3, i32 0, i32 0, void @empty_23, i32 0, i32 0, void @empty_23, void @empty_23, void @empty_23, i32 0, i32 0, i32 0, i32 0, void @empty_23, void @empty_23, i32 4294967295, i32 0"   --->   Operation 19 'specinterface' 'specinterface_ln0' <Predicate = true> <Delay = 0.00>
ST_1 : Operation 20 [1/1] (0.00ns)   --->   "%specinterface_ln0 = specinterface void @_ssdm_op_SpecInterface, i8 %inByte926, void @empty_3, i32 0, i32 0, void @empty_23, i32 0, i32 0, void @empty_23, void @empty_23, void @empty_23, i32 0, i32 0, i32 0, i32 0, void @empty_23, void @empty_23, i32 4294967295, i32 0"   --->   Operation 20 'specinterface' 'specinterface_ln0' <Predicate = true> <Delay = 0.00>
ST_1 : Operation 21 [1/1] (0.00ns)   --->   "%specinterface_ln0 = specinterface void @_ssdm_op_SpecInterface, i8 %inByte1027, void @empty_3, i32 0, i32 0, void @empty_23, i32 0, i32 0, void @empty_23, void @empty_23, void @empty_23, i32 0, i32 0, i32 0, i32 0, void @empty_23, void @empty_23, i32 4294967295, i32 0"   --->   Operation 21 'specinterface' 'specinterface_ln0' <Predicate = true> <Delay = 0.00>
ST_1 : Operation 22 [1/1] (0.00ns)   --->   "%specinterface_ln0 = specinterface void @_ssdm_op_SpecInterface, i8 %inByte1128, void @empty_3, i32 0, i32 0, void @empty_23, i32 0, i32 0, void @empty_23, void @empty_23, void @empty_23, i32 0, i32 0, i32 0, i32 0, void @empty_23, void @empty_23, i32 4294967295, i32 0"   --->   Operation 22 'specinterface' 'specinterface_ln0' <Predicate = true> <Delay = 0.00>
ST_1 : Operation 23 [1/1] (0.00ns)   --->   "%specinterface_ln0 = specinterface void @_ssdm_op_SpecInterface, i8 %inByte1229, void @empty_3, i32 0, i32 0, void @empty_23, i32 0, i32 0, void @empty_23, void @empty_23, void @empty_23, i32 0, i32 0, i32 0, i32 0, void @empty_23, void @empty_23, i32 4294967295, i32 0"   --->   Operation 23 'specinterface' 'specinterface_ln0' <Predicate = true> <Delay = 0.00>
ST_1 : Operation 24 [1/1] (0.00ns)   --->   "%specinterface_ln0 = specinterface void @_ssdm_op_SpecInterface, i8 %inByte1330, void @empty_3, i32 0, i32 0, void @empty_23, i32 0, i32 0, void @empty_23, void @empty_23, void @empty_23, i32 0, i32 0, i32 0, i32 0, void @empty_23, void @empty_23, i32 4294967295, i32 0"   --->   Operation 24 'specinterface' 'specinterface_ln0' <Predicate = true> <Delay = 0.00>
ST_1 : Operation 25 [1/1] (0.00ns)   --->   "%specinterface_ln0 = specinterface void @_ssdm_op_SpecInterface, i8 %inByte1431, void @empty_3, i32 0, i32 0, void @empty_23, i32 0, i32 0, void @empty_23, void @empty_23, void @empty_23, i32 0, i32 0, i32 0, i32 0, void @empty_23, void @empty_23, i32 4294967295, i32 0"   --->   Operation 25 'specinterface' 'specinterface_ln0' <Predicate = true> <Delay = 0.00>
ST_1 : Operation 26 [1/1] (0.00ns)   --->   "%specinterface_ln0 = specinterface void @_ssdm_op_SpecInterface, i8 %inByte1532, void @empty_3, i32 0, i32 0, void @empty_23, i32 0, i32 0, void @empty_23, void @empty_23, void @empty_23, i32 0, i32 0, i32 0, i32 0, void @empty_23, void @empty_23, i32 4294967295, i32 0"   --->   Operation 26 'specinterface' 'specinterface_ln0' <Predicate = true> <Delay = 0.00>
ST_1 : Operation 27 [1/1] (0.38ns)   --->   "%store_ln0 = store i27 0, i27 %i"   --->   Operation 27 'store' 'store_ln0' <Predicate = true> <Delay = 0.38>
ST_1 : Operation 28 [1/1] (0.00ns)   --->   "%br_ln0 = br void %for.inc"   --->   Operation 28 'br' 'br_ln0' <Predicate = true> <Delay = 0.00>
ST_1 : Operation 29 [1/1] (0.00ns)   --->   "%i_2 = load i27 %i" [/home/efrink/mled/split_cu/U280_CRC_Accelerator/src/kernel.cpp:323]   --->   Operation 29 'load' 'i_2' <Predicate = true> <Delay = 0.00>
ST_1 : Operation 30 [1/1] (0.80ns)   --->   "%icmp_ln323 = icmp_eq  i27 %i_2, i27 %trunc_ln323_1_read" [/home/efrink/mled/split_cu/U280_CRC_Accelerator/src/kernel.cpp:323]   --->   Operation 30 'icmp' 'icmp_ln323' <Predicate = true> <Delay = 0.80> <CoreInst = "Cmp">   --->   Core 9 'Cmp' <Latency = 0> <II = 1> <Delay = 0.80> <FuncUnit> <Opcode : 'icmp'> <InPorts = 2> <OutPorts = 1>
ST_1 : Operation 31 [1/1] (0.85ns)   --->   "%add_ln323 = add i27 %i_2, i27 1" [/home/efrink/mled/split_cu/U280_CRC_Accelerator/src/kernel.cpp:323]   --->   Operation 31 'add' 'add_ln323' <Predicate = true> <Delay = 0.85> <CoreInst = "Adder">   --->   Core 1 'Adder' <Latency = 0> <II = 1> <Delay = 0.85> <FuncUnit> <Opcode : 'add' 'sub'> <InPorts = 2> <OutPorts = 1>
ST_1 : Operation 32 [1/1] (0.00ns)   --->   "%br_ln323 = br i1 %icmp_ln323, void %for.inc.split, void %for.end.loopexit.exitStub" [/home/efrink/mled/split_cu/U280_CRC_Accelerator/src/kernel.cpp:323]   --->   Operation 32 'br' 'br_ln323' <Predicate = true> <Delay = 0.00>
ST_1 : Operation 33 [1/1] (0.38ns)   --->   "%store_ln323 = store i27 %add_ln323, i27 %i" [/home/efrink/mled/split_cu/U280_CRC_Accelerator/src/kernel.cpp:323]   --->   Operation 33 'store' 'store_ln323' <Predicate = (!icmp_ln323)> <Delay = 0.38>

State 2 <SV = 1> <Delay = 2.43>
ST_2 : Operation 34 [1/1] (0.00ns)   --->   "%gmem0_addr = getelementptr i128 %gmem0, i64 %sext_ln323_cast" [/home/efrink/mled/split_cu/U280_CRC_Accelerator/src/kernel.cpp:323]   --->   Operation 34 'getelementptr' 'gmem0_addr' <Predicate = true> <Delay = 0.00>
ST_2 : Operation 35 [1/1] (2.43ns)   --->   "%data_V = read i128 @_ssdm_op_Read.m_axi.p1i128, i128 %gmem0_addr" [/home/efrink/mled/split_cu/U280_CRC_Accelerator/src/kernel.cpp:326]   --->   Operation 35 'read' 'data_V' <Predicate = (!icmp_ln323)> <Delay = 2.43> <CoreInst = "m_axi">   --->   Core 121 'm_axi' <Latency = 0> <II = 1> <Delay = 1.00> <Adapter> <Opcode : 'read' 'write' 'readreq' 'writereq' 'writeresp'>
ST_2 : Operation 36 [1/1] (0.00ns)   --->   "%trunc_ln674 = trunc i128 %data_V"   --->   Operation 36 'trunc' 'trunc_ln674' <Predicate = (!icmp_ln323)> <Delay = 0.00>
ST_2 : Operation 37 [1/1] (0.00ns)   --->   "%p_s = partselect i8 @_ssdm_op_PartSelect.i8.i128.i32.i32, i128 %data_V, i32 8, i32 15"   --->   Operation 37 'partselect' 'p_s' <Predicate = (!icmp_ln323)> <Delay = 0.00>
ST_2 : Operation 38 [1/1] (0.00ns)   --->   "%p_1 = partselect i8 @_ssdm_op_PartSelect.i8.i128.i32.i32, i128 %data_V, i32 16, i32 23"   --->   Operation 38 'partselect' 'p_1' <Predicate = (!icmp_ln323)> <Delay = 0.00>
ST_2 : Operation 39 [1/1] (0.00ns)   --->   "%p_2 = partselect i8 @_ssdm_op_PartSelect.i8.i128.i32.i32, i128 %data_V, i32 24, i32 31"   --->   Operation 39 'partselect' 'p_2' <Predicate = (!icmp_ln323)> <Delay = 0.00>
ST_2 : Operation 40 [1/1] (0.00ns)   --->   "%p_3 = partselect i8 @_ssdm_op_PartSelect.i8.i128.i32.i32, i128 %data_V, i32 32, i32 39"   --->   Operation 40 'partselect' 'p_3' <Predicate = (!icmp_ln323)> <Delay = 0.00>
ST_2 : Operation 41 [1/1] (0.00ns)   --->   "%p_4 = partselect i8 @_ssdm_op_PartSelect.i8.i128.i32.i32, i128 %data_V, i32 40, i32 47"   --->   Operation 41 'partselect' 'p_4' <Predicate = (!icmp_ln323)> <Delay = 0.00>
ST_2 : Operation 42 [1/1] (0.00ns)   --->   "%p_5 = partselect i8 @_ssdm_op_PartSelect.i8.i128.i32.i32, i128 %data_V, i32 48, i32 55"   --->   Operation 42 'partselect' 'p_5' <Predicate = (!icmp_ln323)> <Delay = 0.00>
ST_2 : Operation 43 [1/1] (0.00ns)   --->   "%p_6 = partselect i8 @_ssdm_op_PartSelect.i8.i128.i32.i32, i128 %data_V, i32 56, i32 63"   --->   Operation 43 'partselect' 'p_6' <Predicate = (!icmp_ln323)> <Delay = 0.00>
ST_2 : Operation 44 [1/1] (0.00ns)   --->   "%p_7 = partselect i8 @_ssdm_op_PartSelect.i8.i128.i32.i32, i128 %data_V, i32 64, i32 71"   --->   Operation 44 'partselect' 'p_7' <Predicate = (!icmp_ln323)> <Delay = 0.00>
ST_2 : Operation 45 [1/1] (0.00ns)   --->   "%p_8 = partselect i8 @_ssdm_op_PartSelect.i8.i128.i32.i32, i128 %data_V, i32 72, i32 79"   --->   Operation 45 'partselect' 'p_8' <Predicate = (!icmp_ln323)> <Delay = 0.00>
ST_2 : Operation 46 [1/1] (0.00ns)   --->   "%p_9 = partselect i8 @_ssdm_op_PartSelect.i8.i128.i32.i32, i128 %data_V, i32 80, i32 87"   --->   Operation 46 'partselect' 'p_9' <Predicate = (!icmp_ln323)> <Delay = 0.00>
ST_2 : Operation 47 [1/1] (0.00ns)   --->   "%p_10 = partselect i8 @_ssdm_op_PartSelect.i8.i128.i32.i32, i128 %data_V, i32 88, i32 95"   --->   Operation 47 'partselect' 'p_10' <Predicate = (!icmp_ln323)> <Delay = 0.00>
ST_2 : Operation 48 [1/1] (0.00ns)   --->   "%p_11 = partselect i8 @_ssdm_op_PartSelect.i8.i128.i32.i32, i128 %data_V, i32 96, i32 103"   --->   Operation 48 'partselect' 'p_11' <Predicate = (!icmp_ln323)> <Delay = 0.00>
ST_2 : Operation 49 [1/1] (0.00ns)   --->   "%p_12 = partselect i8 @_ssdm_op_PartSelect.i8.i128.i32.i32, i128 %data_V, i32 104, i32 111"   --->   Operation 49 'partselect' 'p_12' <Predicate = (!icmp_ln323)> <Delay = 0.00>
ST_2 : Operation 50 [1/1] (0.00ns)   --->   "%p_13 = partselect i8 @_ssdm_op_PartSelect.i8.i128.i32.i32, i128 %data_V, i32 112, i32 119"   --->   Operation 50 'partselect' 'p_13' <Predicate = (!icmp_ln323)> <Delay = 0.00>
ST_2 : Operation 51 [1/1] (0.00ns)   --->   "%p_14 = partselect i8 @_ssdm_op_PartSelect.i8.i128.i32.i32, i128 %data_V, i32 120, i32 127"   --->   Operation 51 'partselect' 'p_14' <Predicate = (!icmp_ln323)> <Delay = 0.00>
ST_2 : Operation 71 [1/1] (0.00ns)   --->   "%ret_ln0 = ret"   --->   Operation 71 'ret' 'ret_ln0' <Predicate = (icmp_ln323)> <Delay = 0.00>

State 3 <SV = 2> <Delay = 1.21>
ST_3 : Operation 52 [1/1] (0.00ns)   --->   "%specpipeline_ln325 = specpipeline void @_ssdm_op_SpecPipeline, i32 1, i32 0, i32 0, i32 0, void @empty_23" [/home/efrink/mled/split_cu/U280_CRC_Accelerator/src/kernel.cpp:325]   --->   Operation 52 'specpipeline' 'specpipeline_ln325' <Predicate = true> <Delay = 0.00>
ST_3 : Operation 53 [1/1] (0.00ns)   --->   "%specloopname_ln323 = specloopname void @_ssdm_op_SpecLoopName, void @empty_11" [/home/efrink/mled/split_cu/U280_CRC_Accelerator/src/kernel.cpp:323]   --->   Operation 53 'specloopname' 'specloopname_ln323' <Predicate = true> <Delay = 0.00>
ST_3 : Operation 54 [1/1] (1.21ns)   --->   "%write_ln174 = write void @_ssdm_op_Write.ap_fifo.volatile.i8P0A, i8 %inByte017, i8 %trunc_ln674" [/packages/apps/fpga/Vitis_HLS/2022.1/common/technology/autopilot/hls_stream_39.h:174]   --->   Operation 54 'write' 'write_ln174' <Predicate = true> <Delay = 1.21> <CoreInst = "FIFO_SRL">   --->   Core 81 'FIFO_SRL' <Latency = 0> <II = 1> <Delay = 1.35> <Storage> <Opcode : 'read' 'write' 'nbread' 'nbwrite'> <Ports = 0> <Width = 8> <Depth = 64> <FIFO>
ST_3 : Operation 55 [1/1] (1.21ns)   --->   "%write_ln174 = write void @_ssdm_op_Write.ap_fifo.volatile.i8P0A, i8 %inByte118, i8 %p_s" [/packages/apps/fpga/Vitis_HLS/2022.1/common/technology/autopilot/hls_stream_39.h:174]   --->   Operation 55 'write' 'write_ln174' <Predicate = true> <Delay = 1.21> <CoreInst = "FIFO_SRL">   --->   Core 81 'FIFO_SRL' <Latency = 0> <II = 1> <Delay = 1.35> <Storage> <Opcode : 'read' 'write' 'nbread' 'nbwrite'> <Ports = 0> <Width = 8> <Depth = 64> <FIFO>
ST_3 : Operation 56 [1/1] (1.21ns)   --->   "%write_ln174 = write void @_ssdm_op_Write.ap_fifo.volatile.i8P0A, i8 %inByte219, i8 %p_1" [/packages/apps/fpga/Vitis_HLS/2022.1/common/technology/autopilot/hls_stream_39.h:174]   --->   Operation 56 'write' 'write_ln174' <Predicate = true> <Delay = 1.21> <CoreInst = "FIFO_SRL">   --->   Core 81 'FIFO_SRL' <Latency = 0> <II = 1> <Delay = 1.35> <Storage> <Opcode : 'read' 'write' 'nbread' 'nbwrite'> <Ports = 0> <Width = 8> <Depth = 64> <FIFO>
ST_3 : Operation 57 [1/1] (1.21ns)   --->   "%write_ln174 = write void @_ssdm_op_Write.ap_fifo.volatile.i8P0A, i8 %inByte320, i8 %p_2" [/packages/apps/fpga/Vitis_HLS/2022.1/common/technology/autopilot/hls_stream_39.h:174]   --->   Operation 57 'write' 'write_ln174' <Predicate = true> <Delay = 1.21> <CoreInst = "FIFO_SRL">   --->   Core 81 'FIFO_SRL' <Latency = 0> <II = 1> <Delay = 1.35> <Storage> <Opcode : 'read' 'write' 'nbread' 'nbwrite'> <Ports = 0> <Width = 8> <Depth = 64> <FIFO>
ST_3 : Operation 58 [1/1] (1.21ns)   --->   "%write_ln174 = write void @_ssdm_op_Write.ap_fifo.volatile.i8P0A, i8 %inByte421, i8 %p_3" [/packages/apps/fpga/Vitis_HLS/2022.1/common/technology/autopilot/hls_stream_39.h:174]   --->   Operation 58 'write' 'write_ln174' <Predicate = true> <Delay = 1.21> <CoreInst = "FIFO_SRL">   --->   Core 81 'FIFO_SRL' <Latency = 0> <II = 1> <Delay = 1.35> <Storage> <Opcode : 'read' 'write' 'nbread' 'nbwrite'> <Ports = 0> <Width = 8> <Depth = 64> <FIFO>
ST_3 : Operation 59 [1/1] (1.21ns)   --->   "%write_ln174 = write void @_ssdm_op_Write.ap_fifo.volatile.i8P0A, i8 %inByte522, i8 %p_4" [/packages/apps/fpga/Vitis_HLS/2022.1/common/technology/autopilot/hls_stream_39.h:174]   --->   Operation 59 'write' 'write_ln174' <Predicate = true> <Delay = 1.21> <CoreInst = "FIFO_SRL">   --->   Core 81 'FIFO_SRL' <Latency = 0> <II = 1> <Delay = 1.35> <Storage> <Opcode : 'read' 'write' 'nbread' 'nbwrite'> <Ports = 0> <Width = 8> <Depth = 64> <FIFO>
ST_3 : Operation 60 [1/1] (1.21ns)   --->   "%write_ln174 = write void @_ssdm_op_Write.ap_fifo.volatile.i8P0A, i8 %inByte623, i8 %p_5" [/packages/apps/fpga/Vitis_HLS/2022.1/common/technology/autopilot/hls_stream_39.h:174]   --->   Operation 60 'write' 'write_ln174' <Predicate = true> <Delay = 1.21> <CoreInst = "FIFO_SRL">   --->   Core 81 'FIFO_SRL' <Latency = 0> <II = 1> <Delay = 1.35> <Storage> <Opcode : 'read' 'write' 'nbread' 'nbwrite'> <Ports = 0> <Width = 8> <Depth = 64> <FIFO>
ST_3 : Operation 61 [1/1] (1.21ns)   --->   "%write_ln174 = write void @_ssdm_op_Write.ap_fifo.volatile.i8P0A, i8 %inByte724, i8 %p_6" [/packages/apps/fpga/Vitis_HLS/2022.1/common/technology/autopilot/hls_stream_39.h:174]   --->   Operation 61 'write' 'write_ln174' <Predicate = true> <Delay = 1.21> <CoreInst = "FIFO_SRL">   --->   Core 81 'FIFO_SRL' <Latency = 0> <II = 1> <Delay = 1.35> <Storage> <Opcode : 'read' 'write' 'nbread' 'nbwrite'> <Ports = 0> <Width = 8> <Depth = 64> <FIFO>
ST_3 : Operation 62 [1/1] (1.21ns)   --->   "%write_ln174 = write void @_ssdm_op_Write.ap_fifo.volatile.i8P0A, i8 %inByte825, i8 %p_7" [/packages/apps/fpga/Vitis_HLS/2022.1/common/technology/autopilot/hls_stream_39.h:174]   --->   Operation 62 'write' 'write_ln174' <Predicate = true> <Delay = 1.21> <CoreInst = "FIFO_SRL">   --->   Core 81 'FIFO_SRL' <Latency = 0> <II = 1> <Delay = 1.35> <Storage> <Opcode : 'read' 'write' 'nbread' 'nbwrite'> <Ports = 0> <Width = 8> <Depth = 64> <FIFO>
ST_3 : Operation 63 [1/1] (1.21ns)   --->   "%write_ln174 = write void @_ssdm_op_Write.ap_fifo.volatile.i8P0A, i8 %inByte926, i8 %p_8" [/packages/apps/fpga/Vitis_HLS/2022.1/common/technology/autopilot/hls_stream_39.h:174]   --->   Operation 63 'write' 'write_ln174' <Predicate = true> <Delay = 1.21> <CoreInst = "FIFO_SRL">   --->   Core 81 'FIFO_SRL' <Latency = 0> <II = 1> <Delay = 1.35> <Storage> <Opcode : 'read' 'write' 'nbread' 'nbwrite'> <Ports = 0> <Width = 8> <Depth = 64> <FIFO>
ST_3 : Operation 64 [1/1] (1.21ns)   --->   "%write_ln174 = write void @_ssdm_op_Write.ap_fifo.volatile.i8P0A, i8 %inByte1027, i8 %p_9" [/packages/apps/fpga/Vitis_HLS/2022.1/common/technology/autopilot/hls_stream_39.h:174]   --->   Operation 64 'write' 'write_ln174' <Predicate = true> <Delay = 1.21> <CoreInst = "FIFO_SRL">   --->   Core 81 'FIFO_SRL' <Latency = 0> <II = 1> <Delay = 1.35> <Storage> <Opcode : 'read' 'write' 'nbread' 'nbwrite'> <Ports = 0> <Width = 8> <Depth = 64> <FIFO>
ST_3 : Operation 65 [1/1] (1.21ns)   --->   "%write_ln174 = write void @_ssdm_op_Write.ap_fifo.volatile.i8P0A, i8 %inByte1128, i8 %p_10" [/packages/apps/fpga/Vitis_HLS/2022.1/common/technology/autopilot/hls_stream_39.h:174]   --->   Operation 65 'write' 'write_ln174' <Predicate = true> <Delay = 1.21> <CoreInst = "FIFO_SRL">   --->   Core 81 'FIFO_SRL' <Latency = 0> <II = 1> <Delay = 1.35> <Storage> <Opcode : 'read' 'write' 'nbread' 'nbwrite'> <Ports = 0> <Width = 8> <Depth = 64> <FIFO>
ST_3 : Operation 66 [1/1] (1.21ns)   --->   "%write_ln174 = write void @_ssdm_op_Write.ap_fifo.volatile.i8P0A, i8 %inByte1229, i8 %p_11" [/packages/apps/fpga/Vitis_HLS/2022.1/common/technology/autopilot/hls_stream_39.h:174]   --->   Operation 66 'write' 'write_ln174' <Predicate = true> <Delay = 1.21> <CoreInst = "FIFO_SRL">   --->   Core 81 'FIFO_SRL' <Latency = 0> <II = 1> <Delay = 1.35> <Storage> <Opcode : 'read' 'write' 'nbread' 'nbwrite'> <Ports = 0> <Width = 8> <Depth = 64> <FIFO>
ST_3 : Operation 67 [1/1] (1.21ns)   --->   "%write_ln174 = write void @_ssdm_op_Write.ap_fifo.volatile.i8P0A, i8 %inByte1330, i8 %p_12" [/packages/apps/fpga/Vitis_HLS/2022.1/common/technology/autopilot/hls_stream_39.h:174]   --->   Operation 67 'write' 'write_ln174' <Predicate = true> <Delay = 1.21> <CoreInst = "FIFO_SRL">   --->   Core 81 'FIFO_SRL' <Latency = 0> <II = 1> <Delay = 1.35> <Storage> <Opcode : 'read' 'write' 'nbread' 'nbwrite'> <Ports = 0> <Width = 8> <Depth = 64> <FIFO>
ST_3 : Operation 68 [1/1] (1.21ns)   --->   "%write_ln174 = write void @_ssdm_op_Write.ap_fifo.volatile.i8P0A, i8 %inByte1431, i8 %p_13" [/packages/apps/fpga/Vitis_HLS/2022.1/common/technology/autopilot/hls_stream_39.h:174]   --->   Operation 68 'write' 'write_ln174' <Predicate = true> <Delay = 1.21> <CoreInst = "FIFO_SRL">   --->   Core 81 'FIFO_SRL' <Latency = 0> <II = 1> <Delay = 1.35> <Storage> <Opcode : 'read' 'write' 'nbread' 'nbwrite'> <Ports = 0> <Width = 8> <Depth = 64> <FIFO>
ST_3 : Operation 69 [1/1] (1.21ns)   --->   "%write_ln174 = write void @_ssdm_op_Write.ap_fifo.volatile.i8P0A, i8 %inByte1532, i8 %p_14" [/packages/apps/fpga/Vitis_HLS/2022.1/common/technology/autopilot/hls_stream_39.h:174]   --->   Operation 69 'write' 'write_ln174' <Predicate = true> <Delay = 1.21> <CoreInst = "FIFO_SRL">   --->   Core 81 'FIFO_SRL' <Latency = 0> <II = 1> <Delay = 1.35> <Storage> <Opcode : 'read' 'write' 'nbread' 'nbwrite'> <Ports = 0> <Width = 8> <Depth = 64> <FIFO>
ST_3 : Operation 70 [1/1] (0.00ns)   --->   "%br_ln323 = br void %for.inc" [/home/efrink/mled/split_cu/U280_CRC_Accelerator/src/kernel.cpp:323]   --->   Operation 70 'br' 'br_ln323' <Predicate = true> <Delay = 0.00>


============================================================
+ Verbose Summary: Binding
============================================================
STG Binding: 
---------------- STG Properties BEGIN ----------------
- Is combinational: 0
- Is one-state seq: 0
- Is datapath-only: 0
- Is pipelined: 0
- Is top level: 0
Port [ Return ] is wired: 1; IO mode=ap_ctrl_hs:ce=0
Port [ gmem0]:  wired=1; compound=1; hidden=0; nouse=0; global=0; static=0; extern=0; dir=0; type=4; pingpong=0; private_global=0; IO mode=m_axi:ce=0
Port [ sext_ln323]:  wired=1; compound=0; hidden=0; nouse=0; global=0; static=0; extern=0; dir=0; type=0; pingpong=0; private_global=0; IO mode=ap_none:ce=0
Port [ trunc_ln323_1]:  wired=1; compound=0; hidden=0; nouse=0; global=0; static=0; extern=0; dir=0; type=0; pingpong=0; private_global=0; IO mode=ap_none:ce=0
Port [ inByte017]:  wired=1; compound=1; hidden=0; nouse=0; global=0; static=0; extern=0; dir=1; type=3; pingpong=0; private_global=0; IO mode=ap_fifo:ce=0
Port [ inByte118]:  wired=1; compound=1; hidden=0; nouse=0; global=0; static=0; extern=0; dir=1; type=3; pingpong=0; private_global=0; IO mode=ap_fifo:ce=0
Port [ inByte219]:  wired=1; compound=1; hidden=0; nouse=0; global=0; static=0; extern=0; dir=1; type=3; pingpong=0; private_global=0; IO mode=ap_fifo:ce=0
Port [ inByte320]:  wired=1; compound=1; hidden=0; nouse=0; global=0; static=0; extern=0; dir=1; type=3; pingpong=0; private_global=0; IO mode=ap_fifo:ce=0
Port [ inByte421]:  wired=1; compound=1; hidden=0; nouse=0; global=0; static=0; extern=0; dir=1; type=3; pingpong=0; private_global=0; IO mode=ap_fifo:ce=0
Port [ inByte522]:  wired=1; compound=1; hidden=0; nouse=0; global=0; static=0; extern=0; dir=1; type=3; pingpong=0; private_global=0; IO mode=ap_fifo:ce=0
Port [ inByte623]:  wired=1; compound=1; hidden=0; nouse=0; global=0; static=0; extern=0; dir=1; type=3; pingpong=0; private_global=0; IO mode=ap_fifo:ce=0
Port [ inByte724]:  wired=1; compound=1; hidden=0; nouse=0; global=0; static=0; extern=0; dir=1; type=3; pingpong=0; private_global=0; IO mode=ap_fifo:ce=0
Port [ inByte825]:  wired=1; compound=1; hidden=0; nouse=0; global=0; static=0; extern=0; dir=1; type=3; pingpong=0; private_global=0; IO mode=ap_fifo:ce=0
Port [ inByte926]:  wired=1; compound=1; hidden=0; nouse=0; global=0; static=0; extern=0; dir=1; type=3; pingpong=0; private_global=0; IO mode=ap_fifo:ce=0
Port [ inByte1027]:  wired=1; compound=1; hidden=0; nouse=0; global=0; static=0; extern=0; dir=1; type=3; pingpong=0; private_global=0; IO mode=ap_fifo:ce=0
Port [ inByte1128]:  wired=1; compound=1; hidden=0; nouse=0; global=0; static=0; extern=0; dir=1; type=3; pingpong=0; private_global=0; IO mode=ap_fifo:ce=0
Port [ inByte1229]:  wired=1; compound=1; hidden=0; nouse=0; global=0; static=0; extern=0; dir=1; type=3; pingpong=0; private_global=0; IO mode=ap_fifo:ce=0
Port [ inByte1330]:  wired=1; compound=1; hidden=0; nouse=0; global=0; static=0; extern=0; dir=1; type=3; pingpong=0; private_global=0; IO mode=ap_fifo:ce=0
Port [ inByte1431]:  wired=1; compound=1; hidden=0; nouse=0; global=0; static=0; extern=0; dir=1; type=3; pingpong=0; private_global=0; IO mode=ap_fifo:ce=0
Port [ inByte1532]:  wired=1; compound=1; hidden=0; nouse=0; global=0; static=0; extern=0; dir=1; type=3; pingpong=0; private_global=0; IO mode=ap_fifo:ce=0
---------------- STG Properties END ------------------

---------------- Datapath Model BEGIN ----------------

<LifeTime>
<method=bitvector/>
i                  (alloca       ) [ 0100]
trunc_ln323_1_read (read         ) [ 0000]
sext_ln323_read    (read         ) [ 0000]
sext_ln323_cast    (sext         ) [ 0110]
specinterface_ln0  (specinterface) [ 0000]
specinterface_ln0  (specinterface) [ 0000]
specinterface_ln0  (specinterface) [ 0000]
specinterface_ln0  (specinterface) [ 0000]
specinterface_ln0  (specinterface) [ 0000]
specinterface_ln0  (specinterface) [ 0000]
specinterface_ln0  (specinterface) [ 0000]
specinterface_ln0  (specinterface) [ 0000]
specinterface_ln0  (specinterface) [ 0000]
specinterface_ln0  (specinterface) [ 0000]
specinterface_ln0  (specinterface) [ 0000]
specinterface_ln0  (specinterface) [ 0000]
specinterface_ln0  (specinterface) [ 0000]
specinterface_ln0  (specinterface) [ 0000]
specinterface_ln0  (specinterface) [ 0000]
specinterface_ln0  (specinterface) [ 0000]
specinterface_ln0  (specinterface) [ 0000]
store_ln0          (store        ) [ 0000]
br_ln0             (br           ) [ 0000]
i_2                (load         ) [ 0000]
icmp_ln323         (icmp         ) [ 0110]
add_ln323          (add          ) [ 0000]
br_ln323           (br           ) [ 0000]
store_ln323        (store        ) [ 0000]
gmem0_addr         (getelementptr) [ 0000]
data_V             (read         ) [ 0000]
trunc_ln674        (trunc        ) [ 0101]
p_s                (partselect   ) [ 0101]
p_1                (partselect   ) [ 0101]
p_2                (partselect   ) [ 0101]
p_3                (partselect   ) [ 0101]
p_4                (partselect   ) [ 0101]
p_5                (partselect   ) [ 0101]
p_6                (partselect   ) [ 0101]
p_7                (partselect   ) [ 0101]
p_8                (partselect   ) [ 0101]
p_9                (partselect   ) [ 0101]
p_10               (partselect   ) [ 0101]
p_11               (partselect   ) [ 0101]
p_12               (partselect   ) [ 0101]
p_13               (partselect   ) [ 0101]
p_14               (partselect   ) [ 0101]
specpipeline_ln325 (specpipeline ) [ 0000]
specloopname_ln323 (specloopname ) [ 0000]
write_ln174        (write        ) [ 0000]
write_ln174        (write        ) [ 0000]
write_ln174        (write        ) [ 0000]
write_ln174        (write        ) [ 0000]
write_ln174        (write        ) [ 0000]
write_ln174        (write        ) [ 0000]
write_ln174        (write        ) [ 0000]
write_ln174        (write        ) [ 0000]
write_ln174        (write        ) [ 0000]
write_ln174        (write        ) [ 0000]
write_ln174        (write        ) [ 0000]
write_ln174        (write        ) [ 0000]
write_ln174        (write        ) [ 0000]
write_ln174        (write        ) [ 0000]
write_ln174        (write        ) [ 0000]
write_ln174        (write        ) [ 0000]
br_ln323           (br           ) [ 0000]
ret_ln0            (ret          ) [ 0000]
</LifeTime>

<model>

<comp_list>
<comp id="0" class="1000" name="gmem0">
<pin_list>
<pin id="1" dir="1" index="0" bw="1" slack="0"/>
</pin_list>
<bind>
<StgValue><ssdm name="gmem0"/></StgValue>
</bind>
</comp>

<comp id="2" class="1000" name="sext_ln323">
<pin_list>
<pin id="3" dir="1" index="0" bw="1" slack="0"/>
</pin_list>
<bind>
<StgValue><ssdm name="sext_ln323"/></StgValue>
</bind>
</comp>

<comp id="4" class="1000" name="trunc_ln323_1">
<pin_list>
<pin id="5" dir="1" index="0" bw="1" slack="0"/>
</pin_list>
<bind>
<StgValue><ssdm name="trunc_ln323_1"/></StgValue>
</bind>
</comp>

<comp id="6" class="1000" name="inByte017">
<pin_list>
<pin id="7" dir="1" index="0" bw="1" slack="0"/>
</pin_list>
<bind>
<StgValue><ssdm name="inByte017"/></StgValue>
</bind>
</comp>

<comp id="8" class="1000" name="inByte118">
<pin_list>
<pin id="9" dir="1" index="0" bw="1" slack="0"/>
</pin_list>
<bind>
<StgValue><ssdm name="inByte118"/></StgValue>
</bind>
</comp>

<comp id="10" class="1000" name="inByte219">
<pin_list>
<pin id="11" dir="1" index="0" bw="1" slack="0"/>
</pin_list>
<bind>
<StgValue><ssdm name="inByte219"/></StgValue>
</bind>
</comp>

<comp id="12" class="1000" name="inByte320">
<pin_list>
<pin id="13" dir="1" index="0" bw="1" slack="0"/>
</pin_list>
<bind>
<StgValue><ssdm name="inByte320"/></StgValue>
</bind>
</comp>

<comp id="14" class="1000" name="inByte421">
<pin_list>
<pin id="15" dir="1" index="0" bw="1" slack="0"/>
</pin_list>
<bind>
<StgValue><ssdm name="inByte421"/></StgValue>
</bind>
</comp>

<comp id="16" class="1000" name="inByte522">
<pin_list>
<pin id="17" dir="1" index="0" bw="1" slack="0"/>
</pin_list>
<bind>
<StgValue><ssdm name="inByte522"/></StgValue>
</bind>
</comp>

<comp id="18" class="1000" name="inByte623">
<pin_list>
<pin id="19" dir="1" index="0" bw="1" slack="0"/>
</pin_list>
<bind>
<StgValue><ssdm name="inByte623"/></StgValue>
</bind>
</comp>

<comp id="20" class="1000" name="inByte724">
<pin_list>
<pin id="21" dir="1" index="0" bw="1" slack="0"/>
</pin_list>
<bind>
<StgValue><ssdm name="inByte724"/></StgValue>
</bind>
</comp>

<comp id="22" class="1000" name="inByte825">
<pin_list>
<pin id="23" dir="1" index="0" bw="1" slack="0"/>
</pin_list>
<bind>
<StgValue><ssdm name="inByte825"/></StgValue>
</bind>
</comp>

<comp id="24" class="1000" name="inByte926">
<pin_list>
<pin id="25" dir="1" index="0" bw="1" slack="0"/>
</pin_list>
<bind>
<StgValue><ssdm name="inByte926"/></StgValue>
</bind>
</comp>

<comp id="26" class="1000" name="inByte1027">
<pin_list>
<pin id="27" dir="1" index="0" bw="1" slack="0"/>
</pin_list>
<bind>
<StgValue><ssdm name="inByte1027"/></StgValue>
</bind>
</comp>

<comp id="28" class="1000" name="inByte1128">
<pin_list>
<pin id="29" dir="1" index="0" bw="1" slack="0"/>
</pin_list>
<bind>
<StgValue><ssdm name="inByte1128"/></StgValue>
</bind>
</comp>

<comp id="30" class="1000" name="inByte1229">
<pin_list>
<pin id="31" dir="1" index="0" bw="1" slack="0"/>
</pin_list>
<bind>
<StgValue><ssdm name="inByte1229"/></StgValue>
</bind>
</comp>

<comp id="32" class="1000" name="inByte1330">
<pin_list>
<pin id="33" dir="1" index="0" bw="1" slack="0"/>
</pin_list>
<bind>
<StgValue><ssdm name="inByte1330"/></StgValue>
</bind>
</comp>

<comp id="34" class="1000" name="inByte1431">
<pin_list>
<pin id="35" dir="1" index="0" bw="1" slack="0"/>
</pin_list>
<bind>
<StgValue><ssdm name="inByte1431"/></StgValue>
</bind>
</comp>

<comp id="36" class="1000" name="inByte1532">
<pin_list>
<pin id="37" dir="1" index="0" bw="1" slack="0"/>
</pin_list>
<bind>
<StgValue><ssdm name="inByte1532"/></StgValue>
</bind>
</comp>

<comp id="38" class="1001" name="const_38">
<pin_list>
<pin id="39" dir="1" index="0" bw="1" slack="0"/>
</pin_list>
<bind>
<StgValue><ssdm name=""/></StgValue>
</bind>
</comp>

<comp id="40" class="1001" name="const_40">
<pin_list>
<pin id="41" dir="1" index="0" bw="1" slack="0"/>
</pin_list>
<bind>
<StgValue><ssdm name="_ssdm_op_Read.ap_auto.i27"/></StgValue>
</bind>
</comp>

<comp id="42" class="1001" name="const_42">
<pin_list>
<pin id="43" dir="1" index="0" bw="1" slack="0"/>
</pin_list>
<bind>
<StgValue><ssdm name="_ssdm_op_Read.ap_auto.i60"/></StgValue>
</bind>
</comp>

<comp id="44" class="1001" name="const_44">
<pin_list>
<pin id="45" dir="1" index="0" bw="1" slack="2147483647"/>
</pin_list>
<bind>
<StgValue><ssdm name="_ssdm_op_SpecInterface"/></StgValue>
</bind>
</comp>

<comp id="46" class="1001" name="const_46">
<pin_list>
<pin id="47" dir="1" index="0" bw="1" slack="2147483647"/>
</pin_list>
<bind>
<StgValue><ssdm name="empty_22"/></StgValue>
</bind>
</comp>

<comp id="48" class="1001" name="const_48">
<pin_list>
<pin id="49" dir="1" index="0" bw="1" slack="2147483647"/>
</pin_list>
<bind>
<StgValue><ssdm name=""/></StgValue>
</bind>
</comp>

<comp id="50" class="1001" name="const_50">
<pin_list>
<pin id="51" dir="1" index="0" bw="1" slack="2147483647"/>
</pin_list>
<bind>
<StgValue><ssdm name="empty_23"/></StgValue>
</bind>
</comp>

<comp id="52" class="1001" name="const_52">
<pin_list>
<pin id="53" dir="1" index="0" bw="1" slack="0"/>
</pin_list>
<bind>
<StgValue><ssdm name=""/></StgValue>
</bind>
</comp>

<comp id="54" class="1001" name="const_54">
<pin_list>
<pin id="55" dir="1" index="0" bw="1" slack="2147483647"/>
</pin_list>
<bind>
<StgValue><ssdm name=""/></StgValue>
</bind>
</comp>

<comp id="56" class="1001" name="const_56">
<pin_list>
<pin id="57" dir="1" index="0" bw="1" slack="2147483647"/>
</pin_list>
<bind>
<StgValue><ssdm name="empty"/></StgValue>
</bind>
</comp>

<comp id="58" class="1001" name="const_58">
<pin_list>
<pin id="59" dir="1" index="0" bw="1" slack="2147483647"/>
</pin_list>
<bind>
<StgValue><ssdm name="empty_2"/></StgValue>
</bind>
</comp>

<comp id="60" class="1001" name="const_60">
<pin_list>
<pin id="61" dir="1" index="0" bw="1" slack="0"/>
</pin_list>
<bind>
<StgValue><ssdm name=""/></StgValue>
</bind>
</comp>

<comp id="62" class="1001" name="const_62">
<pin_list>
<pin id="63" dir="1" index="0" bw="1" slack="2147483647"/>
</pin_list>
<bind>
<StgValue><ssdm name=""/></StgValue>
</bind>
</comp>

<comp id="64" class="1001" name="const_64">
<pin_list>
<pin id="65" dir="1" index="0" bw="1" slack="2147483647"/>
</pin_list>
<bind>
<StgValue><ssdm name="empty_3"/></StgValue>
</bind>
</comp>

<comp id="66" class="1001" name="const_66">
<pin_list>
<pin id="67" dir="1" index="0" bw="1" slack="0"/>
</pin_list>
<bind>
<StgValue><ssdm name=""/></StgValue>
</bind>
</comp>

<comp id="68" class="1001" name="const_68">
<pin_list>
<pin id="69" dir="1" index="0" bw="1" slack="0"/>
</pin_list>
<bind>
<StgValue><ssdm name=""/></StgValue>
</bind>
</comp>

<comp id="70" class="1001" name="const_70">
<pin_list>
<pin id="71" dir="1" index="0" bw="1" slack="0"/>
</pin_list>
<bind>
<StgValue><ssdm name="_ssdm_op_Read.m_axi.p1i128"/></StgValue>
</bind>
</comp>

<comp id="72" class="1001" name="const_72">
<pin_list>
<pin id="73" dir="1" index="0" bw="1" slack="0"/>
</pin_list>
<bind>
<StgValue><ssdm name="_ssdm_op_PartSelect.i8.i128.i32.i32"/></StgValue>
</bind>
</comp>

<comp id="74" class="1001" name="const_74">
<pin_list>
<pin id="75" dir="1" index="0" bw="1" slack="0"/>
</pin_list>
<bind>
<StgValue><ssdm name=""/></StgValue>
</bind>
</comp>

<comp id="76" class="1001" name="const_76">
<pin_list>
<pin id="77" dir="1" index="0" bw="1" slack="0"/>
</pin_list>
<bind>
<StgValue><ssdm name=""/></StgValue>
</bind>
</comp>

<comp id="78" class="1001" name="const_78">
<pin_list>
<pin id="79" dir="1" index="0" bw="1" slack="0"/>
</pin_list>
<bind>
<StgValue><ssdm name=""/></StgValue>
</bind>
</comp>

<comp id="80" class="1001" name="const_80">
<pin_list>
<pin id="81" dir="1" index="0" bw="1" slack="0"/>
</pin_list>
<bind>
<StgValue><ssdm name=""/></StgValue>
</bind>
</comp>

<comp id="82" class="1001" name="const_82">
<pin_list>
<pin id="83" dir="1" index="0" bw="1" slack="0"/>
</pin_list>
<bind>
<StgValue><ssdm name=""/></StgValue>
</bind>
</comp>

<comp id="84" class="1001" name="const_84">
<pin_list>
<pin id="85" dir="1" index="0" bw="1" slack="0"/>
</pin_list>
<bind>
<StgValue><ssdm name=""/></StgValue>
</bind>
</comp>

<comp id="86" class="1001" name="const_86">
<pin_list>
<pin id="87" dir="1" index="0" bw="1" slack="0"/>
</pin_list>
<bind>
<StgValue><ssdm name=""/></StgValue>
</bind>
</comp>

<comp id="88" class="1001" name="const_88">
<pin_list>
<pin id="89" dir="1" index="0" bw="1" slack="0"/>
</pin_list>
<bind>
<StgValue><ssdm name=""/></StgValue>
</bind>
</comp>

<comp id="90" class="1001" name="const_90">
<pin_list>
<pin id="91" dir="1" index="0" bw="1" slack="0"/>
</pin_list>
<bind>
<StgValue><ssdm name=""/></StgValue>
</bind>
</comp>

<comp id="92" class="1001" name="const_92">
<pin_list>
<pin id="93" dir="1" index="0" bw="1" slack="0"/>
</pin_list>
<bind>
<StgValue><ssdm name=""/></StgValue>
</bind>
</comp>

<comp id="94" class="1001" name="const_94">
<pin_list>
<pin id="95" dir="1" index="0" bw="1" slack="0"/>
</pin_list>
<bind>
<StgValue><ssdm name=""/></StgValue>
</bind>
</comp>

<comp id="96" class="1001" name="const_96">
<pin_list>
<pin id="97" dir="1" index="0" bw="1" slack="0"/>
</pin_list>
<bind>
<StgValue><ssdm name=""/></StgValue>
</bind>
</comp>

<comp id="98" class="1001" name="const_98">
<pin_list>
<pin id="99" dir="1" index="0" bw="1" slack="0"/>
</pin_list>
<bind>
<StgValue><ssdm name=""/></StgValue>
</bind>
</comp>

<comp id="100" class="1001" name="const_100">
<pin_list>
<pin id="101" dir="1" index="0" bw="1" slack="0"/>
</pin_list>
<bind>
<StgValue><ssdm name=""/></StgValue>
</bind>
</comp>

<comp id="102" class="1001" name="const_102">
<pin_list>
<pin id="103" dir="1" index="0" bw="1" slack="0"/>
</pin_list>
<bind>
<StgValue><ssdm name=""/></StgValue>
</bind>
</comp>

<comp id="104" class="1001" name="const_104">
<pin_list>
<pin id="105" dir="1" index="0" bw="1" slack="0"/>
</pin_list>
<bind>
<StgValue><ssdm name=""/></StgValue>
</bind>
</comp>

<comp id="106" class="1001" name="const_106">
<pin_list>
<pin id="107" dir="1" index="0" bw="1" slack="0"/>
</pin_list>
<bind>
<StgValue><ssdm name=""/></StgValue>
</bind>
</comp>

<comp id="108" class="1001" name="const_108">
<pin_list>
<pin id="109" dir="1" index="0" bw="1" slack="0"/>
</pin_list>
<bind>
<StgValue><ssdm name=""/></StgValue>
</bind>
</comp>

<comp id="110" class="1001" name="const_110">
<pin_list>
<pin id="111" dir="1" index="0" bw="1" slack="0"/>
</pin_list>
<bind>
<StgValue><ssdm name=""/></StgValue>
</bind>
</comp>

<comp id="112" class="1001" name="const_112">
<pin_list>
<pin id="113" dir="1" index="0" bw="1" slack="0"/>
</pin_list>
<bind>
<StgValue><ssdm name=""/></StgValue>
</bind>
</comp>

<comp id="114" class="1001" name="const_114">
<pin_list>
<pin id="115" dir="1" index="0" bw="1" slack="0"/>
</pin_list>
<bind>
<StgValue><ssdm name=""/></StgValue>
</bind>
</comp>

<comp id="116" class="1001" name="const_116">
<pin_list>
<pin id="117" dir="1" index="0" bw="1" slack="0"/>
</pin_list>
<bind>
<StgValue><ssdm name=""/></StgValue>
</bind>
</comp>

<comp id="118" class="1001" name="const_118">
<pin_list>
<pin id="119" dir="1" index="0" bw="1" slack="0"/>
</pin_list>
<bind>
<StgValue><ssdm name=""/></StgValue>
</bind>
</comp>

<comp id="120" class="1001" name="const_120">
<pin_list>
<pin id="121" dir="1" index="0" bw="1" slack="0"/>
</pin_list>
<bind>
<StgValue><ssdm name=""/></StgValue>
</bind>
</comp>

<comp id="122" class="1001" name="const_122">
<pin_list>
<pin id="123" dir="1" index="0" bw="1" slack="0"/>
</pin_list>
<bind>
<StgValue><ssdm name=""/></StgValue>
</bind>
</comp>

<comp id="124" class="1001" name="const_124">
<pin_list>
<pin id="125" dir="1" index="0" bw="1" slack="0"/>
</pin_list>
<bind>
<StgValue><ssdm name=""/></StgValue>
</bind>
</comp>

<comp id="126" class="1001" name="const_126">
<pin_list>
<pin id="127" dir="1" index="0" bw="1" slack="0"/>
</pin_list>
<bind>
<StgValue><ssdm name=""/></StgValue>
</bind>
</comp>

<comp id="128" class="1001" name="const_128">
<pin_list>
<pin id="129" dir="1" index="0" bw="1" slack="0"/>
</pin_list>
<bind>
<StgValue><ssdm name=""/></StgValue>
</bind>
</comp>

<comp id="130" class="1001" name="const_130">
<pin_list>
<pin id="131" dir="1" index="0" bw="1" slack="2147483647"/>
</pin_list>
<bind>
<StgValue><ssdm name="_ssdm_op_SpecPipeline"/></StgValue>
</bind>
</comp>

<comp id="132" class="1001" name="const_132">
<pin_list>
<pin id="133" dir="1" index="0" bw="1" slack="2147483647"/>
</pin_list>
<bind>
<StgValue><ssdm name="_ssdm_op_SpecLoopName"/></StgValue>
</bind>
</comp>

<comp id="134" class="1001" name="const_134">
<pin_list>
<pin id="135" dir="1" index="0" bw="1" slack="2147483647"/>
</pin_list>
<bind>
<StgValue><ssdm name="empty_11"/></StgValue>
</bind>
</comp>

<comp id="136" class="1001" name="const_136">
<pin_list>
<pin id="137" dir="1" index="0" bw="1" slack="0"/>
</pin_list>
<bind>
<StgValue><ssdm name="_ssdm_op_Write.ap_fifo.volatile.i8P0A"/></StgValue>
</bind>
</comp>

<comp id="138" class="1004" name="i_fu_138">
<pin_list>
<pin id="139" dir="0" index="0" bw="1" slack="0"/>
<pin id="140" dir="1" index="1" bw="27" slack="0"/>
</pin_list>
<bind>
<opcode="alloca(26) " fcode="alloca"/>
<opset="i/1 "/>
</bind>
</comp>

<comp id="142" class="1004" name="trunc_ln323_1_read_read_fu_142">
<pin_list>
<pin id="143" dir="0" index="0" bw="27" slack="0"/>
<pin id="144" dir="0" index="1" bw="27" slack="0"/>
<pin id="145" dir="1" index="2" bw="27" slack="0"/>
</pin_list>
<bind>
<opcode="read(1150) " fcode="read"/>
<opset="trunc_ln323_1_read/1 "/>
</bind>
</comp>

<comp id="148" class="1004" name="sext_ln323_read_read_fu_148">
<pin_list>
<pin id="149" dir="0" index="0" bw="60" slack="0"/>
<pin id="150" dir="0" index="1" bw="60" slack="0"/>
<pin id="151" dir="1" index="2" bw="60" slack="0"/>
</pin_list>
<bind>
<opcode="read(1150) " fcode="read"/>
<opset="sext_ln323_read/1 "/>
</bind>
</comp>

<comp id="154" class="1004" name="data_V_read_fu_154">
<pin_list>
<pin id="155" dir="0" index="0" bw="128" slack="0"/>
<pin id="156" dir="0" index="1" bw="128" slack="0"/>
<pin id="157" dir="1" index="2" bw="128" slack="0"/>
</pin_list>
<bind>
<opcode="read(1150) " fcode="read"/>
<opset="data_V/2 "/>
</bind>
</comp>

<comp id="159" class="1004" name="write_ln174_write_fu_159">
<pin_list>
<pin id="160" dir="0" index="0" bw="0" slack="0"/>
<pin id="161" dir="0" index="1" bw="8" slack="0"/>
<pin id="162" dir="0" index="2" bw="8" slack="1"/>
<pin id="163" dir="1" index="3" bw="0" slack="2147483647"/>
</pin_list>
<bind>
<opcode="write(1151) " fcode="write"/>
<opset="write_ln174/3 "/>
</bind>
</comp>

<comp id="166" class="1004" name="write_ln174_write_fu_166">
<pin_list>
<pin id="167" dir="0" index="0" bw="0" slack="0"/>
<pin id="168" dir="0" index="1" bw="8" slack="0"/>
<pin id="169" dir="0" index="2" bw="8" slack="1"/>
<pin id="170" dir="1" index="3" bw="0" slack="2147483647"/>
</pin_list>
<bind>
<opcode="write(1151) " fcode="write"/>
<opset="write_ln174/3 "/>
</bind>
</comp>

<comp id="173" class="1004" name="write_ln174_write_fu_173">
<pin_list>
<pin id="174" dir="0" index="0" bw="0" slack="0"/>
<pin id="175" dir="0" index="1" bw="8" slack="0"/>
<pin id="176" dir="0" index="2" bw="8" slack="1"/>
<pin id="177" dir="1" index="3" bw="0" slack="2147483647"/>
</pin_list>
<bind>
<opcode="write(1151) " fcode="write"/>
<opset="write_ln174/3 "/>
</bind>
</comp>

<comp id="180" class="1004" name="write_ln174_write_fu_180">
<pin_list>
<pin id="181" dir="0" index="0" bw="0" slack="0"/>
<pin id="182" dir="0" index="1" bw="8" slack="0"/>
<pin id="183" dir="0" index="2" bw="8" slack="1"/>
<pin id="184" dir="1" index="3" bw="0" slack="2147483647"/>
</pin_list>
<bind>
<opcode="write(1151) " fcode="write"/>
<opset="write_ln174/3 "/>
</bind>
</comp>

<comp id="187" class="1004" name="write_ln174_write_fu_187">
<pin_list>
<pin id="188" dir="0" index="0" bw="0" slack="0"/>
<pin id="189" dir="0" index="1" bw="8" slack="0"/>
<pin id="190" dir="0" index="2" bw="8" slack="1"/>
<pin id="191" dir="1" index="3" bw="0" slack="2147483647"/>
</pin_list>
<bind>
<opcode="write(1151) " fcode="write"/>
<opset="write_ln174/3 "/>
</bind>
</comp>

<comp id="194" class="1004" name="write_ln174_write_fu_194">
<pin_list>
<pin id="195" dir="0" index="0" bw="0" slack="0"/>
<pin id="196" dir="0" index="1" bw="8" slack="0"/>
<pin id="197" dir="0" index="2" bw="8" slack="1"/>
<pin id="198" dir="1" index="3" bw="0" slack="2147483647"/>
</pin_list>
<bind>
<opcode="write(1151) " fcode="write"/>
<opset="write_ln174/3 "/>
</bind>
</comp>

<comp id="201" class="1004" name="write_ln174_write_fu_201">
<pin_list>
<pin id="202" dir="0" index="0" bw="0" slack="0"/>
<pin id="203" dir="0" index="1" bw="8" slack="0"/>
<pin id="204" dir="0" index="2" bw="8" slack="1"/>
<pin id="205" dir="1" index="3" bw="0" slack="2147483647"/>
</pin_list>
<bind>
<opcode="write(1151) " fcode="write"/>
<opset="write_ln174/3 "/>
</bind>
</comp>

<comp id="208" class="1004" name="write_ln174_write_fu_208">
<pin_list>
<pin id="209" dir="0" index="0" bw="0" slack="0"/>
<pin id="210" dir="0" index="1" bw="8" slack="0"/>
<pin id="211" dir="0" index="2" bw="8" slack="1"/>
<pin id="212" dir="1" index="3" bw="0" slack="2147483647"/>
</pin_list>
<bind>
<opcode="write(1151) " fcode="write"/>
<opset="write_ln174/3 "/>
</bind>
</comp>

<comp id="215" class="1004" name="write_ln174_write_fu_215">
<pin_list>
<pin id="216" dir="0" index="0" bw="0" slack="0"/>
<pin id="217" dir="0" index="1" bw="8" slack="0"/>
<pin id="218" dir="0" index="2" bw="8" slack="1"/>
<pin id="219" dir="1" index="3" bw="0" slack="2147483647"/>
</pin_list>
<bind>
<opcode="write(1151) " fcode="write"/>
<opset="write_ln174/3 "/>
</bind>
</comp>

<comp id="222" class="1004" name="write_ln174_write_fu_222">
<pin_list>
<pin id="223" dir="0" index="0" bw="0" slack="0"/>
<pin id="224" dir="0" index="1" bw="8" slack="0"/>
<pin id="225" dir="0" index="2" bw="8" slack="1"/>
<pin id="226" dir="1" index="3" bw="0" slack="2147483647"/>
</pin_list>
<bind>
<opcode="write(1151) " fcode="write"/>
<opset="write_ln174/3 "/>
</bind>
</comp>

<comp id="229" class="1004" name="write_ln174_write_fu_229">
<pin_list>
<pin id="230" dir="0" index="0" bw="0" slack="0"/>
<pin id="231" dir="0" index="1" bw="8" slack="0"/>
<pin id="232" dir="0" index="2" bw="8" slack="1"/>
<pin id="233" dir="1" index="3" bw="0" slack="2147483647"/>
</pin_list>
<bind>
<opcode="write(1151) " fcode="write"/>
<opset="write_ln174/3 "/>
</bind>
</comp>

<comp id="236" class="1004" name="write_ln174_write_fu_236">
<pin_list>
<pin id="237" dir="0" index="0" bw="0" slack="0"/>
<pin id="238" dir="0" index="1" bw="8" slack="0"/>
<pin id="239" dir="0" index="2" bw="8" slack="1"/>
<pin id="240" dir="1" index="3" bw="0" slack="2147483647"/>
</pin_list>
<bind>
<opcode="write(1151) " fcode="write"/>
<opset="write_ln174/3 "/>
</bind>
</comp>

<comp id="243" class="1004" name="write_ln174_write_fu_243">
<pin_list>
<pin id="244" dir="0" index="0" bw="0" slack="0"/>
<pin id="245" dir="0" index="1" bw="8" slack="0"/>
<pin id="246" dir="0" index="2" bw="8" slack="1"/>
<pin id="247" dir="1" index="3" bw="0" slack="2147483647"/>
</pin_list>
<bind>
<opcode="write(1151) " fcode="write"/>
<opset="write_ln174/3 "/>
</bind>
</comp>

<comp id="250" class="1004" name="write_ln174_write_fu_250">
<pin_list>
<pin id="251" dir="0" index="0" bw="0" slack="0"/>
<pin id="252" dir="0" index="1" bw="8" slack="0"/>
<pin id="253" dir="0" index="2" bw="8" slack="1"/>
<pin id="254" dir="1" index="3" bw="0" slack="2147483647"/>
</pin_list>
<bind>
<opcode="write(1151) " fcode="write"/>
<opset="write_ln174/3 "/>
</bind>
</comp>

<comp id="257" class="1004" name="write_ln174_write_fu_257">
<pin_list>
<pin id="258" dir="0" index="0" bw="0" slack="0"/>
<pin id="259" dir="0" index="1" bw="8" slack="0"/>
<pin id="260" dir="0" index="2" bw="8" slack="1"/>
<pin id="261" dir="1" index="3" bw="0" slack="2147483647"/>
</pin_list>
<bind>
<opcode="write(1151) " fcode="write"/>
<opset="write_ln174/3 "/>
</bind>
</comp>

<comp id="264" class="1004" name="write_ln174_write_fu_264">
<pin_list>
<pin id="265" dir="0" index="0" bw="0" slack="0"/>
<pin id="266" dir="0" index="1" bw="8" slack="0"/>
<pin id="267" dir="0" index="2" bw="8" slack="1"/>
<pin id="268" dir="1" index="3" bw="0" slack="2147483647"/>
</pin_list>
<bind>
<opcode="write(1151) " fcode="write"/>
<opset="write_ln174/3 "/>
</bind>
</comp>

<comp id="271" class="1004" name="sext_ln323_cast_fu_271">
<pin_list>
<pin id="272" dir="0" index="0" bw="60" slack="0"/>
<pin id="273" dir="1" index="1" bw="64" slack="1"/>
</pin_list>
<bind>
<opcode="sext(35) " fcode="sext"/>
<opset="sext_ln323_cast/1 "/>
</bind>
</comp>

<comp id="275" class="1004" name="store_ln0_store_fu_275">
<pin_list>
<pin id="276" dir="0" index="0" bw="1" slack="0"/>
<pin id="277" dir="0" index="1" bw="27" slack="0"/>
<pin id="278" dir="1" index="2" bw="0" slack="2147483647"/>
</pin_list>
<bind>
<opcode="store(28) " fcode="store"/>
<opset="store_ln0/1 "/>
</bind>
</comp>

<comp id="280" class="1004" name="i_2_load_fu_280">
<pin_list>
<pin id="281" dir="0" index="0" bw="27" slack="0"/>
<pin id="282" dir="1" index="1" bw="27" slack="0"/>
</pin_list>
<bind>
<opcode="load(27) " fcode="load"/>
<opset="i_2/1 "/>
</bind>
</comp>

<comp id="283" class="1004" name="icmp_ln323_fu_283">
<pin_list>
<pin id="284" dir="0" index="0" bw="27" slack="0"/>
<pin id="285" dir="0" index="1" bw="27" slack="0"/>
<pin id="286" dir="1" index="2" bw="1" slack="1"/>
</pin_list>
<bind>
<opcode="icmp(45) " fcode="icmp"/>
<opset="icmp_ln323/1 "/>
</bind>
</comp>

<comp id="289" class="1004" name="add_ln323_fu_289">
<pin_list>
<pin id="290" dir="0" index="0" bw="27" slack="0"/>
<pin id="291" dir="0" index="1" bw="1" slack="0"/>
<pin id="292" dir="1" index="2" bw="27" slack="0"/>
</pin_list>
<bind>
<opcode="add(8) " fcode="add"/>
<opset="add_ln323/1 "/>
</bind>
</comp>

<comp id="295" class="1004" name="store_ln323_store_fu_295">
<pin_list>
<pin id="296" dir="0" index="0" bw="27" slack="0"/>
<pin id="297" dir="0" index="1" bw="27" slack="0"/>
<pin id="298" dir="1" index="2" bw="0" slack="2147483647"/>
</pin_list>
<bind>
<opcode="store(28) " fcode="store"/>
<opset="store_ln323/1 "/>
</bind>
</comp>

<comp id="300" class="1004" name="gmem0_addr_fu_300">
<pin_list>
<pin id="301" dir="0" index="0" bw="128" slack="0"/>
<pin id="302" dir="0" index="1" bw="60" slack="1"/>
<pin id="303" dir="1" index="2" bw="128" slack="0"/>
</pin_list>
<bind>
<opcode="getelementptr(29) " fcode="getelementptr"/>
<opset="gmem0_addr/2 "/>
</bind>
</comp>

<comp id="306" class="1004" name="trunc_ln674_fu_306">
<pin_list>
<pin id="307" dir="0" index="0" bw="128" slack="0"/>
<pin id="308" dir="1" index="1" bw="8" slack="1"/>
</pin_list>
<bind>
<opcode="trunc(33) " fcode="trunc"/>
<opset="trunc_ln674/2 "/>
</bind>
</comp>

<comp id="310" class="1004" name="p_s_fu_310">
<pin_list>
<pin id="311" dir="0" index="0" bw="8" slack="0"/>
<pin id="312" dir="0" index="1" bw="128" slack="0"/>
<pin id="313" dir="0" index="2" bw="5" slack="0"/>
<pin id="314" dir="0" index="3" bw="5" slack="0"/>
<pin id="315" dir="1" index="4" bw="8" slack="1"/>
</pin_list>
<bind>
<opcode="partselect(1002) " fcode="partselect"/>
<opset="p_s/2 "/>
</bind>
</comp>

<comp id="320" class="1004" name="p_1_fu_320">
<pin_list>
<pin id="321" dir="0" index="0" bw="8" slack="0"/>
<pin id="322" dir="0" index="1" bw="128" slack="0"/>
<pin id="323" dir="0" index="2" bw="6" slack="0"/>
<pin id="324" dir="0" index="3" bw="6" slack="0"/>
<pin id="325" dir="1" index="4" bw="8" slack="1"/>
</pin_list>
<bind>
<opcode="partselect(1002) " fcode="partselect"/>
<opset="p_1/2 "/>
</bind>
</comp>

<comp id="330" class="1004" name="p_2_fu_330">
<pin_list>
<pin id="331" dir="0" index="0" bw="8" slack="0"/>
<pin id="332" dir="0" index="1" bw="128" slack="0"/>
<pin id="333" dir="0" index="2" bw="6" slack="0"/>
<pin id="334" dir="0" index="3" bw="6" slack="0"/>
<pin id="335" dir="1" index="4" bw="8" slack="1"/>
</pin_list>
<bind>
<opcode="partselect(1002) " fcode="partselect"/>
<opset="p_2/2 "/>
</bind>
</comp>

<comp id="340" class="1004" name="p_3_fu_340">
<pin_list>
<pin id="341" dir="0" index="0" bw="8" slack="0"/>
<pin id="342" dir="0" index="1" bw="128" slack="0"/>
<pin id="343" dir="0" index="2" bw="7" slack="0"/>
<pin id="344" dir="0" index="3" bw="7" slack="0"/>
<pin id="345" dir="1" index="4" bw="8" slack="1"/>
</pin_list>
<bind>
<opcode="partselect(1002) " fcode="partselect"/>
<opset="p_3/2 "/>
</bind>
</comp>

<comp id="350" class="1004" name="p_4_fu_350">
<pin_list>
<pin id="351" dir="0" index="0" bw="8" slack="0"/>
<pin id="352" dir="0" index="1" bw="128" slack="0"/>
<pin id="353" dir="0" index="2" bw="7" slack="0"/>
<pin id="354" dir="0" index="3" bw="7" slack="0"/>
<pin id="355" dir="1" index="4" bw="8" slack="1"/>
</pin_list>
<bind>
<opcode="partselect(1002) " fcode="partselect"/>
<opset="p_4/2 "/>
</bind>
</comp>

<comp id="360" class="1004" name="p_5_fu_360">
<pin_list>
<pin id="361" dir="0" index="0" bw="8" slack="0"/>
<pin id="362" dir="0" index="1" bw="128" slack="0"/>
<pin id="363" dir="0" index="2" bw="7" slack="0"/>
<pin id="364" dir="0" index="3" bw="7" slack="0"/>
<pin id="365" dir="1" index="4" bw="8" slack="1"/>
</pin_list>
<bind>
<opcode="partselect(1002) " fcode="partselect"/>
<opset="p_5/2 "/>
</bind>
</comp>

<comp id="370" class="1004" name="p_6_fu_370">
<pin_list>
<pin id="371" dir="0" index="0" bw="8" slack="0"/>
<pin id="372" dir="0" index="1" bw="128" slack="0"/>
<pin id="373" dir="0" index="2" bw="7" slack="0"/>
<pin id="374" dir="0" index="3" bw="7" slack="0"/>
<pin id="375" dir="1" index="4" bw="8" slack="1"/>
</pin_list>
<bind>
<opcode="partselect(1002) " fcode="partselect"/>
<opset="p_6/2 "/>
</bind>
</comp>

<comp id="380" class="1004" name="p_7_fu_380">
<pin_list>
<pin id="381" dir="0" index="0" bw="8" slack="0"/>
<pin id="382" dir="0" index="1" bw="128" slack="0"/>
<pin id="383" dir="0" index="2" bw="8" slack="0"/>
<pin id="384" dir="0" index="3" bw="8" slack="0"/>
<pin id="385" dir="1" index="4" bw="8" slack="1"/>
</pin_list>
<bind>
<opcode="partselect(1002) " fcode="partselect"/>
<opset="p_7/2 "/>
</bind>
</comp>

<comp id="390" class="1004" name="p_8_fu_390">
<pin_list>
<pin id="391" dir="0" index="0" bw="8" slack="0"/>
<pin id="392" dir="0" index="1" bw="128" slack="0"/>
<pin id="393" dir="0" index="2" bw="8" slack="0"/>
<pin id="394" dir="0" index="3" bw="8" slack="0"/>
<pin id="395" dir="1" index="4" bw="8" slack="1"/>
</pin_list>
<bind>
<opcode="partselect(1002) " fcode="partselect"/>
<opset="p_8/2 "/>
</bind>
</comp>

<comp id="400" class="1004" name="p_9_fu_400">
<pin_list>
<pin id="401" dir="0" index="0" bw="8" slack="0"/>
<pin id="402" dir="0" index="1" bw="128" slack="0"/>
<pin id="403" dir="0" index="2" bw="8" slack="0"/>
<pin id="404" dir="0" index="3" bw="8" slack="0"/>
<pin id="405" dir="1" index="4" bw="8" slack="1"/>
</pin_list>
<bind>
<opcode="partselect(1002) " fcode="partselect"/>
<opset="p_9/2 "/>
</bind>
</comp>

<comp id="410" class="1004" name="p_10_fu_410">
<pin_list>
<pin id="411" dir="0" index="0" bw="8" slack="0"/>
<pin id="412" dir="0" index="1" bw="128" slack="0"/>
<pin id="413" dir="0" index="2" bw="8" slack="0"/>
<pin id="414" dir="0" index="3" bw="8" slack="0"/>
<pin id="415" dir="1" index="4" bw="8" slack="1"/>
</pin_list>
<bind>
<opcode="partselect(1002) " fcode="partselect"/>
<opset="p_10/2 "/>
</bind>
</comp>

<comp id="420" class="1004" name="p_11_fu_420">
<pin_list>
<pin id="421" dir="0" index="0" bw="8" slack="0"/>
<pin id="422" dir="0" index="1" bw="128" slack="0"/>
<pin id="423" dir="0" index="2" bw="8" slack="0"/>
<pin id="424" dir="0" index="3" bw="8" slack="0"/>
<pin id="425" dir="1" index="4" bw="8" slack="1"/>
</pin_list>
<bind>
<opcode="partselect(1002) " fcode="partselect"/>
<opset="p_11/2 "/>
</bind>
</comp>

<comp id="430" class="1004" name="p_12_fu_430">
<pin_list>
<pin id="431" dir="0" index="0" bw="8" slack="0"/>
<pin id="432" dir="0" index="1" bw="128" slack="0"/>
<pin id="433" dir="0" index="2" bw="8" slack="0"/>
<pin id="434" dir="0" index="3" bw="8" slack="0"/>
<pin id="435" dir="1" index="4" bw="8" slack="1"/>
</pin_list>
<bind>
<opcode="partselect(1002) " fcode="partselect"/>
<opset="p_12/2 "/>
</bind>
</comp>

<comp id="440" class="1004" name="p_13_fu_440">
<pin_list>
<pin id="441" dir="0" index="0" bw="8" slack="0"/>
<pin id="442" dir="0" index="1" bw="128" slack="0"/>
<pin id="443" dir="0" index="2" bw="8" slack="0"/>
<pin id="444" dir="0" index="3" bw="8" slack="0"/>
<pin id="445" dir="1" index="4" bw="8" slack="1"/>
</pin_list>
<bind>
<opcode="partselect(1002) " fcode="partselect"/>
<opset="p_13/2 "/>
</bind>
</comp>

<comp id="450" class="1004" name="p_14_fu_450">
<pin_list>
<pin id="451" dir="0" index="0" bw="8" slack="0"/>
<pin id="452" dir="0" index="1" bw="128" slack="0"/>
<pin id="453" dir="0" index="2" bw="8" slack="0"/>
<pin id="454" dir="0" index="3" bw="8" slack="0"/>
<pin id="455" dir="1" index="4" bw="8" slack="1"/>
</pin_list>
<bind>
<opcode="partselect(1002) " fcode="partselect"/>
<opset="p_14/2 "/>
</bind>
</comp>

<comp id="460" class="1005" name="i_reg_460">
<pin_list>
<pin id="461" dir="0" index="0" bw="27" slack="0"/>
<pin id="462" dir="1" index="1" bw="27" slack="0"/>
</pin_list>
<bind>
<opset="i "/>
</bind>
</comp>

<comp id="467" class="1005" name="sext_ln323_cast_reg_467">
<pin_list>
<pin id="468" dir="0" index="0" bw="64" slack="1"/>
<pin id="469" dir="1" index="1" bw="64" slack="1"/>
</pin_list>
<bind>
<opset="sext_ln323_cast "/>
</bind>
</comp>

<comp id="472" class="1005" name="icmp_ln323_reg_472">
<pin_list>
<pin id="473" dir="0" index="0" bw="1" slack="1"/>
<pin id="474" dir="1" index="1" bw="1" slack="2147483647"/>
</pin_list>
<bind>
<opset="icmp_ln323 "/>
</bind>
</comp>

<comp id="476" class="1005" name="trunc_ln674_reg_476">
<pin_list>
<pin id="477" dir="0" index="0" bw="8" slack="1"/>
<pin id="478" dir="1" index="1" bw="8" slack="1"/>
</pin_list>
<bind>
<opset="trunc_ln674 "/>
</bind>
</comp>

<comp id="481" class="1005" name="p_s_reg_481">
<pin_list>
<pin id="482" dir="0" index="0" bw="8" slack="1"/>
<pin id="483" dir="1" index="1" bw="8" slack="1"/>
</pin_list>
<bind>
<opset="p_s "/>
</bind>
</comp>

<comp id="486" class="1005" name="p_1_reg_486">
<pin_list>
<pin id="487" dir="0" index="0" bw="8" slack="1"/>
<pin id="488" dir="1" index="1" bw="8" slack="1"/>
</pin_list>
<bind>
<opset="p_1 "/>
</bind>
</comp>

<comp id="491" class="1005" name="p_2_reg_491">
<pin_list>
<pin id="492" dir="0" index="0" bw="8" slack="1"/>
<pin id="493" dir="1" index="1" bw="8" slack="1"/>
</pin_list>
<bind>
<opset="p_2 "/>
</bind>
</comp>

<comp id="496" class="1005" name="p_3_reg_496">
<pin_list>
<pin id="497" dir="0" index="0" bw="8" slack="1"/>
<pin id="498" dir="1" index="1" bw="8" slack="1"/>
</pin_list>
<bind>
<opset="p_3 "/>
</bind>
</comp>

<comp id="501" class="1005" name="p_4_reg_501">
<pin_list>
<pin id="502" dir="0" index="0" bw="8" slack="1"/>
<pin id="503" dir="1" index="1" bw="8" slack="1"/>
</pin_list>
<bind>
<opset="p_4 "/>
</bind>
</comp>

<comp id="506" class="1005" name="p_5_reg_506">
<pin_list>
<pin id="507" dir="0" index="0" bw="8" slack="1"/>
<pin id="508" dir="1" index="1" bw="8" slack="1"/>
</pin_list>
<bind>
<opset="p_5 "/>
</bind>
</comp>

<comp id="511" class="1005" name="p_6_reg_511">
<pin_list>
<pin id="512" dir="0" index="0" bw="8" slack="1"/>
<pin id="513" dir="1" index="1" bw="8" slack="1"/>
</pin_list>
<bind>
<opset="p_6 "/>
</bind>
</comp>

<comp id="516" class="1005" name="p_7_reg_516">
<pin_list>
<pin id="517" dir="0" index="0" bw="8" slack="1"/>
<pin id="518" dir="1" index="1" bw="8" slack="1"/>
</pin_list>
<bind>
<opset="p_7 "/>
</bind>
</comp>

<comp id="521" class="1005" name="p_8_reg_521">
<pin_list>
<pin id="522" dir="0" index="0" bw="8" slack="1"/>
<pin id="523" dir="1" index="1" bw="8" slack="1"/>
</pin_list>
<bind>
<opset="p_8 "/>
</bind>
</comp>

<comp id="526" class="1005" name="p_9_reg_526">
<pin_list>
<pin id="527" dir="0" index="0" bw="8" slack="1"/>
<pin id="528" dir="1" index="1" bw="8" slack="1"/>
</pin_list>
<bind>
<opset="p_9 "/>
</bind>
</comp>

<comp id="531" class="1005" name="p_10_reg_531">
<pin_list>
<pin id="532" dir="0" index="0" bw="8" slack="1"/>
<pin id="533" dir="1" index="1" bw="8" slack="1"/>
</pin_list>
<bind>
<opset="p_10 "/>
</bind>
</comp>

<comp id="536" class="1005" name="p_11_reg_536">
<pin_list>
<pin id="537" dir="0" index="0" bw="8" slack="1"/>
<pin id="538" dir="1" index="1" bw="8" slack="1"/>
</pin_list>
<bind>
<opset="p_11 "/>
</bind>
</comp>

<comp id="541" class="1005" name="p_12_reg_541">
<pin_list>
<pin id="542" dir="0" index="0" bw="8" slack="1"/>
<pin id="543" dir="1" index="1" bw="8" slack="1"/>
</pin_list>
<bind>
<opset="p_12 "/>
</bind>
</comp>

<comp id="546" class="1005" name="p_13_reg_546">
<pin_list>
<pin id="547" dir="0" index="0" bw="8" slack="1"/>
<pin id="548" dir="1" index="1" bw="8" slack="1"/>
</pin_list>
<bind>
<opset="p_13 "/>
</bind>
</comp>

<comp id="551" class="1005" name="p_14_reg_551">
<pin_list>
<pin id="552" dir="0" index="0" bw="8" slack="1"/>
<pin id="553" dir="1" index="1" bw="8" slack="1"/>
</pin_list>
<bind>
<opset="p_14 "/>
</bind>
</comp>

</comp_list>

<net_list>
<net id="141"><net_src comp="38" pin="0"/><net_sink comp="138" pin=0"/></net>

<net id="146"><net_src comp="40" pin="0"/><net_sink comp="142" pin=0"/></net>

<net id="147"><net_src comp="4" pin="0"/><net_sink comp="142" pin=1"/></net>

<net id="152"><net_src comp="42" pin="0"/><net_sink comp="148" pin=0"/></net>

<net id="153"><net_src comp="2" pin="0"/><net_sink comp="148" pin=1"/></net>

<net id="158"><net_src comp="70" pin="0"/><net_sink comp="154" pin=0"/></net>

<net id="164"><net_src comp="136" pin="0"/><net_sink comp="159" pin=0"/></net>

<net id="165"><net_src comp="6" pin="0"/><net_sink comp="159" pin=1"/></net>

<net id="171"><net_src comp="136" pin="0"/><net_sink comp="166" pin=0"/></net>

<net id="172"><net_src comp="8" pin="0"/><net_sink comp="166" pin=1"/></net>

<net id="178"><net_src comp="136" pin="0"/><net_sink comp="173" pin=0"/></net>

<net id="179"><net_src comp="10" pin="0"/><net_sink comp="173" pin=1"/></net>

<net id="185"><net_src comp="136" pin="0"/><net_sink comp="180" pin=0"/></net>

<net id="186"><net_src comp="12" pin="0"/><net_sink comp="180" pin=1"/></net>

<net id="192"><net_src comp="136" pin="0"/><net_sink comp="187" pin=0"/></net>

<net id="193"><net_src comp="14" pin="0"/><net_sink comp="187" pin=1"/></net>

<net id="199"><net_src comp="136" pin="0"/><net_sink comp="194" pin=0"/></net>

<net id="200"><net_src comp="16" pin="0"/><net_sink comp="194" pin=1"/></net>

<net id="206"><net_src comp="136" pin="0"/><net_sink comp="201" pin=0"/></net>

<net id="207"><net_src comp="18" pin="0"/><net_sink comp="201" pin=1"/></net>

<net id="213"><net_src comp="136" pin="0"/><net_sink comp="208" pin=0"/></net>

<net id="214"><net_src comp="20" pin="0"/><net_sink comp="208" pin=1"/></net>

<net id="220"><net_src comp="136" pin="0"/><net_sink comp="215" pin=0"/></net>

<net id="221"><net_src comp="22" pin="0"/><net_sink comp="215" pin=1"/></net>

<net id="227"><net_src comp="136" pin="0"/><net_sink comp="222" pin=0"/></net>

<net id="228"><net_src comp="24" pin="0"/><net_sink comp="222" pin=1"/></net>

<net id="234"><net_src comp="136" pin="0"/><net_sink comp="229" pin=0"/></net>

<net id="235"><net_src comp="26" pin="0"/><net_sink comp="229" pin=1"/></net>

<net id="241"><net_src comp="136" pin="0"/><net_sink comp="236" pin=0"/></net>

<net id="242"><net_src comp="28" pin="0"/><net_sink comp="236" pin=1"/></net>

<net id="248"><net_src comp="136" pin="0"/><net_sink comp="243" pin=0"/></net>

<net id="249"><net_src comp="30" pin="0"/><net_sink comp="243" pin=1"/></net>

<net id="255"><net_src comp="136" pin="0"/><net_sink comp="250" pin=0"/></net>

<net id="256"><net_src comp="32" pin="0"/><net_sink comp="250" pin=1"/></net>

<net id="262"><net_src comp="136" pin="0"/><net_sink comp="257" pin=0"/></net>

<net id="263"><net_src comp="34" pin="0"/><net_sink comp="257" pin=1"/></net>

<net id="269"><net_src comp="136" pin="0"/><net_sink comp="264" pin=0"/></net>

<net id="270"><net_src comp="36" pin="0"/><net_sink comp="264" pin=1"/></net>

<net id="274"><net_src comp="148" pin="2"/><net_sink comp="271" pin=0"/></net>

<net id="279"><net_src comp="66" pin="0"/><net_sink comp="275" pin=0"/></net>

<net id="287"><net_src comp="280" pin="1"/><net_sink comp="283" pin=0"/></net>

<net id="288"><net_src comp="142" pin="2"/><net_sink comp="283" pin=1"/></net>

<net id="293"><net_src comp="280" pin="1"/><net_sink comp="289" pin=0"/></net>

<net id="294"><net_src comp="68" pin="0"/><net_sink comp="289" pin=1"/></net>

<net id="299"><net_src comp="289" pin="2"/><net_sink comp="295" pin=0"/></net>

<net id="304"><net_src comp="0" pin="0"/><net_sink comp="300" pin=0"/></net>

<net id="305"><net_src comp="300" pin="2"/><net_sink comp="154" pin=1"/></net>

<net id="309"><net_src comp="154" pin="2"/><net_sink comp="306" pin=0"/></net>

<net id="316"><net_src comp="72" pin="0"/><net_sink comp="310" pin=0"/></net>

<net id="317"><net_src comp="154" pin="2"/><net_sink comp="310" pin=1"/></net>

<net id="318"><net_src comp="74" pin="0"/><net_sink comp="310" pin=2"/></net>

<net id="319"><net_src comp="76" pin="0"/><net_sink comp="310" pin=3"/></net>

<net id="326"><net_src comp="72" pin="0"/><net_sink comp="320" pin=0"/></net>

<net id="327"><net_src comp="154" pin="2"/><net_sink comp="320" pin=1"/></net>

<net id="328"><net_src comp="60" pin="0"/><net_sink comp="320" pin=2"/></net>

<net id="329"><net_src comp="78" pin="0"/><net_sink comp="320" pin=3"/></net>

<net id="336"><net_src comp="72" pin="0"/><net_sink comp="330" pin=0"/></net>

<net id="337"><net_src comp="154" pin="2"/><net_sink comp="330" pin=1"/></net>

<net id="338"><net_src comp="80" pin="0"/><net_sink comp="330" pin=2"/></net>

<net id="339"><net_src comp="82" pin="0"/><net_sink comp="330" pin=3"/></net>

<net id="346"><net_src comp="72" pin="0"/><net_sink comp="340" pin=0"/></net>

<net id="347"><net_src comp="154" pin="2"/><net_sink comp="340" pin=1"/></net>

<net id="348"><net_src comp="84" pin="0"/><net_sink comp="340" pin=2"/></net>

<net id="349"><net_src comp="86" pin="0"/><net_sink comp="340" pin=3"/></net>

<net id="356"><net_src comp="72" pin="0"/><net_sink comp="350" pin=0"/></net>

<net id="357"><net_src comp="154" pin="2"/><net_sink comp="350" pin=1"/></net>

<net id="358"><net_src comp="88" pin="0"/><net_sink comp="350" pin=2"/></net>

<net id="359"><net_src comp="90" pin="0"/><net_sink comp="350" pin=3"/></net>

<net id="366"><net_src comp="72" pin="0"/><net_sink comp="360" pin=0"/></net>

<net id="367"><net_src comp="154" pin="2"/><net_sink comp="360" pin=1"/></net>

<net id="368"><net_src comp="92" pin="0"/><net_sink comp="360" pin=2"/></net>

<net id="369"><net_src comp="94" pin="0"/><net_sink comp="360" pin=3"/></net>

<net id="376"><net_src comp="72" pin="0"/><net_sink comp="370" pin=0"/></net>

<net id="377"><net_src comp="154" pin="2"/><net_sink comp="370" pin=1"/></net>

<net id="378"><net_src comp="96" pin="0"/><net_sink comp="370" pin=2"/></net>

<net id="379"><net_src comp="98" pin="0"/><net_sink comp="370" pin=3"/></net>

<net id="386"><net_src comp="72" pin="0"/><net_sink comp="380" pin=0"/></net>

<net id="387"><net_src comp="154" pin="2"/><net_sink comp="380" pin=1"/></net>

<net id="388"><net_src comp="52" pin="0"/><net_sink comp="380" pin=2"/></net>

<net id="389"><net_src comp="100" pin="0"/><net_sink comp="380" pin=3"/></net>

<net id="396"><net_src comp="72" pin="0"/><net_sink comp="390" pin=0"/></net>

<net id="397"><net_src comp="154" pin="2"/><net_sink comp="390" pin=1"/></net>

<net id="398"><net_src comp="102" pin="0"/><net_sink comp="390" pin=2"/></net>

<net id="399"><net_src comp="104" pin="0"/><net_sink comp="390" pin=3"/></net>

<net id="406"><net_src comp="72" pin="0"/><net_sink comp="400" pin=0"/></net>

<net id="407"><net_src comp="154" pin="2"/><net_sink comp="400" pin=1"/></net>

<net id="408"><net_src comp="106" pin="0"/><net_sink comp="400" pin=2"/></net>

<net id="409"><net_src comp="108" pin="0"/><net_sink comp="400" pin=3"/></net>

<net id="416"><net_src comp="72" pin="0"/><net_sink comp="410" pin=0"/></net>

<net id="417"><net_src comp="154" pin="2"/><net_sink comp="410" pin=1"/></net>

<net id="418"><net_src comp="110" pin="0"/><net_sink comp="410" pin=2"/></net>

<net id="419"><net_src comp="112" pin="0"/><net_sink comp="410" pin=3"/></net>

<net id="426"><net_src comp="72" pin="0"/><net_sink comp="420" pin=0"/></net>

<net id="427"><net_src comp="154" pin="2"/><net_sink comp="420" pin=1"/></net>

<net id="428"><net_src comp="114" pin="0"/><net_sink comp="420" pin=2"/></net>

<net id="429"><net_src comp="116" pin="0"/><net_sink comp="420" pin=3"/></net>

<net id="436"><net_src comp="72" pin="0"/><net_sink comp="430" pin=0"/></net>

<net id="437"><net_src comp="154" pin="2"/><net_sink comp="430" pin=1"/></net>

<net id="438"><net_src comp="118" pin="0"/><net_sink comp="430" pin=2"/></net>

<net id="439"><net_src comp="120" pin="0"/><net_sink comp="430" pin=3"/></net>

<net id="446"><net_src comp="72" pin="0"/><net_sink comp="440" pin=0"/></net>

<net id="447"><net_src comp="154" pin="2"/><net_sink comp="440" pin=1"/></net>

<net id="448"><net_src comp="122" pin="0"/><net_sink comp="440" pin=2"/></net>

<net id="449"><net_src comp="124" pin="0"/><net_sink comp="440" pin=3"/></net>

<net id="456"><net_src comp="72" pin="0"/><net_sink comp="450" pin=0"/></net>

<net id="457"><net_src comp="154" pin="2"/><net_sink comp="450" pin=1"/></net>

<net id="458"><net_src comp="126" pin="0"/><net_sink comp="450" pin=2"/></net>

<net id="459"><net_src comp="128" pin="0"/><net_sink comp="450" pin=3"/></net>

<net id="463"><net_src comp="138" pin="1"/><net_sink comp="460" pin=0"/></net>

<net id="464"><net_src comp="460" pin="1"/><net_sink comp="275" pin=1"/></net>

<net id="465"><net_src comp="460" pin="1"/><net_sink comp="280" pin=0"/></net>

<net id="466"><net_src comp="460" pin="1"/><net_sink comp="295" pin=1"/></net>

<net id="470"><net_src comp="271" pin="1"/><net_sink comp="467" pin=0"/></net>

<net id="471"><net_src comp="467" pin="1"/><net_sink comp="300" pin=1"/></net>

<net id="475"><net_src comp="283" pin="2"/><net_sink comp="472" pin=0"/></net>

<net id="479"><net_src comp="306" pin="1"/><net_sink comp="476" pin=0"/></net>

<net id="480"><net_src comp="476" pin="1"/><net_sink comp="159" pin=2"/></net>

<net id="484"><net_src comp="310" pin="4"/><net_sink comp="481" pin=0"/></net>

<net id="485"><net_src comp="481" pin="1"/><net_sink comp="166" pin=2"/></net>

<net id="489"><net_src comp="320" pin="4"/><net_sink comp="486" pin=0"/></net>

<net id="490"><net_src comp="486" pin="1"/><net_sink comp="173" pin=2"/></net>

<net id="494"><net_src comp="330" pin="4"/><net_sink comp="491" pin=0"/></net>

<net id="495"><net_src comp="491" pin="1"/><net_sink comp="180" pin=2"/></net>

<net id="499"><net_src comp="340" pin="4"/><net_sink comp="496" pin=0"/></net>

<net id="500"><net_src comp="496" pin="1"/><net_sink comp="187" pin=2"/></net>

<net id="504"><net_src comp="350" pin="4"/><net_sink comp="501" pin=0"/></net>

<net id="505"><net_src comp="501" pin="1"/><net_sink comp="194" pin=2"/></net>

<net id="509"><net_src comp="360" pin="4"/><net_sink comp="506" pin=0"/></net>

<net id="510"><net_src comp="506" pin="1"/><net_sink comp="201" pin=2"/></net>

<net id="514"><net_src comp="370" pin="4"/><net_sink comp="511" pin=0"/></net>

<net id="515"><net_src comp="511" pin="1"/><net_sink comp="208" pin=2"/></net>

<net id="519"><net_src comp="380" pin="4"/><net_sink comp="516" pin=0"/></net>

<net id="520"><net_src comp="516" pin="1"/><net_sink comp="215" pin=2"/></net>

<net id="524"><net_src comp="390" pin="4"/><net_sink comp="521" pin=0"/></net>

<net id="525"><net_src comp="521" pin="1"/><net_sink comp="222" pin=2"/></net>

<net id="529"><net_src comp="400" pin="4"/><net_sink comp="526" pin=0"/></net>

<net id="530"><net_src comp="526" pin="1"/><net_sink comp="229" pin=2"/></net>

<net id="534"><net_src comp="410" pin="4"/><net_sink comp="531" pin=0"/></net>

<net id="535"><net_src comp="531" pin="1"/><net_sink comp="236" pin=2"/></net>

<net id="539"><net_src comp="420" pin="4"/><net_sink comp="536" pin=0"/></net>

<net id="540"><net_src comp="536" pin="1"/><net_sink comp="243" pin=2"/></net>

<net id="544"><net_src comp="430" pin="4"/><net_sink comp="541" pin=0"/></net>

<net id="545"><net_src comp="541" pin="1"/><net_sink comp="250" pin=2"/></net>

<net id="549"><net_src comp="440" pin="4"/><net_sink comp="546" pin=0"/></net>

<net id="550"><net_src comp="546" pin="1"/><net_sink comp="257" pin=2"/></net>

<net id="554"><net_src comp="450" pin="4"/><net_sink comp="551" pin=0"/></net>

<net id="555"><net_src comp="551" pin="1"/><net_sink comp="264" pin=2"/></net>

</net_list>

</model> 
---------------- Datapath Model END ------------------

* FSMD analyzer results:
  - Output states:
	Port: inByte017 | {3 }
	Port: inByte118 | {3 }
	Port: inByte219 | {3 }
	Port: inByte320 | {3 }
	Port: inByte421 | {3 }
	Port: inByte522 | {3 }
	Port: inByte623 | {3 }
	Port: inByte724 | {3 }
	Port: inByte825 | {3 }
	Port: inByte926 | {3 }
	Port: inByte1027 | {3 }
	Port: inByte1128 | {3 }
	Port: inByte1229 | {3 }
	Port: inByte1330 | {3 }
	Port: inByte1431 | {3 }
	Port: inByte1532 | {3 }
 - Input state : 
	Port: read_input_Pipeline_mem_rd : gmem0 | {2 }
	Port: read_input_Pipeline_mem_rd : sext_ln323 | {1 }
	Port: read_input_Pipeline_mem_rd : trunc_ln323_1 | {1 }
  - Chain level:
	State 1
		store_ln0 : 1
		i_2 : 1
		icmp_ln323 : 2
		add_ln323 : 2
		br_ln323 : 3
		store_ln323 : 3
	State 2
		data_V : 1
		trunc_ln674 : 1
		p_s : 1
		p_1 : 1
		p_2 : 1
		p_3 : 1
		p_4 : 1
		p_5 : 1
		p_6 : 1
		p_7 : 1
		p_8 : 1
		p_9 : 1
		p_10 : 1
		p_11 : 1
		p_12 : 1
		p_13 : 1
		p_14 : 1
	State 3


============================================================
+ Verbose Summary: Datapath Resource usage 
============================================================

* Functional unit list:
|----------|--------------------------------|---------|---------|
| Operation|         Functional Unit        |    FF   |   LUT   |
|----------|--------------------------------|---------|---------|
|    add   |        add_ln323_fu_289        |    0    |    34   |
|----------|--------------------------------|---------|---------|
|   icmp   |        icmp_ln323_fu_283       |    0    |    17   |
|----------|--------------------------------|---------|---------|
|          | trunc_ln323_1_read_read_fu_142 |    0    |    0    |
|   read   |   sext_ln323_read_read_fu_148  |    0    |    0    |
|          |       data_V_read_fu_154       |    0    |    0    |
|----------|--------------------------------|---------|---------|
|          |    write_ln174_write_fu_159    |    0    |    0    |
|          |    write_ln174_write_fu_166    |    0    |    0    |
|          |    write_ln174_write_fu_173    |    0    |    0    |
|          |    write_ln174_write_fu_180    |    0    |    0    |
|          |    write_ln174_write_fu_187    |    0    |    0    |
|          |    write_ln174_write_fu_194    |    0    |    0    |
|          |    write_ln174_write_fu_201    |    0    |    0    |
|   write  |    write_ln174_write_fu_208    |    0    |    0    |
|          |    write_ln174_write_fu_215    |    0    |    0    |
|          |    write_ln174_write_fu_222    |    0    |    0    |
|          |    write_ln174_write_fu_229    |    0    |    0    |
|          |    write_ln174_write_fu_236    |    0    |    0    |
|          |    write_ln174_write_fu_243    |    0    |    0    |
|          |    write_ln174_write_fu_250    |    0    |    0    |
|          |    write_ln174_write_fu_257    |    0    |    0    |
|          |    write_ln174_write_fu_264    |    0    |    0    |
|----------|--------------------------------|---------|---------|
|   sext   |     sext_ln323_cast_fu_271     |    0    |    0    |
|----------|--------------------------------|---------|---------|
|   trunc  |       trunc_ln674_fu_306       |    0    |    0    |
|----------|--------------------------------|---------|---------|
|          |           p_s_fu_310           |    0    |    0    |
|          |           p_1_fu_320           |    0    |    0    |
|          |           p_2_fu_330           |    0    |    0    |
|          |           p_3_fu_340           |    0    |    0    |
|          |           p_4_fu_350           |    0    |    0    |
|          |           p_5_fu_360           |    0    |    0    |
|          |           p_6_fu_370           |    0    |    0    |
|partselect|           p_7_fu_380           |    0    |    0    |
|          |           p_8_fu_390           |    0    |    0    |
|          |           p_9_fu_400           |    0    |    0    |
|          |           p_10_fu_410          |    0    |    0    |
|          |           p_11_fu_420          |    0    |    0    |
|          |           p_12_fu_430          |    0    |    0    |
|          |           p_13_fu_440          |    0    |    0    |
|          |           p_14_fu_450          |    0    |    0    |
|----------|--------------------------------|---------|---------|
|   Total  |                                |    0    |    51   |
|----------|--------------------------------|---------|---------|

Memories:
N/A

* Register list:
+-----------------------+--------+
|                       |   FF   |
+-----------------------+--------+
|       i_reg_460       |   27   |
|   icmp_ln323_reg_472  |    1   |
|      p_10_reg_531     |    8   |
|      p_11_reg_536     |    8   |
|      p_12_reg_541     |    8   |
|      p_13_reg_546     |    8   |
|      p_14_reg_551     |    8   |
|      p_1_reg_486      |    8   |
|      p_2_reg_491      |    8   |
|      p_3_reg_496      |    8   |
|      p_4_reg_501      |    8   |
|      p_5_reg_506      |    8   |
|      p_6_reg_511      |    8   |
|      p_7_reg_516      |    8   |
|      p_8_reg_521      |    8   |
|      p_9_reg_526      |    8   |
|      p_s_reg_481      |    8   |
|sext_ln323_cast_reg_467|   64   |
|  trunc_ln674_reg_476  |    8   |
+-----------------------+--------+
|         Total         |   220  |
+-----------------------+--------+

* Multiplexer (MUX) list: 
|--------|------|------|------|--------|
|  Comp  |  Pin | Size |  BW  | S x BW |
|--------|------|------|------|--------|
|  Total |      |      |      |    0   |
|--------|------|------|------|--------|



* Summary:
+-----------+--------+--------+
|           |   FF   |   LUT  |
+-----------+--------+--------+
|  Function |    0   |   51   |
|   Memory  |    -   |    -   |
|Multiplexer|    -   |    -   |
|  Register |   220  |    -   |
+-----------+--------+--------+
|   Total   |   220  |   51   |
+-----------+--------+--------+
