

================================================================
== Vitis HLS Report for 'write_output_Pipeline_VITIS_LOOP_350_1'
================================================================
* Date:           Thu Apr  2 18:17:04 2026

* Version:        2022.1 (Build 3526262 on Mon Apr 18 15:47:01 MDT 2022)
* Project:        calculate_crc
* Solution:       solution (Vitis Kernel Flow Target)
* Product family: virtexuplus
* Target device:  xcu280-fsvh2892-2L-e


================================================================
== Performance Estimates
================================================================
+ Timing: 
    * Summary: 
    +--------+---------+----------+------------+
    |  Clock |  Target | Estimated| Uncertainty|
    +--------+---------+----------+------------+
    |ap_clk  |  3.33 ns|  2.433 ns|     0.90 ns|
    +--------+---------+----------+------------+

+ Latency: 
    * Summary: 
    +---------+---------+----------+----------+-----+-----+---------+
    |  Latency (cycles) |  Latency (absolute) |  Interval | Pipeline|
    |   min   |   max   |    min   |    max   | min | max |   Type  |
    +---------+---------+----------+----------+-----+-----+---------+
    |        ?|        ?|         ?|         ?|    ?|    ?|       no|
    +---------+---------+----------+----------+-----+-----+---------+

    + Detail: 
        * Instance: 
        N/A

        * Loop: 
        +--------------------+---------+---------+----------+-----------+-----------+------+----------+
        |                    |  Latency (cycles) | Iteration|  Initiation Interval  | Trip |          |
        |      Loop Name     |   min   |   max   |  Latency |  achieved |   target  | Count| Pipelined|
        +--------------------+---------+---------+----------+-----------+-----------+------+----------+
        |- VITIS_LOOP_350_1  |        ?|        ?|        71|          1|          1|     ?|       yes|
        +--------------------+---------+---------+----------+-----------+-----------+------+----------+

============================================================
+ Verbose Summary: Synthesis Manager
============================================================
InlineROM: 1
ExposeGlobal: 0
============================================================
+ Verbose Summary: CDFG Model
============================================================
IsTopModel: 0
ResetActiveHigh: 1
IsCombinational: 0
IsDatapathOnly: 0
HasWiredReturn: 1
HasMFsm: 2
HasVarLatency: 1
IsPipeline: 0
IsRtlPipelined: 0
IsInstanceOverlapped: 0
IsDontTouch: 0
HasImplIP: 0
IsGatedGlobalClock: 0

+ Individual pipeline summary: 
  * Pipeline-0: initiation interval (II) = 1, depth = 71


============================================================
+ Verbose Summary: Schedule
============================================================
* Number of FSM states : 71
* Pipeline : 1
  Pipeline-0 : II = 1, D = 71, States = { 1 2 3 4 5 6 7 8 9 10 11 12 13 14 15 16 17 18 19 20 21 22 23 24 25 26 27 28 29 30 31 32 33 34 35 36 37 38 39 40 41 42 43 44 45 46 47 48 49 50 51 52 53 54 55 56 57 58 59 60 61 62 63 64 65 66 67 68 69 70 71 }
* Dataflow Pipeline: 0

* FSM state transitions: 
1 --> 2 
2 --> 3 
3 --> 4 
4 --> 5 
5 --> 6 
6 --> 7 
7 --> 8 
8 --> 9 
9 --> 10 
10 --> 11 
11 --> 12 
12 --> 13 
13 --> 14 
14 --> 15 
15 --> 16 
16 --> 17 
17 --> 18 
18 --> 19 
19 --> 20 
20 --> 21 
21 --> 22 
22 --> 23 
23 --> 24 
24 --> 25 
25 --> 26 
26 --> 27 
27 --> 28 
28 --> 29 
29 --> 30 
30 --> 31 
31 --> 32 
32 --> 33 
33 --> 34 
34 --> 35 
35 --> 36 
36 --> 37 
37 --> 38 
38 --> 39 
39 --> 40 
40 --> 41 
41 --> 42 
42 --> 43 
43 --> 44 
44 --> 45 
45 --> 46 
46 --> 47 
47 --> 48 
48 --> 49 
49 --> 50 
50 --> 51 
51 --> 52 
52 --> 53 
53 --> 54 
54 --> 55 
55 --> 56 
56 --> 57 
57 --> 58 
58 --> 59 
59 --> 60 
60 --> 61 
61 --> 62 
62 --> 63 
63 --> 64 
64 --> 65 
65 --> 66 
66 --> 67 
67 --> 68 
68 --> 69 
69 --> 70 
70 --> 71 
71 --> 

* FSM state operations: 

State 1 <SV = 0> <Delay = 1.26>
ST_1 : Operation 74 [1/1] (0.00ns)   --->   "%i = alloca i32 1"   --->   Operation 74 'alloca' 'i' <Predicate = true> <Delay = 0.00>
ST_1 : Operation 75 [1/1] (0.00ns)   --->   "%specinterface_ln0 = specinterface void @_ssdm_op_SpecInterface, i128 %gmem0, void @empty_22, i32 0, i32 0, void @empty_23, i32 64, i32 1024, void @empty, void @empty_2, void @empty_23, i32 16, i32 16, i32 16, i32 16, void @empty_23, void @empty_23, i32 4294967295, i32 0"   --->   Operation 75 'specinterface' 'specinterface_ln0' <Predicate = true> <Delay = 0.00>
ST_1 : Operation 76 [1/1] (0.00ns)   --->   "%specinterface_ln0 = specinterface void @_ssdm_op_SpecInterface, i32 %outStream33, void @empty_3, i32 0, i32 0, void @empty_23, i32 0, i32 0, void @empty_23, void @empty_23, void @empty_23, i32 0, i32 0, i32 0, i32 0, void @empty_23, void @empty_23, i32 4294967295, i32 0"   --->   Operation 76 'specinterface' 'specinterface_ln0' <Predicate = true> <Delay = 0.00>
ST_1 : Operation 77 [1/1] (0.00ns)   --->   "%trunc_ln353_1_read = read i4 @_ssdm_op_Read.ap_auto.i4, i4 %trunc_ln353_1" [/home/efrink/mled/split_cu/U280_CRC_Accelerator/src/kernel.cpp:346]   --->   Operation 77 'read' 'trunc_ln353_1_read' <Predicate = true> <Delay = 0.00>
ST_1 : Operation 78 [1/1] (0.00ns)   --->   "%crc_out_load_read = read i64 @_ssdm_op_Read.ap_auto.i64, i64 %crc_out_load" [/home/efrink/mled/split_cu/U280_CRC_Accelerator/src/kernel.cpp:346]   --->   Operation 78 'read' 'crc_out_load_read' <Predicate = true> <Delay = 0.00>
ST_1 : Operation 79 [1/1] (0.00ns)   --->   "%numChunks_load_read = read i32 @_ssdm_op_Read.ap_auto.i32, i32 %numChunks_load" [/home/efrink/mled/split_cu/U280_CRC_Accelerator/src/kernel.cpp:346]   --->   Operation 79 'read' 'numChunks_load_read' <Predicate = true> <Delay = 0.00>
ST_1 : Operation 80 [1/1] (0.38ns)   --->   "%store_ln0 = store i32 0, i32 %i"   --->   Operation 80 'store' 'store_ln0' <Predicate = true> <Delay = 0.38>
ST_1 : Operation 81 [1/1] (0.00ns)   --->   "%br_ln0 = br void %for.inc"   --->   Operation 81 'br' 'br_ln0' <Predicate = true> <Delay = 0.00>
ST_1 : Operation 82 [1/1] (0.00ns)   --->   "%i_1 = load i32 %i" [/home/efrink/mled/split_cu/U280_CRC_Accelerator/src/kernel.cpp:353]   --->   Operation 82 'load' 'i_1' <Predicate = true> <Delay = 0.00>
ST_1 : Operation 83 [1/1] (0.85ns)   --->   "%icmp_ln350 = icmp_eq  i32 %i_1, i32 %numChunks_load_read" [/home/efrink/mled/split_cu/U280_CRC_Accelerator/src/kernel.cpp:350]   --->   Operation 83 'icmp' 'icmp_ln350' <Predicate = true> <Delay = 0.85> <CoreInst = "Cmp">   --->   Core 9 'Cmp' <Latency = 0> <II = 1> <Delay = 0.85> <FuncUnit> <Opcode : 'icmp'> <InPorts = 2> <OutPorts = 1>
ST_1 : Operation 84 [1/1] (0.88ns)   --->   "%add_ln350 = add i32 %i_1, i32 1" [/home/efrink/mled/split_cu/U280_CRC_Accelerator/src/kernel.cpp:350]   --->   Operation 84 'add' 'add_ln350' <Predicate = true> <Delay = 0.88> <CoreInst = "Adder">   --->   Core 1 'Adder' <Latency = 0> <II = 1> <Delay = 0.88> <FuncUnit> <Opcode : 'add' 'sub'> <InPorts = 2> <OutPorts = 1>
ST_1 : Operation 85 [1/1] (0.00ns)   --->   "%br_ln350 = br i1 %icmp_ln350, void %for.inc.split, void %for.end.loopexit.exitStub" [/home/efrink/mled/split_cu/U280_CRC_Accelerator/src/kernel.cpp:350]   --->   Operation 85 'br' 'br_ln350' <Predicate = true> <Delay = 0.00>
ST_1 : Operation 86 [1/1] (0.00ns)   --->   "%shl_ln = bitconcatenate i34 @_ssdm_op_BitConcatenate.i34.i32.i2, i32 %i_1, i2 0" [/home/efrink/mled/split_cu/U280_CRC_Accelerator/src/kernel.cpp:353]   --->   Operation 86 'bitconcatenate' 'shl_ln' <Predicate = (!icmp_ln350)> <Delay = 0.00>
ST_1 : Operation 87 [1/1] (0.00ns)   --->   "%zext_ln353_2 = zext i34 %shl_ln" [/home/efrink/mled/split_cu/U280_CRC_Accelerator/src/kernel.cpp:353]   --->   Operation 87 'zext' 'zext_ln353_2' <Predicate = (!icmp_ln350)> <Delay = 0.00>
ST_1 : Operation 88 [1/1] (0.00ns)   --->   "%trunc_ln353 = trunc i32 %i_1" [/home/efrink/mled/split_cu/U280_CRC_Accelerator/src/kernel.cpp:353]   --->   Operation 88 'trunc' 'trunc_ln353' <Predicate = (!icmp_ln350)> <Delay = 0.00>
ST_1 : Operation 89 [1/1] (1.14ns)   --->   "%add_ln353 = add i64 %crc_out_load_read, i64 %zext_ln353_2" [/home/efrink/mled/split_cu/U280_CRC_Accelerator/src/kernel.cpp:353]   --->   Operation 89 'add' 'add_ln353' <Predicate = (!icmp_ln350)> <Delay = 1.14> <CoreInst = "Adder">   --->   Core 1 'Adder' <Latency = 0> <II = 1> <Delay = 1.14> <FuncUnit> <Opcode : 'add' 'sub'> <InPorts = 2> <OutPorts = 1>
ST_1 : Operation 90 [1/1] (0.00ns)   --->   "%trunc_ln = partselect i60 @_ssdm_op_PartSelect.i60.i64.i32.i32, i64 %add_ln353, i32 4, i32 63" [/home/efrink/mled/split_cu/U280_CRC_Accelerator/src/kernel.cpp:353]   --->   Operation 90 'partselect' 'trunc_ln' <Predicate = (!icmp_ln350)> <Delay = 0.00>
ST_1 : Operation 91 [1/1] (0.38ns)   --->   "%store_ln350 = store i32 %add_ln350, i32 %i" [/home/efrink/mled/split_cu/U280_CRC_Accelerator/src/kernel.cpp:350]   --->   Operation 91 'store' 'store_ln350' <Predicate = (!icmp_ln350)> <Delay = 0.38>

State 2 <SV = 1> <Delay = 2.43>
ST_2 : Operation 92 [1/1] (1.21ns)   --->   "%tmp_V = read i32 @_ssdm_op_Read.ap_fifo.volatile.i32P0A, i32 %outStream33" [/packages/apps/fpga/Vitis_HLS/2022.1/common/technology/autopilot/hls_stream_39.h:145]   --->   Operation 92 'read' 'tmp_V' <Predicate = true> <Delay = 1.21> <CoreInst = "FIFO">   --->   Core 78 'FIFO' <Latency = 0> <II = 1> <Delay = 1.31> <Storage> <Opcode : 'read' 'write' 'nbread' 'nbwrite'> <Ports = 0> <Width = 32> <Depth = 64> <FIFO>
ST_2 : Operation 93 [1/1] (0.00ns)   --->   "%trunc_ln353_2 = bitconcatenate i4 @_ssdm_op_BitConcatenate.i4.i2.i2, i2 %trunc_ln353, i2 0" [/home/efrink/mled/split_cu/U280_CRC_Accelerator/src/kernel.cpp:353]   --->   Operation 93 'bitconcatenate' 'trunc_ln353_2' <Predicate = true> <Delay = 0.00>
ST_2 : Operation 94 [1/1] (0.00ns)   --->   "%zext_ln353 = zext i32 %tmp_V" [/home/efrink/mled/split_cu/U280_CRC_Accelerator/src/kernel.cpp:353]   --->   Operation 94 'zext' 'zext_ln353' <Predicate = true> <Delay = 0.00>
ST_2 : Operation 95 [1/1] (0.70ns)   --->   "%add_ln353_1 = add i4 %trunc_ln353_2, i4 %trunc_ln353_1_read" [/home/efrink/mled/split_cu/U280_CRC_Accelerator/src/kernel.cpp:353]   --->   Operation 95 'add' 'add_ln353_1' <Predicate = true> <Delay = 0.70> <CoreInst = "Adder">   --->   Core 1 'Adder' <Latency = 0> <II = 1> <Delay = 0.70> <FuncUnit> <Opcode : 'add' 'sub'> <InPorts = 2> <OutPorts = 1>
ST_2 : Operation 96 [1/1] (0.00ns)   --->   "%zext_ln353_1 = zext i4 %add_ln353_1" [/home/efrink/mled/split_cu/U280_CRC_Accelerator/src/kernel.cpp:353]   --->   Operation 96 'zext' 'zext_ln353_1' <Predicate = true> <Delay = 0.00>
ST_2 : Operation 97 [1/1] (0.59ns)   --->   "%shl_ln353 = shl i16 15, i16 %zext_ln353_1" [/home/efrink/mled/split_cu/U280_CRC_Accelerator/src/kernel.cpp:353]   --->   Operation 97 'shl' 'shl_ln353' <Predicate = true> <Delay = 0.59> <CoreInst = "Shifter">   --->   Core 75 'Shifter' <Latency = 0> <II = 1> <Delay = 0.59> <FuncUnit> <Opcode : 'shl' 'lshr' 'ashr'> <InPorts = 2> <OutPorts = 1>
ST_2 : Operation 98 [1/1] (0.00ns)   --->   "%shl_ln353_2 = bitconcatenate i7 @_ssdm_op_BitConcatenate.i7.i4.i3, i4 %add_ln353_1, i3 0" [/home/efrink/mled/split_cu/U280_CRC_Accelerator/src/kernel.cpp:353]   --->   Operation 98 'bitconcatenate' 'shl_ln353_2' <Predicate = true> <Delay = 0.00>
ST_2 : Operation 99 [1/1] (0.00ns)   --->   "%zext_ln353_3 = zext i7 %shl_ln353_2" [/home/efrink/mled/split_cu/U280_CRC_Accelerator/src/kernel.cpp:353]   --->   Operation 99 'zext' 'zext_ln353_3' <Predicate = true> <Delay = 0.00>
ST_2 : Operation 100 [1/1] (1.05ns)   --->   "%shl_ln353_1 = shl i128 %zext_ln353, i128 %zext_ln353_3" [/home/efrink/mled/split_cu/U280_CRC_Accelerator/src/kernel.cpp:353]   --->   Operation 100 'shl' 'shl_ln353_1' <Predicate = true> <Delay = 1.05> <CoreInst = "Shifter">   --->   Core 75 'Shifter' <Latency = 0> <II = 1> <Delay = 1.05> <FuncUnit> <Opcode : 'shl' 'lshr' 'ashr'> <InPorts = 2> <OutPorts = 1>
ST_2 : Operation 101 [1/1] (0.00ns)   --->   "%sext_ln353 = sext i60 %trunc_ln" [/home/efrink/mled/split_cu/U280_CRC_Accelerator/src/kernel.cpp:353]   --->   Operation 101 'sext' 'sext_ln353' <Predicate = true> <Delay = 0.00>
ST_2 : Operation 102 [1/1] (0.00ns)   --->   "%gmem0_addr = getelementptr i128 %gmem0, i64 %sext_ln353" [/home/efrink/mled/split_cu/U280_CRC_Accelerator/src/kernel.cpp:353]   --->   Operation 102 'getelementptr' 'gmem0_addr' <Predicate = true> <Delay = 0.00>
ST_2 : Operation 103 [1/1] (2.43ns)   --->   "%empty = writereq i1 @_ssdm_op_WriteReq.m_axi.p1i128, i128 %gmem0_addr, i32 1" [/home/efrink/mled/split_cu/U280_CRC_Accelerator/src/kernel.cpp:353]   --->   Operation 103 'writereq' 'empty' <Predicate = true> <Delay = 2.43> <CoreInst = "m_axi">   --->   Core 121 'm_axi' <Latency = 0> <II = 1> <Delay = 1.00> <Adapter> <Opcode : 'read' 'write' 'readreq' 'writereq' 'writeresp'>

State 3 <SV = 2> <Delay = 2.43>
ST_3 : Operation 104 [1/1] (2.43ns)   --->   "%write_ln353 = write void @_ssdm_op_Write.m_axi.p1i128, i128 %gmem0_addr, i128 %shl_ln353_1, i16 %shl_ln353" [/home/efrink/mled/split_cu/U280_CRC_Accelerator/src/kernel.cpp:353]   --->   Operation 104 'write' 'write_ln353' <Predicate = true> <Delay = 2.43> <CoreInst = "m_axi">   --->   Core 121 'm_axi' <Latency = 0> <II = 1> <Delay = 1.00> <Adapter> <Opcode : 'read' 'write' 'readreq' 'writereq' 'writeresp'>

State 4 <SV = 3> <Delay = 2.43>
ST_4 : Operation 105 [68/68] (2.43ns)   --->   "%empty_39 = writeresp i1 @_ssdm_op_WriteResp.m_axi.p1i128, i128 %gmem0_addr" [/home/efrink/mled/split_cu/U280_CRC_Accelerator/src/kernel.cpp:353]   --->   Operation 105 'writeresp' 'empty_39' <Predicate = true> <Delay = 2.43> <CoreInst = "m_axi">   --->   Core 121 'm_axi' <Latency = 0> <II = 1> <Delay = 1.00> <Adapter> <Opcode : 'read' 'write' 'readreq' 'writereq' 'writeresp'>

State 5 <SV = 4> <Delay = 2.43>
ST_5 : Operation 106 [67/68] (2.43ns)   --->   "%empty_39 = writeresp i1 @_ssdm_op_WriteResp.m_axi.p1i128, i128 %gmem0_addr" [/home/efrink/mled/split_cu/U280_CRC_Accelerator/src/kernel.cpp:353]   --->   Operation 106 'writeresp' 'empty_39' <Predicate = true> <Delay = 2.43> <CoreInst = "m_axi">   --->   Core 121 'm_axi' <Latency = 0> <II = 1> <Delay = 1.00> <Adapter> <Opcode : 'read' 'write' 'readreq' 'writereq' 'writeresp'>

State 6 <SV = 5> <Delay = 2.43>
ST_6 : Operation 107 [66/68] (2.43ns)   --->   "%empty_39 = writeresp i1 @_ssdm_op_WriteResp.m_axi.p1i128, i128 %gmem0_addr" [/home/efrink/mled/split_cu/U280_CRC_Accelerator/src/kernel.cpp:353]   --->   Operation 107 'writeresp' 'empty_39' <Predicate = true> <Delay = 2.43> <CoreInst = "m_axi">   --->   Core 121 'm_axi' <Latency = 0> <II = 1> <Delay = 1.00> <Adapter> <Opcode : 'read' 'write' 'readreq' 'writereq' 'writeresp'>

State 7 <SV = 6> <Delay = 2.43>
ST_7 : Operation 108 [65/68] (2.43ns)   --->   "%empty_39 = writeresp i1 @_ssdm_op_WriteResp.m_axi.p1i128, i128 %gmem0_addr" [/home/efrink/mled/split_cu/U280_CRC_Accelerator/src/kernel.cpp:353]   --->   Operation 108 'writeresp' 'empty_39' <Predicate = true> <Delay = 2.43> <CoreInst = "m_axi">   --->   Core 121 'm_axi' <Latency = 0> <II = 1> <Delay = 1.00> <Adapter> <Opcode : 'read' 'write' 'readreq' 'writereq' 'writeresp'>

State 8 <SV = 7> <Delay = 2.43>
ST_8 : Operation 109 [64/68] (2.43ns)   --->   "%empty_39 = writeresp i1 @_ssdm_op_WriteResp.m_axi.p1i128, i128 %gmem0_addr" [/home/efrink/mled/split_cu/U280_CRC_Accelerator/src/kernel.cpp:353]   --->   Operation 109 'writeresp' 'empty_39' <Predicate = true> <Delay = 2.43> <CoreInst = "m_axi">   --->   Core 121 'm_axi' <Latency = 0> <II = 1> <Delay = 1.00> <Adapter> <Opcode : 'read' 'write' 'readreq' 'writereq' 'writeresp'>

State 9 <SV = 8> <Delay = 2.43>
ST_9 : Operation 110 [63/68] (2.43ns)   --->   "%empty_39 = writeresp i1 @_ssdm_op_WriteResp.m_axi.p1i128, i128 %gmem0_addr" [/home/efrink/mled/split_cu/U280_CRC_Accelerator/src/kernel.cpp:353]   --->   Operation 110 'writeresp' 'empty_39' <Predicate = true> <Delay = 2.43> <CoreInst = "m_axi">   --->   Core 121 'm_axi' <Latency = 0> <II = 1> <Delay = 1.00> <Adapter> <Opcode : 'read' 'write' 'readreq' 'writereq' 'writeresp'>

State 10 <SV = 9> <Delay = 2.43>
ST_10 : Operation 111 [62/68] (2.43ns)   --->   "%empty_39 = writeresp i1 @_ssdm_op_WriteResp.m_axi.p1i128, i128 %gmem0_addr" [/home/efrink/mled/split_cu/U280_CRC_Accelerator/src/kernel.cpp:353]   --->   Operation 111 'writeresp' 'empty_39' <Predicate = true> <Delay = 2.43> <CoreInst = "m_axi">   --->   Core 121 'm_axi' <Latency = 0> <II = 1> <Delay = 1.00> <Adapter> <Opcode : 'read' 'write' 'readreq' 'writereq' 'writeresp'>

State 11 <SV = 10> <Delay = 2.43>
ST_11 : Operation 112 [61/68] (2.43ns)   --->   "%empty_39 = writeresp i1 @_ssdm_op_WriteResp.m_axi.p1i128, i128 %gmem0_addr" [/home/efrink/mled/split_cu/U280_CRC_Accelerator/src/kernel.cpp:353]   --->   Operation 112 'writeresp' 'empty_39' <Predicate = true> <Delay = 2.43> <CoreInst = "m_axi">   --->   Core 121 'm_axi' <Latency = 0> <II = 1> <Delay = 1.00> <Adapter> <Opcode : 'read' 'write' 'readreq' 'writereq' 'writeresp'>

State 12 <SV = 11> <Delay = 2.43>
ST_12 : Operation 113 [60/68] (2.43ns)   --->   "%empty_39 = writeresp i1 @_ssdm_op_WriteResp.m_axi.p1i128, i128 %gmem0_addr" [/home/efrink/mled/split_cu/U280_CRC_Accelerator/src/kernel.cpp:353]   --->   Operation 113 'writeresp' 'empty_39' <Predicate = true> <Delay = 2.43> <CoreInst = "m_axi">   --->   Core 121 'm_axi' <Latency = 0> <II = 1> <Delay = 1.00> <Adapter> <Opcode : 'read' 'write' 'readreq' 'writereq' 'writeresp'>

State 13 <SV = 12> <Delay = 2.43>
ST_13 : Operation 114 [59/68] (2.43ns)   --->   "%empty_39 = writeresp i1 @_ssdm_op_WriteResp.m_axi.p1i128, i128 %gmem0_addr" [/home/efrink/mled/split_cu/U280_CRC_Accelerator/src/kernel.cpp:353]   --->   Operation 114 'writeresp' 'empty_39' <Predicate = true> <Delay = 2.43> <CoreInst = "m_axi">   --->   Core 121 'm_axi' <Latency = 0> <II = 1> <Delay = 1.00> <Adapter> <Opcode : 'read' 'write' 'readreq' 'writereq' 'writeresp'>

State 14 <SV = 13> <Delay = 2.43>
ST_14 : Operation 115 [58/68] (2.43ns)   --->   "%empty_39 = writeresp i1 @_ssdm_op_WriteResp.m_axi.p1i128, i128 %gmem0_addr" [/home/efrink/mled/split_cu/U280_CRC_Accelerator/src/kernel.cpp:353]   --->   Operation 115 'writeresp' 'empty_39' <Predicate = true> <Delay = 2.43> <CoreInst = "m_axi">   --->   Core 121 'm_axi' <Latency = 0> <II = 1> <Delay = 1.00> <Adapter> <Opcode : 'read' 'write' 'readreq' 'writereq' 'writeresp'>

State 15 <SV = 14> <Delay = 2.43>
ST_15 : Operation 116 [57/68] (2.43ns)   --->   "%empty_39 = writeresp i1 @_ssdm_op_WriteResp.m_axi.p1i128, i128 %gmem0_addr" [/home/efrink/mled/split_cu/U280_CRC_Accelerator/src/kernel.cpp:353]   --->   Operation 116 'writeresp' 'empty_39' <Predicate = true> <Delay = 2.43> <CoreInst = "m_axi">   --->   Core 121 'm_axi' <Latency = 0> <II = 1> <Delay = 1.00> <Adapter> <Opcode : 'read' 'write' 'readreq' 'writereq' 'writeresp'>

State 16 <SV = 15> <Delay = 2.43>
ST_16 : Operation 117 [56/68] (2.43ns)   --->   "%empty_39 = writeresp i1 @_ssdm_op_WriteResp.m_axi.p1i128, i128 %gmem0_addr" [/home/efrink/mled/split_cu/U280_CRC_Accelerator/src/kernel.cpp:353]   --->   Operation 117 'writeresp' 'empty_39' <Predicate = true> <Delay = 2.43> <CoreInst = "m_axi">   --->   Core 121 'm_axi' <Latency = 0> <II = 1> <Delay = 1.00> <Adapter> <Opcode : 'read' 'write' 'readreq' 'writereq' 'writeresp'>

State 17 <SV = 16> <Delay = 2.43>
ST_17 : Operation 118 [55/68] (2.43ns)   --->   "%empty_39 = writeresp i1 @_ssdm_op_WriteResp.m_axi.p1i128, i128 %gmem0_addr" [/home/efrink/mled/split_cu/U280_CRC_Accelerator/src/kernel.cpp:353]   --->   Operation 118 'writeresp' 'empty_39' <Predicate = true> <Delay = 2.43> <CoreInst = "m_axi">   --->   Core 121 'm_axi' <Latency = 0> <II = 1> <Delay = 1.00> <Adapter> <Opcode : 'read' 'write' 'readreq' 'writereq' 'writeresp'>

State 18 <SV = 17> <Delay = 2.43>
ST_18 : Operation 119 [54/68] (2.43ns)   --->   "%empty_39 = writeresp i1 @_ssdm_op_WriteResp.m_axi.p1i128, i128 %gmem0_addr" [/home/efrink/mled/split_cu/U280_CRC_Accelerator/src/kernel.cpp:353]   --->   Operation 119 'writeresp' 'empty_39' <Predicate = true> <Delay = 2.43> <CoreInst = "m_axi">   --->   Core 121 'm_axi' <Latency = 0> <II = 1> <Delay = 1.00> <Adapter> <Opcode : 'read' 'write' 'readreq' 'writereq' 'writeresp'>

State 19 <SV = 18> <Delay = 2.43>
ST_19 : Operation 120 [53/68] (2.43ns)   --->   "%empty_39 = writeresp i1 @_ssdm_op_WriteResp.m_axi.p1i128, i128 %gmem0_addr" [/home/efrink/mled/split_cu/U280_CRC_Accelerator/src/kernel.cpp:353]   --->   Operation 120 'writeresp' 'empty_39' <Predicate = true> <Delay = 2.43> <CoreInst = "m_axi">   --->   Core 121 'm_axi' <Latency = 0> <II = 1> <Delay = 1.00> <Adapter> <Opcode : 'read' 'write' 'readreq' 'writereq' 'writeresp'>

State 20 <SV = 19> <Delay = 2.43>
ST_20 : Operation 121 [52/68] (2.43ns)   --->   "%empty_39 = writeresp i1 @_ssdm_op_WriteResp.m_axi.p1i128, i128 %gmem0_addr" [/home/efrink/mled/split_cu/U280_CRC_Accelerator/src/kernel.cpp:353]   --->   Operation 121 'writeresp' 'empty_39' <Predicate = true> <Delay = 2.43> <CoreInst = "m_axi">   --->   Core 121 'm_axi' <Latency = 0> <II = 1> <Delay = 1.00> <Adapter> <Opcode : 'read' 'write' 'readreq' 'writereq' 'writeresp'>

State 21 <SV = 20> <Delay = 2.43>
ST_21 : Operation 122 [51/68] (2.43ns)   --->   "%empty_39 = writeresp i1 @_ssdm_op_WriteResp.m_axi.p1i128, i128 %gmem0_addr" [/home/efrink/mled/split_cu/U280_CRC_Accelerator/src/kernel.cpp:353]   --->   Operation 122 'writeresp' 'empty_39' <Predicate = true> <Delay = 2.43> <CoreInst = "m_axi">   --->   Core 121 'm_axi' <Latency = 0> <II = 1> <Delay = 1.00> <Adapter> <Opcode : 'read' 'write' 'readreq' 'writereq' 'writeresp'>

State 22 <SV = 21> <Delay = 2.43>
ST_22 : Operation 123 [50/68] (2.43ns)   --->   "%empty_39 = writeresp i1 @_ssdm_op_WriteResp.m_axi.p1i128, i128 %gmem0_addr" [/home/efrink/mled/split_cu/U280_CRC_Accelerator/src/kernel.cpp:353]   --->   Operation 123 'writeresp' 'empty_39' <Predicate = true> <Delay = 2.43> <CoreInst = "m_axi">   --->   Core 121 'm_axi' <Latency = 0> <II = 1> <Delay = 1.00> <Adapter> <Opcode : 'read' 'write' 'readreq' 'writereq' 'writeresp'>

State 23 <SV = 22> <Delay = 2.43>
ST_23 : Operation 124 [49/68] (2.43ns)   --->   "%empty_39 = writeresp i1 @_ssdm_op_WriteResp.m_axi.p1i128, i128 %gmem0_addr" [/home/efrink/mled/split_cu/U280_CRC_Accelerator/src/kernel.cpp:353]   --->   Operation 124 'writeresp' 'empty_39' <Predicate = true> <Delay = 2.43> <CoreInst = "m_axi">   --->   Core 121 'm_axi' <Latency = 0> <II = 1> <Delay = 1.00> <Adapter> <Opcode : 'read' 'write' 'readreq' 'writereq' 'writeresp'>

State 24 <SV = 23> <Delay = 2.43>
ST_24 : Operation 125 [48/68] (2.43ns)   --->   "%empty_39 = writeresp i1 @_ssdm_op_WriteResp.m_axi.p1i128, i128 %gmem0_addr" [/home/efrink/mled/split_cu/U280_CRC_Accelerator/src/kernel.cpp:353]   --->   Operation 125 'writeresp' 'empty_39' <Predicate = true> <Delay = 2.43> <CoreInst = "m_axi">   --->   Core 121 'm_axi' <Latency = 0> <II = 1> <Delay = 1.00> <Adapter> <Opcode : 'read' 'write' 'readreq' 'writereq' 'writeresp'>

State 25 <SV = 24> <Delay = 2.43>
ST_25 : Operation 126 [47/68] (2.43ns)   --->   "%empty_39 = writeresp i1 @_ssdm_op_WriteResp.m_axi.p1i128, i128 %gmem0_addr" [/home/efrink/mled/split_cu/U280_CRC_Accelerator/src/kernel.cpp:353]   --->   Operation 126 'writeresp' 'empty_39' <Predicate = true> <Delay = 2.43> <CoreInst = "m_axi">   --->   Core 121 'm_axi' <Latency = 0> <II = 1> <Delay = 1.00> <Adapter> <Opcode : 'read' 'write' 'readreq' 'writereq' 'writeresp'>

State 26 <SV = 25> <Delay = 2.43>
ST_26 : Operation 127 [46/68] (2.43ns)   --->   "%empty_39 = writeresp i1 @_ssdm_op_WriteResp.m_axi.p1i128, i128 %gmem0_addr" [/home/efrink/mled/split_cu/U280_CRC_Accelerator/src/kernel.cpp:353]   --->   Operation 127 'writeresp' 'empty_39' <Predicate = true> <Delay = 2.43> <CoreInst = "m_axi">   --->   Core 121 'm_axi' <Latency = 0> <II = 1> <Delay = 1.00> <Adapter> <Opcode : 'read' 'write' 'readreq' 'writereq' 'writeresp'>

State 27 <SV = 26> <Delay = 2.43>
ST_27 : Operation 128 [45/68] (2.43ns)   --->   "%empty_39 = writeresp i1 @_ssdm_op_WriteResp.m_axi.p1i128, i128 %gmem0_addr" [/home/efrink/mled/split_cu/U280_CRC_Accelerator/src/kernel.cpp:353]   --->   Operation 128 'writeresp' 'empty_39' <Predicate = true> <Delay = 2.43> <CoreInst = "m_axi">   --->   Core 121 'm_axi' <Latency = 0> <II = 1> <Delay = 1.00> <Adapter> <Opcode : 'read' 'write' 'readreq' 'writereq' 'writeresp'>

State 28 <SV = 27> <Delay = 2.43>
ST_28 : Operation 129 [44/68] (2.43ns)   --->   "%empty_39 = writeresp i1 @_ssdm_op_WriteResp.m_axi.p1i128, i128 %gmem0_addr" [/home/efrink/mled/split_cu/U280_CRC_Accelerator/src/kernel.cpp:353]   --->   Operation 129 'writeresp' 'empty_39' <Predicate = true> <Delay = 2.43> <CoreInst = "m_axi">   --->   Core 121 'm_axi' <Latency = 0> <II = 1> <Delay = 1.00> <Adapter> <Opcode : 'read' 'write' 'readreq' 'writereq' 'writeresp'>

State 29 <SV = 28> <Delay = 2.43>
ST_29 : Operation 130 [43/68] (2.43ns)   --->   "%empty_39 = writeresp i1 @_ssdm_op_WriteResp.m_axi.p1i128, i128 %gmem0_addr" [/home/efrink/mled/split_cu/U280_CRC_Accelerator/src/kernel.cpp:353]   --->   Operation 130 'writeresp' 'empty_39' <Predicate = true> <Delay = 2.43> <CoreInst = "m_axi">   --->   Core 121 'm_axi' <Latency = 0> <II = 1> <Delay = 1.00> <Adapter> <Opcode : 'read' 'write' 'readreq' 'writereq' 'writeresp'>

State 30 <SV = 29> <Delay = 2.43>
ST_30 : Operation 131 [42/68] (2.43ns)   --->   "%empty_39 = writeresp i1 @_ssdm_op_WriteResp.m_axi.p1i128, i128 %gmem0_addr" [/home/efrink/mled/split_cu/U280_CRC_Accelerator/src/kernel.cpp:353]   --->   Operation 131 'writeresp' 'empty_39' <Predicate = true> <Delay = 2.43> <CoreInst = "m_axi">   --->   Core 121 'm_axi' <Latency = 0> <II = 1> <Delay = 1.00> <Adapter> <Opcode : 'read' 'write' 'readreq' 'writereq' 'writeresp'>

State 31 <SV = 30> <Delay = 2.43>
ST_31 : Operation 132 [41/68] (2.43ns)   --->   "%empty_39 = writeresp i1 @_ssdm_op_WriteResp.m_axi.p1i128, i128 %gmem0_addr" [/home/efrink/mled/split_cu/U280_CRC_Accelerator/src/kernel.cpp:353]   --->   Operation 132 'writeresp' 'empty_39' <Predicate = true> <Delay = 2.43> <CoreInst = "m_axi">   --->   Core 121 'm_axi' <Latency = 0> <II = 1> <Delay = 1.00> <Adapter> <Opcode : 'read' 'write' 'readreq' 'writereq' 'writeresp'>

State 32 <SV = 31> <Delay = 2.43>
ST_32 : Operation 133 [40/68] (2.43ns)   --->   "%empty_39 = writeresp i1 @_ssdm_op_WriteResp.m_axi.p1i128, i128 %gmem0_addr" [/home/efrink/mled/split_cu/U280_CRC_Accelerator/src/kernel.cpp:353]   --->   Operation 133 'writeresp' 'empty_39' <Predicate = true> <Delay = 2.43> <CoreInst = "m_axi">   --->   Core 121 'm_axi' <Latency = 0> <II = 1> <Delay = 1.00> <Adapter> <Opcode : 'read' 'write' 'readreq' 'writereq' 'writeresp'>

State 33 <SV = 32> <Delay = 2.43>
ST_33 : Operation 134 [39/68] (2.43ns)   --->   "%empty_39 = writeresp i1 @_ssdm_op_WriteResp.m_axi.p1i128, i128 %gmem0_addr" [/home/efrink/mled/split_cu/U280_CRC_Accelerator/src/kernel.cpp:353]   --->   Operation 134 'writeresp' 'empty_39' <Predicate = true> <Delay = 2.43> <CoreInst = "m_axi">   --->   Core 121 'm_axi' <Latency = 0> <II = 1> <Delay = 1.00> <Adapter> <Opcode : 'read' 'write' 'readreq' 'writereq' 'writeresp'>

State 34 <SV = 33> <Delay = 2.43>
ST_34 : Operation 135 [38/68] (2.43ns)   --->   "%empty_39 = writeresp i1 @_ssdm_op_WriteResp.m_axi.p1i128, i128 %gmem0_addr" [/home/efrink/mled/split_cu/U280_CRC_Accelerator/src/kernel.cpp:353]   --->   Operation 135 'writeresp' 'empty_39' <Predicate = true> <Delay = 2.43> <CoreInst = "m_axi">   --->   Core 121 'm_axi' <Latency = 0> <II = 1> <Delay = 1.00> <Adapter> <Opcode : 'read' 'write' 'readreq' 'writereq' 'writeresp'>

State 35 <SV = 34> <Delay = 2.43>
ST_35 : Operation 136 [37/68] (2.43ns)   --->   "%empty_39 = writeresp i1 @_ssdm_op_WriteResp.m_axi.p1i128, i128 %gmem0_addr" [/home/efrink/mled/split_cu/U280_CRC_Accelerator/src/kernel.cpp:353]   --->   Operation 136 'writeresp' 'empty_39' <Predicate = true> <Delay = 2.43> <CoreInst = "m_axi">   --->   Core 121 'm_axi' <Latency = 0> <II = 1> <Delay = 1.00> <Adapter> <Opcode : 'read' 'write' 'readreq' 'writereq' 'writeresp'>

State 36 <SV = 35> <Delay = 2.43>
ST_36 : Operation 137 [36/68] (2.43ns)   --->   "%empty_39 = writeresp i1 @_ssdm_op_WriteResp.m_axi.p1i128, i128 %gmem0_addr" [/home/efrink/mled/split_cu/U280_CRC_Accelerator/src/kernel.cpp:353]   --->   Operation 137 'writeresp' 'empty_39' <Predicate = true> <Delay = 2.43> <CoreInst = "m_axi">   --->   Core 121 'm_axi' <Latency = 0> <II = 1> <Delay = 1.00> <Adapter> <Opcode : 'read' 'write' 'readreq' 'writereq' 'writeresp'>

State 37 <SV = 36> <Delay = 2.43>
ST_37 : Operation 138 [35/68] (2.43ns)   --->   "%empty_39 = writeresp i1 @_ssdm_op_WriteResp.m_axi.p1i128, i128 %gmem0_addr" [/home/efrink/mled/split_cu/U280_CRC_Accelerator/src/kernel.cpp:353]   --->   Operation 138 'writeresp' 'empty_39' <Predicate = true> <Delay = 2.43> <CoreInst = "m_axi">   --->   Core 121 'm_axi' <Latency = 0> <II = 1> <Delay = 1.00> <Adapter> <Opcode : 'read' 'write' 'readreq' 'writereq' 'writeresp'>

State 38 <SV = 37> <Delay = 2.43>
ST_38 : Operation 139 [34/68] (2.43ns)   --->   "%empty_39 = writeresp i1 @_ssdm_op_WriteResp.m_axi.p1i128, i128 %gmem0_addr" [/home/efrink/mled/split_cu/U280_CRC_Accelerator/src/kernel.cpp:353]   --->   Operation 139 'writeresp' 'empty_39' <Predicate = true> <Delay = 2.43> <CoreInst = "m_axi">   --->   Core 121 'm_axi' <Latency = 0> <II = 1> <Delay = 1.00> <Adapter> <Opcode : 'read' 'write' 'readreq' 'writereq' 'writeresp'>

State 39 <SV = 38> <Delay = 2.43>
ST_39 : Operation 140 [33/68] (2.43ns)   --->   "%empty_39 = writeresp i1 @_ssdm_op_WriteResp.m_axi.p1i128, i128 %gmem0_addr" [/home/efrink/mled/split_cu/U280_CRC_Accelerator/src/kernel.cpp:353]   --->   Operation 140 'writeresp' 'empty_39' <Predicate = true> <Delay = 2.43> <CoreInst = "m_axi">   --->   Core 121 'm_axi' <Latency = 0> <II = 1> <Delay = 1.00> <Adapter> <Opcode : 'read' 'write' 'readreq' 'writereq' 'writeresp'>

State 40 <SV = 39> <Delay = 2.43>
ST_40 : Operation 141 [32/68] (2.43ns)   --->   "%empty_39 = writeresp i1 @_ssdm_op_WriteResp.m_axi.p1i128, i128 %gmem0_addr" [/home/efrink/mled/split_cu/U280_CRC_Accelerator/src/kernel.cpp:353]   --->   Operation 141 'writeresp' 'empty_39' <Predicate = true> <Delay = 2.43> <CoreInst = "m_axi">   --->   Core 121 'm_axi' <Latency = 0> <II = 1> <Delay = 1.00> <Adapter> <Opcode : 'read' 'write' 'readreq' 'writereq' 'writeresp'>

State 41 <SV = 40> <Delay = 2.43>
ST_41 : Operation 142 [31/68] (2.43ns)   --->   "%empty_39 = writeresp i1 @_ssdm_op_WriteResp.m_axi.p1i128, i128 %gmem0_addr" [/home/efrink/mled/split_cu/U280_CRC_Accelerator/src/kernel.cpp:353]   --->   Operation 142 'writeresp' 'empty_39' <Predicate = true> <Delay = 2.43> <CoreInst = "m_axi">   --->   Core 121 'm_axi' <Latency = 0> <II = 1> <Delay = 1.00> <Adapter> <Opcode : 'read' 'write' 'readreq' 'writereq' 'writeresp'>

State 42 <SV = 41> <Delay = 2.43>
ST_42 : Operation 143 [30/68] (2.43ns)   --->   "%empty_39 = writeresp i1 @_ssdm_op_WriteResp.m_axi.p1i128, i128 %gmem0_addr" [/home/efrink/mled/split_cu/U280_CRC_Accelerator/src/kernel.cpp:353]   --->   Operation 143 'writeresp' 'empty_39' <Predicate = true> <Delay = 2.43> <CoreInst = "m_axi">   --->   Core 121 'm_axi' <Latency = 0> <II = 1> <Delay = 1.00> <Adapter> <Opcode : 'read' 'write' 'readreq' 'writereq' 'writeresp'>

State 43 <SV = 42> <Delay = 2.43>
ST_43 : Operation 144 [29/68] (2.43ns)   --->   "%empty_39 = writeresp i1 @_ssdm_op_WriteResp.m_axi.p1i128, i128 %gmem0_addr" [/home/efrink/mled/split_cu/U280_CRC_Accelerator/src/kernel.cpp:353]   --->   Operation 144 'writeresp' 'empty_39' <Predicate = true> <Delay = 2.43> <CoreInst = "m_axi">   --->   Core 121 'm_axi' <Latency = 0> <II = 1> <Delay = 1.00> <Adapter> <Opcode : 'read' 'write' 'readreq' 'writereq' 'writeresp'>

State 44 <SV = 43> <Delay = 2.43>
ST_44 : Operation 145 [28/68] (2.43ns)   --->   "%empty_39 = writeresp i1 @_ssdm_op_WriteResp.m_axi.p1i128, i128 %gmem0_addr" [/home/efrink/mled/split_cu/U280_CRC_Accelerator/src/kernel.cpp:353]   --->   Operation 145 'writeresp' 'empty_39' <Predicate = true> <Delay = 2.43> <CoreInst = "m_axi">   --->   Core 121 'm_axi' <Latency = 0> <II = 1> <Delay = 1.00> <Adapter> <Opcode : 'read' 'write' 'readreq' 'writereq' 'writeresp'>

State 45 <SV = 44> <Delay = 2.43>
ST_45 : Operation 146 [27/68] (2.43ns)   --->   "%empty_39 = writeresp i1 @_ssdm_op_WriteResp.m_axi.p1i128, i128 %gmem0_addr" [/home/efrink/mled/split_cu/U280_CRC_Accelerator/src/kernel.cpp:353]   --->   Operation 146 'writeresp' 'empty_39' <Predicate = true> <Delay = 2.43> <CoreInst = "m_axi">   --->   Core 121 'm_axi' <Latency = 0> <II = 1> <Delay = 1.00> <Adapter> <Opcode : 'read' 'write' 'readreq' 'writereq' 'writeresp'>

State 46 <SV = 45> <Delay = 2.43>
ST_46 : Operation 147 [26/68] (2.43ns)   --->   "%empty_39 = writeresp i1 @_ssdm_op_WriteResp.m_axi.p1i128, i128 %gmem0_addr" [/home/efrink/mled/split_cu/U280_CRC_Accelerator/src/kernel.cpp:353]   --->   Operation 147 'writeresp' 'empty_39' <Predicate = true> <Delay = 2.43> <CoreInst = "m_axi">   --->   Core 121 'm_axi' <Latency = 0> <II = 1> <Delay = 1.00> <Adapter> <Opcode : 'read' 'write' 'readreq' 'writereq' 'writeresp'>

State 47 <SV = 46> <Delay = 2.43>
ST_47 : Operation 148 [25/68] (2.43ns)   --->   "%empty_39 = writeresp i1 @_ssdm_op_WriteResp.m_axi.p1i128, i128 %gmem0_addr" [/home/efrink/mled/split_cu/U280_CRC_Accelerator/src/kernel.cpp:353]   --->   Operation 148 'writeresp' 'empty_39' <Predicate = true> <Delay = 2.43> <CoreInst = "m_axi">   --->   Core 121 'm_axi' <Latency = 0> <II = 1> <Delay = 1.00> <Adapter> <Opcode : 'read' 'write' 'readreq' 'writereq' 'writeresp'>

State 48 <SV = 47> <Delay = 2.43>
ST_48 : Operation 149 [24/68] (2.43ns)   --->   "%empty_39 = writeresp i1 @_ssdm_op_WriteResp.m_axi.p1i128, i128 %gmem0_addr" [/home/efrink/mled/split_cu/U280_CRC_Accelerator/src/kernel.cpp:353]   --->   Operation 149 'writeresp' 'empty_39' <Predicate = true> <Delay = 2.43> <CoreInst = "m_axi">   --->   Core 121 'm_axi' <Latency = 0> <II = 1> <Delay = 1.00> <Adapter> <Opcode : 'read' 'write' 'readreq' 'writereq' 'writeresp'>

State 49 <SV = 48> <Delay = 2.43>
ST_49 : Operation 150 [23/68] (2.43ns)   --->   "%empty_39 = writeresp i1 @_ssdm_op_WriteResp.m_axi.p1i128, i128 %gmem0_addr" [/home/efrink/mled/split_cu/U280_CRC_Accelerator/src/kernel.cpp:353]   --->   Operation 150 'writeresp' 'empty_39' <Predicate = true> <Delay = 2.43> <CoreInst = "m_axi">   --->   Core 121 'm_axi' <Latency = 0> <II = 1> <Delay = 1.00> <Adapter> <Opcode : 'read' 'write' 'readreq' 'writereq' 'writeresp'>

State 50 <SV = 49> <Delay = 2.43>
ST_50 : Operation 151 [22/68] (2.43ns)   --->   "%empty_39 = writeresp i1 @_ssdm_op_WriteResp.m_axi.p1i128, i128 %gmem0_addr" [/home/efrink/mled/split_cu/U280_CRC_Accelerator/src/kernel.cpp:353]   --->   Operation 151 'writeresp' 'empty_39' <Predicate = true> <Delay = 2.43> <CoreInst = "m_axi">   --->   Core 121 'm_axi' <Latency = 0> <II = 1> <Delay = 1.00> <Adapter> <Opcode : 'read' 'write' 'readreq' 'writereq' 'writeresp'>

State 51 <SV = 50> <Delay = 2.43>
ST_51 : Operation 152 [21/68] (2.43ns)   --->   "%empty_39 = writeresp i1 @_ssdm_op_WriteResp.m_axi.p1i128, i128 %gmem0_addr" [/home/efrink/mled/split_cu/U280_CRC_Accelerator/src/kernel.cpp:353]   --->   Operation 152 'writeresp' 'empty_39' <Predicate = true> <Delay = 2.43> <CoreInst = "m_axi">   --->   Core 121 'm_axi' <Latency = 0> <II = 1> <Delay = 1.00> <Adapter> <Opcode : 'read' 'write' 'readreq' 'writereq' 'writeresp'>

State 52 <SV = 51> <Delay = 2.43>
ST_52 : Operation 153 [20/68] (2.43ns)   --->   "%empty_39 = writeresp i1 @_ssdm_op_WriteResp.m_axi.p1i128, i128 %gmem0_addr" [/home/efrink/mled/split_cu/U280_CRC_Accelerator/src/kernel.cpp:353]   --->   Operation 153 'writeresp' 'empty_39' <Predicate = true> <Delay = 2.43> <CoreInst = "m_axi">   --->   Core 121 'm_axi' <Latency = 0> <II = 1> <Delay = 1.00> <Adapter> <Opcode : 'read' 'write' 'readreq' 'writereq' 'writeresp'>

State 53 <SV = 52> <Delay = 2.43>
ST_53 : Operation 154 [19/68] (2.43ns)   --->   "%empty_39 = writeresp i1 @_ssdm_op_WriteResp.m_axi.p1i128, i128 %gmem0_addr" [/home/efrink/mled/split_cu/U280_CRC_Accelerator/src/kernel.cpp:353]   --->   Operation 154 'writeresp' 'empty_39' <Predicate = true> <Delay = 2.43> <CoreInst = "m_axi">   --->   Core 121 'm_axi' <Latency = 0> <II = 1> <Delay = 1.00> <Adapter> <Opcode : 'read' 'write' 'readreq' 'writereq' 'writeresp'>

State 54 <SV = 53> <Delay = 2.43>
ST_54 : Operation 155 [18/68] (2.43ns)   --->   "%empty_39 = writeresp i1 @_ssdm_op_WriteResp.m_axi.p1i128, i128 %gmem0_addr" [/home/efrink/mled/split_cu/U280_CRC_Accelerator/src/kernel.cpp:353]   --->   Operation 155 'writeresp' 'empty_39' <Predicate = true> <Delay = 2.43> <CoreInst = "m_axi">   --->   Core 121 'm_axi' <Latency = 0> <II = 1> <Delay = 1.00> <Adapter> <Opcode : 'read' 'write' 'readreq' 'writereq' 'writeresp'>

State 55 <SV = 54> <Delay = 2.43>
ST_55 : Operation 156 [17/68] (2.43ns)   --->   "%empty_39 = writeresp i1 @_ssdm_op_WriteResp.m_axi.p1i128, i128 %gmem0_addr" [/home/efrink/mled/split_cu/U280_CRC_Accelerator/src/kernel.cpp:353]   --->   Operation 156 'writeresp' 'empty_39' <Predicate = true> <Delay = 2.43> <CoreInst = "m_axi">   --->   Core 121 'm_axi' <Latency = 0> <II = 1> <Delay = 1.00> <Adapter> <Opcode : 'read' 'write' 'readreq' 'writereq' 'writeresp'>

State 56 <SV = 55> <Delay = 2.43>
ST_56 : Operation 157 [16/68] (2.43ns)   --->   "%empty_39 = writeresp i1 @_ssdm_op_WriteResp.m_axi.p1i128, i128 %gmem0_addr" [/home/efrink/mled/split_cu/U280_CRC_Accelerator/src/kernel.cpp:353]   --->   Operation 157 'writeresp' 'empty_39' <Predicate = true> <Delay = 2.43> <CoreInst = "m_axi">   --->   Core 121 'm_axi' <Latency = 0> <II = 1> <Delay = 1.00> <Adapter> <Opcode : 'read' 'write' 'readreq' 'writereq' 'writeresp'>

State 57 <SV = 56> <Delay = 2.43>
ST_57 : Operation 158 [15/68] (2.43ns)   --->   "%empty_39 = writeresp i1 @_ssdm_op_WriteResp.m_axi.p1i128, i128 %gmem0_addr" [/home/efrink/mled/split_cu/U280_CRC_Accelerator/src/kernel.cpp:353]   --->   Operation 158 'writeresp' 'empty_39' <Predicate = true> <Delay = 2.43> <CoreInst = "m_axi">   --->   Core 121 'm_axi' <Latency = 0> <II = 1> <Delay = 1.00> <Adapter> <Opcode : 'read' 'write' 'readreq' 'writereq' 'writeresp'>

State 58 <SV = 57> <Delay = 2.43>
ST_58 : Operation 159 [14/68] (2.43ns)   --->   "%empty_39 = writeresp i1 @_ssdm_op_WriteResp.m_axi.p1i128, i128 %gmem0_addr" [/home/efrink/mled/split_cu/U280_CRC_Accelerator/src/kernel.cpp:353]   --->   Operation 159 'writeresp' 'empty_39' <Predicate = true> <Delay = 2.43> <CoreInst = "m_axi">   --->   Core 121 'm_axi' <Latency = 0> <II = 1> <Delay = 1.00> <Adapter> <Opcode : 'read' 'write' 'readreq' 'writereq' 'writeresp'>

State 59 <SV = 58> <Delay = 2.43>
ST_59 : Operation 160 [13/68] (2.43ns)   --->   "%empty_39 = writeresp i1 @_ssdm_op_WriteResp.m_axi.p1i128, i128 %gmem0_addr" [/home/efrink/mled/split_cu/U280_CRC_Accelerator/src/kernel.cpp:353]   --->   Operation 160 'writeresp' 'empty_39' <Predicate = true> <Delay = 2.43> <CoreInst = "m_axi">   --->   Core 121 'm_axi' <Latency = 0> <II = 1> <Delay = 1.00> <Adapter> <Opcode : 'read' 'write' 'readreq' 'writereq' 'writeresp'>

State 60 <SV = 59> <Delay = 2.43>
ST_60 : Operation 161 [12/68] (2.43ns)   --->   "%empty_39 = writeresp i1 @_ssdm_op_WriteResp.m_axi.p1i128, i128 %gmem0_addr" [/home/efrink/mled/split_cu/U280_CRC_Accelerator/src/kernel.cpp:353]   --->   Operation 161 'writeresp' 'empty_39' <Predicate = true> <Delay = 2.43> <CoreInst = "m_axi">   --->   Core 121 'm_axi' <Latency = 0> <II = 1> <Delay = 1.00> <Adapter> <Opcode : 'read' 'write' 'readreq' 'writereq' 'writeresp'>

State 61 <SV = 60> <Delay = 2.43>
ST_61 : Operation 162 [11/68] (2.43ns)   --->   "%empty_39 = writeresp i1 @_ssdm_op_WriteResp.m_axi.p1i128, i128 %gmem0_addr" [/home/efrink/mled/split_cu/U280_CRC_Accelerator/src/kernel.cpp:353]   --->   Operation 162 'writeresp' 'empty_39' <Predicate = true> <Delay = 2.43> <CoreInst = "m_axi">   --->   Core 121 'm_axi' <Latency = 0> <II = 1> <Delay = 1.00> <Adapter> <Opcode : 'read' 'write' 'readreq' 'writereq' 'writeresp'>

State 62 <SV = 61> <Delay = 2.43>
ST_62 : Operation 163 [10/68] (2.43ns)   --->   "%empty_39 = writeresp i1 @_ssdm_op_WriteResp.m_axi.p1i128, i128 %gmem0_addr" [/home/efrink/mled/split_cu/U280_CRC_Accelerator/src/kernel.cpp:353]   --->   Operation 163 'writeresp' 'empty_39' <Predicate = true> <Delay = 2.43> <CoreInst = "m_axi">   --->   Core 121 'm_axi' <Latency = 0> <II = 1> <Delay = 1.00> <Adapter> <Opcode : 'read' 'write' 'readreq' 'writereq' 'writeresp'>

State 63 <SV = 62> <Delay = 2.43>
ST_63 : Operation 164 [9/68] (2.43ns)   --->   "%empty_39 = writeresp i1 @_ssdm_op_WriteResp.m_axi.p1i128, i128 %gmem0_addr" [/home/efrink/mled/split_cu/U280_CRC_Accelerator/src/kernel.cpp:353]   --->   Operation 164 'writeresp' 'empty_39' <Predicate = true> <Delay = 2.43> <CoreInst = "m_axi">   --->   Core 121 'm_axi' <Latency = 0> <II = 1> <Delay = 1.00> <Adapter> <Opcode : 'read' 'write' 'readreq' 'writereq' 'writeresp'>

State 64 <SV = 63> <Delay = 2.43>
ST_64 : Operation 165 [8/68] (2.43ns)   --->   "%empty_39 = writeresp i1 @_ssdm_op_WriteResp.m_axi.p1i128, i128 %gmem0_addr" [/home/efrink/mled/split_cu/U280_CRC_Accelerator/src/kernel.cpp:353]   --->   Operation 165 'writeresp' 'empty_39' <Predicate = true> <Delay = 2.43> <CoreInst = "m_axi">   --->   Core 121 'm_axi' <Latency = 0> <II = 1> <Delay = 1.00> <Adapter> <Opcode : 'read' 'write' 'readreq' 'writereq' 'writeresp'>

State 65 <SV = 64> <Delay = 2.43>
ST_65 : Operation 166 [7/68] (2.43ns)   --->   "%empty_39 = writeresp i1 @_ssdm_op_WriteResp.m_axi.p1i128, i128 %gmem0_addr" [/home/efrink/mled/split_cu/U280_CRC_Accelerator/src/kernel.cpp:353]   --->   Operation 166 'writeresp' 'empty_39' <Predicate = true> <Delay = 2.43> <CoreInst = "m_axi">   --->   Core 121 'm_axi' <Latency = 0> <II = 1> <Delay = 1.00> <Adapter> <Opcode : 'read' 'write' 'readreq' 'writereq' 'writeresp'>

State 66 <SV = 65> <Delay = 2.43>
ST_66 : Operation 167 [6/68] (2.43ns)   --->   "%empty_39 = writeresp i1 @_ssdm_op_WriteResp.m_axi.p1i128, i128 %gmem0_addr" [/home/efrink/mled/split_cu/U280_CRC_Accelerator/src/kernel.cpp:353]   --->   Operation 167 'writeresp' 'empty_39' <Predicate = true> <Delay = 2.43> <CoreInst = "m_axi">   --->   Core 121 'm_axi' <Latency = 0> <II = 1> <Delay = 1.00> <Adapter> <Opcode : 'read' 'write' 'readreq' 'writereq' 'writeresp'>

State 67 <SV = 66> <Delay = 2.43>
ST_67 : Operation 168 [5/68] (2.43ns)   --->   "%empty_39 = writeresp i1 @_ssdm_op_WriteResp.m_axi.p1i128, i128 %gmem0_addr" [/home/efrink/mled/split_cu/U280_CRC_Accelerator/src/kernel.cpp:353]   --->   Operation 168 'writeresp' 'empty_39' <Predicate = true> <Delay = 2.43> <CoreInst = "m_axi">   --->   Core 121 'm_axi' <Latency = 0> <II = 1> <Delay = 1.00> <Adapter> <Opcode : 'read' 'write' 'readreq' 'writereq' 'writeresp'>

State 68 <SV = 67> <Delay = 2.43>
ST_68 : Operation 169 [4/68] (2.43ns)   --->   "%empty_39 = writeresp i1 @_ssdm_op_WriteResp.m_axi.p1i128, i128 %gmem0_addr" [/home/efrink/mled/split_cu/U280_CRC_Accelerator/src/kernel.cpp:353]   --->   Operation 169 'writeresp' 'empty_39' <Predicate = true> <Delay = 2.43> <CoreInst = "m_axi">   --->   Core 121 'm_axi' <Latency = 0> <II = 1> <Delay = 1.00> <Adapter> <Opcode : 'read' 'write' 'readreq' 'writereq' 'writeresp'>

State 69 <SV = 68> <Delay = 2.43>
ST_69 : Operation 170 [3/68] (2.43ns)   --->   "%empty_39 = writeresp i1 @_ssdm_op_WriteResp.m_axi.p1i128, i128 %gmem0_addr" [/home/efrink/mled/split_cu/U280_CRC_Accelerator/src/kernel.cpp:353]   --->   Operation 170 'writeresp' 'empty_39' <Predicate = true> <Delay = 2.43> <CoreInst = "m_axi">   --->   Core 121 'm_axi' <Latency = 0> <II = 1> <Delay = 1.00> <Adapter> <Opcode : 'read' 'write' 'readreq' 'writereq' 'writeresp'>

State 70 <SV = 69> <Delay = 2.43>
ST_70 : Operation 171 [2/68] (2.43ns)   --->   "%empty_39 = writeresp i1 @_ssdm_op_WriteResp.m_axi.p1i128, i128 %gmem0_addr" [/home/efrink/mled/split_cu/U280_CRC_Accelerator/src/kernel.cpp:353]   --->   Operation 171 'writeresp' 'empty_39' <Predicate = true> <Delay = 2.43> <CoreInst = "m_axi">   --->   Core 121 'm_axi' <Latency = 0> <II = 1> <Delay = 1.00> <Adapter> <Opcode : 'read' 'write' 'readreq' 'writereq' 'writeresp'>
ST_70 : Operation 176 [1/1] (0.00ns)   --->   "%ret_ln0 = ret"   --->   Operation 176 'ret' 'ret_ln0' <Predicate = (icmp_ln350)> <Delay = 0.00>

State 71 <SV = 70> <Delay = 2.43>
ST_71 : Operation 172 [1/1] (0.00ns)   --->   "%specpipeline_ln352 = specpipeline void @_ssdm_op_SpecPipeline, i32 1, i32 0, i32 0, i32 0, void @empty_23" [/home/efrink/mled/split_cu/U280_CRC_Accelerator/src/kernel.cpp:352]   --->   Operation 172 'specpipeline' 'specpipeline_ln352' <Predicate = true> <Delay = 0.00>
ST_71 : Operation 173 [1/1] (0.00ns)   --->   "%specloopname_ln350 = specloopname void @_ssdm_op_SpecLoopName, void @empty_9" [/home/efrink/mled/split_cu/U280_CRC_Accelerator/src/kernel.cpp:350]   --->   Operation 173 'specloopname' 'specloopname_ln350' <Predicate = true> <Delay = 0.00>
ST_71 : Operation 174 [1/68] (2.43ns)   --->   "%empty_39 = writeresp i1 @_ssdm_op_WriteResp.m_axi.p1i128, i128 %gmem0_addr" [/home/efrink/mled/split_cu/U280_CRC_Accelerator/src/kernel.cpp:353]   --->   Operation 174 'writeresp' 'empty_39' <Predicate = true> <Delay = 2.43> <CoreInst = "m_axi">   --->   Core 121 'm_axi' <Latency = 0> <II = 1> <Delay = 1.00> <Adapter> <Opcode : 'read' 'write' 'readreq' 'writereq' 'writeresp'>
ST_71 : Operation 175 [1/1] (0.00ns)   --->   "%br_ln350 = br void %for.inc" [/home/efrink/mled/split_cu/U280_CRC_Accelerator/src/kernel.cpp:350]   --->   Operation 175 'br' 'br_ln350' <Predicate = true> <Delay = 0.00>


============================================================
+ Verbose Summary: Timing violations
============================================================
Target clock period: 3.33ns, clock uncertainty: 0.9ns.

 <State 1>: 1.27ns
The critical path consists of the following:
	'alloca' operation ('i') [6]  (0 ns)
	'load' operation ('i', /home/efrink/mled/split_cu/U280_CRC_Accelerator/src/kernel.cpp:353) on local variable 'i' [15]  (0 ns)
	'add' operation ('add_ln350', /home/efrink/mled/split_cu/U280_CRC_Accelerator/src/kernel.cpp:350) [17]  (0.88 ns)
	'store' operation ('store_ln350', /home/efrink/mled/split_cu/U280_CRC_Accelerator/src/kernel.cpp:350) of variable 'add_ln350', /home/efrink/mled/split_cu/U280_CRC_Accelerator/src/kernel.cpp:350 on local variable 'i' [41]  (0.387 ns)

 <State 2>: 2.43ns
The critical path consists of the following:
	'getelementptr' operation ('gmem0_addr', /home/efrink/mled/split_cu/U280_CRC_Accelerator/src/kernel.cpp:353) [37]  (0 ns)
	bus request operation ('empty', /home/efrink/mled/split_cu/U280_CRC_Accelerator/src/kernel.cpp:353) on port 'gmem0' (/home/efrink/mled/split_cu/U280_CRC_Accelerator/src/kernel.cpp:353) [38]  (2.43 ns)

 <State 3>: 2.43ns
The critical path consists of the following:
	bus write operation ('write_ln353', /home/efrink/mled/split_cu/U280_CRC_Accelerator/src/kernel.cpp:353) on port 'gmem0' (/home/efrink/mled/split_cu/U280_CRC_Accelerator/src/kernel.cpp:353) [39]  (2.43 ns)

 <State 4>: 2.43ns
The critical path consists of the following:
	bus response operation ('empty_39', /home/efrink/mled/split_cu/U280_CRC_Accelerator/src/kernel.cpp:353) on port 'gmem0' (/home/efrink/mled/split_cu/U280_CRC_Accelerator/src/kernel.cpp:353) [40]  (2.43 ns)

 <State 5>: 2.43ns
The critical path consists of the following:
	bus response operation ('empty_39', /home/efrink/mled/split_cu/U280_CRC_Accelerator/src/kernel.cpp:353) on port 'gmem0' (/home/efrink/mled/split_cu/U280_CRC_Accelerator/src/kernel.cpp:353) [40]  (2.43 ns)

 <State 6>: 2.43ns
The critical path consists of the following:
	bus response operation ('empty_39', /home/efrink/mled/split_cu/U280_CRC_Accelerator/src/kernel.cpp:353) on port 'gmem0' (/home/efrink/mled/split_cu/U280_CRC_Accelerator/src/kernel.cpp:353) [40]  (2.43 ns)

 <State 7>: 2.43ns
The critical path consists of the following:
	bus response operation ('empty_39', /home/efrink/mled/split_cu/U280_CRC_Accelerator/src/kernel.cpp:353) on port 'gmem0' (/home/efrink/mled/split_cu/U280_CRC_Accelerator/src/kernel.cpp:353) [40]  (2.43 ns)

 <State 8>: 2.43ns
The critical path consists of the following:
	bus response operation ('empty_39', /home/efrink/mled/split_cu/U280_CRC_Accelerator/src/kernel.cpp:353) on port 'gmem0' (/home/efrink/mled/split_cu/U280_CRC_Accelerator/src/kernel.cpp:353) [40]  (2.43 ns)

 <State 9>: 2.43ns
The critical path consists of the following:
	bus response operation ('empty_39', /home/efrink/mled/split_cu/U280_CRC_Accelerator/src/kernel.cpp:353) on port 'gmem0' (/home/efrink/mled/split_cu/U280_CRC_Accelerator/src/kernel.cpp:353) [40]  (2.43 ns)

 <State 10>: 2.43ns
The critical path consists of the following:
	bus response operation ('empty_39', /home/efrink/mled/split_cu/U280_CRC_Accelerator/src/kernel.cpp:353) on port 'gmem0' (/home/efrink/mled/split_cu/U280_CRC_Accelerator/src/kernel.cpp:353) [40]  (2.43 ns)

 <State 11>: 2.43ns
The critical path consists of the following:
	bus response operation ('empty_39', /home/efrink/mled/split_cu/U280_CRC_Accelerator/src/kernel.cpp:353) on port 'gmem0' (/home/efrink/mled/split_cu/U280_CRC_Accelerator/src/kernel.cpp:353) [40]  (2.43 ns)

 <State 12>: 2.43ns
The critical path consists of the following:
	bus response operation ('empty_39', /home/efrink/mled/split_cu/U280_CRC_Accelerator/src/kernel.cpp:353) on port 'gmem0' (/home/efrink/mled/split_cu/U280_CRC_Accelerator/src/kernel.cpp:353) [40]  (2.43 ns)

 <State 13>: 2.43ns
The critical path consists of the following:
	bus response operation ('empty_39', /home/efrink/mled/split_cu/U280_CRC_Accelerator/src/kernel.cpp:353) on port 'gmem0' (/home/efrink/mled/split_cu/U280_CRC_Accelerator/src/kernel.cpp:353) [40]  (2.43 ns)

 <State 14>: 2.43ns
The critical path consists of the following:
	bus response operation ('empty_39', /home/efrink/mled/split_cu/U280_CRC_Accelerator/src/kernel.cpp:353) on port 'gmem0' (/home/efrink/mled/split_cu/U280_CRC_Accelerator/src/kernel.cpp:353) [40]  (2.43 ns)

 <State 15>: 2.43ns
The critical path consists of the following:
	bus response operation ('empty_39', /home/efrink/mled/split_cu/U280_CRC_Accelerator/src/kernel.cpp:353) on port 'gmem0' (/home/efrink/mled/split_cu/U280_CRC_Accelerator/src/kernel.cpp:353) [40]  (2.43 ns)

 <State 16>: 2.43ns
The critical path consists of the following:
	bus response operation ('empty_39', /home/efrink/mled/split_cu/U280_CRC_Accelerator/src/kernel.cpp:353) on port 'gmem0' (/home/efrink/mled/split_cu/U280_CRC_Accelerator/src/kernel.cpp:353) [40]  (2.43 ns)

 <State 17>: 2.43ns
The critical path consists of the following:
	bus response operation ('empty_39', /home/efrink/mled/split_cu/U280_CRC_Accelerator/src/kernel.cpp:353) on port 'gmem0' (/home/efrink/mled/split_cu/U280_CRC_Accelerator/src/kernel.cpp:353) [40]  (2.43 ns)

 <State 18>: 2.43ns
The critical path consists of the following:
	bus response operation ('empty_39', /home/efrink/mled/split_cu/U280_CRC_Accelerator/src/kernel.cpp:353) on port 'gmem0' (/home/efrink/mled/split_cu/U280_CRC_Accelerator/src/kernel.cpp:353) [40]  (2.43 ns)

 <State 19>: 2.43ns
The critical path consists of the following:
	bus response operation ('empty_39', /home/efrink/mled/split_cu/U280_CRC_Accelerator/src/kernel.cpp:353) on port 'gmem0' (/home/efrink/mled/split_cu/U280_CRC_Accelerator/src/kernel.cpp:353) [40]  (2.43 ns)

 <State 20>: 2.43ns
The critical path consists of the following:
	bus response operation ('empty_39', /home/efrink/mled/split_cu/U280_CRC_Accelerator/src/kernel.cpp:353) on port 'gmem0' (/home/efrink/mled/split_cu/U280_CRC_Accelerator/src/kernel.cpp:353) [40]  (2.43 ns)

 <State 21>: 2.43ns
The critical path consists of the following:
	bus response operation ('empty_39', /home/efrink/mled/split_cu/U280_CRC_Accelerator/src/kernel.cpp:353) on port 'gmem0' (/home/efrink/mled/split_cu/U280_CRC_Accelerator/src/kernel.cpp:353) [40]  (2.43 ns)

 <State 22>: 2.43ns
The critical path consists of the following:
	bus response operation ('empty_39', /home/efrink/mled/split_cu/U280_CRC_Accelerator/src/kernel.cpp:353) on port 'gmem0' (/home/efrink/mled/split_cu/U280_CRC_Accelerator/src/kernel.cpp:353) [40]  (2.43 ns)

 <State 23>: 2.43ns
The critical path consists of the following:
	bus response operation ('empty_39', /home/efrink/mled/split_cu/U280_CRC_Accelerator/src/kernel.cpp:353) on port 'gmem0' (/home/efrink/mled/split_cu/U280_CRC_Accelerator/src/kernel.cpp:353) [40]  (2.43 ns)

 <State 24>: 2.43ns
The critical path consists of the following:
	bus response operation ('empty_39', /home/efrink/mled/split_cu/U280_CRC_Accelerator/src/kernel.cpp:353) on port 'gmem0' (/home/efrink/mled/split_cu/U280_CRC_Accelerator/src/kernel.cpp:353) [40]  (2.43 ns)

 <State 25>: 2.43ns
The critical path consists of the following:
	bus response operation ('empty_39', /home/efrink/mled/split_cu/U280_CRC_Accelerator/src/kernel.cpp:353) on port 'gmem0' (/home/efrink/mled/split_cu/U280_CRC_Accelerator/src/kernel.cpp:353) [40]  (2.43 ns)

 <State 26>: 2.43ns
The critical path consists of the following:
	bus response operation ('empty_39', /home/efrink/mled/split_cu/U280_CRC_Accelerator/src/kernel.cpp:353) on port 'gmem0' (/home/efrink/mled/split_cu/U280_CRC_Accelerator/src/kernel.cpp:353) [40]  (2.43 ns)

 <State 27>: 2.43ns
The critical path consists of the following:
	bus response operation ('empty_39', /home/efrink/mled/split_cu/U280_CRC_Accelerator/src/kernel.cpp:353) on port 'gmem0' (/home/efrink/mled/split_cu/U280_CRC_Accelerator/src/kernel.cpp:353) [40]  (2.43 ns)

 <State 28>: 2.43ns
The critical path consists of the following:
	bus response operation ('empty_39', /home/efrink/mled/split_cu/U280_CRC_Accelerator/src/kernel.cpp:353) on port 'gmem0' (/home/efrink/mled/split_cu/U280_CRC_Accelerator/src/kernel.cpp:353) [40]  (2.43 ns)

 <State 29>: 2.43ns
The critical path consists of the following:
	bus response operation ('empty_39', /home/efrink/mled/split_cu/U280_CRC_Accelerator/src/kernel.cpp:353) on port 'gmem0' (/home/efrink/mled/split_cu/U280_CRC_Accelerator/src/kernel.cpp:353) [40]  (2.43 ns)

 <State 30>: 2.43ns
The critical path consists of the following:
	bus response operation ('empty_39', /home/efrink/mled/split_cu/U280_CRC_Accelerator/src/kernel.cpp:353) on port 'gmem0' (/home/efrink/mled/split_cu/U280_CRC_Accelerator/src/kernel.cpp:353) [40]  (2.43 ns)

 <State 31>: 2.43ns
The critical path consists of the following:
	bus response operation ('empty_39', /home/efrink/mled/split_cu/U280_CRC_Accelerator/src/kernel.cpp:353) on port 'gmem0' (/home/efrink/mled/split_cu/U280_CRC_Accelerator/src/kernel.cpp:353) [40]  (2.43 ns)

 <State 32>: 2.43ns
The critical path consists of the following:
	bus response operation ('empty_39', /home/efrink/mled/split_cu/U280_CRC_Accelerator/src/kernel.cpp:353) on port 'gmem0' (/home/efrink/mled/split_cu/U280_CRC_Accelerator/src/kernel.cpp:353) [40]  (2.43 ns)

 <State 33>: 2.43ns
The critical path consists of the following:
	bus response operation ('empty_39', /home/efrink/mled/split_cu/U280_CRC_Accelerator/src/kernel.cpp:353) on port 'gmem0' (/home/efrink/mled/split_cu/U280_CRC_Accelerator/src/kernel.cpp:353) [40]  (2.43 ns)

 <State 34>: 2.43ns
The critical path consists of the following:
	bus response operation ('empty_39', /home/efrink/mled/split_cu/U280_CRC_Accelerator/src/kernel.cpp:353) on port 'gmem0' (/home/efrink/mled/split_cu/U280_CRC_Accelerator/src/kernel.cpp:353) [40]  (2.43 ns)

 <State 35>: 2.43ns
The critical path consists of the following:
	bus response operation ('empty_39', /home/efrink/mled/split_cu/U280_CRC_Accelerator/src/kernel.cpp:353) on port 'gmem0' (/home/efrink/mled/split_cu/U280_CRC_Accelerator/src/kernel.cpp:353) [40]  (2.43 ns)

 <State 36>: 2.43ns
The critical path consists of the following:
	bus response operation ('empty_39', /home/efrink/mled/split_cu/U280_CRC_Accelerator/src/kernel.cpp:353) on port 'gmem0' (/home/efrink/mled/split_cu/U280_CRC_Accelerator/src/kernel.cpp:353) [40]  (2.43 ns)

 <State 37>: 2.43ns
The critical path consists of the following:
	bus response operation ('empty_39', /home/efrink/mled/split_cu/U280_CRC_Accelerator/src/kernel.cpp:353) on port 'gmem0' (/home/efrink/mled/split_cu/U280_CRC_Accelerator/src/kernel.cpp:353) [40]  (2.43 ns)

 <State 38>: 2.43ns
The critical path consists of the following:
	bus response operation ('empty_39', /home/efrink/mled/split_cu/U280_CRC_Accelerator/src/kernel.cpp:353) on port 'gmem0' (/home/efrink/mled/split_cu/U280_CRC_Accelerator/src/kernel.cpp:353) [40]  (2.43 ns)

 <State 39>: 2.43ns
The critical path consists of the following:
	bus response operation ('empty_39', /home/efrink/mled/split_cu/U280_CRC_Accelerator/src/kernel.cpp:353) on port 'gmem0' (/home/efrink/mled/split_cu/U280_CRC_Accelerator/src/kernel.cpp:353) [40]  (2.43 ns)

 <State 40>: 2.43ns
The critical path consists of the following:
	bus response operation ('empty_39', /home/efrink/mled/split_cu/U280_CRC_Accelerator/src/kernel.cpp:353) on port 'gmem0' (/home/efrink/mled/split_cu/U280_CRC_Accelerator/src/kernel.cpp:353) [40]  (2.43 ns)

 <State 41>: 2.43ns
The critical path consists of the following:
	bus response operation ('empty_39', /home/efrink/mled/split_cu/U280_CRC_Accelerator/src/kernel.cpp:353) on port 'gmem0' (/home/efrink/mled/split_cu/U280_CRC_Accelerator/src/kernel.cpp:353) [40]  (2.43 ns)

 <State 42>: 2.43ns
The critical path consists of the following:
	bus response operation ('empty_39', /home/efrink/mled/split_cu/U280_CRC_Accelerator/src/kernel.cpp:353) on port 'gmem0' (/home/efrink/mled/split_cu/U280_CRC_Accelerator/src/kernel.cpp:353) [40]  (2.43 ns)

 <State 43>: 2.43ns
The critical path consists of the following:
	bus response operation ('empty_39', /home/efrink/mled/split_cu/U280_CRC_Accelerator/src/kernel.cpp:353) on port 'gmem0' (/home/efrink/mled/split_cu/U280_CRC_Accelerator/src/kernel.cpp:353) [40]  (2.43 ns)

 <State 44>: 2.43ns
The critical path consists of the following:
	bus response operation ('empty_39', /home/efrink/mled/split_cu/U280_CRC_Accelerator/src/kernel.cpp:353) on port 'gmem0' (/home/efrink/mled/split_cu/U280_CRC_Accelerator/src/kernel.cpp:353) [40]  (2.43 ns)

 <State 45>: 2.43ns
The critical path consists of the following:
	bus response operation ('empty_39', /home/efrink/mled/split_cu/U280_CRC_Accelerator/src/kernel.cpp:353) on port 'gmem0' (/home/efrink/mled/split_cu/U280_CRC_Accelerator/src/kernel.cpp:353) [40]  (2.43 ns)

 <State 46>: 2.43ns
The critical path consists of the following:
	bus response operation ('empty_39', /home/efrink/mled/split_cu/U280_CRC_Accelerator/src/kernel.cpp:353) on port 'gmem0' (/home/efrink/mled/split_cu/U280_CRC_Accelerator/src/kernel.cpp:353) [40]  (2.43 ns)

 <State 47>: 2.43ns
The critical path consists of the following:
	bus response operation ('empty_39', /home/efrink/mled/split_cu/U280_CRC_Accelerator/src/kernel.cpp:353) on port 'gmem0' (/home/efrink/mled/split_cu/U280_CRC_Accelerator/src/kernel.cpp:353) [40]  (2.43 ns)

 <State 48>: 2.43ns
The critical path consists of the following:
	bus response operation ('empty_39', /home/efrink/mled/split_cu/U280_CRC_Accelerator/src/kernel.cpp:353) on port 'gmem0' (/home/efrink/mled/split_cu/U280_CRC_Accelerator/src/kernel.cpp:353) [40]  (2.43 ns)

 <State 49>: 2.43ns
The critical path consists of the following:
	bus response operation ('empty_39', /home/efrink/mled/split_cu/U280_CRC_Accelerator/src/kernel.cpp:353) on port 'gmem0' (/home/efrink/mled/split_cu/U280_CRC_Accelerator/src/kernel.cpp:353) [40]  (2.43 ns)

 <State 50>: 2.43ns
The critical path consists of the following:
	bus response operation ('empty_39', /home/efrink/mled/split_cu/U280_CRC_Accelerator/src/kernel.cpp:353) on port 'gmem0' (/home/efrink/mled/split_cu/U280_CRC_Accelerator/src/kernel.cpp:353) [40]  (2.43 ns)

 <State 51>: 2.43ns
The critical path consists of the following:
	bus response operation ('empty_39', /home/efrink/mled/split_cu/U280_CRC_Accelerator/src/kernel.cpp:353) on port 'gmem0' (/home/efrink/mled/split_cu/U280_CRC_Accelerator/src/kernel.cpp:353) [40]  (2.43 ns)

 <State 52>: 2.43ns
The critical path consists of the following:
	bus response operation ('empty_39', /home/efrink/mled/split_cu/U280_CRC_Accelerator/src/kernel.cpp:353) on port 'gmem0' (/home/efrink/mled/split_cu/U280_CRC_Accelerator/src/kernel.cpp:353) [40]  (2.43 ns)

 <State 53>: 2.43ns
The critical path consists of the following:
	bus response operation ('empty_39', /home/efrink/mled/split_cu/U280_CRC_Accelerator/src/kernel.cpp:353) on port 'gmem0' (/home/efrink/mled/split_cu/U280_CRC_Accelerator/src/kernel.cpp:353) [40]  (2.43 ns)

 <State 54>: 2.43ns
The critical path consists of the following:
	bus response operation ('empty_39', /home/efrink/mled/split_cu/U280_CRC_Accelerator/src/kernel.cpp:353) on port 'gmem0' (/home/efrink/mled/split_cu/U280_CRC_Accelerator/src/kernel.cpp:353) [40]  (2.43 ns)

 <State 55>: 2.43ns
The critical path consists of the following:
	bus response operation ('empty_39', /home/efrink/mled/split_cu/U280_CRC_Accelerator/src/kernel.cpp:353) on port 'gmem0' (/home/efrink/mled/split_cu/U280_CRC_Accelerator/src/kernel.cpp:353) [40]  (2.43 ns)

 <State 56>: 2.43ns
The critical path consists of the following:
	bus response operation ('empty_39', /home/efrink/mled/split_cu/U280_CRC_Accelerator/src/kernel.cpp:353) on port 'gmem0' (/home/efrink/mled/split_cu/U280_CRC_Accelerator/src/kernel.cpp:353) [40]  (2.43 ns)

 <State 57>: 2.43ns
The critical path consists of the following:
	bus response operation ('empty_39', /home/efrink/mled/split_cu/U280_CRC_Accelerator/src/kernel.cpp:353) on port 'gmem0' (/home/efrink/mled/split_cu/U280_CRC_Accelerator/src/kernel.cpp:353) [40]  (2.43 ns)

 <State 58>: 2.43ns
The critical path consists of the following:
	bus response operation ('empty_39', /home/efrink/mled/split_cu/U280_CRC_Accelerator/src/kernel.cpp:353) on port 'gmem0' (/home/efrink/mled/split_cu/U280_CRC_Accelerator/src/kernel.cpp:353) [40]  (2.43 ns)

 <State 59>: 2.43ns
The critical path consists of the following:
	bus response operation ('empty_39', /home/efrink/mled/split_cu/U280_CRC_Accelerator/src/kernel.cpp:353) on port 'gmem0' (/home/efrink/mled/split_cu/U280_CRC_Accelerator/src/kernel.cpp:353) [40]  (2.43 ns)

 <State 60>: 2.43ns
The critical path consists of the following:
	bus response operation ('empty_39', /home/efrink/mled/split_cu/U280_CRC_Accelerator/src/kernel.cpp:353) on port 'gmem0' (/home/efrink/mled/split_cu/U280_CRC_Accelerator/src/kernel.cpp:353) [40]  (2.43 ns)

 <State 61>: 2.43ns
The critical path consists of the following:
	bus response operation ('empty_39', /home/efrink/mled/split_cu/U280_CRC_Accelerator/src/kernel.cpp:353) on port 'gmem0' (/home/efrink/mled/split_cu/U280_CRC_Accelerator/src/kernel.cpp:353) [40]  (2.43 ns)

 <State 62>: 2.43ns
The critical path consists of the following:
	bus response operation ('empty_39', /home/efrink/mled/split_cu/U280_CRC_Accelerator/src/kernel.cpp:353) on port 'gmem0' (/home/efrink/mled/split_cu/U280_CRC_Accelerator/src/kernel.cpp:353) [40]  (2.43 ns)

 <State 63>: 2.43ns
The critical path consists of the following:
	bus response operation ('empty_39', /home/efrink/mled/split_cu/U280_CRC_Accelerator/src/kernel.cpp:353) on port 'gmem0' (/home/efrink/mled/split_cu/U280_CRC_Accelerator/src/kernel.cpp:353) [40]  (2.43 ns)

 <State 64>: 2.43ns
The critical path consists of the following:
	bus response operation ('empty_39', /home/efrink/mled/split_cu/U280_CRC_Accelerator/src/kernel.cpp:353) on port 'gmem0' (/home/efrink/mled/split_cu/U280_CRC_Accelerator/src/kernel.cpp:353) [40]  (2.43 ns)

 <State 65>: 2.43ns
The critical path consists of the following:
	bus response operation ('empty_39', /home/efrink/mled/split_cu/U280_CRC_Accelerator/src/kernel.cpp:353) on port 'gmem0' (/home/efrink/mled/split_cu/U280_CRC_Accelerator/src/kernel.cpp:353) [40]  (2.43 ns)

 <State 66>: 2.43ns
The critical path consists of the following:
	bus response operation ('empty_39', /home/efrink/mled/split_cu/U280_CRC_Accelerator/src/kernel.cpp:353) on port 'gmem0' (/home/efrink/mled/split_cu/U280_CRC_Accelerator/src/kernel.cpp:353) [40]  (2.43 ns)

 <State 67>: 2.43ns
The critical path consists of the following:
	bus response operation ('empty_39', /home/efrink/mled/split_cu/U280_CRC_Accelerator/src/kernel.cpp:353) on port 'gmem0' (/home/efrink/mled/split_cu/U280_CRC_Accelerator/src/kernel.cpp:353) [40]  (2.43 ns)

 <State 68>: 2.43ns
The critical path consists of the following:
	bus response operation ('empty_39', /home/efrink/mled/split_cu/U280_CRC_Accelerator/src/kernel.cpp:353) on port 'gmem0' (/home/efrink/mled/split_cu/U280_CRC_Accelerator/src/kernel.cpp:353) [40]  (2.43 ns)

 <State 69>: 2.43ns
The critical path consists of the following:
	bus response operation ('empty_39', /home/efrink/mled/split_cu/U280_CRC_Accelerator/src/kernel.cpp:353) on port 'gmem0' (/home/efrink/mled/split_cu/U280_CRC_Accelerator/src/kernel.cpp:353) [40]  (2.43 ns)

 <State 70>: 2.43ns
The critical path consists of the following:
	bus response operation ('empty_39', /home/efrink/mled/split_cu/U280_CRC_Accelerator/src/kernel.cpp:353) on port 'gmem0' (/home/efrink/mled/split_cu/U280_CRC_Accelerator/src/kernel.cpp:353) [40]  (2.43 ns)

 <State 71>: 2.43ns
The critical path consists of the following:
	bus response operation ('empty_39', /home/efrink/mled/split_cu/U280_CRC_Accelerator/src/kernel.cpp:353) on port 'gmem0' (/home/efrink/mled/split_cu/U280_CRC_Accelerator/src/kernel.cpp:353) [40]  (2.43 ns)


============================================================
+ Verbose Summary: Binding
============================================================
N/A
* FSMD analyzer results:
  - Output states:
 - Input state : 
  - Chain level:
	State 1
	State 2
	State 3
	State 4
	State 5
	State 6
	State 7
	State 8
	State 9
	State 10
	State 11
	State 12
	State 13
	State 14
	State 15
	State 16
	State 17
	State 18
	State 19
	State 20
	State 21
	State 22
	State 23
	State 24
	State 25
	State 26
	State 27
	State 28
	State 29
	State 30
	State 31
	State 32
	State 33
	State 34
	State 35
	State 36
	State 37
	State 38
	State 39
	State 40
	State 41
	State 42
	State 43
	State 44
	State 45
	State 46
	State 47
	State 48
	State 49
	State 50
	State 51
	State 52
	State 53
	State 54
	State 55
	State 56
	State 57
	State 58
	State 59
	State 60
	State 61
	State 62
	State 63
	State 64
	State 65
	State 66
	State 67
	State 68
	State 69
	State 70
	State 71


============================================================
+ Verbose Summary: Datapath Resource usage 
============================================================
N/A
