

================================================================
== Vitis HLS Report for 'write_output_Pipeline_VITIS_LOOP_442_1'
================================================================
* Date:           Fri Feb 20 12:32:07 2026

* Version:        2023.1 (Build 3854077 on May  4 2023)
* Project:        calculate_crc
* Solution:       solution (Vitis Kernel Flow Target)
* Product family: virtexuplusHBM
* Target device:  xcu280-fsvh2892-2L-e


================================================================
== Performance Estimates
================================================================
+ Timing: 
    * Summary: 
    +--------+---------+----------+------------+
    |  Clock |  Target | Estimated| Uncertainty|
    +--------+---------+----------+------------+
    |ap_clk  |  3.33 ns|  2.433 ns|     0.90 ns|
    +--------+---------+----------+------------+

+ Latency: 
    * Summary: 
    +---------+---------+----------+----------+-----+-----+---------+
    |  Latency (cycles) |  Latency (absolute) |  Interval | Pipeline|
    |   min   |   max   |    min   |    max   | min | max |   Type  |
    +---------+---------+----------+----------+-----+-----+---------+
    |        ?|        ?|         ?|         ?|    ?|    ?|       no|
    +---------+---------+----------+----------+-----+-----+---------+

    + Detail: 
        * Instance: 
        N/A

        * Loop: 
        +--------------------+---------+---------+----------+-----------+-----------+------+----------+
        |                    |  Latency (cycles) | Iteration|  Initiation Interval  | Trip |          |
        |      Loop Name     |   min   |   max   |  Latency |  achieved |   target  | Count| Pipelined|
        +--------------------+---------+---------+----------+-----------+-----------+------+----------+
        |- VITIS_LOOP_442_1  |        ?|        ?|        71|          1|          1|     ?|       yes|
        +--------------------+---------+---------+----------+-----------+-----------+------+----------+

============================================================
+ Verbose Summary: Synthesis Manager
============================================================
InlineROM: 1
ExposeGlobal: 0
============================================================
+ Verbose Summary: CDFG Model
============================================================
IsTopModel: 0
ResetActiveHigh: 1
IsCombinational: 0
IsDatapathOnly: 0
HasWiredReturn: 1
HasMFsm: 2
HasVarLatency: 1
IsPipeline: 0
IsRtlPipelined: 0
IsInstanceOverlapped: 0
IsDontTouch: 0
HasImplIP: 0
IsGatedGlobalClock: 0

+ Individual pipeline summary: 
  * Pipeline-0: initiation interval (II) = 1, depth = 71


============================================================
+ Verbose Summary: Schedule
============================================================
* Number of FSM states : 71
* Pipeline : 1
  Pipeline-0 : II = 1, D = 71, States = { 1 2 3 4 5 6 7 8 9 10 11 12 13 14 15 16 17 18 19 20 21 22 23 24 25 26 27 28 29 30 31 32 33 34 35 36 37 38 39 40 41 42 43 44 45 46 47 48 49 50 51 52 53 54 55 56 57 58 59 60 61 62 63 64 65 66 67 68 69 70 71 }
* Dataflow Pipeline: 0

* FSM state transitions: 
1 --> 2 
2 --> 3 
3 --> 4 
4 --> 5 
5 --> 6 
6 --> 7 
7 --> 8 
8 --> 9 
9 --> 10 
10 --> 11 
11 --> 12 
12 --> 13 
13 --> 14 
14 --> 15 
15 --> 16 
16 --> 17 
17 --> 18 
18 --> 19 
19 --> 20 
20 --> 21 
21 --> 22 
22 --> 23 
23 --> 24 
24 --> 25 
25 --> 26 
26 --> 27 
27 --> 28 
28 --> 29 
29 --> 30 
30 --> 31 
31 --> 32 
32 --> 33 
33 --> 34 
34 --> 35 
35 --> 36 
36 --> 37 
37 --> 38 
38 --> 39 
39 --> 40 
40 --> 41 
41 --> 42 
42 --> 43 
43 --> 44 
44 --> 45 
45 --> 46 
46 --> 47 
47 --> 48 
48 --> 49 
49 --> 50 
50 --> 51 
51 --> 52 
52 --> 53 
53 --> 54 
54 --> 55 
55 --> 56 
56 --> 57 
57 --> 58 
58 --> 59 
59 --> 60 
60 --> 61 
61 --> 62 
62 --> 63 
63 --> 64 
64 --> 65 
65 --> 66 
66 --> 67 
67 --> 68 
68 --> 69 
69 --> 70 
70 --> 71 
71 --> 

* FSM state operations: 

State 1 <SV = 0> <Delay = 1.26>
ST_1 : Operation 74 [1/1] (0.00ns)   --->   "%i = alloca i32 1"   --->   Operation 74 'alloca' 'i' <Predicate = true> <Delay = 0.00>
ST_1 : Operation 75 [1/1] (0.00ns)   --->   "%specinterface_ln0 = specinterface void @_ssdm_op_SpecInterface, i128 %gmem0, void @empty_17, i32 0, i32 0, void @empty_18, i32 64, i32 1024, void @empty_19, void @empty_4, void @empty_18, i32 16, i32 16, i32 16, i32 16, void @empty_18, void @empty_18, i32 4294967295, i32 0"   --->   Operation 75 'specinterface' 'specinterface_ln0' <Predicate = true> <Delay = 0.00>
ST_1 : Operation 76 [1/1] (0.00ns)   --->   "%specinterface_ln0 = specinterface void @_ssdm_op_SpecInterface, i32 %outStream, void @empty_5, i32 0, i32 0, void @empty_18, i32 0, i32 0, void @empty_18, void @empty_18, void @empty_18, i32 0, i32 0, i32 0, i32 0, void @empty_18, void @empty_18, i32 4294967295, i32 0"   --->   Operation 76 'specinterface' 'specinterface_ln0' <Predicate = true> <Delay = 0.00>
ST_1 : Operation 77 [1/1] (0.00ns)   --->   "%trunc_ln445_1_read = read i4 @_ssdm_op_Read.ap_auto.i4, i4 %trunc_ln445_1" [/users/arashs/U280_CRC_Accelerator/src/kernel.cpp:440]   --->   Operation 77 'read' 'trunc_ln445_1_read' <Predicate = true> <Delay = 0.00>
ST_1 : Operation 78 [1/1] (0.00ns)   --->   "%crc_out_1_read = read i64 @_ssdm_op_Read.ap_auto.i64, i64 %crc_out_1" [/users/arashs/U280_CRC_Accelerator/src/kernel.cpp:440]   --->   Operation 78 'read' 'crc_out_1_read' <Predicate = true> <Delay = 0.00>
ST_1 : Operation 79 [1/1] (0.00ns)   --->   "%numChunks_1_read = read i32 @_ssdm_op_Read.ap_auto.i32, i32 %numChunks_1" [/users/arashs/U280_CRC_Accelerator/src/kernel.cpp:440]   --->   Operation 79 'read' 'numChunks_1_read' <Predicate = true> <Delay = 0.00>
ST_1 : Operation 80 [1/1] (0.38ns)   --->   "%store_ln0 = store i31 0, i31 %i"   --->   Operation 80 'store' 'store_ln0' <Predicate = true> <Delay = 0.38>
ST_1 : Operation 81 [1/1] (0.00ns)   --->   "%br_ln0 = br void %for.inc"   --->   Operation 81 'br' 'br_ln0' <Predicate = true> <Delay = 0.00>
ST_1 : Operation 82 [1/1] (0.00ns)   --->   "%i_1 = load i31 %i" [/users/arashs/U280_CRC_Accelerator/src/kernel.cpp:445]   --->   Operation 82 'load' 'i_1' <Predicate = true> <Delay = 0.00>
ST_1 : Operation 83 [1/1] (0.00ns)   --->   "%zext_ln442 = zext i31 %i_1" [/users/arashs/U280_CRC_Accelerator/src/kernel.cpp:442]   --->   Operation 83 'zext' 'zext_ln442' <Predicate = true> <Delay = 0.00>
ST_1 : Operation 84 [1/1] (0.88ns)   --->   "%icmp_ln442 = icmp_slt  i32 %zext_ln442, i32 %numChunks_1_read" [/users/arashs/U280_CRC_Accelerator/src/kernel.cpp:442]   --->   Operation 84 'icmp' 'icmp_ln442' <Predicate = true> <Delay = 0.88> <CoreInst = "Cmp">   --->   Core 9 'Cmp' <Latency = 0> <II = 1> <Delay = 0.88> <FuncUnit> <Opcode : 'icmp'> <InPorts = 2> <OutPorts = 1>
ST_1 : Operation 85 [1/1] (0.87ns)   --->   "%add_ln442 = add i31 %i_1, i31 1" [/users/arashs/U280_CRC_Accelerator/src/kernel.cpp:442]   --->   Operation 85 'add' 'add_ln442' <Predicate = true> <Delay = 0.87> <CoreInst = "Adder">   --->   Core 1 'Adder' <Latency = 0> <II = 1> <Delay = 0.87> <FuncUnit> <Opcode : 'add' 'sub'> <InPorts = 2> <OutPorts = 1>
ST_1 : Operation 86 [1/1] (0.00ns)   --->   "%br_ln442 = br i1 %icmp_ln442, void %for.end.loopexit.exitStub, void %for.inc.split" [/users/arashs/U280_CRC_Accelerator/src/kernel.cpp:442]   --->   Operation 86 'br' 'br_ln442' <Predicate = true> <Delay = 0.00>
ST_1 : Operation 87 [1/1] (0.00ns)   --->   "%shl_ln = bitconcatenate i33 @_ssdm_op_BitConcatenate.i33.i31.i2, i31 %i_1, i2 0" [/users/arashs/U280_CRC_Accelerator/src/kernel.cpp:445]   --->   Operation 87 'bitconcatenate' 'shl_ln' <Predicate = (icmp_ln442)> <Delay = 0.00>
ST_1 : Operation 88 [1/1] (0.00ns)   --->   "%zext_ln445_2 = zext i33 %shl_ln" [/users/arashs/U280_CRC_Accelerator/src/kernel.cpp:445]   --->   Operation 88 'zext' 'zext_ln445_2' <Predicate = (icmp_ln442)> <Delay = 0.00>
ST_1 : Operation 89 [1/1] (0.00ns)   --->   "%trunc_ln445 = trunc i31 %i_1" [/users/arashs/U280_CRC_Accelerator/src/kernel.cpp:445]   --->   Operation 89 'trunc' 'trunc_ln445' <Predicate = (icmp_ln442)> <Delay = 0.00>
ST_1 : Operation 90 [1/1] (1.14ns)   --->   "%add_ln445 = add i64 %crc_out_1_read, i64 %zext_ln445_2" [/users/arashs/U280_CRC_Accelerator/src/kernel.cpp:445]   --->   Operation 90 'add' 'add_ln445' <Predicate = (icmp_ln442)> <Delay = 1.14> <CoreInst = "Adder">   --->   Core 1 'Adder' <Latency = 0> <II = 1> <Delay = 1.14> <FuncUnit> <Opcode : 'add' 'sub'> <InPorts = 2> <OutPorts = 1>
ST_1 : Operation 91 [1/1] (0.00ns)   --->   "%trunc_ln = partselect i60 @_ssdm_op_PartSelect.i60.i64.i32.i32, i64 %add_ln445, i32 4, i32 63" [/users/arashs/U280_CRC_Accelerator/src/kernel.cpp:445]   --->   Operation 91 'partselect' 'trunc_ln' <Predicate = (icmp_ln442)> <Delay = 0.00>
ST_1 : Operation 92 [1/1] (0.38ns)   --->   "%store_ln442 = store i31 %add_ln442, i31 %i" [/users/arashs/U280_CRC_Accelerator/src/kernel.cpp:442]   --->   Operation 92 'store' 'store_ln442' <Predicate = (icmp_ln442)> <Delay = 0.38>

State 2 <SV = 1> <Delay = 2.43>
ST_2 : Operation 93 [1/1] (1.21ns)   --->   "%outStream_read = read i32 @_ssdm_op_Read.ap_fifo.volatile.i32P0A, i32 %outStream" [/users/arashs/U280_CRC_Accelerator/src/kernel.cpp:445]   --->   Operation 93 'read' 'outStream_read' <Predicate = true> <Delay = 1.21> <CoreInst = "FIFO">   --->   Core 78 'FIFO' <Latency = 0> <II = 1> <Delay = 1.31> <Storage> <Opcode : 'read' 'write' 'nbread' 'nbwrite'> <Ports = 0> <Width = 32> <Depth = 64> <FIFO>
ST_2 : Operation 94 [1/1] (0.00ns)   --->   "%trunc_ln445_2 = bitconcatenate i4 @_ssdm_op_BitConcatenate.i4.i2.i2, i2 %trunc_ln445, i2 0" [/users/arashs/U280_CRC_Accelerator/src/kernel.cpp:445]   --->   Operation 94 'bitconcatenate' 'trunc_ln445_2' <Predicate = true> <Delay = 0.00>
ST_2 : Operation 95 [1/1] (0.00ns)   --->   "%zext_ln445 = zext i32 %outStream_read" [/users/arashs/U280_CRC_Accelerator/src/kernel.cpp:445]   --->   Operation 95 'zext' 'zext_ln445' <Predicate = true> <Delay = 0.00>
ST_2 : Operation 96 [1/1] (0.70ns)   --->   "%add_ln445_1 = add i4 %trunc_ln445_2, i4 %trunc_ln445_1_read" [/users/arashs/U280_CRC_Accelerator/src/kernel.cpp:445]   --->   Operation 96 'add' 'add_ln445_1' <Predicate = true> <Delay = 0.70> <CoreInst = "Adder">   --->   Core 1 'Adder' <Latency = 0> <II = 1> <Delay = 0.70> <FuncUnit> <Opcode : 'add' 'sub'> <InPorts = 2> <OutPorts = 1>
ST_2 : Operation 97 [1/1] (0.00ns)   --->   "%zext_ln445_1 = zext i4 %add_ln445_1" [/users/arashs/U280_CRC_Accelerator/src/kernel.cpp:445]   --->   Operation 97 'zext' 'zext_ln445_1' <Predicate = true> <Delay = 0.00>
ST_2 : Operation 98 [1/1] (0.59ns)   --->   "%shl_ln445 = shl i16 15, i16 %zext_ln445_1" [/users/arashs/U280_CRC_Accelerator/src/kernel.cpp:445]   --->   Operation 98 'shl' 'shl_ln445' <Predicate = true> <Delay = 0.59> <CoreInst = "Shifter">   --->   Core 75 'Shifter' <Latency = 0> <II = 1> <Delay = 0.59> <FuncUnit> <Opcode : 'shl' 'lshr' 'ashr'> <InPorts = 2> <OutPorts = 1>
ST_2 : Operation 99 [1/1] (0.00ns)   --->   "%shl_ln445_2 = bitconcatenate i7 @_ssdm_op_BitConcatenate.i7.i4.i3, i4 %add_ln445_1, i3 0" [/users/arashs/U280_CRC_Accelerator/src/kernel.cpp:445]   --->   Operation 99 'bitconcatenate' 'shl_ln445_2' <Predicate = true> <Delay = 0.00>
ST_2 : Operation 100 [1/1] (0.00ns)   --->   "%zext_ln445_3 = zext i7 %shl_ln445_2" [/users/arashs/U280_CRC_Accelerator/src/kernel.cpp:445]   --->   Operation 100 'zext' 'zext_ln445_3' <Predicate = true> <Delay = 0.00>
ST_2 : Operation 101 [1/1] (1.05ns)   --->   "%shl_ln445_1 = shl i128 %zext_ln445, i128 %zext_ln445_3" [/users/arashs/U280_CRC_Accelerator/src/kernel.cpp:445]   --->   Operation 101 'shl' 'shl_ln445_1' <Predicate = true> <Delay = 1.05> <CoreInst = "Shifter">   --->   Core 75 'Shifter' <Latency = 0> <II = 1> <Delay = 1.05> <FuncUnit> <Opcode : 'shl' 'lshr' 'ashr'> <InPorts = 2> <OutPorts = 1>
ST_2 : Operation 102 [1/1] (0.00ns)   --->   "%sext_ln445 = sext i60 %trunc_ln" [/users/arashs/U280_CRC_Accelerator/src/kernel.cpp:445]   --->   Operation 102 'sext' 'sext_ln445' <Predicate = true> <Delay = 0.00>
ST_2 : Operation 103 [1/1] (0.00ns)   --->   "%gmem0_addr = getelementptr i128 %gmem0, i64 %sext_ln445" [/users/arashs/U280_CRC_Accelerator/src/kernel.cpp:445]   --->   Operation 103 'getelementptr' 'gmem0_addr' <Predicate = true> <Delay = 0.00>
ST_2 : Operation 104 [1/1] (2.43ns)   --->   "%empty = writereq i1 @_ssdm_op_WriteReq.m_axi.p1i128, i128 %gmem0_addr, i32 1" [/users/arashs/U280_CRC_Accelerator/src/kernel.cpp:445]   --->   Operation 104 'writereq' 'empty' <Predicate = true> <Delay = 2.43> <CoreInst = "m_axi">   --->   Core 121 'm_axi' <Latency = 0> <II = 1> <Delay = 1.00> <Adapter> <Opcode : 'read' 'write' 'readreq' 'writereq' 'writeresp'>

State 3 <SV = 2> <Delay = 2.43>
ST_3 : Operation 105 [1/1] (2.43ns)   --->   "%write_ln445 = write void @_ssdm_op_Write.m_axi.p1i128, i128 %gmem0_addr, i128 %shl_ln445_1, i16 %shl_ln445" [/users/arashs/U280_CRC_Accelerator/src/kernel.cpp:445]   --->   Operation 105 'write' 'write_ln445' <Predicate = true> <Delay = 2.43> <CoreInst = "m_axi">   --->   Core 121 'm_axi' <Latency = 0> <II = 1> <Delay = 1.00> <Adapter> <Opcode : 'read' 'write' 'readreq' 'writereq' 'writeresp'>

State 4 <SV = 3> <Delay = 2.43>
ST_4 : Operation 106 [68/68] (2.43ns)   --->   "%empty_39 = writeresp i1 @_ssdm_op_WriteResp.m_axi.p1i128, i128 %gmem0_addr" [/users/arashs/U280_CRC_Accelerator/src/kernel.cpp:445]   --->   Operation 106 'writeresp' 'empty_39' <Predicate = true> <Delay = 2.43> <CoreInst = "m_axi">   --->   Core 121 'm_axi' <Latency = 0> <II = 1> <Delay = 1.00> <Adapter> <Opcode : 'read' 'write' 'readreq' 'writereq' 'writeresp'>

State 5 <SV = 4> <Delay = 2.43>
ST_5 : Operation 107 [67/68] (2.43ns)   --->   "%empty_39 = writeresp i1 @_ssdm_op_WriteResp.m_axi.p1i128, i128 %gmem0_addr" [/users/arashs/U280_CRC_Accelerator/src/kernel.cpp:445]   --->   Operation 107 'writeresp' 'empty_39' <Predicate = true> <Delay = 2.43> <CoreInst = "m_axi">   --->   Core 121 'm_axi' <Latency = 0> <II = 1> <Delay = 1.00> <Adapter> <Opcode : 'read' 'write' 'readreq' 'writereq' 'writeresp'>

State 6 <SV = 5> <Delay = 2.43>
ST_6 : Operation 108 [66/68] (2.43ns)   --->   "%empty_39 = writeresp i1 @_ssdm_op_WriteResp.m_axi.p1i128, i128 %gmem0_addr" [/users/arashs/U280_CRC_Accelerator/src/kernel.cpp:445]   --->   Operation 108 'writeresp' 'empty_39' <Predicate = true> <Delay = 2.43> <CoreInst = "m_axi">   --->   Core 121 'm_axi' <Latency = 0> <II = 1> <Delay = 1.00> <Adapter> <Opcode : 'read' 'write' 'readreq' 'writereq' 'writeresp'>

State 7 <SV = 6> <Delay = 2.43>
ST_7 : Operation 109 [65/68] (2.43ns)   --->   "%empty_39 = writeresp i1 @_ssdm_op_WriteResp.m_axi.p1i128, i128 %gmem0_addr" [/users/arashs/U280_CRC_Accelerator/src/kernel.cpp:445]   --->   Operation 109 'writeresp' 'empty_39' <Predicate = true> <Delay = 2.43> <CoreInst = "m_axi">   --->   Core 121 'm_axi' <Latency = 0> <II = 1> <Delay = 1.00> <Adapter> <Opcode : 'read' 'write' 'readreq' 'writereq' 'writeresp'>

State 8 <SV = 7> <Delay = 2.43>
ST_8 : Operation 110 [64/68] (2.43ns)   --->   "%empty_39 = writeresp i1 @_ssdm_op_WriteResp.m_axi.p1i128, i128 %gmem0_addr" [/users/arashs/U280_CRC_Accelerator/src/kernel.cpp:445]   --->   Operation 110 'writeresp' 'empty_39' <Predicate = true> <Delay = 2.43> <CoreInst = "m_axi">   --->   Core 121 'm_axi' <Latency = 0> <II = 1> <Delay = 1.00> <Adapter> <Opcode : 'read' 'write' 'readreq' 'writereq' 'writeresp'>

State 9 <SV = 8> <Delay = 2.43>
ST_9 : Operation 111 [63/68] (2.43ns)   --->   "%empty_39 = writeresp i1 @_ssdm_op_WriteResp.m_axi.p1i128, i128 %gmem0_addr" [/users/arashs/U280_CRC_Accelerator/src/kernel.cpp:445]   --->   Operation 111 'writeresp' 'empty_39' <Predicate = true> <Delay = 2.43> <CoreInst = "m_axi">   --->   Core 121 'm_axi' <Latency = 0> <II = 1> <Delay = 1.00> <Adapter> <Opcode : 'read' 'write' 'readreq' 'writereq' 'writeresp'>

State 10 <SV = 9> <Delay = 2.43>
ST_10 : Operation 112 [62/68] (2.43ns)   --->   "%empty_39 = writeresp i1 @_ssdm_op_WriteResp.m_axi.p1i128, i128 %gmem0_addr" [/users/arashs/U280_CRC_Accelerator/src/kernel.cpp:445]   --->   Operation 112 'writeresp' 'empty_39' <Predicate = true> <Delay = 2.43> <CoreInst = "m_axi">   --->   Core 121 'm_axi' <Latency = 0> <II = 1> <Delay = 1.00> <Adapter> <Opcode : 'read' 'write' 'readreq' 'writereq' 'writeresp'>

State 11 <SV = 10> <Delay = 2.43>
ST_11 : Operation 113 [61/68] (2.43ns)   --->   "%empty_39 = writeresp i1 @_ssdm_op_WriteResp.m_axi.p1i128, i128 %gmem0_addr" [/users/arashs/U280_CRC_Accelerator/src/kernel.cpp:445]   --->   Operation 113 'writeresp' 'empty_39' <Predicate = true> <Delay = 2.43> <CoreInst = "m_axi">   --->   Core 121 'm_axi' <Latency = 0> <II = 1> <Delay = 1.00> <Adapter> <Opcode : 'read' 'write' 'readreq' 'writereq' 'writeresp'>

State 12 <SV = 11> <Delay = 2.43>
ST_12 : Operation 114 [60/68] (2.43ns)   --->   "%empty_39 = writeresp i1 @_ssdm_op_WriteResp.m_axi.p1i128, i128 %gmem0_addr" [/users/arashs/U280_CRC_Accelerator/src/kernel.cpp:445]   --->   Operation 114 'writeresp' 'empty_39' <Predicate = true> <Delay = 2.43> <CoreInst = "m_axi">   --->   Core 121 'm_axi' <Latency = 0> <II = 1> <Delay = 1.00> <Adapter> <Opcode : 'read' 'write' 'readreq' 'writereq' 'writeresp'>

State 13 <SV = 12> <Delay = 2.43>
ST_13 : Operation 115 [59/68] (2.43ns)   --->   "%empty_39 = writeresp i1 @_ssdm_op_WriteResp.m_axi.p1i128, i128 %gmem0_addr" [/users/arashs/U280_CRC_Accelerator/src/kernel.cpp:445]   --->   Operation 115 'writeresp' 'empty_39' <Predicate = true> <Delay = 2.43> <CoreInst = "m_axi">   --->   Core 121 'm_axi' <Latency = 0> <II = 1> <Delay = 1.00> <Adapter> <Opcode : 'read' 'write' 'readreq' 'writereq' 'writeresp'>

State 14 <SV = 13> <Delay = 2.43>
ST_14 : Operation 116 [58/68] (2.43ns)   --->   "%empty_39 = writeresp i1 @_ssdm_op_WriteResp.m_axi.p1i128, i128 %gmem0_addr" [/users/arashs/U280_CRC_Accelerator/src/kernel.cpp:445]   --->   Operation 116 'writeresp' 'empty_39' <Predicate = true> <Delay = 2.43> <CoreInst = "m_axi">   --->   Core 121 'm_axi' <Latency = 0> <II = 1> <Delay = 1.00> <Adapter> <Opcode : 'read' 'write' 'readreq' 'writereq' 'writeresp'>

State 15 <SV = 14> <Delay = 2.43>
ST_15 : Operation 117 [57/68] (2.43ns)   --->   "%empty_39 = writeresp i1 @_ssdm_op_WriteResp.m_axi.p1i128, i128 %gmem0_addr" [/users/arashs/U280_CRC_Accelerator/src/kernel.cpp:445]   --->   Operation 117 'writeresp' 'empty_39' <Predicate = true> <Delay = 2.43> <CoreInst = "m_axi">   --->   Core 121 'm_axi' <Latency = 0> <II = 1> <Delay = 1.00> <Adapter> <Opcode : 'read' 'write' 'readreq' 'writereq' 'writeresp'>

State 16 <SV = 15> <Delay = 2.43>
ST_16 : Operation 118 [56/68] (2.43ns)   --->   "%empty_39 = writeresp i1 @_ssdm_op_WriteResp.m_axi.p1i128, i128 %gmem0_addr" [/users/arashs/U280_CRC_Accelerator/src/kernel.cpp:445]   --->   Operation 118 'writeresp' 'empty_39' <Predicate = true> <Delay = 2.43> <CoreInst = "m_axi">   --->   Core 121 'm_axi' <Latency = 0> <II = 1> <Delay = 1.00> <Adapter> <Opcode : 'read' 'write' 'readreq' 'writereq' 'writeresp'>

State 17 <SV = 16> <Delay = 2.43>
ST_17 : Operation 119 [55/68] (2.43ns)   --->   "%empty_39 = writeresp i1 @_ssdm_op_WriteResp.m_axi.p1i128, i128 %gmem0_addr" [/users/arashs/U280_CRC_Accelerator/src/kernel.cpp:445]   --->   Operation 119 'writeresp' 'empty_39' <Predicate = true> <Delay = 2.43> <CoreInst = "m_axi">   --->   Core 121 'm_axi' <Latency = 0> <II = 1> <Delay = 1.00> <Adapter> <Opcode : 'read' 'write' 'readreq' 'writereq' 'writeresp'>

State 18 <SV = 17> <Delay = 2.43>
ST_18 : Operation 120 [54/68] (2.43ns)   --->   "%empty_39 = writeresp i1 @_ssdm_op_WriteResp.m_axi.p1i128, i128 %gmem0_addr" [/users/arashs/U280_CRC_Accelerator/src/kernel.cpp:445]   --->   Operation 120 'writeresp' 'empty_39' <Predicate = true> <Delay = 2.43> <CoreInst = "m_axi">   --->   Core 121 'm_axi' <Latency = 0> <II = 1> <Delay = 1.00> <Adapter> <Opcode : 'read' 'write' 'readreq' 'writereq' 'writeresp'>

State 19 <SV = 18> <Delay = 2.43>
ST_19 : Operation 121 [53/68] (2.43ns)   --->   "%empty_39 = writeresp i1 @_ssdm_op_WriteResp.m_axi.p1i128, i128 %gmem0_addr" [/users/arashs/U280_CRC_Accelerator/src/kernel.cpp:445]   --->   Operation 121 'writeresp' 'empty_39' <Predicate = true> <Delay = 2.43> <CoreInst = "m_axi">   --->   Core 121 'm_axi' <Latency = 0> <II = 1> <Delay = 1.00> <Adapter> <Opcode : 'read' 'write' 'readreq' 'writereq' 'writeresp'>

State 20 <SV = 19> <Delay = 2.43>
ST_20 : Operation 122 [52/68] (2.43ns)   --->   "%empty_39 = writeresp i1 @_ssdm_op_WriteResp.m_axi.p1i128, i128 %gmem0_addr" [/users/arashs/U280_CRC_Accelerator/src/kernel.cpp:445]   --->   Operation 122 'writeresp' 'empty_39' <Predicate = true> <Delay = 2.43> <CoreInst = "m_axi">   --->   Core 121 'm_axi' <Latency = 0> <II = 1> <Delay = 1.00> <Adapter> <Opcode : 'read' 'write' 'readreq' 'writereq' 'writeresp'>

State 21 <SV = 20> <Delay = 2.43>
ST_21 : Operation 123 [51/68] (2.43ns)   --->   "%empty_39 = writeresp i1 @_ssdm_op_WriteResp.m_axi.p1i128, i128 %gmem0_addr" [/users/arashs/U280_CRC_Accelerator/src/kernel.cpp:445]   --->   Operation 123 'writeresp' 'empty_39' <Predicate = true> <Delay = 2.43> <CoreInst = "m_axi">   --->   Core 121 'm_axi' <Latency = 0> <II = 1> <Delay = 1.00> <Adapter> <Opcode : 'read' 'write' 'readreq' 'writereq' 'writeresp'>

State 22 <SV = 21> <Delay = 2.43>
ST_22 : Operation 124 [50/68] (2.43ns)   --->   "%empty_39 = writeresp i1 @_ssdm_op_WriteResp.m_axi.p1i128, i128 %gmem0_addr" [/users/arashs/U280_CRC_Accelerator/src/kernel.cpp:445]   --->   Operation 124 'writeresp' 'empty_39' <Predicate = true> <Delay = 2.43> <CoreInst = "m_axi">   --->   Core 121 'm_axi' <Latency = 0> <II = 1> <Delay = 1.00> <Adapter> <Opcode : 'read' 'write' 'readreq' 'writereq' 'writeresp'>

State 23 <SV = 22> <Delay = 2.43>
ST_23 : Operation 125 [49/68] (2.43ns)   --->   "%empty_39 = writeresp i1 @_ssdm_op_WriteResp.m_axi.p1i128, i128 %gmem0_addr" [/users/arashs/U280_CRC_Accelerator/src/kernel.cpp:445]   --->   Operation 125 'writeresp' 'empty_39' <Predicate = true> <Delay = 2.43> <CoreInst = "m_axi">   --->   Core 121 'm_axi' <Latency = 0> <II = 1> <Delay = 1.00> <Adapter> <Opcode : 'read' 'write' 'readreq' 'writereq' 'writeresp'>

State 24 <SV = 23> <Delay = 2.43>
ST_24 : Operation 126 [48/68] (2.43ns)   --->   "%empty_39 = writeresp i1 @_ssdm_op_WriteResp.m_axi.p1i128, i128 %gmem0_addr" [/users/arashs/U280_CRC_Accelerator/src/kernel.cpp:445]   --->   Operation 126 'writeresp' 'empty_39' <Predicate = true> <Delay = 2.43> <CoreInst = "m_axi">   --->   Core 121 'm_axi' <Latency = 0> <II = 1> <Delay = 1.00> <Adapter> <Opcode : 'read' 'write' 'readreq' 'writereq' 'writeresp'>

State 25 <SV = 24> <Delay = 2.43>
ST_25 : Operation 127 [47/68] (2.43ns)   --->   "%empty_39 = writeresp i1 @_ssdm_op_WriteResp.m_axi.p1i128, i128 %gmem0_addr" [/users/arashs/U280_CRC_Accelerator/src/kernel.cpp:445]   --->   Operation 127 'writeresp' 'empty_39' <Predicate = true> <Delay = 2.43> <CoreInst = "m_axi">   --->   Core 121 'm_axi' <Latency = 0> <II = 1> <Delay = 1.00> <Adapter> <Opcode : 'read' 'write' 'readreq' 'writereq' 'writeresp'>

State 26 <SV = 25> <Delay = 2.43>
ST_26 : Operation 128 [46/68] (2.43ns)   --->   "%empty_39 = writeresp i1 @_ssdm_op_WriteResp.m_axi.p1i128, i128 %gmem0_addr" [/users/arashs/U280_CRC_Accelerator/src/kernel.cpp:445]   --->   Operation 128 'writeresp' 'empty_39' <Predicate = true> <Delay = 2.43> <CoreInst = "m_axi">   --->   Core 121 'm_axi' <Latency = 0> <II = 1> <Delay = 1.00> <Adapter> <Opcode : 'read' 'write' 'readreq' 'writereq' 'writeresp'>

State 27 <SV = 26> <Delay = 2.43>
ST_27 : Operation 129 [45/68] (2.43ns)   --->   "%empty_39 = writeresp i1 @_ssdm_op_WriteResp.m_axi.p1i128, i128 %gmem0_addr" [/users/arashs/U280_CRC_Accelerator/src/kernel.cpp:445]   --->   Operation 129 'writeresp' 'empty_39' <Predicate = true> <Delay = 2.43> <CoreInst = "m_axi">   --->   Core 121 'm_axi' <Latency = 0> <II = 1> <Delay = 1.00> <Adapter> <Opcode : 'read' 'write' 'readreq' 'writereq' 'writeresp'>

State 28 <SV = 27> <Delay = 2.43>
ST_28 : Operation 130 [44/68] (2.43ns)   --->   "%empty_39 = writeresp i1 @_ssdm_op_WriteResp.m_axi.p1i128, i128 %gmem0_addr" [/users/arashs/U280_CRC_Accelerator/src/kernel.cpp:445]   --->   Operation 130 'writeresp' 'empty_39' <Predicate = true> <Delay = 2.43> <CoreInst = "m_axi">   --->   Core 121 'm_axi' <Latency = 0> <II = 1> <Delay = 1.00> <Adapter> <Opcode : 'read' 'write' 'readreq' 'writereq' 'writeresp'>

State 29 <SV = 28> <Delay = 2.43>
ST_29 : Operation 131 [43/68] (2.43ns)   --->   "%empty_39 = writeresp i1 @_ssdm_op_WriteResp.m_axi.p1i128, i128 %gmem0_addr" [/users/arashs/U280_CRC_Accelerator/src/kernel.cpp:445]   --->   Operation 131 'writeresp' 'empty_39' <Predicate = true> <Delay = 2.43> <CoreInst = "m_axi">   --->   Core 121 'm_axi' <Latency = 0> <II = 1> <Delay = 1.00> <Adapter> <Opcode : 'read' 'write' 'readreq' 'writereq' 'writeresp'>

State 30 <SV = 29> <Delay = 2.43>
ST_30 : Operation 132 [42/68] (2.43ns)   --->   "%empty_39 = writeresp i1 @_ssdm_op_WriteResp.m_axi.p1i128, i128 %gmem0_addr" [/users/arashs/U280_CRC_Accelerator/src/kernel.cpp:445]   --->   Operation 132 'writeresp' 'empty_39' <Predicate = true> <Delay = 2.43> <CoreInst = "m_axi">   --->   Core 121 'm_axi' <Latency = 0> <II = 1> <Delay = 1.00> <Adapter> <Opcode : 'read' 'write' 'readreq' 'writereq' 'writeresp'>

State 31 <SV = 30> <Delay = 2.43>
ST_31 : Operation 133 [41/68] (2.43ns)   --->   "%empty_39 = writeresp i1 @_ssdm_op_WriteResp.m_axi.p1i128, i128 %gmem0_addr" [/users/arashs/U280_CRC_Accelerator/src/kernel.cpp:445]   --->   Operation 133 'writeresp' 'empty_39' <Predicate = true> <Delay = 2.43> <CoreInst = "m_axi">   --->   Core 121 'm_axi' <Latency = 0> <II = 1> <Delay = 1.00> <Adapter> <Opcode : 'read' 'write' 'readreq' 'writereq' 'writeresp'>

State 32 <SV = 31> <Delay = 2.43>
ST_32 : Operation 134 [40/68] (2.43ns)   --->   "%empty_39 = writeresp i1 @_ssdm_op_WriteResp.m_axi.p1i128, i128 %gmem0_addr" [/users/arashs/U280_CRC_Accelerator/src/kernel.cpp:445]   --->   Operation 134 'writeresp' 'empty_39' <Predicate = true> <Delay = 2.43> <CoreInst = "m_axi">   --->   Core 121 'm_axi' <Latency = 0> <II = 1> <Delay = 1.00> <Adapter> <Opcode : 'read' 'write' 'readreq' 'writereq' 'writeresp'>

State 33 <SV = 32> <Delay = 2.43>
ST_33 : Operation 135 [39/68] (2.43ns)   --->   "%empty_39 = writeresp i1 @_ssdm_op_WriteResp.m_axi.p1i128, i128 %gmem0_addr" [/users/arashs/U280_CRC_Accelerator/src/kernel.cpp:445]   --->   Operation 135 'writeresp' 'empty_39' <Predicate = true> <Delay = 2.43> <CoreInst = "m_axi">   --->   Core 121 'm_axi' <Latency = 0> <II = 1> <Delay = 1.00> <Adapter> <Opcode : 'read' 'write' 'readreq' 'writereq' 'writeresp'>

State 34 <SV = 33> <Delay = 2.43>
ST_34 : Operation 136 [38/68] (2.43ns)   --->   "%empty_39 = writeresp i1 @_ssdm_op_WriteResp.m_axi.p1i128, i128 %gmem0_addr" [/users/arashs/U280_CRC_Accelerator/src/kernel.cpp:445]   --->   Operation 136 'writeresp' 'empty_39' <Predicate = true> <Delay = 2.43> <CoreInst = "m_axi">   --->   Core 121 'm_axi' <Latency = 0> <II = 1> <Delay = 1.00> <Adapter> <Opcode : 'read' 'write' 'readreq' 'writereq' 'writeresp'>

State 35 <SV = 34> <Delay = 2.43>
ST_35 : Operation 137 [37/68] (2.43ns)   --->   "%empty_39 = writeresp i1 @_ssdm_op_WriteResp.m_axi.p1i128, i128 %gmem0_addr" [/users/arashs/U280_CRC_Accelerator/src/kernel.cpp:445]   --->   Operation 137 'writeresp' 'empty_39' <Predicate = true> <Delay = 2.43> <CoreInst = "m_axi">   --->   Core 121 'm_axi' <Latency = 0> <II = 1> <Delay = 1.00> <Adapter> <Opcode : 'read' 'write' 'readreq' 'writereq' 'writeresp'>

State 36 <SV = 35> <Delay = 2.43>
ST_36 : Operation 138 [36/68] (2.43ns)   --->   "%empty_39 = writeresp i1 @_ssdm_op_WriteResp.m_axi.p1i128, i128 %gmem0_addr" [/users/arashs/U280_CRC_Accelerator/src/kernel.cpp:445]   --->   Operation 138 'writeresp' 'empty_39' <Predicate = true> <Delay = 2.43> <CoreInst = "m_axi">   --->   Core 121 'm_axi' <Latency = 0> <II = 1> <Delay = 1.00> <Adapter> <Opcode : 'read' 'write' 'readreq' 'writereq' 'writeresp'>

State 37 <SV = 36> <Delay = 2.43>
ST_37 : Operation 139 [35/68] (2.43ns)   --->   "%empty_39 = writeresp i1 @_ssdm_op_WriteResp.m_axi.p1i128, i128 %gmem0_addr" [/users/arashs/U280_CRC_Accelerator/src/kernel.cpp:445]   --->   Operation 139 'writeresp' 'empty_39' <Predicate = true> <Delay = 2.43> <CoreInst = "m_axi">   --->   Core 121 'm_axi' <Latency = 0> <II = 1> <Delay = 1.00> <Adapter> <Opcode : 'read' 'write' 'readreq' 'writereq' 'writeresp'>

State 38 <SV = 37> <Delay = 2.43>
ST_38 : Operation 140 [34/68] (2.43ns)   --->   "%empty_39 = writeresp i1 @_ssdm_op_WriteResp.m_axi.p1i128, i128 %gmem0_addr" [/users/arashs/U280_CRC_Accelerator/src/kernel.cpp:445]   --->   Operation 140 'writeresp' 'empty_39' <Predicate = true> <Delay = 2.43> <CoreInst = "m_axi">   --->   Core 121 'm_axi' <Latency = 0> <II = 1> <Delay = 1.00> <Adapter> <Opcode : 'read' 'write' 'readreq' 'writereq' 'writeresp'>

State 39 <SV = 38> <Delay = 2.43>
ST_39 : Operation 141 [33/68] (2.43ns)   --->   "%empty_39 = writeresp i1 @_ssdm_op_WriteResp.m_axi.p1i128, i128 %gmem0_addr" [/users/arashs/U280_CRC_Accelerator/src/kernel.cpp:445]   --->   Operation 141 'writeresp' 'empty_39' <Predicate = true> <Delay = 2.43> <CoreInst = "m_axi">   --->   Core 121 'm_axi' <Latency = 0> <II = 1> <Delay = 1.00> <Adapter> <Opcode : 'read' 'write' 'readreq' 'writereq' 'writeresp'>

State 40 <SV = 39> <Delay = 2.43>
ST_40 : Operation 142 [32/68] (2.43ns)   --->   "%empty_39 = writeresp i1 @_ssdm_op_WriteResp.m_axi.p1i128, i128 %gmem0_addr" [/users/arashs/U280_CRC_Accelerator/src/kernel.cpp:445]   --->   Operation 142 'writeresp' 'empty_39' <Predicate = true> <Delay = 2.43> <CoreInst = "m_axi">   --->   Core 121 'm_axi' <Latency = 0> <II = 1> <Delay = 1.00> <Adapter> <Opcode : 'read' 'write' 'readreq' 'writereq' 'writeresp'>

State 41 <SV = 40> <Delay = 2.43>
ST_41 : Operation 143 [31/68] (2.43ns)   --->   "%empty_39 = writeresp i1 @_ssdm_op_WriteResp.m_axi.p1i128, i128 %gmem0_addr" [/users/arashs/U280_CRC_Accelerator/src/kernel.cpp:445]   --->   Operation 143 'writeresp' 'empty_39' <Predicate = true> <Delay = 2.43> <CoreInst = "m_axi">   --->   Core 121 'm_axi' <Latency = 0> <II = 1> <Delay = 1.00> <Adapter> <Opcode : 'read' 'write' 'readreq' 'writereq' 'writeresp'>

State 42 <SV = 41> <Delay = 2.43>
ST_42 : Operation 144 [30/68] (2.43ns)   --->   "%empty_39 = writeresp i1 @_ssdm_op_WriteResp.m_axi.p1i128, i128 %gmem0_addr" [/users/arashs/U280_CRC_Accelerator/src/kernel.cpp:445]   --->   Operation 144 'writeresp' 'empty_39' <Predicate = true> <Delay = 2.43> <CoreInst = "m_axi">   --->   Core 121 'm_axi' <Latency = 0> <II = 1> <Delay = 1.00> <Adapter> <Opcode : 'read' 'write' 'readreq' 'writereq' 'writeresp'>

State 43 <SV = 42> <Delay = 2.43>
ST_43 : Operation 145 [29/68] (2.43ns)   --->   "%empty_39 = writeresp i1 @_ssdm_op_WriteResp.m_axi.p1i128, i128 %gmem0_addr" [/users/arashs/U280_CRC_Accelerator/src/kernel.cpp:445]   --->   Operation 145 'writeresp' 'empty_39' <Predicate = true> <Delay = 2.43> <CoreInst = "m_axi">   --->   Core 121 'm_axi' <Latency = 0> <II = 1> <Delay = 1.00> <Adapter> <Opcode : 'read' 'write' 'readreq' 'writereq' 'writeresp'>

State 44 <SV = 43> <Delay = 2.43>
ST_44 : Operation 146 [28/68] (2.43ns)   --->   "%empty_39 = writeresp i1 @_ssdm_op_WriteResp.m_axi.p1i128, i128 %gmem0_addr" [/users/arashs/U280_CRC_Accelerator/src/kernel.cpp:445]   --->   Operation 146 'writeresp' 'empty_39' <Predicate = true> <Delay = 2.43> <CoreInst = "m_axi">   --->   Core 121 'm_axi' <Latency = 0> <II = 1> <Delay = 1.00> <Adapter> <Opcode : 'read' 'write' 'readreq' 'writereq' 'writeresp'>

State 45 <SV = 44> <Delay = 2.43>
ST_45 : Operation 147 [27/68] (2.43ns)   --->   "%empty_39 = writeresp i1 @_ssdm_op_WriteResp.m_axi.p1i128, i128 %gmem0_addr" [/users/arashs/U280_CRC_Accelerator/src/kernel.cpp:445]   --->   Operation 147 'writeresp' 'empty_39' <Predicate = true> <Delay = 2.43> <CoreInst = "m_axi">   --->   Core 121 'm_axi' <Latency = 0> <II = 1> <Delay = 1.00> <Adapter> <Opcode : 'read' 'write' 'readreq' 'writereq' 'writeresp'>

State 46 <SV = 45> <Delay = 2.43>
ST_46 : Operation 148 [26/68] (2.43ns)   --->   "%empty_39 = writeresp i1 @_ssdm_op_WriteResp.m_axi.p1i128, i128 %gmem0_addr" [/users/arashs/U280_CRC_Accelerator/src/kernel.cpp:445]   --->   Operation 148 'writeresp' 'empty_39' <Predicate = true> <Delay = 2.43> <CoreInst = "m_axi">   --->   Core 121 'm_axi' <Latency = 0> <II = 1> <Delay = 1.00> <Adapter> <Opcode : 'read' 'write' 'readreq' 'writereq' 'writeresp'>

State 47 <SV = 46> <Delay = 2.43>
ST_47 : Operation 149 [25/68] (2.43ns)   --->   "%empty_39 = writeresp i1 @_ssdm_op_WriteResp.m_axi.p1i128, i128 %gmem0_addr" [/users/arashs/U280_CRC_Accelerator/src/kernel.cpp:445]   --->   Operation 149 'writeresp' 'empty_39' <Predicate = true> <Delay = 2.43> <CoreInst = "m_axi">   --->   Core 121 'm_axi' <Latency = 0> <II = 1> <Delay = 1.00> <Adapter> <Opcode : 'read' 'write' 'readreq' 'writereq' 'writeresp'>

State 48 <SV = 47> <Delay = 2.43>
ST_48 : Operation 150 [24/68] (2.43ns)   --->   "%empty_39 = writeresp i1 @_ssdm_op_WriteResp.m_axi.p1i128, i128 %gmem0_addr" [/users/arashs/U280_CRC_Accelerator/src/kernel.cpp:445]   --->   Operation 150 'writeresp' 'empty_39' <Predicate = true> <Delay = 2.43> <CoreInst = "m_axi">   --->   Core 121 'm_axi' <Latency = 0> <II = 1> <Delay = 1.00> <Adapter> <Opcode : 'read' 'write' 'readreq' 'writereq' 'writeresp'>

State 49 <SV = 48> <Delay = 2.43>
ST_49 : Operation 151 [23/68] (2.43ns)   --->   "%empty_39 = writeresp i1 @_ssdm_op_WriteResp.m_axi.p1i128, i128 %gmem0_addr" [/users/arashs/U280_CRC_Accelerator/src/kernel.cpp:445]   --->   Operation 151 'writeresp' 'empty_39' <Predicate = true> <Delay = 2.43> <CoreInst = "m_axi">   --->   Core 121 'm_axi' <Latency = 0> <II = 1> <Delay = 1.00> <Adapter> <Opcode : 'read' 'write' 'readreq' 'writereq' 'writeresp'>

State 50 <SV = 49> <Delay = 2.43>
ST_50 : Operation 152 [22/68] (2.43ns)   --->   "%empty_39 = writeresp i1 @_ssdm_op_WriteResp.m_axi.p1i128, i128 %gmem0_addr" [/users/arashs/U280_CRC_Accelerator/src/kernel.cpp:445]   --->   Operation 152 'writeresp' 'empty_39' <Predicate = true> <Delay = 2.43> <CoreInst = "m_axi">   --->   Core 121 'm_axi' <Latency = 0> <II = 1> <Delay = 1.00> <Adapter> <Opcode : 'read' 'write' 'readreq' 'writereq' 'writeresp'>

State 51 <SV = 50> <Delay = 2.43>
ST_51 : Operation 153 [21/68] (2.43ns)   --->   "%empty_39 = writeresp i1 @_ssdm_op_WriteResp.m_axi.p1i128, i128 %gmem0_addr" [/users/arashs/U280_CRC_Accelerator/src/kernel.cpp:445]   --->   Operation 153 'writeresp' 'empty_39' <Predicate = true> <Delay = 2.43> <CoreInst = "m_axi">   --->   Core 121 'm_axi' <Latency = 0> <II = 1> <Delay = 1.00> <Adapter> <Opcode : 'read' 'write' 'readreq' 'writereq' 'writeresp'>

State 52 <SV = 51> <Delay = 2.43>
ST_52 : Operation 154 [20/68] (2.43ns)   --->   "%empty_39 = writeresp i1 @_ssdm_op_WriteResp.m_axi.p1i128, i128 %gmem0_addr" [/users/arashs/U280_CRC_Accelerator/src/kernel.cpp:445]   --->   Operation 154 'writeresp' 'empty_39' <Predicate = true> <Delay = 2.43> <CoreInst = "m_axi">   --->   Core 121 'm_axi' <Latency = 0> <II = 1> <Delay = 1.00> <Adapter> <Opcode : 'read' 'write' 'readreq' 'writereq' 'writeresp'>

State 53 <SV = 52> <Delay = 2.43>
ST_53 : Operation 155 [19/68] (2.43ns)   --->   "%empty_39 = writeresp i1 @_ssdm_op_WriteResp.m_axi.p1i128, i128 %gmem0_addr" [/users/arashs/U280_CRC_Accelerator/src/kernel.cpp:445]   --->   Operation 155 'writeresp' 'empty_39' <Predicate = true> <Delay = 2.43> <CoreInst = "m_axi">   --->   Core 121 'm_axi' <Latency = 0> <II = 1> <Delay = 1.00> <Adapter> <Opcode : 'read' 'write' 'readreq' 'writereq' 'writeresp'>

State 54 <SV = 53> <Delay = 2.43>
ST_54 : Operation 156 [18/68] (2.43ns)   --->   "%empty_39 = writeresp i1 @_ssdm_op_WriteResp.m_axi.p1i128, i128 %gmem0_addr" [/users/arashs/U280_CRC_Accelerator/src/kernel.cpp:445]   --->   Operation 156 'writeresp' 'empty_39' <Predicate = true> <Delay = 2.43> <CoreInst = "m_axi">   --->   Core 121 'm_axi' <Latency = 0> <II = 1> <Delay = 1.00> <Adapter> <Opcode : 'read' 'write' 'readreq' 'writereq' 'writeresp'>

State 55 <SV = 54> <Delay = 2.43>
ST_55 : Operation 157 [17/68] (2.43ns)   --->   "%empty_39 = writeresp i1 @_ssdm_op_WriteResp.m_axi.p1i128, i128 %gmem0_addr" [/users/arashs/U280_CRC_Accelerator/src/kernel.cpp:445]   --->   Operation 157 'writeresp' 'empty_39' <Predicate = true> <Delay = 2.43> <CoreInst = "m_axi">   --->   Core 121 'm_axi' <Latency = 0> <II = 1> <Delay = 1.00> <Adapter> <Opcode : 'read' 'write' 'readreq' 'writereq' 'writeresp'>

State 56 <SV = 55> <Delay = 2.43>
ST_56 : Operation 158 [16/68] (2.43ns)   --->   "%empty_39 = writeresp i1 @_ssdm_op_WriteResp.m_axi.p1i128, i128 %gmem0_addr" [/users/arashs/U280_CRC_Accelerator/src/kernel.cpp:445]   --->   Operation 158 'writeresp' 'empty_39' <Predicate = true> <Delay = 2.43> <CoreInst = "m_axi">   --->   Core 121 'm_axi' <Latency = 0> <II = 1> <Delay = 1.00> <Adapter> <Opcode : 'read' 'write' 'readreq' 'writereq' 'writeresp'>

State 57 <SV = 56> <Delay = 2.43>
ST_57 : Operation 159 [15/68] (2.43ns)   --->   "%empty_39 = writeresp i1 @_ssdm_op_WriteResp.m_axi.p1i128, i128 %gmem0_addr" [/users/arashs/U280_CRC_Accelerator/src/kernel.cpp:445]   --->   Operation 159 'writeresp' 'empty_39' <Predicate = true> <Delay = 2.43> <CoreInst = "m_axi">   --->   Core 121 'm_axi' <Latency = 0> <II = 1> <Delay = 1.00> <Adapter> <Opcode : 'read' 'write' 'readreq' 'writereq' 'writeresp'>

State 58 <SV = 57> <Delay = 2.43>
ST_58 : Operation 160 [14/68] (2.43ns)   --->   "%empty_39 = writeresp i1 @_ssdm_op_WriteResp.m_axi.p1i128, i128 %gmem0_addr" [/users/arashs/U280_CRC_Accelerator/src/kernel.cpp:445]   --->   Operation 160 'writeresp' 'empty_39' <Predicate = true> <Delay = 2.43> <CoreInst = "m_axi">   --->   Core 121 'm_axi' <Latency = 0> <II = 1> <Delay = 1.00> <Adapter> <Opcode : 'read' 'write' 'readreq' 'writereq' 'writeresp'>

State 59 <SV = 58> <Delay = 2.43>
ST_59 : Operation 161 [13/68] (2.43ns)   --->   "%empty_39 = writeresp i1 @_ssdm_op_WriteResp.m_axi.p1i128, i128 %gmem0_addr" [/users/arashs/U280_CRC_Accelerator/src/kernel.cpp:445]   --->   Operation 161 'writeresp' 'empty_39' <Predicate = true> <Delay = 2.43> <CoreInst = "m_axi">   --->   Core 121 'm_axi' <Latency = 0> <II = 1> <Delay = 1.00> <Adapter> <Opcode : 'read' 'write' 'readreq' 'writereq' 'writeresp'>

State 60 <SV = 59> <Delay = 2.43>
ST_60 : Operation 162 [12/68] (2.43ns)   --->   "%empty_39 = writeresp i1 @_ssdm_op_WriteResp.m_axi.p1i128, i128 %gmem0_addr" [/users/arashs/U280_CRC_Accelerator/src/kernel.cpp:445]   --->   Operation 162 'writeresp' 'empty_39' <Predicate = true> <Delay = 2.43> <CoreInst = "m_axi">   --->   Core 121 'm_axi' <Latency = 0> <II = 1> <Delay = 1.00> <Adapter> <Opcode : 'read' 'write' 'readreq' 'writereq' 'writeresp'>

State 61 <SV = 60> <Delay = 2.43>
ST_61 : Operation 163 [11/68] (2.43ns)   --->   "%empty_39 = writeresp i1 @_ssdm_op_WriteResp.m_axi.p1i128, i128 %gmem0_addr" [/users/arashs/U280_CRC_Accelerator/src/kernel.cpp:445]   --->   Operation 163 'writeresp' 'empty_39' <Predicate = true> <Delay = 2.43> <CoreInst = "m_axi">   --->   Core 121 'm_axi' <Latency = 0> <II = 1> <Delay = 1.00> <Adapter> <Opcode : 'read' 'write' 'readreq' 'writereq' 'writeresp'>

State 62 <SV = 61> <Delay = 2.43>
ST_62 : Operation 164 [10/68] (2.43ns)   --->   "%empty_39 = writeresp i1 @_ssdm_op_WriteResp.m_axi.p1i128, i128 %gmem0_addr" [/users/arashs/U280_CRC_Accelerator/src/kernel.cpp:445]   --->   Operation 164 'writeresp' 'empty_39' <Predicate = true> <Delay = 2.43> <CoreInst = "m_axi">   --->   Core 121 'm_axi' <Latency = 0> <II = 1> <Delay = 1.00> <Adapter> <Opcode : 'read' 'write' 'readreq' 'writereq' 'writeresp'>

State 63 <SV = 62> <Delay = 2.43>
ST_63 : Operation 165 [9/68] (2.43ns)   --->   "%empty_39 = writeresp i1 @_ssdm_op_WriteResp.m_axi.p1i128, i128 %gmem0_addr" [/users/arashs/U280_CRC_Accelerator/src/kernel.cpp:445]   --->   Operation 165 'writeresp' 'empty_39' <Predicate = true> <Delay = 2.43> <CoreInst = "m_axi">   --->   Core 121 'm_axi' <Latency = 0> <II = 1> <Delay = 1.00> <Adapter> <Opcode : 'read' 'write' 'readreq' 'writereq' 'writeresp'>

State 64 <SV = 63> <Delay = 2.43>
ST_64 : Operation 166 [8/68] (2.43ns)   --->   "%empty_39 = writeresp i1 @_ssdm_op_WriteResp.m_axi.p1i128, i128 %gmem0_addr" [/users/arashs/U280_CRC_Accelerator/src/kernel.cpp:445]   --->   Operation 166 'writeresp' 'empty_39' <Predicate = true> <Delay = 2.43> <CoreInst = "m_axi">   --->   Core 121 'm_axi' <Latency = 0> <II = 1> <Delay = 1.00> <Adapter> <Opcode : 'read' 'write' 'readreq' 'writereq' 'writeresp'>

State 65 <SV = 64> <Delay = 2.43>
ST_65 : Operation 167 [7/68] (2.43ns)   --->   "%empty_39 = writeresp i1 @_ssdm_op_WriteResp.m_axi.p1i128, i128 %gmem0_addr" [/users/arashs/U280_CRC_Accelerator/src/kernel.cpp:445]   --->   Operation 167 'writeresp' 'empty_39' <Predicate = true> <Delay = 2.43> <CoreInst = "m_axi">   --->   Core 121 'm_axi' <Latency = 0> <II = 1> <Delay = 1.00> <Adapter> <Opcode : 'read' 'write' 'readreq' 'writereq' 'writeresp'>

State 66 <SV = 65> <Delay = 2.43>
ST_66 : Operation 168 [6/68] (2.43ns)   --->   "%empty_39 = writeresp i1 @_ssdm_op_WriteResp.m_axi.p1i128, i128 %gmem0_addr" [/users/arashs/U280_CRC_Accelerator/src/kernel.cpp:445]   --->   Operation 168 'writeresp' 'empty_39' <Predicate = true> <Delay = 2.43> <CoreInst = "m_axi">   --->   Core 121 'm_axi' <Latency = 0> <II = 1> <Delay = 1.00> <Adapter> <Opcode : 'read' 'write' 'readreq' 'writereq' 'writeresp'>

State 67 <SV = 66> <Delay = 2.43>
ST_67 : Operation 169 [5/68] (2.43ns)   --->   "%empty_39 = writeresp i1 @_ssdm_op_WriteResp.m_axi.p1i128, i128 %gmem0_addr" [/users/arashs/U280_CRC_Accelerator/src/kernel.cpp:445]   --->   Operation 169 'writeresp' 'empty_39' <Predicate = true> <Delay = 2.43> <CoreInst = "m_axi">   --->   Core 121 'm_axi' <Latency = 0> <II = 1> <Delay = 1.00> <Adapter> <Opcode : 'read' 'write' 'readreq' 'writereq' 'writeresp'>

State 68 <SV = 67> <Delay = 2.43>
ST_68 : Operation 170 [4/68] (2.43ns)   --->   "%empty_39 = writeresp i1 @_ssdm_op_WriteResp.m_axi.p1i128, i128 %gmem0_addr" [/users/arashs/U280_CRC_Accelerator/src/kernel.cpp:445]   --->   Operation 170 'writeresp' 'empty_39' <Predicate = true> <Delay = 2.43> <CoreInst = "m_axi">   --->   Core 121 'm_axi' <Latency = 0> <II = 1> <Delay = 1.00> <Adapter> <Opcode : 'read' 'write' 'readreq' 'writereq' 'writeresp'>

State 69 <SV = 68> <Delay = 2.43>
ST_69 : Operation 171 [3/68] (2.43ns)   --->   "%empty_39 = writeresp i1 @_ssdm_op_WriteResp.m_axi.p1i128, i128 %gmem0_addr" [/users/arashs/U280_CRC_Accelerator/src/kernel.cpp:445]   --->   Operation 171 'writeresp' 'empty_39' <Predicate = true> <Delay = 2.43> <CoreInst = "m_axi">   --->   Core 121 'm_axi' <Latency = 0> <II = 1> <Delay = 1.00> <Adapter> <Opcode : 'read' 'write' 'readreq' 'writereq' 'writeresp'>

State 70 <SV = 69> <Delay = 2.43>
ST_70 : Operation 172 [2/68] (2.43ns)   --->   "%empty_39 = writeresp i1 @_ssdm_op_WriteResp.m_axi.p1i128, i128 %gmem0_addr" [/users/arashs/U280_CRC_Accelerator/src/kernel.cpp:445]   --->   Operation 172 'writeresp' 'empty_39' <Predicate = true> <Delay = 2.43> <CoreInst = "m_axi">   --->   Core 121 'm_axi' <Latency = 0> <II = 1> <Delay = 1.00> <Adapter> <Opcode : 'read' 'write' 'readreq' 'writereq' 'writeresp'>
ST_70 : Operation 177 [1/1] (0.00ns)   --->   "%ret_ln0 = ret"   --->   Operation 177 'ret' 'ret_ln0' <Predicate = (!icmp_ln442)> <Delay = 0.00>

State 71 <SV = 70> <Delay = 2.43>
ST_71 : Operation 173 [1/1] (0.00ns)   --->   "%specpipeline_ln444 = specpipeline void @_ssdm_op_SpecPipeline, i32 1, i32 0, i32 0, i32 0, void @empty_18" [/users/arashs/U280_CRC_Accelerator/src/kernel.cpp:444]   --->   Operation 173 'specpipeline' 'specpipeline_ln444' <Predicate = true> <Delay = 0.00>
ST_71 : Operation 174 [1/1] (0.00ns)   --->   "%specloopname_ln442 = specloopname void @_ssdm_op_SpecLoopName, void @empty_9" [/users/arashs/U280_CRC_Accelerator/src/kernel.cpp:442]   --->   Operation 174 'specloopname' 'specloopname_ln442' <Predicate = true> <Delay = 0.00>
ST_71 : Operation 175 [1/68] (2.43ns)   --->   "%empty_39 = writeresp i1 @_ssdm_op_WriteResp.m_axi.p1i128, i128 %gmem0_addr" [/users/arashs/U280_CRC_Accelerator/src/kernel.cpp:445]   --->   Operation 175 'writeresp' 'empty_39' <Predicate = true> <Delay = 2.43> <CoreInst = "m_axi">   --->   Core 121 'm_axi' <Latency = 0> <II = 1> <Delay = 1.00> <Adapter> <Opcode : 'read' 'write' 'readreq' 'writereq' 'writeresp'>
ST_71 : Operation 176 [1/1] (0.00ns)   --->   "%br_ln442 = br void %for.inc" [/users/arashs/U280_CRC_Accelerator/src/kernel.cpp:442]   --->   Operation 176 'br' 'br_ln442' <Predicate = true> <Delay = 0.00>


============================================================
+ Verbose Summary: Timing violations
============================================================
Target clock period: 3.333ns, clock uncertainty: 0.900ns.

 <State 1>: 1.267ns
The critical path consists of the following:
	'alloca' operation ('i') [6]  (0.000 ns)
	'load' operation ('i', /users/arashs/U280_CRC_Accelerator/src/kernel.cpp:445) on local variable 'i' [15]  (0.000 ns)
	'add' operation ('add_ln442', /users/arashs/U280_CRC_Accelerator/src/kernel.cpp:442) [18]  (0.874 ns)
	'store' operation ('store_ln442', /users/arashs/U280_CRC_Accelerator/src/kernel.cpp:442) of variable 'add_ln442', /users/arashs/U280_CRC_Accelerator/src/kernel.cpp:442 on local variable 'i' [42]  (0.387 ns)
	blocking operation 0.0059375 ns on control path)

 <State 2>: 2.433ns
The critical path consists of the following:
	'getelementptr' operation ('gmem0_addr', /users/arashs/U280_CRC_Accelerator/src/kernel.cpp:445) [38]  (0.000 ns)
	bus request operation ('empty', /users/arashs/U280_CRC_Accelerator/src/kernel.cpp:445) on port 'gmem0' (/users/arashs/U280_CRC_Accelerator/src/kernel.cpp:445) [39]  (2.433 ns)

 <State 3>: 2.433ns
The critical path consists of the following:
	bus write operation ('write_ln445', /users/arashs/U280_CRC_Accelerator/src/kernel.cpp:445) on port 'gmem0' (/users/arashs/U280_CRC_Accelerator/src/kernel.cpp:445) [40]  (2.433 ns)

 <State 4>: 2.433ns
The critical path consists of the following:
	bus response operation ('empty_39', /users/arashs/U280_CRC_Accelerator/src/kernel.cpp:445) on port 'gmem0' (/users/arashs/U280_CRC_Accelerator/src/kernel.cpp:445) [41]  (2.433 ns)

 <State 5>: 2.433ns
The critical path consists of the following:
	bus response operation ('empty_39', /users/arashs/U280_CRC_Accelerator/src/kernel.cpp:445) on port 'gmem0' (/users/arashs/U280_CRC_Accelerator/src/kernel.cpp:445) [41]  (2.433 ns)

 <State 6>: 2.433ns
The critical path consists of the following:
	bus response operation ('empty_39', /users/arashs/U280_CRC_Accelerator/src/kernel.cpp:445) on port 'gmem0' (/users/arashs/U280_CRC_Accelerator/src/kernel.cpp:445) [41]  (2.433 ns)

 <State 7>: 2.433ns
The critical path consists of the following:
	bus response operation ('empty_39', /users/arashs/U280_CRC_Accelerator/src/kernel.cpp:445) on port 'gmem0' (/users/arashs/U280_CRC_Accelerator/src/kernel.cpp:445) [41]  (2.433 ns)

 <State 8>: 2.433ns
The critical path consists of the following:
	bus response operation ('empty_39', /users/arashs/U280_CRC_Accelerator/src/kernel.cpp:445) on port 'gmem0' (/users/arashs/U280_CRC_Accelerator/src/kernel.cpp:445) [41]  (2.433 ns)

 <State 9>: 2.433ns
The critical path consists of the following:
	bus response operation ('empty_39', /users/arashs/U280_CRC_Accelerator/src/kernel.cpp:445) on port 'gmem0' (/users/arashs/U280_CRC_Accelerator/src/kernel.cpp:445) [41]  (2.433 ns)

 <State 10>: 2.433ns
The critical path consists of the following:
	bus response operation ('empty_39', /users/arashs/U280_CRC_Accelerator/src/kernel.cpp:445) on port 'gmem0' (/users/arashs/U280_CRC_Accelerator/src/kernel.cpp:445) [41]  (2.433 ns)

 <State 11>: 2.433ns
The critical path consists of the following:
	bus response operation ('empty_39', /users/arashs/U280_CRC_Accelerator/src/kernel.cpp:445) on port 'gmem0' (/users/arashs/U280_CRC_Accelerator/src/kernel.cpp:445) [41]  (2.433 ns)

 <State 12>: 2.433ns
The critical path consists of the following:
	bus response operation ('empty_39', /users/arashs/U280_CRC_Accelerator/src/kernel.cpp:445) on port 'gmem0' (/users/arashs/U280_CRC_Accelerator/src/kernel.cpp:445) [41]  (2.433 ns)

 <State 13>: 2.433ns
The critical path consists of the following:
	bus response operation ('empty_39', /users/arashs/U280_CRC_Accelerator/src/kernel.cpp:445) on port 'gmem0' (/users/arashs/U280_CRC_Accelerator/src/kernel.cpp:445) [41]  (2.433 ns)

 <State 14>: 2.433ns
The critical path consists of the following:
	bus response operation ('empty_39', /users/arashs/U280_CRC_Accelerator/src/kernel.cpp:445) on port 'gmem0' (/users/arashs/U280_CRC_Accelerator/src/kernel.cpp:445) [41]  (2.433 ns)

 <State 15>: 2.433ns
The critical path consists of the following:
	bus response operation ('empty_39', /users/arashs/U280_CRC_Accelerator/src/kernel.cpp:445) on port 'gmem0' (/users/arashs/U280_CRC_Accelerator/src/kernel.cpp:445) [41]  (2.433 ns)

 <State 16>: 2.433ns
The critical path consists of the following:
	bus response operation ('empty_39', /users/arashs/U280_CRC_Accelerator/src/kernel.cpp:445) on port 'gmem0' (/users/arashs/U280_CRC_Accelerator/src/kernel.cpp:445) [41]  (2.433 ns)

 <State 17>: 2.433ns
The critical path consists of the following:
	bus response operation ('empty_39', /users/arashs/U280_CRC_Accelerator/src/kernel.cpp:445) on port 'gmem0' (/users/arashs/U280_CRC_Accelerator/src/kernel.cpp:445) [41]  (2.433 ns)

 <State 18>: 2.433ns
The critical path consists of the following:
	bus response operation ('empty_39', /users/arashs/U280_CRC_Accelerator/src/kernel.cpp:445) on port 'gmem0' (/users/arashs/U280_CRC_Accelerator/src/kernel.cpp:445) [41]  (2.433 ns)

 <State 19>: 2.433ns
The critical path consists of the following:
	bus response operation ('empty_39', /users/arashs/U280_CRC_Accelerator/src/kernel.cpp:445) on port 'gmem0' (/users/arashs/U280_CRC_Accelerator/src/kernel.cpp:445) [41]  (2.433 ns)

 <State 20>: 2.433ns
The critical path consists of the following:
	bus response operation ('empty_39', /users/arashs/U280_CRC_Accelerator/src/kernel.cpp:445) on port 'gmem0' (/users/arashs/U280_CRC_Accelerator/src/kernel.cpp:445) [41]  (2.433 ns)

 <State 21>: 2.433ns
The critical path consists of the following:
	bus response operation ('empty_39', /users/arashs/U280_CRC_Accelerator/src/kernel.cpp:445) on port 'gmem0' (/users/arashs/U280_CRC_Accelerator/src/kernel.cpp:445) [41]  (2.433 ns)

 <State 22>: 2.433ns
The critical path consists of the following:
	bus response operation ('empty_39', /users/arashs/U280_CRC_Accelerator/src/kernel.cpp:445) on port 'gmem0' (/users/arashs/U280_CRC_Accelerator/src/kernel.cpp:445) [41]  (2.433 ns)

 <State 23>: 2.433ns
The critical path consists of the following:
	bus response operation ('empty_39', /users/arashs/U280_CRC_Accelerator/src/kernel.cpp:445) on port 'gmem0' (/users/arashs/U280_CRC_Accelerator/src/kernel.cpp:445) [41]  (2.433 ns)

 <State 24>: 2.433ns
The critical path consists of the following:
	bus response operation ('empty_39', /users/arashs/U280_CRC_Accelerator/src/kernel.cpp:445) on port 'gmem0' (/users/arashs/U280_CRC_Accelerator/src/kernel.cpp:445) [41]  (2.433 ns)

 <State 25>: 2.433ns
The critical path consists of the following:
	bus response operation ('empty_39', /users/arashs/U280_CRC_Accelerator/src/kernel.cpp:445) on port 'gmem0' (/users/arashs/U280_CRC_Accelerator/src/kernel.cpp:445) [41]  (2.433 ns)

 <State 26>: 2.433ns
The critical path consists of the following:
	bus response operation ('empty_39', /users/arashs/U280_CRC_Accelerator/src/kernel.cpp:445) on port 'gmem0' (/users/arashs/U280_CRC_Accelerator/src/kernel.cpp:445) [41]  (2.433 ns)

 <State 27>: 2.433ns
The critical path consists of the following:
	bus response operation ('empty_39', /users/arashs/U280_CRC_Accelerator/src/kernel.cpp:445) on port 'gmem0' (/users/arashs/U280_CRC_Accelerator/src/kernel.cpp:445) [41]  (2.433 ns)

 <State 28>: 2.433ns
The critical path consists of the following:
	bus response operation ('empty_39', /users/arashs/U280_CRC_Accelerator/src/kernel.cpp:445) on port 'gmem0' (/users/arashs/U280_CRC_Accelerator/src/kernel.cpp:445) [41]  (2.433 ns)

 <State 29>: 2.433ns
The critical path consists of the following:
	bus response operation ('empty_39', /users/arashs/U280_CRC_Accelerator/src/kernel.cpp:445) on port 'gmem0' (/users/arashs/U280_CRC_Accelerator/src/kernel.cpp:445) [41]  (2.433 ns)

 <State 30>: 2.433ns
The critical path consists of the following:
	bus response operation ('empty_39', /users/arashs/U280_CRC_Accelerator/src/kernel.cpp:445) on port 'gmem0' (/users/arashs/U280_CRC_Accelerator/src/kernel.cpp:445) [41]  (2.433 ns)

 <State 31>: 2.433ns
The critical path consists of the following:
	bus response operation ('empty_39', /users/arashs/U280_CRC_Accelerator/src/kernel.cpp:445) on port 'gmem0' (/users/arashs/U280_CRC_Accelerator/src/kernel.cpp:445) [41]  (2.433 ns)

 <State 32>: 2.433ns
The critical path consists of the following:
	bus response operation ('empty_39', /users/arashs/U280_CRC_Accelerator/src/kernel.cpp:445) on port 'gmem0' (/users/arashs/U280_CRC_Accelerator/src/kernel.cpp:445) [41]  (2.433 ns)

 <State 33>: 2.433ns
The critical path consists of the following:
	bus response operation ('empty_39', /users/arashs/U280_CRC_Accelerator/src/kernel.cpp:445) on port 'gmem0' (/users/arashs/U280_CRC_Accelerator/src/kernel.cpp:445) [41]  (2.433 ns)

 <State 34>: 2.433ns
The critical path consists of the following:
	bus response operation ('empty_39', /users/arashs/U280_CRC_Accelerator/src/kernel.cpp:445) on port 'gmem0' (/users/arashs/U280_CRC_Accelerator/src/kernel.cpp:445) [41]  (2.433 ns)

 <State 35>: 2.433ns
The critical path consists of the following:
	bus response operation ('empty_39', /users/arashs/U280_CRC_Accelerator/src/kernel.cpp:445) on port 'gmem0' (/users/arashs/U280_CRC_Accelerator/src/kernel.cpp:445) [41]  (2.433 ns)

 <State 36>: 2.433ns
The critical path consists of the following:
	bus response operation ('empty_39', /users/arashs/U280_CRC_Accelerator/src/kernel.cpp:445) on port 'gmem0' (/users/arashs/U280_CRC_Accelerator/src/kernel.cpp:445) [41]  (2.433 ns)

 <State 37>: 2.433ns
The critical path consists of the following:
	bus response operation ('empty_39', /users/arashs/U280_CRC_Accelerator/src/kernel.cpp:445) on port 'gmem0' (/users/arashs/U280_CRC_Accelerator/src/kernel.cpp:445) [41]  (2.433 ns)

 <State 38>: 2.433ns
The critical path consists of the following:
	bus response operation ('empty_39', /users/arashs/U280_CRC_Accelerator/src/kernel.cpp:445) on port 'gmem0' (/users/arashs/U280_CRC_Accelerator/src/kernel.cpp:445) [41]  (2.433 ns)

 <State 39>: 2.433ns
The critical path consists of the following:
	bus response operation ('empty_39', /users/arashs/U280_CRC_Accelerator/src/kernel.cpp:445) on port 'gmem0' (/users/arashs/U280_CRC_Accelerator/src/kernel.cpp:445) [41]  (2.433 ns)

 <State 40>: 2.433ns
The critical path consists of the following:
	bus response operation ('empty_39', /users/arashs/U280_CRC_Accelerator/src/kernel.cpp:445) on port 'gmem0' (/users/arashs/U280_CRC_Accelerator/src/kernel.cpp:445) [41]  (2.433 ns)

 <State 41>: 2.433ns
The critical path consists of the following:
	bus response operation ('empty_39', /users/arashs/U280_CRC_Accelerator/src/kernel.cpp:445) on port 'gmem0' (/users/arashs/U280_CRC_Accelerator/src/kernel.cpp:445) [41]  (2.433 ns)

 <State 42>: 2.433ns
The critical path consists of the following:
	bus response operation ('empty_39', /users/arashs/U280_CRC_Accelerator/src/kernel.cpp:445) on port 'gmem0' (/users/arashs/U280_CRC_Accelerator/src/kernel.cpp:445) [41]  (2.433 ns)

 <State 43>: 2.433ns
The critical path consists of the following:
	bus response operation ('empty_39', /users/arashs/U280_CRC_Accelerator/src/kernel.cpp:445) on port 'gmem0' (/users/arashs/U280_CRC_Accelerator/src/kernel.cpp:445) [41]  (2.433 ns)

 <State 44>: 2.433ns
The critical path consists of the following:
	bus response operation ('empty_39', /users/arashs/U280_CRC_Accelerator/src/kernel.cpp:445) on port 'gmem0' (/users/arashs/U280_CRC_Accelerator/src/kernel.cpp:445) [41]  (2.433 ns)

 <State 45>: 2.433ns
The critical path consists of the following:
	bus response operation ('empty_39', /users/arashs/U280_CRC_Accelerator/src/kernel.cpp:445) on port 'gmem0' (/users/arashs/U280_CRC_Accelerator/src/kernel.cpp:445) [41]  (2.433 ns)

 <State 46>: 2.433ns
The critical path consists of the following:
	bus response operation ('empty_39', /users/arashs/U280_CRC_Accelerator/src/kernel.cpp:445) on port 'gmem0' (/users/arashs/U280_CRC_Accelerator/src/kernel.cpp:445) [41]  (2.433 ns)

 <State 47>: 2.433ns
The critical path consists of the following:
	bus response operation ('empty_39', /users/arashs/U280_CRC_Accelerator/src/kernel.cpp:445) on port 'gmem0' (/users/arashs/U280_CRC_Accelerator/src/kernel.cpp:445) [41]  (2.433 ns)

 <State 48>: 2.433ns
The critical path consists of the following:
	bus response operation ('empty_39', /users/arashs/U280_CRC_Accelerator/src/kernel.cpp:445) on port 'gmem0' (/users/arashs/U280_CRC_Accelerator/src/kernel.cpp:445) [41]  (2.433 ns)

 <State 49>: 2.433ns
The critical path consists of the following:
	bus response operation ('empty_39', /users/arashs/U280_CRC_Accelerator/src/kernel.cpp:445) on port 'gmem0' (/users/arashs/U280_CRC_Accelerator/src/kernel.cpp:445) [41]  (2.433 ns)

 <State 50>: 2.433ns
The critical path consists of the following:
	bus response operation ('empty_39', /users/arashs/U280_CRC_Accelerator/src/kernel.cpp:445) on port 'gmem0' (/users/arashs/U280_CRC_Accelerator/src/kernel.cpp:445) [41]  (2.433 ns)

 <State 51>: 2.433ns
The critical path consists of the following:
	bus response operation ('empty_39', /users/arashs/U280_CRC_Accelerator/src/kernel.cpp:445) on port 'gmem0' (/users/arashs/U280_CRC_Accelerator/src/kernel.cpp:445) [41]  (2.433 ns)

 <State 52>: 2.433ns
The critical path consists of the following:
	bus response operation ('empty_39', /users/arashs/U280_CRC_Accelerator/src/kernel.cpp:445) on port 'gmem0' (/users/arashs/U280_CRC_Accelerator/src/kernel.cpp:445) [41]  (2.433 ns)

 <State 53>: 2.433ns
The critical path consists of the following:
	bus response operation ('empty_39', /users/arashs/U280_CRC_Accelerator/src/kernel.cpp:445) on port 'gmem0' (/users/arashs/U280_CRC_Accelerator/src/kernel.cpp:445) [41]  (2.433 ns)

 <State 54>: 2.433ns
The critical path consists of the following:
	bus response operation ('empty_39', /users/arashs/U280_CRC_Accelerator/src/kernel.cpp:445) on port 'gmem0' (/users/arashs/U280_CRC_Accelerator/src/kernel.cpp:445) [41]  (2.433 ns)

 <State 55>: 2.433ns
The critical path consists of the following:
	bus response operation ('empty_39', /users/arashs/U280_CRC_Accelerator/src/kernel.cpp:445) on port 'gmem0' (/users/arashs/U280_CRC_Accelerator/src/kernel.cpp:445) [41]  (2.433 ns)

 <State 56>: 2.433ns
The critical path consists of the following:
	bus response operation ('empty_39', /users/arashs/U280_CRC_Accelerator/src/kernel.cpp:445) on port 'gmem0' (/users/arashs/U280_CRC_Accelerator/src/kernel.cpp:445) [41]  (2.433 ns)

 <State 57>: 2.433ns
The critical path consists of the following:
	bus response operation ('empty_39', /users/arashs/U280_CRC_Accelerator/src/kernel.cpp:445) on port 'gmem0' (/users/arashs/U280_CRC_Accelerator/src/kernel.cpp:445) [41]  (2.433 ns)

 <State 58>: 2.433ns
The critical path consists of the following:
	bus response operation ('empty_39', /users/arashs/U280_CRC_Accelerator/src/kernel.cpp:445) on port 'gmem0' (/users/arashs/U280_CRC_Accelerator/src/kernel.cpp:445) [41]  (2.433 ns)

 <State 59>: 2.433ns
The critical path consists of the following:
	bus response operation ('empty_39', /users/arashs/U280_CRC_Accelerator/src/kernel.cpp:445) on port 'gmem0' (/users/arashs/U280_CRC_Accelerator/src/kernel.cpp:445) [41]  (2.433 ns)

 <State 60>: 2.433ns
The critical path consists of the following:
	bus response operation ('empty_39', /users/arashs/U280_CRC_Accelerator/src/kernel.cpp:445) on port 'gmem0' (/users/arashs/U280_CRC_Accelerator/src/kernel.cpp:445) [41]  (2.433 ns)

 <State 61>: 2.433ns
The critical path consists of the following:
	bus response operation ('empty_39', /users/arashs/U280_CRC_Accelerator/src/kernel.cpp:445) on port 'gmem0' (/users/arashs/U280_CRC_Accelerator/src/kernel.cpp:445) [41]  (2.433 ns)

 <State 62>: 2.433ns
The critical path consists of the following:
	bus response operation ('empty_39', /users/arashs/U280_CRC_Accelerator/src/kernel.cpp:445) on port 'gmem0' (/users/arashs/U280_CRC_Accelerator/src/kernel.cpp:445) [41]  (2.433 ns)

 <State 63>: 2.433ns
The critical path consists of the following:
	bus response operation ('empty_39', /users/arashs/U280_CRC_Accelerator/src/kernel.cpp:445) on port 'gmem0' (/users/arashs/U280_CRC_Accelerator/src/kernel.cpp:445) [41]  (2.433 ns)

 <State 64>: 2.433ns
The critical path consists of the following:
	bus response operation ('empty_39', /users/arashs/U280_CRC_Accelerator/src/kernel.cpp:445) on port 'gmem0' (/users/arashs/U280_CRC_Accelerator/src/kernel.cpp:445) [41]  (2.433 ns)

 <State 65>: 2.433ns
The critical path consists of the following:
	bus response operation ('empty_39', /users/arashs/U280_CRC_Accelerator/src/kernel.cpp:445) on port 'gmem0' (/users/arashs/U280_CRC_Accelerator/src/kernel.cpp:445) [41]  (2.433 ns)

 <State 66>: 2.433ns
The critical path consists of the following:
	bus response operation ('empty_39', /users/arashs/U280_CRC_Accelerator/src/kernel.cpp:445) on port 'gmem0' (/users/arashs/U280_CRC_Accelerator/src/kernel.cpp:445) [41]  (2.433 ns)

 <State 67>: 2.433ns
The critical path consists of the following:
	bus response operation ('empty_39', /users/arashs/U280_CRC_Accelerator/src/kernel.cpp:445) on port 'gmem0' (/users/arashs/U280_CRC_Accelerator/src/kernel.cpp:445) [41]  (2.433 ns)

 <State 68>: 2.433ns
The critical path consists of the following:
	bus response operation ('empty_39', /users/arashs/U280_CRC_Accelerator/src/kernel.cpp:445) on port 'gmem0' (/users/arashs/U280_CRC_Accelerator/src/kernel.cpp:445) [41]  (2.433 ns)

 <State 69>: 2.433ns
The critical path consists of the following:
	bus response operation ('empty_39', /users/arashs/U280_CRC_Accelerator/src/kernel.cpp:445) on port 'gmem0' (/users/arashs/U280_CRC_Accelerator/src/kernel.cpp:445) [41]  (2.433 ns)

 <State 70>: 2.433ns
The critical path consists of the following:
	bus response operation ('empty_39', /users/arashs/U280_CRC_Accelerator/src/kernel.cpp:445) on port 'gmem0' (/users/arashs/U280_CRC_Accelerator/src/kernel.cpp:445) [41]  (2.433 ns)

 <State 71>: 2.433ns
The critical path consists of the following:
	bus response operation ('empty_39', /users/arashs/U280_CRC_Accelerator/src/kernel.cpp:445) on port 'gmem0' (/users/arashs/U280_CRC_Accelerator/src/kernel.cpp:445) [41]  (2.433 ns)


============================================================
+ Verbose Summary: Binding
============================================================
N/A
* FSMD analyzer results:
  - Output states:
 - Input state : 
  - Chain level:
	State 1
	State 2
	State 3
	State 4
	State 5
	State 6
	State 7
	State 8
	State 9
	State 10
	State 11
	State 12
	State 13
	State 14
	State 15
	State 16
	State 17
	State 18
	State 19
	State 20
	State 21
	State 22
	State 23
	State 24
	State 25
	State 26
	State 27
	State 28
	State 29
	State 30
	State 31
	State 32
	State 33
	State 34
	State 35
	State 36
	State 37
	State 38
	State 39
	State 40
	State 41
	State 42
	State 43
	State 44
	State 45
	State 46
	State 47
	State 48
	State 49
	State 50
	State 51
	State 52
	State 53
	State 54
	State 55
	State 56
	State 57
	State 58
	State 59
	State 60
	State 61
	State 62
	State 63
	State 64
	State 65
	State 66
	State 67
	State 68
	State 69
	State 70
	State 71


============================================================
+ Verbose Summary: Datapath Resource usage 
============================================================
N/A
