

================================================================
== Vitis HLS Report for 'calculate_crc'
================================================================
* Date:           Thu Apr  2 18:17:08 2026

* Version:        2022.1 (Build 3526262 on Mon Apr 18 15:47:01 MDT 2022)
* Project:        calculate_crc
* Solution:       solution (Vitis Kernel Flow Target)
* Product family: virtexuplus
* Target device:  xcu280-fsvh2892-2L-e


================================================================
== Performance Estimates
================================================================
+ Timing: 
    * Summary: 
    +--------+---------+----------+------------+
    |  Clock |  Target | Estimated| Uncertainty|
    +--------+---------+----------+------------+
    |ap_clk  |  3.33 ns|  2.433 ns|     0.90 ns|
    +--------+---------+----------+------------+

+ Latency: 
    * Summary: 
    +---------+---------+----------+----------+-----+-----+---------+
    |  Latency (cycles) |  Latency (absolute) |  Interval | Pipeline|
    |   min   |   max   |    min   |    max   | min | max |   Type  |
    +---------+---------+----------+----------+-----+-----+---------+
    |        ?|        ?|         ?|         ?|    ?|    ?|       no|
    +---------+---------+----------+----------+-----+-----+---------+

    + Detail: 
        * Instance: 
        +--------------------------------+---------------------+---------+---------+-----------+-----------+------+------+----------+
        |                                |                     |  Latency (cycles) |   Latency (absolute)  |   Interval  | Pipeline |
        |            Instance            |        Module       |   min   |   max   |    min    |    max    |  min |  max |   Type   |
        +--------------------------------+---------------------+---------+---------+-----------+-----------+------+------+----------+
        |grp_load_crc_tables_fu_198      |load_crc_tables      |     4170|     4170|  13.899 us|  13.899 us|  4170|  4170|        no|
        |grp_crc_dataflow_region_fu_221  |crc_dataflow_region  |        ?|        ?|          ?|          ?|     ?|     ?|  dataflow|
        +--------------------------------+---------------------+---------+---------+-----------+-----------+------+------+----------+

        * Loop: 
        N/A



================================================================
== Utilization Estimates
================================================================
* Summary: 
+---------------------+---------+------+---------+---------+-----+
|         Name        | BRAM_18K|  DSP |    FF   |   LUT   | URAM|
+---------------------+---------+------+---------+---------+-----+
|DSP                  |        -|     -|        -|        -|    -|
|Expression           |        -|     -|        0|        6|    -|
|FIFO                 |        -|     -|        -|        -|    -|
|Instance             |        0|     3|     9825|    17273|    0|
|Memory               |       16|     -|        0|        0|    -|
|Multiplexer          |        -|     -|        -|      695|    -|
|Register             |        -|     -|      205|        -|    -|
+---------------------+---------+------+---------+---------+-----+
|Total                |       16|     3|    10030|    17974|    0|
+---------------------+---------+------+---------+---------+-----+
|Available SLR        |     1344|  3008|   869120|   434560|  320|
+---------------------+---------+------+---------+---------+-----+
|Utilization SLR (%)  |        1|    ~0|        1|        4|    0|
+---------------------+---------+------+---------+---------+-----+
|Available            |     4032|  9024|  2607360|  1303680|  960|
+---------------------+---------+------+---------+---------+-----+
|Utilization (%)      |       ~0|    ~0|       ~0|        1|    0|
+---------------------+---------+------+---------+---------+-----+

+ Detail: 
    * Instance: 
    +--------------------------------+---------------------+---------+----+------+------+-----+
    |            Instance            |        Module       | BRAM_18K| DSP|  FF  |  LUT | URAM|
    +--------------------------------+---------------------+---------+----+------+------+-----+
    |control_s_axi_U                 |control_s_axi        |        0|   0|   398|   680|    0|
    |grp_crc_dataflow_region_fu_221  |crc_dataflow_region  |        0|   3|  2236|  4900|    0|
    |gmem0_m_axi_U                   |gmem0_m_axi          |        0|   0|  1445|  2615|    0|
    |gmem1_m_axi_U                   |gmem1_m_axi          |        0|   0|  4567|  8001|    0|
    |grp_load_crc_tables_fu_198      |load_crc_tables      |        0|   0|  1179|  1077|    0|
    +--------------------------------+---------------------+---------+----+------+------+-----+
    |Total                           |                     |        0|   3|  9825| 17273|    0|
    +--------------------------------+---------------------+---------+----+------+------+-----+

    * DSP: 
    N/A

    * Memory: 
    +----------------+----------------------------+---------+---+----+-----+------+-----+------+-------------+
    |     Memory     |           Module           | BRAM_18K| FF| LUT| URAM| Words| Bits| Banks| W*Bits*Banks|
    +----------------+----------------------------+---------+---+----+-----+------+-----+------+-------------+
    |crcTables_U     |crcTables_RAM_1P_BRAM_1R1W  |        1|  0|   0|    0|   256|   32|     1|         8192|
    |crcTables_1_U   |crcTables_RAM_1P_BRAM_1R1W  |        1|  0|   0|    0|   256|   32|     1|         8192|
    |crcTables_2_U   |crcTables_RAM_1P_BRAM_1R1W  |        1|  0|   0|    0|   256|   32|     1|         8192|
    |crcTables_3_U   |crcTables_RAM_1P_BRAM_1R1W  |        1|  0|   0|    0|   256|   32|     1|         8192|
    |crcTables_4_U   |crcTables_RAM_1P_BRAM_1R1W  |        1|  0|   0|    0|   256|   32|     1|         8192|
    |crcTables_5_U   |crcTables_RAM_1P_BRAM_1R1W  |        1|  0|   0|    0|   256|   32|     1|         8192|
    |crcTables_6_U   |crcTables_RAM_1P_BRAM_1R1W  |        1|  0|   0|    0|   256|   32|     1|         8192|
    |crcTables_7_U   |crcTables_RAM_1P_BRAM_1R1W  |        1|  0|   0|    0|   256|   32|     1|         8192|
    |crcTables_8_U   |crcTables_RAM_1P_BRAM_1R1W  |        1|  0|   0|    0|   256|   32|     1|         8192|
    |crcTables_9_U   |crcTables_RAM_1P_BRAM_1R1W  |        1|  0|   0|    0|   256|   32|     1|         8192|
    |crcTables_10_U  |crcTables_RAM_1P_BRAM_1R1W  |        1|  0|   0|    0|   256|   32|     1|         8192|
    |crcTables_11_U  |crcTables_RAM_1P_BRAM_1R1W  |        1|  0|   0|    0|   256|   32|     1|         8192|
    |crcTables_12_U  |crcTables_RAM_1P_BRAM_1R1W  |        1|  0|   0|    0|   256|   32|     1|         8192|
    |crcTables_13_U  |crcTables_RAM_1P_BRAM_1R1W  |        1|  0|   0|    0|   256|   32|     1|         8192|
    |crcTables_14_U  |crcTables_RAM_1P_BRAM_1R1W  |        1|  0|   0|    0|   256|   32|     1|         8192|
    |crcTables_15_U  |crcTables_RAM_1P_BRAM_1R1W  |        1|  0|   0|    0|   256|   32|     1|         8192|
    +----------------+----------------------------+---------+---+----+-----+------+-----+------+-------------+
    |Total           |                            |       16|  0|   0|    0|  4096|  512|    16|       131072|
    +----------------+----------------------------+---------+---+----+-----+------+-----+------+-------------+

    * FIFO: 
    N/A

    * Expression: 
    +-------------------------------------------------+----------+----+---+----+------------+------------+
    |                  Variable Name                  | Operation| DSP| FF| LUT| Bitwidth P0| Bitwidth P1|
    +-------------------------------------------------+----------+----+---+----+------------+------------+
    |ap_block_state1                                  |        or|   0|  0|   2|           1|           1|
    |ap_sync_grp_crc_dataflow_region_fu_221_ap_done   |        or|   0|  0|   2|           1|           1|
    |ap_sync_grp_crc_dataflow_region_fu_221_ap_ready  |        or|   0|  0|   2|           1|           1|
    +-------------------------------------------------+----------+----+---+----+------------+------------+
    |Total                                            |          |   0|  0|   6|           3|           3|
    +-------------------------------------------------+----------+----+---+----+------------+------------+

    * Multiplexer: 
    +-----------------------+----+-----------+-----+-----------+
    |          Name         | LUT| Input Size| Bits| Total Bits|
    +-----------------------+----+-----------+-----+-----------+
    |ap_NS_fsm              |  31|          6|    1|          6|
    |ap_done                |   9|          2|    1|          2|
    |crcTables_10_address0  |  14|          3|    8|         24|
    |crcTables_10_ce0       |  14|          3|    1|          3|
    |crcTables_10_we0       |   9|          2|    1|          2|
    |crcTables_11_address0  |  14|          3|    8|         24|
    |crcTables_11_ce0       |  14|          3|    1|          3|
    |crcTables_11_we0       |   9|          2|    1|          2|
    |crcTables_12_address0  |  14|          3|    8|         24|
    |crcTables_12_ce0       |  14|          3|    1|          3|
    |crcTables_12_we0       |   9|          2|    1|          2|
    |crcTables_13_address0  |  14|          3|    8|         24|
    |crcTables_13_ce0       |  14|          3|    1|          3|
    |crcTables_13_we0       |   9|          2|    1|          2|
    |crcTables_14_address0  |  14|          3|    8|         24|
    |crcTables_14_ce0       |  14|          3|    1|          3|
    |crcTables_14_we0       |   9|          2|    1|          2|
    |crcTables_15_address0  |  14|          3|    8|         24|
    |crcTables_15_ce0       |  14|          3|    1|          3|
    |crcTables_15_we0       |   9|          2|    1|          2|
    |crcTables_1_address0   |  14|          3|    8|         24|
    |crcTables_1_ce0        |  14|          3|    1|          3|
    |crcTables_1_we0        |   9|          2|    1|          2|
    |crcTables_2_address0   |  14|          3|    8|         24|
    |crcTables_2_ce0        |  14|          3|    1|          3|
    |crcTables_2_we0        |   9|          2|    1|          2|
    |crcTables_3_address0   |  14|          3|    8|         24|
    |crcTables_3_ce0        |  14|          3|    1|          3|
    |crcTables_3_we0        |   9|          2|    1|          2|
    |crcTables_4_address0   |  14|          3|    8|         24|
    |crcTables_4_ce0        |  14|          3|    1|          3|
    |crcTables_4_we0        |   9|          2|    1|          2|
    |crcTables_5_address0   |  14|          3|    8|         24|
    |crcTables_5_ce0        |  14|          3|    1|          3|
    |crcTables_5_we0        |   9|          2|    1|          2|
    |crcTables_6_address0   |  14|          3|    8|         24|
    |crcTables_6_ce0        |  14|          3|    1|          3|
    |crcTables_6_we0        |   9|          2|    1|          2|
    |crcTables_7_address0   |  14|          3|    8|         24|
    |crcTables_7_ce0        |  14|          3|    1|          3|
    |crcTables_7_we0        |   9|          2|    1|          2|
    |crcTables_8_address0   |  14|          3|    8|         24|
    |crcTables_8_ce0        |  14|          3|    1|          3|
    |crcTables_8_we0        |   9|          2|    1|          2|
    |crcTables_9_address0   |  14|          3|    8|         24|
    |crcTables_9_ce0        |  14|          3|    1|          3|
    |crcTables_9_we0        |   9|          2|    1|          2|
    |crcTables_address0     |  14|          3|    8|         24|
    |crcTables_ce0          |  14|          3|    1|          3|
    |crcTables_we0          |   9|          2|    1|          2|
    |gmem0_ARVALID          |   9|          2|    1|          2|
    |gmem0_AWVALID          |   9|          2|    1|          2|
    |gmem0_BREADY           |   9|          2|    1|          2|
    |gmem0_RREADY           |   9|          2|    1|          2|
    |gmem0_WVALID           |   9|          2|    1|          2|
    |gmem1_ARVALID          |   9|          2|    1|          2|
    |gmem1_RREADY           |   9|          2|    1|          2|
    +-----------------------+----+-----------+-----+-----------+
    |Total                  | 695|        150|  169|        486|
    +-----------------------+----+-----------+-----+-----------+

    * Register: 
    +-----------------------------------------------------+----+----+-----+-----------+
    |                         Name                        | FF | LUT| Bits| Const Bits|
    +-----------------------------------------------------+----+----+-----+-----------+
    |ap_CS_fsm                                            |   5|   0|    5|          0|
    |ap_done_reg                                          |   1|   0|    1|          0|
    |ap_rst_n_inv                                         |   1|   0|    1|          0|
    |ap_rst_reg_1                                         |   1|   0|    1|          0|
    |ap_rst_reg_2                                         |   1|   0|    1|          0|
    |ap_sync_reg_grp_crc_dataflow_region_fu_221_ap_done   |   1|   0|    1|          0|
    |ap_sync_reg_grp_crc_dataflow_region_fu_221_ap_ready  |   1|   0|    1|          0|
    |crc_out_read_reg_254                                 |  64|   0|   64|          0|
    |data_in_read_reg_259                                 |  64|   0|   64|          0|
    |grp_crc_dataflow_region_fu_221_ap_start_reg          |   1|   0|    1|          0|
    |grp_load_crc_tables_fu_198_ap_start_reg              |   1|   0|    1|          0|
    |tables_read_reg_249                                  |  64|   0|   64|          0|
    +-----------------------------------------------------+----+----+-----+-----------+
    |Total                                                | 205|   0|  205|          0|
    +-----------------------------------------------------+----+----+-----+-----------+



================================================================
== Interface
================================================================
* Summary: 
+-----------------------+-----+-----+---------------+---------------+--------------+
|       RTL Ports       | Dir | Bits|    Protocol   | Source Object |    C Type    |
+-----------------------+-----+-----+---------------+---------------+--------------+
|s_axi_control_AWVALID  |   in|    1|          s_axi|        control|        scalar|
|s_axi_control_AWREADY  |  out|    1|          s_axi|        control|        scalar|
|s_axi_control_AWADDR   |   in|    7|          s_axi|        control|        scalar|
|s_axi_control_WVALID   |   in|    1|          s_axi|        control|        scalar|
|s_axi_control_WREADY   |  out|    1|          s_axi|        control|        scalar|
|s_axi_control_WDATA    |   in|   32|          s_axi|        control|        scalar|
|s_axi_control_WSTRB    |   in|    4|          s_axi|        control|        scalar|
|s_axi_control_ARVALID  |   in|    1|          s_axi|        control|        scalar|
|s_axi_control_ARREADY  |  out|    1|          s_axi|        control|        scalar|
|s_axi_control_ARADDR   |   in|    7|          s_axi|        control|        scalar|
|s_axi_control_RVALID   |  out|    1|          s_axi|        control|        scalar|
|s_axi_control_RREADY   |   in|    1|          s_axi|        control|        scalar|
|s_axi_control_RDATA    |  out|   32|          s_axi|        control|        scalar|
|s_axi_control_RRESP    |  out|    2|          s_axi|        control|        scalar|
|s_axi_control_BVALID   |  out|    1|          s_axi|        control|        scalar|
|s_axi_control_BREADY   |   in|    1|          s_axi|        control|        scalar|
|s_axi_control_BRESP    |  out|    2|          s_axi|        control|        scalar|
|ap_clk                 |   in|    1|  ap_ctrl_chain|  calculate_crc|  return value|
|ap_rst_n               |   in|    1|  ap_ctrl_chain|  calculate_crc|  return value|
|interrupt              |  out|    1|  ap_ctrl_chain|  calculate_crc|  return value|
|m_axi_gmem0_AWVALID    |  out|    1|          m_axi|          gmem0|       pointer|
|m_axi_gmem0_AWREADY    |   in|    1|          m_axi|          gmem0|       pointer|
|m_axi_gmem0_AWADDR     |  out|   64|          m_axi|          gmem0|       pointer|
|m_axi_gmem0_AWID       |  out|    1|          m_axi|          gmem0|       pointer|
|m_axi_gmem0_AWLEN      |  out|    8|          m_axi|          gmem0|       pointer|
|m_axi_gmem0_AWSIZE     |  out|    3|          m_axi|          gmem0|       pointer|
|m_axi_gmem0_AWBURST    |  out|    2|          m_axi|          gmem0|       pointer|
|m_axi_gmem0_AWLOCK     |  out|    2|          m_axi|          gmem0|       pointer|
|m_axi_gmem0_AWCACHE    |  out|    4|          m_axi|          gmem0|       pointer|
|m_axi_gmem0_AWPROT     |  out|    3|          m_axi|          gmem0|       pointer|
|m_axi_gmem0_AWQOS      |  out|    4|          m_axi|          gmem0|       pointer|
|m_axi_gmem0_AWREGION   |  out|    4|          m_axi|          gmem0|       pointer|
|m_axi_gmem0_AWUSER     |  out|    1|          m_axi|          gmem0|       pointer|
|m_axi_gmem0_WVALID     |  out|    1|          m_axi|          gmem0|       pointer|
|m_axi_gmem0_WREADY     |   in|    1|          m_axi|          gmem0|       pointer|
|m_axi_gmem0_WDATA      |  out|  128|          m_axi|          gmem0|       pointer|
|m_axi_gmem0_WSTRB      |  out|   16|          m_axi|          gmem0|       pointer|
|m_axi_gmem0_WLAST      |  out|    1|          m_axi|          gmem0|       pointer|
|m_axi_gmem0_WID        |  out|    1|          m_axi|          gmem0|       pointer|
|m_axi_gmem0_WUSER      |  out|    1|          m_axi|          gmem0|       pointer|
|m_axi_gmem0_ARVALID    |  out|    1|          m_axi|          gmem0|       pointer|
|m_axi_gmem0_ARREADY    |   in|    1|          m_axi|          gmem0|       pointer|
|m_axi_gmem0_ARADDR     |  out|   64|          m_axi|          gmem0|       pointer|
|m_axi_gmem0_ARID       |  out|    1|          m_axi|          gmem0|       pointer|
|m_axi_gmem0_ARLEN      |  out|    8|          m_axi|          gmem0|       pointer|
|m_axi_gmem0_ARSIZE     |  out|    3|          m_axi|          gmem0|       pointer|
|m_axi_gmem0_ARBURST    |  out|    2|          m_axi|          gmem0|       pointer|
|m_axi_gmem0_ARLOCK     |  out|    2|          m_axi|          gmem0|       pointer|
|m_axi_gmem0_ARCACHE    |  out|    4|          m_axi|          gmem0|       pointer|
|m_axi_gmem0_ARPROT     |  out|    3|          m_axi|          gmem0|       pointer|
|m_axi_gmem0_ARQOS      |  out|    4|          m_axi|          gmem0|       pointer|
|m_axi_gmem0_ARREGION   |  out|    4|          m_axi|          gmem0|       pointer|
|m_axi_gmem0_ARUSER     |  out|    1|          m_axi|          gmem0|       pointer|
|m_axi_gmem0_RVALID     |   in|    1|          m_axi|          gmem0|       pointer|
|m_axi_gmem0_RREADY     |  out|    1|          m_axi|          gmem0|       pointer|
|m_axi_gmem0_RDATA      |   in|  128|          m_axi|          gmem0|       pointer|
|m_axi_gmem0_RLAST      |   in|    1|          m_axi|          gmem0|       pointer|
|m_axi_gmem0_RID        |   in|    1|          m_axi|          gmem0|       pointer|
|m_axi_gmem0_RUSER      |   in|    1|          m_axi|          gmem0|       pointer|
|m_axi_gmem0_RRESP      |   in|    2|          m_axi|          gmem0|       pointer|
|m_axi_gmem0_BVALID     |   in|    1|          m_axi|          gmem0|       pointer|
|m_axi_gmem0_BREADY     |  out|    1|          m_axi|          gmem0|       pointer|
|m_axi_gmem0_BRESP      |   in|    2|          m_axi|          gmem0|       pointer|
|m_axi_gmem0_BID        |   in|    1|          m_axi|          gmem0|       pointer|
|m_axi_gmem0_BUSER      |   in|    1|          m_axi|          gmem0|       pointer|
|m_axi_gmem1_AWVALID    |  out|    1|          m_axi|          gmem1|       pointer|
|m_axi_gmem1_AWREADY    |   in|    1|          m_axi|          gmem1|       pointer|
|m_axi_gmem1_AWADDR     |  out|   64|          m_axi|          gmem1|       pointer|
|m_axi_gmem1_AWID       |  out|    1|          m_axi|          gmem1|       pointer|
|m_axi_gmem1_AWLEN      |  out|    8|          m_axi|          gmem1|       pointer|
|m_axi_gmem1_AWSIZE     |  out|    3|          m_axi|          gmem1|       pointer|
|m_axi_gmem1_AWBURST    |  out|    2|          m_axi|          gmem1|       pointer|
|m_axi_gmem1_AWLOCK     |  out|    2|          m_axi|          gmem1|       pointer|
|m_axi_gmem1_AWCACHE    |  out|    4|          m_axi|          gmem1|       pointer|
|m_axi_gmem1_AWPROT     |  out|    3|          m_axi|          gmem1|       pointer|
|m_axi_gmem1_AWQOS      |  out|    4|          m_axi|          gmem1|       pointer|
|m_axi_gmem1_AWREGION   |  out|    4|          m_axi|          gmem1|       pointer|
|m_axi_gmem1_AWUSER     |  out|    1|          m_axi|          gmem1|       pointer|
|m_axi_gmem1_WVALID     |  out|    1|          m_axi|          gmem1|       pointer|
|m_axi_gmem1_WREADY     |   in|    1|          m_axi|          gmem1|       pointer|
|m_axi_gmem1_WDATA      |  out|  512|          m_axi|          gmem1|       pointer|
|m_axi_gmem1_WSTRB      |  out|   64|          m_axi|          gmem1|       pointer|
|m_axi_gmem1_WLAST      |  out|    1|          m_axi|          gmem1|       pointer|
|m_axi_gmem1_WID        |  out|    1|          m_axi|          gmem1|       pointer|
|m_axi_gmem1_WUSER      |  out|    1|          m_axi|          gmem1|       pointer|
|m_axi_gmem1_ARVALID    |  out|    1|          m_axi|          gmem1|       pointer|
|m_axi_gmem1_ARREADY    |   in|    1|          m_axi|          gmem1|       pointer|
|m_axi_gmem1_ARADDR     |  out|   64|          m_axi|          gmem1|       pointer|
|m_axi_gmem1_ARID       |  out|    1|          m_axi|          gmem1|       pointer|
|m_axi_gmem1_ARLEN      |  out|    8|          m_axi|          gmem1|       pointer|
|m_axi_gmem1_ARSIZE     |  out|    3|          m_axi|          gmem1|       pointer|
|m_axi_gmem1_ARBURST    |  out|    2|          m_axi|          gmem1|       pointer|
|m_axi_gmem1_ARLOCK     |  out|    2|          m_axi|          gmem1|       pointer|
|m_axi_gmem1_ARCACHE    |  out|    4|          m_axi|          gmem1|       pointer|
|m_axi_gmem1_ARPROT     |  out|    3|          m_axi|          gmem1|       pointer|
|m_axi_gmem1_ARQOS      |  out|    4|          m_axi|          gmem1|       pointer|
|m_axi_gmem1_ARREGION   |  out|    4|          m_axi|          gmem1|       pointer|
|m_axi_gmem1_ARUSER     |  out|    1|          m_axi|          gmem1|       pointer|
|m_axi_gmem1_RVALID     |   in|    1|          m_axi|          gmem1|       pointer|
|m_axi_gmem1_RREADY     |  out|    1|          m_axi|          gmem1|       pointer|
|m_axi_gmem1_RDATA      |   in|  512|          m_axi|          gmem1|       pointer|
|m_axi_gmem1_RLAST      |   in|    1|          m_axi|          gmem1|       pointer|
|m_axi_gmem1_RID        |   in|    1|          m_axi|          gmem1|       pointer|
|m_axi_gmem1_RUSER      |   in|    1|          m_axi|          gmem1|       pointer|
|m_axi_gmem1_RRESP      |   in|    2|          m_axi|          gmem1|       pointer|
|m_axi_gmem1_BVALID     |   in|    1|          m_axi|          gmem1|       pointer|
|m_axi_gmem1_BREADY     |  out|    1|          m_axi|          gmem1|       pointer|
|m_axi_gmem1_BRESP      |   in|    2|          m_axi|          gmem1|       pointer|
|m_axi_gmem1_BID        |   in|    1|          m_axi|          gmem1|       pointer|
|m_axi_gmem1_BUSER      |   in|    1|          m_axi|          gmem1|       pointer|
+-----------------------+-----+-----+---------------+---------------+--------------+

