

================================================================
== Vitis HLS Report for 'crc_process_full_blocks_Pipeline_full_block_loop'
================================================================
* Date:           Thu Apr  2 18:17:06 2026

* Version:        2022.1 (Build 3526262 on Mon Apr 18 15:47:01 MDT 2022)
* Project:        calculate_crc
* Solution:       solution (Vitis Kernel Flow Target)
* Product family: virtexuplus
* Target device:  xcu280-fsvh2892-2L-e


================================================================
== Performance Estimates
================================================================
+ Timing: 
    * Summary: 
    +--------+---------+----------+------------+
    |  Clock |  Target | Estimated| Uncertainty|
    +--------+---------+----------+------------+
    |ap_clk  |  3.33 ns|  2.413 ns|     0.90 ns|
    +--------+---------+----------+------------+

+ Latency: 
    * Summary: 
    +---------+---------+-----------+----------+-----+-----+---------+
    |  Latency (cycles) |  Latency (absolute)  |  Interval | Pipeline|
    |   min   |   max   |    min    |    max   | min | max |   Type  |
    +---------+---------+-----------+----------+-----+-----+---------+
    |        5|        ?|  16.665 ns|         ?|    5|    ?|       no|
    +---------+---------+-----------+----------+-----+-----+---------+

    + Detail: 
        * Instance: 
        N/A

        * Loop: 
        +-------------------+---------+---------+----------+-----------+-----------+-------+----------+
        |                   |  Latency (cycles) | Iteration|  Initiation Interval  |  Trip |          |
        |     Loop Name     |   min   |   max   |  Latency |  achieved |   target  | Count | Pipelined|
        +-------------------+---------+---------+----------+-----------+-----------+-------+----------+
        |- full_block_loop  |        3|        ?|         4|          1|          1|  1 ~ ?|       yes|
        +-------------------+---------+---------+----------+-----------+-----------+-------+----------+



================================================================
== Utilization Estimates
================================================================
* Summary: 
+---------------------+---------+------+---------+---------+-----+
|         Name        | BRAM_18K|  DSP |    FF   |   LUT   | URAM|
+---------------------+---------+------+---------+---------+-----+
|DSP                  |        -|     -|        -|        -|    -|
|Expression           |        -|     -|        0|      603|    -|
|FIFO                 |        -|     -|        -|        -|    -|
|Instance             |        -|     -|        -|        -|    -|
|Memory               |        -|     -|        -|        -|    -|
|Multiplexer          |        -|     -|        -|      198|    -|
|Register             |        -|     -|      293|        -|    -|
+---------------------+---------+------+---------+---------+-----+
|Total                |        0|     0|      293|      801|    0|
+---------------------+---------+------+---------+---------+-----+
|Available SLR        |     1344|  3008|   869120|   434560|  320|
+---------------------+---------+------+---------+---------+-----+
|Utilization SLR (%)  |        0|     0|       ~0|       ~0|    0|
+---------------------+---------+------+---------+---------+-----+
|Available            |     4032|  9024|  2607360|  1303680|  960|
+---------------------+---------+------+---------+---------+-----+
|Utilization (%)      |        0|     0|       ~0|       ~0|    0|
+---------------------+---------+------+---------+---------+-----+

+ Detail: 
    * Instance: 
    N/A

    * DSP: 
    N/A

    * Memory: 
    N/A

    * FIFO: 
    N/A

    * Expression: 
    +----------------------------------+----------+----+---+----+------------+------------+
    |           Variable Name          | Operation| DSP| FF| LUT| Bitwidth P0| Bitwidth P1|
    +----------------------------------+----------+----+---+----+------------+------------+
    |add_ln391_fu_486_p2               |         +|   0|  0|  35|          28|           1|
    |ap_block_pp0_stage0_01001         |       and|   0|  0|   2|           1|           1|
    |ret_V_14_fu_715_p2                |       and|   0|  0|  32|          32|          32|
    |icmp_ln391_fu_480_p2              |      icmp|   0|  0|  18|          28|          28|
    |ap_block_state2_pp0_stage0_iter1  |        or|   0|  0|   2|           1|           1|
    |ap_enable_pp0                     |       xor|   0|  0|   2|           1|           2|
    |next_V_fu_709_p2                  |       xor|   0|  0|  32|          32|          32|
    |ret_V_10_fu_564_p2                |       xor|   0|  0|   8|           8|           8|
    |ret_V_12_fu_584_p2                |       xor|   0|  0|   8|           8|           8|
    |ret_V_13_fu_604_p2                |       xor|   0|  0|   8|           8|           8|
    |ret_V_fu_544_p2                   |       xor|   0|  0|   8|           8|           8|
    |xor_ln420_10_fu_680_p2            |       xor|   0|  0|  32|          32|          32|
    |xor_ln420_11_fu_686_p2            |       xor|   0|  0|  32|          32|          32|
    |xor_ln420_12_fu_692_p2            |       xor|   0|  0|  32|          32|          32|
    |xor_ln420_13_fu_698_p2            |       xor|   0|  0|  32|          32|          32|
    |xor_ln420_1_fu_648_p2             |       xor|   0|  0|  32|          32|          32|
    |xor_ln420_2_fu_674_p2             |       xor|   0|  0|  32|          32|          32|
    |xor_ln420_3_fu_660_p2             |       xor|   0|  0|  32|          32|          32|
    |xor_ln420_4_fu_664_p2             |       xor|   0|  0|  32|          32|          32|
    |xor_ln420_5_fu_668_p2             |       xor|   0|  0|  32|          32|          32|
    |xor_ln420_6_fu_703_p2             |       xor|   0|  0|  32|          32|          32|
    |xor_ln420_7_fu_630_p2             |       xor|   0|  0|  32|          32|          32|
    |xor_ln420_8_fu_636_p2             |       xor|   0|  0|  32|          32|          32|
    |xor_ln420_9_fu_642_p2             |       xor|   0|  0|  32|          32|          32|
    |xor_ln420_fu_654_p2               |       xor|   0|  0|  32|          32|          32|
    +----------------------------------+----------+----+---+----+------------+------------+
    |Total                             |          |   0|  0| 603|         603|         577|
    +----------------------------------+----------+----+---+----+------------+------------+

    * Multiplexer: 
    +---------------------------------+----+-----------+-----+-----------+
    |               Name              | LUT| Input Size| Bits| Total Bits|
    +---------------------------------+----+-----------+-----+-----------+
    |ap_done_int                      |   9|          2|    1|          2|
    |ap_enable_reg_pp0_iter1          |   9|          2|    1|          2|
    |ap_sig_allocacmp_b_load          |   9|          2|   28|         56|
    |ap_sig_allocacmp_ret_V_3_load_1  |   9|          2|   32|         64|
    |b_fu_130                         |   9|          2|   28|         56|
    |inByte017_blk_n                  |   9|          2|    1|          2|
    |inByte1027_blk_n                 |   9|          2|    1|          2|
    |inByte1128_blk_n                 |   9|          2|    1|          2|
    |inByte118_blk_n                  |   9|          2|    1|          2|
    |inByte1229_blk_n                 |   9|          2|    1|          2|
    |inByte1330_blk_n                 |   9|          2|    1|          2|
    |inByte1431_blk_n                 |   9|          2|    1|          2|
    |inByte1532_blk_n                 |   9|          2|    1|          2|
    |inByte219_blk_n                  |   9|          2|    1|          2|
    |inByte320_blk_n                  |   9|          2|    1|          2|
    |inByte421_blk_n                  |   9|          2|    1|          2|
    |inByte522_blk_n                  |   9|          2|    1|          2|
    |inByte623_blk_n                  |   9|          2|    1|          2|
    |inByte724_blk_n                  |   9|          2|    1|          2|
    |inByte825_blk_n                  |   9|          2|    1|          2|
    |inByte926_blk_n                  |   9|          2|    1|          2|
    |ret_V_3_fu_134                   |   9|          2|   32|         64|
    +---------------------------------+----+-----------+-----+-----------+
    |Total                            | 198|         44|  138|        276|
    +---------------------------------+----+-----------+-----+-----------+

    * Register: 
    +----------------------------------+----+----+-----+-----------+
    |               Name               | FF | LUT| Bits| Const Bits|
    +----------------------------------+----+----+-----+-----------+
    |ap_CS_fsm                         |   1|   0|    1|          0|
    |ap_done_reg                       |   1|   0|    1|          0|
    |ap_enable_reg_pp0_iter1           |   1|   0|    1|          0|
    |ap_enable_reg_pp0_iter2           |   1|   0|    1|          0|
    |ap_enable_reg_pp0_iter3           |   1|   0|    1|          0|
    |ap_loop_exit_ready_pp0_iter1_reg  |   1|   0|    1|          0|
    |ap_loop_exit_ready_pp0_iter2_reg  |   1|   0|    1|          0|
    |b0_V_reg_753                      |   8|   0|    8|          0|
    |b12_V_reg_773                     |   8|   0|    8|          0|
    |b13_V_reg_778                     |   8|   0|    8|          0|
    |b14_V_reg_783                     |   8|   0|    8|          0|
    |b15_V_reg_788                     |   8|   0|    8|          0|
    |b1_V_reg_758                      |   8|   0|    8|          0|
    |b2_V_reg_763                      |   8|   0|    8|          0|
    |b3_V_reg_768                      |   8|   0|    8|          0|
    |b_fu_130                          |  28|   0|   28|          0|
    |crcTables_4_load_reg_853          |  32|   0|   32|          0|
    |crcTables_5_load_reg_858          |  32|   0|   32|          0|
    |crcTables_6_load_reg_863          |  32|   0|   32|          0|
    |crcTables_7_load_reg_868          |  32|   0|   32|          0|
    |icmp_ln391_reg_749                |   1|   0|    1|          0|
    |icmp_ln391_reg_749_pp0_iter1_reg  |   1|   0|    1|          0|
    |ret_V_3_fu_134                    |  32|   0|   32|          0|
    |xor_ln420_9_reg_893               |  32|   0|   32|          0|
    +----------------------------------+----+----+-----+-----------+
    |Total                             | 293|   0|  293|          0|
    +----------------------------------+----+----+-----+-----------+



================================================================
== Interface
================================================================
* Summary: 
+---------------------------+-----+-----+------------+--------------------------------------------------+--------------+
|         RTL Ports         | Dir | Bits|  Protocol  |                   Source Object                  |    C Type    |
+---------------------------+-----+-----+------------+--------------------------------------------------+--------------+
|ap_clk                     |   in|    1|  ap_ctrl_hs|  crc_process_full_blocks_Pipeline_full_block_loop|  return value|
|ap_rst                     |   in|    1|  ap_ctrl_hs|  crc_process_full_blocks_Pipeline_full_block_loop|  return value|
|ap_start                   |   in|    1|  ap_ctrl_hs|  crc_process_full_blocks_Pipeline_full_block_loop|  return value|
|ap_done                    |  out|    1|  ap_ctrl_hs|  crc_process_full_blocks_Pipeline_full_block_loop|  return value|
|ap_idle                    |  out|    1|  ap_ctrl_hs|  crc_process_full_blocks_Pipeline_full_block_loop|  return value|
|ap_ready                   |  out|    1|  ap_ctrl_hs|  crc_process_full_blocks_Pipeline_full_block_loop|  return value|
|inByte017_dout             |   in|    8|     ap_fifo|                                         inByte017|       pointer|
|inByte017_num_data_valid   |   in|    7|     ap_fifo|                                         inByte017|       pointer|
|inByte017_fifo_cap         |   in|    7|     ap_fifo|                                         inByte017|       pointer|
|inByte017_empty_n          |   in|    1|     ap_fifo|                                         inByte017|       pointer|
|inByte017_read             |  out|    1|     ap_fifo|                                         inByte017|       pointer|
|inByte118_dout             |   in|    8|     ap_fifo|                                         inByte118|       pointer|
|inByte118_num_data_valid   |   in|    7|     ap_fifo|                                         inByte118|       pointer|
|inByte118_fifo_cap         |   in|    7|     ap_fifo|                                         inByte118|       pointer|
|inByte118_empty_n          |   in|    1|     ap_fifo|                                         inByte118|       pointer|
|inByte118_read             |  out|    1|     ap_fifo|                                         inByte118|       pointer|
|inByte219_dout             |   in|    8|     ap_fifo|                                         inByte219|       pointer|
|inByte219_num_data_valid   |   in|    7|     ap_fifo|                                         inByte219|       pointer|
|inByte219_fifo_cap         |   in|    7|     ap_fifo|                                         inByte219|       pointer|
|inByte219_empty_n          |   in|    1|     ap_fifo|                                         inByte219|       pointer|
|inByte219_read             |  out|    1|     ap_fifo|                                         inByte219|       pointer|
|inByte320_dout             |   in|    8|     ap_fifo|                                         inByte320|       pointer|
|inByte320_num_data_valid   |   in|    7|     ap_fifo|                                         inByte320|       pointer|
|inByte320_fifo_cap         |   in|    7|     ap_fifo|                                         inByte320|       pointer|
|inByte320_empty_n          |   in|    1|     ap_fifo|                                         inByte320|       pointer|
|inByte320_read             |  out|    1|     ap_fifo|                                         inByte320|       pointer|
|inByte421_dout             |   in|    8|     ap_fifo|                                         inByte421|       pointer|
|inByte421_num_data_valid   |   in|    7|     ap_fifo|                                         inByte421|       pointer|
|inByte421_fifo_cap         |   in|    7|     ap_fifo|                                         inByte421|       pointer|
|inByte421_empty_n          |   in|    1|     ap_fifo|                                         inByte421|       pointer|
|inByte421_read             |  out|    1|     ap_fifo|                                         inByte421|       pointer|
|inByte522_dout             |   in|    8|     ap_fifo|                                         inByte522|       pointer|
|inByte522_num_data_valid   |   in|    7|     ap_fifo|                                         inByte522|       pointer|
|inByte522_fifo_cap         |   in|    7|     ap_fifo|                                         inByte522|       pointer|
|inByte522_empty_n          |   in|    1|     ap_fifo|                                         inByte522|       pointer|
|inByte522_read             |  out|    1|     ap_fifo|                                         inByte522|       pointer|
|inByte623_dout             |   in|    8|     ap_fifo|                                         inByte623|       pointer|
|inByte623_num_data_valid   |   in|    7|     ap_fifo|                                         inByte623|       pointer|
|inByte623_fifo_cap         |   in|    7|     ap_fifo|                                         inByte623|       pointer|
|inByte623_empty_n          |   in|    1|     ap_fifo|                                         inByte623|       pointer|
|inByte623_read             |  out|    1|     ap_fifo|                                         inByte623|       pointer|
|inByte724_dout             |   in|    8|     ap_fifo|                                         inByte724|       pointer|
|inByte724_num_data_valid   |   in|    7|     ap_fifo|                                         inByte724|       pointer|
|inByte724_fifo_cap         |   in|    7|     ap_fifo|                                         inByte724|       pointer|
|inByte724_empty_n          |   in|    1|     ap_fifo|                                         inByte724|       pointer|
|inByte724_read             |  out|    1|     ap_fifo|                                         inByte724|       pointer|
|inByte825_dout             |   in|    8|     ap_fifo|                                         inByte825|       pointer|
|inByte825_num_data_valid   |   in|    7|     ap_fifo|                                         inByte825|       pointer|
|inByte825_fifo_cap         |   in|    7|     ap_fifo|                                         inByte825|       pointer|
|inByte825_empty_n          |   in|    1|     ap_fifo|                                         inByte825|       pointer|
|inByte825_read             |  out|    1|     ap_fifo|                                         inByte825|       pointer|
|inByte926_dout             |   in|    8|     ap_fifo|                                         inByte926|       pointer|
|inByte926_num_data_valid   |   in|    7|     ap_fifo|                                         inByte926|       pointer|
|inByte926_fifo_cap         |   in|    7|     ap_fifo|                                         inByte926|       pointer|
|inByte926_empty_n          |   in|    1|     ap_fifo|                                         inByte926|       pointer|
|inByte926_read             |  out|    1|     ap_fifo|                                         inByte926|       pointer|
|inByte1027_dout            |   in|    8|     ap_fifo|                                        inByte1027|       pointer|
|inByte1027_num_data_valid  |   in|    7|     ap_fifo|                                        inByte1027|       pointer|
|inByte1027_fifo_cap        |   in|    7|     ap_fifo|                                        inByte1027|       pointer|
|inByte1027_empty_n         |   in|    1|     ap_fifo|                                        inByte1027|       pointer|
|inByte1027_read            |  out|    1|     ap_fifo|                                        inByte1027|       pointer|
|inByte1128_dout            |   in|    8|     ap_fifo|                                        inByte1128|       pointer|
|inByte1128_num_data_valid  |   in|    7|     ap_fifo|                                        inByte1128|       pointer|
|inByte1128_fifo_cap        |   in|    7|     ap_fifo|                                        inByte1128|       pointer|
|inByte1128_empty_n         |   in|    1|     ap_fifo|                                        inByte1128|       pointer|
|inByte1128_read            |  out|    1|     ap_fifo|                                        inByte1128|       pointer|
|inByte1229_dout            |   in|    8|     ap_fifo|                                        inByte1229|       pointer|
|inByte1229_num_data_valid  |   in|    7|     ap_fifo|                                        inByte1229|       pointer|
|inByte1229_fifo_cap        |   in|    7|     ap_fifo|                                        inByte1229|       pointer|
|inByte1229_empty_n         |   in|    1|     ap_fifo|                                        inByte1229|       pointer|
|inByte1229_read            |  out|    1|     ap_fifo|                                        inByte1229|       pointer|
|inByte1330_dout            |   in|    8|     ap_fifo|                                        inByte1330|       pointer|
|inByte1330_num_data_valid  |   in|    7|     ap_fifo|                                        inByte1330|       pointer|
|inByte1330_fifo_cap        |   in|    7|     ap_fifo|                                        inByte1330|       pointer|
|inByte1330_empty_n         |   in|    1|     ap_fifo|                                        inByte1330|       pointer|
|inByte1330_read            |  out|    1|     ap_fifo|                                        inByte1330|       pointer|
|inByte1431_dout            |   in|    8|     ap_fifo|                                        inByte1431|       pointer|
|inByte1431_num_data_valid  |   in|    7|     ap_fifo|                                        inByte1431|       pointer|
|inByte1431_fifo_cap        |   in|    7|     ap_fifo|                                        inByte1431|       pointer|
|inByte1431_empty_n         |   in|    1|     ap_fifo|                                        inByte1431|       pointer|
|inByte1431_read            |  out|    1|     ap_fifo|                                        inByte1431|       pointer|
|inByte1532_dout            |   in|    8|     ap_fifo|                                        inByte1532|       pointer|
|inByte1532_num_data_valid  |   in|    7|     ap_fifo|                                        inByte1532|       pointer|
|inByte1532_fifo_cap        |   in|    7|     ap_fifo|                                        inByte1532|       pointer|
|inByte1532_empty_n         |   in|    1|     ap_fifo|                                        inByte1532|       pointer|
|inByte1532_read            |  out|    1|     ap_fifo|                                        inByte1532|       pointer|
|crc                        |   in|   32|     ap_none|                                               crc|        scalar|
|blocks_in_chunk            |   in|   28|     ap_none|                                   blocks_in_chunk|        scalar|
|crcTables_0_address0       |  out|    8|   ap_memory|                                       crcTables_0|         array|
|crcTables_0_ce0            |  out|    1|   ap_memory|                                       crcTables_0|         array|
|crcTables_0_q0             |   in|   32|   ap_memory|                                       crcTables_0|         array|
|crcTables_1_address0       |  out|    8|   ap_memory|                                       crcTables_1|         array|
|crcTables_1_ce0            |  out|    1|   ap_memory|                                       crcTables_1|         array|
|crcTables_1_q0             |   in|   32|   ap_memory|                                       crcTables_1|         array|
|crcTables_2_address0       |  out|    8|   ap_memory|                                       crcTables_2|         array|
|crcTables_2_ce0            |  out|    1|   ap_memory|                                       crcTables_2|         array|
|crcTables_2_q0             |   in|   32|   ap_memory|                                       crcTables_2|         array|
|crcTables_3_address0       |  out|    8|   ap_memory|                                       crcTables_3|         array|
|crcTables_3_ce0            |  out|    1|   ap_memory|                                       crcTables_3|         array|
|crcTables_3_q0             |   in|   32|   ap_memory|                                       crcTables_3|         array|
|crcTables_4_address0       |  out|    8|   ap_memory|                                       crcTables_4|         array|
|crcTables_4_ce0            |  out|    1|   ap_memory|                                       crcTables_4|         array|
|crcTables_4_q0             |   in|   32|   ap_memory|                                       crcTables_4|         array|
|crcTables_5_address0       |  out|    8|   ap_memory|                                       crcTables_5|         array|
|crcTables_5_ce0            |  out|    1|   ap_memory|                                       crcTables_5|         array|
|crcTables_5_q0             |   in|   32|   ap_memory|                                       crcTables_5|         array|
|crcTables_6_address0       |  out|    8|   ap_memory|                                       crcTables_6|         array|
|crcTables_6_ce0            |  out|    1|   ap_memory|                                       crcTables_6|         array|
|crcTables_6_q0             |   in|   32|   ap_memory|                                       crcTables_6|         array|
|crcTables_7_address0       |  out|    8|   ap_memory|                                       crcTables_7|         array|
|crcTables_7_ce0            |  out|    1|   ap_memory|                                       crcTables_7|         array|
|crcTables_7_q0             |   in|   32|   ap_memory|                                       crcTables_7|         array|
|crcTables_8_address0       |  out|    8|   ap_memory|                                       crcTables_8|         array|
|crcTables_8_ce0            |  out|    1|   ap_memory|                                       crcTables_8|         array|
|crcTables_8_q0             |   in|   32|   ap_memory|                                       crcTables_8|         array|
|crcTables_9_address0       |  out|    8|   ap_memory|                                       crcTables_9|         array|
|crcTables_9_ce0            |  out|    1|   ap_memory|                                       crcTables_9|         array|
|crcTables_9_q0             |   in|   32|   ap_memory|                                       crcTables_9|         array|
|crcTables_10_address0      |  out|    8|   ap_memory|                                      crcTables_10|         array|
|crcTables_10_ce0           |  out|    1|   ap_memory|                                      crcTables_10|         array|
|crcTables_10_q0            |   in|   32|   ap_memory|                                      crcTables_10|         array|
|crcTables_11_address0      |  out|    8|   ap_memory|                                      crcTables_11|         array|
|crcTables_11_ce0           |  out|    1|   ap_memory|                                      crcTables_11|         array|
|crcTables_11_q0            |   in|   32|   ap_memory|                                      crcTables_11|         array|
|crcTables_12_address0      |  out|    8|   ap_memory|                                      crcTables_12|         array|
|crcTables_12_ce0           |  out|    1|   ap_memory|                                      crcTables_12|         array|
|crcTables_12_q0            |   in|   32|   ap_memory|                                      crcTables_12|         array|
|crcTables_13_address0      |  out|    8|   ap_memory|                                      crcTables_13|         array|
|crcTables_13_ce0           |  out|    1|   ap_memory|                                      crcTables_13|         array|
|crcTables_13_q0            |   in|   32|   ap_memory|                                      crcTables_13|         array|
|crcTables_14_address0      |  out|    8|   ap_memory|                                      crcTables_14|         array|
|crcTables_14_ce0           |  out|    1|   ap_memory|                                      crcTables_14|         array|
|crcTables_14_q0            |   in|   32|   ap_memory|                                      crcTables_14|         array|
|crcTables_15_address0      |  out|    8|   ap_memory|                                      crcTables_15|         array|
|crcTables_15_ce0           |  out|    1|   ap_memory|                                      crcTables_15|         array|
|crcTables_15_q0            |   in|   32|   ap_memory|                                      crcTables_15|         array|
|mask                       |   in|   32|     ap_none|                                              mask|        scalar|
|p_out                      |  out|   32|      ap_vld|                                             p_out|       pointer|
|p_out_ap_vld               |  out|    1|      ap_vld|                                             p_out|       pointer|
+---------------------------+-----+-----+------------+--------------------------------------------------+--------------+

