

================================================================
== Vitis HLS Report for 'crc_dataflow_region'
================================================================
* Date:           Thu Apr  2 18:17:07 2026

* Version:        2022.1 (Build 3526262 on Mon Apr 18 15:47:01 MDT 2022)
* Project:        calculate_crc
* Solution:       solution (Vitis Kernel Flow Target)
* Product family: virtexuplus
* Target device:  xcu280-fsvh2892-2L-e


================================================================
== Performance Estimates
================================================================
+ Timing: 
    * Summary: 
    +--------+---------+----------+------------+
    |  Clock |  Target | Estimated| Uncertainty|
    +--------+---------+----------+------------+
    |ap_clk  |  3.33 ns|  2.433 ns|     0.90 ns|
    +--------+---------+----------+------------+

+ Latency: 
    * Summary: 
    +---------+---------+----------+----------+-----+-----+----------+
    |  Latency (cycles) |  Latency (absolute) |  Interval | Pipeline |
    |   min   |   max   |    min   |    max   | min | max |   Type   |
    +---------+---------+----------+----------+-----+-----+----------+
    |        ?|        ?|         ?|         ?|    ?|    ?|  dataflow|
    +---------+---------+----------+----------+-----+-----+----------+

    + Detail: 
        * Instance: 
        +-----------------------+--------------------+---------+---------+----------+----------+-----+-----+---------+
        |                       |                    |  Latency (cycles) |  Latency (absolute) |  Interval | Pipeline|
        |        Instance       |       Module       |   min   |   max   |    min   |    max   | min | max |   Type  |
        +-----------------------+--------------------+---------+---------+----------+----------+-----+-----+---------+
        |read_input_U0          |read_input          |        ?|        ?|         ?|         ?|    ?|    ?|       no|
        |process_crc_chunks_U0  |process_crc_chunks  |        ?|        ?|         ?|         ?|    ?|    ?|       no|
        |entry_proc_U0          |entry_proc          |        0|        0|      0 ns|      0 ns|    0|    0|       no|
        |write_output_U0        |write_output        |        ?|        ?|         ?|         ?|    ?|    ?|       no|
        +-----------------------+--------------------+---------+---------+----------+----------+-----+-----+---------+

        * Loop: 
        N/A



================================================================
== Utilization Estimates
================================================================
* Summary: 
+---------------------+---------+------+---------+---------+-----+
|         Name        | BRAM_18K|  DSP |    FF   |   LUT   | URAM|
+---------------------+---------+------+---------+---------+-----+
|DSP                  |        -|     -|        -|        -|    -|
|Expression           |        -|     -|        0|       16|    -|
|FIFO                 |        0|     -|      335|      742|    -|
|Instance             |        -|     3|     1898|     4115|    -|
|Memory               |        -|     -|        -|        -|    -|
|Multiplexer          |        -|     -|        -|       27|    -|
|Register             |        -|     -|        3|        -|    -|
+---------------------+---------+------+---------+---------+-----+
|Total                |        0|     3|     2236|     4900|    0|
+---------------------+---------+------+---------+---------+-----+
|Available SLR        |     1344|  3008|   869120|   434560|  320|
+---------------------+---------+------+---------+---------+-----+
|Utilization SLR (%)  |        0|    ~0|       ~0|        1|    0|
+---------------------+---------+------+---------+---------+-----+
|Available            |     4032|  9024|  2607360|  1303680|  960|
+---------------------+---------+------+---------+---------+-----+
|Utilization (%)      |        0|    ~0|       ~0|       ~0|    0|
+---------------------+---------+------+---------+---------+-----+

+ Detail: 
    * Instance: 
    +-----------------------+--------------------+---------+----+-----+------+-----+
    |        Instance       |       Module       | BRAM_18K| DSP|  FF |  LUT | URAM|
    +-----------------------+--------------------+---------+----+-----+------+-----+
    |entry_proc_U0          |entry_proc          |        0|   0|    3|    29|    0|
    |process_crc_chunks_U0  |process_crc_chunks  |        0|   0|  802|  2253|    0|
    |read_input_U0          |read_input          |        0|   3|  609|  1070|    0|
    |write_output_U0        |write_output        |        0|   0|  484|   763|    0|
    +-----------------------+--------------------+---------+----+-----+------+-----+
    |Total                  |                    |        0|   3| 1898|  4115|    0|
    +-----------------------+--------------------+---------+----+-----+------+-----+

    * DSP: 
    N/A

    * Memory: 
    N/A

    * FIFO: 
    +---------------+---------+-----+----+-----+------+-----+---------+
    |      Name     | BRAM_18K|  FF | LUT| URAM| Depth| Bits| Size:D*B|
    +---------------+---------+-----+----+-----+------+-----+---------+
    |crc_out_c_U    |        0|    5|   0|    -|     4|   64|      256|
    |inByte0_U      |        0|    9|   0|    -|    64|    8|      512|
    |inByte10_U     |        0|    9|   0|    -|    64|    8|      512|
    |inByte11_U     |        0|    9|   0|    -|    64|    8|      512|
    |inByte12_U     |        0|    9|   0|    -|    64|    8|      512|
    |inByte13_U     |        0|    9|   0|    -|    64|    8|      512|
    |inByte14_U     |        0|    9|   0|    -|    64|    8|      512|
    |inByte15_U     |        0|    9|   0|    -|    64|    8|      512|
    |inByte1_U      |        0|    9|   0|    -|    64|    8|      512|
    |inByte2_U      |        0|    9|   0|    -|    64|    8|      512|
    |inByte3_U      |        0|    9|   0|    -|    64|    8|      512|
    |inByte4_U      |        0|    9|   0|    -|    64|    8|      512|
    |inByte5_U      |        0|    9|   0|    -|    64|    8|      512|
    |inByte6_U      |        0|    9|   0|    -|    64|    8|      512|
    |inByte7_U      |        0|    9|   0|    -|    64|    8|      512|
    |inByte8_U      |        0|    9|   0|    -|    64|    8|      512|
    |inByte9_U      |        0|    9|   0|    -|    64|    8|      512|
    |numChunks_c_U  |        0|   68|   0|    -|     2|   32|       64|
    |outStream_U    |        0|  118|   0|    -|    64|   32|     2048|
    +---------------+---------+-----+----+-----+------+-----+---------+
    |Total          |        0|  335|   0|    0|  1094|  256|    10560|
    +---------------+---------+-----+----+-----+------+-----+---------+

    * Expression: 
    +----------------------------------------+----------+----+---+----+------------+------------+
    |              Variable Name             | Operation| DSP| FF| LUT| Bitwidth P0| Bitwidth P1|
    +----------------------------------------+----------+----+---+----+------------+------------+
    |ap_idle                                 |       and|   0|  0|   2|           1|           1|
    |ap_sync_ready                           |       and|   0|  0|   2|           1|           1|
    |entry_proc_U0_ap_start                  |       and|   0|  0|   2|           1|           1|
    |process_crc_chunks_U0_ap_start          |       and|   0|  0|   2|           1|           1|
    |read_input_U0_ap_start                  |       and|   0|  0|   2|           1|           1|
    |ap_sync_entry_proc_U0_ap_ready          |        or|   0|  0|   2|           1|           1|
    |ap_sync_process_crc_chunks_U0_ap_ready  |        or|   0|  0|   2|           1|           1|
    |ap_sync_read_input_U0_ap_ready          |        or|   0|  0|   2|           1|           1|
    +----------------------------------------+----------+----+---+----+------------+------------+
    |Total                                   |          |   0|  0|  16|           8|           8|
    +----------------------------------------+----------+----+---+----+------------+------------+

    * Multiplexer: 
    +--------------------------------------------+----+-----------+-----+-----------+
    |                    Name                    | LUT| Input Size| Bits| Total Bits|
    +--------------------------------------------+----+-----------+-----+-----------+
    |ap_sync_reg_entry_proc_U0_ap_ready          |   9|          2|    1|          2|
    |ap_sync_reg_process_crc_chunks_U0_ap_ready  |   9|          2|    1|          2|
    |ap_sync_reg_read_input_U0_ap_ready          |   9|          2|    1|          2|
    +--------------------------------------------+----+-----------+-----+-----------+
    |Total                                       |  27|          6|    3|          6|
    +--------------------------------------------+----+-----------+-----+-----------+

    * Register: 
    +--------------------------------------------+---+----+-----+-----------+
    |                    Name                    | FF| LUT| Bits| Const Bits|
    +--------------------------------------------+---+----+-----+-----------+
    |ap_sync_reg_entry_proc_U0_ap_ready          |  1|   0|    1|          0|
    |ap_sync_reg_process_crc_chunks_U0_ap_ready  |  1|   0|    1|          0|
    |ap_sync_reg_read_input_U0_ap_ready          |  1|   0|    1|          0|
    +--------------------------------------------+---+----+-----+-----------+
    |Total                                       |  3|   0|    3|          0|
    +--------------------------------------------+---+----+-----+-----------+



================================================================
== Interface
================================================================
* Summary: 
+-----------------------+-----+-----+------------+---------------------+--------------+
|       RTL Ports       | Dir | Bits|  Protocol  |    Source Object    |    C Type    |
+-----------------------+-----+-----+------------+---------------------+--------------+
|m_axi_gmem0_AWVALID    |  out|    1|       m_axi|                gmem0|       pointer|
|m_axi_gmem0_AWREADY    |   in|    1|       m_axi|                gmem0|       pointer|
|m_axi_gmem0_AWADDR     |  out|   64|       m_axi|                gmem0|       pointer|
|m_axi_gmem0_AWID       |  out|    1|       m_axi|                gmem0|       pointer|
|m_axi_gmem0_AWLEN      |  out|   32|       m_axi|                gmem0|       pointer|
|m_axi_gmem0_AWSIZE     |  out|    3|       m_axi|                gmem0|       pointer|
|m_axi_gmem0_AWBURST    |  out|    2|       m_axi|                gmem0|       pointer|
|m_axi_gmem0_AWLOCK     |  out|    2|       m_axi|                gmem0|       pointer|
|m_axi_gmem0_AWCACHE    |  out|    4|       m_axi|                gmem0|       pointer|
|m_axi_gmem0_AWPROT     |  out|    3|       m_axi|                gmem0|       pointer|
|m_axi_gmem0_AWQOS      |  out|    4|       m_axi|                gmem0|       pointer|
|m_axi_gmem0_AWREGION   |  out|    4|       m_axi|                gmem0|       pointer|
|m_axi_gmem0_AWUSER     |  out|    1|       m_axi|                gmem0|       pointer|
|m_axi_gmem0_WVALID     |  out|    1|       m_axi|                gmem0|       pointer|
|m_axi_gmem0_WREADY     |   in|    1|       m_axi|                gmem0|       pointer|
|m_axi_gmem0_WDATA      |  out|  128|       m_axi|                gmem0|       pointer|
|m_axi_gmem0_WSTRB      |  out|   16|       m_axi|                gmem0|       pointer|
|m_axi_gmem0_WLAST      |  out|    1|       m_axi|                gmem0|       pointer|
|m_axi_gmem0_WID        |  out|    1|       m_axi|                gmem0|       pointer|
|m_axi_gmem0_WUSER      |  out|    1|       m_axi|                gmem0|       pointer|
|m_axi_gmem0_ARVALID    |  out|    1|       m_axi|                gmem0|       pointer|
|m_axi_gmem0_ARREADY    |   in|    1|       m_axi|                gmem0|       pointer|
|m_axi_gmem0_ARADDR     |  out|   64|       m_axi|                gmem0|       pointer|
|m_axi_gmem0_ARID       |  out|    1|       m_axi|                gmem0|       pointer|
|m_axi_gmem0_ARLEN      |  out|   32|       m_axi|                gmem0|       pointer|
|m_axi_gmem0_ARSIZE     |  out|    3|       m_axi|                gmem0|       pointer|
|m_axi_gmem0_ARBURST    |  out|    2|       m_axi|                gmem0|       pointer|
|m_axi_gmem0_ARLOCK     |  out|    2|       m_axi|                gmem0|       pointer|
|m_axi_gmem0_ARCACHE    |  out|    4|       m_axi|                gmem0|       pointer|
|m_axi_gmem0_ARPROT     |  out|    3|       m_axi|                gmem0|       pointer|
|m_axi_gmem0_ARQOS      |  out|    4|       m_axi|                gmem0|       pointer|
|m_axi_gmem0_ARREGION   |  out|    4|       m_axi|                gmem0|       pointer|
|m_axi_gmem0_ARUSER     |  out|    1|       m_axi|                gmem0|       pointer|
|m_axi_gmem0_RVALID     |   in|    1|       m_axi|                gmem0|       pointer|
|m_axi_gmem0_RREADY     |  out|    1|       m_axi|                gmem0|       pointer|
|m_axi_gmem0_RDATA      |   in|  128|       m_axi|                gmem0|       pointer|
|m_axi_gmem0_RLAST      |   in|    1|       m_axi|                gmem0|       pointer|
|m_axi_gmem0_RID        |   in|    1|       m_axi|                gmem0|       pointer|
|m_axi_gmem0_RFIFONUM   |   in|    9|       m_axi|                gmem0|       pointer|
|m_axi_gmem0_RUSER      |   in|    1|       m_axi|                gmem0|       pointer|
|m_axi_gmem0_RRESP      |   in|    2|       m_axi|                gmem0|       pointer|
|m_axi_gmem0_BVALID     |   in|    1|       m_axi|                gmem0|       pointer|
|m_axi_gmem0_BREADY     |  out|    1|       m_axi|                gmem0|       pointer|
|m_axi_gmem0_BRESP      |   in|    2|       m_axi|                gmem0|       pointer|
|m_axi_gmem0_BID        |   in|    1|       m_axi|                gmem0|       pointer|
|m_axi_gmem0_BUSER      |   in|    1|       m_axi|                gmem0|       pointer|
|data_in                |   in|   64|     ap_none|              data_in|        scalar|
|data_in_ap_vld         |   in|    1|     ap_none|              data_in|        scalar|
|crc_out                |   in|   64|     ap_none|              crc_out|        scalar|
|crc_out_ap_vld         |   in|    1|     ap_none|              crc_out|        scalar|
|crcTables_0_address0   |  out|    8|   ap_memory|          crcTables_0|         array|
|crcTables_0_ce0        |  out|    1|   ap_memory|          crcTables_0|         array|
|crcTables_0_d0         |  out|   32|   ap_memory|          crcTables_0|         array|
|crcTables_0_q0         |   in|   32|   ap_memory|          crcTables_0|         array|
|crcTables_0_we0        |  out|    1|   ap_memory|          crcTables_0|         array|
|crcTables_1_address0   |  out|    8|   ap_memory|          crcTables_1|         array|
|crcTables_1_ce0        |  out|    1|   ap_memory|          crcTables_1|         array|
|crcTables_1_d0         |  out|   32|   ap_memory|          crcTables_1|         array|
|crcTables_1_q0         |   in|   32|   ap_memory|          crcTables_1|         array|
|crcTables_1_we0        |  out|    1|   ap_memory|          crcTables_1|         array|
|crcTables_2_address0   |  out|    8|   ap_memory|          crcTables_2|         array|
|crcTables_2_ce0        |  out|    1|   ap_memory|          crcTables_2|         array|
|crcTables_2_d0         |  out|   32|   ap_memory|          crcTables_2|         array|
|crcTables_2_q0         |   in|   32|   ap_memory|          crcTables_2|         array|
|crcTables_2_we0        |  out|    1|   ap_memory|          crcTables_2|         array|
|crcTables_3_address0   |  out|    8|   ap_memory|          crcTables_3|         array|
|crcTables_3_ce0        |  out|    1|   ap_memory|          crcTables_3|         array|
|crcTables_3_d0         |  out|   32|   ap_memory|          crcTables_3|         array|
|crcTables_3_q0         |   in|   32|   ap_memory|          crcTables_3|         array|
|crcTables_3_we0        |  out|    1|   ap_memory|          crcTables_3|         array|
|crcTables_4_address0   |  out|    8|   ap_memory|          crcTables_4|         array|
|crcTables_4_ce0        |  out|    1|   ap_memory|          crcTables_4|         array|
|crcTables_4_d0         |  out|   32|   ap_memory|          crcTables_4|         array|
|crcTables_4_q0         |   in|   32|   ap_memory|          crcTables_4|         array|
|crcTables_4_we0        |  out|    1|   ap_memory|          crcTables_4|         array|
|crcTables_5_address0   |  out|    8|   ap_memory|          crcTables_5|         array|
|crcTables_5_ce0        |  out|    1|   ap_memory|          crcTables_5|         array|
|crcTables_5_d0         |  out|   32|   ap_memory|          crcTables_5|         array|
|crcTables_5_q0         |   in|   32|   ap_memory|          crcTables_5|         array|
|crcTables_5_we0        |  out|    1|   ap_memory|          crcTables_5|         array|
|crcTables_6_address0   |  out|    8|   ap_memory|          crcTables_6|         array|
|crcTables_6_ce0        |  out|    1|   ap_memory|          crcTables_6|         array|
|crcTables_6_d0         |  out|   32|   ap_memory|          crcTables_6|         array|
|crcTables_6_q0         |   in|   32|   ap_memory|          crcTables_6|         array|
|crcTables_6_we0        |  out|    1|   ap_memory|          crcTables_6|         array|
|crcTables_7_address0   |  out|    8|   ap_memory|          crcTables_7|         array|
|crcTables_7_ce0        |  out|    1|   ap_memory|          crcTables_7|         array|
|crcTables_7_d0         |  out|   32|   ap_memory|          crcTables_7|         array|
|crcTables_7_q0         |   in|   32|   ap_memory|          crcTables_7|         array|
|crcTables_7_we0        |  out|    1|   ap_memory|          crcTables_7|         array|
|crcTables_8_address0   |  out|    8|   ap_memory|          crcTables_8|         array|
|crcTables_8_ce0        |  out|    1|   ap_memory|          crcTables_8|         array|
|crcTables_8_d0         |  out|   32|   ap_memory|          crcTables_8|         array|
|crcTables_8_q0         |   in|   32|   ap_memory|          crcTables_8|         array|
|crcTables_8_we0        |  out|    1|   ap_memory|          crcTables_8|         array|
|crcTables_9_address0   |  out|    8|   ap_memory|          crcTables_9|         array|
|crcTables_9_ce0        |  out|    1|   ap_memory|          crcTables_9|         array|
|crcTables_9_d0         |  out|   32|   ap_memory|          crcTables_9|         array|
|crcTables_9_q0         |   in|   32|   ap_memory|          crcTables_9|         array|
|crcTables_9_we0        |  out|    1|   ap_memory|          crcTables_9|         array|
|crcTables_10_address0  |  out|    8|   ap_memory|         crcTables_10|         array|
|crcTables_10_ce0       |  out|    1|   ap_memory|         crcTables_10|         array|
|crcTables_10_d0        |  out|   32|   ap_memory|         crcTables_10|         array|
|crcTables_10_q0        |   in|   32|   ap_memory|         crcTables_10|         array|
|crcTables_10_we0       |  out|    1|   ap_memory|         crcTables_10|         array|
|crcTables_11_address0  |  out|    8|   ap_memory|         crcTables_11|         array|
|crcTables_11_ce0       |  out|    1|   ap_memory|         crcTables_11|         array|
|crcTables_11_d0        |  out|   32|   ap_memory|         crcTables_11|         array|
|crcTables_11_q0        |   in|   32|   ap_memory|         crcTables_11|         array|
|crcTables_11_we0       |  out|    1|   ap_memory|         crcTables_11|         array|
|crcTables_12_address0  |  out|    8|   ap_memory|         crcTables_12|         array|
|crcTables_12_ce0       |  out|    1|   ap_memory|         crcTables_12|         array|
|crcTables_12_d0        |  out|   32|   ap_memory|         crcTables_12|         array|
|crcTables_12_q0        |   in|   32|   ap_memory|         crcTables_12|         array|
|crcTables_12_we0       |  out|    1|   ap_memory|         crcTables_12|         array|
|crcTables_13_address0  |  out|    8|   ap_memory|         crcTables_13|         array|
|crcTables_13_ce0       |  out|    1|   ap_memory|         crcTables_13|         array|
|crcTables_13_d0        |  out|   32|   ap_memory|         crcTables_13|         array|
|crcTables_13_q0        |   in|   32|   ap_memory|         crcTables_13|         array|
|crcTables_13_we0       |  out|    1|   ap_memory|         crcTables_13|         array|
|crcTables_14_address0  |  out|    8|   ap_memory|         crcTables_14|         array|
|crcTables_14_ce0       |  out|    1|   ap_memory|         crcTables_14|         array|
|crcTables_14_d0        |  out|   32|   ap_memory|         crcTables_14|         array|
|crcTables_14_q0        |   in|   32|   ap_memory|         crcTables_14|         array|
|crcTables_14_we0       |  out|    1|   ap_memory|         crcTables_14|         array|
|crcTables_15_address0  |  out|    8|   ap_memory|         crcTables_15|         array|
|crcTables_15_ce0       |  out|    1|   ap_memory|         crcTables_15|         array|
|crcTables_15_d0        |  out|   32|   ap_memory|         crcTables_15|         array|
|crcTables_15_q0        |   in|   32|   ap_memory|         crcTables_15|         array|
|crcTables_15_we0       |  out|    1|   ap_memory|         crcTables_15|         array|
|numChunks              |   in|   32|     ap_none|            numChunks|        scalar|
|numChunks_ap_vld       |   in|    1|     ap_none|            numChunks|        scalar|
|chunkSize              |   in|   32|     ap_none|            chunkSize|        scalar|
|chunkSize_ap_vld       |   in|    1|     ap_none|            chunkSize|        scalar|
|crc_size               |   in|   32|     ap_none|             crc_size|        scalar|
|crc_size_ap_vld        |   in|    1|     ap_none|             crc_size|        scalar|
|init_value             |   in|   32|     ap_none|           init_value|        scalar|
|init_value_ap_vld      |   in|    1|     ap_none|           init_value|        scalar|
|ap_clk                 |   in|    1|  ap_ctrl_hs|  crc_dataflow_region|  return value|
|ap_rst                 |   in|    1|  ap_ctrl_hs|  crc_dataflow_region|  return value|
|ap_start               |   in|    1|  ap_ctrl_hs|  crc_dataflow_region|  return value|
|ap_done                |  out|    1|  ap_ctrl_hs|  crc_dataflow_region|  return value|
|ap_ready               |  out|    1|  ap_ctrl_hs|  crc_dataflow_region|  return value|
|ap_idle                |  out|    1|  ap_ctrl_hs|  crc_dataflow_region|  return value|
|ap_continue            |   in|    1|  ap_ctrl_hs|  crc_dataflow_region|  return value|
+-----------------------+-----+-----+------------+---------------------+--------------+

