

================================================================
== Synthesis Summary Report of 'calculate_crc'
================================================================
+ General Information: 
    * Date:           Thu Apr  2 18:17:08 2026
    * Version:        2022.1 (Build 3526262 on Mon Apr 18 15:47:01 MDT 2022)
    * Project:        calculate_crc
    * Solution:       solution (Vitis Kernel Flow Target)
    * Product family: virtexuplus
    * Target device:  xcu280-fsvh2892-2L-e
    

+ Performance & Resource Estimates: 
    
    PS: '+' for module; 'o' for loop; '*' for dataflow
    +----------------------------------------------------------+--------+-------+---------+-----------+----------+---------+------+----------+----------+---------+-------------+------------+-----+
    |                          Modules                         |  Issue |       | Latency |  Latency  | Iteration|         | Trip |          |          |         |             |            |     |
    |                          & Loops                         |  Type  | Slack | (cycles)|    (ns)   |  Latency | Interval| Count| Pipelined|   BRAM   |   DSP   |      FF     |     LUT    | URAM|
    +----------------------------------------------------------+--------+-------+---------+-----------+----------+---------+------+----------+----------+---------+-------------+------------+-----+
    |+ calculate_crc                                           |  Timing|  -0.00|        -|          -|         -|        -|     -|        no|  16 (~0%)|  3 (~0%)|  10030 (~0%)|  17974 (1%)|    -|
    | + load_crc_tables                                        |  Timing|  -0.00|     4170|  1.390e+04|         -|     4170|     -|        no|         -|        -|   1179 (~0%)|  1077 (~0%)|    -|
    |  + load_crc_tables_Pipeline_load_lut_rows_load_lut_cols  |  Timing|  -0.00|     4099|  1.366e+04|         -|     4099|     -|        no|         -|        -|   1048 (~0%)|   605 (~0%)|    -|
    |   o load_lut_rows_load_lut_cols                          |       -|   2.43|     4097|  1.366e+04|         3|        1|  4096|       yes|         -|        -|            -|           -|    -|
    | + crc_dataflow_region*                                   |  Timing|  -0.00|        -|          -|         -|        -|     -|  dataflow|         -|  3 (~0%)|   2236 (~0%)|  4900 (~0%)|    -|
    |  + read_input                                            |  Timing|  -0.00|        -|          -|         -|        -|     -|        no|         -|  3 (~0%)|    609 (~0%)|  1070 (~0%)|    -|
    |   + read_input_Pipeline_mem_rd                           |  Timing|  -0.00|        -|          -|         -|        -|     -|        no|         -|        -|    161 (~0%)|   248 (~0%)|    -|
    |    o mem_rd                                              |       -|   2.43|        -|          -|         3|        1|     -|       yes|         -|        -|            -|           -|    -|
    |  + process_crc_chunks                                    |       -|   0.02|        -|          -|         -|        -|     -|        no|         -|        -|    802 (~0%)|  2253 (~0%)|    -|
    |   o chunk_loop                                           |       -|   2.43|        -|          -|         -|        -|     -|        no|         -|        -|            -|           -|    -|
    |    + crc_process_full_blocks                             |       -|   0.02|        -|          -|         -|        -|     -|        no|         -|        -|    390 (~0%)|  1010 (~0%)|    -|
    |     + crc_process_full_blocks_Pipeline_full_block_loop   |       -|   0.02|        -|          -|         -|        -|     -|        no|         -|        -|    293 (~0%)|   801 (~0%)|    -|
    |      o full_block_loop                                   |       -|   2.43|        -|          -|         4|        1|     -|       yes|         -|        -|            -|           -|    -|
    |    + crc_process_tail_bytes                              |       -|   0.64|        -|          -|         -|        -|     -|        no|         -|        -|    155 (~0%)|   489 (~0%)|    -|
    |     o tail_byte_loop                                     |       -|   2.43|        -|          -|         4|        1|     -|       yes|         -|        -|            -|           -|    -|
    |  + entry_proc                                            |       -|   1.21|        0|      0.000|         -|        0|     -|        no|         -|        -|      3 (~0%)|    29 (~0%)|    -|
    |  + write_output                                          |  Timing|  -0.00|        -|          -|         -|        -|     -|        no|         -|        -|    484 (~0%)|   763 (~0%)|    -|
    |   + write_output_Pipeline_VITIS_LOOP_350_1               |  Timing|  -0.00|        -|          -|         -|        -|     -|        no|         -|        -|    379 (~0%)|   678 (~0%)|    -|
    |    o VITIS_LOOP_350_1                                    |       -|   2.43|        -|          -|        71|        1|     -|       yes|         -|        -|            -|           -|    -|
    +----------------------------------------------------------+--------+-------+---------+-----------+----------+---------+------+----------+----------+---------+-------------+------------+-----+


================================================================
== HW Interfaces
================================================================
* M_AXI
+-------------+------------+---------------+---------+--------+----------+-----------+--------------+--------------+-------------+-------------+
| Interface   | Data Width | Address Width | Latency | Offset | Register | Max Widen | Max Read     | Max Write    | Num Read    | Num Write   |
|             | (SW->HW)   |               |         |        |          | Bitwidth  | Burst Length | Burst Length | Outstanding | Outstanding |
+-------------+------------+---------------+---------+--------+----------+-----------+--------------+--------------+-------------+-------------+
| m_axi_gmem0 | 8 -> 128   | 64            | 64      | slave  | 0        | 512       | 16           | 16           | 16          | 16          |
| m_axi_gmem1 | 32 -> 512  | 64            | 64      | slave  | 0        | 512       | 16           | 16           | 16          | 16          |
+-------------+------------+---------------+---------+--------+----------+-----------+--------------+--------------+-------------+-------------+

* S_AXILITE Interfaces
+---------------+------------+---------------+--------+----------+
| Interface     | Data Width | Address Width | Offset | Register |
+---------------+------------+---------------+--------+----------+
| s_axi_control | 32         | 7             | 16     | 0        |
+---------------+------------+---------------+--------+----------+

* S_AXILITE Registers
+---------------+------------+--------+-------+--------+----------------------------------+------------------------------------------------------------------------------------+
| Interface     | Register   | Offset | Width | Access | Description                      | Bit Fields                                                                         |
+---------------+------------+--------+-------+--------+----------------------------------+------------------------------------------------------------------------------------+
| s_axi_control | CTRL       | 0x00   | 32    | RW     | Control signals                  | 0=AP_START 1=AP_DONE 2=AP_IDLE 3=AP_READY 4=AP_CONTINUE 7=AUTO_RESTART 9=INTERRUPT |
| s_axi_control | GIER       | 0x04   | 32    | RW     | Global Interrupt Enable Register | 0=Enable                                                                           |
| s_axi_control | IP_IER     | 0x08   | 32    | RW     | IP Interrupt Enable Register     | 0=CHAN0_INT_EN 1=CHAN1_INT_EN                                                      |
| s_axi_control | IP_ISR     | 0x0c   | 32    | RW     | IP Interrupt Status Register     | 0=CHAN0_INT_ST 1=CHAN1_INT_ST                                                      |
| s_axi_control | data_in_1  | 0x10   | 32    | W      | Data signal of data_in           |                                                                                    |
| s_axi_control | data_in_2  | 0x14   | 32    | W      | Data signal of data_in           |                                                                                    |
| s_axi_control | crc_out_1  | 0x1c   | 32    | W      | Data signal of crc_out           |                                                                                    |
| s_axi_control | crc_out_2  | 0x20   | 32    | W      | Data signal of crc_out           |                                                                                    |
| s_axi_control | tables_1   | 0x28   | 32    | W      | Data signal of tables            |                                                                                    |
| s_axi_control | tables_2   | 0x2c   | 32    | W      | Data signal of tables            |                                                                                    |
| s_axi_control | numChunks  | 0x34   | 32    | W      | Data signal of numChunks         |                                                                                    |
| s_axi_control | chunkSize  | 0x3c   | 32    | W      | Data signal of chunkSize         |                                                                                    |
| s_axi_control | crc_size   | 0x44   | 32    | W      | Data signal of crc_size          |                                                                                    |
| s_axi_control | init_value | 0x4c   | 32    | W      | Data signal of init_value        |                                                                                    |
+---------------+------------+--------+-------+--------+----------------------------------+------------------------------------------------------------------------------------+

* TOP LEVEL CONTROL
+-----------+---------------+-----------+
| Interface | Type          | Ports     |
+-----------+---------------+-----------+
| ap_clk    | clock         | ap_clk    |
| ap_rst_n  | reset         | ap_rst_n  |
| interrupt | interrupt     | interrupt |
| ap_ctrl   | ap_ctrl_chain |           |
+-----------+---------------+-----------+


================================================================
== SW I/O Information
================================================================
* Top Function Arguments
+------------+-----------+-----------------------+
| Argument   | Direction | Datatype              |
+------------+-----------+-----------------------+
| data_in    | inout     | unsigned char const * |
| crc_out    | inout     | unsigned int*         |
| tables     | in        | unsigned int const *  |
| numChunks  | in        | unsigned int const    |
| chunkSize  | in        | unsigned int const    |
| crc_size   | in        | unsigned int const    |
| init_value | in        | unsigned int const    |
+------------+-----------+-----------------------+

* SW-to-HW Mapping
+------------+---------------+-----------+----------+--------------------------------------+
| Argument   | HW Interface  | HW Type   | HW Usage | HW Info                              |
+------------+---------------+-----------+----------+--------------------------------------+
| data_in    | m_axi_gmem0   | interface |          |                                      |
| data_in    | s_axi_control | register  | offset   | name=data_in_1 offset=0x10 range=32  |
| data_in    | s_axi_control | register  | offset   | name=data_in_2 offset=0x14 range=32  |
| crc_out    | m_axi_gmem0   | interface |          |                                      |
| crc_out    | s_axi_control | register  | offset   | name=crc_out_1 offset=0x1c range=32  |
| crc_out    | s_axi_control | register  | offset   | name=crc_out_2 offset=0x20 range=32  |
| tables     | m_axi_gmem1   | interface |          |                                      |
| tables     | s_axi_control | register  | offset   | name=tables_1 offset=0x28 range=32   |
| tables     | s_axi_control | register  | offset   | name=tables_2 offset=0x2c range=32   |
| numChunks  | s_axi_control | register  |          | name=numChunks offset=0x34 range=32  |
| chunkSize  | s_axi_control | register  |          | name=chunkSize offset=0x3c range=32  |
| crc_size   | s_axi_control | register  |          | name=crc_size offset=0x44 range=32   |
| init_value | s_axi_control | register  |          | name=init_value offset=0x4c range=32 |
+------------+---------------+-----------+----------+--------------------------------------+


================================================================
== M_AXI Burst Information
================================================================
 Note: All burst requests might be further partitioned into multiple requests during RTL generation based on max_read_burst_length or max_write_burst_length settings.

* Inferred Burst Summary
+--------------+--------+-----------+----------+-------+----------------------------------------------------------------------+
| HW Interface | Loop   | Direction | Length   | Width | Location                                                             |
+--------------+--------+-----------+----------+-------+----------------------------------------------------------------------+
| m_axi_gmem1  |        | read      | 256      | 512   | /home/efrink/mled/split_cu/U280_CRC_Accelerator/src/kernel.cpp:365:5 |
| m_axi_gmem0  | mem_rd | read      | variable | 128   | /home/efrink/mled/split_cu/U280_CRC_Accelerator/src/kernel.cpp:323:5 |
+--------------+--------+-----------+----------+-------+----------------------------------------------------------------------+

* Inferred Bursts and Widening Missed
+--------------+----------+------------------+------------------------------------------------+------------+-----------------------------------------------------------------------+
| HW Interface | Variable | Loop             | Problem                                        | Resolution | Location                                                              |
+--------------+----------+------------------+------------------------------------------------+------------+-----------------------------------------------------------------------+
| m_axi_gmem0  | in       | mem_rd           | Sequential access length is not divisible by 2 | 214-234    | /home/efrink/mled/split_cu/U280_CRC_Accelerator/src/kernel.cpp:323:5  |
| m_axi_gmem0  | crc_out  | VITIS_LOOP_350_1 | Sequential access length is not divisible by 2 | 214-234    | /home/efrink/mled/split_cu/U280_CRC_Accelerator/src/kernel.cpp:350:23 |
+--------------+----------+------------------+------------------------------------------------+------------+-----------------------------------------------------------------------+

    * Resolution URL: www.xilinx.com/cgi-bin/docs/rdoc?v=2022.1;t=hls+guidance;d=XXX-YYY.html (replace XXX-YYY with column value)

================================================================
== Bind Op Report
================================================================
+----------------------------------------------------------+-----+--------+-------------+-----+--------+---------+
| Name                                                     | DSP | Pragma | Variable    | Op  | Impl   | Latency |
+----------------------------------------------------------+-----+--------+-------------+-----+--------+---------+
| + calculate_crc                                          | 3   |        |             |     |        |         |
|  + load_crc_tables                                       | 0   |        |             |     |        |         |
|   + load_crc_tables_Pipeline_load_lut_rows_load_lut_cols | 0   |        |             |     |        |         |
|     add_ln365_fu_415_p2                                  | -   |        | add_ln365   | add | fabric | 0       |
|     add_ln365_1_fu_483_p2                                | -   |        | add_ln365_1 | add | fabric | 0       |
|     add_ln368_fu_448_p2                                  | -   |        | add_ln368   | add | fabric | 0       |
|  + crc_dataflow_region                                   | 3   |        |             |     |        |         |
|   + read_input                                           | 3   |        |             |     |        |         |
|     mul_32s_32s_32_2_1_U58                               | 3   |        | total_bytes | mul | auto   | 1       |
|     sub_ln319_fu_186_p2                                  | -   |        | sub_ln319   | sub | fabric | 0       |
|     sub_ln319_1_fu_205_p2                                | -   |        | sub_ln319_1 | sub | fabric | 0       |
|    + read_input_Pipeline_mem_rd                          | 0   |        |             |     |        |         |
|      add_ln323_fu_289_p2                                 | -   |        | add_ln323   | add | fabric | 0       |
|   + process_crc_chunks                                   | 0   |        |             |     |        |         |
|     mask_V_fu_397_p2                                     | -   |        | mask_V      | add | fabric | 0       |
|     sub_ln527_fu_318_p2                                  | -   |        | sub_ln527   | sub | fabric | 0       |
|     sub_ln527_1_fu_338_p2                                | -   |        | sub_ln527_1 | sub | fabric | 0       |
|     tail_bytes_fu_418_p2                                 | -   |        | tail_bytes  | sub | fabric | 0       |
|     c_2_fu_445_p2                                        | -   |        | c_2         | add | fabric | 0       |
|    + crc_process_full_blocks                             | 0   |        |             |     |        |         |
|     + crc_process_full_blocks_Pipeline_full_block_loop   | 0   |        |             |     |        |         |
|       add_ln391_fu_486_p2                                | -   |        | add_ln391   | add | fabric | 0       |
|    + crc_process_tail_bytes                              | 0   |        |             |     |        |         |
|      t_2_fu_309_p2                                       | -   |        | t_2         | add | fabric | 0       |
|   + write_output                                         | 0   |        |             |     |        |         |
|    + write_output_Pipeline_VITIS_LOOP_350_1              | 0   |        |             |     |        |         |
|      add_ln350_fu_129_p2                                 | -   |        | add_ln350   | add | fabric | 0       |
|      add_ln353_fu_151_p2                                 | -   |        | add_ln353   | add | fabric | 0       |
|      add_ln353_1_fu_183_p2                               | -   |        | add_ln353_1 | add | fabric | 0       |
+----------------------------------------------------------+-----+--------+-------------+-----+--------+---------+


================================================================
== Bind Storage Report
================================================================
+------------------------+------+------+--------+--------------+---------+--------+---------+
| Name                   | BRAM | URAM | Pragma | Variable     | Storage | Impl   | Latency |
+------------------------+------+------+--------+--------------+---------+--------+---------+
| + calculate_crc        | 16   | 0    |        |              |         |        |         |
|   crcTables_U          | 1    | -    | yes    | crcTables    | ram_1p  | bram   | 1       |
|   crcTables_1_U        | 1    | -    | yes    | crcTables_1  | ram_1p  | bram   | 1       |
|   crcTables_2_U        | 1    | -    | yes    | crcTables_2  | ram_1p  | bram   | 1       |
|   crcTables_3_U        | 1    | -    | yes    | crcTables_3  | ram_1p  | bram   | 1       |
|   crcTables_4_U        | 1    | -    | yes    | crcTables_4  | ram_1p  | bram   | 1       |
|   crcTables_5_U        | 1    | -    | yes    | crcTables_5  | ram_1p  | bram   | 1       |
|   crcTables_6_U        | 1    | -    | yes    | crcTables_6  | ram_1p  | bram   | 1       |
|   crcTables_7_U        | 1    | -    | yes    | crcTables_7  | ram_1p  | bram   | 1       |
|   crcTables_8_U        | 1    | -    | yes    | crcTables_8  | ram_1p  | bram   | 1       |
|   crcTables_9_U        | 1    | -    | yes    | crcTables_9  | ram_1p  | bram   | 1       |
|   crcTables_10_U       | 1    | -    | yes    | crcTables_10 | ram_1p  | bram   | 1       |
|   crcTables_11_U       | 1    | -    | yes    | crcTables_11 | ram_1p  | bram   | 1       |
|   crcTables_12_U       | 1    | -    | yes    | crcTables_12 | ram_1p  | bram   | 1       |
|   crcTables_13_U       | 1    | -    | yes    | crcTables_13 | ram_1p  | bram   | 1       |
|   crcTables_14_U       | 1    | -    | yes    | crcTables_14 | ram_1p  | bram   | 1       |
|   crcTables_15_U       | 1    | -    | yes    | crcTables_15 | ram_1p  | bram   | 1       |
|  + crc_dataflow_region | 0    | 0    |        |              |         |        |         |
|    numChunks_c_U       | -    | -    |        | numChunks_c  | fifo    | srl    | 0       |
|    crc_out_c_U         | -    | -    |        | crc_out_c    | fifo    | srl    | 0       |
|    inByte0_U           | -    | -    |        | inByte0      | fifo    | srl    | 0       |
|    inByte1_U           | -    | -    |        | inByte1      | fifo    | srl    | 0       |
|    inByte2_U           | -    | -    |        | inByte2      | fifo    | srl    | 0       |
|    inByte3_U           | -    | -    |        | inByte3      | fifo    | srl    | 0       |
|    inByte4_U           | -    | -    |        | inByte4      | fifo    | srl    | 0       |
|    inByte5_U           | -    | -    |        | inByte5      | fifo    | srl    | 0       |
|    inByte6_U           | -    | -    |        | inByte6      | fifo    | srl    | 0       |
|    inByte7_U           | -    | -    |        | inByte7      | fifo    | srl    | 0       |
|    inByte8_U           | -    | -    |        | inByte8      | fifo    | srl    | 0       |
|    inByte9_U           | -    | -    |        | inByte9      | fifo    | srl    | 0       |
|    inByte10_U          | -    | -    |        | inByte10     | fifo    | srl    | 0       |
|    inByte11_U          | -    | -    |        | inByte11     | fifo    | srl    | 0       |
|    inByte12_U          | -    | -    |        | inByte12     | fifo    | srl    | 0       |
|    inByte13_U          | -    | -    |        | inByte13     | fifo    | srl    | 0       |
|    inByte14_U          | -    | -    |        | inByte14     | fifo    | srl    | 0       |
|    inByte15_U          | -    | -    |        | inByte15     | fifo    | srl    | 0       |
|    outStream_U         | -    | -    |        | outStream    | fifo    | memory | 0       |
+------------------------+------+------+--------+--------------+---------+--------+---------+


================================================================
== Pragma Report
================================================================
* Valid Pragma Syntax
+-----------------+-----------------------------------------------------------------+---------------------------------------------------------------+
| Type            | Options                                                         | Location                                                      |
+-----------------+-----------------------------------------------------------------+---------------------------------------------------------------+
| inline          |                                                                 | ../../../src/kernel.cpp:54 in rotr32                          |
| inline          |                                                                 | ../../../src/kernel.cpp:60 in sha256_ch                       |
| inline          |                                                                 | ../../../src/kernel.cpp:66 in sha256_maj                      |
| inline          |                                                                 | ../../../src/kernel.cpp:72 in sha256_bsig0                    |
| inline          |                                                                 | ../../../src/kernel.cpp:78 in sha256_bsig1                    |
| inline          |                                                                 | ../../../src/kernel.cpp:84 in sha256_ssig0                    |
| inline          |                                                                 | ../../../src/kernel.cpp:90 in sha256_ssig1                    |
| inline          |                                                                 | ../../../src/kernel.cpp:96 in to_be16                         |
| inline          |                                                                 | ../../../src/kernel.cpp:102 in to_be32                        |
| inline          |                                                                 | ../../../src/kernel.cpp:111 in pack_block_64                  |
| unroll          |                                                                 | ../../../src/kernel.cpp:116 in pack_block_64                  |
| inline          | off                                                             | ../../../src/kernel.cpp:124 in sha256_compress_block          |
| array_partition | variable = wbuf complete dim = 1                                | ../../../src/kernel.cpp:127 in sha256_compress_block          |
| unroll          |                                                                 | ../../../src/kernel.cpp:132 in sha256_compress_block          |
| pipeline        | II = 1                                                          | ../../../src/kernel.cpp:149 in sha256_compress_block          |
| inline          | off                                                             | ../../../src/kernel.cpp:196 in sha256_process_and_write_chunk |
| array_partition | variable = digest complete dim = 1                              | ../../../src/kernel.cpp:199 in sha256_process_and_write_chunk |
| pipeline        | II = 1                                                          | ../../../src/kernel.cpp:206 in sha256_process_and_write_chunk |
| inline          | off                                                             | ../../../src/kernel.cpp:215 in sha256_process_chunk           |
| unroll          |                                                                 | ../../../src/kernel.cpp:221 in sha256_process_chunk           |
| pipeline        | II = 1                                                          | ../../../src/kernel.cpp:254 in sha256_process_chunk           |
| pipeline        | II = 1                                                          | ../../../src/kernel.cpp:261 in sha256_process_chunk           |
| pipeline        | II = 1                                                          | ../../../src/kernel.cpp:273 in sha256_process_chunk           |
| pipeline        | II = 1                                                          | ../../../src/kernel.cpp:287 in sha256_process_chunk           |
| pipeline        | II = 1                                                          | ../../../src/kernel.cpp:294 in sha256_process_chunk           |
| unroll          |                                                                 | ../../../src/kernel.cpp:304 in sha256_process_chunk           |
| pipeline        | II = 1                                                          | ../../../src/kernel.cpp:325 in read_input                     |
| pipeline        | II = 1                                                          | ../../../src/kernel.cpp:352 in write_output                   |
| inline          | off                                                             | ../../../src/kernel.cpp:360 in load_crc_tables                |
| array_partition | variable = crcTables complete dim = 1                           | ../../../src/kernel.cpp:361 in load_crc_tables                |
| bind_storage    | variable = crcTables type = ram_1p impl = bram                  | ../../../src/kernel.cpp:362 in load_crc_tables                |
| pipeline        | II = 1                                                          | ../../../src/kernel.cpp:370 in load_crc_tables                |
| inline          | off                                                             | ../../../src/kernel.cpp:386 in crc_process_full_blocks        |
| array_partition | variable = crcTables complete dim = 1                           | ../../../src/kernel.cpp:387 in crc_process_full_blocks        |
| bind_storage    | variable = crcTables type = ram_1p impl = bram                  | ../../../src/kernel.cpp:388 in crc_process_full_blocks        |
| pipeline        | II = 1                                                          | ../../../src/kernel.cpp:393 in crc_process_full_blocks        |
| inline          | off                                                             | ../../../src/kernel.cpp:439 in crc_process_tail_bytes         |
| array_partition | variable = crcTables complete dim = 1                           | ../../../src/kernel.cpp:440 in crc_process_tail_bytes         |
| bind_storage    | variable = crcTables type = ram_1p impl = bram                  | ../../../src/kernel.cpp:441 in crc_process_tail_bytes         |
| pipeline        | II = 1                                                          | ../../../src/kernel.cpp:446 in crc_process_tail_bytes         |
| inline          | off                                                             | ../../../src/kernel.cpp:519 in process_crc_chunks             |
| array_partition | variable = crcTables complete dim = 1                           | ../../../src/kernel.cpp:520 in process_crc_chunks             |
| bind_storage    | variable = crcTables type = ram_1p impl = bram                  | ../../../src/kernel.cpp:521 in process_crc_chunks             |
| inline          | off                                                             | ../../../src/kernel.cpp:566 in crc_dataflow_region            |
| stream          | variable = inByte0 depth = 64                                   | ../../../src/kernel.cpp:585 in crc_dataflow_region            |
| stream          | variable = inByte1 depth = 64                                   | ../../../src/kernel.cpp:586 in crc_dataflow_region            |
| stream          | variable = inByte2 depth = 64                                   | ../../../src/kernel.cpp:587 in crc_dataflow_region            |
| stream          | variable = inByte3 depth = 64                                   | ../../../src/kernel.cpp:588 in crc_dataflow_region            |
| stream          | variable = inByte4 depth = 64                                   | ../../../src/kernel.cpp:589 in crc_dataflow_region            |
| stream          | variable = inByte5 depth = 64                                   | ../../../src/kernel.cpp:590 in crc_dataflow_region            |
| stream          | variable = inByte6 depth = 64                                   | ../../../src/kernel.cpp:591 in crc_dataflow_region            |
| stream          | variable = inByte7 depth = 64                                   | ../../../src/kernel.cpp:592 in crc_dataflow_region            |
| stream          | variable = inByte8 depth = 64                                   | ../../../src/kernel.cpp:593 in crc_dataflow_region            |
| stream          | variable = inByte9 depth = 64                                   | ../../../src/kernel.cpp:594 in crc_dataflow_region            |
| stream          | variable = inByte10 depth = 64                                  | ../../../src/kernel.cpp:595 in crc_dataflow_region            |
| stream          | variable = inByte11 depth = 64                                  | ../../../src/kernel.cpp:596 in crc_dataflow_region            |
| stream          | variable = inByte12 depth = 64                                  | ../../../src/kernel.cpp:597 in crc_dataflow_region            |
| stream          | variable = inByte13 depth = 64                                  | ../../../src/kernel.cpp:598 in crc_dataflow_region            |
| stream          | variable = inByte14 depth = 64                                  | ../../../src/kernel.cpp:599 in crc_dataflow_region            |
| stream          | variable = inByte15 depth = 64                                  | ../../../src/kernel.cpp:600 in crc_dataflow_region            |
| stream          | variable = outStream depth = 64                                 | ../../../src/kernel.cpp:603 in crc_dataflow_region            |
| dataflow        |                                                                 | ../../../src/kernel.cpp:605 in crc_dataflow_region            |
| inline          |                                                                 | ../../../src/kernel.cpp:629 in fold_add                       |
| inline          |                                                                 | ../../../src/kernel.cpp:636 in tcp_checksum_chunk_scalar      |
| pipeline        | II = 1                                                          | ../../../src/kernel.cpp:643 in tcp_checksum_chunk_scalar      |
| inline          |                                                                 | ../../../src/kernel.cpp:665 in tcp_checksum_chunk_vector      |
| pipeline        | II = 1                                                          | ../../../src/kernel.cpp:672 in tcp_checksum_chunk_vector      |
| array_partition | variable = lvl1 complete                                        | ../../../src/kernel.cpp:679 in tcp_checksum_chunk_vector      |
| array_partition | variable = lvl2 complete                                        | ../../../src/kernel.cpp:680 in tcp_checksum_chunk_vector      |
| array_partition | variable = lvl3 complete                                        | ../../../src/kernel.cpp:681 in tcp_checksum_chunk_vector      |
| array_partition | variable = lvl4 complete                                        | ../../../src/kernel.cpp:682 in tcp_checksum_chunk_vector      |
| unroll          |                                                                 | ../../../src/kernel.cpp:687 in tcp_checksum_chunk_vector      |
| unroll          |                                                                 | ../../../src/kernel.cpp:698 in tcp_checksum_chunk_vector      |
| unroll          |                                                                 | ../../../src/kernel.cpp:705 in tcp_checksum_chunk_vector      |
| unroll          |                                                                 | ../../../src/kernel.cpp:712 in tcp_checksum_chunk_vector      |
| pipeline        | II = 1                                                          | ../../../src/kernel.cpp:725 in tcp_checksum_chunk_vector      |
| unroll          |                                                                 | ../../../src/kernel.cpp:743 in tcp_checksum_chunk_vector      |
| pipeline        | II = 1                                                          | ../../../src/kernel.cpp:760 in process_tcp_checksum           |
| array_partition | variable = crcTables complete dim = 1                           | ../../../src/kernel.cpp:803 in process_crc                    |
| bind_storage    | variable = crcTables type = ram_1p impl = bram                  | ../../../src/kernel.cpp:804 in process_crc                    |
| interface       | m_axi port = data_in bundle = gmem0 depth = 1024 offset = slave | ../../../src/kernel.cpp:823 in calculate_crc                  |
| interface       | m_axi port = tables bundle = gmem1 depth = 4096 offset = slave  | ../../../src/kernel.cpp:824 in calculate_crc                  |
| interface       | m_axi port = crc_out bundle = gmem0 depth = 1024 offset = slave | ../../../src/kernel.cpp:825 in calculate_crc                  |
+-----------------+-----------------------------------------------------------------+---------------------------------------------------------------+


