

================================================================
== Vitis HLS Report for 'process_crc_Loop_init_lut_proc'
================================================================
* Date:           Fri Feb 20 12:32:09 2026

* Version:        2023.1 (Build 3854077 on May  4 2023)
* Project:        calculate_crc
* Solution:       solution (Vitis Kernel Flow Target)
* Product family: virtexuplusHBM
* Target device:  xcu280-fsvh2892-2L-e


================================================================
== Performance Estimates
================================================================
+ Timing: 
    * Summary: 
    +--------+---------+----------+------------+
    |  Clock |  Target | Estimated| Uncertainty|
    +--------+---------+----------+------------+
    |ap_clk  |  3.33 ns|  2.433 ns|     0.90 ns|
    +--------+---------+----------+------------+

+ Latency: 
    * Summary: 
    +---------+---------+-----------+-----------+------+------+---------+
    |  Latency (cycles) |   Latency (absolute)  |   Interval  | Pipeline|
    |   min   |   max   |    min    |    max    |  min |  max |   Type  |
    +---------+---------+-----------+-----------+------+------+---------+
    |     4171|     4171|  13.902 us|  13.902 us|  4171|  4171|       no|
    +---------+---------+-----------+-----------+------+------+---------+

    + Detail: 
        * Instance: 
        +-----------------------------------------------------------------------------+-------------------------------------------------------------------+---------+---------+-----------+-----------+------+------+---------+
        |                                                                             |                                                                   |  Latency (cycles) |   Latency (absolute)  |   Interval  | Pipeline|
        |                                   Instance                                  |                               Module                              |   min   |   max   |    min    |    max    |  min |  max |   Type  |
        +-----------------------------------------------------------------------------+-------------------------------------------------------------------+---------+---------+-----------+-----------+------+------+---------+
        |grp_process_crc_Loop_init_lut_proc_Pipeline_init_lut_VITIS_LOOP_678_1_fu_91  |process_crc_Loop_init_lut_proc_Pipeline_init_lut_VITIS_LOOP_678_1  |     4099|     4099|  13.662 us|  13.662 us|  4099|  4099|       no|
        +-----------------------------------------------------------------------------+-------------------------------------------------------------------+---------+---------+-----------+-----------+------+------+---------+

        * Loop: 
        N/A



================================================================
== Utilization Estimates
================================================================
* Summary: 
+---------------------+---------+------+---------+---------+-----+
|         Name        | BRAM_18K|  DSP |    FF   |   LUT   | URAM|
+---------------------+---------+------+---------+---------+-----+
|DSP                  |        -|     -|        -|        -|    -|
|Expression           |        -|     -|        0|        2|    -|
|FIFO                 |        -|     -|        -|        -|    -|
|Instance             |        -|     -|     1052|      623|    -|
|Memory               |        -|     -|        -|        -|    -|
|Multiplexer          |        -|     -|        -|      488|    -|
|Register             |        -|     -|      133|        -|    -|
+---------------------+---------+------+---------+---------+-----+
|Total                |        0|     0|     1185|     1113|    0|
+---------------------+---------+------+---------+---------+-----+
|Available SLR        |     1344|  3008|   869120|   434560|  320|
+---------------------+---------+------+---------+---------+-----+
|Utilization SLR (%)  |        0|     0|       ~0|       ~0|    0|
+---------------------+---------+------+---------+---------+-----+
|Available            |     4032|  9024|  2607360|  1303680|  960|
+---------------------+---------+------+---------+---------+-----+
|Utilization (%)      |        0|     0|       ~0|       ~0|    0|
+---------------------+---------+------+---------+---------+-----+

+ Detail: 
    * Instance: 
    +-----------------------------------------------------------------------------+-------------------------------------------------------------------+---------+----+------+-----+-----+
    |                                   Instance                                  |                               Module                              | BRAM_18K| DSP|  FF  | LUT | URAM|
    +-----------------------------------------------------------------------------+-------------------------------------------------------------------+---------+----+------+-----+-----+
    |grp_process_crc_Loop_init_lut_proc_Pipeline_init_lut_VITIS_LOOP_678_1_fu_91  |process_crc_Loop_init_lut_proc_Pipeline_init_lut_VITIS_LOOP_678_1  |        0|   0|  1052|  623|    0|
    +-----------------------------------------------------------------------------+-------------------------------------------------------------------+---------+----+------+-----+-----+
    |Total                                                                        |                                                                   |        0|   0|  1052|  623|    0|
    +-----------------------------------------------------------------------------+-------------------------------------------------------------------+---------+----+------+-----+-----+

    * DSP: 
    N/A

    * Memory: 
    N/A

    * FIFO: 
    N/A

    * Expression: 
    +-----------------+----------+----+---+----+------------+------------+
    |  Variable Name  | Operation| DSP| FF| LUT| Bitwidth P0| Bitwidth P1|
    +-----------------+----------+----+---+----+------------+------------+
    |ap_block_state1  |        or|   0|  0|   2|           1|           1|
    +-----------------+----------+----+---+----+------------+------------+
    |Total            |          |   0|  0|   2|           1|           1|
    +-----------------+----------+----+---+----+------------+------------+

    * Multiplexer: 
    +----------------------+-----+-----------+-----+-----------+
    |         Name         | LUT | Input Size| Bits| Total Bits|
    +----------------------+-----+-----------+-----+-----------+
    |ap_NS_fsm             |  338|         74|    1|         74|
    |ap_done               |    9|          2|    1|          2|
    |gmem1_blk_n_AR        |    9|          2|    1|          2|
    |m_axi_gmem1_ARADDR    |   14|          3|   64|        192|
    |m_axi_gmem1_ARBURST   |    9|          2|    2|          4|
    |m_axi_gmem1_ARCACHE   |    9|          2|    4|          8|
    |m_axi_gmem1_ARID      |    9|          2|    1|          2|
    |m_axi_gmem1_ARLEN     |   14|          3|   32|         96|
    |m_axi_gmem1_ARLOCK    |    9|          2|    2|          4|
    |m_axi_gmem1_ARPROT    |    9|          2|    3|          6|
    |m_axi_gmem1_ARQOS     |    9|          2|    4|          8|
    |m_axi_gmem1_ARREGION  |    9|          2|    4|          8|
    |m_axi_gmem1_ARSIZE    |    9|          2|    3|          6|
    |m_axi_gmem1_ARUSER    |    9|          2|    1|          2|
    |m_axi_gmem1_ARVALID   |   14|          3|    1|          3|
    |m_axi_gmem1_RREADY    |    9|          2|    1|          2|
    +----------------------+-----+-----------+-----+-----------+
    |Total                 |  488|        107|  125|        419|
    +----------------------+-----+-----------+-----+-----------+

    * Register: 
    +------------------------------------------------------------------------------------------+----+----+-----+-----------+
    |                                           Name                                           | FF | LUT| Bits| Const Bits|
    +------------------------------------------------------------------------------------------+----+----+-----+-----------+
    |ap_CS_fsm                                                                                 |  73|   0|   73|          0|
    |ap_done_reg                                                                               |   1|   0|    1|          0|
    |grp_process_crc_Loop_init_lut_proc_Pipeline_init_lut_VITIS_LOOP_678_1_fu_91_ap_start_reg  |   1|   0|    1|          0|
    |trunc_ln676_1_reg_151                                                                     |  58|   0|   58|          0|
    +------------------------------------------------------------------------------------------+----+----+-----+-----------+
    |Total                                                                                     | 133|   0|  133|          0|
    +------------------------------------------------------------------------------------------+----+----+-----+-----------+



================================================================
== Interface
================================================================
* Summary: 
+-----------------------+-----+-----+------------+--------------------------------+--------------+
|       RTL Ports       | Dir | Bits|  Protocol  |          Source Object         |    C Type    |
+-----------------------+-----+-----+------------+--------------------------------+--------------+
|ap_clk                 |   in|    1|  ap_ctrl_hs|  process_crc_Loop_init_lut_proc|  return value|
|ap_rst                 |   in|    1|  ap_ctrl_hs|  process_crc_Loop_init_lut_proc|  return value|
|ap_start               |   in|    1|  ap_ctrl_hs|  process_crc_Loop_init_lut_proc|  return value|
|ap_done                |  out|    1|  ap_ctrl_hs|  process_crc_Loop_init_lut_proc|  return value|
|ap_continue            |   in|    1|  ap_ctrl_hs|  process_crc_Loop_init_lut_proc|  return value|
|ap_idle                |  out|    1|  ap_ctrl_hs|  process_crc_Loop_init_lut_proc|  return value|
|ap_ready               |  out|    1|  ap_ctrl_hs|  process_crc_Loop_init_lut_proc|  return value|
|tables                 |   in|   64|     ap_none|                          tables|        scalar|
|m_axi_gmem1_AWVALID    |  out|    1|       m_axi|                           gmem1|       pointer|
|m_axi_gmem1_AWREADY    |   in|    1|       m_axi|                           gmem1|       pointer|
|m_axi_gmem1_AWADDR     |  out|   64|       m_axi|                           gmem1|       pointer|
|m_axi_gmem1_AWID       |  out|    1|       m_axi|                           gmem1|       pointer|
|m_axi_gmem1_AWLEN      |  out|   32|       m_axi|                           gmem1|       pointer|
|m_axi_gmem1_AWSIZE     |  out|    3|       m_axi|                           gmem1|       pointer|
|m_axi_gmem1_AWBURST    |  out|    2|       m_axi|                           gmem1|       pointer|
|m_axi_gmem1_AWLOCK     |  out|    2|       m_axi|                           gmem1|       pointer|
|m_axi_gmem1_AWCACHE    |  out|    4|       m_axi|                           gmem1|       pointer|
|m_axi_gmem1_AWPROT     |  out|    3|       m_axi|                           gmem1|       pointer|
|m_axi_gmem1_AWQOS      |  out|    4|       m_axi|                           gmem1|       pointer|
|m_axi_gmem1_AWREGION   |  out|    4|       m_axi|                           gmem1|       pointer|
|m_axi_gmem1_AWUSER     |  out|    1|       m_axi|                           gmem1|       pointer|
|m_axi_gmem1_WVALID     |  out|    1|       m_axi|                           gmem1|       pointer|
|m_axi_gmem1_WREADY     |   in|    1|       m_axi|                           gmem1|       pointer|
|m_axi_gmem1_WDATA      |  out|  512|       m_axi|                           gmem1|       pointer|
|m_axi_gmem1_WSTRB      |  out|   64|       m_axi|                           gmem1|       pointer|
|m_axi_gmem1_WLAST      |  out|    1|       m_axi|                           gmem1|       pointer|
|m_axi_gmem1_WID        |  out|    1|       m_axi|                           gmem1|       pointer|
|m_axi_gmem1_WUSER      |  out|    1|       m_axi|                           gmem1|       pointer|
|m_axi_gmem1_ARVALID    |  out|    1|       m_axi|                           gmem1|       pointer|
|m_axi_gmem1_ARREADY    |   in|    1|       m_axi|                           gmem1|       pointer|
|m_axi_gmem1_ARADDR     |  out|   64|       m_axi|                           gmem1|       pointer|
|m_axi_gmem1_ARID       |  out|    1|       m_axi|                           gmem1|       pointer|
|m_axi_gmem1_ARLEN      |  out|   32|       m_axi|                           gmem1|       pointer|
|m_axi_gmem1_ARSIZE     |  out|    3|       m_axi|                           gmem1|       pointer|
|m_axi_gmem1_ARBURST    |  out|    2|       m_axi|                           gmem1|       pointer|
|m_axi_gmem1_ARLOCK     |  out|    2|       m_axi|                           gmem1|       pointer|
|m_axi_gmem1_ARCACHE    |  out|    4|       m_axi|                           gmem1|       pointer|
|m_axi_gmem1_ARPROT     |  out|    3|       m_axi|                           gmem1|       pointer|
|m_axi_gmem1_ARQOS      |  out|    4|       m_axi|                           gmem1|       pointer|
|m_axi_gmem1_ARREGION   |  out|    4|       m_axi|                           gmem1|       pointer|
|m_axi_gmem1_ARUSER     |  out|    1|       m_axi|                           gmem1|       pointer|
|m_axi_gmem1_RVALID     |   in|    1|       m_axi|                           gmem1|       pointer|
|m_axi_gmem1_RREADY     |  out|    1|       m_axi|                           gmem1|       pointer|
|m_axi_gmem1_RDATA      |   in|  512|       m_axi|                           gmem1|       pointer|
|m_axi_gmem1_RLAST      |   in|    1|       m_axi|                           gmem1|       pointer|
|m_axi_gmem1_RID        |   in|    1|       m_axi|                           gmem1|       pointer|
|m_axi_gmem1_RFIFONUM   |   in|    9|       m_axi|                           gmem1|       pointer|
|m_axi_gmem1_RUSER      |   in|    1|       m_axi|                           gmem1|       pointer|
|m_axi_gmem1_RRESP      |   in|    2|       m_axi|                           gmem1|       pointer|
|m_axi_gmem1_BVALID     |   in|    1|       m_axi|                           gmem1|       pointer|
|m_axi_gmem1_BREADY     |  out|    1|       m_axi|                           gmem1|       pointer|
|m_axi_gmem1_BRESP      |   in|    2|       m_axi|                           gmem1|       pointer|
|m_axi_gmem1_BID        |   in|    1|       m_axi|                           gmem1|       pointer|
|m_axi_gmem1_BUSER      |   in|    1|       m_axi|                           gmem1|       pointer|
|crcTables_15_address0  |  out|    8|   ap_memory|                    crcTables_15|         array|
|crcTables_15_ce0       |  out|    1|   ap_memory|                    crcTables_15|         array|
|crcTables_15_we0       |  out|    1|   ap_memory|                    crcTables_15|         array|
|crcTables_15_d0        |  out|   32|   ap_memory|                    crcTables_15|         array|
|crcTables_14_address0  |  out|    8|   ap_memory|                    crcTables_14|         array|
|crcTables_14_ce0       |  out|    1|   ap_memory|                    crcTables_14|         array|
|crcTables_14_we0       |  out|    1|   ap_memory|                    crcTables_14|         array|
|crcTables_14_d0        |  out|   32|   ap_memory|                    crcTables_14|         array|
|crcTables_13_address0  |  out|    8|   ap_memory|                    crcTables_13|         array|
|crcTables_13_ce0       |  out|    1|   ap_memory|                    crcTables_13|         array|
|crcTables_13_we0       |  out|    1|   ap_memory|                    crcTables_13|         array|
|crcTables_13_d0        |  out|   32|   ap_memory|                    crcTables_13|         array|
|crcTables_12_address0  |  out|    8|   ap_memory|                    crcTables_12|         array|
|crcTables_12_ce0       |  out|    1|   ap_memory|                    crcTables_12|         array|
|crcTables_12_we0       |  out|    1|   ap_memory|                    crcTables_12|         array|
|crcTables_12_d0        |  out|   32|   ap_memory|                    crcTables_12|         array|
|crcTables_11_address0  |  out|    8|   ap_memory|                    crcTables_11|         array|
|crcTables_11_ce0       |  out|    1|   ap_memory|                    crcTables_11|         array|
|crcTables_11_we0       |  out|    1|   ap_memory|                    crcTables_11|         array|
|crcTables_11_d0        |  out|   32|   ap_memory|                    crcTables_11|         array|
|crcTables_10_address0  |  out|    8|   ap_memory|                    crcTables_10|         array|
|crcTables_10_ce0       |  out|    1|   ap_memory|                    crcTables_10|         array|
|crcTables_10_we0       |  out|    1|   ap_memory|                    crcTables_10|         array|
|crcTables_10_d0        |  out|   32|   ap_memory|                    crcTables_10|         array|
|crcTables_9_address0   |  out|    8|   ap_memory|                     crcTables_9|         array|
|crcTables_9_ce0        |  out|    1|   ap_memory|                     crcTables_9|         array|
|crcTables_9_we0        |  out|    1|   ap_memory|                     crcTables_9|         array|
|crcTables_9_d0         |  out|   32|   ap_memory|                     crcTables_9|         array|
|crcTables_8_address0   |  out|    8|   ap_memory|                     crcTables_8|         array|
|crcTables_8_ce0        |  out|    1|   ap_memory|                     crcTables_8|         array|
|crcTables_8_we0        |  out|    1|   ap_memory|                     crcTables_8|         array|
|crcTables_8_d0         |  out|   32|   ap_memory|                     crcTables_8|         array|
|crcTables_7_address0   |  out|    8|   ap_memory|                     crcTables_7|         array|
|crcTables_7_ce0        |  out|    1|   ap_memory|                     crcTables_7|         array|
|crcTables_7_we0        |  out|    1|   ap_memory|                     crcTables_7|         array|
|crcTables_7_d0         |  out|   32|   ap_memory|                     crcTables_7|         array|
|crcTables_6_address0   |  out|    8|   ap_memory|                     crcTables_6|         array|
|crcTables_6_ce0        |  out|    1|   ap_memory|                     crcTables_6|         array|
|crcTables_6_we0        |  out|    1|   ap_memory|                     crcTables_6|         array|
|crcTables_6_d0         |  out|   32|   ap_memory|                     crcTables_6|         array|
|crcTables_5_address0   |  out|    8|   ap_memory|                     crcTables_5|         array|
|crcTables_5_ce0        |  out|    1|   ap_memory|                     crcTables_5|         array|
|crcTables_5_we0        |  out|    1|   ap_memory|                     crcTables_5|         array|
|crcTables_5_d0         |  out|   32|   ap_memory|                     crcTables_5|         array|
|crcTables_4_address0   |  out|    8|   ap_memory|                     crcTables_4|         array|
|crcTables_4_ce0        |  out|    1|   ap_memory|                     crcTables_4|         array|
|crcTables_4_we0        |  out|    1|   ap_memory|                     crcTables_4|         array|
|crcTables_4_d0         |  out|   32|   ap_memory|                     crcTables_4|         array|
|crcTables_3_address0   |  out|    8|   ap_memory|                     crcTables_3|         array|
|crcTables_3_ce0        |  out|    1|   ap_memory|                     crcTables_3|         array|
|crcTables_3_we0        |  out|    1|   ap_memory|                     crcTables_3|         array|
|crcTables_3_d0         |  out|   32|   ap_memory|                     crcTables_3|         array|
|crcTables_2_address0   |  out|    8|   ap_memory|                     crcTables_2|         array|
|crcTables_2_ce0        |  out|    1|   ap_memory|                     crcTables_2|         array|
|crcTables_2_we0        |  out|    1|   ap_memory|                     crcTables_2|         array|
|crcTables_2_d0         |  out|   32|   ap_memory|                     crcTables_2|         array|
|crcTables_1_address0   |  out|    8|   ap_memory|                     crcTables_1|         array|
|crcTables_1_ce0        |  out|    1|   ap_memory|                     crcTables_1|         array|
|crcTables_1_we0        |  out|    1|   ap_memory|                     crcTables_1|         array|
|crcTables_1_d0         |  out|   32|   ap_memory|                     crcTables_1|         array|
|crcTables_address0     |  out|    8|   ap_memory|                       crcTables|         array|
|crcTables_ce0          |  out|    1|   ap_memory|                       crcTables|         array|
|crcTables_we0          |  out|    1|   ap_memory|                       crcTables|         array|
|crcTables_d0           |  out|   32|   ap_memory|                       crcTables|         array|
+-----------------------+-----+-----+------------+--------------------------------+--------------+

