

================================================================
== Vitis HLS Report for 'entry_proc'
================================================================
* Date:           Fri Feb 20 12:32:09 2026

* Version:        2023.1 (Build 3854077 on May  4 2023)
* Project:        calculate_crc
* Solution:       solution (Vitis Kernel Flow Target)
* Product family: virtexuplusHBM
* Target device:  xcu280-fsvh2892-2L-e


================================================================
== Performance Estimates
================================================================
+ Timing: 
    * Summary: 
    +--------+---------+----------+------------+
    |  Clock |  Target | Estimated| Uncertainty|
    +--------+---------+----------+------------+
    |ap_clk  |  3.33 ns|  1.217 ns|     0.90 ns|
    +--------+---------+----------+------------+

+ Latency: 
    * Summary: 
    +---------+---------+----------+----------+-----+-----+---------+
    |  Latency (cycles) |  Latency (absolute) |  Interval | Pipeline|
    |   min   |   max   |    min   |    max   | min | max |   Type  |
    +---------+---------+----------+----------+-----+-----+---------+
    |        0|        0|      0 ns|      0 ns|    0|    0|       no|
    +---------+---------+----------+----------+-----+-----+---------+

    + Detail: 
        * Instance: 
        N/A

        * Loop: 
        N/A



================================================================
== Utilization Estimates
================================================================
* Summary: 
+---------------------+---------+------+---------+---------+-----+
|         Name        | BRAM_18K|  DSP |    FF   |   LUT   | URAM|
+---------------------+---------+------+---------+---------+-----+
|DSP                  |        -|     -|        -|        -|    -|
|Expression           |        -|     -|        0|        2|    -|
|FIFO                 |        -|     -|        -|        -|    -|
|Instance             |        -|     -|        -|        -|    -|
|Memory               |        -|     -|        -|        -|    -|
|Multiplexer          |        -|     -|        -|       45|    -|
|Register             |        -|     -|        3|        -|    -|
+---------------------+---------+------+---------+---------+-----+
|Total                |        0|     0|        3|       47|    0|
+---------------------+---------+------+---------+---------+-----+
|Available SLR        |     1344|  3008|   869120|   434560|  320|
+---------------------+---------+------+---------+---------+-----+
|Utilization SLR (%)  |        0|     0|       ~0|       ~0|    0|
+---------------------+---------+------+---------+---------+-----+
|Available            |     4032|  9024|  2607360|  1303680|  960|
+---------------------+---------+------+---------+---------+-----+
|Utilization (%)      |        0|     0|       ~0|       ~0|    0|
+---------------------+---------+------+---------+---------+-----+

+ Detail: 
    * Instance: 
    N/A

    * DSP: 
    N/A

    * Memory: 
    N/A

    * FIFO: 
    N/A

    * Expression: 
    +-----------------+----------+----+---+----+------------+------------+
    |  Variable Name  | Operation| DSP| FF| LUT| Bitwidth P0| Bitwidth P1|
    +-----------------+----------+----+---+----+------------+------------+
    |ap_block_state1  |        or|   0|  0|   2|           1|           1|
    +-----------------+----------+----+---+----+------------+------------+
    |Total            |          |   0|  0|   2|           1|           1|
    +-----------------+----------+----+---+----+------------+------------+

    * Multiplexer: 
    +--------------------+----+-----------+-----+-----------+
    |        Name        | LUT| Input Size| Bits| Total Bits|
    +--------------------+----+-----------+-----+-----------+
    |ap_done             |   9|          2|    1|          2|
    |crc_out_c_blk_n     |   9|          2|    1|          2|
    |crc_size_c_blk_n    |   9|          2|    1|          2|
    |init_value_c_blk_n  |   9|          2|    1|          2|
    |real_start          |   9|          2|    1|          2|
    +--------------------+----+-----------+-----+-----------+
    |Total               |  45|         10|    5|         10|
    +--------------------+----+-----------+-----+-----------+

    * Register: 
    +----------------+---+----+-----+-----------+
    |      Name      | FF| LUT| Bits| Const Bits|
    +----------------+---+----+-----+-----------+
    |ap_CS_fsm       |  1|   0|    1|          0|
    |ap_done_reg     |  1|   0|    1|          0|
    |start_once_reg  |  1|   0|    1|          0|
    +----------------+---+----+-----+-----------+
    |Total           |  3|   0|    3|          0|
    +----------------+---+----+-----+-----------+



================================================================
== Interface
================================================================
* Summary: 
+-----------------------------+-----+-----+------------+--------------+--------------+
|          RTL Ports          | Dir | Bits|  Protocol  | Source Object|    C Type    |
+-----------------------------+-----+-----+------------+--------------+--------------+
|ap_clk                       |   in|    1|  ap_ctrl_hs|    entry_proc|  return value|
|ap_rst                       |   in|    1|  ap_ctrl_hs|    entry_proc|  return value|
|ap_start                     |   in|    1|  ap_ctrl_hs|    entry_proc|  return value|
|start_full_n                 |   in|    1|  ap_ctrl_hs|    entry_proc|  return value|
|ap_done                      |  out|    1|  ap_ctrl_hs|    entry_proc|  return value|
|ap_continue                  |   in|    1|  ap_ctrl_hs|    entry_proc|  return value|
|ap_idle                      |  out|    1|  ap_ctrl_hs|    entry_proc|  return value|
|ap_ready                     |  out|    1|  ap_ctrl_hs|    entry_proc|  return value|
|start_out                    |  out|    1|  ap_ctrl_hs|    entry_proc|  return value|
|start_write                  |  out|    1|  ap_ctrl_hs|    entry_proc|  return value|
|crc_out                      |   in|   64|     ap_none|       crc_out|        scalar|
|crc_out_c_din                |  out|   64|     ap_fifo|     crc_out_c|       pointer|
|crc_out_c_num_data_valid     |   in|    3|     ap_fifo|     crc_out_c|       pointer|
|crc_out_c_fifo_cap           |   in|    3|     ap_fifo|     crc_out_c|       pointer|
|crc_out_c_full_n             |   in|    1|     ap_fifo|     crc_out_c|       pointer|
|crc_out_c_write              |  out|    1|     ap_fifo|     crc_out_c|       pointer|
|crc_size                     |   in|   32|     ap_none|      crc_size|        scalar|
|crc_size_c_din               |  out|   32|     ap_fifo|    crc_size_c|       pointer|
|crc_size_c_num_data_valid    |   in|    3|     ap_fifo|    crc_size_c|       pointer|
|crc_size_c_fifo_cap          |   in|    3|     ap_fifo|    crc_size_c|       pointer|
|crc_size_c_full_n            |   in|    1|     ap_fifo|    crc_size_c|       pointer|
|crc_size_c_write             |  out|    1|     ap_fifo|    crc_size_c|       pointer|
|init_value                   |   in|   32|     ap_none|    init_value|        scalar|
|init_value_c_din             |  out|   32|     ap_fifo|  init_value_c|       pointer|
|init_value_c_num_data_valid  |   in|    3|     ap_fifo|  init_value_c|       pointer|
|init_value_c_fifo_cap        |   in|    3|     ap_fifo|  init_value_c|       pointer|
|init_value_c_full_n          |   in|    1|     ap_fifo|  init_value_c|       pointer|
|init_value_c_write           |  out|    1|     ap_fifo|  init_value_c|       pointer|
+-----------------------------+-----+-----+------------+--------------+--------------+

