

================================================================
== Vitis HLS Report for 'process_blocks'
================================================================
* Date:           Fri Feb 20 12:32:10 2026

* Version:        2023.1 (Build 3854077 on May  4 2023)
* Project:        calculate_crc
* Solution:       solution (Vitis Kernel Flow Target)
* Product family: virtexuplusHBM
* Target device:  xcu280-fsvh2892-2L-e


================================================================
== Performance Estimates
================================================================
+ Timing: 
    * Summary: 
    +--------+---------+----------+------------+
    |  Clock |  Target | Estimated| Uncertainty|
    +--------+---------+----------+------------+
    |ap_clk  |  3.33 ns|  2.641 ns|     0.90 ns|
    +--------+---------+----------+------------+

+ Latency: 
    * Summary: 
    +---------+---------+----------+----------+-----+-----+---------+
    |  Latency (cycles) |  Latency (absolute) |  Interval | Pipeline|
    |   min   |   max   |    min   |    max   | min | max |   Type  |
    +---------+---------+----------+----------+-----+-----+---------+
    |        ?|        ?|         ?|         ?|    ?|    ?|       no|
    +---------+---------+----------+----------+-----+-----+---------+

    + Detail: 
        * Instance: 
        +-----------------------------------------------+------------------------------------+---------+-----------+----------+-----------+-----+-----------+---------+
        |                                               |                                    |   Latency (cycles)  |  Latency (absolute)  |     Interval    | Pipeline|
        |                    Instance                   |               Module               |   min   |    max    |    min   |    max    | min |    max    |   Type  |
        +-----------------------------------------------+------------------------------------+---------+-----------+----------+-----------+-----+-----------+---------+
        |grp_process_blocks_Pipeline_block_loop_fu_199  |process_blocks_Pipeline_block_loop  |        2|  134217730|  6.666 ns|  0.447 sec|    2|  134217730|       no|
        |grp_process_blocks_Pipeline_tail_loop_fu_271   |process_blocks_Pipeline_tail_loop   |        ?|          ?|         ?|          ?|    ?|          ?|       no|
        +-----------------------------------------------+------------------------------------+---------+-----------+----------+-----------+-----+-----------+---------+

        * Loop: 
        +--------------+---------+---------+----------+-----------+-----------+------+----------+
        |              |  Latency (cycles) | Iteration|  Initiation Interval  | Trip |          |
        |   Loop Name  |   min   |   max   |  Latency |  achieved |   target  | Count| Pipelined|
        +--------------+---------+---------+----------+-----------+-----------+------+----------+
        |- chunk_loop  |        ?|        ?|         ?|          -|          -|     ?|        no|
        +--------------+---------+---------+----------+-----------+-----------+------+----------+



================================================================
== Utilization Estimates
================================================================
* Summary: 
+---------------------+---------+------+---------+---------+-----+
|         Name        | BRAM_18K|  DSP |    FF   |   LUT   | URAM|
+---------------------+---------+------+---------+---------+-----+
|DSP                  |        -|     -|        -|        -|    -|
|Expression           |        -|     -|        0|      419|    -|
|FIFO                 |        -|     -|        -|        -|    -|
|Instance             |        -|     -|      221|     1319|    -|
|Memory               |        -|     -|        -|        -|    -|
|Multiplexer          |        -|     -|        -|      373|    -|
|Register             |        -|     -|      321|        -|    -|
+---------------------+---------+------+---------+---------+-----+
|Total                |        0|     0|      542|     2111|    0|
+---------------------+---------+------+---------+---------+-----+
|Available SLR        |     1344|  3008|   869120|   434560|  320|
+---------------------+---------+------+---------+---------+-----+
|Utilization SLR (%)  |        0|     0|       ~0|       ~0|    0|
+---------------------+---------+------+---------+---------+-----+
|Available            |     4032|  9024|  2607360|  1303680|  960|
+---------------------+---------+------+---------+---------+-----+
|Utilization (%)      |        0|     0|       ~0|       ~0|    0|
+---------------------+---------+------+---------+---------+-----+

+ Detail: 
    * Instance: 
    +-----------------------------------------------+------------------------------------+---------+----+-----+-----+-----+
    |                    Instance                   |               Module               | BRAM_18K| DSP|  FF | LUT | URAM|
    +-----------------------------------------------+------------------------------------+---------+----+-----+-----+-----+
    |grp_process_blocks_Pipeline_block_loop_fu_199  |process_blocks_Pipeline_block_loop  |        0|   0|   66|  819|    0|
    |grp_process_blocks_Pipeline_tail_loop_fu_271   |process_blocks_Pipeline_tail_loop   |        0|   0|  155|  500|    0|
    +-----------------------------------------------+------------------------------------+---------+----+-----+-----+-----+
    |Total                                          |                                    |        0|   0|  221| 1319|    0|
    +-----------------------------------------------+------------------------------------+---------+----+-----+-----+-----+

    * DSP: 
    N/A

    * Memory: 
    N/A

    * FIFO: 
    N/A

    * Expression: 
    +---------------------------+----------+----+---+----+------------+------------+
    |       Variable Name       | Operation| DSP| FF| LUT| Bitwidth P0| Bitwidth P1|
    +---------------------------+----------+----+---+----+------------+------------+
    |add_ln329_fu_434_p2        |         +|   0|  0|  38|          31|           1|
    |mask_fu_373_p2             |         +|   0|  0|  39|          32|           2|
    |p_neg_fu_337_p2            |         -|   0|  0|  39|           1|          32|
    |p_neg_t_fu_389_p2          |         -|   0|  0|  36|           1|          29|
    |sub_ln329_fu_417_p2        |         -|   0|  0|  39|          32|          32|
    |icmp_ln325_fu_323_p2       |      icmp|   0|  0|  34|          27|           1|
    |icmp_ln329_fu_429_p2       |      icmp|   0|  0|  39|          32|          32|
    |ap_block_state1            |        or|   0|  0|   2|           1|           1|
    |blocks_in_chunk_fu_398_p3  |    select|   0|  0|  29|           1|          29|
    |mask_1_fu_379_p3           |    select|   0|  0|  32|           1|          32|
    |shl_ln326_fu_368_p2        |       shl|   0|  0|  92|           1|          32|
    +---------------------------+----------+----+---+----+------------+------------+
    |Total                      |          |   0|  0| 419|         160|         223|
    +---------------------------+----------+----+---+----+------------+------------+

    * Multiplexer: 
    +----------------------+----+-----------+-----+-----------+
    |         Name         | LUT| Input Size| Bits| Total Bits|
    +----------------------+----+-----------+-----+-----------+
    |ap_NS_fsm             |  49|          9|    1|          9|
    |ap_done               |   9|          2|    1|          2|
    |c_fu_148              |   9|          2|   31|         62|
    |chunkSize_blk_n       |   9|          2|    1|          2|
    |crcTables_0_address0  |  14|          3|    8|         24|
    |crcTables_0_ce0       |  14|          3|    1|          3|
    |crc_size_blk_n        |   9|          2|    1|          2|
    |inByte0_read          |  14|          3|    1|          3|
    |inByte10_read         |  14|          3|    1|          3|
    |inByte11_read         |  14|          3|    1|          3|
    |inByte12_read         |  14|          3|    1|          3|
    |inByte13_read         |  14|          3|    1|          3|
    |inByte14_read         |  14|          3|    1|          3|
    |inByte15_read         |  14|          3|    1|          3|
    |inByte1_read          |  14|          3|    1|          3|
    |inByte2_read          |  14|          3|    1|          3|
    |inByte3_read          |  14|          3|    1|          3|
    |inByte4_read          |  14|          3|    1|          3|
    |inByte5_read          |  14|          3|    1|          3|
    |inByte6_read          |  14|          3|    1|          3|
    |inByte7_read          |  14|          3|    1|          3|
    |inByte8_read          |  14|          3|    1|          3|
    |inByte9_read          |  14|          3|    1|          3|
    |init_value_blk_n      |   9|          2|    1|          2|
    |numChunks_blk_n       |   9|          2|    1|          2|
    |numChunks_c_blk_n     |   9|          2|    1|          2|
    |outStream_blk_n       |   9|          2|    1|          2|
    +----------------------+----+-----------+-----+-----------+
    |Total                 | 373|         79|   64|        160|
    +----------------------+----+-----------+-----+-----------+

    * Register: 
    +------------------------------------------------------------+----+----+-----+-----------+
    |                            Name                            | FF | LUT| Bits| Const Bits|
    +------------------------------------------------------------+----+----+-----+-----------+
    |ap_CS_fsm                                                   |   8|   0|    8|          0|
    |ap_done_reg                                                 |   1|   0|    1|          0|
    |blocks_in_chunk_reg_518                                     |  29|   0|   29|          0|
    |c_fu_148                                                    |  31|   0|   31|          0|
    |chunkSize_1_reg_482                                         |  32|   0|   32|          0|
    |crc_size_1_reg_477                                          |  32|   0|   32|          0|
    |grp_process_blocks_Pipeline_block_loop_fu_199_ap_start_reg  |   1|   0|    1|          0|
    |grp_process_blocks_Pipeline_tail_loop_fu_271_ap_start_reg   |   1|   0|    1|          0|
    |icmp_ln325_reg_492                                          |   1|   0|    1|          0|
    |init_value_2_reg_472                                        |  32|   0|   32|          0|
    |mask_1_reg_512                                              |  32|   0|   32|          0|
    |numChunks_2_reg_487                                         |  32|   0|   32|          0|
    |p_lshr_cast_cast_reg_502                                    |  28|   0|   28|          0|
    |p_lshr_f_cast_cast_reg_507                                  |  28|   0|   28|          0|
    |sub_ln329_reg_523                                           |  32|   0|   32|          0|
    |tmp_1_reg_497                                               |   1|   0|    1|          0|
    +------------------------------------------------------------+----+----+-----+-----------+
    |Total                                                       | 321|   0|  321|          0|
    +------------------------------------------------------------+----+----+-----+-----------+



================================================================
== Interface
================================================================
* Summary: 
+----------------------------+-----+-----+------------+----------------+--------------+
|          RTL Ports         | Dir | Bits|  Protocol  |  Source Object |    C Type    |
+----------------------------+-----+-----+------------+----------------+--------------+
|ap_clk                      |   in|    1|  ap_ctrl_hs|  process_blocks|  return value|
|ap_rst                      |   in|    1|  ap_ctrl_hs|  process_blocks|  return value|
|ap_start                    |   in|    1|  ap_ctrl_hs|  process_blocks|  return value|
|ap_done                     |  out|    1|  ap_ctrl_hs|  process_blocks|  return value|
|ap_continue                 |   in|    1|  ap_ctrl_hs|  process_blocks|  return value|
|ap_idle                     |  out|    1|  ap_ctrl_hs|  process_blocks|  return value|
|ap_ready                    |  out|    1|  ap_ctrl_hs|  process_blocks|  return value|
|crcTables_0_address0        |  out|    8|   ap_memory|     crcTables_0|         array|
|crcTables_0_ce0             |  out|    1|   ap_memory|     crcTables_0|         array|
|crcTables_0_q0              |   in|   32|   ap_memory|     crcTables_0|         array|
|crcTables_1_address0        |  out|    8|   ap_memory|     crcTables_1|         array|
|crcTables_1_ce0             |  out|    1|   ap_memory|     crcTables_1|         array|
|crcTables_1_q0              |   in|   32|   ap_memory|     crcTables_1|         array|
|crcTables_2_address0        |  out|    8|   ap_memory|     crcTables_2|         array|
|crcTables_2_ce0             |  out|    1|   ap_memory|     crcTables_2|         array|
|crcTables_2_q0              |   in|   32|   ap_memory|     crcTables_2|         array|
|crcTables_3_address0        |  out|    8|   ap_memory|     crcTables_3|         array|
|crcTables_3_ce0             |  out|    1|   ap_memory|     crcTables_3|         array|
|crcTables_3_q0              |   in|   32|   ap_memory|     crcTables_3|         array|
|crcTables_4_address0        |  out|    8|   ap_memory|     crcTables_4|         array|
|crcTables_4_ce0             |  out|    1|   ap_memory|     crcTables_4|         array|
|crcTables_4_q0              |   in|   32|   ap_memory|     crcTables_4|         array|
|crcTables_5_address0        |  out|    8|   ap_memory|     crcTables_5|         array|
|crcTables_5_ce0             |  out|    1|   ap_memory|     crcTables_5|         array|
|crcTables_5_q0              |   in|   32|   ap_memory|     crcTables_5|         array|
|crcTables_6_address0        |  out|    8|   ap_memory|     crcTables_6|         array|
|crcTables_6_ce0             |  out|    1|   ap_memory|     crcTables_6|         array|
|crcTables_6_q0              |   in|   32|   ap_memory|     crcTables_6|         array|
|crcTables_7_address0        |  out|    8|   ap_memory|     crcTables_7|         array|
|crcTables_7_ce0             |  out|    1|   ap_memory|     crcTables_7|         array|
|crcTables_7_q0              |   in|   32|   ap_memory|     crcTables_7|         array|
|crcTables_8_address0        |  out|    8|   ap_memory|     crcTables_8|         array|
|crcTables_8_ce0             |  out|    1|   ap_memory|     crcTables_8|         array|
|crcTables_8_q0              |   in|   32|   ap_memory|     crcTables_8|         array|
|crcTables_9_address0        |  out|    8|   ap_memory|     crcTables_9|         array|
|crcTables_9_ce0             |  out|    1|   ap_memory|     crcTables_9|         array|
|crcTables_9_q0              |   in|   32|   ap_memory|     crcTables_9|         array|
|crcTables_10_address0       |  out|    8|   ap_memory|    crcTables_10|         array|
|crcTables_10_ce0            |  out|    1|   ap_memory|    crcTables_10|         array|
|crcTables_10_q0             |   in|   32|   ap_memory|    crcTables_10|         array|
|crcTables_11_address0       |  out|    8|   ap_memory|    crcTables_11|         array|
|crcTables_11_ce0            |  out|    1|   ap_memory|    crcTables_11|         array|
|crcTables_11_q0             |   in|   32|   ap_memory|    crcTables_11|         array|
|crcTables_12_address0       |  out|    8|   ap_memory|    crcTables_12|         array|
|crcTables_12_ce0            |  out|    1|   ap_memory|    crcTables_12|         array|
|crcTables_12_q0             |   in|   32|   ap_memory|    crcTables_12|         array|
|crcTables_13_address0       |  out|    8|   ap_memory|    crcTables_13|         array|
|crcTables_13_ce0            |  out|    1|   ap_memory|    crcTables_13|         array|
|crcTables_13_q0             |   in|   32|   ap_memory|    crcTables_13|         array|
|crcTables_14_address0       |  out|    8|   ap_memory|    crcTables_14|         array|
|crcTables_14_ce0            |  out|    1|   ap_memory|    crcTables_14|         array|
|crcTables_14_q0             |   in|   32|   ap_memory|    crcTables_14|         array|
|crcTables_15_address0       |  out|    8|   ap_memory|    crcTables_15|         array|
|crcTables_15_ce0            |  out|    1|   ap_memory|    crcTables_15|         array|
|crcTables_15_q0             |   in|   32|   ap_memory|    crcTables_15|         array|
|inByte0_dout                |   in|    8|     ap_fifo|         inByte0|       pointer|
|inByte0_num_data_valid      |   in|    7|     ap_fifo|         inByte0|       pointer|
|inByte0_fifo_cap            |   in|    7|     ap_fifo|         inByte0|       pointer|
|inByte0_empty_n             |   in|    1|     ap_fifo|         inByte0|       pointer|
|inByte0_read                |  out|    1|     ap_fifo|         inByte0|       pointer|
|inByte1_dout                |   in|    8|     ap_fifo|         inByte1|       pointer|
|inByte1_num_data_valid      |   in|    7|     ap_fifo|         inByte1|       pointer|
|inByte1_fifo_cap            |   in|    7|     ap_fifo|         inByte1|       pointer|
|inByte1_empty_n             |   in|    1|     ap_fifo|         inByte1|       pointer|
|inByte1_read                |  out|    1|     ap_fifo|         inByte1|       pointer|
|inByte2_dout                |   in|    8|     ap_fifo|         inByte2|       pointer|
|inByte2_num_data_valid      |   in|    7|     ap_fifo|         inByte2|       pointer|
|inByte2_fifo_cap            |   in|    7|     ap_fifo|         inByte2|       pointer|
|inByte2_empty_n             |   in|    1|     ap_fifo|         inByte2|       pointer|
|inByte2_read                |  out|    1|     ap_fifo|         inByte2|       pointer|
|inByte3_dout                |   in|    8|     ap_fifo|         inByte3|       pointer|
|inByte3_num_data_valid      |   in|    7|     ap_fifo|         inByte3|       pointer|
|inByte3_fifo_cap            |   in|    7|     ap_fifo|         inByte3|       pointer|
|inByte3_empty_n             |   in|    1|     ap_fifo|         inByte3|       pointer|
|inByte3_read                |  out|    1|     ap_fifo|         inByte3|       pointer|
|inByte4_dout                |   in|    8|     ap_fifo|         inByte4|       pointer|
|inByte4_num_data_valid      |   in|    7|     ap_fifo|         inByte4|       pointer|
|inByte4_fifo_cap            |   in|    7|     ap_fifo|         inByte4|       pointer|
|inByte4_empty_n             |   in|    1|     ap_fifo|         inByte4|       pointer|
|inByte4_read                |  out|    1|     ap_fifo|         inByte4|       pointer|
|inByte5_dout                |   in|    8|     ap_fifo|         inByte5|       pointer|
|inByte5_num_data_valid      |   in|    7|     ap_fifo|         inByte5|       pointer|
|inByte5_fifo_cap            |   in|    7|     ap_fifo|         inByte5|       pointer|
|inByte5_empty_n             |   in|    1|     ap_fifo|         inByte5|       pointer|
|inByte5_read                |  out|    1|     ap_fifo|         inByte5|       pointer|
|inByte6_dout                |   in|    8|     ap_fifo|         inByte6|       pointer|
|inByte6_num_data_valid      |   in|    7|     ap_fifo|         inByte6|       pointer|
|inByte6_fifo_cap            |   in|    7|     ap_fifo|         inByte6|       pointer|
|inByte6_empty_n             |   in|    1|     ap_fifo|         inByte6|       pointer|
|inByte6_read                |  out|    1|     ap_fifo|         inByte6|       pointer|
|inByte7_dout                |   in|    8|     ap_fifo|         inByte7|       pointer|
|inByte7_num_data_valid      |   in|    7|     ap_fifo|         inByte7|       pointer|
|inByte7_fifo_cap            |   in|    7|     ap_fifo|         inByte7|       pointer|
|inByte7_empty_n             |   in|    1|     ap_fifo|         inByte7|       pointer|
|inByte7_read                |  out|    1|     ap_fifo|         inByte7|       pointer|
|inByte8_dout                |   in|    8|     ap_fifo|         inByte8|       pointer|
|inByte8_num_data_valid      |   in|    7|     ap_fifo|         inByte8|       pointer|
|inByte8_fifo_cap            |   in|    7|     ap_fifo|         inByte8|       pointer|
|inByte8_empty_n             |   in|    1|     ap_fifo|         inByte8|       pointer|
|inByte8_read                |  out|    1|     ap_fifo|         inByte8|       pointer|
|inByte9_dout                |   in|    8|     ap_fifo|         inByte9|       pointer|
|inByte9_num_data_valid      |   in|    7|     ap_fifo|         inByte9|       pointer|
|inByte9_fifo_cap            |   in|    7|     ap_fifo|         inByte9|       pointer|
|inByte9_empty_n             |   in|    1|     ap_fifo|         inByte9|       pointer|
|inByte9_read                |  out|    1|     ap_fifo|         inByte9|       pointer|
|inByte10_dout               |   in|    8|     ap_fifo|        inByte10|       pointer|
|inByte10_num_data_valid     |   in|    7|     ap_fifo|        inByte10|       pointer|
|inByte10_fifo_cap           |   in|    7|     ap_fifo|        inByte10|       pointer|
|inByte10_empty_n            |   in|    1|     ap_fifo|        inByte10|       pointer|
|inByte10_read               |  out|    1|     ap_fifo|        inByte10|       pointer|
|inByte11_dout               |   in|    8|     ap_fifo|        inByte11|       pointer|
|inByte11_num_data_valid     |   in|    7|     ap_fifo|        inByte11|       pointer|
|inByte11_fifo_cap           |   in|    7|     ap_fifo|        inByte11|       pointer|
|inByte11_empty_n            |   in|    1|     ap_fifo|        inByte11|       pointer|
|inByte11_read               |  out|    1|     ap_fifo|        inByte11|       pointer|
|inByte12_dout               |   in|    8|     ap_fifo|        inByte12|       pointer|
|inByte12_num_data_valid     |   in|    7|     ap_fifo|        inByte12|       pointer|
|inByte12_fifo_cap           |   in|    7|     ap_fifo|        inByte12|       pointer|
|inByte12_empty_n            |   in|    1|     ap_fifo|        inByte12|       pointer|
|inByte12_read               |  out|    1|     ap_fifo|        inByte12|       pointer|
|inByte13_dout               |   in|    8|     ap_fifo|        inByte13|       pointer|
|inByte13_num_data_valid     |   in|    7|     ap_fifo|        inByte13|       pointer|
|inByte13_fifo_cap           |   in|    7|     ap_fifo|        inByte13|       pointer|
|inByte13_empty_n            |   in|    1|     ap_fifo|        inByte13|       pointer|
|inByte13_read               |  out|    1|     ap_fifo|        inByte13|       pointer|
|inByte14_dout               |   in|    8|     ap_fifo|        inByte14|       pointer|
|inByte14_num_data_valid     |   in|    7|     ap_fifo|        inByte14|       pointer|
|inByte14_fifo_cap           |   in|    7|     ap_fifo|        inByte14|       pointer|
|inByte14_empty_n            |   in|    1|     ap_fifo|        inByte14|       pointer|
|inByte14_read               |  out|    1|     ap_fifo|        inByte14|       pointer|
|inByte15_dout               |   in|    8|     ap_fifo|        inByte15|       pointer|
|inByte15_num_data_valid     |   in|    7|     ap_fifo|        inByte15|       pointer|
|inByte15_fifo_cap           |   in|    7|     ap_fifo|        inByte15|       pointer|
|inByte15_empty_n            |   in|    1|     ap_fifo|        inByte15|       pointer|
|inByte15_read               |  out|    1|     ap_fifo|        inByte15|       pointer|
|crc_size_dout               |   in|   32|     ap_fifo|        crc_size|       pointer|
|crc_size_num_data_valid     |   in|    3|     ap_fifo|        crc_size|       pointer|
|crc_size_fifo_cap           |   in|    3|     ap_fifo|        crc_size|       pointer|
|crc_size_empty_n            |   in|    1|     ap_fifo|        crc_size|       pointer|
|crc_size_read               |  out|    1|     ap_fifo|        crc_size|       pointer|
|init_value_dout             |   in|   32|     ap_fifo|      init_value|       pointer|
|init_value_num_data_valid   |   in|    3|     ap_fifo|      init_value|       pointer|
|init_value_fifo_cap         |   in|    3|     ap_fifo|      init_value|       pointer|
|init_value_empty_n          |   in|    1|     ap_fifo|      init_value|       pointer|
|init_value_read             |  out|    1|     ap_fifo|      init_value|       pointer|
|outStream_din               |  out|   32|     ap_fifo|       outStream|       pointer|
|outStream_num_data_valid    |   in|    7|     ap_fifo|       outStream|       pointer|
|outStream_fifo_cap          |   in|    7|     ap_fifo|       outStream|       pointer|
|outStream_full_n            |   in|    1|     ap_fifo|       outStream|       pointer|
|outStream_write             |  out|    1|     ap_fifo|       outStream|       pointer|
|numChunks_dout              |   in|   32|     ap_fifo|       numChunks|       pointer|
|numChunks_num_data_valid    |   in|    2|     ap_fifo|       numChunks|       pointer|
|numChunks_fifo_cap          |   in|    2|     ap_fifo|       numChunks|       pointer|
|numChunks_empty_n           |   in|    1|     ap_fifo|       numChunks|       pointer|
|numChunks_read              |  out|    1|     ap_fifo|       numChunks|       pointer|
|chunkSize_dout              |   in|   32|     ap_fifo|       chunkSize|       pointer|
|chunkSize_num_data_valid    |   in|    2|     ap_fifo|       chunkSize|       pointer|
|chunkSize_fifo_cap          |   in|    2|     ap_fifo|       chunkSize|       pointer|
|chunkSize_empty_n           |   in|    1|     ap_fifo|       chunkSize|       pointer|
|chunkSize_read              |  out|    1|     ap_fifo|       chunkSize|       pointer|
|numChunks_c_din             |  out|   32|     ap_fifo|     numChunks_c|       pointer|
|numChunks_c_num_data_valid  |   in|    2|     ap_fifo|     numChunks_c|       pointer|
|numChunks_c_fifo_cap        |   in|    2|     ap_fifo|     numChunks_c|       pointer|
|numChunks_c_full_n          |   in|    1|     ap_fifo|     numChunks_c|       pointer|
|numChunks_c_write           |  out|    1|     ap_fifo|     numChunks_c|       pointer|
+----------------------------+-----+-----+------------+----------------+--------------+

