

================================================================
== Vitis HLS Report for 'read_input'
================================================================
* Date:           Thu Apr  2 18:17:06 2026

* Version:        2022.1 (Build 3526262 on Mon Apr 18 15:47:01 MDT 2022)
* Project:        calculate_crc
* Solution:       solution (Vitis Kernel Flow Target)
* Product family: virtexuplus
* Target device:  xcu280-fsvh2892-2L-e


================================================================
== Performance Estimates
================================================================
+ Timing: 
    * Summary: 
    +--------+---------+----------+------------+
    |  Clock |  Target | Estimated| Uncertainty|
    +--------+---------+----------+------------+
    |ap_clk  |  3.33 ns|  2.433 ns|     0.90 ns|
    +--------+---------+----------+------------+

+ Latency: 
    * Summary: 
    +---------+---------+----------+----------+-----+-----+---------+
    |  Latency (cycles) |  Latency (absolute) |  Interval | Pipeline|
    |   min   |   max   |    min   |    max   | min | max |   Type  |
    +---------+---------+----------+----------+-----+-----+---------+
    |        ?|        ?|         ?|         ?|    ?|    ?|       no|
    +---------+---------+----------+----------+-----+-----+---------+

    + Detail: 
        * Instance: 
        +---------------------------------------+----------------------------+---------+---------+----------+----------+-----+-----+---------+
        |                                       |                            |  Latency (cycles) |  Latency (absolute) |  Interval | Pipeline|
        |                Instance               |           Module           |   min   |   max   |    min   |    max   | min | max |   Type  |
        +---------------------------------------+----------------------------+---------+---------+----------+----------+-----+-----+---------+
        |grp_read_input_Pipeline_mem_rd_fu_112  |read_input_Pipeline_mem_rd  |        ?|        ?|         ?|         ?|    ?|    ?|       no|
        +---------------------------------------+----------------------------+---------+---------+----------+----------+-----+-----+---------+

        * Loop: 
        N/A



================================================================
== Utilization Estimates
================================================================
* Summary: 
+---------------------+---------+------+---------+---------+-----+
|         Name        | BRAM_18K|  DSP |    FF   |   LUT   | URAM|
+---------------------+---------+------+---------+---------+-----+
|DSP                  |        -|     -|        -|        -|    -|
|Expression           |        -|     -|        0|      128|    -|
|FIFO                 |        -|     -|        -|        -|    -|
|Instance             |        -|     3|      326|      297|    -|
|Memory               |        -|     -|        -|        -|    -|
|Multiplexer          |        -|     -|        -|      645|    -|
|Register             |        -|     -|      283|        -|    -|
+---------------------+---------+------+---------+---------+-----+
|Total                |        0|     3|      609|     1070|    0|
+---------------------+---------+------+---------+---------+-----+
|Available SLR        |     1344|  3008|   869120|   434560|  320|
+---------------------+---------+------+---------+---------+-----+
|Utilization SLR (%)  |        0|    ~0|       ~0|       ~0|    0|
+---------------------+---------+------+---------+---------+-----+
|Available            |     4032|  9024|  2607360|  1303680|  960|
+---------------------+---------+------+---------+---------+-----+
|Utilization (%)      |        0|    ~0|       ~0|       ~0|    0|
+---------------------+---------+------+---------+---------+-----+

+ Detail: 
    * Instance: 
    +---------------------------------------+----------------------------+---------+----+-----+-----+-----+
    |                Instance               |           Module           | BRAM_18K| DSP|  FF | LUT | URAM|
    +---------------------------------------+----------------------------+---------+----+-----+-----+-----+
    |mul_32s_32s_32_2_1_U58                 |mul_32s_32s_32_2_1          |        0|   3|  165|   49|    0|
    |grp_read_input_Pipeline_mem_rd_fu_112  |read_input_Pipeline_mem_rd  |        0|   0|  161|  248|    0|
    +---------------------------------------+----------------------------+---------+----+-----+-----+-----+
    |Total                                  |                            |        0|   3|  326|  297|    0|
    +---------------------------------------+----------------------------+---------+----+-----+-----+-----+

    * DSP: 
    N/A

    * Memory: 
    N/A

    * FIFO: 
    N/A

    * Expression: 
    +----------------------------------+----------+----+---+----+------------+------------+
    |           Variable Name          | Operation| DSP| FF| LUT| Bitwidth P0| Bitwidth P1|
    +----------------------------------+----------+----+---+----+------------+------------+
    |sub_ln319_1_fu_205_p2             |         -|   0|  0|  36|           1|          29|
    |sub_ln319_fu_186_p2               |         -|   0|  0|  39|           1|          32|
    |ap_block_state4_io                |       and|   0|  0|   2|           1|           1|
    |ap_block_state75_on_subcall_done  |       and|   0|  0|   2|           1|           1|
    |icmp_ln323_fu_221_p2              |      icmp|   0|  0|  18|          28|           1|
    |ap_block_state1                   |        or|   0|  0|   2|           1|           1|
    |loop_count_fu_214_p3              |    select|   0|  0|  29|           1|          29|
    +----------------------------------+----------+----+---+----+------------+------------+
    |Total                             |          |   0|  0| 128|          34|          94|
    +----------------------------------+----------+----+---+----+------------+------------+

    * Multiplexer: 
    +----------------------+-----+-----------+-----+-----------+
    |         Name         | LUT | Input Size| Bits| Total Bits|
    +----------------------+-----+-----------+-----+-----------+
    |ap_NS_fsm             |  351|         76|    1|         76|
    |ap_done               |    9|          2|    1|          2|
    |gmem0_blk_n_AR        |    9|          2|    1|          2|
    |inByte017_write       |    9|          2|    1|          2|
    |inByte1027_write      |    9|          2|    1|          2|
    |inByte1128_write      |    9|          2|    1|          2|
    |inByte118_write       |    9|          2|    1|          2|
    |inByte1229_write      |    9|          2|    1|          2|
    |inByte1330_write      |    9|          2|    1|          2|
    |inByte1431_write      |    9|          2|    1|          2|
    |inByte1532_write      |    9|          2|    1|          2|
    |inByte219_write       |    9|          2|    1|          2|
    |inByte320_write       |    9|          2|    1|          2|
    |inByte421_write       |    9|          2|    1|          2|
    |inByte522_write       |    9|          2|    1|          2|
    |inByte623_write       |    9|          2|    1|          2|
    |inByte724_write       |    9|          2|    1|          2|
    |inByte825_write       |    9|          2|    1|          2|
    |inByte926_write       |    9|          2|    1|          2|
    |m_axi_gmem0_ARADDR    |   14|          3|   64|        192|
    |m_axi_gmem0_ARBURST   |    9|          2|    2|          4|
    |m_axi_gmem0_ARCACHE   |    9|          2|    4|          8|
    |m_axi_gmem0_ARID      |    9|          2|    1|          2|
    |m_axi_gmem0_ARLEN     |   14|          3|   32|         96|
    |m_axi_gmem0_ARLOCK    |    9|          2|    2|          4|
    |m_axi_gmem0_ARPROT    |    9|          2|    3|          6|
    |m_axi_gmem0_ARQOS     |    9|          2|    4|          8|
    |m_axi_gmem0_ARREGION  |    9|          2|    4|          8|
    |m_axi_gmem0_ARSIZE    |    9|          2|    3|          6|
    |m_axi_gmem0_ARUSER    |    9|          2|    1|          2|
    |m_axi_gmem0_ARVALID   |   14|          3|    1|          3|
    |m_axi_gmem0_RREADY    |    9|          2|    1|          2|
    +----------------------+-----+-----------+-----+-----------+
    |Total                 |  645|        141|  141|        453|
    +----------------------+-----+-----------+-----+-----------+

    * Register: 
    +----------------------------------------------------+----+----+-----+-----------+
    |                        Name                        | FF | LUT| Bits| Const Bits|
    +----------------------------------------------------+----+----+-----+-----------+
    |ap_CS_fsm                                           |  75|   0|   75|          0|
    |ap_done_reg                                         |   1|   0|    1|          0|
    |grp_read_input_Pipeline_mem_rd_fu_112_ap_start_reg  |   1|   0|    1|          0|
    |icmp_ln323_reg_290                                  |   1|   0|    1|          0|
    |loop_count_reg_284                                  |  29|   0|   29|          0|
    |tmp_1_reg_279                                       |  28|   0|   28|          0|
    |tmp_reg_269                                         |   1|   0|    1|          0|
    |total_bytes_reg_264                                 |  32|   0|   32|          0|
    |trunc_ln1_reg_304                                   |  60|   0|   60|          0|
    |trunc_ln319_2_reg_274                               |  28|   0|   28|          0|
    |trunc_ln323_reg_299                                 |  27|   0|   27|          0|
    +----------------------------------------------------+----+----+-----+-----------+
    |Total                                               | 283|   0|  283|          0|
    +----------------------------------------------------+----+----+-----+-----------+



================================================================
== Interface
================================================================
* Summary: 
+---------------------------+-----+-----+------------+--------------+--------------+
|         RTL Ports         | Dir | Bits|  Protocol  | Source Object|    C Type    |
+---------------------------+-----+-----+------------+--------------+--------------+
|ap_clk                     |   in|    1|  ap_ctrl_hs|    read_input|  return value|
|ap_rst                     |   in|    1|  ap_ctrl_hs|    read_input|  return value|
|ap_start                   |   in|    1|  ap_ctrl_hs|    read_input|  return value|
|ap_done                    |  out|    1|  ap_ctrl_hs|    read_input|  return value|
|ap_continue                |   in|    1|  ap_ctrl_hs|    read_input|  return value|
|ap_idle                    |  out|    1|  ap_ctrl_hs|    read_input|  return value|
|ap_ready                   |  out|    1|  ap_ctrl_hs|    read_input|  return value|
|m_axi_gmem0_AWVALID        |  out|    1|       m_axi|         gmem0|       pointer|
|m_axi_gmem0_AWREADY        |   in|    1|       m_axi|         gmem0|       pointer|
|m_axi_gmem0_AWADDR         |  out|   64|       m_axi|         gmem0|       pointer|
|m_axi_gmem0_AWID           |  out|    1|       m_axi|         gmem0|       pointer|
|m_axi_gmem0_AWLEN          |  out|   32|       m_axi|         gmem0|       pointer|
|m_axi_gmem0_AWSIZE         |  out|    3|       m_axi|         gmem0|       pointer|
|m_axi_gmem0_AWBURST        |  out|    2|       m_axi|         gmem0|       pointer|
|m_axi_gmem0_AWLOCK         |  out|    2|       m_axi|         gmem0|       pointer|
|m_axi_gmem0_AWCACHE        |  out|    4|       m_axi|         gmem0|       pointer|
|m_axi_gmem0_AWPROT         |  out|    3|       m_axi|         gmem0|       pointer|
|m_axi_gmem0_AWQOS          |  out|    4|       m_axi|         gmem0|       pointer|
|m_axi_gmem0_AWREGION       |  out|    4|       m_axi|         gmem0|       pointer|
|m_axi_gmem0_AWUSER         |  out|    1|       m_axi|         gmem0|       pointer|
|m_axi_gmem0_WVALID         |  out|    1|       m_axi|         gmem0|       pointer|
|m_axi_gmem0_WREADY         |   in|    1|       m_axi|         gmem0|       pointer|
|m_axi_gmem0_WDATA          |  out|  128|       m_axi|         gmem0|       pointer|
|m_axi_gmem0_WSTRB          |  out|   16|       m_axi|         gmem0|       pointer|
|m_axi_gmem0_WLAST          |  out|    1|       m_axi|         gmem0|       pointer|
|m_axi_gmem0_WID            |  out|    1|       m_axi|         gmem0|       pointer|
|m_axi_gmem0_WUSER          |  out|    1|       m_axi|         gmem0|       pointer|
|m_axi_gmem0_ARVALID        |  out|    1|       m_axi|         gmem0|       pointer|
|m_axi_gmem0_ARREADY        |   in|    1|       m_axi|         gmem0|       pointer|
|m_axi_gmem0_ARADDR         |  out|   64|       m_axi|         gmem0|       pointer|
|m_axi_gmem0_ARID           |  out|    1|       m_axi|         gmem0|       pointer|
|m_axi_gmem0_ARLEN          |  out|   32|       m_axi|         gmem0|       pointer|
|m_axi_gmem0_ARSIZE         |  out|    3|       m_axi|         gmem0|       pointer|
|m_axi_gmem0_ARBURST        |  out|    2|       m_axi|         gmem0|       pointer|
|m_axi_gmem0_ARLOCK         |  out|    2|       m_axi|         gmem0|       pointer|
|m_axi_gmem0_ARCACHE        |  out|    4|       m_axi|         gmem0|       pointer|
|m_axi_gmem0_ARPROT         |  out|    3|       m_axi|         gmem0|       pointer|
|m_axi_gmem0_ARQOS          |  out|    4|       m_axi|         gmem0|       pointer|
|m_axi_gmem0_ARREGION       |  out|    4|       m_axi|         gmem0|       pointer|
|m_axi_gmem0_ARUSER         |  out|    1|       m_axi|         gmem0|       pointer|
|m_axi_gmem0_RVALID         |   in|    1|       m_axi|         gmem0|       pointer|
|m_axi_gmem0_RREADY         |  out|    1|       m_axi|         gmem0|       pointer|
|m_axi_gmem0_RDATA          |   in|  128|       m_axi|         gmem0|       pointer|
|m_axi_gmem0_RLAST          |   in|    1|       m_axi|         gmem0|       pointer|
|m_axi_gmem0_RID            |   in|    1|       m_axi|         gmem0|       pointer|
|m_axi_gmem0_RFIFONUM       |   in|    9|       m_axi|         gmem0|       pointer|
|m_axi_gmem0_RUSER          |   in|    1|       m_axi|         gmem0|       pointer|
|m_axi_gmem0_RRESP          |   in|    2|       m_axi|         gmem0|       pointer|
|m_axi_gmem0_BVALID         |   in|    1|       m_axi|         gmem0|       pointer|
|m_axi_gmem0_BREADY         |  out|    1|       m_axi|         gmem0|       pointer|
|m_axi_gmem0_BRESP          |   in|    2|       m_axi|         gmem0|       pointer|
|m_axi_gmem0_BID            |   in|    1|       m_axi|         gmem0|       pointer|
|m_axi_gmem0_BUSER          |   in|    1|       m_axi|         gmem0|       pointer|
|in_r                       |   in|   64|     ap_none|          in_r|        scalar|
|inByte017_din              |  out|    8|     ap_fifo|     inByte017|       pointer|
|inByte017_num_data_valid   |   in|    7|     ap_fifo|     inByte017|       pointer|
|inByte017_fifo_cap         |   in|    7|     ap_fifo|     inByte017|       pointer|
|inByte017_full_n           |   in|    1|     ap_fifo|     inByte017|       pointer|
|inByte017_write            |  out|    1|     ap_fifo|     inByte017|       pointer|
|inByte118_din              |  out|    8|     ap_fifo|     inByte118|       pointer|
|inByte118_num_data_valid   |   in|    7|     ap_fifo|     inByte118|       pointer|
|inByte118_fifo_cap         |   in|    7|     ap_fifo|     inByte118|       pointer|
|inByte118_full_n           |   in|    1|     ap_fifo|     inByte118|       pointer|
|inByte118_write            |  out|    1|     ap_fifo|     inByte118|       pointer|
|inByte219_din              |  out|    8|     ap_fifo|     inByte219|       pointer|
|inByte219_num_data_valid   |   in|    7|     ap_fifo|     inByte219|       pointer|
|inByte219_fifo_cap         |   in|    7|     ap_fifo|     inByte219|       pointer|
|inByte219_full_n           |   in|    1|     ap_fifo|     inByte219|       pointer|
|inByte219_write            |  out|    1|     ap_fifo|     inByte219|       pointer|
|inByte320_din              |  out|    8|     ap_fifo|     inByte320|       pointer|
|inByte320_num_data_valid   |   in|    7|     ap_fifo|     inByte320|       pointer|
|inByte320_fifo_cap         |   in|    7|     ap_fifo|     inByte320|       pointer|
|inByte320_full_n           |   in|    1|     ap_fifo|     inByte320|       pointer|
|inByte320_write            |  out|    1|     ap_fifo|     inByte320|       pointer|
|inByte421_din              |  out|    8|     ap_fifo|     inByte421|       pointer|
|inByte421_num_data_valid   |   in|    7|     ap_fifo|     inByte421|       pointer|
|inByte421_fifo_cap         |   in|    7|     ap_fifo|     inByte421|       pointer|
|inByte421_full_n           |   in|    1|     ap_fifo|     inByte421|       pointer|
|inByte421_write            |  out|    1|     ap_fifo|     inByte421|       pointer|
|inByte522_din              |  out|    8|     ap_fifo|     inByte522|       pointer|
|inByte522_num_data_valid   |   in|    7|     ap_fifo|     inByte522|       pointer|
|inByte522_fifo_cap         |   in|    7|     ap_fifo|     inByte522|       pointer|
|inByte522_full_n           |   in|    1|     ap_fifo|     inByte522|       pointer|
|inByte522_write            |  out|    1|     ap_fifo|     inByte522|       pointer|
|inByte623_din              |  out|    8|     ap_fifo|     inByte623|       pointer|
|inByte623_num_data_valid   |   in|    7|     ap_fifo|     inByte623|       pointer|
|inByte623_fifo_cap         |   in|    7|     ap_fifo|     inByte623|       pointer|
|inByte623_full_n           |   in|    1|     ap_fifo|     inByte623|       pointer|
|inByte623_write            |  out|    1|     ap_fifo|     inByte623|       pointer|
|inByte724_din              |  out|    8|     ap_fifo|     inByte724|       pointer|
|inByte724_num_data_valid   |   in|    7|     ap_fifo|     inByte724|       pointer|
|inByte724_fifo_cap         |   in|    7|     ap_fifo|     inByte724|       pointer|
|inByte724_full_n           |   in|    1|     ap_fifo|     inByte724|       pointer|
|inByte724_write            |  out|    1|     ap_fifo|     inByte724|       pointer|
|inByte825_din              |  out|    8|     ap_fifo|     inByte825|       pointer|
|inByte825_num_data_valid   |   in|    7|     ap_fifo|     inByte825|       pointer|
|inByte825_fifo_cap         |   in|    7|     ap_fifo|     inByte825|       pointer|
|inByte825_full_n           |   in|    1|     ap_fifo|     inByte825|       pointer|
|inByte825_write            |  out|    1|     ap_fifo|     inByte825|       pointer|
|inByte926_din              |  out|    8|     ap_fifo|     inByte926|       pointer|
|inByte926_num_data_valid   |   in|    7|     ap_fifo|     inByte926|       pointer|
|inByte926_fifo_cap         |   in|    7|     ap_fifo|     inByte926|       pointer|
|inByte926_full_n           |   in|    1|     ap_fifo|     inByte926|       pointer|
|inByte926_write            |  out|    1|     ap_fifo|     inByte926|       pointer|
|inByte1027_din             |  out|    8|     ap_fifo|    inByte1027|       pointer|
|inByte1027_num_data_valid  |   in|    7|     ap_fifo|    inByte1027|       pointer|
|inByte1027_fifo_cap        |   in|    7|     ap_fifo|    inByte1027|       pointer|
|inByte1027_full_n          |   in|    1|     ap_fifo|    inByte1027|       pointer|
|inByte1027_write           |  out|    1|     ap_fifo|    inByte1027|       pointer|
|inByte1128_din             |  out|    8|     ap_fifo|    inByte1128|       pointer|
|inByte1128_num_data_valid  |   in|    7|     ap_fifo|    inByte1128|       pointer|
|inByte1128_fifo_cap        |   in|    7|     ap_fifo|    inByte1128|       pointer|
|inByte1128_full_n          |   in|    1|     ap_fifo|    inByte1128|       pointer|
|inByte1128_write           |  out|    1|     ap_fifo|    inByte1128|       pointer|
|inByte1229_din             |  out|    8|     ap_fifo|    inByte1229|       pointer|
|inByte1229_num_data_valid  |   in|    7|     ap_fifo|    inByte1229|       pointer|
|inByte1229_fifo_cap        |   in|    7|     ap_fifo|    inByte1229|       pointer|
|inByte1229_full_n          |   in|    1|     ap_fifo|    inByte1229|       pointer|
|inByte1229_write           |  out|    1|     ap_fifo|    inByte1229|       pointer|
|inByte1330_din             |  out|    8|     ap_fifo|    inByte1330|       pointer|
|inByte1330_num_data_valid  |   in|    7|     ap_fifo|    inByte1330|       pointer|
|inByte1330_fifo_cap        |   in|    7|     ap_fifo|    inByte1330|       pointer|
|inByte1330_full_n          |   in|    1|     ap_fifo|    inByte1330|       pointer|
|inByte1330_write           |  out|    1|     ap_fifo|    inByte1330|       pointer|
|inByte1431_din             |  out|    8|     ap_fifo|    inByte1431|       pointer|
|inByte1431_num_data_valid  |   in|    7|     ap_fifo|    inByte1431|       pointer|
|inByte1431_fifo_cap        |   in|    7|     ap_fifo|    inByte1431|       pointer|
|inByte1431_full_n          |   in|    1|     ap_fifo|    inByte1431|       pointer|
|inByte1431_write           |  out|    1|     ap_fifo|    inByte1431|       pointer|
|inByte1532_din             |  out|    8|     ap_fifo|    inByte1532|       pointer|
|inByte1532_num_data_valid  |   in|    7|     ap_fifo|    inByte1532|       pointer|
|inByte1532_fifo_cap        |   in|    7|     ap_fifo|    inByte1532|       pointer|
|inByte1532_full_n          |   in|    1|     ap_fifo|    inByte1532|       pointer|
|inByte1532_write           |  out|    1|     ap_fifo|    inByte1532|       pointer|
|numChunks                  |   in|   32|     ap_none|     numChunks|        scalar|
|chunkSize                  |   in|   32|     ap_none|     chunkSize|        scalar|
+---------------------------+-----+-----+------------+--------------+--------------+

