

================================================================
== Vitis HLS Report for 'read_input_Pipeline_mem_rd'
================================================================
* Date:           Thu Apr  2 18:17:06 2026

* Version:        2022.1 (Build 3526262 on Mon Apr 18 15:47:01 MDT 2022)
* Project:        calculate_crc
* Solution:       solution (Vitis Kernel Flow Target)
* Product family: virtexuplus
* Target device:  xcu280-fsvh2892-2L-e


================================================================
== Performance Estimates
================================================================
+ Timing: 
    * Summary: 
    +--------+---------+----------+------------+
    |  Clock |  Target | Estimated| Uncertainty|
    +--------+---------+----------+------------+
    |ap_clk  |  3.33 ns|  2.433 ns|     0.90 ns|
    +--------+---------+----------+------------+

+ Latency: 
    * Summary: 
    +---------+---------+----------+----------+-----+-----+---------+
    |  Latency (cycles) |  Latency (absolute) |  Interval | Pipeline|
    |   min   |   max   |    min   |    max   | min | max |   Type  |
    +---------+---------+----------+----------+-----+-----+---------+
    |        ?|        ?|         ?|         ?|    ?|    ?|       no|
    +---------+---------+----------+----------+-----+-----+---------+

    + Detail: 
        * Instance: 
        N/A

        * Loop: 
        +----------+---------+---------+----------+-----------+-----------+------+----------+
        |          |  Latency (cycles) | Iteration|  Initiation Interval  | Trip |          |
        | Loop Name|   min   |   max   |  Latency |  achieved |   target  | Count| Pipelined|
        +----------+---------+---------+----------+-----------+-----------+------+----------+
        |- mem_rd  |        ?|        ?|         3|          1|          1|     ?|       yes|
        +----------+---------+---------+----------+-----------+-----------+------+----------+



================================================================
== Utilization Estimates
================================================================
* Summary: 
+---------------------+---------+------+---------+---------+-----+
|         Name        | BRAM_18K|  DSP |    FF   |   LUT   | URAM|
+---------------------+---------+------+---------+---------+-----+
|DSP                  |        -|     -|        -|        -|    -|
|Expression           |        -|     -|        0|       59|    -|
|FIFO                 |        -|     -|        -|        -|    -|
|Instance             |        -|     -|        -|        -|    -|
|Memory               |        -|     -|        -|        -|    -|
|Multiplexer          |        -|     -|        -|      189|    -|
|Register             |        -|     -|      161|        -|    -|
+---------------------+---------+------+---------+---------+-----+
|Total                |        0|     0|      161|      248|    0|
+---------------------+---------+------+---------+---------+-----+
|Available SLR        |     1344|  3008|   869120|   434560|  320|
+---------------------+---------+------+---------+---------+-----+
|Utilization SLR (%)  |        0|     0|       ~0|       ~0|    0|
+---------------------+---------+------+---------+---------+-----+
|Available            |     4032|  9024|  2607360|  1303680|  960|
+---------------------+---------+------+---------+---------+-----+
|Utilization (%)      |        0|     0|       ~0|       ~0|    0|
+---------------------+---------+------+---------+---------+-----+

+ Detail: 
    * Instance: 
    N/A

    * DSP: 
    N/A

    * Memory: 
    N/A

    * FIFO: 
    N/A

    * Expression: 
    +----------------------------------+----------+----+---+----+------------+------------+
    |           Variable Name          | Operation| DSP| FF| LUT| Bitwidth P0| Bitwidth P1|
    +----------------------------------+----------+----+---+----+------------+------------+
    |add_ln323_fu_289_p2               |         +|   0|  0|  34|          27|           1|
    |ap_block_state2_pp0_stage0_iter1  |       and|   0|  0|   2|           1|           1|
    |icmp_ln323_fu_283_p2              |      icmp|   0|  0|  17|          27|          27|
    |ap_block_pp0_stage0_01001         |        or|   0|  0|   2|           1|           1|
    |ap_block_state3_pp0_stage0_iter2  |        or|   0|  0|   2|           1|           1|
    |ap_enable_pp0                     |       xor|   0|  0|   2|           1|           2|
    +----------------------------------+----------+----+---+----+------------+------------+
    |Total                             |          |   0|  0|  59|          58|          33|
    +----------------------------------+----------+----+---+----+------------+------------+

    * Multiplexer: 
    +-------------------------+----+-----------+-----+-----------+
    |           Name          | LUT| Input Size| Bits| Total Bits|
    +-------------------------+----+-----------+-----+-----------+
    |ap_done_int              |   9|          2|    1|          2|
    |ap_enable_reg_pp0_iter2  |   9|          2|    1|          2|
    |ap_sig_allocacmp_i_2     |   9|          2|   27|         54|
    |gmem0_blk_n_R            |   9|          2|    1|          2|
    |i_fu_138                 |   9|          2|   27|         54|
    |inByte017_blk_n          |   9|          2|    1|          2|
    |inByte1027_blk_n         |   9|          2|    1|          2|
    |inByte1128_blk_n         |   9|          2|    1|          2|
    |inByte118_blk_n          |   9|          2|    1|          2|
    |inByte1229_blk_n         |   9|          2|    1|          2|
    |inByte1330_blk_n         |   9|          2|    1|          2|
    |inByte1431_blk_n         |   9|          2|    1|          2|
    |inByte1532_blk_n         |   9|          2|    1|          2|
    |inByte219_blk_n          |   9|          2|    1|          2|
    |inByte320_blk_n          |   9|          2|    1|          2|
    |inByte421_blk_n          |   9|          2|    1|          2|
    |inByte522_blk_n          |   9|          2|    1|          2|
    |inByte623_blk_n          |   9|          2|    1|          2|
    |inByte724_blk_n          |   9|          2|    1|          2|
    |inByte825_blk_n          |   9|          2|    1|          2|
    |inByte926_blk_n          |   9|          2|    1|          2|
    +-------------------------+----+-----------+-----+-----------+
    |Total                    | 189|         42|   73|        146|
    +-------------------------+----+-----------+-----+-----------+

    * Register: 
    +----------------------------------+----+----+-----+-----------+
    |               Name               | FF | LUT| Bits| Const Bits|
    +----------------------------------+----+----+-----+-----------+
    |ap_CS_fsm                         |   1|   0|    1|          0|
    |ap_done_reg                       |   1|   0|    1|          0|
    |ap_enable_reg_pp0_iter1           |   1|   0|    1|          0|
    |ap_enable_reg_pp0_iter2           |   1|   0|    1|          0|
    |ap_loop_exit_ready_pp0_iter1_reg  |   1|   0|    1|          0|
    |i_fu_138                          |  27|   0|   27|          0|
    |icmp_ln323_reg_472                |   1|   0|    1|          0|
    |p_10_reg_531                      |   8|   0|    8|          0|
    |p_11_reg_536                      |   8|   0|    8|          0|
    |p_12_reg_541                      |   8|   0|    8|          0|
    |p_13_reg_546                      |   8|   0|    8|          0|
    |p_14_reg_551                      |   8|   0|    8|          0|
    |p_1_reg_486                       |   8|   0|    8|          0|
    |p_2_reg_491                       |   8|   0|    8|          0|
    |p_3_reg_496                       |   8|   0|    8|          0|
    |p_4_reg_501                       |   8|   0|    8|          0|
    |p_5_reg_506                       |   8|   0|    8|          0|
    |p_6_reg_511                       |   8|   0|    8|          0|
    |p_7_reg_516                       |   8|   0|    8|          0|
    |p_8_reg_521                       |   8|   0|    8|          0|
    |p_9_reg_526                       |   8|   0|    8|          0|
    |p_s_reg_481                       |   8|   0|    8|          0|
    |trunc_ln674_reg_476               |   8|   0|    8|          0|
    +----------------------------------+----+----+-----+-----------+
    |Total                             | 161|   0|  161|          0|
    +----------------------------------+----+----+-----+-----------+



================================================================
== Interface
================================================================
* Summary: 
+---------------------------+-----+-----+------------+----------------------------+--------------+
|         RTL Ports         | Dir | Bits|  Protocol  |        Source Object       |    C Type    |
+---------------------------+-----+-----+------------+----------------------------+--------------+
|ap_clk                     |   in|    1|  ap_ctrl_hs|  read_input_Pipeline_mem_rd|  return value|
|ap_rst                     |   in|    1|  ap_ctrl_hs|  read_input_Pipeline_mem_rd|  return value|
|ap_start                   |   in|    1|  ap_ctrl_hs|  read_input_Pipeline_mem_rd|  return value|
|ap_done                    |  out|    1|  ap_ctrl_hs|  read_input_Pipeline_mem_rd|  return value|
|ap_idle                    |  out|    1|  ap_ctrl_hs|  read_input_Pipeline_mem_rd|  return value|
|ap_ready                   |  out|    1|  ap_ctrl_hs|  read_input_Pipeline_mem_rd|  return value|
|m_axi_gmem0_AWVALID        |  out|    1|       m_axi|                       gmem0|       pointer|
|m_axi_gmem0_AWREADY        |   in|    1|       m_axi|                       gmem0|       pointer|
|m_axi_gmem0_AWADDR         |  out|   64|       m_axi|                       gmem0|       pointer|
|m_axi_gmem0_AWID           |  out|    1|       m_axi|                       gmem0|       pointer|
|m_axi_gmem0_AWLEN          |  out|   32|       m_axi|                       gmem0|       pointer|
|m_axi_gmem0_AWSIZE         |  out|    3|       m_axi|                       gmem0|       pointer|
|m_axi_gmem0_AWBURST        |  out|    2|       m_axi|                       gmem0|       pointer|
|m_axi_gmem0_AWLOCK         |  out|    2|       m_axi|                       gmem0|       pointer|
|m_axi_gmem0_AWCACHE        |  out|    4|       m_axi|                       gmem0|       pointer|
|m_axi_gmem0_AWPROT         |  out|    3|       m_axi|                       gmem0|       pointer|
|m_axi_gmem0_AWQOS          |  out|    4|       m_axi|                       gmem0|       pointer|
|m_axi_gmem0_AWREGION       |  out|    4|       m_axi|                       gmem0|       pointer|
|m_axi_gmem0_AWUSER         |  out|    1|       m_axi|                       gmem0|       pointer|
|m_axi_gmem0_WVALID         |  out|    1|       m_axi|                       gmem0|       pointer|
|m_axi_gmem0_WREADY         |   in|    1|       m_axi|                       gmem0|       pointer|
|m_axi_gmem0_WDATA          |  out|  128|       m_axi|                       gmem0|       pointer|
|m_axi_gmem0_WSTRB          |  out|   16|       m_axi|                       gmem0|       pointer|
|m_axi_gmem0_WLAST          |  out|    1|       m_axi|                       gmem0|       pointer|
|m_axi_gmem0_WID            |  out|    1|       m_axi|                       gmem0|       pointer|
|m_axi_gmem0_WUSER          |  out|    1|       m_axi|                       gmem0|       pointer|
|m_axi_gmem0_ARVALID        |  out|    1|       m_axi|                       gmem0|       pointer|
|m_axi_gmem0_ARREADY        |   in|    1|       m_axi|                       gmem0|       pointer|
|m_axi_gmem0_ARADDR         |  out|   64|       m_axi|                       gmem0|       pointer|
|m_axi_gmem0_ARID           |  out|    1|       m_axi|                       gmem0|       pointer|
|m_axi_gmem0_ARLEN          |  out|   32|       m_axi|                       gmem0|       pointer|
|m_axi_gmem0_ARSIZE         |  out|    3|       m_axi|                       gmem0|       pointer|
|m_axi_gmem0_ARBURST        |  out|    2|       m_axi|                       gmem0|       pointer|
|m_axi_gmem0_ARLOCK         |  out|    2|       m_axi|                       gmem0|       pointer|
|m_axi_gmem0_ARCACHE        |  out|    4|       m_axi|                       gmem0|       pointer|
|m_axi_gmem0_ARPROT         |  out|    3|       m_axi|                       gmem0|       pointer|
|m_axi_gmem0_ARQOS          |  out|    4|       m_axi|                       gmem0|       pointer|
|m_axi_gmem0_ARREGION       |  out|    4|       m_axi|                       gmem0|       pointer|
|m_axi_gmem0_ARUSER         |  out|    1|       m_axi|                       gmem0|       pointer|
|m_axi_gmem0_RVALID         |   in|    1|       m_axi|                       gmem0|       pointer|
|m_axi_gmem0_RREADY         |  out|    1|       m_axi|                       gmem0|       pointer|
|m_axi_gmem0_RDATA          |   in|  128|       m_axi|                       gmem0|       pointer|
|m_axi_gmem0_RLAST          |   in|    1|       m_axi|                       gmem0|       pointer|
|m_axi_gmem0_RID            |   in|    1|       m_axi|                       gmem0|       pointer|
|m_axi_gmem0_RFIFONUM       |   in|    9|       m_axi|                       gmem0|       pointer|
|m_axi_gmem0_RUSER          |   in|    1|       m_axi|                       gmem0|       pointer|
|m_axi_gmem0_RRESP          |   in|    2|       m_axi|                       gmem0|       pointer|
|m_axi_gmem0_BVALID         |   in|    1|       m_axi|                       gmem0|       pointer|
|m_axi_gmem0_BREADY         |  out|    1|       m_axi|                       gmem0|       pointer|
|m_axi_gmem0_BRESP          |   in|    2|       m_axi|                       gmem0|       pointer|
|m_axi_gmem0_BID            |   in|    1|       m_axi|                       gmem0|       pointer|
|m_axi_gmem0_BUSER          |   in|    1|       m_axi|                       gmem0|       pointer|
|inByte017_din              |  out|    8|     ap_fifo|                   inByte017|       pointer|
|inByte017_num_data_valid   |   in|    7|     ap_fifo|                   inByte017|       pointer|
|inByte017_fifo_cap         |   in|    7|     ap_fifo|                   inByte017|       pointer|
|inByte017_full_n           |   in|    1|     ap_fifo|                   inByte017|       pointer|
|inByte017_write            |  out|    1|     ap_fifo|                   inByte017|       pointer|
|inByte118_din              |  out|    8|     ap_fifo|                   inByte118|       pointer|
|inByte118_num_data_valid   |   in|    7|     ap_fifo|                   inByte118|       pointer|
|inByte118_fifo_cap         |   in|    7|     ap_fifo|                   inByte118|       pointer|
|inByte118_full_n           |   in|    1|     ap_fifo|                   inByte118|       pointer|
|inByte118_write            |  out|    1|     ap_fifo|                   inByte118|       pointer|
|inByte219_din              |  out|    8|     ap_fifo|                   inByte219|       pointer|
|inByte219_num_data_valid   |   in|    7|     ap_fifo|                   inByte219|       pointer|
|inByte219_fifo_cap         |   in|    7|     ap_fifo|                   inByte219|       pointer|
|inByte219_full_n           |   in|    1|     ap_fifo|                   inByte219|       pointer|
|inByte219_write            |  out|    1|     ap_fifo|                   inByte219|       pointer|
|inByte320_din              |  out|    8|     ap_fifo|                   inByte320|       pointer|
|inByte320_num_data_valid   |   in|    7|     ap_fifo|                   inByte320|       pointer|
|inByte320_fifo_cap         |   in|    7|     ap_fifo|                   inByte320|       pointer|
|inByte320_full_n           |   in|    1|     ap_fifo|                   inByte320|       pointer|
|inByte320_write            |  out|    1|     ap_fifo|                   inByte320|       pointer|
|inByte421_din              |  out|    8|     ap_fifo|                   inByte421|       pointer|
|inByte421_num_data_valid   |   in|    7|     ap_fifo|                   inByte421|       pointer|
|inByte421_fifo_cap         |   in|    7|     ap_fifo|                   inByte421|       pointer|
|inByte421_full_n           |   in|    1|     ap_fifo|                   inByte421|       pointer|
|inByte421_write            |  out|    1|     ap_fifo|                   inByte421|       pointer|
|inByte522_din              |  out|    8|     ap_fifo|                   inByte522|       pointer|
|inByte522_num_data_valid   |   in|    7|     ap_fifo|                   inByte522|       pointer|
|inByte522_fifo_cap         |   in|    7|     ap_fifo|                   inByte522|       pointer|
|inByte522_full_n           |   in|    1|     ap_fifo|                   inByte522|       pointer|
|inByte522_write            |  out|    1|     ap_fifo|                   inByte522|       pointer|
|inByte623_din              |  out|    8|     ap_fifo|                   inByte623|       pointer|
|inByte623_num_data_valid   |   in|    7|     ap_fifo|                   inByte623|       pointer|
|inByte623_fifo_cap         |   in|    7|     ap_fifo|                   inByte623|       pointer|
|inByte623_full_n           |   in|    1|     ap_fifo|                   inByte623|       pointer|
|inByte623_write            |  out|    1|     ap_fifo|                   inByte623|       pointer|
|inByte724_din              |  out|    8|     ap_fifo|                   inByte724|       pointer|
|inByte724_num_data_valid   |   in|    7|     ap_fifo|                   inByte724|       pointer|
|inByte724_fifo_cap         |   in|    7|     ap_fifo|                   inByte724|       pointer|
|inByte724_full_n           |   in|    1|     ap_fifo|                   inByte724|       pointer|
|inByte724_write            |  out|    1|     ap_fifo|                   inByte724|       pointer|
|inByte825_din              |  out|    8|     ap_fifo|                   inByte825|       pointer|
|inByte825_num_data_valid   |   in|    7|     ap_fifo|                   inByte825|       pointer|
|inByte825_fifo_cap         |   in|    7|     ap_fifo|                   inByte825|       pointer|
|inByte825_full_n           |   in|    1|     ap_fifo|                   inByte825|       pointer|
|inByte825_write            |  out|    1|     ap_fifo|                   inByte825|       pointer|
|inByte926_din              |  out|    8|     ap_fifo|                   inByte926|       pointer|
|inByte926_num_data_valid   |   in|    7|     ap_fifo|                   inByte926|       pointer|
|inByte926_fifo_cap         |   in|    7|     ap_fifo|                   inByte926|       pointer|
|inByte926_full_n           |   in|    1|     ap_fifo|                   inByte926|       pointer|
|inByte926_write            |  out|    1|     ap_fifo|                   inByte926|       pointer|
|inByte1027_din             |  out|    8|     ap_fifo|                  inByte1027|       pointer|
|inByte1027_num_data_valid  |   in|    7|     ap_fifo|                  inByte1027|       pointer|
|inByte1027_fifo_cap        |   in|    7|     ap_fifo|                  inByte1027|       pointer|
|inByte1027_full_n          |   in|    1|     ap_fifo|                  inByte1027|       pointer|
|inByte1027_write           |  out|    1|     ap_fifo|                  inByte1027|       pointer|
|inByte1128_din             |  out|    8|     ap_fifo|                  inByte1128|       pointer|
|inByte1128_num_data_valid  |   in|    7|     ap_fifo|                  inByte1128|       pointer|
|inByte1128_fifo_cap        |   in|    7|     ap_fifo|                  inByte1128|       pointer|
|inByte1128_full_n          |   in|    1|     ap_fifo|                  inByte1128|       pointer|
|inByte1128_write           |  out|    1|     ap_fifo|                  inByte1128|       pointer|
|inByte1229_din             |  out|    8|     ap_fifo|                  inByte1229|       pointer|
|inByte1229_num_data_valid  |   in|    7|     ap_fifo|                  inByte1229|       pointer|
|inByte1229_fifo_cap        |   in|    7|     ap_fifo|                  inByte1229|       pointer|
|inByte1229_full_n          |   in|    1|     ap_fifo|                  inByte1229|       pointer|
|inByte1229_write           |  out|    1|     ap_fifo|                  inByte1229|       pointer|
|inByte1330_din             |  out|    8|     ap_fifo|                  inByte1330|       pointer|
|inByte1330_num_data_valid  |   in|    7|     ap_fifo|                  inByte1330|       pointer|
|inByte1330_fifo_cap        |   in|    7|     ap_fifo|                  inByte1330|       pointer|
|inByte1330_full_n          |   in|    1|     ap_fifo|                  inByte1330|       pointer|
|inByte1330_write           |  out|    1|     ap_fifo|                  inByte1330|       pointer|
|inByte1431_din             |  out|    8|     ap_fifo|                  inByte1431|       pointer|
|inByte1431_num_data_valid  |   in|    7|     ap_fifo|                  inByte1431|       pointer|
|inByte1431_fifo_cap        |   in|    7|     ap_fifo|                  inByte1431|       pointer|
|inByte1431_full_n          |   in|    1|     ap_fifo|                  inByte1431|       pointer|
|inByte1431_write           |  out|    1|     ap_fifo|                  inByte1431|       pointer|
|inByte1532_din             |  out|    8|     ap_fifo|                  inByte1532|       pointer|
|inByte1532_num_data_valid  |   in|    7|     ap_fifo|                  inByte1532|       pointer|
|inByte1532_fifo_cap        |   in|    7|     ap_fifo|                  inByte1532|       pointer|
|inByte1532_full_n          |   in|    1|     ap_fifo|                  inByte1532|       pointer|
|inByte1532_write           |  out|    1|     ap_fifo|                  inByte1532|       pointer|
|sext_ln323                 |   in|   60|     ap_none|                  sext_ln323|        scalar|
|trunc_ln323_1              |   in|   27|     ap_none|               trunc_ln323_1|        scalar|
+---------------------------+-----+-----+------------+----------------------------+--------------+

