

================================================================
== Vitis HLS Report for 'calculate_sha256'
================================================================
* Date:           Mon Feb 16 01:33:43 2026

* Version:        2023.1 (Build 3854077 on May  4 2023)
* Project:        calculate_sha256
* Solution:       solution (Vitis Kernel Flow Target)
* Product family: virtexuplusHBM
* Target device:  xcu280-fsvh2892-2L-e


================================================================
== Performance Estimates
================================================================
+ Timing: 
    * Summary: 
    +--------+---------+----------+------------+
    |  Clock |  Target | Estimated| Uncertainty|
    +--------+---------+----------+------------+
    |ap_clk  |  3.33 ns|  3.429 ns|     0.90 ns|
    +--------+---------+----------+------------+

+ Latency: 
    * Summary: 
    +---------+---------+----------+----------+-----+-----+---------+
    |  Latency (cycles) |  Latency (absolute) |  Interval | Pipeline|
    |   min   |   max   |    min   |    max   | min | max |   Type  |
    +---------+---------+----------+----------+-----+-----+---------+
    |        ?|        ?|         ?|         ?|    ?|    ?|       no|
    +---------+---------+----------+----------+-----+-----+---------+

    + Detail: 
        * Instance: 
        +--------------------------------------------------------+---------------------------------------------+---------+-------------+----------+------------+-----+-------------+---------+
        |                                                        |                                             |    Latency (cycles)   |   Latency (absolute)  |      Interval     | Pipeline|
        |                        Instance                        |                    Module                   |   min   |     max     |    min   |     max    | min |     max     |   Type  |
        +--------------------------------------------------------+---------------------------------------------+---------+-------------+----------+------------+-----+-------------+---------+
        |grp_sha256_process_chunk_fu_106                         |sha256_process_chunk                         |      323|  22749905249|  1.108 us|  78.006 sec|  323|  22749905249|       no|
        |grp_calculate_sha256_Pipeline_hash_write_digest_fu_116  |calculate_sha256_Pipeline_hash_write_digest  |       79|           79|  0.263 us|    0.263 us|   79|           79|       no|
        +--------------------------------------------------------+---------------------------------------------+---------+-------------+----------+------------+-----+-------------+---------+

        * Loop: 
        +-------------------+---------+---------+-------------------+-----------+-----------+------+----------+
        |                   |  Latency (cycles) |     Iteration     |  Initiation Interval  | Trip |          |
        |     Loop Name     |   min   |   max   |      Latency      |  achieved |   target  | Count| Pipelined|
        +-------------------+---------+---------+-------------------+-----------+-----------+------+----------+
        |- hash_chunk_loop  |        ?|        ?|  407 ~ 22749905333|          -|          -|     ?|        no|
        +-------------------+---------+---------+-------------------+-----------+-----------+------+----------+



================================================================
== Utilization Estimates
================================================================
* Summary: 
+---------------------+---------+------+---------+---------+-----+
|         Name        | BRAM_18K|  DSP |    FF   |   LUT   | URAM|
+---------------------+---------+------+---------+---------+-----+
|DSP                  |        -|     -|        -|        -|    -|
|Expression           |        -|     -|        0|      228|    -|
|FIFO                 |        -|     -|        -|        -|    -|
|Instance             |       30|     0|    49329|   163862|    0|
|Memory               |        -|     -|        -|        -|    -|
|Multiplexer          |        -|     -|        -|      109|    -|
|Register             |        -|     -|      629|        -|    -|
+---------------------+---------+------+---------+---------+-----+
|Total                |       30|     0|    49958|   164199|    0|
+---------------------+---------+------+---------+---------+-----+
|Available SLR        |     1344|  3008|   869120|   434560|  320|
+---------------------+---------+------+---------+---------+-----+
|Utilization SLR (%)  |        2|     0|        5|       37|    0|
+---------------------+---------+------+---------+---------+-----+
|Available            |     4032|  9024|  2607360|  1303680|  960|
+---------------------+---------+------+---------+---------+-----+
|Utilization (%)      |       ~0|     0|        1|       12|    0|
+---------------------+---------+------+---------+---------+-----+

+ Detail: 
    * Instance: 
    +--------------------------------------------------------+---------------------------------------------+---------+----+-------+--------+-----+
    |                        Instance                        |                    Module                   | BRAM_18K| DSP|   FF  |   LUT  | URAM|
    +--------------------------------------------------------+---------------------------------------------+---------+----+-------+--------+-----+
    |grp_calculate_sha256_Pipeline_hash_write_digest_fu_116  |calculate_sha256_Pipeline_hash_write_digest  |        0|   0|   1071|    2640|    0|
    |control_s_axi_U                                         |control_s_axi                                |        0|   0|    252|     424|    0|
    |gmem0_m_axi_U                                           |gmem0_m_axi                                  |       30|   0|   3521|    2695|    0|
    |grp_sha256_process_chunk_fu_106                         |sha256_process_chunk                         |        0|   0|  44485|  158103|    0|
    +--------------------------------------------------------+---------------------------------------------+---------+----+-------+--------+-----+
    |Total                                                   |                                             |       30|   0|  49329|  163862|    0|
    +--------------------------------------------------------+---------------------------------------------+---------+----+-------+--------+-----+

    * DSP: 
    N/A

    * Memory: 
    N/A

    * FIFO: 
    N/A

    * Expression: 
    +-----------------------+----------+----+---+----+------------+------------+
    |     Variable Name     | Operation| DSP| FF| LUT| Bitwidth P0| Bitwidth P1|
    +-----------------------+----------+----+---+----+------------+------------+
    |add_ln608_1_fu_157_p2  |         +|   0|  0|  71|          64|          64|
    |add_ln608_fu_167_p2    |         +|   0|  0|  39|          32|           1|
    |chunk_fu_173_p2        |         +|   0|  0|  71|          64|          64|
    |ap_ext_blocking_n      |       and|   0|  0|   2|           1|           2|
    |ap_int_blocking_n      |       and|   0|  0|   2|           1|           2|
    |ap_str_blocking_n      |       and|   0|  0|   2|           1|           2|
    |icmp_ln608_fu_162_p2   |      icmp|   0|  0|  39|          32|          32|
    |ap_block_state1        |        or|   0|  0|   2|           1|           1|
    +-----------------------+----------+----+---+----+------------+------------+
    |Total                  |          |   0|  0| 228|         196|         168|
    +-----------------------+----------+----+---+----+------------+------------+

    * Multiplexer: 
    +---------------+----+-----------+-----+-----------+
    |      Name     | LUT| Input Size| Bits| Total Bits|
    +---------------+----+-----------+-----+-----------+
    |ap_NS_fsm      |  37|          7|    1|          7|
    |ap_done        |   9|          2|    1|          2|
    |c_fu_78        |   9|          2|   32|         64|
    |gmem0_ARVALID  |   9|          2|    1|          2|
    |gmem0_AWVALID  |   9|          2|    1|          2|
    |gmem0_BREADY   |   9|          2|    1|          2|
    |gmem0_RREADY   |   9|          2|    1|          2|
    |gmem0_WVALID   |   9|          2|    1|          2|
    |phi_mul_fu_74  |   9|          2|   64|        128|
    +---------------+----+-----------+-----+-----------+
    |Total          | 109|         23|  103|        211|
    +---------------+----+-----------+-----+-----------+

    * Register: 
    +---------------------------------------------------------------------+----+----+-----+-----------+
    |                                 Name                                | FF | LUT| Bits| Const Bits|
    +---------------------------------------------------------------------+----+----+-----+-----------+
    |ap_CS_fsm                                                            |   6|   0|    6|          0|
    |ap_done_reg                                                          |   1|   0|    1|          0|
    |ap_ext_blocking_n_reg                                                |   1|   0|    1|          0|
    |ap_int_blocking_n_reg                                                |   1|   0|    1|          0|
    |ap_rst_n_inv                                                         |   1|   0|    1|          0|
    |ap_rst_reg_1                                                         |   1|   0|    1|          0|
    |ap_rst_reg_2                                                         |   1|   0|    1|          0|
    |ap_str_blocking_n_reg                                                |   1|   0|    1|          0|
    |c_4_reg_264                                                          |  32|   0|   32|          0|
    |c_fu_78                                                              |  32|   0|   32|          0|
    |chunk_reg_272                                                        |  64|   0|   64|          0|
    |conv1_i_reg_254                                                      |  32|   0|   64|         32|
    |crc_out_read_reg_244                                                 |  64|   0|   64|          0|
    |data_in_read_reg_249                                                 |  64|   0|   64|          0|
    |digest_1_reg_282                                                     |  32|   0|   32|          0|
    |digest_2_reg_287                                                     |  32|   0|   32|          0|
    |digest_3_reg_292                                                     |  32|   0|   32|          0|
    |digest_4_reg_297                                                     |  32|   0|   32|          0|
    |digest_5_reg_302                                                     |  32|   0|   32|          0|
    |digest_6_reg_307                                                     |  32|   0|   32|          0|
    |digest_7_reg_312                                                     |  32|   0|   32|          0|
    |digest_reg_277                                                       |  32|   0|   32|          0|
    |grp_calculate_sha256_Pipeline_hash_write_digest_fu_116_ap_start_reg  |   1|   0|    1|          0|
    |grp_sha256_process_chunk_fu_106_ap_start_reg                         |   1|   0|    1|          0|
    |phi_mul_fu_74                                                        |  64|   0|   64|          0|
    |trunc_ln621_reg_259                                                  |   6|   0|    6|          0|
    +---------------------------------------------------------------------+----+----+-----+-----------+
    |Total                                                                | 629|   0|  661|         32|
    +---------------------------------------------------------------------+----+----+-----+-----------+



================================================================
== Interface
================================================================
* Summary: 
+-----------------------+-----+-----+---------------+------------------+--------------+
|       RTL Ports       | Dir | Bits|    Protocol   |   Source Object  |    C Type    |
+-----------------------+-----+-----+---------------+------------------+--------------+
|s_axi_control_AWVALID  |   in|    1|          s_axi|           control|        scalar|
|s_axi_control_AWREADY  |  out|    1|          s_axi|           control|        scalar|
|s_axi_control_AWADDR   |   in|    6|          s_axi|           control|        scalar|
|s_axi_control_WVALID   |   in|    1|          s_axi|           control|        scalar|
|s_axi_control_WREADY   |  out|    1|          s_axi|           control|        scalar|
|s_axi_control_WDATA    |   in|   32|          s_axi|           control|        scalar|
|s_axi_control_WSTRB    |   in|    4|          s_axi|           control|        scalar|
|s_axi_control_ARVALID  |   in|    1|          s_axi|           control|        scalar|
|s_axi_control_ARREADY  |  out|    1|          s_axi|           control|        scalar|
|s_axi_control_ARADDR   |   in|    6|          s_axi|           control|        scalar|
|s_axi_control_RVALID   |  out|    1|          s_axi|           control|        scalar|
|s_axi_control_RREADY   |   in|    1|          s_axi|           control|        scalar|
|s_axi_control_RDATA    |  out|   32|          s_axi|           control|        scalar|
|s_axi_control_RRESP    |  out|    2|          s_axi|           control|        scalar|
|s_axi_control_BVALID   |  out|    1|          s_axi|           control|        scalar|
|s_axi_control_BREADY   |   in|    1|          s_axi|           control|        scalar|
|s_axi_control_BRESP    |  out|    2|          s_axi|           control|        scalar|
|ap_clk                 |   in|    1|  ap_ctrl_chain|  calculate_sha256|  return value|
|ap_rst_n               |   in|    1|  ap_ctrl_chain|  calculate_sha256|  return value|
|event_done             |  out|    1|  ap_ctrl_chain|  calculate_sha256|  return value|
|interrupt              |  out|    1|  ap_ctrl_chain|  calculate_sha256|  return value|
|event_start            |  out|    1|  ap_ctrl_chain|  calculate_sha256|  return value|
|stall_start_ext        |  out|    1|  ap_ctrl_chain|  calculate_sha256|  return value|
|stall_done_ext         |  out|    1|  ap_ctrl_chain|  calculate_sha256|  return value|
|stall_start_str        |  out|    1|  ap_ctrl_chain|  calculate_sha256|  return value|
|stall_done_str         |  out|    1|  ap_ctrl_chain|  calculate_sha256|  return value|
|stall_start_int        |  out|    1|  ap_ctrl_chain|  calculate_sha256|  return value|
|stall_done_int         |  out|    1|  ap_ctrl_chain|  calculate_sha256|  return value|
|m_axi_gmem0_AWVALID    |  out|    1|          m_axi|             gmem0|       pointer|
|m_axi_gmem0_AWREADY    |   in|    1|          m_axi|             gmem0|       pointer|
|m_axi_gmem0_AWADDR     |  out|   64|          m_axi|             gmem0|       pointer|
|m_axi_gmem0_AWID       |  out|    1|          m_axi|             gmem0|       pointer|
|m_axi_gmem0_AWLEN      |  out|    8|          m_axi|             gmem0|       pointer|
|m_axi_gmem0_AWSIZE     |  out|    3|          m_axi|             gmem0|       pointer|
|m_axi_gmem0_AWBURST    |  out|    2|          m_axi|             gmem0|       pointer|
|m_axi_gmem0_AWLOCK     |  out|    2|          m_axi|             gmem0|       pointer|
|m_axi_gmem0_AWCACHE    |  out|    4|          m_axi|             gmem0|       pointer|
|m_axi_gmem0_AWPROT     |  out|    3|          m_axi|             gmem0|       pointer|
|m_axi_gmem0_AWQOS      |  out|    4|          m_axi|             gmem0|       pointer|
|m_axi_gmem0_AWREGION   |  out|    4|          m_axi|             gmem0|       pointer|
|m_axi_gmem0_AWUSER     |  out|    1|          m_axi|             gmem0|       pointer|
|m_axi_gmem0_WVALID     |  out|    1|          m_axi|             gmem0|       pointer|
|m_axi_gmem0_WREADY     |   in|    1|          m_axi|             gmem0|       pointer|
|m_axi_gmem0_WDATA      |  out|  512|          m_axi|             gmem0|       pointer|
|m_axi_gmem0_WSTRB      |  out|   64|          m_axi|             gmem0|       pointer|
|m_axi_gmem0_WLAST      |  out|    1|          m_axi|             gmem0|       pointer|
|m_axi_gmem0_WID        |  out|    1|          m_axi|             gmem0|       pointer|
|m_axi_gmem0_WUSER      |  out|    1|          m_axi|             gmem0|       pointer|
|m_axi_gmem0_ARVALID    |  out|    1|          m_axi|             gmem0|       pointer|
|m_axi_gmem0_ARREADY    |   in|    1|          m_axi|             gmem0|       pointer|
|m_axi_gmem0_ARADDR     |  out|   64|          m_axi|             gmem0|       pointer|
|m_axi_gmem0_ARID       |  out|    1|          m_axi|             gmem0|       pointer|
|m_axi_gmem0_ARLEN      |  out|    8|          m_axi|             gmem0|       pointer|
|m_axi_gmem0_ARSIZE     |  out|    3|          m_axi|             gmem0|       pointer|
|m_axi_gmem0_ARBURST    |  out|    2|          m_axi|             gmem0|       pointer|
|m_axi_gmem0_ARLOCK     |  out|    2|          m_axi|             gmem0|       pointer|
|m_axi_gmem0_ARCACHE    |  out|    4|          m_axi|             gmem0|       pointer|
|m_axi_gmem0_ARPROT     |  out|    3|          m_axi|             gmem0|       pointer|
|m_axi_gmem0_ARQOS      |  out|    4|          m_axi|             gmem0|       pointer|
|m_axi_gmem0_ARREGION   |  out|    4|          m_axi|             gmem0|       pointer|
|m_axi_gmem0_ARUSER     |  out|    1|          m_axi|             gmem0|       pointer|
|m_axi_gmem0_RVALID     |   in|    1|          m_axi|             gmem0|       pointer|
|m_axi_gmem0_RREADY     |  out|    1|          m_axi|             gmem0|       pointer|
|m_axi_gmem0_RDATA      |   in|  512|          m_axi|             gmem0|       pointer|
|m_axi_gmem0_RLAST      |   in|    1|          m_axi|             gmem0|       pointer|
|m_axi_gmem0_RID        |   in|    1|          m_axi|             gmem0|       pointer|
|m_axi_gmem0_RUSER      |   in|    1|          m_axi|             gmem0|       pointer|
|m_axi_gmem0_RRESP      |   in|    2|          m_axi|             gmem0|       pointer|
|m_axi_gmem0_BVALID     |   in|    1|          m_axi|             gmem0|       pointer|
|m_axi_gmem0_BREADY     |  out|    1|          m_axi|             gmem0|       pointer|
|m_axi_gmem0_BRESP      |   in|    2|          m_axi|             gmem0|       pointer|
|m_axi_gmem0_BID        |   in|    1|          m_axi|             gmem0|       pointer|
|m_axi_gmem0_BUSER      |   in|    1|          m_axi|             gmem0|       pointer|
+-----------------------+-----+-----+---------------+------------------+--------------+

============================================================
+ Verbose Summary: Synthesis Manager
============================================================
InlineROM: 1
ExposeGlobal: 0
============================================================
+ Verbose Summary: CDFG Model
============================================================
IsTopModel: 1
ResetActiveHigh: 1
IsCombinational: 2
IsDatapathOnly: 2
HasWiredReturn: 1
HasMFsm: 0
HasVarLatency: 1
IsPipeline: 0
IsRtlPipelined: 0
IsInstanceOverlapped: 0
IsDontTouch: 0
HasImplIP: 0
IsGatedGlobalClock: 0


============================================================
+ Verbose Summary: Schedule
============================================================
* Number of FSM states : 6
* Pipeline : 0
* Dataflow Pipeline: 0

* FSM state transitions: 
1 --> 2 
2 --> 3 
3 --> 4 
4 --> 5 
5 --> 6 
6 --> 2 

* FSM state operations: 

State 1 <SV = 0> <Delay = 1.00>
ST_1 : Operation 7 [1/1] (0.00ns)   --->   "%phi_mul = alloca i32 1"   --->   Operation 7 'alloca' 'phi_mul' <Predicate = true> <Delay = 0.00>
ST_1 : Operation 8 [1/1] (0.00ns)   --->   "%c = alloca i32 1"   --->   Operation 8 'alloca' 'c' <Predicate = true> <Delay = 0.00>
ST_1 : Operation 9 [1/1] (0.00ns)   --->   "%spectopmodule_ln726 = spectopmodule void @_ssdm_op_SpecTopModule, void @empty_13" [/users/arashs/U280_CRC_Accelerator/src/kernel.cpp:726]   --->   Operation 9 'spectopmodule' 'spectopmodule_ln726' <Predicate = true> <Delay = 0.00>
ST_1 : Operation 10 [1/1] (0.00ns)   --->   "%specinterface_ln726 = specinterface void @_ssdm_op_SpecInterface, i32 0, void @empty_14, i32 0, i32 0, void @empty, i32 0, i32 0, void @empty, void @empty, void @empty, i32 0, i32 0, i32 0, i32 0, void @empty, void @empty, i32 4294967295, i32 0" [/users/arashs/U280_CRC_Accelerator/src/kernel.cpp:726]   --->   Operation 10 'specinterface' 'specinterface_ln726' <Predicate = true> <Delay = 0.00>
ST_1 : Operation 11 [1/1] (0.00ns)   --->   "%specinterface_ln0 = specinterface void @_ssdm_op_SpecInterface, i512 %gmem0, void @empty_18, i32 0, i32 0, void @empty, i32 64, i32 1024, void @empty_0, void @empty_1, void @empty, i32 16, i32 16, i32 16, i32 16, void @empty, void @empty, i32 4294967295, i32 0"   --->   Operation 11 'specinterface' 'specinterface_ln0' <Predicate = true> <Delay = 0.00>
ST_1 : Operation 12 [1/1] (0.00ns)   --->   "%specbitsmap_ln0 = specbitsmap void @_ssdm_op_SpecBitsMap, i512 %gmem0"   --->   Operation 12 'specbitsmap' 'specbitsmap_ln0' <Predicate = true> <Delay = 0.00>
ST_1 : Operation 13 [1/1] (0.00ns)   --->   "%specinterface_ln0 = specinterface void @_ssdm_op_SpecInterface, i64 %data_in, void @empty_2, i32 0, i32 0, void @empty, i32 0, i32 0, void @empty_3, void @empty_4, void @empty, i32 0, i32 0, i32 0, i32 0, void @empty, void @empty_5, i32 4294967295, i32 0"   --->   Operation 13 'specinterface' 'specinterface_ln0' <Predicate = true> <Delay = 0.00>
ST_1 : Operation 14 [1/1] (0.00ns)   --->   "%specinterface_ln0 = specinterface void @_ssdm_op_SpecInterface, i64 %data_in, void @empty_6, i32 0, i32 0, void @empty, i32 0, i32 0, void @empty, void @empty, void @empty, i32 0, i32 0, i32 0, i32 0, void @empty, void @empty_5, i32 4294967295, i32 0"   --->   Operation 14 'specinterface' 'specinterface_ln0' <Predicate = true> <Delay = 0.00>
ST_1 : Operation 15 [1/1] (0.00ns)   --->   "%specinterface_ln0 = specinterface void @_ssdm_op_SpecInterface, i64 %crc_out, void @empty_2, i32 0, i32 0, void @empty, i32 0, i32 0, void @empty_3, void @empty_7, void @empty, i32 0, i32 0, i32 0, i32 0, void @empty, void @empty_5, i32 4294967295, i32 0"   --->   Operation 15 'specinterface' 'specinterface_ln0' <Predicate = true> <Delay = 0.00>
ST_1 : Operation 16 [1/1] (0.00ns)   --->   "%specinterface_ln0 = specinterface void @_ssdm_op_SpecInterface, i64 %crc_out, void @empty_6, i32 0, i32 0, void @empty, i32 0, i32 0, void @empty, void @empty, void @empty, i32 0, i32 0, i32 0, i32 0, void @empty, void @empty_5, i32 4294967295, i32 0"   --->   Operation 16 'specinterface' 'specinterface_ln0' <Predicate = true> <Delay = 0.00>
ST_1 : Operation 17 [1/1] (0.00ns)   --->   "%specbitsmap_ln0 = specbitsmap void @_ssdm_op_SpecBitsMap, i32 %numChunks"   --->   Operation 17 'specbitsmap' 'specbitsmap_ln0' <Predicate = true> <Delay = 0.00>
ST_1 : Operation 18 [1/1] (0.00ns)   --->   "%specinterface_ln0 = specinterface void @_ssdm_op_SpecInterface, i32 %numChunks, void @empty_2, i32 0, i32 0, void @empty, i32 0, i32 0, void @empty_3, void @empty_8, void @empty, i32 0, i32 0, i32 0, i32 0, void @empty, void @empty, i32 4294967295, i32 0"   --->   Operation 18 'specinterface' 'specinterface_ln0' <Predicate = true> <Delay = 0.00>
ST_1 : Operation 19 [1/1] (0.00ns)   --->   "%specinterface_ln0 = specinterface void @_ssdm_op_SpecInterface, i32 %numChunks, void @empty_9, i32 0, i32 0, void @empty, i32 0, i32 0, void @empty, void @empty, void @empty, i32 0, i32 0, i32 0, i32 0, void @empty, void @empty, i32 4294967295, i32 0"   --->   Operation 19 'specinterface' 'specinterface_ln0' <Predicate = true> <Delay = 0.00>
ST_1 : Operation 20 [1/1] (0.00ns)   --->   "%specbitsmap_ln0 = specbitsmap void @_ssdm_op_SpecBitsMap, i32 %chunkSize"   --->   Operation 20 'specbitsmap' 'specbitsmap_ln0' <Predicate = true> <Delay = 0.00>
ST_1 : Operation 21 [1/1] (0.00ns)   --->   "%specinterface_ln0 = specinterface void @_ssdm_op_SpecInterface, i32 %chunkSize, void @empty_2, i32 0, i32 0, void @empty, i32 0, i32 0, void @empty_3, void @empty_10, void @empty, i32 0, i32 0, i32 0, i32 0, void @empty, void @empty, i32 4294967295, i32 0"   --->   Operation 21 'specinterface' 'specinterface_ln0' <Predicate = true> <Delay = 0.00>
ST_1 : Operation 22 [1/1] (0.00ns)   --->   "%specinterface_ln0 = specinterface void @_ssdm_op_SpecInterface, i32 %chunkSize, void @empty_9, i32 0, i32 0, void @empty, i32 0, i32 0, void @empty, void @empty, void @empty, i32 0, i32 0, i32 0, i32 0, void @empty, void @empty, i32 4294967295, i32 0"   --->   Operation 22 'specinterface' 'specinterface_ln0' <Predicate = true> <Delay = 0.00>
ST_1 : Operation 23 [1/1] (0.00ns)   --->   "%specinterface_ln0 = specinterface void @_ssdm_op_SpecInterface, i32 0, void @empty_2, i32 0, i32 0, void @empty, i32 0, i32 0, void @empty_3, void @empty, void @empty, i32 0, i32 0, i32 0, i32 0, void @empty, void @empty, i32 4294967295, i32 0"   --->   Operation 23 'specinterface' 'specinterface_ln0' <Predicate = true> <Delay = 0.00>
ST_1 : Operation 24 [1/1] (1.00ns)   --->   "%chunkSize_read = read i32 @_ssdm_op_Read.ap_none.i32, i32 %chunkSize" [/users/arashs/U280_CRC_Accelerator/src/kernel.cpp:726]   --->   Operation 24 'read' 'chunkSize_read' <Predicate = true> <Delay = 1.00> <CoreInst = "s_axilite">   --->   Core 122 's_axilite' <Latency = 0> <II = 1> <Delay = 1.00> <Adapter> <Opcode : 'read' 'write'>
ST_1 : Operation 25 [1/1] (1.00ns)   --->   "%numChunks_read = read i32 @_ssdm_op_Read.ap_none.i32, i32 %numChunks" [/users/arashs/U280_CRC_Accelerator/src/kernel.cpp:726]   --->   Operation 25 'read' 'numChunks_read' <Predicate = true> <Delay = 1.00> <CoreInst = "s_axilite">   --->   Core 122 's_axilite' <Latency = 0> <II = 1> <Delay = 1.00> <Adapter> <Opcode : 'read' 'write'>
ST_1 : Operation 26 [1/1] (1.00ns)   --->   "%crc_out_read = read i64 @_ssdm_op_Read.s_axilite.i64, i64 %crc_out" [/users/arashs/U280_CRC_Accelerator/src/kernel.cpp:726]   --->   Operation 26 'read' 'crc_out_read' <Predicate = true> <Delay = 1.00> <CoreInst = "s_axilite">   --->   Core 122 's_axilite' <Latency = 0> <II = 1> <Delay = 1.00> <Adapter> <Opcode : 'read' 'write'>
ST_1 : Operation 27 [1/1] (1.00ns)   --->   "%data_in_read = read i64 @_ssdm_op_Read.s_axilite.i64, i64 %data_in" [/users/arashs/U280_CRC_Accelerator/src/kernel.cpp:726]   --->   Operation 27 'read' 'data_in_read' <Predicate = true> <Delay = 1.00> <CoreInst = "s_axilite">   --->   Core 122 's_axilite' <Latency = 0> <II = 1> <Delay = 1.00> <Adapter> <Opcode : 'read' 'write'>
ST_1 : Operation 28 [1/1] (0.00ns)   --->   "%conv1_i = zext i32 %chunkSize_read" [/users/arashs/U280_CRC_Accelerator/src/kernel.cpp:726]   --->   Operation 28 'zext' 'conv1_i' <Predicate = true> <Delay = 0.00>
ST_1 : Operation 29 [1/1] (0.00ns)   --->   "%trunc_ln621 = trunc i64 %crc_out_read" [/users/arashs/U280_CRC_Accelerator/src/kernel.cpp:621->/users/arashs/U280_CRC_Accelerator/src/kernel.cpp:733]   --->   Operation 29 'trunc' 'trunc_ln621' <Predicate = true> <Delay = 0.00>
ST_1 : Operation 30 [1/1] (0.38ns)   --->   "%store_ln608 = store i32 0, i32 %c" [/users/arashs/U280_CRC_Accelerator/src/kernel.cpp:608->/users/arashs/U280_CRC_Accelerator/src/kernel.cpp:733]   --->   Operation 30 'store' 'store_ln608' <Predicate = true> <Delay = 0.38>
ST_1 : Operation 31 [1/1] (0.38ns)   --->   "%store_ln608 = store i64 0, i64 %phi_mul" [/users/arashs/U280_CRC_Accelerator/src/kernel.cpp:608->/users/arashs/U280_CRC_Accelerator/src/kernel.cpp:733]   --->   Operation 31 'store' 'store_ln608' <Predicate = true> <Delay = 0.38>
ST_1 : Operation 32 [1/1] (0.00ns)   --->   "%br_ln608 = br void %hash_write_digest.i" [/users/arashs/U280_CRC_Accelerator/src/kernel.cpp:608->/users/arashs/U280_CRC_Accelerator/src/kernel.cpp:733]   --->   Operation 32 'br' 'br_ln608' <Predicate = true> <Delay = 0.00>

State 2 <SV = 1> <Delay = 1.53>
ST_2 : Operation 33 [1/1] (0.00ns)   --->   "%phi_mul_load = load i64 %phi_mul" [/users/arashs/U280_CRC_Accelerator/src/kernel.cpp:610->/users/arashs/U280_CRC_Accelerator/src/kernel.cpp:733]   --->   Operation 33 'load' 'phi_mul_load' <Predicate = true> <Delay = 0.00>
ST_2 : Operation 34 [1/1] (0.00ns)   --->   "%c_4 = load i32 %c" [/users/arashs/U280_CRC_Accelerator/src/kernel.cpp:608->/users/arashs/U280_CRC_Accelerator/src/kernel.cpp:733]   --->   Operation 34 'load' 'c_4' <Predicate = true> <Delay = 0.00>
ST_2 : Operation 35 [1/1] (1.14ns)   --->   "%add_ln608_1 = add i64 %phi_mul_load, i64 %conv1_i" [/users/arashs/U280_CRC_Accelerator/src/kernel.cpp:608->/users/arashs/U280_CRC_Accelerator/src/kernel.cpp:733]   --->   Operation 35 'add' 'add_ln608_1' <Predicate = true> <Delay = 1.14> <CoreInst = "Adder">   --->   Core 1 'Adder' <Latency = 0> <II = 1> <Delay = 1.14> <FuncUnit> <Opcode : 'add' 'sub'> <InPorts = 2> <OutPorts = 1>
ST_2 : Operation 36 [1/1] (0.88ns)   --->   "%icmp_ln608 = icmp_eq  i32 %c_4, i32 %numChunks_read" [/users/arashs/U280_CRC_Accelerator/src/kernel.cpp:608->/users/arashs/U280_CRC_Accelerator/src/kernel.cpp:733]   --->   Operation 36 'icmp' 'icmp_ln608' <Predicate = true> <Delay = 0.88> <CoreInst = "Cmp">   --->   Core 9 'Cmp' <Latency = 0> <II = 1> <Delay = 0.88> <FuncUnit> <Opcode : 'icmp'> <InPorts = 2> <OutPorts = 1>
ST_2 : Operation 37 [1/1] (0.88ns)   --->   "%add_ln608 = add i32 %c_4, i32 1" [/users/arashs/U280_CRC_Accelerator/src/kernel.cpp:608->/users/arashs/U280_CRC_Accelerator/src/kernel.cpp:733]   --->   Operation 37 'add' 'add_ln608' <Predicate = true> <Delay = 0.88> <CoreInst = "Adder">   --->   Core 1 'Adder' <Latency = 0> <II = 1> <Delay = 0.88> <FuncUnit> <Opcode : 'add' 'sub'> <InPorts = 2> <OutPorts = 1>
ST_2 : Operation 38 [1/1] (0.00ns)   --->   "%br_ln608 = br i1 %icmp_ln608, void %hash_write_digest.i.split, void %_ZL12process_hashPK7ap_uintILi512EEPjjj.exit.loopexit" [/users/arashs/U280_CRC_Accelerator/src/kernel.cpp:608->/users/arashs/U280_CRC_Accelerator/src/kernel.cpp:733]   --->   Operation 38 'br' 'br_ln608' <Predicate = true> <Delay = 0.00>
ST_2 : Operation 39 [1/1] (1.14ns)   --->   "%chunk = add i64 %phi_mul_load, i64 %data_in_read" [/users/arashs/U280_CRC_Accelerator/src/kernel.cpp:610->/users/arashs/U280_CRC_Accelerator/src/kernel.cpp:733]   --->   Operation 39 'add' 'chunk' <Predicate = (!icmp_ln608)> <Delay = 1.14> <CoreInst = "Adder">   --->   Core 1 'Adder' <Latency = 0> <II = 1> <Delay = 1.14> <FuncUnit> <Opcode : 'add' 'sub'> <InPorts = 2> <OutPorts = 1>
ST_2 : Operation 40 [1/1] (0.38ns)   --->   "%store_ln608 = store i32 %add_ln608, i32 %c" [/users/arashs/U280_CRC_Accelerator/src/kernel.cpp:608->/users/arashs/U280_CRC_Accelerator/src/kernel.cpp:733]   --->   Operation 40 'store' 'store_ln608' <Predicate = (!icmp_ln608)> <Delay = 0.38>
ST_2 : Operation 41 [1/1] (0.38ns)   --->   "%store_ln608 = store i64 %add_ln608_1, i64 %phi_mul" [/users/arashs/U280_CRC_Accelerator/src/kernel.cpp:608->/users/arashs/U280_CRC_Accelerator/src/kernel.cpp:733]   --->   Operation 41 'store' 'store_ln608' <Predicate = (!icmp_ln608)> <Delay = 0.38>
ST_2 : Operation 42 [1/1] (0.00ns)   --->   "%ret_ln734 = ret" [/users/arashs/U280_CRC_Accelerator/src/kernel.cpp:734]   --->   Operation 42 'ret' 'ret_ln734' <Predicate = (icmp_ln608)> <Delay = 0.00>

State 3 <SV = 2> <Delay = 2.43>
ST_3 : Operation 43 [2/2] (2.43ns)   --->   "%call_ret = call i256 @sha256_process_chunk, i512 %gmem0, i64 %chunk, i32 %chunkSize_read, i32 %SHA256_K" [/users/arashs/U280_CRC_Accelerator/src/kernel.cpp:613->/users/arashs/U280_CRC_Accelerator/src/kernel.cpp:733]   --->   Operation 43 'call' 'call_ret' <Predicate = true> <Delay = 2.43> <CoreType = "Generic">   --->   Core 0 '' <Latency = 0> <II = 1> <Delay = 1.00> <Generic> <Opcode : >

State 4 <SV = 3> <Delay = 1.26>
ST_4 : Operation 44 [1/2] (1.26ns)   --->   "%call_ret = call i256 @sha256_process_chunk, i512 %gmem0, i64 %chunk, i32 %chunkSize_read, i32 %SHA256_K" [/users/arashs/U280_CRC_Accelerator/src/kernel.cpp:613->/users/arashs/U280_CRC_Accelerator/src/kernel.cpp:733]   --->   Operation 44 'call' 'call_ret' <Predicate = true> <Delay = 1.26> <CoreType = "Generic">   --->   Core 0 '' <Latency = 0> <II = 1> <Delay = 1.00> <Generic> <Opcode : >
ST_4 : Operation 45 [1/1] (0.00ns)   --->   "%digest = extractvalue i256 %call_ret" [/users/arashs/U280_CRC_Accelerator/src/kernel.cpp:613->/users/arashs/U280_CRC_Accelerator/src/kernel.cpp:733]   --->   Operation 45 'extractvalue' 'digest' <Predicate = true> <Delay = 0.00>
ST_4 : Operation 46 [1/1] (0.00ns)   --->   "%digest_1 = extractvalue i256 %call_ret" [/users/arashs/U280_CRC_Accelerator/src/kernel.cpp:613->/users/arashs/U280_CRC_Accelerator/src/kernel.cpp:733]   --->   Operation 46 'extractvalue' 'digest_1' <Predicate = true> <Delay = 0.00>
ST_4 : Operation 47 [1/1] (0.00ns)   --->   "%digest_2 = extractvalue i256 %call_ret" [/users/arashs/U280_CRC_Accelerator/src/kernel.cpp:613->/users/arashs/U280_CRC_Accelerator/src/kernel.cpp:733]   --->   Operation 47 'extractvalue' 'digest_2' <Predicate = true> <Delay = 0.00>
ST_4 : Operation 48 [1/1] (0.00ns)   --->   "%digest_3 = extractvalue i256 %call_ret" [/users/arashs/U280_CRC_Accelerator/src/kernel.cpp:613->/users/arashs/U280_CRC_Accelerator/src/kernel.cpp:733]   --->   Operation 48 'extractvalue' 'digest_3' <Predicate = true> <Delay = 0.00>
ST_4 : Operation 49 [1/1] (0.00ns)   --->   "%digest_4 = extractvalue i256 %call_ret" [/users/arashs/U280_CRC_Accelerator/src/kernel.cpp:613->/users/arashs/U280_CRC_Accelerator/src/kernel.cpp:733]   --->   Operation 49 'extractvalue' 'digest_4' <Predicate = true> <Delay = 0.00>
ST_4 : Operation 50 [1/1] (0.00ns)   --->   "%digest_5 = extractvalue i256 %call_ret" [/users/arashs/U280_CRC_Accelerator/src/kernel.cpp:613->/users/arashs/U280_CRC_Accelerator/src/kernel.cpp:733]   --->   Operation 50 'extractvalue' 'digest_5' <Predicate = true> <Delay = 0.00>
ST_4 : Operation 51 [1/1] (0.00ns)   --->   "%digest_6 = extractvalue i256 %call_ret" [/users/arashs/U280_CRC_Accelerator/src/kernel.cpp:613->/users/arashs/U280_CRC_Accelerator/src/kernel.cpp:733]   --->   Operation 51 'extractvalue' 'digest_6' <Predicate = true> <Delay = 0.00>
ST_4 : Operation 52 [1/1] (0.00ns)   --->   "%digest_7 = extractvalue i256 %call_ret" [/users/arashs/U280_CRC_Accelerator/src/kernel.cpp:613->/users/arashs/U280_CRC_Accelerator/src/kernel.cpp:733]   --->   Operation 52 'extractvalue' 'digest_7' <Predicate = true> <Delay = 0.00>

State 5 <SV = 4> <Delay = 1.14>
ST_5 : Operation 53 [2/2] (1.14ns)   --->   "%call_ln613 = call void @calculate_sha256_Pipeline_hash_write_digest, i512 %gmem0, i32 %digest, i32 %digest_1, i32 %digest_2, i32 %digest_3, i32 %digest_4, i32 %digest_5, i32 %digest_6, i32 %digest_7, i32 %c_4, i64 %crc_out_read, i6 %trunc_ln621" [/users/arashs/U280_CRC_Accelerator/src/kernel.cpp:613->/users/arashs/U280_CRC_Accelerator/src/kernel.cpp:733]   --->   Operation 53 'call' 'call_ln613' <Predicate = true> <Delay = 1.14> <CoreType = "Generic">   --->   Core 0 '' <Latency = 0> <II = 1> <Delay = 1.00> <Generic> <Opcode : >

State 6 <SV = 5> <Delay = 0.00>
ST_6 : Operation 54 [1/1] (0.00ns)   --->   "%specloopname_ln608 = specloopname void @_ssdm_op_SpecLoopName, void @empty_16" [/users/arashs/U280_CRC_Accelerator/src/kernel.cpp:608->/users/arashs/U280_CRC_Accelerator/src/kernel.cpp:733]   --->   Operation 54 'specloopname' 'specloopname_ln608' <Predicate = true> <Delay = 0.00>
ST_6 : Operation 55 [1/2] (0.00ns)   --->   "%call_ln613 = call void @calculate_sha256_Pipeline_hash_write_digest, i512 %gmem0, i32 %digest, i32 %digest_1, i32 %digest_2, i32 %digest_3, i32 %digest_4, i32 %digest_5, i32 %digest_6, i32 %digest_7, i32 %c_4, i64 %crc_out_read, i6 %trunc_ln621" [/users/arashs/U280_CRC_Accelerator/src/kernel.cpp:613->/users/arashs/U280_CRC_Accelerator/src/kernel.cpp:733]   --->   Operation 55 'call' 'call_ln613' <Predicate = true> <Delay = 0.00> <CoreType = "Generic">   --->   Core 0 '' <Latency = 0> <II = 1> <Delay = 1.00> <Generic> <Opcode : >
ST_6 : Operation 56 [1/1] (0.00ns)   --->   "%br_ln608 = br void %hash_write_digest.i" [/users/arashs/U280_CRC_Accelerator/src/kernel.cpp:608->/users/arashs/U280_CRC_Accelerator/src/kernel.cpp:733]   --->   Operation 56 'br' 'br_ln608' <Predicate = true> <Delay = 0.00>


============================================================
+ Verbose Summary: Binding
============================================================
STG Binding: 
---------------- STG Properties BEGIN ----------------
- Is combinational: 0
- Is one-state seq: 0
- Is datapath-only: 0
- Is pipelined: 0
- Is top level: 1
Port [ Return ] is wired: 1; IO mode=ap_ctrl_chain:ce=0
Port [ gmem0]:  wired=1; compound=1; hidden=0; nouse=0; global=0; static=0; extern=0; dir=2; type=4; pingpong=0; private_global=0; IO mode=m_axi:ce=0
Port [ data_in]:  wired=1; compound=0; hidden=0; nouse=0; global=0; static=0; extern=0; dir=0; type=0; pingpong=0; private_global=0; IO mode=ap_none:ce=0
Port [ crc_out]:  wired=1; compound=0; hidden=0; nouse=0; global=0; static=0; extern=0; dir=0; type=0; pingpong=0; private_global=0; IO mode=ap_none:ce=0
Port [ numChunks]:  wired=1; compound=0; hidden=0; nouse=0; global=0; static=0; extern=0; dir=0; type=0; pingpong=0; private_global=0; IO mode=ap_none:ce=0
Port [ chunkSize]:  wired=1; compound=0; hidden=0; nouse=0; global=0; static=0; extern=0; dir=0; type=0; pingpong=0; private_global=0; IO mode=ap_none:ce=0
Port [ SHA256_K]:  wired=0; compound=1; hidden=1; nouse=1; global=1; static=1; extern=0; dir=0; type=1; pingpong=0; private_global=0; MemPort=[1]; IO mode=ap_memory:ce=0
---------------- STG Properties END ------------------

---------------- Datapath Model BEGIN ----------------

<LifeTime>
<method=bitvector/>
phi_mul             (alloca       ) [ 0111111]
c                   (alloca       ) [ 0111111]
spectopmodule_ln726 (spectopmodule) [ 0000000]
specinterface_ln726 (specinterface) [ 0000000]
specinterface_ln0   (specinterface) [ 0000000]
specbitsmap_ln0     (specbitsmap  ) [ 0000000]
specinterface_ln0   (specinterface) [ 0000000]
specinterface_ln0   (specinterface) [ 0000000]
specinterface_ln0   (specinterface) [ 0000000]
specinterface_ln0   (specinterface) [ 0000000]
specbitsmap_ln0     (specbitsmap  ) [ 0000000]
specinterface_ln0   (specinterface) [ 0000000]
specinterface_ln0   (specinterface) [ 0000000]
specbitsmap_ln0     (specbitsmap  ) [ 0000000]
specinterface_ln0   (specinterface) [ 0000000]
specinterface_ln0   (specinterface) [ 0000000]
specinterface_ln0   (specinterface) [ 0000000]
chunkSize_read      (read         ) [ 0011111]
numChunks_read      (read         ) [ 0011111]
crc_out_read        (read         ) [ 0011111]
data_in_read        (read         ) [ 0011111]
conv1_i             (zext         ) [ 0011111]
trunc_ln621         (trunc        ) [ 0011111]
store_ln608         (store        ) [ 0000000]
store_ln608         (store        ) [ 0000000]
br_ln608            (br           ) [ 0000000]
phi_mul_load        (load         ) [ 0000000]
c_4                 (load         ) [ 0001111]
add_ln608_1         (add          ) [ 0000000]
icmp_ln608          (icmp         ) [ 0011111]
add_ln608           (add          ) [ 0000000]
br_ln608            (br           ) [ 0000000]
chunk               (add          ) [ 0001100]
store_ln608         (store        ) [ 0000000]
store_ln608         (store        ) [ 0000000]
ret_ln734           (ret          ) [ 0000000]
call_ret            (call         ) [ 0000000]
digest              (extractvalue ) [ 0000011]
digest_1            (extractvalue ) [ 0000011]
digest_2            (extractvalue ) [ 0000011]
digest_3            (extractvalue ) [ 0000011]
digest_4            (extractvalue ) [ 0000011]
digest_5            (extractvalue ) [ 0000011]
digest_6            (extractvalue ) [ 0000011]
digest_7            (extractvalue ) [ 0000011]
specloopname_ln608  (specloopname ) [ 0000000]
call_ln613          (call         ) [ 0000000]
br_ln608            (br           ) [ 0000000]
</LifeTime>

<model>

<comp_list>
<comp id="0" class="1000" name="gmem0">
<pin_list>
<pin id="1" dir="1" index="0" bw="1" slack="0"/>
</pin_list>
<bind>
<StgValue><ssdm name="gmem0"/></StgValue>
</bind>
</comp>

<comp id="2" class="1000" name="data_in">
<pin_list>
<pin id="3" dir="1" index="0" bw="1" slack="0"/>
</pin_list>
<bind>
<StgValue><ssdm name="data_in"/></StgValue>
</bind>
</comp>

<comp id="4" class="1000" name="crc_out">
<pin_list>
<pin id="5" dir="1" index="0" bw="1" slack="0"/>
</pin_list>
<bind>
<StgValue><ssdm name="crc_out"/></StgValue>
</bind>
</comp>

<comp id="6" class="1000" name="numChunks">
<pin_list>
<pin id="7" dir="1" index="0" bw="1" slack="0"/>
</pin_list>
<bind>
<StgValue><ssdm name="numChunks"/></StgValue>
</bind>
</comp>

<comp id="8" class="1000" name="chunkSize">
<pin_list>
<pin id="9" dir="1" index="0" bw="1" slack="0"/>
</pin_list>
<bind>
<StgValue><ssdm name="chunkSize"/></StgValue>
</bind>
</comp>

<comp id="10" class="1000" name="SHA256_K">
<pin_list>
<pin id="11" dir="1" index="0" bw="1" slack="0"/>
</pin_list>
<bind>
<StgValue><ssdm name="SHA256_K"/><MemPortTyVec>1 </MemPortTyVec>
</StgValue>
</bind>
</comp>

<comp id="12" class="1001" name="const_12">
<pin_list>
<pin id="13" dir="1" index="0" bw="1" slack="0"/>
</pin_list>
<bind>
<StgValue><ssdm name=""/></StgValue>
</bind>
</comp>

<comp id="14" class="1001" name="const_14">
<pin_list>
<pin id="15" dir="1" index="0" bw="1" slack="2147483647"/>
</pin_list>
<bind>
<StgValue><ssdm name="_ssdm_op_SpecTopModule"/></StgValue>
</bind>
</comp>

<comp id="16" class="1001" name="const_16">
<pin_list>
<pin id="17" dir="1" index="0" bw="1" slack="2147483647"/>
</pin_list>
<bind>
<StgValue><ssdm name="empty_13"/></StgValue>
</bind>
</comp>

<comp id="18" class="1001" name="const_18">
<pin_list>
<pin id="19" dir="1" index="0" bw="1" slack="2147483647"/>
</pin_list>
<bind>
<StgValue><ssdm name="_ssdm_op_SpecInterface"/></StgValue>
</bind>
</comp>

<comp id="20" class="1001" name="const_20">
<pin_list>
<pin id="21" dir="1" index="0" bw="1" slack="0"/>
</pin_list>
<bind>
<StgValue><ssdm name=""/></StgValue>
</bind>
</comp>

<comp id="22" class="1001" name="const_22">
<pin_list>
<pin id="23" dir="1" index="0" bw="1" slack="2147483647"/>
</pin_list>
<bind>
<StgValue><ssdm name="empty_14"/></StgValue>
</bind>
</comp>

<comp id="24" class="1001" name="const_24">
<pin_list>
<pin id="25" dir="1" index="0" bw="1" slack="2147483647"/>
</pin_list>
<bind>
<StgValue><ssdm name="empty"/></StgValue>
</bind>
</comp>

<comp id="26" class="1001" name="const_26">
<pin_list>
<pin id="27" dir="1" index="0" bw="1" slack="2147483647"/>
</pin_list>
<bind>
<StgValue><ssdm name=""/></StgValue>
</bind>
</comp>

<comp id="28" class="1001" name="const_28">
<pin_list>
<pin id="29" dir="1" index="0" bw="1" slack="2147483647"/>
</pin_list>
<bind>
<StgValue><ssdm name="empty_18"/></StgValue>
</bind>
</comp>

<comp id="30" class="1001" name="const_30">
<pin_list>
<pin id="31" dir="1" index="0" bw="1" slack="2147483647"/>
</pin_list>
<bind>
<StgValue><ssdm name=""/></StgValue>
</bind>
</comp>

<comp id="32" class="1001" name="const_32">
<pin_list>
<pin id="33" dir="1" index="0" bw="1" slack="2147483647"/>
</pin_list>
<bind>
<StgValue><ssdm name=""/></StgValue>
</bind>
</comp>

<comp id="34" class="1001" name="const_34">
<pin_list>
<pin id="35" dir="1" index="0" bw="1" slack="2147483647"/>
</pin_list>
<bind>
<StgValue><ssdm name="empty_0"/></StgValue>
</bind>
</comp>

<comp id="36" class="1001" name="const_36">
<pin_list>
<pin id="37" dir="1" index="0" bw="1" slack="2147483647"/>
</pin_list>
<bind>
<StgValue><ssdm name="empty_1"/></StgValue>
</bind>
</comp>

<comp id="38" class="1001" name="const_38">
<pin_list>
<pin id="39" dir="1" index="0" bw="1" slack="2147483647"/>
</pin_list>
<bind>
<StgValue><ssdm name=""/></StgValue>
</bind>
</comp>

<comp id="40" class="1001" name="const_40">
<pin_list>
<pin id="41" dir="1" index="0" bw="1" slack="2147483647"/>
</pin_list>
<bind>
<StgValue><ssdm name="_ssdm_op_SpecBitsMap"/></StgValue>
</bind>
</comp>

<comp id="42" class="1001" name="const_42">
<pin_list>
<pin id="43" dir="1" index="0" bw="1" slack="2147483647"/>
</pin_list>
<bind>
<StgValue><ssdm name="empty_2"/></StgValue>
</bind>
</comp>

<comp id="44" class="1001" name="const_44">
<pin_list>
<pin id="45" dir="1" index="0" bw="1" slack="2147483647"/>
</pin_list>
<bind>
<StgValue><ssdm name="empty_3"/></StgValue>
</bind>
</comp>

<comp id="46" class="1001" name="const_46">
<pin_list>
<pin id="47" dir="1" index="0" bw="1" slack="2147483647"/>
</pin_list>
<bind>
<StgValue><ssdm name="empty_4"/></StgValue>
</bind>
</comp>

<comp id="48" class="1001" name="const_48">
<pin_list>
<pin id="49" dir="1" index="0" bw="1" slack="2147483647"/>
</pin_list>
<bind>
<StgValue><ssdm name="empty_5"/></StgValue>
</bind>
</comp>

<comp id="50" class="1001" name="const_50">
<pin_list>
<pin id="51" dir="1" index="0" bw="1" slack="2147483647"/>
</pin_list>
<bind>
<StgValue><ssdm name="empty_6"/></StgValue>
</bind>
</comp>

<comp id="52" class="1001" name="const_52">
<pin_list>
<pin id="53" dir="1" index="0" bw="1" slack="2147483647"/>
</pin_list>
<bind>
<StgValue><ssdm name="empty_7"/></StgValue>
</bind>
</comp>

<comp id="54" class="1001" name="const_54">
<pin_list>
<pin id="55" dir="1" index="0" bw="1" slack="2147483647"/>
</pin_list>
<bind>
<StgValue><ssdm name="empty_8"/></StgValue>
</bind>
</comp>

<comp id="56" class="1001" name="const_56">
<pin_list>
<pin id="57" dir="1" index="0" bw="1" slack="2147483647"/>
</pin_list>
<bind>
<StgValue><ssdm name="empty_9"/></StgValue>
</bind>
</comp>

<comp id="58" class="1001" name="const_58">
<pin_list>
<pin id="59" dir="1" index="0" bw="1" slack="2147483647"/>
</pin_list>
<bind>
<StgValue><ssdm name="empty_10"/></StgValue>
</bind>
</comp>

<comp id="60" class="1001" name="const_60">
<pin_list>
<pin id="61" dir="1" index="0" bw="1" slack="0"/>
</pin_list>
<bind>
<StgValue><ssdm name="_ssdm_op_Read.ap_none.i32"/></StgValue>
</bind>
</comp>

<comp id="62" class="1001" name="const_62">
<pin_list>
<pin id="63" dir="1" index="0" bw="1" slack="0"/>
</pin_list>
<bind>
<StgValue><ssdm name="_ssdm_op_Read.s_axilite.i64"/></StgValue>
</bind>
</comp>

<comp id="64" class="1001" name="const_64">
<pin_list>
<pin id="65" dir="1" index="0" bw="1" slack="0"/>
</pin_list>
<bind>
<StgValue><ssdm name=""/></StgValue>
</bind>
</comp>

<comp id="66" class="1001" name="const_66">
<pin_list>
<pin id="67" dir="1" index="0" bw="1" slack="0"/>
</pin_list>
<bind>
<StgValue><ssdm name="sha256_process_chunk"/></StgValue>
</bind>
</comp>

<comp id="68" class="1001" name="const_68">
<pin_list>
<pin id="69" dir="1" index="0" bw="1" slack="0"/>
</pin_list>
<bind>
<StgValue><ssdm name="calculate_sha256_Pipeline_hash_write_digest"/></StgValue>
</bind>
</comp>

<comp id="70" class="1001" name="const_70">
<pin_list>
<pin id="71" dir="1" index="0" bw="1" slack="2147483647"/>
</pin_list>
<bind>
<StgValue><ssdm name="_ssdm_op_SpecLoopName"/></StgValue>
</bind>
</comp>

<comp id="72" class="1001" name="const_72">
<pin_list>
<pin id="73" dir="1" index="0" bw="1" slack="2147483647"/>
</pin_list>
<bind>
<StgValue><ssdm name="empty_16"/></StgValue>
</bind>
</comp>

<comp id="74" class="1004" name="phi_mul_fu_74">
<pin_list>
<pin id="75" dir="0" index="0" bw="1" slack="0"/>
<pin id="76" dir="1" index="1" bw="64" slack="0"/>
</pin_list>
<bind>
<opcode="alloca(26) " fcode="alloca"/>
<opset="phi_mul/1 "/>
</bind>
</comp>

<comp id="78" class="1004" name="c_fu_78">
<pin_list>
<pin id="79" dir="0" index="0" bw="1" slack="0"/>
<pin id="80" dir="1" index="1" bw="32" slack="0"/>
</pin_list>
<bind>
<opcode="alloca(26) " fcode="alloca"/>
<opset="c/1 "/>
</bind>
</comp>

<comp id="82" class="1004" name="chunkSize_read_read_fu_82">
<pin_list>
<pin id="83" dir="0" index="0" bw="32" slack="0"/>
<pin id="84" dir="0" index="1" bw="32" slack="0"/>
<pin id="85" dir="1" index="2" bw="32" slack="0"/>
</pin_list>
<bind>
<opcode="read(1150) " fcode="read"/>
<opset="chunkSize_read/1 "/>
</bind>
</comp>

<comp id="88" class="1004" name="numChunks_read_read_fu_88">
<pin_list>
<pin id="89" dir="0" index="0" bw="32" slack="0"/>
<pin id="90" dir="0" index="1" bw="32" slack="0"/>
<pin id="91" dir="1" index="2" bw="32" slack="1"/>
</pin_list>
<bind>
<opcode="read(1150) " fcode="read"/>
<opset="numChunks_read/1 "/>
</bind>
</comp>

<comp id="94" class="1004" name="crc_out_read_read_fu_94">
<pin_list>
<pin id="95" dir="0" index="0" bw="64" slack="0"/>
<pin id="96" dir="0" index="1" bw="64" slack="0"/>
<pin id="97" dir="1" index="2" bw="64" slack="0"/>
</pin_list>
<bind>
<opcode="read(1150) " fcode="read"/>
<opset="crc_out_read/1 "/>
</bind>
</comp>

<comp id="100" class="1004" name="data_in_read_read_fu_100">
<pin_list>
<pin id="101" dir="0" index="0" bw="64" slack="0"/>
<pin id="102" dir="0" index="1" bw="64" slack="0"/>
<pin id="103" dir="1" index="2" bw="64" slack="1"/>
</pin_list>
<bind>
<opcode="read(1150) " fcode="read"/>
<opset="data_in_read/1 "/>
</bind>
</comp>

<comp id="106" class="1004" name="grp_sha256_process_chunk_fu_106">
<pin_list>
<pin id="107" dir="0" index="0" bw="256" slack="0"/>
<pin id="108" dir="0" index="1" bw="512" slack="0"/>
<pin id="109" dir="0" index="2" bw="64" slack="1"/>
<pin id="110" dir="0" index="3" bw="32" slack="2"/>
<pin id="111" dir="0" index="4" bw="32" slack="0"/>
<pin id="112" dir="1" index="5" bw="256" slack="0"/>
</pin_list>
<bind>
<opcode="call(48) " fcode="call"/>
<opset="call_ret/3 "/>
</bind>
</comp>

<comp id="116" class="1004" name="grp_calculate_sha256_Pipeline_hash_write_digest_fu_116">
<pin_list>
<pin id="117" dir="0" index="0" bw="0" slack="0"/>
<pin id="118" dir="0" index="1" bw="512" slack="0"/>
<pin id="119" dir="0" index="2" bw="32" slack="1"/>
<pin id="120" dir="0" index="3" bw="32" slack="1"/>
<pin id="121" dir="0" index="4" bw="32" slack="1"/>
<pin id="122" dir="0" index="5" bw="32" slack="1"/>
<pin id="123" dir="0" index="6" bw="32" slack="1"/>
<pin id="124" dir="0" index="7" bw="32" slack="1"/>
<pin id="125" dir="0" index="8" bw="32" slack="1"/>
<pin id="126" dir="0" index="9" bw="32" slack="1"/>
<pin id="127" dir="0" index="10" bw="32" slack="3"/>
<pin id="128" dir="0" index="11" bw="64" slack="4"/>
<pin id="129" dir="0" index="12" bw="6" slack="4"/>
<pin id="130" dir="1" index="13" bw="0" slack="2147483647"/>
</pin_list>
<bind>
<opcode="call(48) " fcode="call"/>
<opset="call_ln613/5 "/>
</bind>
</comp>

<comp id="133" class="1004" name="conv1_i_fu_133">
<pin_list>
<pin id="134" dir="0" index="0" bw="32" slack="0"/>
<pin id="135" dir="1" index="1" bw="64" slack="1"/>
</pin_list>
<bind>
<opcode="zext(34) " fcode="zext"/>
<opset="conv1_i/1 "/>
</bind>
</comp>

<comp id="137" class="1004" name="trunc_ln621_fu_137">
<pin_list>
<pin id="138" dir="0" index="0" bw="64" slack="0"/>
<pin id="139" dir="1" index="1" bw="6" slack="4"/>
</pin_list>
<bind>
<opcode="trunc(33) " fcode="trunc"/>
<opset="trunc_ln621/1 "/>
</bind>
</comp>

<comp id="141" class="1004" name="store_ln608_store_fu_141">
<pin_list>
<pin id="142" dir="0" index="0" bw="1" slack="0"/>
<pin id="143" dir="0" index="1" bw="32" slack="0"/>
<pin id="144" dir="1" index="2" bw="0" slack="2147483647"/>
</pin_list>
<bind>
<opcode="store(28) " fcode="store"/>
<opset="store_ln608/1 "/>
</bind>
</comp>

<comp id="146" class="1004" name="store_ln608_store_fu_146">
<pin_list>
<pin id="147" dir="0" index="0" bw="1" slack="0"/>
<pin id="148" dir="0" index="1" bw="64" slack="0"/>
<pin id="149" dir="1" index="2" bw="0" slack="2147483647"/>
</pin_list>
<bind>
<opcode="store(28) " fcode="store"/>
<opset="store_ln608/1 "/>
</bind>
</comp>

<comp id="151" class="1004" name="phi_mul_load_load_fu_151">
<pin_list>
<pin id="152" dir="0" index="0" bw="64" slack="1"/>
<pin id="153" dir="1" index="1" bw="64" slack="0"/>
</pin_list>
<bind>
<opcode="load(27) " fcode="load"/>
<opset="phi_mul_load/2 "/>
</bind>
</comp>

<comp id="154" class="1004" name="c_4_load_fu_154">
<pin_list>
<pin id="155" dir="0" index="0" bw="32" slack="1"/>
<pin id="156" dir="1" index="1" bw="32" slack="0"/>
</pin_list>
<bind>
<opcode="load(27) " fcode="load"/>
<opset="c_4/2 "/>
</bind>
</comp>

<comp id="157" class="1004" name="add_ln608_1_fu_157">
<pin_list>
<pin id="158" dir="0" index="0" bw="64" slack="0"/>
<pin id="159" dir="0" index="1" bw="32" slack="1"/>
<pin id="160" dir="1" index="2" bw="64" slack="0"/>
</pin_list>
<bind>
<opcode="add(8) " fcode="add"/>
<opset="add_ln608_1/2 "/>
</bind>
</comp>

<comp id="162" class="1004" name="icmp_ln608_fu_162">
<pin_list>
<pin id="163" dir="0" index="0" bw="32" slack="0"/>
<pin id="164" dir="0" index="1" bw="32" slack="1"/>
<pin id="165" dir="1" index="2" bw="1" slack="2147483647"/>
</pin_list>
<bind>
<opcode="icmp(45) " fcode="icmp"/>
<opset="icmp_ln608/2 "/>
</bind>
</comp>

<comp id="167" class="1004" name="add_ln608_fu_167">
<pin_list>
<pin id="168" dir="0" index="0" bw="32" slack="0"/>
<pin id="169" dir="0" index="1" bw="1" slack="0"/>
<pin id="170" dir="1" index="2" bw="32" slack="0"/>
</pin_list>
<bind>
<opcode="add(8) " fcode="add"/>
<opset="add_ln608/2 "/>
</bind>
</comp>

<comp id="173" class="1004" name="chunk_fu_173">
<pin_list>
<pin id="174" dir="0" index="0" bw="64" slack="0"/>
<pin id="175" dir="0" index="1" bw="64" slack="1"/>
<pin id="176" dir="1" index="2" bw="64" slack="1"/>
</pin_list>
<bind>
<opcode="add(8) " fcode="add"/>
<opset="chunk/2 "/>
</bind>
</comp>

<comp id="178" class="1004" name="store_ln608_store_fu_178">
<pin_list>
<pin id="179" dir="0" index="0" bw="32" slack="0"/>
<pin id="180" dir="0" index="1" bw="32" slack="1"/>
<pin id="181" dir="1" index="2" bw="0" slack="2147483647"/>
</pin_list>
<bind>
<opcode="store(28) " fcode="store"/>
<opset="store_ln608/2 "/>
</bind>
</comp>

<comp id="183" class="1004" name="store_ln608_store_fu_183">
<pin_list>
<pin id="184" dir="0" index="0" bw="64" slack="0"/>
<pin id="185" dir="0" index="1" bw="64" slack="1"/>
<pin id="186" dir="1" index="2" bw="0" slack="2147483647"/>
</pin_list>
<bind>
<opcode="store(28) " fcode="store"/>
<opset="store_ln608/2 "/>
</bind>
</comp>

<comp id="188" class="1004" name="digest_fu_188">
<pin_list>
<pin id="189" dir="0" index="0" bw="256" slack="0"/>
<pin id="190" dir="1" index="1" bw="32" slack="1"/>
</pin_list>
<bind>
<opcode="extractvalue(56) " fcode="extractvalue"/>
<opset="digest/4 "/>
</bind>
</comp>

<comp id="192" class="1004" name="digest_1_fu_192">
<pin_list>
<pin id="193" dir="0" index="0" bw="256" slack="0"/>
<pin id="194" dir="1" index="1" bw="32" slack="1"/>
</pin_list>
<bind>
<opcode="extractvalue(56) " fcode="extractvalue"/>
<opset="digest_1/4 "/>
</bind>
</comp>

<comp id="196" class="1004" name="digest_2_fu_196">
<pin_list>
<pin id="197" dir="0" index="0" bw="256" slack="0"/>
<pin id="198" dir="1" index="1" bw="32" slack="1"/>
</pin_list>
<bind>
<opcode="extractvalue(56) " fcode="extractvalue"/>
<opset="digest_2/4 "/>
</bind>
</comp>

<comp id="200" class="1004" name="digest_3_fu_200">
<pin_list>
<pin id="201" dir="0" index="0" bw="256" slack="0"/>
<pin id="202" dir="1" index="1" bw="32" slack="1"/>
</pin_list>
<bind>
<opcode="extractvalue(56) " fcode="extractvalue"/>
<opset="digest_3/4 "/>
</bind>
</comp>

<comp id="204" class="1004" name="digest_4_fu_204">
<pin_list>
<pin id="205" dir="0" index="0" bw="256" slack="0"/>
<pin id="206" dir="1" index="1" bw="32" slack="1"/>
</pin_list>
<bind>
<opcode="extractvalue(56) " fcode="extractvalue"/>
<opset="digest_4/4 "/>
</bind>
</comp>

<comp id="208" class="1004" name="digest_5_fu_208">
<pin_list>
<pin id="209" dir="0" index="0" bw="256" slack="0"/>
<pin id="210" dir="1" index="1" bw="32" slack="1"/>
</pin_list>
<bind>
<opcode="extractvalue(56) " fcode="extractvalue"/>
<opset="digest_5/4 "/>
</bind>
</comp>

<comp id="212" class="1004" name="digest_6_fu_212">
<pin_list>
<pin id="213" dir="0" index="0" bw="256" slack="0"/>
<pin id="214" dir="1" index="1" bw="32" slack="1"/>
</pin_list>
<bind>
<opcode="extractvalue(56) " fcode="extractvalue"/>
<opset="digest_6/4 "/>
</bind>
</comp>

<comp id="216" class="1004" name="digest_7_fu_216">
<pin_list>
<pin id="217" dir="0" index="0" bw="256" slack="0"/>
<pin id="218" dir="1" index="1" bw="32" slack="1"/>
</pin_list>
<bind>
<opcode="extractvalue(56) " fcode="extractvalue"/>
<opset="digest_7/4 "/>
</bind>
</comp>

<comp id="220" class="1005" name="phi_mul_reg_220">
<pin_list>
<pin id="221" dir="0" index="0" bw="64" slack="0"/>
<pin id="222" dir="1" index="1" bw="64" slack="0"/>
</pin_list>
<bind>
<opset="phi_mul "/>
</bind>
</comp>

<comp id="227" class="1005" name="c_reg_227">
<pin_list>
<pin id="228" dir="0" index="0" bw="32" slack="0"/>
<pin id="229" dir="1" index="1" bw="32" slack="0"/>
</pin_list>
<bind>
<opset="c "/>
</bind>
</comp>

<comp id="234" class="1005" name="chunkSize_read_reg_234">
<pin_list>
<pin id="235" dir="0" index="0" bw="32" slack="2"/>
<pin id="236" dir="1" index="1" bw="32" slack="2"/>
</pin_list>
<bind>
<opset="chunkSize_read "/>
</bind>
</comp>

<comp id="239" class="1005" name="numChunks_read_reg_239">
<pin_list>
<pin id="240" dir="0" index="0" bw="32" slack="1"/>
<pin id="241" dir="1" index="1" bw="32" slack="1"/>
</pin_list>
<bind>
<opset="numChunks_read "/>
</bind>
</comp>

<comp id="244" class="1005" name="crc_out_read_reg_244">
<pin_list>
<pin id="245" dir="0" index="0" bw="64" slack="4"/>
<pin id="246" dir="1" index="1" bw="64" slack="4"/>
</pin_list>
<bind>
<opset="crc_out_read "/>
</bind>
</comp>

<comp id="249" class="1005" name="data_in_read_reg_249">
<pin_list>
<pin id="250" dir="0" index="0" bw="64" slack="1"/>
<pin id="251" dir="1" index="1" bw="64" slack="1"/>
</pin_list>
<bind>
<opset="data_in_read "/>
</bind>
</comp>

<comp id="254" class="1005" name="conv1_i_reg_254">
<pin_list>
<pin id="255" dir="0" index="0" bw="64" slack="1"/>
<pin id="256" dir="1" index="1" bw="64" slack="1"/>
</pin_list>
<bind>
<opset="conv1_i "/>
</bind>
</comp>

<comp id="259" class="1005" name="trunc_ln621_reg_259">
<pin_list>
<pin id="260" dir="0" index="0" bw="6" slack="4"/>
<pin id="261" dir="1" index="1" bw="6" slack="4"/>
</pin_list>
<bind>
<opset="trunc_ln621 "/>
</bind>
</comp>

<comp id="264" class="1005" name="c_4_reg_264">
<pin_list>
<pin id="265" dir="0" index="0" bw="32" slack="3"/>
<pin id="266" dir="1" index="1" bw="32" slack="3"/>
</pin_list>
<bind>
<opset="c_4 "/>
</bind>
</comp>

<comp id="272" class="1005" name="chunk_reg_272">
<pin_list>
<pin id="273" dir="0" index="0" bw="64" slack="1"/>
<pin id="274" dir="1" index="1" bw="64" slack="1"/>
</pin_list>
<bind>
<opset="chunk "/>
</bind>
</comp>

<comp id="277" class="1005" name="digest_reg_277">
<pin_list>
<pin id="278" dir="0" index="0" bw="32" slack="1"/>
<pin id="279" dir="1" index="1" bw="32" slack="1"/>
</pin_list>
<bind>
<opset="digest "/>
</bind>
</comp>

<comp id="282" class="1005" name="digest_1_reg_282">
<pin_list>
<pin id="283" dir="0" index="0" bw="32" slack="1"/>
<pin id="284" dir="1" index="1" bw="32" slack="1"/>
</pin_list>
<bind>
<opset="digest_1 "/>
</bind>
</comp>

<comp id="287" class="1005" name="digest_2_reg_287">
<pin_list>
<pin id="288" dir="0" index="0" bw="32" slack="1"/>
<pin id="289" dir="1" index="1" bw="32" slack="1"/>
</pin_list>
<bind>
<opset="digest_2 "/>
</bind>
</comp>

<comp id="292" class="1005" name="digest_3_reg_292">
<pin_list>
<pin id="293" dir="0" index="0" bw="32" slack="1"/>
<pin id="294" dir="1" index="1" bw="32" slack="1"/>
</pin_list>
<bind>
<opset="digest_3 "/>
</bind>
</comp>

<comp id="297" class="1005" name="digest_4_reg_297">
<pin_list>
<pin id="298" dir="0" index="0" bw="32" slack="1"/>
<pin id="299" dir="1" index="1" bw="32" slack="1"/>
</pin_list>
<bind>
<opset="digest_4 "/>
</bind>
</comp>

<comp id="302" class="1005" name="digest_5_reg_302">
<pin_list>
<pin id="303" dir="0" index="0" bw="32" slack="1"/>
<pin id="304" dir="1" index="1" bw="32" slack="1"/>
</pin_list>
<bind>
<opset="digest_5 "/>
</bind>
</comp>

<comp id="307" class="1005" name="digest_6_reg_307">
<pin_list>
<pin id="308" dir="0" index="0" bw="32" slack="1"/>
<pin id="309" dir="1" index="1" bw="32" slack="1"/>
</pin_list>
<bind>
<opset="digest_6 "/>
</bind>
</comp>

<comp id="312" class="1005" name="digest_7_reg_312">
<pin_list>
<pin id="313" dir="0" index="0" bw="32" slack="1"/>
<pin id="314" dir="1" index="1" bw="32" slack="1"/>
</pin_list>
<bind>
<opset="digest_7 "/>
</bind>
</comp>

</comp_list>

<net_list>
<net id="77"><net_src comp="12" pin="0"/><net_sink comp="74" pin=0"/></net>

<net id="81"><net_src comp="12" pin="0"/><net_sink comp="78" pin=0"/></net>

<net id="86"><net_src comp="60" pin="0"/><net_sink comp="82" pin=0"/></net>

<net id="87"><net_src comp="8" pin="0"/><net_sink comp="82" pin=1"/></net>

<net id="92"><net_src comp="60" pin="0"/><net_sink comp="88" pin=0"/></net>

<net id="93"><net_src comp="6" pin="0"/><net_sink comp="88" pin=1"/></net>

<net id="98"><net_src comp="62" pin="0"/><net_sink comp="94" pin=0"/></net>

<net id="99"><net_src comp="4" pin="0"/><net_sink comp="94" pin=1"/></net>

<net id="104"><net_src comp="62" pin="0"/><net_sink comp="100" pin=0"/></net>

<net id="105"><net_src comp="2" pin="0"/><net_sink comp="100" pin=1"/></net>

<net id="113"><net_src comp="66" pin="0"/><net_sink comp="106" pin=0"/></net>

<net id="114"><net_src comp="0" pin="0"/><net_sink comp="106" pin=1"/></net>

<net id="115"><net_src comp="10" pin="0"/><net_sink comp="106" pin=4"/></net>

<net id="131"><net_src comp="68" pin="0"/><net_sink comp="116" pin=0"/></net>

<net id="132"><net_src comp="0" pin="0"/><net_sink comp="116" pin=1"/></net>

<net id="136"><net_src comp="82" pin="2"/><net_sink comp="133" pin=0"/></net>

<net id="140"><net_src comp="94" pin="2"/><net_sink comp="137" pin=0"/></net>

<net id="145"><net_src comp="20" pin="0"/><net_sink comp="141" pin=0"/></net>

<net id="150"><net_src comp="64" pin="0"/><net_sink comp="146" pin=0"/></net>

<net id="161"><net_src comp="151" pin="1"/><net_sink comp="157" pin=0"/></net>

<net id="166"><net_src comp="154" pin="1"/><net_sink comp="162" pin=0"/></net>

<net id="171"><net_src comp="154" pin="1"/><net_sink comp="167" pin=0"/></net>

<net id="172"><net_src comp="12" pin="0"/><net_sink comp="167" pin=1"/></net>

<net id="177"><net_src comp="151" pin="1"/><net_sink comp="173" pin=0"/></net>

<net id="182"><net_src comp="167" pin="2"/><net_sink comp="178" pin=0"/></net>

<net id="187"><net_src comp="157" pin="2"/><net_sink comp="183" pin=0"/></net>

<net id="191"><net_src comp="106" pin="5"/><net_sink comp="188" pin=0"/></net>

<net id="195"><net_src comp="106" pin="5"/><net_sink comp="192" pin=0"/></net>

<net id="199"><net_src comp="106" pin="5"/><net_sink comp="196" pin=0"/></net>

<net id="203"><net_src comp="106" pin="5"/><net_sink comp="200" pin=0"/></net>

<net id="207"><net_src comp="106" pin="5"/><net_sink comp="204" pin=0"/></net>

<net id="211"><net_src comp="106" pin="5"/><net_sink comp="208" pin=0"/></net>

<net id="215"><net_src comp="106" pin="5"/><net_sink comp="212" pin=0"/></net>

<net id="219"><net_src comp="106" pin="5"/><net_sink comp="216" pin=0"/></net>

<net id="223"><net_src comp="74" pin="1"/><net_sink comp="220" pin=0"/></net>

<net id="224"><net_src comp="220" pin="1"/><net_sink comp="146" pin=1"/></net>

<net id="225"><net_src comp="220" pin="1"/><net_sink comp="151" pin=0"/></net>

<net id="226"><net_src comp="220" pin="1"/><net_sink comp="183" pin=1"/></net>

<net id="230"><net_src comp="78" pin="1"/><net_sink comp="227" pin=0"/></net>

<net id="231"><net_src comp="227" pin="1"/><net_sink comp="141" pin=1"/></net>

<net id="232"><net_src comp="227" pin="1"/><net_sink comp="154" pin=0"/></net>

<net id="233"><net_src comp="227" pin="1"/><net_sink comp="178" pin=1"/></net>

<net id="237"><net_src comp="82" pin="2"/><net_sink comp="234" pin=0"/></net>

<net id="238"><net_src comp="234" pin="1"/><net_sink comp="106" pin=3"/></net>

<net id="242"><net_src comp="88" pin="2"/><net_sink comp="239" pin=0"/></net>

<net id="243"><net_src comp="239" pin="1"/><net_sink comp="162" pin=1"/></net>

<net id="247"><net_src comp="94" pin="2"/><net_sink comp="244" pin=0"/></net>

<net id="248"><net_src comp="244" pin="1"/><net_sink comp="116" pin=11"/></net>

<net id="252"><net_src comp="100" pin="2"/><net_sink comp="249" pin=0"/></net>

<net id="253"><net_src comp="249" pin="1"/><net_sink comp="173" pin=1"/></net>

<net id="257"><net_src comp="133" pin="1"/><net_sink comp="254" pin=0"/></net>

<net id="258"><net_src comp="254" pin="1"/><net_sink comp="157" pin=1"/></net>

<net id="262"><net_src comp="137" pin="1"/><net_sink comp="259" pin=0"/></net>

<net id="263"><net_src comp="259" pin="1"/><net_sink comp="116" pin=12"/></net>

<net id="267"><net_src comp="154" pin="1"/><net_sink comp="264" pin=0"/></net>

<net id="268"><net_src comp="264" pin="1"/><net_sink comp="116" pin=10"/></net>

<net id="275"><net_src comp="173" pin="2"/><net_sink comp="272" pin=0"/></net>

<net id="276"><net_src comp="272" pin="1"/><net_sink comp="106" pin=2"/></net>

<net id="280"><net_src comp="188" pin="1"/><net_sink comp="277" pin=0"/></net>

<net id="281"><net_src comp="277" pin="1"/><net_sink comp="116" pin=2"/></net>

<net id="285"><net_src comp="192" pin="1"/><net_sink comp="282" pin=0"/></net>

<net id="286"><net_src comp="282" pin="1"/><net_sink comp="116" pin=3"/></net>

<net id="290"><net_src comp="196" pin="1"/><net_sink comp="287" pin=0"/></net>

<net id="291"><net_src comp="287" pin="1"/><net_sink comp="116" pin=4"/></net>

<net id="295"><net_src comp="200" pin="1"/><net_sink comp="292" pin=0"/></net>

<net id="296"><net_src comp="292" pin="1"/><net_sink comp="116" pin=5"/></net>

<net id="300"><net_src comp="204" pin="1"/><net_sink comp="297" pin=0"/></net>

<net id="301"><net_src comp="297" pin="1"/><net_sink comp="116" pin=6"/></net>

<net id="305"><net_src comp="208" pin="1"/><net_sink comp="302" pin=0"/></net>

<net id="306"><net_src comp="302" pin="1"/><net_sink comp="116" pin=7"/></net>

<net id="310"><net_src comp="212" pin="1"/><net_sink comp="307" pin=0"/></net>

<net id="311"><net_src comp="307" pin="1"/><net_sink comp="116" pin=8"/></net>

<net id="315"><net_src comp="216" pin="1"/><net_sink comp="312" pin=0"/></net>

<net id="316"><net_src comp="312" pin="1"/><net_sink comp="116" pin=9"/></net>

</net_list>

</model> 
---------------- Datapath Model END ------------------

* FSMD analyzer results:
  - Output states:
	Port: gmem0 | {5 6 }
 - Input state : 
	Port: calculate_sha256 : gmem0 | {3 4 }
	Port: calculate_sha256 : data_in | {1 }
	Port: calculate_sha256 : crc_out | {1 }
	Port: calculate_sha256 : numChunks | {1 }
	Port: calculate_sha256 : chunkSize | {1 }
	Port: calculate_sha256 : SHA256_K | {3 4 }
  - Chain level:
	State 1
		store_ln608 : 1
		store_ln608 : 1
	State 2
		add_ln608_1 : 1
		icmp_ln608 : 1
		add_ln608 : 1
		br_ln608 : 2
		chunk : 1
		store_ln608 : 2
		store_ln608 : 2
	State 3
	State 4
		digest : 1
		digest_1 : 1
		digest_2 : 1
		digest_3 : 1
		digest_4 : 1
		digest_5 : 1
		digest_6 : 1
		digest_7 : 1
	State 5
	State 6


============================================================
+ Verbose Summary: Datapath Resource usage 
============================================================

* Functional unit list:
|----------|--------------------------------------------------------|---------|---------|---------|---------|---------|---------|
| Operation|                     Functional Unit                    |   BRAM  |   DSP   |  Delay  |    FF   |   LUT   |   URAM  |
|----------|--------------------------------------------------------|---------|---------|---------|---------|---------|---------|
|   call   |             grp_sha256_process_chunk_fu_106            |    0    |    0    | 42.0426 |  111919 |  153569 |    0    |
|          | grp_calculate_sha256_Pipeline_hash_write_digest_fu_116 |    0    |    0    |  0.774  |   1673  |   1228  |    0    |
|----------|--------------------------------------------------------|---------|---------|---------|---------|---------|---------|
|          |                   add_ln608_1_fu_157                   |    0    |    0    |    0    |    0    |    71   |    0    |
|    add   |                    add_ln608_fu_167                    |    0    |    0    |    0    |    0    |    39   |    0    |
|          |                      chunk_fu_173                      |    0    |    0    |    0    |    0    |    71   |    0    |
|----------|--------------------------------------------------------|---------|---------|---------|---------|---------|---------|
|   icmp   |                    icmp_ln608_fu_162                   |    0    |    0    |    0    |    0    |    39   |    0    |
|----------|--------------------------------------------------------|---------|---------|---------|---------|---------|---------|
|          |                chunkSize_read_read_fu_82               |    0    |    0    |    0    |    0    |    0    |    0    |
|   read   |                numChunks_read_read_fu_88               |    0    |    0    |    0    |    0    |    0    |    0    |
|          |                 crc_out_read_read_fu_94                |    0    |    0    |    0    |    0    |    0    |    0    |
|          |                data_in_read_read_fu_100                |    0    |    0    |    0    |    0    |    0    |    0    |
|----------|--------------------------------------------------------|---------|---------|---------|---------|---------|---------|
|   zext   |                     conv1_i_fu_133                     |    0    |    0    |    0    |    0    |    0    |    0    |
|----------|--------------------------------------------------------|---------|---------|---------|---------|---------|---------|
|   trunc  |                   trunc_ln621_fu_137                   |    0    |    0    |    0    |    0    |    0    |    0    |
|----------|--------------------------------------------------------|---------|---------|---------|---------|---------|---------|
|          |                      digest_fu_188                     |    0    |    0    |    0    |    0    |    0    |    0    |
|          |                     digest_1_fu_192                    |    0    |    0    |    0    |    0    |    0    |    0    |
|          |                     digest_2_fu_196                    |    0    |    0    |    0    |    0    |    0    |    0    |
|extractvalue|                     digest_3_fu_200                    |    0    |    0    |    0    |    0    |    0    |    0    |
|          |                     digest_4_fu_204                    |    0    |    0    |    0    |    0    |    0    |    0    |
|          |                     digest_5_fu_208                    |    0    |    0    |    0    |    0    |    0    |    0    |
|          |                     digest_6_fu_212                    |    0    |    0    |    0    |    0    |    0    |    0    |
|          |                     digest_7_fu_216                    |    0    |    0    |    0    |    0    |    0    |    0    |
|----------|--------------------------------------------------------|---------|---------|---------|---------|---------|---------|
|   Total  |                                                        |    0    |    0    | 42.8166 |  113592 |  155017 |    0    |
|----------|--------------------------------------------------------|---------|---------|---------|---------|---------|---------|

Memories:
+--------+--------+--------+--------+
|        |  BRAM  |   FF   |   LUT  |
+--------+--------+--------+--------+
|SHA256_K|    0   |   32   |   33   |
+--------+--------+--------+--------+
|  Total |    0   |   32   |   33   |
+--------+--------+--------+--------+

* Register list:
+----------------------+--------+
|                      |   FF   |
+----------------------+--------+
|      c_4_reg_264     |   32   |
|       c_reg_227      |   32   |
|chunkSize_read_reg_234|   32   |
|     chunk_reg_272    |   64   |
|    conv1_i_reg_254   |   64   |
| crc_out_read_reg_244 |   64   |
| data_in_read_reg_249 |   64   |
|   digest_1_reg_282   |   32   |
|   digest_2_reg_287   |   32   |
|   digest_3_reg_292   |   32   |
|   digest_4_reg_297   |   32   |
|   digest_5_reg_302   |   32   |
|   digest_6_reg_307   |   32   |
|   digest_7_reg_312   |   32   |
|    digest_reg_277    |   32   |
|numChunks_read_reg_239|   32   |
|    phi_mul_reg_220   |   64   |
|  trunc_ln621_reg_259 |    6   |
+----------------------+--------+
|         Total        |   710  |
+----------------------+--------+

* Multiplexer (MUX) list: 
|--------|------|------|------|--------|
|  Comp  |  Pin | Size |  BW  | S x BW |
|--------|------|------|------|--------|
|  Total |      |      |      |    0   |
|--------|------|------|------|--------|



* Summary:
+-----------+--------+--------+--------+--------+--------+--------+
|           |  BRAM  |   DSP  |  Delay |   FF   |   LUT  |  URAM  |
+-----------+--------+--------+--------+--------+--------+--------+
|  Function |    0   |    0   |   42   | 113592 | 155017 |    0   |
|   Memory  |    0   |    -   |    -   |   32   |   33   |    -   |
|Multiplexer|    -   |    -   |    -   |    -   |    -   |    -   |
|  Register |    -   |    -   |    -   |   710  |    -   |    -   |
+-----------+--------+--------+--------+--------+--------+--------+
|   Total   |    0   |    0   |   42   | 114334 | 155050 |    0   |
+-----------+--------+--------+--------+--------+--------+--------+
