

================================================================
== Vitis HLS Report for 'sha256_compress_block_Pipeline_init_words'
================================================================
* Date:           Mon Feb 16 01:33:38 2026

* Version:        2023.1 (Build 3854077 on May  4 2023)
* Project:        calculate_sha256
* Solution:       solution (Vitis Kernel Flow Target)
* Product family: virtexuplusHBM
* Target device:  xcu280-fsvh2892-2L-e


================================================================
== Performance Estimates
================================================================
+ Timing: 
    * Summary: 
    +--------+---------+----------+------------+
    |  Clock |  Target | Estimated| Uncertainty|
    +--------+---------+----------+------------+
    |ap_clk  |  3.33 ns|  2.142 ns|     0.90 ns|
    +--------+---------+----------+------------+

+ Latency: 
    * Summary: 
    +---------+---------+-----------+-----------+-----+-----+---------+
    |  Latency (cycles) |   Latency (absolute)  |  Interval | Pipeline|
    |   min   |   max   |    min    |    max    | min | max |   Type  |
    +---------+---------+-----------+-----------+-----+-----+---------+
    |       18|       18|  59.994 ns|  59.994 ns|   18|   18|       no|
    +---------+---------+-----------+-----------+-----+-----+---------+

    + Detail: 
        * Instance: 
        N/A

        * Loop: 
        +--------------+---------+---------+----------+-----------+-----------+------+----------+
        |              |  Latency (cycles) | Iteration|  Initiation Interval  | Trip |          |
        |   Loop Name  |   min   |   max   |  Latency |  achieved |   target  | Count| Pipelined|
        +--------------+---------+---------+----------+-----------+-----------+------+----------+
        |- init_words  |       16|       16|         1|          1|          1|    16|       yes|
        +--------------+---------+---------+----------+-----------+-----------+------+----------+



================================================================
== Utilization Estimates
================================================================
* Summary: 
+---------------------+---------+------+---------+---------+-----+
|         Name        | BRAM_18K|  DSP |    FF   |   LUT   | URAM|
+---------------------+---------+------+---------+---------+-----+
|DSP                  |        -|     -|        -|        -|    -|
|Expression           |        -|     -|        0|     2248|    -|
|FIFO                 |        -|     -|        -|        -|    -|
|Instance             |        -|     -|        -|        -|    -|
|Memory               |        -|     -|        -|        -|    -|
|Multiplexer          |        -|     -|        -|       63|    -|
|Register             |        -|     -|       22|        -|    -|
+---------------------+---------+------+---------+---------+-----+
|Total                |        0|     0|       22|     2311|    0|
+---------------------+---------+------+---------+---------+-----+
|Available SLR        |     1344|  3008|   869120|   434560|  320|
+---------------------+---------+------+---------+---------+-----+
|Utilization SLR (%)  |        0|     0|       ~0|       ~0|    0|
+---------------------+---------+------+---------+---------+-----+
|Available            |     4032|  9024|  2607360|  1303680|  960|
+---------------------+---------+------+---------+---------+-----+
|Utilization (%)      |        0|     0|       ~0|       ~0|    0|
+---------------------+---------+------+---------+---------+-----+

+ Detail: 
    * Instance: 
    N/A

    * DSP: 
    N/A

    * Memory: 
    N/A

    * FIFO: 
    N/A

    * Expression: 
    +------------------------+----------+----+---+------+------------+------------+
    |      Variable Name     | Operation| DSP| FF|  LUT | Bitwidth P0| Bitwidth P1|
    +------------------------+----------+----+---+------+------------+------------+
    |add_ln127_1_fu_161_p2   |         +|   0|  0|    17|          10|           6|
    |add_ln127_2_fu_259_p2   |         +|   0|  0|    12|           5|           1|
    |add_ln127_fu_152_p2     |         +|   0|  0|    12|           5|           1|
    |ap_ext_blocking_n       |       and|   0|  0|     2|           2|           2|
    |ap_int_blocking_n       |       and|   0|  0|     2|           2|           2|
    |ap_str_blocking_n       |       and|   0|  0|     2|           2|           2|
    |icmp_ln127_1_fu_265_p2  |      icmp|   0|  0|    12|           5|           2|
    |icmp_ln127_fu_146_p2    |      icmp|   0|  0|    13|           5|           6|
    |lshr_ln130_fu_204_p2    |      lshr|   0|  0|  2171|         512|         512|
    |select_ln127_fu_271_p3  |    select|   0|  0|     5|           1|           5|
    +------------------------+----------+----+---+------+------------+------------+
    |Total                   |          |   0|  0|  2248|         549|         539|
    +------------------------+----------+----+---+------+------------+------------+

    * Multiplexer: 
    +--------------------------------+----+-----------+-----+-----------+
    |              Name              | LUT| Input Size| Bits| Total Bits|
    +--------------------------------+----+-----------+-----+-----------+
    |ap_done_int                     |   9|          2|    1|          2|
    |ap_sig_allocacmp_i_6            |   9|          2|    5|         10|
    |ap_sig_allocacmp_phi_mul_load   |   9|          2|   10|         20|
    |ap_sig_allocacmp_phi_urem_load  |   9|          2|    5|         10|
    |i_fu_76                         |   9|          2|    5|         10|
    |phi_mul_fu_72                   |   9|          2|   10|         20|
    |phi_urem_fu_68                  |   9|          2|    5|         10|
    +--------------------------------+----+-----------+-----+-----------+
    |Total                           |  63|         14|   41|         82|
    +--------------------------------+----+-----------+-----+-----------+

    * Register: 
    +----------------+----+----+-----+-----------+
    |      Name      | FF | LUT| Bits| Const Bits|
    +----------------+----+----+-----+-----------+
    |ap_CS_fsm       |   1|   0|    1|          0|
    |ap_done_reg     |   1|   0|    1|          0|
    |i_fu_76         |   5|   0|    5|          0|
    |phi_mul_fu_72   |  10|   0|   10|          0|
    |phi_urem_fu_68  |   5|   0|    5|          0|
    +----------------+----+----+-----+-----------+
    |Total           |  22|   0|   22|          0|
    +----------------+----+----+-----+-----------+



================================================================
== Interface
================================================================
* Summary: 
+-------------------+-----+-----+------------+-------------------------------------------+--------------+
|     RTL Ports     | Dir | Bits|  Protocol  |               Source Object               |    C Type    |
+-------------------+-----+-----+------------+-------------------------------------------+--------------+
|ap_clk             |   in|    1|  ap_ctrl_hs|  sha256_compress_block_Pipeline_init_words|  return value|
|ap_rst             |   in|    1|  ap_ctrl_hs|  sha256_compress_block_Pipeline_init_words|  return value|
|ap_start           |   in|    1|  ap_ctrl_hs|  sha256_compress_block_Pipeline_init_words|  return value|
|ap_done            |  out|    1|  ap_ctrl_hs|  sha256_compress_block_Pipeline_init_words|  return value|
|ap_idle            |  out|    1|  ap_ctrl_hs|  sha256_compress_block_Pipeline_init_words|  return value|
|ap_ready           |  out|    1|  ap_ctrl_hs|  sha256_compress_block_Pipeline_init_words|  return value|
|ap_ext_blocking_n  |  out|    1|  ap_ctrl_hs|  sha256_compress_block_Pipeline_init_words|  return value|
|ap_str_blocking_n  |  out|    1|  ap_ctrl_hs|  sha256_compress_block_Pipeline_init_words|  return value|
|ap_int_blocking_n  |  out|    1|  ap_ctrl_hs|  sha256_compress_block_Pipeline_init_words|  return value|
|w_2_address0       |  out|    5|   ap_memory|                                        w_2|         array|
|w_2_ce0            |  out|    1|   ap_memory|                                        w_2|         array|
|w_2_we0            |  out|    1|   ap_memory|                                        w_2|         array|
|w_2_d0             |  out|   32|   ap_memory|                                        w_2|         array|
|w_1_address0       |  out|    5|   ap_memory|                                        w_1|         array|
|w_1_ce0            |  out|    1|   ap_memory|                                        w_1|         array|
|w_1_we0            |  out|    1|   ap_memory|                                        w_1|         array|
|w_1_d0             |  out|   32|   ap_memory|                                        w_1|         array|
|w_address0         |  out|    5|   ap_memory|                                          w|         array|
|w_ce0              |  out|    1|   ap_memory|                                          w|         array|
|w_we0              |  out|    1|   ap_memory|                                          w|         array|
|w_d0               |  out|   32|   ap_memory|                                          w|         array|
|block_val          |   in|  512|     ap_none|                                  block_val|        scalar|
+-------------------+-----+-----+------------+-------------------------------------------+--------------+

============================================================
+ Verbose Summary: Synthesis Manager
============================================================
InlineROM: 1
ExposeGlobal: 0
============================================================
+ Verbose Summary: CDFG Model
============================================================
IsTopModel: 0
ResetActiveHigh: 1
IsCombinational: 2
IsDatapathOnly: 2
HasWiredReturn: 1
HasMFsm: 2
HasVarLatency: 1
IsPipeline: 0
IsRtlPipelined: 0
IsInstanceOverlapped: 0
IsDontTouch: 0
HasImplIP: 0
IsGatedGlobalClock: 0

+ Individual pipeline summary: 
  * Pipeline-0: initiation interval (II) = 1, depth = 1


============================================================
+ Verbose Summary: Schedule
============================================================
* Number of FSM states : 1
* Pipeline : 1
  Pipeline-0 : II = 1, D = 1, States = { 1 }
* Dataflow Pipeline: 0

* FSM state transitions: 
1 --> 

* FSM state operations: 

State 1 <SV = 0> <Delay = 2.14>
ST_1 : Operation 4 [1/1] (0.00ns)   --->   "%phi_urem = alloca i32 1"   --->   Operation 4 'alloca' 'phi_urem' <Predicate = true> <Delay = 0.00>
ST_1 : Operation 5 [1/1] (0.00ns)   --->   "%phi_mul = alloca i32 1"   --->   Operation 5 'alloca' 'phi_mul' <Predicate = true> <Delay = 0.00>
ST_1 : Operation 6 [1/1] (0.00ns)   --->   "%i = alloca i32 1"   --->   Operation 6 'alloca' 'i' <Predicate = true> <Delay = 0.00>
ST_1 : Operation 7 [1/1] (0.00ns)   --->   "%block_val_read = read i512 @_ssdm_op_Read.ap_auto.i512, i512 %block_val"   --->   Operation 7 'read' 'block_val_read' <Predicate = true> <Delay = 0.00>
ST_1 : Operation 8 [1/1] (0.38ns)   --->   "%store_ln0 = store i5 0, i5 %i"   --->   Operation 8 'store' 'store_ln0' <Predicate = true> <Delay = 0.38>
ST_1 : Operation 9 [1/1] (0.38ns)   --->   "%store_ln0 = store i10 0, i10 %phi_mul"   --->   Operation 9 'store' 'store_ln0' <Predicate = true> <Delay = 0.38>
ST_1 : Operation 10 [1/1] (0.38ns)   --->   "%store_ln0 = store i5 0, i5 %phi_urem"   --->   Operation 10 'store' 'store_ln0' <Predicate = true> <Delay = 0.38>
ST_1 : Operation 11 [1/1] (0.00ns)   --->   "%br_ln0 = br void %for.inc"   --->   Operation 11 'br' 'br_ln0' <Predicate = true> <Delay = 0.00>
ST_1 : Operation 12 [1/1] (0.00ns)   --->   "%phi_urem_load = load i5 %phi_urem" [/users/arashs/U280_CRC_Accelerator/src/kernel.cpp:127]   --->   Operation 12 'load' 'phi_urem_load' <Predicate = true> <Delay = 0.00>
ST_1 : Operation 13 [1/1] (0.00ns)   --->   "%i_6 = load i5 %i" [/users/arashs/U280_CRC_Accelerator/src/kernel.cpp:130]   --->   Operation 13 'load' 'i_6' <Predicate = true> <Delay = 0.00>
ST_1 : Operation 14 [1/1] (0.70ns)   --->   "%icmp_ln127 = icmp_eq  i5 %i_6, i5 16" [/users/arashs/U280_CRC_Accelerator/src/kernel.cpp:127]   --->   Operation 14 'icmp' 'icmp_ln127' <Predicate = true> <Delay = 0.70> <CoreInst = "Cmp">   --->   Core 9 'Cmp' <Latency = 0> <II = 1> <Delay = 0.70> <FuncUnit> <Opcode : 'icmp'> <InPorts = 2> <OutPorts = 1>
ST_1 : Operation 15 [1/1] (0.70ns)   --->   "%add_ln127 = add i5 %i_6, i5 1" [/users/arashs/U280_CRC_Accelerator/src/kernel.cpp:127]   --->   Operation 15 'add' 'add_ln127' <Predicate = true> <Delay = 0.70> <CoreInst = "Adder">   --->   Core 1 'Adder' <Latency = 0> <II = 1> <Delay = 0.70> <FuncUnit> <Opcode : 'add' 'sub'> <InPorts = 2> <OutPorts = 1>
ST_1 : Operation 16 [1/1] (0.00ns)   --->   "%br_ln127 = br i1 %icmp_ln127, void %for.inc.split, void %for.inc25.preheader.exitStub" [/users/arashs/U280_CRC_Accelerator/src/kernel.cpp:127]   --->   Operation 16 'br' 'br_ln127' <Predicate = true> <Delay = 0.00>
ST_1 : Operation 17 [1/1] (0.00ns)   --->   "%phi_mul_load = load i10 %phi_mul" [/users/arashs/U280_CRC_Accelerator/src/kernel.cpp:127]   --->   Operation 17 'load' 'phi_mul_load' <Predicate = (!icmp_ln127)> <Delay = 0.00>
ST_1 : Operation 18 [1/1] (0.00ns)   --->   "%specpipeline_ln129 = specpipeline void @_ssdm_op_SpecPipeline, i32 1, i32 0, i32 0, i32 0, void @empty" [/users/arashs/U280_CRC_Accelerator/src/kernel.cpp:129]   --->   Operation 18 'specpipeline' 'specpipeline_ln129' <Predicate = (!icmp_ln127)> <Delay = 0.00>
ST_1 : Operation 19 [1/1] (0.00ns)   --->   "%speclooptripcount_ln127 = speclooptripcount void @_ssdm_op_SpecLoopTripCount, i64 16, i64 16, i64 16" [/users/arashs/U280_CRC_Accelerator/src/kernel.cpp:127]   --->   Operation 19 'speclooptripcount' 'speclooptripcount_ln127' <Predicate = (!icmp_ln127)> <Delay = 0.00>
ST_1 : Operation 20 [1/1] (0.00ns)   --->   "%specloopname_ln127 = specloopname void @_ssdm_op_SpecLoopName, void @empty_11" [/users/arashs/U280_CRC_Accelerator/src/kernel.cpp:127]   --->   Operation 20 'specloopname' 'specloopname_ln127' <Predicate = (!icmp_ln127)> <Delay = 0.00>
ST_1 : Operation 21 [1/1] (0.72ns)   --->   "%add_ln127_1 = add i10 %phi_mul_load, i10 43" [/users/arashs/U280_CRC_Accelerator/src/kernel.cpp:127]   --->   Operation 21 'add' 'add_ln127_1' <Predicate = (!icmp_ln127)> <Delay = 0.72> <CoreInst = "Adder">   --->   Core 1 'Adder' <Latency = 0> <II = 1> <Delay = 0.72> <FuncUnit> <Opcode : 'add' 'sub'> <InPorts = 2> <OutPorts = 1>
ST_1 : Operation 22 [1/1] (0.00ns)   --->   "%tmp = partselect i3 @_ssdm_op_PartSelect.i3.i10.i32.i32, i10 %phi_mul_load, i32 7, i32 9" [/users/arashs/U280_CRC_Accelerator/src/kernel.cpp:127]   --->   Operation 22 'partselect' 'tmp' <Predicate = (!icmp_ln127)> <Delay = 0.00>
ST_1 : Operation 23 [1/1] (0.00ns)   --->   "%zext_ln127 = zext i3 %tmp" [/users/arashs/U280_CRC_Accelerator/src/kernel.cpp:127]   --->   Operation 23 'zext' 'zext_ln127' <Predicate = (!icmp_ln127)> <Delay = 0.00>
ST_1 : Operation 24 [1/1] (0.00ns)   --->   "%trunc_ln127 = trunc i5 %phi_urem_load" [/users/arashs/U280_CRC_Accelerator/src/kernel.cpp:127]   --->   Operation 24 'trunc' 'trunc_ln127' <Predicate = (!icmp_ln127)> <Delay = 0.00>
ST_1 : Operation 25 [1/1] (0.00ns)   --->   "%trunc_ln130 = trunc i5 %i_6" [/users/arashs/U280_CRC_Accelerator/src/kernel.cpp:130]   --->   Operation 25 'trunc' 'trunc_ln130' <Predicate = (!icmp_ln127)> <Delay = 0.00>
ST_1 : Operation 26 [1/1] (0.00ns)   --->   "%shl_ln = bitconcatenate i9 @_ssdm_op_BitConcatenate.i9.i4.i5, i4 %trunc_ln130, i5 0" [/users/arashs/U280_CRC_Accelerator/src/kernel.cpp:130]   --->   Operation 26 'bitconcatenate' 'shl_ln' <Predicate = (!icmp_ln127)> <Delay = 0.00>
ST_1 : Operation 27 [1/1] (0.00ns)   --->   "%zext_ln130 = zext i9 %shl_ln" [/users/arashs/U280_CRC_Accelerator/src/kernel.cpp:130]   --->   Operation 27 'zext' 'zext_ln130' <Predicate = (!icmp_ln127)> <Delay = 0.00>
ST_1 : Operation 28 [1/1] (1.44ns)   --->   "%lshr_ln130 = lshr i512 %block_val_read, i512 %zext_ln130" [/users/arashs/U280_CRC_Accelerator/src/kernel.cpp:130]   --->   Operation 28 'lshr' 'lshr_ln130' <Predicate = (!icmp_ln127)> <Delay = 1.44> <CoreInst = "Shifter">   --->   Core 75 'Shifter' <Latency = 0> <II = 1> <Delay = 1.44> <FuncUnit> <Opcode : 'shl' 'lshr' 'ashr'> <InPorts = 2> <OutPorts = 1>
ST_1 : Operation 29 [1/1] (0.00ns)   --->   "%tmp_4 = partselect i8 @_ssdm_op_PartSelect.i8.i512.i32.i32, i512 %lshr_ln130, i32 16, i32 23" [/users/arashs/U280_CRC_Accelerator/src/kernel.cpp:104->/users/arashs/U280_CRC_Accelerator/src/kernel.cpp:131]   --->   Operation 29 'partselect' 'tmp_4' <Predicate = (!icmp_ln127)> <Delay = 0.00>
ST_1 : Operation 30 [1/1] (0.00ns)   --->   "%tmp_s = partselect i8 @_ssdm_op_PartSelect.i8.i512.i32.i32, i512 %lshr_ln130, i32 24, i32 31" [/users/arashs/U280_CRC_Accelerator/src/kernel.cpp:105->/users/arashs/U280_CRC_Accelerator/src/kernel.cpp:131]   --->   Operation 30 'partselect' 'tmp_s' <Predicate = (!icmp_ln127)> <Delay = 0.00>
ST_1 : Operation 31 [1/1] (0.00ns)   --->   "%trunc_ln104 = trunc i512 %lshr_ln130" [/users/arashs/U280_CRC_Accelerator/src/kernel.cpp:104->/users/arashs/U280_CRC_Accelerator/src/kernel.cpp:131]   --->   Operation 31 'trunc' 'trunc_ln104' <Predicate = (!icmp_ln127)> <Delay = 0.00>
ST_1 : Operation 32 [1/1] (0.00ns)   --->   "%tmp_9 = partselect i8 @_ssdm_op_PartSelect.i8.i512.i32.i32, i512 %lshr_ln130, i32 8, i32 15" [/users/arashs/U280_CRC_Accelerator/src/kernel.cpp:104->/users/arashs/U280_CRC_Accelerator/src/kernel.cpp:131]   --->   Operation 32 'partselect' 'tmp_9' <Predicate = (!icmp_ln127)> <Delay = 0.00>
ST_1 : Operation 33 [1/1] (0.00ns)   --->   "%or_ln104_2 = bitconcatenate i32 @_ssdm_op_BitConcatenate.i32.i8.i8.i8.i8, i8 %trunc_ln104, i8 %tmp_9, i8 %tmp_4, i8 %tmp_s" [/users/arashs/U280_CRC_Accelerator/src/kernel.cpp:104->/users/arashs/U280_CRC_Accelerator/src/kernel.cpp:131]   --->   Operation 33 'bitconcatenate' 'or_ln104_2' <Predicate = (!icmp_ln127)> <Delay = 0.00>
ST_1 : Operation 34 [1/1] (0.00ns)   --->   "%w_addr = getelementptr i32 %w, i64 0, i64 %zext_ln127" [/users/arashs/U280_CRC_Accelerator/src/kernel.cpp:131]   --->   Operation 34 'getelementptr' 'w_addr' <Predicate = (!icmp_ln127)> <Delay = 0.00>
ST_1 : Operation 35 [1/1] (0.00ns)   --->   "%w_1_addr = getelementptr i32 %w_1, i64 0, i64 %zext_ln127" [/users/arashs/U280_CRC_Accelerator/src/kernel.cpp:131]   --->   Operation 35 'getelementptr' 'w_1_addr' <Predicate = (!icmp_ln127)> <Delay = 0.00>
ST_1 : Operation 36 [1/1] (0.00ns)   --->   "%w_2_addr = getelementptr i32 %w_2, i64 0, i64 %zext_ln127" [/users/arashs/U280_CRC_Accelerator/src/kernel.cpp:131]   --->   Operation 36 'getelementptr' 'w_2_addr' <Predicate = (!icmp_ln127)> <Delay = 0.00>
ST_1 : Operation 37 [1/1] (0.66ns)   --->   "%switch_ln131 = switch i2 %trunc_ln127, void %arrayidx.case.2, i2 0, void %arrayidx.case.0, i2 1, void %arrayidx.case.1" [/users/arashs/U280_CRC_Accelerator/src/kernel.cpp:131]   --->   Operation 37 'switch' 'switch_ln131' <Predicate = (!icmp_ln127)> <Delay = 0.66>
ST_1 : Operation 38 [1/1] (0.69ns)   --->   "%store_ln131 = store i32 %or_ln104_2, i5 %w_1_addr" [/users/arashs/U280_CRC_Accelerator/src/kernel.cpp:131]   --->   Operation 38 'store' 'store_ln131' <Predicate = (!icmp_ln127 & trunc_ln127 == 1)> <Delay = 0.69> <CoreInst = "RAM_1WnR">   --->   Core 84 'RAM_1WnR' <Latency = 1> <II = 1> <Delay = 0.69> <Storage> <Opcode : 'load' 'store'> <Ports = 17> <Width = 32> <Depth = 22> <RAM>
ST_1 : Operation 39 [1/1] (0.00ns)   --->   "%br_ln131 = br void %arrayidx.exit" [/users/arashs/U280_CRC_Accelerator/src/kernel.cpp:131]   --->   Operation 39 'br' 'br_ln131' <Predicate = (!icmp_ln127 & trunc_ln127 == 1)> <Delay = 0.00>
ST_1 : Operation 40 [1/1] (0.69ns)   --->   "%store_ln131 = store i32 %or_ln104_2, i5 %w_addr" [/users/arashs/U280_CRC_Accelerator/src/kernel.cpp:131]   --->   Operation 40 'store' 'store_ln131' <Predicate = (!icmp_ln127 & trunc_ln127 == 0)> <Delay = 0.69> <CoreInst = "RAM_1WnR">   --->   Core 84 'RAM_1WnR' <Latency = 1> <II = 1> <Delay = 0.69> <Storage> <Opcode : 'load' 'store'> <Ports = 17> <Width = 32> <Depth = 22> <RAM>
ST_1 : Operation 41 [1/1] (0.00ns)   --->   "%br_ln131 = br void %arrayidx.exit" [/users/arashs/U280_CRC_Accelerator/src/kernel.cpp:131]   --->   Operation 41 'br' 'br_ln131' <Predicate = (!icmp_ln127 & trunc_ln127 == 0)> <Delay = 0.00>
ST_1 : Operation 42 [1/1] (0.69ns)   --->   "%store_ln131 = store i32 %or_ln104_2, i5 %w_2_addr" [/users/arashs/U280_CRC_Accelerator/src/kernel.cpp:131]   --->   Operation 42 'store' 'store_ln131' <Predicate = (!icmp_ln127 & trunc_ln127 != 0 & trunc_ln127 != 1)> <Delay = 0.69> <CoreInst = "RAM_1WnR">   --->   Core 84 'RAM_1WnR' <Latency = 1> <II = 1> <Delay = 0.69> <Storage> <Opcode : 'load' 'store'> <Ports = 17> <Width = 32> <Depth = 22> <RAM>
ST_1 : Operation 43 [1/1] (0.00ns)   --->   "%br_ln131 = br void %arrayidx.exit" [/users/arashs/U280_CRC_Accelerator/src/kernel.cpp:131]   --->   Operation 43 'br' 'br_ln131' <Predicate = (!icmp_ln127 & trunc_ln127 != 0 & trunc_ln127 != 1)> <Delay = 0.00>
ST_1 : Operation 44 [1/1] (0.70ns)   --->   "%add_ln127_2 = add i5 %phi_urem_load, i5 1" [/users/arashs/U280_CRC_Accelerator/src/kernel.cpp:127]   --->   Operation 44 'add' 'add_ln127_2' <Predicate = (!icmp_ln127)> <Delay = 0.70> <CoreInst = "Adder">   --->   Core 1 'Adder' <Latency = 0> <II = 1> <Delay = 0.70> <FuncUnit> <Opcode : 'add' 'sub'> <InPorts = 2> <OutPorts = 1>
ST_1 : Operation 45 [1/1] (0.70ns)   --->   "%icmp_ln127_1 = icmp_ult  i5 %add_ln127_2, i5 3" [/users/arashs/U280_CRC_Accelerator/src/kernel.cpp:127]   --->   Operation 45 'icmp' 'icmp_ln127_1' <Predicate = (!icmp_ln127)> <Delay = 0.70> <CoreInst = "Cmp">   --->   Core 9 'Cmp' <Latency = 0> <II = 1> <Delay = 0.70> <FuncUnit> <Opcode : 'icmp'> <InPorts = 2> <OutPorts = 1>
ST_1 : Operation 46 [1/1] (0.27ns)   --->   "%select_ln127 = select i1 %icmp_ln127_1, i5 %add_ln127_2, i5 0" [/users/arashs/U280_CRC_Accelerator/src/kernel.cpp:127]   --->   Operation 46 'select' 'select_ln127' <Predicate = (!icmp_ln127)> <Delay = 0.27> <CoreInst = "Sel">   --->   Core 73 'Sel' <Latency = 0> <II = 1> <Delay = 0.27> <FuncUnit> <Opcode : 'select'> <InPorts = 3> <OutPorts = 1>
ST_1 : Operation 47 [1/1] (0.38ns)   --->   "%store_ln127 = store i5 %add_ln127, i5 %i" [/users/arashs/U280_CRC_Accelerator/src/kernel.cpp:127]   --->   Operation 47 'store' 'store_ln127' <Predicate = (!icmp_ln127)> <Delay = 0.38>
ST_1 : Operation 48 [1/1] (0.38ns)   --->   "%store_ln127 = store i10 %add_ln127_1, i10 %phi_mul" [/users/arashs/U280_CRC_Accelerator/src/kernel.cpp:127]   --->   Operation 48 'store' 'store_ln127' <Predicate = (!icmp_ln127)> <Delay = 0.38>
ST_1 : Operation 49 [1/1] (0.38ns)   --->   "%store_ln127 = store i5 %select_ln127, i5 %phi_urem" [/users/arashs/U280_CRC_Accelerator/src/kernel.cpp:127]   --->   Operation 49 'store' 'store_ln127' <Predicate = (!icmp_ln127)> <Delay = 0.38>
ST_1 : Operation 50 [1/1] (0.00ns)   --->   "%br_ln127 = br void %for.inc" [/users/arashs/U280_CRC_Accelerator/src/kernel.cpp:127]   --->   Operation 50 'br' 'br_ln127' <Predicate = (!icmp_ln127)> <Delay = 0.00>
ST_1 : Operation 51 [1/1] (0.00ns)   --->   "%ret_ln0 = ret"   --->   Operation 51 'ret' 'ret_ln0' <Predicate = (icmp_ln127)> <Delay = 0.00>


============================================================
+ Verbose Summary: Binding
============================================================
STG Binding: 
---------------- STG Properties BEGIN ----------------
- Is combinational: 0
- Is one-state seq: 0
- Is datapath-only: 0
- Is pipelined: 0
- Is top level: 0
Port [ Return ] is wired: 1; IO mode=ap_ctrl_hs:ce=0
Port [ w_2]:  wired=1; compound=1; hidden=0; nouse=0; global=0; static=0; extern=0; dir=1; type=1; pingpong=0; private_global=0; MemPort=[03333333333333333]; IO mode=ap_memory:ce=0
Port [ w_1]:  wired=1; compound=1; hidden=0; nouse=0; global=0; static=0; extern=0; dir=1; type=1; pingpong=0; private_global=0; MemPort=[03333333333333333]; IO mode=ap_memory:ce=0
Port [ w]:  wired=1; compound=1; hidden=0; nouse=0; global=0; static=0; extern=0; dir=1; type=1; pingpong=0; private_global=0; MemPort=[03333333333333333]; IO mode=ap_memory:ce=0
Port [ block_val]:  wired=1; compound=0; hidden=0; nouse=0; global=0; static=0; extern=0; dir=0; type=0; pingpong=0; private_global=0; IO mode=ap_none:ce=0
---------------- STG Properties END ------------------

---------------- Datapath Model BEGIN ----------------

<LifeTime>
<method=bitvector/>
phi_urem                (alloca           ) [ 01]
phi_mul                 (alloca           ) [ 01]
i                       (alloca           ) [ 01]
block_val_read          (read             ) [ 00]
store_ln0               (store            ) [ 00]
store_ln0               (store            ) [ 00]
store_ln0               (store            ) [ 00]
br_ln0                  (br               ) [ 00]
phi_urem_load           (load             ) [ 00]
i_6                     (load             ) [ 00]
icmp_ln127              (icmp             ) [ 01]
add_ln127               (add              ) [ 00]
br_ln127                (br               ) [ 00]
phi_mul_load            (load             ) [ 00]
specpipeline_ln129      (specpipeline     ) [ 00]
speclooptripcount_ln127 (speclooptripcount) [ 00]
specloopname_ln127      (specloopname     ) [ 00]
add_ln127_1             (add              ) [ 00]
tmp                     (partselect       ) [ 00]
zext_ln127              (zext             ) [ 00]
trunc_ln127             (trunc            ) [ 01]
trunc_ln130             (trunc            ) [ 00]
shl_ln                  (bitconcatenate   ) [ 00]
zext_ln130              (zext             ) [ 00]
lshr_ln130              (lshr             ) [ 00]
tmp_4                   (partselect       ) [ 00]
tmp_s                   (partselect       ) [ 00]
trunc_ln104             (trunc            ) [ 00]
tmp_9                   (partselect       ) [ 00]
or_ln104_2              (bitconcatenate   ) [ 00]
w_addr                  (getelementptr    ) [ 00]
w_1_addr                (getelementptr    ) [ 00]
w_2_addr                (getelementptr    ) [ 00]
switch_ln131            (switch           ) [ 00]
store_ln131             (store            ) [ 00]
br_ln131                (br               ) [ 00]
store_ln131             (store            ) [ 00]
br_ln131                (br               ) [ 00]
store_ln131             (store            ) [ 00]
br_ln131                (br               ) [ 00]
add_ln127_2             (add              ) [ 00]
icmp_ln127_1            (icmp             ) [ 00]
select_ln127            (select           ) [ 00]
store_ln127             (store            ) [ 00]
store_ln127             (store            ) [ 00]
store_ln127             (store            ) [ 00]
br_ln127                (br               ) [ 00]
ret_ln0                 (ret              ) [ 00]
</LifeTime>

<model>

<comp_list>
<comp id="0" class="1000" name="w_2">
<pin_list>
<pin id="1" dir="1" index="0" bw="1" slack="0"/>
</pin_list>
<bind>
<StgValue><ssdm name="w_2"/><MemPortTyVec>0 3 3 3 3 3 3 3 3 3 3 3 3 3 3 3 3 </MemPortTyVec>
</StgValue>
</bind>
</comp>

<comp id="2" class="1000" name="w_1">
<pin_list>
<pin id="3" dir="1" index="0" bw="1" slack="0"/>
</pin_list>
<bind>
<StgValue><ssdm name="w_1"/><MemPortTyVec>0 3 3 3 3 3 3 3 3 3 3 3 3 3 3 3 3 </MemPortTyVec>
</StgValue>
</bind>
</comp>

<comp id="4" class="1000" name="w">
<pin_list>
<pin id="5" dir="1" index="0" bw="1" slack="0"/>
</pin_list>
<bind>
<StgValue><ssdm name="w"/><MemPortTyVec>0 3 3 3 3 3 3 3 3 3 3 3 3 3 3 3 3 </MemPortTyVec>
</StgValue>
</bind>
</comp>

<comp id="6" class="1000" name="block_val">
<pin_list>
<pin id="7" dir="1" index="0" bw="1" slack="0"/>
</pin_list>
<bind>
<StgValue><ssdm name="block_val"/></StgValue>
</bind>
</comp>

<comp id="8" class="1001" name="const_8">
<pin_list>
<pin id="9" dir="1" index="0" bw="1" slack="0"/>
</pin_list>
<bind>
<StgValue><ssdm name=""/></StgValue>
</bind>
</comp>

<comp id="10" class="1001" name="const_10">
<pin_list>
<pin id="11" dir="1" index="0" bw="1" slack="0"/>
</pin_list>
<bind>
<StgValue><ssdm name="_ssdm_op_Read.ap_auto.i512"/></StgValue>
</bind>
</comp>

<comp id="12" class="1001" name="const_12">
<pin_list>
<pin id="13" dir="1" index="0" bw="1" slack="0"/>
</pin_list>
<bind>
<StgValue><ssdm name=""/></StgValue>
</bind>
</comp>

<comp id="14" class="1001" name="const_14">
<pin_list>
<pin id="15" dir="1" index="0" bw="1" slack="0"/>
</pin_list>
<bind>
<StgValue><ssdm name=""/></StgValue>
</bind>
</comp>

<comp id="16" class="1001" name="const_16">
<pin_list>
<pin id="17" dir="1" index="0" bw="1" slack="0"/>
</pin_list>
<bind>
<StgValue><ssdm name=""/></StgValue>
</bind>
</comp>

<comp id="18" class="1001" name="const_18">
<pin_list>
<pin id="19" dir="1" index="0" bw="1" slack="0"/>
</pin_list>
<bind>
<StgValue><ssdm name=""/></StgValue>
</bind>
</comp>

<comp id="20" class="1001" name="const_20">
<pin_list>
<pin id="21" dir="1" index="0" bw="1" slack="2147483647"/>
</pin_list>
<bind>
<StgValue><ssdm name="_ssdm_op_SpecPipeline"/></StgValue>
</bind>
</comp>

<comp id="22" class="1001" name="const_22">
<pin_list>
<pin id="23" dir="1" index="0" bw="1" slack="2147483647"/>
</pin_list>
<bind>
<StgValue><ssdm name=""/></StgValue>
</bind>
</comp>

<comp id="24" class="1001" name="const_24">
<pin_list>
<pin id="25" dir="1" index="0" bw="1" slack="2147483647"/>
</pin_list>
<bind>
<StgValue><ssdm name="empty"/></StgValue>
</bind>
</comp>

<comp id="26" class="1001" name="const_26">
<pin_list>
<pin id="27" dir="1" index="0" bw="1" slack="2147483647"/>
</pin_list>
<bind>
<StgValue><ssdm name="_ssdm_op_SpecLoopTripCount"/></StgValue>
</bind>
</comp>

<comp id="28" class="1001" name="const_28">
<pin_list>
<pin id="29" dir="1" index="0" bw="1" slack="2147483647"/>
</pin_list>
<bind>
<StgValue><ssdm name=""/></StgValue>
</bind>
</comp>

<comp id="30" class="1001" name="const_30">
<pin_list>
<pin id="31" dir="1" index="0" bw="1" slack="2147483647"/>
</pin_list>
<bind>
<StgValue><ssdm name="_ssdm_op_SpecLoopName"/></StgValue>
</bind>
</comp>

<comp id="32" class="1001" name="const_32">
<pin_list>
<pin id="33" dir="1" index="0" bw="1" slack="2147483647"/>
</pin_list>
<bind>
<StgValue><ssdm name="empty_11"/></StgValue>
</bind>
</comp>

<comp id="34" class="1001" name="const_34">
<pin_list>
<pin id="35" dir="1" index="0" bw="1" slack="0"/>
</pin_list>
<bind>
<StgValue><ssdm name=""/></StgValue>
</bind>
</comp>

<comp id="36" class="1001" name="const_36">
<pin_list>
<pin id="37" dir="1" index="0" bw="1" slack="0"/>
</pin_list>
<bind>
<StgValue><ssdm name="_ssdm_op_PartSelect.i3.i10.i32.i32"/></StgValue>
</bind>
</comp>

<comp id="38" class="1001" name="const_38">
<pin_list>
<pin id="39" dir="1" index="0" bw="1" slack="0"/>
</pin_list>
<bind>
<StgValue><ssdm name=""/></StgValue>
</bind>
</comp>

<comp id="40" class="1001" name="const_40">
<pin_list>
<pin id="41" dir="1" index="0" bw="1" slack="0"/>
</pin_list>
<bind>
<StgValue><ssdm name=""/></StgValue>
</bind>
</comp>

<comp id="42" class="1001" name="const_42">
<pin_list>
<pin id="43" dir="1" index="0" bw="1" slack="0"/>
</pin_list>
<bind>
<StgValue><ssdm name="_ssdm_op_BitConcatenate.i9.i4.i5"/></StgValue>
</bind>
</comp>

<comp id="44" class="1001" name="const_44">
<pin_list>
<pin id="45" dir="1" index="0" bw="1" slack="0"/>
</pin_list>
<bind>
<StgValue><ssdm name="_ssdm_op_PartSelect.i8.i512.i32.i32"/></StgValue>
</bind>
</comp>

<comp id="46" class="1001" name="const_46">
<pin_list>
<pin id="47" dir="1" index="0" bw="1" slack="0"/>
</pin_list>
<bind>
<StgValue><ssdm name=""/></StgValue>
</bind>
</comp>

<comp id="48" class="1001" name="const_48">
<pin_list>
<pin id="49" dir="1" index="0" bw="1" slack="0"/>
</pin_list>
<bind>
<StgValue><ssdm name=""/></StgValue>
</bind>
</comp>

<comp id="50" class="1001" name="const_50">
<pin_list>
<pin id="51" dir="1" index="0" bw="1" slack="0"/>
</pin_list>
<bind>
<StgValue><ssdm name=""/></StgValue>
</bind>
</comp>

<comp id="52" class="1001" name="const_52">
<pin_list>
<pin id="53" dir="1" index="0" bw="1" slack="0"/>
</pin_list>
<bind>
<StgValue><ssdm name=""/></StgValue>
</bind>
</comp>

<comp id="54" class="1001" name="const_54">
<pin_list>
<pin id="55" dir="1" index="0" bw="1" slack="0"/>
</pin_list>
<bind>
<StgValue><ssdm name=""/></StgValue>
</bind>
</comp>

<comp id="56" class="1001" name="const_56">
<pin_list>
<pin id="57" dir="1" index="0" bw="1" slack="0"/>
</pin_list>
<bind>
<StgValue><ssdm name=""/></StgValue>
</bind>
</comp>

<comp id="58" class="1001" name="const_58">
<pin_list>
<pin id="59" dir="1" index="0" bw="1" slack="0"/>
</pin_list>
<bind>
<StgValue><ssdm name="_ssdm_op_BitConcatenate.i32.i8.i8.i8.i8"/></StgValue>
</bind>
</comp>

<comp id="60" class="1001" name="const_60">
<pin_list>
<pin id="61" dir="1" index="0" bw="1" slack="0"/>
</pin_list>
<bind>
<StgValue><ssdm name=""/></StgValue>
</bind>
</comp>

<comp id="62" class="1001" name="const_62">
<pin_list>
<pin id="63" dir="1" index="0" bw="1" slack="2147483647"/>
</pin_list>
<bind>
<StgValue><ssdm name=""/></StgValue>
</bind>
</comp>

<comp id="64" class="1001" name="const_64">
<pin_list>
<pin id="65" dir="1" index="0" bw="1" slack="2147483647"/>
</pin_list>
<bind>
<StgValue><ssdm name=""/></StgValue>
</bind>
</comp>

<comp id="66" class="1001" name="const_66">
<pin_list>
<pin id="67" dir="1" index="0" bw="1" slack="0"/>
</pin_list>
<bind>
<StgValue><ssdm name=""/></StgValue>
</bind>
</comp>

<comp id="68" class="1004" name="phi_urem_fu_68">
<pin_list>
<pin id="69" dir="0" index="0" bw="1" slack="0"/>
<pin id="70" dir="1" index="1" bw="5" slack="0"/>
</pin_list>
<bind>
<opcode="alloca(26) " fcode="alloca"/>
<opset="phi_urem/1 "/>
</bind>
</comp>

<comp id="72" class="1004" name="phi_mul_fu_72">
<pin_list>
<pin id="73" dir="0" index="0" bw="1" slack="0"/>
<pin id="74" dir="1" index="1" bw="10" slack="0"/>
</pin_list>
<bind>
<opcode="alloca(26) " fcode="alloca"/>
<opset="phi_mul/1 "/>
</bind>
</comp>

<comp id="76" class="1004" name="i_fu_76">
<pin_list>
<pin id="77" dir="0" index="0" bw="1" slack="0"/>
<pin id="78" dir="1" index="1" bw="5" slack="0"/>
</pin_list>
<bind>
<opcode="alloca(26) " fcode="alloca"/>
<opset="i/1 "/>
</bind>
</comp>

<comp id="80" class="1004" name="block_val_read_read_fu_80">
<pin_list>
<pin id="81" dir="0" index="0" bw="512" slack="0"/>
<pin id="82" dir="0" index="1" bw="512" slack="0"/>
<pin id="83" dir="1" index="2" bw="512" slack="0"/>
</pin_list>
<bind>
<opcode="read(1150) " fcode="read"/>
<opset="block_val_read/1 "/>
</bind>
</comp>

<comp id="86" class="1004" name="w_addr_gep_fu_86">
<pin_list>
<pin id="87" dir="0" index="0" bw="32" slack="0"/>
<pin id="88" dir="0" index="1" bw="1" slack="0"/>
<pin id="89" dir="0" index="2" bw="3" slack="0"/>
<pin id="90" dir="1" index="3" bw="5" slack="0"/>
</pin_list>
<bind>
<opcode="getelementptr(29) " fcode="getelementptr"/>
<opset="w_addr/1 "/>
</bind>
</comp>

<comp id="93" class="1004" name="w_1_addr_gep_fu_93">
<pin_list>
<pin id="94" dir="0" index="0" bw="32" slack="0"/>
<pin id="95" dir="0" index="1" bw="1" slack="0"/>
<pin id="96" dir="0" index="2" bw="3" slack="0"/>
<pin id="97" dir="1" index="3" bw="5" slack="0"/>
</pin_list>
<bind>
<opcode="getelementptr(29) " fcode="getelementptr"/>
<opset="w_1_addr/1 "/>
</bind>
</comp>

<comp id="100" class="1004" name="w_2_addr_gep_fu_100">
<pin_list>
<pin id="101" dir="0" index="0" bw="32" slack="0"/>
<pin id="102" dir="0" index="1" bw="1" slack="0"/>
<pin id="103" dir="0" index="2" bw="3" slack="0"/>
<pin id="104" dir="1" index="3" bw="5" slack="0"/>
</pin_list>
<bind>
<opcode="getelementptr(29) " fcode="getelementptr"/>
<opset="w_2_addr/1 "/>
</bind>
</comp>

<comp id="107" class="1004" name="store_ln131_access_fu_107">
<pin_list>
<pin id="108" dir="0" index="0" bw="5" slack="0"/>
<pin id="109" dir="0" index="1" bw="32" slack="0"/>
<pin id="110" dir="0" index="2" bw="0" slack="2147483647"/>
<pin id="111" dir="1" index="3" bw="32" slack="2147483647"/>
</pin_list>
<bind>
<opcode="store(28) " fcode="store"/>
<opset="store_ln131/1 "/>
</bind>
</comp>

<comp id="113" class="1004" name="store_ln131_access_fu_113">
<pin_list>
<pin id="114" dir="0" index="0" bw="5" slack="0"/>
<pin id="115" dir="0" index="1" bw="32" slack="0"/>
<pin id="116" dir="0" index="2" bw="0" slack="2147483647"/>
<pin id="117" dir="1" index="3" bw="32" slack="2147483647"/>
</pin_list>
<bind>
<opcode="store(28) " fcode="store"/>
<opset="store_ln131/1 "/>
</bind>
</comp>

<comp id="119" class="1004" name="store_ln131_access_fu_119">
<pin_list>
<pin id="120" dir="0" index="0" bw="5" slack="0"/>
<pin id="121" dir="0" index="1" bw="32" slack="0"/>
<pin id="122" dir="0" index="2" bw="0" slack="2147483647"/>
<pin id="123" dir="1" index="3" bw="32" slack="2147483647"/>
</pin_list>
<bind>
<opcode="store(28) " fcode="store"/>
<opset="store_ln131/1 "/>
</bind>
</comp>

<comp id="125" class="1004" name="store_ln0_store_fu_125">
<pin_list>
<pin id="126" dir="0" index="0" bw="1" slack="0"/>
<pin id="127" dir="0" index="1" bw="5" slack="0"/>
<pin id="128" dir="1" index="2" bw="0" slack="2147483647"/>
</pin_list>
<bind>
<opcode="store(28) " fcode="store"/>
<opset="store_ln0/1 "/>
</bind>
</comp>

<comp id="130" class="1004" name="store_ln0_store_fu_130">
<pin_list>
<pin id="131" dir="0" index="0" bw="1" slack="0"/>
<pin id="132" dir="0" index="1" bw="10" slack="0"/>
<pin id="133" dir="1" index="2" bw="0" slack="2147483647"/>
</pin_list>
<bind>
<opcode="store(28) " fcode="store"/>
<opset="store_ln0/1 "/>
</bind>
</comp>

<comp id="135" class="1004" name="store_ln0_store_fu_135">
<pin_list>
<pin id="136" dir="0" index="0" bw="1" slack="0"/>
<pin id="137" dir="0" index="1" bw="5" slack="0"/>
<pin id="138" dir="1" index="2" bw="0" slack="2147483647"/>
</pin_list>
<bind>
<opcode="store(28) " fcode="store"/>
<opset="store_ln0/1 "/>
</bind>
</comp>

<comp id="140" class="1004" name="phi_urem_load_load_fu_140">
<pin_list>
<pin id="141" dir="0" index="0" bw="5" slack="0"/>
<pin id="142" dir="1" index="1" bw="5" slack="0"/>
</pin_list>
<bind>
<opcode="load(27) " fcode="load"/>
<opset="phi_urem_load/1 "/>
</bind>
</comp>

<comp id="143" class="1004" name="i_6_load_fu_143">
<pin_list>
<pin id="144" dir="0" index="0" bw="5" slack="0"/>
<pin id="145" dir="1" index="1" bw="5" slack="0"/>
</pin_list>
<bind>
<opcode="load(27) " fcode="load"/>
<opset="i_6/1 "/>
</bind>
</comp>

<comp id="146" class="1004" name="icmp_ln127_fu_146">
<pin_list>
<pin id="147" dir="0" index="0" bw="5" slack="0"/>
<pin id="148" dir="0" index="1" bw="5" slack="0"/>
<pin id="149" dir="1" index="2" bw="1" slack="2147483647"/>
</pin_list>
<bind>
<opcode="icmp(45) " fcode="icmp"/>
<opset="icmp_ln127/1 "/>
</bind>
</comp>

<comp id="152" class="1004" name="add_ln127_fu_152">
<pin_list>
<pin id="153" dir="0" index="0" bw="5" slack="0"/>
<pin id="154" dir="0" index="1" bw="1" slack="0"/>
<pin id="155" dir="1" index="2" bw="5" slack="0"/>
</pin_list>
<bind>
<opcode="add(8) " fcode="add"/>
<opset="add_ln127/1 "/>
</bind>
</comp>

<comp id="158" class="1004" name="phi_mul_load_load_fu_158">
<pin_list>
<pin id="159" dir="0" index="0" bw="10" slack="0"/>
<pin id="160" dir="1" index="1" bw="10" slack="0"/>
</pin_list>
<bind>
<opcode="load(27) " fcode="load"/>
<opset="phi_mul_load/1 "/>
</bind>
</comp>

<comp id="161" class="1004" name="add_ln127_1_fu_161">
<pin_list>
<pin id="162" dir="0" index="0" bw="10" slack="0"/>
<pin id="163" dir="0" index="1" bw="7" slack="0"/>
<pin id="164" dir="1" index="2" bw="10" slack="0"/>
</pin_list>
<bind>
<opcode="add(8) " fcode="add"/>
<opset="add_ln127_1/1 "/>
</bind>
</comp>

<comp id="167" class="1004" name="tmp_fu_167">
<pin_list>
<pin id="168" dir="0" index="0" bw="3" slack="0"/>
<pin id="169" dir="0" index="1" bw="10" slack="0"/>
<pin id="170" dir="0" index="2" bw="4" slack="0"/>
<pin id="171" dir="0" index="3" bw="5" slack="0"/>
<pin id="172" dir="1" index="4" bw="3" slack="0"/>
</pin_list>
<bind>
<opcode="partselect(1002) " fcode="partselect"/>
<opset="tmp/1 "/>
</bind>
</comp>

<comp id="177" class="1004" name="zext_ln127_fu_177">
<pin_list>
<pin id="178" dir="0" index="0" bw="3" slack="0"/>
<pin id="179" dir="1" index="1" bw="64" slack="0"/>
</pin_list>
<bind>
<opcode="zext(34) " fcode="zext"/>
<opset="zext_ln127/1 "/>
</bind>
</comp>

<comp id="184" class="1004" name="trunc_ln127_fu_184">
<pin_list>
<pin id="185" dir="0" index="0" bw="5" slack="0"/>
<pin id="186" dir="1" index="1" bw="2" slack="2147483647"/>
</pin_list>
<bind>
<opcode="trunc(33) " fcode="trunc"/>
<opset="trunc_ln127/1 "/>
</bind>
</comp>

<comp id="188" class="1004" name="trunc_ln130_fu_188">
<pin_list>
<pin id="189" dir="0" index="0" bw="5" slack="0"/>
<pin id="190" dir="1" index="1" bw="4" slack="0"/>
</pin_list>
<bind>
<opcode="trunc(33) " fcode="trunc"/>
<opset="trunc_ln130/1 "/>
</bind>
</comp>

<comp id="192" class="1004" name="shl_ln_fu_192">
<pin_list>
<pin id="193" dir="0" index="0" bw="9" slack="0"/>
<pin id="194" dir="0" index="1" bw="4" slack="0"/>
<pin id="195" dir="0" index="2" bw="1" slack="0"/>
<pin id="196" dir="1" index="3" bw="9" slack="0"/>
</pin_list>
<bind>
<opcode="bitconcatenate(1004) " fcode="bitconcatenate"/>
<opset="shl_ln/1 "/>
</bind>
</comp>

<comp id="200" class="1004" name="zext_ln130_fu_200">
<pin_list>
<pin id="201" dir="0" index="0" bw="9" slack="0"/>
<pin id="202" dir="1" index="1" bw="512" slack="0"/>
</pin_list>
<bind>
<opcode="zext(34) " fcode="zext"/>
<opset="zext_ln130/1 "/>
</bind>
</comp>

<comp id="204" class="1004" name="lshr_ln130_fu_204">
<pin_list>
<pin id="205" dir="0" index="0" bw="512" slack="0"/>
<pin id="206" dir="0" index="1" bw="9" slack="0"/>
<pin id="207" dir="1" index="2" bw="512" slack="0"/>
</pin_list>
<bind>
<opcode="lshr(21) " fcode="lshr"/>
<opset="lshr_ln130/1 "/>
</bind>
</comp>

<comp id="210" class="1004" name="tmp_4_fu_210">
<pin_list>
<pin id="211" dir="0" index="0" bw="8" slack="0"/>
<pin id="212" dir="0" index="1" bw="512" slack="0"/>
<pin id="213" dir="0" index="2" bw="6" slack="0"/>
<pin id="214" dir="0" index="3" bw="6" slack="0"/>
<pin id="215" dir="1" index="4" bw="8" slack="0"/>
</pin_list>
<bind>
<opcode="partselect(1002) " fcode="partselect"/>
<opset="tmp_4/1 "/>
</bind>
</comp>

<comp id="220" class="1004" name="tmp_s_fu_220">
<pin_list>
<pin id="221" dir="0" index="0" bw="8" slack="0"/>
<pin id="222" dir="0" index="1" bw="512" slack="0"/>
<pin id="223" dir="0" index="2" bw="6" slack="0"/>
<pin id="224" dir="0" index="3" bw="6" slack="0"/>
<pin id="225" dir="1" index="4" bw="8" slack="0"/>
</pin_list>
<bind>
<opcode="partselect(1002) " fcode="partselect"/>
<opset="tmp_s/1 "/>
</bind>
</comp>

<comp id="230" class="1004" name="trunc_ln104_fu_230">
<pin_list>
<pin id="231" dir="0" index="0" bw="512" slack="0"/>
<pin id="232" dir="1" index="1" bw="8" slack="0"/>
</pin_list>
<bind>
<opcode="trunc(33) " fcode="trunc"/>
<opset="trunc_ln104/1 "/>
</bind>
</comp>

<comp id="234" class="1004" name="tmp_9_fu_234">
<pin_list>
<pin id="235" dir="0" index="0" bw="8" slack="0"/>
<pin id="236" dir="0" index="1" bw="512" slack="0"/>
<pin id="237" dir="0" index="2" bw="5" slack="0"/>
<pin id="238" dir="0" index="3" bw="5" slack="0"/>
<pin id="239" dir="1" index="4" bw="8" slack="0"/>
</pin_list>
<bind>
<opcode="partselect(1002) " fcode="partselect"/>
<opset="tmp_9/1 "/>
</bind>
</comp>

<comp id="244" class="1004" name="or_ln104_2_fu_244">
<pin_list>
<pin id="245" dir="0" index="0" bw="32" slack="0"/>
<pin id="246" dir="0" index="1" bw="8" slack="0"/>
<pin id="247" dir="0" index="2" bw="8" slack="0"/>
<pin id="248" dir="0" index="3" bw="8" slack="0"/>
<pin id="249" dir="0" index="4" bw="8" slack="0"/>
<pin id="250" dir="1" index="5" bw="32" slack="0"/>
</pin_list>
<bind>
<opcode="bitconcatenate(1004) " fcode="bitconcatenate"/>
<opset="or_ln104_2/1 "/>
</bind>
</comp>

<comp id="259" class="1004" name="add_ln127_2_fu_259">
<pin_list>
<pin id="260" dir="0" index="0" bw="5" slack="0"/>
<pin id="261" dir="0" index="1" bw="1" slack="0"/>
<pin id="262" dir="1" index="2" bw="5" slack="0"/>
</pin_list>
<bind>
<opcode="add(8) " fcode="add"/>
<opset="add_ln127_2/1 "/>
</bind>
</comp>

<comp id="265" class="1004" name="icmp_ln127_1_fu_265">
<pin_list>
<pin id="266" dir="0" index="0" bw="5" slack="0"/>
<pin id="267" dir="0" index="1" bw="5" slack="0"/>
<pin id="268" dir="1" index="2" bw="1" slack="0"/>
</pin_list>
<bind>
<opcode="icmp(45) " fcode="icmp"/>
<opset="icmp_ln127_1/1 "/>
</bind>
</comp>

<comp id="271" class="1004" name="select_ln127_fu_271">
<pin_list>
<pin id="272" dir="0" index="0" bw="1" slack="0"/>
<pin id="273" dir="0" index="1" bw="5" slack="0"/>
<pin id="274" dir="0" index="2" bw="5" slack="0"/>
<pin id="275" dir="1" index="3" bw="5" slack="0"/>
</pin_list>
<bind>
<opcode="select(49) " fcode="select"/>
<opset="select_ln127/1 "/>
</bind>
</comp>

<comp id="279" class="1004" name="store_ln127_store_fu_279">
<pin_list>
<pin id="280" dir="0" index="0" bw="5" slack="0"/>
<pin id="281" dir="0" index="1" bw="5" slack="0"/>
<pin id="282" dir="1" index="2" bw="0" slack="2147483647"/>
</pin_list>
<bind>
<opcode="store(28) " fcode="store"/>
<opset="store_ln127/1 "/>
</bind>
</comp>

<comp id="284" class="1004" name="store_ln127_store_fu_284">
<pin_list>
<pin id="285" dir="0" index="0" bw="10" slack="0"/>
<pin id="286" dir="0" index="1" bw="10" slack="0"/>
<pin id="287" dir="1" index="2" bw="0" slack="2147483647"/>
</pin_list>
<bind>
<opcode="store(28) " fcode="store"/>
<opset="store_ln127/1 "/>
</bind>
</comp>

<comp id="289" class="1004" name="store_ln127_store_fu_289">
<pin_list>
<pin id="290" dir="0" index="0" bw="5" slack="0"/>
<pin id="291" dir="0" index="1" bw="5" slack="0"/>
<pin id="292" dir="1" index="2" bw="0" slack="2147483647"/>
</pin_list>
<bind>
<opcode="store(28) " fcode="store"/>
<opset="store_ln127/1 "/>
</bind>
</comp>

<comp id="294" class="1005" name="phi_urem_reg_294">
<pin_list>
<pin id="295" dir="0" index="0" bw="5" slack="0"/>
<pin id="296" dir="1" index="1" bw="5" slack="0"/>
</pin_list>
<bind>
<opset="phi_urem "/>
</bind>
</comp>

<comp id="301" class="1005" name="phi_mul_reg_301">
<pin_list>
<pin id="302" dir="0" index="0" bw="10" slack="0"/>
<pin id="303" dir="1" index="1" bw="10" slack="0"/>
</pin_list>
<bind>
<opset="phi_mul "/>
</bind>
</comp>

<comp id="308" class="1005" name="i_reg_308">
<pin_list>
<pin id="309" dir="0" index="0" bw="5" slack="0"/>
<pin id="310" dir="1" index="1" bw="5" slack="0"/>
</pin_list>
<bind>
<opset="i "/>
</bind>
</comp>

</comp_list>

<net_list>
<net id="71"><net_src comp="8" pin="0"/><net_sink comp="68" pin=0"/></net>

<net id="75"><net_src comp="8" pin="0"/><net_sink comp="72" pin=0"/></net>

<net id="79"><net_src comp="8" pin="0"/><net_sink comp="76" pin=0"/></net>

<net id="84"><net_src comp="10" pin="0"/><net_sink comp="80" pin=0"/></net>

<net id="85"><net_src comp="6" pin="0"/><net_sink comp="80" pin=1"/></net>

<net id="91"><net_src comp="4" pin="0"/><net_sink comp="86" pin=0"/></net>

<net id="92"><net_src comp="60" pin="0"/><net_sink comp="86" pin=1"/></net>

<net id="98"><net_src comp="2" pin="0"/><net_sink comp="93" pin=0"/></net>

<net id="99"><net_src comp="60" pin="0"/><net_sink comp="93" pin=1"/></net>

<net id="105"><net_src comp="0" pin="0"/><net_sink comp="100" pin=0"/></net>

<net id="106"><net_src comp="60" pin="0"/><net_sink comp="100" pin=1"/></net>

<net id="112"><net_src comp="93" pin="3"/><net_sink comp="107" pin=0"/></net>

<net id="118"><net_src comp="86" pin="3"/><net_sink comp="113" pin=0"/></net>

<net id="124"><net_src comp="100" pin="3"/><net_sink comp="119" pin=0"/></net>

<net id="129"><net_src comp="12" pin="0"/><net_sink comp="125" pin=0"/></net>

<net id="134"><net_src comp="14" pin="0"/><net_sink comp="130" pin=0"/></net>

<net id="139"><net_src comp="12" pin="0"/><net_sink comp="135" pin=0"/></net>

<net id="150"><net_src comp="143" pin="1"/><net_sink comp="146" pin=0"/></net>

<net id="151"><net_src comp="16" pin="0"/><net_sink comp="146" pin=1"/></net>

<net id="156"><net_src comp="143" pin="1"/><net_sink comp="152" pin=0"/></net>

<net id="157"><net_src comp="18" pin="0"/><net_sink comp="152" pin=1"/></net>

<net id="165"><net_src comp="158" pin="1"/><net_sink comp="161" pin=0"/></net>

<net id="166"><net_src comp="34" pin="0"/><net_sink comp="161" pin=1"/></net>

<net id="173"><net_src comp="36" pin="0"/><net_sink comp="167" pin=0"/></net>

<net id="174"><net_src comp="158" pin="1"/><net_sink comp="167" pin=1"/></net>

<net id="175"><net_src comp="38" pin="0"/><net_sink comp="167" pin=2"/></net>

<net id="176"><net_src comp="40" pin="0"/><net_sink comp="167" pin=3"/></net>

<net id="180"><net_src comp="167" pin="4"/><net_sink comp="177" pin=0"/></net>

<net id="181"><net_src comp="177" pin="1"/><net_sink comp="86" pin=2"/></net>

<net id="182"><net_src comp="177" pin="1"/><net_sink comp="93" pin=2"/></net>

<net id="183"><net_src comp="177" pin="1"/><net_sink comp="100" pin=2"/></net>

<net id="187"><net_src comp="140" pin="1"/><net_sink comp="184" pin=0"/></net>

<net id="191"><net_src comp="143" pin="1"/><net_sink comp="188" pin=0"/></net>

<net id="197"><net_src comp="42" pin="0"/><net_sink comp="192" pin=0"/></net>

<net id="198"><net_src comp="188" pin="1"/><net_sink comp="192" pin=1"/></net>

<net id="199"><net_src comp="12" pin="0"/><net_sink comp="192" pin=2"/></net>

<net id="203"><net_src comp="192" pin="3"/><net_sink comp="200" pin=0"/></net>

<net id="208"><net_src comp="80" pin="2"/><net_sink comp="204" pin=0"/></net>

<net id="209"><net_src comp="200" pin="1"/><net_sink comp="204" pin=1"/></net>

<net id="216"><net_src comp="44" pin="0"/><net_sink comp="210" pin=0"/></net>

<net id="217"><net_src comp="204" pin="2"/><net_sink comp="210" pin=1"/></net>

<net id="218"><net_src comp="46" pin="0"/><net_sink comp="210" pin=2"/></net>

<net id="219"><net_src comp="48" pin="0"/><net_sink comp="210" pin=3"/></net>

<net id="226"><net_src comp="44" pin="0"/><net_sink comp="220" pin=0"/></net>

<net id="227"><net_src comp="204" pin="2"/><net_sink comp="220" pin=1"/></net>

<net id="228"><net_src comp="50" pin="0"/><net_sink comp="220" pin=2"/></net>

<net id="229"><net_src comp="52" pin="0"/><net_sink comp="220" pin=3"/></net>

<net id="233"><net_src comp="204" pin="2"/><net_sink comp="230" pin=0"/></net>

<net id="240"><net_src comp="44" pin="0"/><net_sink comp="234" pin=0"/></net>

<net id="241"><net_src comp="204" pin="2"/><net_sink comp="234" pin=1"/></net>

<net id="242"><net_src comp="54" pin="0"/><net_sink comp="234" pin=2"/></net>

<net id="243"><net_src comp="56" pin="0"/><net_sink comp="234" pin=3"/></net>

<net id="251"><net_src comp="58" pin="0"/><net_sink comp="244" pin=0"/></net>

<net id="252"><net_src comp="230" pin="1"/><net_sink comp="244" pin=1"/></net>

<net id="253"><net_src comp="234" pin="4"/><net_sink comp="244" pin=2"/></net>

<net id="254"><net_src comp="210" pin="4"/><net_sink comp="244" pin=3"/></net>

<net id="255"><net_src comp="220" pin="4"/><net_sink comp="244" pin=4"/></net>

<net id="256"><net_src comp="244" pin="5"/><net_sink comp="107" pin=1"/></net>

<net id="257"><net_src comp="244" pin="5"/><net_sink comp="113" pin=1"/></net>

<net id="258"><net_src comp="244" pin="5"/><net_sink comp="119" pin=1"/></net>

<net id="263"><net_src comp="140" pin="1"/><net_sink comp="259" pin=0"/></net>

<net id="264"><net_src comp="18" pin="0"/><net_sink comp="259" pin=1"/></net>

<net id="269"><net_src comp="259" pin="2"/><net_sink comp="265" pin=0"/></net>

<net id="270"><net_src comp="66" pin="0"/><net_sink comp="265" pin=1"/></net>

<net id="276"><net_src comp="265" pin="2"/><net_sink comp="271" pin=0"/></net>

<net id="277"><net_src comp="259" pin="2"/><net_sink comp="271" pin=1"/></net>

<net id="278"><net_src comp="12" pin="0"/><net_sink comp="271" pin=2"/></net>

<net id="283"><net_src comp="152" pin="2"/><net_sink comp="279" pin=0"/></net>

<net id="288"><net_src comp="161" pin="2"/><net_sink comp="284" pin=0"/></net>

<net id="293"><net_src comp="271" pin="3"/><net_sink comp="289" pin=0"/></net>

<net id="297"><net_src comp="68" pin="1"/><net_sink comp="294" pin=0"/></net>

<net id="298"><net_src comp="294" pin="1"/><net_sink comp="135" pin=1"/></net>

<net id="299"><net_src comp="294" pin="1"/><net_sink comp="140" pin=0"/></net>

<net id="300"><net_src comp="294" pin="1"/><net_sink comp="289" pin=1"/></net>

<net id="304"><net_src comp="72" pin="1"/><net_sink comp="301" pin=0"/></net>

<net id="305"><net_src comp="301" pin="1"/><net_sink comp="130" pin=1"/></net>

<net id="306"><net_src comp="301" pin="1"/><net_sink comp="158" pin=0"/></net>

<net id="307"><net_src comp="301" pin="1"/><net_sink comp="284" pin=1"/></net>

<net id="311"><net_src comp="76" pin="1"/><net_sink comp="308" pin=0"/></net>

<net id="312"><net_src comp="308" pin="1"/><net_sink comp="125" pin=1"/></net>

<net id="313"><net_src comp="308" pin="1"/><net_sink comp="143" pin=0"/></net>

<net id="314"><net_src comp="308" pin="1"/><net_sink comp="279" pin=1"/></net>

</net_list>

</model> 
---------------- Datapath Model END ------------------

* FSMD analyzer results:
  - Output states:
	Port: w_2 | {1 }
	Port: w_1 | {1 }
	Port: w | {1 }
 - Input state : 
	Port: sha256_compress_block_Pipeline_init_words : block_val | {1 }
  - Chain level:
	State 1
		store_ln0 : 1
		store_ln0 : 1
		store_ln0 : 1
		phi_urem_load : 1
		i_6 : 1
		icmp_ln127 : 2
		add_ln127 : 2
		br_ln127 : 3
		phi_mul_load : 1
		add_ln127_1 : 2
		tmp : 2
		zext_ln127 : 3
		trunc_ln127 : 2
		trunc_ln130 : 2
		shl_ln : 3
		zext_ln130 : 4
		lshr_ln130 : 5
		tmp_4 : 6
		tmp_s : 6
		trunc_ln104 : 6
		tmp_9 : 6
		or_ln104_2 : 7
		w_addr : 4
		w_1_addr : 4
		w_2_addr : 4
		switch_ln131 : 3
		store_ln131 : 8
		store_ln131 : 8
		store_ln131 : 8
		add_ln127_2 : 2
		icmp_ln127_1 : 3
		select_ln127 : 4
		store_ln127 : 3
		store_ln127 : 3
		store_ln127 : 5


============================================================
+ Verbose Summary: Datapath Resource usage 
============================================================

* Functional unit list:
|----------|---------------------------|---------|---------|
| Operation|      Functional Unit      |    FF   |   LUT   |
|----------|---------------------------|---------|---------|
|   lshr   |     lshr_ln130_fu_204     |    0    |   2171  |
|----------|---------------------------|---------|---------|
|          |      add_ln127_fu_152     |    0    |    12   |
|    add   |     add_ln127_1_fu_161    |    0    |    17   |
|          |     add_ln127_2_fu_259    |    0    |    12   |
|----------|---------------------------|---------|---------|
|   icmp   |     icmp_ln127_fu_146     |    0    |    12   |
|          |    icmp_ln127_1_fu_265    |    0    |    12   |
|----------|---------------------------|---------|---------|
|  select  |    select_ln127_fu_271    |    0    |    5    |
|----------|---------------------------|---------|---------|
|   read   | block_val_read_read_fu_80 |    0    |    0    |
|----------|---------------------------|---------|---------|
|          |         tmp_fu_167        |    0    |    0    |
|partselect|        tmp_4_fu_210       |    0    |    0    |
|          |        tmp_s_fu_220       |    0    |    0    |
|          |        tmp_9_fu_234       |    0    |    0    |
|----------|---------------------------|---------|---------|
|   zext   |     zext_ln127_fu_177     |    0    |    0    |
|          |     zext_ln130_fu_200     |    0    |    0    |
|----------|---------------------------|---------|---------|
|          |     trunc_ln127_fu_184    |    0    |    0    |
|   trunc  |     trunc_ln130_fu_188    |    0    |    0    |
|          |     trunc_ln104_fu_230    |    0    |    0    |
|----------|---------------------------|---------|---------|
|bitconcatenate|       shl_ln_fu_192       |    0    |    0    |
|          |     or_ln104_2_fu_244     |    0    |    0    |
|----------|---------------------------|---------|---------|
|   Total  |                           |    0    |   2241  |
|----------|---------------------------|---------|---------|

Memories:
N/A

* Register list:
+----------------+--------+
|                |   FF   |
+----------------+--------+
|    i_reg_308   |    5   |
| phi_mul_reg_301|   10   |
|phi_urem_reg_294|    5   |
+----------------+--------+
|      Total     |   20   |
+----------------+--------+

* Multiplexer (MUX) list: 
|--------|------|------|------|--------|
|  Comp  |  Pin | Size |  BW  | S x BW |
|--------|------|------|------|--------|
|  Total |      |      |      |    0   |
|--------|------|------|------|--------|



* Summary:
+-----------+--------+--------+
|           |   FF   |   LUT  |
+-----------+--------+--------+
|  Function |    0   |  2241  |
|   Memory  |    -   |    -   |
|Multiplexer|    -   |    -   |
|  Register |   20   |    -   |
+-----------+--------+--------+
|   Total   |   20   |  2241  |
+-----------+--------+--------+
