

================================================================
== Vitis HLS Report for 'sha256_compress_block'
================================================================
* Date:           Mon Feb 16 01:33:27 2026

* Version:        2023.1 (Build 3854077 on May  4 2023)
* Project:        calculate_sha256
* Solution:       solution (Vitis Kernel Flow Target)
* Product family: virtexuplusHBM
* Target device:  xcu280-fsvh2892-2L-e


================================================================
== Performance Estimates
================================================================
+ Timing: 
    * Summary: 
    +--------+---------+----------+------------+
    |  Clock |  Target | Estimated| Uncertainty|
    +--------+---------+----------+------------+
    |ap_clk  |  3.33 ns|  3.429 ns|     0.90 ns|
    +--------+---------+----------+------------+

+ Latency: 
    * Summary: 
    +---------+---------+----------+----------+-----+-----+---------+
    |  Latency (cycles) |  Latency (absolute) |  Interval | Pipeline|
    |   min   |   max   |    min   |    max   | min | max |   Type  |
    +---------+---------+----------+----------+-----+-----+---------+
    |      200|      200|  0.686 us|  0.686 us|  200|  200|       no|
    +---------+---------+----------+----------+-----+-----+---------+

    + Detail: 
        * Instance: 
        N/A

        * Loop: 
        N/A

============================================================
+ Verbose Summary: Synthesis Manager
============================================================
InlineROM: 1
ExposeGlobal: 0
============================================================
+ Verbose Summary: CDFG Model
============================================================
IsTopModel: 0
ResetActiveHigh: 1
IsCombinational: 0
IsDatapathOnly: 0
HasWiredReturn: 1
HasMFsm: 0
HasVarLatency: 1
IsPipeline: 0
IsRtlPipelined: 0
IsInstanceOverlapped: 0
IsDontTouch: 0
HasImplIP: 0
IsGatedGlobalClock: 0


============================================================
+ Verbose Summary: Schedule
============================================================
* Number of FSM states : 7
* Pipeline : 0
* Dataflow Pipeline: 0

* FSM state transitions: 
1 --> 2 
2 --> 3 
3 --> 4 
4 --> 5 
5 --> 6 
6 --> 7 
7 --> 

* FSM state operations: 

State 1 <SV = 0> <Delay = 2.14>
ST_1 : Operation 8 [1/1] (0.00ns)   --->   "%block_val_read = read i512 @_ssdm_op_Read.ap_auto.i512, i512 %block_val"   --->   Operation 8 'read' 'block_val_read' <Predicate = true> <Delay = 0.00>
ST_1 : Operation 9 [1/1] (0.00ns)   --->   "%g_1_loc = alloca i64 1"   --->   Operation 9 'alloca' 'g_1_loc' <Predicate = true> <Delay = 0.00>
ST_1 : Operation 10 [1/1] (0.00ns)   --->   "%f_loc = alloca i64 1"   --->   Operation 10 'alloca' 'f_loc' <Predicate = true> <Delay = 0.00>
ST_1 : Operation 11 [1/1] (0.00ns)   --->   "%f_1_loc = alloca i64 1"   --->   Operation 11 'alloca' 'f_1_loc' <Predicate = true> <Delay = 0.00>
ST_1 : Operation 12 [1/1] (0.00ns)   --->   "%d_loc = alloca i64 1"   --->   Operation 12 'alloca' 'd_loc' <Predicate = true> <Delay = 0.00>
ST_1 : Operation 13 [1/1] (0.00ns)   --->   "%c_loc = alloca i64 1"   --->   Operation 13 'alloca' 'c_loc' <Predicate = true> <Delay = 0.00>
ST_1 : Operation 14 [1/1] (0.00ns)   --->   "%b_loc = alloca i64 1"   --->   Operation 14 'alloca' 'b_loc' <Predicate = true> <Delay = 0.00>
ST_1 : Operation 15 [1/1] (0.00ns)   --->   "%a_2_loc = alloca i64 1"   --->   Operation 15 'alloca' 'a_2_loc' <Predicate = true> <Delay = 0.00>
ST_1 : Operation 16 [1/1] (0.00ns)   --->   "%h_loc = alloca i64 1"   --->   Operation 16 'alloca' 'h_loc' <Predicate = true> <Delay = 0.00>
ST_1 : Operation 17 [1/1] (0.00ns)   --->   "%w = alloca i64 1" [/users/arashs/U280_CRC_Accelerator/src/kernel.cpp:124]   --->   Operation 17 'alloca' 'w' <Predicate = true> <Delay = 0.00>
ST_1 : Operation 18 [1/1] (0.00ns)   --->   "%w_1 = alloca i64 1" [/users/arashs/U280_CRC_Accelerator/src/kernel.cpp:124]   --->   Operation 18 'alloca' 'w_1' <Predicate = true> <Delay = 0.00>
ST_1 : Operation 19 [1/1] (0.00ns)   --->   "%w_2 = alloca i64 1" [/users/arashs/U280_CRC_Accelerator/src/kernel.cpp:124]   --->   Operation 19 'alloca' 'w_2' <Predicate = true> <Delay = 0.00>
ST_1 : Operation 20 [2/2] (2.14ns)   --->   "%call_ln0 = call void @sha256_compress_block_Pipeline_init_words, i32 %w_2, i32 %w_1, i32 %w, i512 %block_val_read"   --->   Operation 20 'call' 'call_ln0' <Predicate = true> <Delay = 2.14> <CoreType = "Generic">   --->   Core 0 '' <Latency = 0> <II = 1> <Delay = 1.00> <Generic> <Opcode : >

State 2 <SV = 1> <Delay = 0.00>
ST_2 : Operation 21 [1/2] (0.00ns)   --->   "%call_ln0 = call void @sha256_compress_block_Pipeline_init_words, i32 %w_2, i32 %w_1, i32 %w, i512 %block_val_read"   --->   Operation 21 'call' 'call_ln0' <Predicate = true> <Delay = 0.00> <CoreType = "Generic">   --->   Core 0 '' <Latency = 0> <II = 1> <Delay = 1.00> <Generic> <Opcode : >

State 3 <SV = 2> <Delay = 0.00>
ST_3 : Operation 22 [2/2] (0.00ns)   --->   "%call_ln0 = call void @sha256_compress_block_Pipeline_expand_words, i32 %w_2, i32 %w_1, i32 %w"   --->   Operation 22 'call' 'call_ln0' <Predicate = true> <Delay = 0.00> <CoreType = "Generic">   --->   Core 0 '' <Latency = 0> <II = 1> <Delay = 1.00> <Generic> <Opcode : >

State 4 <SV = 3> <Delay = 0.00>
ST_4 : Operation 23 [1/2] (0.00ns)   --->   "%call_ln0 = call void @sha256_compress_block_Pipeline_expand_words, i32 %w_2, i32 %w_1, i32 %w"   --->   Operation 23 'call' 'call_ln0' <Predicate = true> <Delay = 0.00> <CoreType = "Generic">   --->   Core 0 '' <Latency = 0> <II = 1> <Delay = 1.00> <Generic> <Opcode : >

State 5 <SV = 4> <Delay = 0.38>
ST_5 : Operation 24 [1/1] (0.00ns)   --->   "%state_7_read_2 = read i32 @_ssdm_op_Read.ap_auto.i32, i32 %state_7_read"   --->   Operation 24 'read' 'state_7_read_2' <Predicate = true> <Delay = 0.00>
ST_5 : Operation 25 [1/1] (0.00ns)   --->   "%state_6_read_2 = read i32 @_ssdm_op_Read.ap_auto.i32, i32 %state_6_read"   --->   Operation 25 'read' 'state_6_read_2' <Predicate = true> <Delay = 0.00>
ST_5 : Operation 26 [1/1] (0.00ns)   --->   "%state_5_read_2 = read i32 @_ssdm_op_Read.ap_auto.i32, i32 %state_5_read"   --->   Operation 26 'read' 'state_5_read_2' <Predicate = true> <Delay = 0.00>
ST_5 : Operation 27 [1/1] (0.00ns)   --->   "%state_4_read_2 = read i32 @_ssdm_op_Read.ap_auto.i32, i32 %state_4_read"   --->   Operation 27 'read' 'state_4_read_2' <Predicate = true> <Delay = 0.00>
ST_5 : Operation 28 [1/1] (0.00ns)   --->   "%state_3_read_2 = read i32 @_ssdm_op_Read.ap_auto.i32, i32 %state_3_read"   --->   Operation 28 'read' 'state_3_read_2' <Predicate = true> <Delay = 0.00>
ST_5 : Operation 29 [1/1] (0.00ns)   --->   "%state_2_read_2 = read i32 @_ssdm_op_Read.ap_auto.i32, i32 %state_2_read"   --->   Operation 29 'read' 'state_2_read_2' <Predicate = true> <Delay = 0.00>
ST_5 : Operation 30 [1/1] (0.00ns)   --->   "%state_1_read_2 = read i32 @_ssdm_op_Read.ap_auto.i32, i32 %state_1_read"   --->   Operation 30 'read' 'state_1_read_2' <Predicate = true> <Delay = 0.00>
ST_5 : Operation 31 [1/1] (0.00ns)   --->   "%state_0_read_2 = read i32 @_ssdm_op_Read.ap_auto.i32, i32 %state_0_read"   --->   Operation 31 'read' 'state_0_read_2' <Predicate = true> <Delay = 0.00>
ST_5 : Operation 32 [2/2] (0.38ns)   --->   "%call_ln0 = call void @sha256_compress_block_Pipeline_round_loop, i32 %state_7_read_2, i32 %state_0_read_2, i32 %state_1_read_2, i32 %state_2_read_2, i32 %state_3_read_2, i32 %state_4_read_2, i32 %state_5_read_2, i32 %state_6_read_2, i32 %w, i32 %w_1, i32 %w_2, i32 %h_loc, i32 %a_2_loc, i32 %b_loc, i32 %c_loc, i32 %d_loc, i32 %f_1_loc, i32 %f_loc, i32 %g_1_loc, i32 %SHA256_K"   --->   Operation 32 'call' 'call_ln0' <Predicate = true> <Delay = 0.38> <CoreType = "Generic">   --->   Core 0 '' <Latency = 0> <II = 1> <Delay = 1.00> <Generic> <Opcode : >

State 6 <SV = 5> <Delay = 0.00>
ST_6 : Operation 33 [1/2] (0.00ns)   --->   "%call_ln0 = call void @sha256_compress_block_Pipeline_round_loop, i32 %state_7_read_2, i32 %state_0_read_2, i32 %state_1_read_2, i32 %state_2_read_2, i32 %state_3_read_2, i32 %state_4_read_2, i32 %state_5_read_2, i32 %state_6_read_2, i32 %w, i32 %w_1, i32 %w_2, i32 %h_loc, i32 %a_2_loc, i32 %b_loc, i32 %c_loc, i32 %d_loc, i32 %f_1_loc, i32 %f_loc, i32 %g_1_loc, i32 %SHA256_K"   --->   Operation 33 'call' 'call_ln0' <Predicate = true> <Delay = 0.00> <CoreType = "Generic">   --->   Core 0 '' <Latency = 0> <II = 1> <Delay = 1.00> <Generic> <Opcode : >

State 7 <SV = 6> <Delay = 0.88>
ST_7 : Operation 34 [1/1] (0.00ns)   --->   "%h_loc_load = load i32 %h_loc"   --->   Operation 34 'load' 'h_loc_load' <Predicate = true> <Delay = 0.00>
ST_7 : Operation 35 [1/1] (0.00ns)   --->   "%a_2_loc_load = load i32 %a_2_loc"   --->   Operation 35 'load' 'a_2_loc_load' <Predicate = true> <Delay = 0.00>
ST_7 : Operation 36 [1/1] (0.00ns)   --->   "%b_loc_load = load i32 %b_loc"   --->   Operation 36 'load' 'b_loc_load' <Predicate = true> <Delay = 0.00>
ST_7 : Operation 37 [1/1] (0.00ns)   --->   "%c_loc_load = load i32 %c_loc"   --->   Operation 37 'load' 'c_loc_load' <Predicate = true> <Delay = 0.00>
ST_7 : Operation 38 [1/1] (0.00ns)   --->   "%d_loc_load = load i32 %d_loc"   --->   Operation 38 'load' 'd_loc_load' <Predicate = true> <Delay = 0.00>
ST_7 : Operation 39 [1/1] (0.00ns)   --->   "%f_1_loc_load = load i32 %f_1_loc"   --->   Operation 39 'load' 'f_1_loc_load' <Predicate = true> <Delay = 0.00>
ST_7 : Operation 40 [1/1] (0.00ns)   --->   "%f_loc_load = load i32 %f_loc"   --->   Operation 40 'load' 'f_loc_load' <Predicate = true> <Delay = 0.00>
ST_7 : Operation 41 [1/1] (0.00ns)   --->   "%g_1_loc_load = load i32 %g_1_loc"   --->   Operation 41 'load' 'g_1_loc_load' <Predicate = true> <Delay = 0.00>
ST_7 : Operation 42 [1/1] (0.88ns)   --->   "%add_ln167 = add i32 %a_2_loc_load, i32 %state_0_read_2" [/users/arashs/U280_CRC_Accelerator/src/kernel.cpp:167]   --->   Operation 42 'add' 'add_ln167' <Predicate = true> <Delay = 0.88> <CoreInst = "Adder">   --->   Core 1 'Adder' <Latency = 0> <II = 1> <Delay = 0.88> <FuncUnit> <Opcode : 'add' 'sub'> <InPorts = 2> <OutPorts = 1>
ST_7 : Operation 43 [1/1] (0.88ns)   --->   "%add_ln168 = add i32 %b_loc_load, i32 %state_1_read_2" [/users/arashs/U280_CRC_Accelerator/src/kernel.cpp:168]   --->   Operation 43 'add' 'add_ln168' <Predicate = true> <Delay = 0.88> <CoreInst = "Adder">   --->   Core 1 'Adder' <Latency = 0> <II = 1> <Delay = 0.88> <FuncUnit> <Opcode : 'add' 'sub'> <InPorts = 2> <OutPorts = 1>
ST_7 : Operation 44 [1/1] (0.88ns)   --->   "%add_ln169 = add i32 %c_loc_load, i32 %state_2_read_2" [/users/arashs/U280_CRC_Accelerator/src/kernel.cpp:169]   --->   Operation 44 'add' 'add_ln169' <Predicate = true> <Delay = 0.88> <CoreInst = "Adder">   --->   Core 1 'Adder' <Latency = 0> <II = 1> <Delay = 0.88> <FuncUnit> <Opcode : 'add' 'sub'> <InPorts = 2> <OutPorts = 1>
ST_7 : Operation 45 [1/1] (0.88ns)   --->   "%add_ln170 = add i32 %d_loc_load, i32 %state_3_read_2" [/users/arashs/U280_CRC_Accelerator/src/kernel.cpp:170]   --->   Operation 45 'add' 'add_ln170' <Predicate = true> <Delay = 0.88> <CoreInst = "Adder">   --->   Core 1 'Adder' <Latency = 0> <II = 1> <Delay = 0.88> <FuncUnit> <Opcode : 'add' 'sub'> <InPorts = 2> <OutPorts = 1>
ST_7 : Operation 46 [1/1] (0.88ns)   --->   "%add_ln171 = add i32 %f_1_loc_load, i32 %state_4_read_2" [/users/arashs/U280_CRC_Accelerator/src/kernel.cpp:171]   --->   Operation 46 'add' 'add_ln171' <Predicate = true> <Delay = 0.88> <CoreInst = "Adder">   --->   Core 1 'Adder' <Latency = 0> <II = 1> <Delay = 0.88> <FuncUnit> <Opcode : 'add' 'sub'> <InPorts = 2> <OutPorts = 1>
ST_7 : Operation 47 [1/1] (0.88ns)   --->   "%add_ln172 = add i32 %f_loc_load, i32 %state_5_read_2" [/users/arashs/U280_CRC_Accelerator/src/kernel.cpp:172]   --->   Operation 47 'add' 'add_ln172' <Predicate = true> <Delay = 0.88> <CoreInst = "Adder">   --->   Core 1 'Adder' <Latency = 0> <II = 1> <Delay = 0.88> <FuncUnit> <Opcode : 'add' 'sub'> <InPorts = 2> <OutPorts = 1>
ST_7 : Operation 48 [1/1] (0.88ns)   --->   "%add_ln173 = add i32 %g_1_loc_load, i32 %state_6_read_2" [/users/arashs/U280_CRC_Accelerator/src/kernel.cpp:173]   --->   Operation 48 'add' 'add_ln173' <Predicate = true> <Delay = 0.88> <CoreInst = "Adder">   --->   Core 1 'Adder' <Latency = 0> <II = 1> <Delay = 0.88> <FuncUnit> <Opcode : 'add' 'sub'> <InPorts = 2> <OutPorts = 1>
ST_7 : Operation 49 [1/1] (0.88ns)   --->   "%add_ln174 = add i32 %h_loc_load, i32 %state_7_read_2" [/users/arashs/U280_CRC_Accelerator/src/kernel.cpp:174]   --->   Operation 49 'add' 'add_ln174' <Predicate = true> <Delay = 0.88> <CoreInst = "Adder">   --->   Core 1 'Adder' <Latency = 0> <II = 1> <Delay = 0.88> <FuncUnit> <Opcode : 'add' 'sub'> <InPorts = 2> <OutPorts = 1>
ST_7 : Operation 50 [1/1] (0.00ns)   --->   "%mrv = insertvalue i256 <undef>, i32 %add_ln167" [/users/arashs/U280_CRC_Accelerator/src/kernel.cpp:175]   --->   Operation 50 'insertvalue' 'mrv' <Predicate = true> <Delay = 0.00>
ST_7 : Operation 51 [1/1] (0.00ns)   --->   "%mrv_1 = insertvalue i256 %mrv, i32 %add_ln168" [/users/arashs/U280_CRC_Accelerator/src/kernel.cpp:175]   --->   Operation 51 'insertvalue' 'mrv_1' <Predicate = true> <Delay = 0.00>
ST_7 : Operation 52 [1/1] (0.00ns)   --->   "%mrv_2 = insertvalue i256 %mrv_1, i32 %add_ln169" [/users/arashs/U280_CRC_Accelerator/src/kernel.cpp:175]   --->   Operation 52 'insertvalue' 'mrv_2' <Predicate = true> <Delay = 0.00>
ST_7 : Operation 53 [1/1] (0.00ns)   --->   "%mrv_3 = insertvalue i256 %mrv_2, i32 %add_ln170" [/users/arashs/U280_CRC_Accelerator/src/kernel.cpp:175]   --->   Operation 53 'insertvalue' 'mrv_3' <Predicate = true> <Delay = 0.00>
ST_7 : Operation 54 [1/1] (0.00ns)   --->   "%mrv_4 = insertvalue i256 %mrv_3, i32 %add_ln171" [/users/arashs/U280_CRC_Accelerator/src/kernel.cpp:175]   --->   Operation 54 'insertvalue' 'mrv_4' <Predicate = true> <Delay = 0.00>
ST_7 : Operation 55 [1/1] (0.00ns)   --->   "%mrv_5 = insertvalue i256 %mrv_4, i32 %add_ln172" [/users/arashs/U280_CRC_Accelerator/src/kernel.cpp:175]   --->   Operation 55 'insertvalue' 'mrv_5' <Predicate = true> <Delay = 0.00>
ST_7 : Operation 56 [1/1] (0.00ns)   --->   "%mrv_6 = insertvalue i256 %mrv_5, i32 %add_ln173" [/users/arashs/U280_CRC_Accelerator/src/kernel.cpp:175]   --->   Operation 56 'insertvalue' 'mrv_6' <Predicate = true> <Delay = 0.00>
ST_7 : Operation 57 [1/1] (0.00ns)   --->   "%mrv_7 = insertvalue i256 %mrv_6, i32 %add_ln174" [/users/arashs/U280_CRC_Accelerator/src/kernel.cpp:175]   --->   Operation 57 'insertvalue' 'mrv_7' <Predicate = true> <Delay = 0.00>
ST_7 : Operation 58 [1/1] (0.00ns)   --->   "%ret_ln175 = ret i256 %mrv_7" [/users/arashs/U280_CRC_Accelerator/src/kernel.cpp:175]   --->   Operation 58 'ret' 'ret_ln175' <Predicate = true> <Delay = 0.00>


============================================================
+ Verbose Summary: Timing violations
============================================================
Target clock period: 3.333ns, clock uncertainty: 0.900ns.

 <State 1>: 2.142ns
The critical path consists of the following:
	wire read operation ('block_val_read') on port 'block_val' [19]  (0.000 ns)
	'call' operation ('call_ln0') to 'sha256_compress_block_Pipeline_init_words' [31]  (2.142 ns)

 <State 2>: 0.000ns
The critical path consists of the following:

 <State 3>: 0.000ns
The critical path consists of the following:

 <State 4>: 0.000ns
The critical path consists of the following:

 <State 5>: 0.387ns
The critical path consists of the following:
	wire read operation ('state_7_read_2') on port 'state_7_read' [11]  (0.000 ns)
	'call' operation ('call_ln0') to 'sha256_compress_block_Pipeline_round_loop' [33]  (0.387 ns)

 <State 6>: 0.000ns
The critical path consists of the following:

 <State 7>: 0.880ns
The critical path consists of the following:
	'load' operation ('a_2_loc_load') on local variable 'a_2_loc' [35]  (0.000 ns)
	'add' operation ('add_ln167', /users/arashs/U280_CRC_Accelerator/src/kernel.cpp:167) [42]  (0.880 ns)


============================================================
+ Verbose Summary: Binding
============================================================
N/A
* FSMD analyzer results:
  - Output states:
 - Input state : 
  - Chain level:
	State 1
	State 2
	State 3
	State 4
	State 5
	State 6
	State 7


============================================================
+ Verbose Summary: Datapath Resource usage 
============================================================
N/A
