

================================================================
== Vitis HLS Report for 'calculate_sha256_Pipeline_hash_write_digest'
================================================================
* Date:           Fri Feb 20 12:34:56 2026

* Version:        2023.1 (Build 3854077 on May  4 2023)
* Project:        calculate_sha256
* Solution:       solution (Vitis Kernel Flow Target)
* Product family: virtexuplusHBM
* Target device:  xcu280-fsvh2892-2L-e


================================================================
== Performance Estimates
================================================================
+ Timing: 
    * Summary: 
    +--------+---------+----------+------------+
    |  Clock |  Target | Estimated| Uncertainty|
    +--------+---------+----------+------------+
    |ap_clk  |  3.33 ns|  2.433 ns|     0.90 ns|
    +--------+---------+----------+------------+

+ Latency: 
    * Summary: 
    +---------+---------+----------+----------+-----+-----+---------+
    |  Latency (cycles) |  Latency (absolute) |  Interval | Pipeline|
    |   min   |   max   |    min   |    max   | min | max |   Type  |
    +---------+---------+----------+----------+-----+-----+---------+
    |       79|       79|  0.263 us|  0.263 us|   79|   79|       no|
    +---------+---------+----------+----------+-----+-----+---------+

    + Detail: 
        * Instance: 
        N/A

        * Loop: 
        +---------------------+---------+---------+----------+-----------+-----------+------+----------+
        |                     |  Latency (cycles) | Iteration|  Initiation Interval  | Trip |          |
        |      Loop Name      |   min   |   max   |  Latency |  achieved |   target  | Count| Pipelined|
        +---------------------+---------+---------+----------+-----------+-----------+------+----------+
        |- hash_write_digest  |       77|       77|        71|          1|          1|     8|       yes|
        +---------------------+---------+---------+----------+-----------+-----------+------+----------+

============================================================
+ Verbose Summary: Synthesis Manager
============================================================
InlineROM: 1
ExposeGlobal: 0
============================================================
+ Verbose Summary: CDFG Model
============================================================
IsTopModel: 0
ResetActiveHigh: 1
IsCombinational: 0
IsDatapathOnly: 0
HasWiredReturn: 1
HasMFsm: 2
HasVarLatency: 1
IsPipeline: 0
IsRtlPipelined: 0
IsInstanceOverlapped: 0
IsDontTouch: 0
HasImplIP: 0
IsGatedGlobalClock: 0

+ Individual pipeline summary: 
  * Pipeline-0: initiation interval (II) = 1, depth = 71


============================================================
+ Verbose Summary: Schedule
============================================================
* Number of FSM states : 71
* Pipeline : 1
  Pipeline-0 : II = 1, D = 71, States = { 1 2 3 4 5 6 7 8 9 10 11 12 13 14 15 16 17 18 19 20 21 22 23 24 25 26 27 28 29 30 31 32 33 34 35 36 37 38 39 40 41 42 43 44 45 46 47 48 49 50 51 52 53 54 55 56 57 58 59 60 61 62 63 64 65 66 67 68 69 70 71 }
* Dataflow Pipeline: 0

* FSM state transitions: 
1 --> 2 
2 --> 3 
3 --> 4 
4 --> 5 
5 --> 6 
6 --> 7 
7 --> 8 
8 --> 9 
9 --> 10 
10 --> 11 
11 --> 12 
12 --> 13 
13 --> 14 
14 --> 15 
15 --> 16 
16 --> 17 
17 --> 18 
18 --> 19 
19 --> 20 
20 --> 21 
21 --> 22 
22 --> 23 
23 --> 24 
24 --> 25 
25 --> 26 
26 --> 27 
27 --> 28 
28 --> 29 
29 --> 30 
30 --> 31 
31 --> 32 
32 --> 33 
33 --> 34 
34 --> 35 
35 --> 36 
36 --> 37 
37 --> 38 
38 --> 39 
39 --> 40 
40 --> 41 
41 --> 42 
42 --> 43 
43 --> 44 
44 --> 45 
45 --> 46 
46 --> 47 
47 --> 48 
48 --> 49 
49 --> 50 
50 --> 51 
51 --> 52 
52 --> 53 
53 --> 54 
54 --> 55 
55 --> 56 
56 --> 57 
57 --> 58 
58 --> 59 
59 --> 60 
60 --> 61 
61 --> 62 
62 --> 63 
63 --> 64 
64 --> 65 
65 --> 66 
66 --> 67 
67 --> 68 
68 --> 69 
69 --> 70 
70 --> 71 
71 --> 

* FSM state operations: 

State 1 <SV = 0> <Delay = 1.53>
ST_1 : Operation 74 [1/1] (0.00ns)   --->   "%phi_ln619 = alloca i32 1"   --->   Operation 74 'alloca' 'phi_ln619' <Predicate = true> <Delay = 0.00>
ST_1 : Operation 75 [1/1] (0.00ns)   --->   "%i = alloca i32 1"   --->   Operation 75 'alloca' 'i' <Predicate = true> <Delay = 0.00>
ST_1 : Operation 76 [1/1] (0.00ns)   --->   "%specinterface_ln0 = specinterface void @_ssdm_op_SpecInterface, i512 %gmem0, void @empty_18, i32 0, i32 0, void @empty, i32 64, i32 1024, void @empty_0, void @empty_1, void @empty, i32 16, i32 16, i32 16, i32 16, void @empty, void @empty, i32 4294967295, i32 0"   --->   Operation 76 'specinterface' 'specinterface_ln0' <Predicate = true> <Delay = 0.00>
ST_1 : Operation 77 [1/1] (0.00ns)   --->   "%trunc_ln621_1_read = read i6 @_ssdm_op_Read.ap_auto.i6, i6 %trunc_ln621_1"   --->   Operation 77 'read' 'trunc_ln621_1_read' <Predicate = true> <Delay = 0.00>
ST_1 : Operation 78 [1/1] (0.00ns)   --->   "%crc_out_read = read i64 @_ssdm_op_Read.ap_auto.i64, i64 %crc_out"   --->   Operation 78 'read' 'crc_out_read' <Predicate = true> <Delay = 0.00>
ST_1 : Operation 79 [1/1] (0.00ns)   --->   "%c_read = read i32 @_ssdm_op_Read.ap_auto.i32, i32 %c"   --->   Operation 79 'read' 'c_read' <Predicate = true> <Delay = 0.00>
ST_1 : Operation 80 [1/1] (0.00ns)   --->   "%digest_7_read = read i32 @_ssdm_op_Read.ap_auto.i32, i32 %digest_7"   --->   Operation 80 'read' 'digest_7_read' <Predicate = true> <Delay = 0.00>
ST_1 : Operation 81 [1/1] (0.00ns)   --->   "%digest_6_read = read i32 @_ssdm_op_Read.ap_auto.i32, i32 %digest_6"   --->   Operation 81 'read' 'digest_6_read' <Predicate = true> <Delay = 0.00>
ST_1 : Operation 82 [1/1] (0.00ns)   --->   "%digest_5_read = read i32 @_ssdm_op_Read.ap_auto.i32, i32 %digest_5"   --->   Operation 82 'read' 'digest_5_read' <Predicate = true> <Delay = 0.00>
ST_1 : Operation 83 [1/1] (0.00ns)   --->   "%digest_4_read = read i32 @_ssdm_op_Read.ap_auto.i32, i32 %digest_4"   --->   Operation 83 'read' 'digest_4_read' <Predicate = true> <Delay = 0.00>
ST_1 : Operation 84 [1/1] (0.00ns)   --->   "%digest_3_read = read i32 @_ssdm_op_Read.ap_auto.i32, i32 %digest_3"   --->   Operation 84 'read' 'digest_3_read' <Predicate = true> <Delay = 0.00>
ST_1 : Operation 85 [1/1] (0.00ns)   --->   "%digest_2_read = read i32 @_ssdm_op_Read.ap_auto.i32, i32 %digest_2"   --->   Operation 85 'read' 'digest_2_read' <Predicate = true> <Delay = 0.00>
ST_1 : Operation 86 [1/1] (0.00ns)   --->   "%digest_1_read = read i32 @_ssdm_op_Read.ap_auto.i32, i32 %digest_1"   --->   Operation 86 'read' 'digest_1_read' <Predicate = true> <Delay = 0.00>
ST_1 : Operation 87 [1/1] (0.00ns)   --->   "%digest_read = read i32 @_ssdm_op_Read.ap_auto.i32, i32 %digest"   --->   Operation 87 'read' 'digest_read' <Predicate = true> <Delay = 0.00>
ST_1 : Operation 88 [1/1] (0.38ns)   --->   "%store_ln0 = store i4 0, i4 %i"   --->   Operation 88 'store' 'store_ln0' <Predicate = true> <Delay = 0.38>
ST_1 : Operation 89 [1/1] (0.38ns)   --->   "%store_ln0 = store i224 0, i224 %phi_ln619"   --->   Operation 89 'store' 'store_ln0' <Predicate = true> <Delay = 0.38>
ST_1 : Operation 90 [1/1] (0.00ns)   --->   "%br_ln0 = br void %for.inc.i"   --->   Operation 90 'br' 'br_ln0' <Predicate = true> <Delay = 0.00>
ST_1 : Operation 91 [1/1] (0.00ns)   --->   "%i_7 = load i4 %i" [/users/arashs/U280_CRC_Accelerator/src/kernel.cpp:616->/users/arashs/U280_CRC_Accelerator/src/kernel.cpp:733]   --->   Operation 91 'load' 'i_7' <Predicate = true> <Delay = 0.00>
ST_1 : Operation 92 [1/1] (0.00ns)   --->   "%specbitsmap_ln0 = specbitsmap void @_ssdm_op_SpecBitsMap, i512 %gmem0"   --->   Operation 92 'specbitsmap' 'specbitsmap_ln0' <Predicate = true> <Delay = 0.00>
ST_1 : Operation 93 [1/1] (0.70ns)   --->   "%icmp_ln616 = icmp_eq  i4 %i_7, i4 8" [/users/arashs/U280_CRC_Accelerator/src/kernel.cpp:616->/users/arashs/U280_CRC_Accelerator/src/kernel.cpp:733]   --->   Operation 93 'icmp' 'icmp_ln616' <Predicate = true> <Delay = 0.70> <CoreInst = "Cmp">   --->   Core 9 'Cmp' <Latency = 0> <II = 1> <Delay = 0.70> <FuncUnit> <Opcode : 'icmp'> <InPorts = 2> <OutPorts = 1>
ST_1 : Operation 94 [1/1] (0.70ns)   --->   "%add_ln616 = add i4 %i_7, i4 1" [/users/arashs/U280_CRC_Accelerator/src/kernel.cpp:616->/users/arashs/U280_CRC_Accelerator/src/kernel.cpp:733]   --->   Operation 94 'add' 'add_ln616' <Predicate = true> <Delay = 0.70> <CoreInst = "Adder">   --->   Core 1 'Adder' <Latency = 0> <II = 1> <Delay = 0.70> <FuncUnit> <Opcode : 'add' 'sub'> <InPorts = 2> <OutPorts = 1>
ST_1 : Operation 95 [1/1] (0.00ns)   --->   "%br_ln616 = br i1 %icmp_ln616, void %for.inc.i.split, void %for.inc9.i.exitStub" [/users/arashs/U280_CRC_Accelerator/src/kernel.cpp:616->/users/arashs/U280_CRC_Accelerator/src/kernel.cpp:733]   --->   Operation 95 'br' 'br_ln616' <Predicate = true> <Delay = 0.00>
ST_1 : Operation 96 [1/1] (0.00ns)   --->   "%trunc_ln616 = trunc i4 %i_7" [/users/arashs/U280_CRC_Accelerator/src/kernel.cpp:616->/users/arashs/U280_CRC_Accelerator/src/kernel.cpp:733]   --->   Operation 96 'trunc' 'trunc_ln616' <Predicate = (!icmp_ln616)> <Delay = 0.00>
ST_1 : Operation 97 [1/1] (0.70ns)   --->   "%icmp_ln616_1 = icmp_eq  i4 %add_ln616, i4 8" [/users/arashs/U280_CRC_Accelerator/src/kernel.cpp:616->/users/arashs/U280_CRC_Accelerator/src/kernel.cpp:733]   --->   Operation 97 'icmp' 'icmp_ln616_1' <Predicate = (!icmp_ln616)> <Delay = 0.70> <CoreInst = "Cmp">   --->   Core 9 'Cmp' <Latency = 0> <II = 1> <Delay = 0.70> <FuncUnit> <Opcode : 'icmp'> <InPorts = 2> <OutPorts = 1>
ST_1 : Operation 98 [1/1] (0.00ns)   --->   "%br_ln616 = br i1 %icmp_ln616_1, void %ifFalse, void %ifTrue" [/users/arashs/U280_CRC_Accelerator/src/kernel.cpp:616->/users/arashs/U280_CRC_Accelerator/src/kernel.cpp:733]   --->   Operation 98 'br' 'br_ln616' <Predicate = (!icmp_ln616)> <Delay = 0.00>
ST_1 : Operation 99 [1/1] (0.00ns)   --->   "%shl_ln5 = bitconcatenate i37 @_ssdm_op_BitConcatenate.i37.i32.i5, i32 %c_read, i5 0" [/users/arashs/U280_CRC_Accelerator/src/kernel.cpp:621->/users/arashs/U280_CRC_Accelerator/src/kernel.cpp:733]   --->   Operation 99 'bitconcatenate' 'shl_ln5' <Predicate = (!icmp_ln616 & icmp_ln616_1)> <Delay = 0.00>
ST_1 : Operation 100 [1/1] (0.00ns)   --->   "%zext_ln621_2 = zext i37 %shl_ln5" [/users/arashs/U280_CRC_Accelerator/src/kernel.cpp:621->/users/arashs/U280_CRC_Accelerator/src/kernel.cpp:733]   --->   Operation 100 'zext' 'zext_ln621_2' <Predicate = (!icmp_ln616 & icmp_ln616_1)> <Delay = 0.00>
ST_1 : Operation 101 [1/1] (1.14ns)   --->   "%add_ln621 = add i64 %zext_ln621_2, i64 %crc_out_read" [/users/arashs/U280_CRC_Accelerator/src/kernel.cpp:621->/users/arashs/U280_CRC_Accelerator/src/kernel.cpp:733]   --->   Operation 101 'add' 'add_ln621' <Predicate = (!icmp_ln616 & icmp_ln616_1)> <Delay = 1.14> <CoreInst = "Adder">   --->   Core 1 'Adder' <Latency = 0> <II = 1> <Delay = 1.14> <FuncUnit> <Opcode : 'add' 'sub'> <InPorts = 2> <OutPorts = 1>
ST_1 : Operation 102 [1/1] (0.00ns)   --->   "%trunc_ln9 = partselect i58 @_ssdm_op_PartSelect.i58.i64.i32.i32, i64 %add_ln621, i32 6, i32 63" [/users/arashs/U280_CRC_Accelerator/src/kernel.cpp:621->/users/arashs/U280_CRC_Accelerator/src/kernel.cpp:733]   --->   Operation 102 'partselect' 'trunc_ln9' <Predicate = (!icmp_ln616 & icmp_ln616_1)> <Delay = 0.00>
ST_1 : Operation 103 [1/1] (0.38ns)   --->   "%store_ln616 = store i4 %add_ln616, i4 %i" [/users/arashs/U280_CRC_Accelerator/src/kernel.cpp:616->/users/arashs/U280_CRC_Accelerator/src/kernel.cpp:733]   --->   Operation 103 'store' 'store_ln616' <Predicate = (!icmp_ln616)> <Delay = 0.38>

State 2 <SV = 1> <Delay = 2.43>
ST_2 : Operation 104 [1/1] (0.00ns)   --->   "%phi_ln619_load_1 = load i224 %phi_ln619" [/users/arashs/U280_CRC_Accelerator/src/kernel.cpp:619->/users/arashs/U280_CRC_Accelerator/src/kernel.cpp:733]   --->   Operation 104 'load' 'phi_ln619_load_1' <Predicate = true> <Delay = 0.00>
ST_2 : Operation 105 [1/1] (0.00ns)   --->   "%specpipeline_ln618 = specpipeline void @_ssdm_op_SpecPipeline, i32 1, i32 0, i32 0, i32 0, void @empty" [/users/arashs/U280_CRC_Accelerator/src/kernel.cpp:618->/users/arashs/U280_CRC_Accelerator/src/kernel.cpp:733]   --->   Operation 105 'specpipeline' 'specpipeline_ln618' <Predicate = true> <Delay = 0.00>
ST_2 : Operation 106 [1/1] (0.00ns)   --->   "%speclooptripcount_ln616 = speclooptripcount void @_ssdm_op_SpecLoopTripCount, i64 8, i64 8, i64 8" [/users/arashs/U280_CRC_Accelerator/src/kernel.cpp:616->/users/arashs/U280_CRC_Accelerator/src/kernel.cpp:733]   --->   Operation 106 'speclooptripcount' 'speclooptripcount_ln616' <Predicate = true> <Delay = 0.00>
ST_2 : Operation 107 [1/1] (0.00ns)   --->   "%specloopname_ln616 = specloopname void @_ssdm_op_SpecLoopName, void @empty_15" [/users/arashs/U280_CRC_Accelerator/src/kernel.cpp:616->/users/arashs/U280_CRC_Accelerator/src/kernel.cpp:733]   --->   Operation 107 'specloopname' 'specloopname_ln616' <Predicate = true> <Delay = 0.00>
ST_2 : Operation 108 [1/1] (0.58ns)   --->   "%tmp = mux i32 @_ssdm_op_Mux.ap_auto.8i32.i3, i32 %digest_read, i32 %digest_1_read, i32 %digest_2_read, i32 %digest_3_read, i32 %digest_4_read, i32 %digest_5_read, i32 %digest_6_read, i32 %digest_7_read, i3 %trunc_ln616" [/users/arashs/U280_CRC_Accelerator/src/kernel.cpp:619->/users/arashs/U280_CRC_Accelerator/src/kernel.cpp:733]   --->   Operation 108 'mux' 'tmp' <Predicate = true> <Delay = 0.58> <CoreInst = "Multiplexer">   --->   Core 76 'Multiplexer' <Latency = 0> <II = 1> <Delay = 0.58> <FuncUnit> <Opcode : 'mux'> <InPorts = 2> <OutPorts = 1>
ST_2 : Operation 109 [1/1] (0.00ns)   --->   "%or_ln = bitconcatenate i256 @_ssdm_op_BitConcatenate.i256.i32.i224, i32 %tmp, i224 %phi_ln619_load_1" [/users/arashs/U280_CRC_Accelerator/src/kernel.cpp:619->/users/arashs/U280_CRC_Accelerator/src/kernel.cpp:733]   --->   Operation 109 'bitconcatenate' 'or_ln' <Predicate = true> <Delay = 0.00>
ST_2 : Operation 110 [1/1] (0.00ns)   --->   "%trunc_ln621 = trunc i32 %c_read" [/users/arashs/U280_CRC_Accelerator/src/kernel.cpp:621->/users/arashs/U280_CRC_Accelerator/src/kernel.cpp:733]   --->   Operation 110 'trunc' 'trunc_ln621' <Predicate = (icmp_ln616_1)> <Delay = 0.00>
ST_2 : Operation 111 [1/1] (0.00ns)   --->   "%trunc_ln621_2 = bitconcatenate i6 @_ssdm_op_BitConcatenate.i6.i1.i5, i1 %trunc_ln621, i5 0" [/users/arashs/U280_CRC_Accelerator/src/kernel.cpp:621->/users/arashs/U280_CRC_Accelerator/src/kernel.cpp:733]   --->   Operation 111 'bitconcatenate' 'trunc_ln621_2' <Predicate = (icmp_ln616_1)> <Delay = 0.00>
ST_2 : Operation 112 [1/1] (0.00ns)   --->   "%zext_ln621 = zext i256 %or_ln" [/users/arashs/U280_CRC_Accelerator/src/kernel.cpp:621->/users/arashs/U280_CRC_Accelerator/src/kernel.cpp:733]   --->   Operation 112 'zext' 'zext_ln621' <Predicate = (icmp_ln616_1)> <Delay = 0.00>
ST_2 : Operation 113 [1/1] (0.70ns)   --->   "%add_ln621_1 = add i6 %trunc_ln621_2, i6 %trunc_ln621_1_read" [/users/arashs/U280_CRC_Accelerator/src/kernel.cpp:621->/users/arashs/U280_CRC_Accelerator/src/kernel.cpp:733]   --->   Operation 113 'add' 'add_ln621_1' <Predicate = (icmp_ln616_1)> <Delay = 0.70> <CoreInst = "Adder">   --->   Core 1 'Adder' <Latency = 0> <II = 1> <Delay = 0.70> <FuncUnit> <Opcode : 'add' 'sub'> <InPorts = 2> <OutPorts = 1>
ST_2 : Operation 114 [1/1] (0.00ns)   --->   "%zext_ln621_1 = zext i6 %add_ln621_1" [/users/arashs/U280_CRC_Accelerator/src/kernel.cpp:621->/users/arashs/U280_CRC_Accelerator/src/kernel.cpp:733]   --->   Operation 114 'zext' 'zext_ln621_1' <Predicate = (icmp_ln616_1)> <Delay = 0.00>
ST_2 : Operation 115 [1/1] (1.16ns)   --->   "%shl_ln621 = shl i64 4294967295, i64 %zext_ln621_1" [/users/arashs/U280_CRC_Accelerator/src/kernel.cpp:621->/users/arashs/U280_CRC_Accelerator/src/kernel.cpp:733]   --->   Operation 115 'shl' 'shl_ln621' <Predicate = (icmp_ln616_1)> <Delay = 1.16> <CoreInst = "Shifter">   --->   Core 75 'Shifter' <Latency = 0> <II = 1> <Delay = 1.16> <FuncUnit> <Opcode : 'shl' 'lshr' 'ashr'> <InPorts = 2> <OutPorts = 1>
ST_2 : Operation 116 [1/1] (0.00ns)   --->   "%shl_ln621_2 = bitconcatenate i9 @_ssdm_op_BitConcatenate.i9.i6.i3, i6 %add_ln621_1, i3 0" [/users/arashs/U280_CRC_Accelerator/src/kernel.cpp:621->/users/arashs/U280_CRC_Accelerator/src/kernel.cpp:733]   --->   Operation 116 'bitconcatenate' 'shl_ln621_2' <Predicate = (icmp_ln616_1)> <Delay = 0.00>
ST_2 : Operation 117 [1/1] (0.00ns)   --->   "%zext_ln621_3 = zext i9 %shl_ln621_2" [/users/arashs/U280_CRC_Accelerator/src/kernel.cpp:621->/users/arashs/U280_CRC_Accelerator/src/kernel.cpp:733]   --->   Operation 117 'zext' 'zext_ln621_3' <Predicate = (icmp_ln616_1)> <Delay = 0.00>
ST_2 : Operation 118 [1/1] (1.20ns)   --->   "%shl_ln621_1 = shl i512 %zext_ln621, i512 %zext_ln621_3" [/users/arashs/U280_CRC_Accelerator/src/kernel.cpp:621->/users/arashs/U280_CRC_Accelerator/src/kernel.cpp:733]   --->   Operation 118 'shl' 'shl_ln621_1' <Predicate = (icmp_ln616_1)> <Delay = 1.20> <CoreInst = "Shifter">   --->   Core 75 'Shifter' <Latency = 0> <II = 1> <Delay = 1.20> <FuncUnit> <Opcode : 'shl' 'lshr' 'ashr'> <InPorts = 2> <OutPorts = 1>
ST_2 : Operation 119 [1/1] (0.00ns)   --->   "%sext_ln621 = sext i58 %trunc_ln9" [/users/arashs/U280_CRC_Accelerator/src/kernel.cpp:621->/users/arashs/U280_CRC_Accelerator/src/kernel.cpp:733]   --->   Operation 119 'sext' 'sext_ln621' <Predicate = (icmp_ln616_1)> <Delay = 0.00>
ST_2 : Operation 120 [1/1] (0.00ns)   --->   "%gmem0_addr = getelementptr i512 %gmem0, i64 %sext_ln621" [/users/arashs/U280_CRC_Accelerator/src/kernel.cpp:621->/users/arashs/U280_CRC_Accelerator/src/kernel.cpp:733]   --->   Operation 120 'getelementptr' 'gmem0_addr' <Predicate = (icmp_ln616_1)> <Delay = 0.00>
ST_2 : Operation 121 [1/1] (2.43ns)   --->   "%empty = writereq i1 @_ssdm_op_WriteReq.m_axi.p1i512, i512 %gmem0_addr, i32 1" [/users/arashs/U280_CRC_Accelerator/src/kernel.cpp:621->/users/arashs/U280_CRC_Accelerator/src/kernel.cpp:733]   --->   Operation 121 'writereq' 'empty' <Predicate = (icmp_ln616_1)> <Delay = 2.43> <CoreInst = "m_axi">   --->   Core 121 'm_axi' <Latency = 0> <II = 1> <Delay = 1.00> <Adapter> <Opcode : 'read' 'write' 'readreq' 'writereq' 'writeresp'>
ST_2 : Operation 122 [1/1] (0.00ns)   --->   "%phi_ln619_load = load i224 %phi_ln619"   --->   Operation 122 'load' 'phi_ln619_load' <Predicate = true> <Delay = 0.00>
ST_2 : Operation 123 [1/1] (0.00ns)   --->   "%tmp_5 = partselect i192 @_ssdm_op_PartSelect.i192.i224.i32.i32, i224 %phi_ln619_load, i32 32, i32 223"   --->   Operation 123 'partselect' 'tmp_5' <Predicate = true> <Delay = 0.00>
ST_2 : Operation 124 [1/1] (0.00ns)   --->   "%phitmp = bitconcatenate i224 @_ssdm_op_BitConcatenate.i224.i32.i192, i32 %tmp, i192 %tmp_5" [/users/arashs/U280_CRC_Accelerator/src/kernel.cpp:619->/users/arashs/U280_CRC_Accelerator/src/kernel.cpp:733]   --->   Operation 124 'bitconcatenate' 'phitmp' <Predicate = true> <Delay = 0.00>
ST_2 : Operation 125 [1/1] (0.38ns)   --->   "%store_ln619 = store i224 %phitmp, i224 %phi_ln619" [/users/arashs/U280_CRC_Accelerator/src/kernel.cpp:619->/users/arashs/U280_CRC_Accelerator/src/kernel.cpp:733]   --->   Operation 125 'store' 'store_ln619' <Predicate = true> <Delay = 0.38>
ST_2 : Operation 126 [1/1] (0.00ns)   --->   "%br_ln0 = br void %for.inc.i"   --->   Operation 126 'br' 'br_ln0' <Predicate = true> <Delay = 0.00>

State 3 <SV = 2> <Delay = 2.43>
ST_3 : Operation 127 [1/1] (2.43ns)   --->   "%write_ln621 = write void @_ssdm_op_Write.m_axi.p1i512, i512 %gmem0_addr, i512 %shl_ln621_1, i64 %shl_ln621" [/users/arashs/U280_CRC_Accelerator/src/kernel.cpp:621->/users/arashs/U280_CRC_Accelerator/src/kernel.cpp:733]   --->   Operation 127 'write' 'write_ln621' <Predicate = (icmp_ln616_1)> <Delay = 2.43> <CoreInst = "m_axi">   --->   Core 121 'm_axi' <Latency = 0> <II = 1> <Delay = 1.00> <Adapter> <Opcode : 'read' 'write' 'readreq' 'writereq' 'writeresp'>

State 4 <SV = 3> <Delay = 2.43>
ST_4 : Operation 128 [68/68] (2.43ns)   --->   "%empty_51 = writeresp i1 @_ssdm_op_WriteResp.m_axi.p1i512, i512 %gmem0_addr" [/users/arashs/U280_CRC_Accelerator/src/kernel.cpp:621->/users/arashs/U280_CRC_Accelerator/src/kernel.cpp:733]   --->   Operation 128 'writeresp' 'empty_51' <Predicate = (icmp_ln616_1)> <Delay = 2.43> <CoreInst = "m_axi">   --->   Core 121 'm_axi' <Latency = 0> <II = 1> <Delay = 1.00> <Adapter> <Opcode : 'read' 'write' 'readreq' 'writereq' 'writeresp'>

State 5 <SV = 4> <Delay = 2.43>
ST_5 : Operation 129 [67/68] (2.43ns)   --->   "%empty_51 = writeresp i1 @_ssdm_op_WriteResp.m_axi.p1i512, i512 %gmem0_addr" [/users/arashs/U280_CRC_Accelerator/src/kernel.cpp:621->/users/arashs/U280_CRC_Accelerator/src/kernel.cpp:733]   --->   Operation 129 'writeresp' 'empty_51' <Predicate = (icmp_ln616_1)> <Delay = 2.43> <CoreInst = "m_axi">   --->   Core 121 'm_axi' <Latency = 0> <II = 1> <Delay = 1.00> <Adapter> <Opcode : 'read' 'write' 'readreq' 'writereq' 'writeresp'>

State 6 <SV = 5> <Delay = 2.43>
ST_6 : Operation 130 [66/68] (2.43ns)   --->   "%empty_51 = writeresp i1 @_ssdm_op_WriteResp.m_axi.p1i512, i512 %gmem0_addr" [/users/arashs/U280_CRC_Accelerator/src/kernel.cpp:621->/users/arashs/U280_CRC_Accelerator/src/kernel.cpp:733]   --->   Operation 130 'writeresp' 'empty_51' <Predicate = (icmp_ln616_1)> <Delay = 2.43> <CoreInst = "m_axi">   --->   Core 121 'm_axi' <Latency = 0> <II = 1> <Delay = 1.00> <Adapter> <Opcode : 'read' 'write' 'readreq' 'writereq' 'writeresp'>

State 7 <SV = 6> <Delay = 2.43>
ST_7 : Operation 131 [65/68] (2.43ns)   --->   "%empty_51 = writeresp i1 @_ssdm_op_WriteResp.m_axi.p1i512, i512 %gmem0_addr" [/users/arashs/U280_CRC_Accelerator/src/kernel.cpp:621->/users/arashs/U280_CRC_Accelerator/src/kernel.cpp:733]   --->   Operation 131 'writeresp' 'empty_51' <Predicate = (icmp_ln616_1)> <Delay = 2.43> <CoreInst = "m_axi">   --->   Core 121 'm_axi' <Latency = 0> <II = 1> <Delay = 1.00> <Adapter> <Opcode : 'read' 'write' 'readreq' 'writereq' 'writeresp'>

State 8 <SV = 7> <Delay = 2.43>
ST_8 : Operation 132 [64/68] (2.43ns)   --->   "%empty_51 = writeresp i1 @_ssdm_op_WriteResp.m_axi.p1i512, i512 %gmem0_addr" [/users/arashs/U280_CRC_Accelerator/src/kernel.cpp:621->/users/arashs/U280_CRC_Accelerator/src/kernel.cpp:733]   --->   Operation 132 'writeresp' 'empty_51' <Predicate = (icmp_ln616_1)> <Delay = 2.43> <CoreInst = "m_axi">   --->   Core 121 'm_axi' <Latency = 0> <II = 1> <Delay = 1.00> <Adapter> <Opcode : 'read' 'write' 'readreq' 'writereq' 'writeresp'>

State 9 <SV = 8> <Delay = 2.43>
ST_9 : Operation 133 [63/68] (2.43ns)   --->   "%empty_51 = writeresp i1 @_ssdm_op_WriteResp.m_axi.p1i512, i512 %gmem0_addr" [/users/arashs/U280_CRC_Accelerator/src/kernel.cpp:621->/users/arashs/U280_CRC_Accelerator/src/kernel.cpp:733]   --->   Operation 133 'writeresp' 'empty_51' <Predicate = (icmp_ln616_1)> <Delay = 2.43> <CoreInst = "m_axi">   --->   Core 121 'm_axi' <Latency = 0> <II = 1> <Delay = 1.00> <Adapter> <Opcode : 'read' 'write' 'readreq' 'writereq' 'writeresp'>

State 10 <SV = 9> <Delay = 2.43>
ST_10 : Operation 134 [62/68] (2.43ns)   --->   "%empty_51 = writeresp i1 @_ssdm_op_WriteResp.m_axi.p1i512, i512 %gmem0_addr" [/users/arashs/U280_CRC_Accelerator/src/kernel.cpp:621->/users/arashs/U280_CRC_Accelerator/src/kernel.cpp:733]   --->   Operation 134 'writeresp' 'empty_51' <Predicate = (icmp_ln616_1)> <Delay = 2.43> <CoreInst = "m_axi">   --->   Core 121 'm_axi' <Latency = 0> <II = 1> <Delay = 1.00> <Adapter> <Opcode : 'read' 'write' 'readreq' 'writereq' 'writeresp'>

State 11 <SV = 10> <Delay = 2.43>
ST_11 : Operation 135 [61/68] (2.43ns)   --->   "%empty_51 = writeresp i1 @_ssdm_op_WriteResp.m_axi.p1i512, i512 %gmem0_addr" [/users/arashs/U280_CRC_Accelerator/src/kernel.cpp:621->/users/arashs/U280_CRC_Accelerator/src/kernel.cpp:733]   --->   Operation 135 'writeresp' 'empty_51' <Predicate = (icmp_ln616_1)> <Delay = 2.43> <CoreInst = "m_axi">   --->   Core 121 'm_axi' <Latency = 0> <II = 1> <Delay = 1.00> <Adapter> <Opcode : 'read' 'write' 'readreq' 'writereq' 'writeresp'>

State 12 <SV = 11> <Delay = 2.43>
ST_12 : Operation 136 [60/68] (2.43ns)   --->   "%empty_51 = writeresp i1 @_ssdm_op_WriteResp.m_axi.p1i512, i512 %gmem0_addr" [/users/arashs/U280_CRC_Accelerator/src/kernel.cpp:621->/users/arashs/U280_CRC_Accelerator/src/kernel.cpp:733]   --->   Operation 136 'writeresp' 'empty_51' <Predicate = (icmp_ln616_1)> <Delay = 2.43> <CoreInst = "m_axi">   --->   Core 121 'm_axi' <Latency = 0> <II = 1> <Delay = 1.00> <Adapter> <Opcode : 'read' 'write' 'readreq' 'writereq' 'writeresp'>

State 13 <SV = 12> <Delay = 2.43>
ST_13 : Operation 137 [59/68] (2.43ns)   --->   "%empty_51 = writeresp i1 @_ssdm_op_WriteResp.m_axi.p1i512, i512 %gmem0_addr" [/users/arashs/U280_CRC_Accelerator/src/kernel.cpp:621->/users/arashs/U280_CRC_Accelerator/src/kernel.cpp:733]   --->   Operation 137 'writeresp' 'empty_51' <Predicate = (icmp_ln616_1)> <Delay = 2.43> <CoreInst = "m_axi">   --->   Core 121 'm_axi' <Latency = 0> <II = 1> <Delay = 1.00> <Adapter> <Opcode : 'read' 'write' 'readreq' 'writereq' 'writeresp'>

State 14 <SV = 13> <Delay = 2.43>
ST_14 : Operation 138 [58/68] (2.43ns)   --->   "%empty_51 = writeresp i1 @_ssdm_op_WriteResp.m_axi.p1i512, i512 %gmem0_addr" [/users/arashs/U280_CRC_Accelerator/src/kernel.cpp:621->/users/arashs/U280_CRC_Accelerator/src/kernel.cpp:733]   --->   Operation 138 'writeresp' 'empty_51' <Predicate = (icmp_ln616_1)> <Delay = 2.43> <CoreInst = "m_axi">   --->   Core 121 'm_axi' <Latency = 0> <II = 1> <Delay = 1.00> <Adapter> <Opcode : 'read' 'write' 'readreq' 'writereq' 'writeresp'>

State 15 <SV = 14> <Delay = 2.43>
ST_15 : Operation 139 [57/68] (2.43ns)   --->   "%empty_51 = writeresp i1 @_ssdm_op_WriteResp.m_axi.p1i512, i512 %gmem0_addr" [/users/arashs/U280_CRC_Accelerator/src/kernel.cpp:621->/users/arashs/U280_CRC_Accelerator/src/kernel.cpp:733]   --->   Operation 139 'writeresp' 'empty_51' <Predicate = (icmp_ln616_1)> <Delay = 2.43> <CoreInst = "m_axi">   --->   Core 121 'm_axi' <Latency = 0> <II = 1> <Delay = 1.00> <Adapter> <Opcode : 'read' 'write' 'readreq' 'writereq' 'writeresp'>

State 16 <SV = 15> <Delay = 2.43>
ST_16 : Operation 140 [56/68] (2.43ns)   --->   "%empty_51 = writeresp i1 @_ssdm_op_WriteResp.m_axi.p1i512, i512 %gmem0_addr" [/users/arashs/U280_CRC_Accelerator/src/kernel.cpp:621->/users/arashs/U280_CRC_Accelerator/src/kernel.cpp:733]   --->   Operation 140 'writeresp' 'empty_51' <Predicate = (icmp_ln616_1)> <Delay = 2.43> <CoreInst = "m_axi">   --->   Core 121 'm_axi' <Latency = 0> <II = 1> <Delay = 1.00> <Adapter> <Opcode : 'read' 'write' 'readreq' 'writereq' 'writeresp'>

State 17 <SV = 16> <Delay = 2.43>
ST_17 : Operation 141 [55/68] (2.43ns)   --->   "%empty_51 = writeresp i1 @_ssdm_op_WriteResp.m_axi.p1i512, i512 %gmem0_addr" [/users/arashs/U280_CRC_Accelerator/src/kernel.cpp:621->/users/arashs/U280_CRC_Accelerator/src/kernel.cpp:733]   --->   Operation 141 'writeresp' 'empty_51' <Predicate = (icmp_ln616_1)> <Delay = 2.43> <CoreInst = "m_axi">   --->   Core 121 'm_axi' <Latency = 0> <II = 1> <Delay = 1.00> <Adapter> <Opcode : 'read' 'write' 'readreq' 'writereq' 'writeresp'>

State 18 <SV = 17> <Delay = 2.43>
ST_18 : Operation 142 [54/68] (2.43ns)   --->   "%empty_51 = writeresp i1 @_ssdm_op_WriteResp.m_axi.p1i512, i512 %gmem0_addr" [/users/arashs/U280_CRC_Accelerator/src/kernel.cpp:621->/users/arashs/U280_CRC_Accelerator/src/kernel.cpp:733]   --->   Operation 142 'writeresp' 'empty_51' <Predicate = (icmp_ln616_1)> <Delay = 2.43> <CoreInst = "m_axi">   --->   Core 121 'm_axi' <Latency = 0> <II = 1> <Delay = 1.00> <Adapter> <Opcode : 'read' 'write' 'readreq' 'writereq' 'writeresp'>

State 19 <SV = 18> <Delay = 2.43>
ST_19 : Operation 143 [53/68] (2.43ns)   --->   "%empty_51 = writeresp i1 @_ssdm_op_WriteResp.m_axi.p1i512, i512 %gmem0_addr" [/users/arashs/U280_CRC_Accelerator/src/kernel.cpp:621->/users/arashs/U280_CRC_Accelerator/src/kernel.cpp:733]   --->   Operation 143 'writeresp' 'empty_51' <Predicate = (icmp_ln616_1)> <Delay = 2.43> <CoreInst = "m_axi">   --->   Core 121 'm_axi' <Latency = 0> <II = 1> <Delay = 1.00> <Adapter> <Opcode : 'read' 'write' 'readreq' 'writereq' 'writeresp'>

State 20 <SV = 19> <Delay = 2.43>
ST_20 : Operation 144 [52/68] (2.43ns)   --->   "%empty_51 = writeresp i1 @_ssdm_op_WriteResp.m_axi.p1i512, i512 %gmem0_addr" [/users/arashs/U280_CRC_Accelerator/src/kernel.cpp:621->/users/arashs/U280_CRC_Accelerator/src/kernel.cpp:733]   --->   Operation 144 'writeresp' 'empty_51' <Predicate = (icmp_ln616_1)> <Delay = 2.43> <CoreInst = "m_axi">   --->   Core 121 'm_axi' <Latency = 0> <II = 1> <Delay = 1.00> <Adapter> <Opcode : 'read' 'write' 'readreq' 'writereq' 'writeresp'>

State 21 <SV = 20> <Delay = 2.43>
ST_21 : Operation 145 [51/68] (2.43ns)   --->   "%empty_51 = writeresp i1 @_ssdm_op_WriteResp.m_axi.p1i512, i512 %gmem0_addr" [/users/arashs/U280_CRC_Accelerator/src/kernel.cpp:621->/users/arashs/U280_CRC_Accelerator/src/kernel.cpp:733]   --->   Operation 145 'writeresp' 'empty_51' <Predicate = (icmp_ln616_1)> <Delay = 2.43> <CoreInst = "m_axi">   --->   Core 121 'm_axi' <Latency = 0> <II = 1> <Delay = 1.00> <Adapter> <Opcode : 'read' 'write' 'readreq' 'writereq' 'writeresp'>

State 22 <SV = 21> <Delay = 2.43>
ST_22 : Operation 146 [50/68] (2.43ns)   --->   "%empty_51 = writeresp i1 @_ssdm_op_WriteResp.m_axi.p1i512, i512 %gmem0_addr" [/users/arashs/U280_CRC_Accelerator/src/kernel.cpp:621->/users/arashs/U280_CRC_Accelerator/src/kernel.cpp:733]   --->   Operation 146 'writeresp' 'empty_51' <Predicate = (icmp_ln616_1)> <Delay = 2.43> <CoreInst = "m_axi">   --->   Core 121 'm_axi' <Latency = 0> <II = 1> <Delay = 1.00> <Adapter> <Opcode : 'read' 'write' 'readreq' 'writereq' 'writeresp'>

State 23 <SV = 22> <Delay = 2.43>
ST_23 : Operation 147 [49/68] (2.43ns)   --->   "%empty_51 = writeresp i1 @_ssdm_op_WriteResp.m_axi.p1i512, i512 %gmem0_addr" [/users/arashs/U280_CRC_Accelerator/src/kernel.cpp:621->/users/arashs/U280_CRC_Accelerator/src/kernel.cpp:733]   --->   Operation 147 'writeresp' 'empty_51' <Predicate = (icmp_ln616_1)> <Delay = 2.43> <CoreInst = "m_axi">   --->   Core 121 'm_axi' <Latency = 0> <II = 1> <Delay = 1.00> <Adapter> <Opcode : 'read' 'write' 'readreq' 'writereq' 'writeresp'>

State 24 <SV = 23> <Delay = 2.43>
ST_24 : Operation 148 [48/68] (2.43ns)   --->   "%empty_51 = writeresp i1 @_ssdm_op_WriteResp.m_axi.p1i512, i512 %gmem0_addr" [/users/arashs/U280_CRC_Accelerator/src/kernel.cpp:621->/users/arashs/U280_CRC_Accelerator/src/kernel.cpp:733]   --->   Operation 148 'writeresp' 'empty_51' <Predicate = (icmp_ln616_1)> <Delay = 2.43> <CoreInst = "m_axi">   --->   Core 121 'm_axi' <Latency = 0> <II = 1> <Delay = 1.00> <Adapter> <Opcode : 'read' 'write' 'readreq' 'writereq' 'writeresp'>

State 25 <SV = 24> <Delay = 2.43>
ST_25 : Operation 149 [47/68] (2.43ns)   --->   "%empty_51 = writeresp i1 @_ssdm_op_WriteResp.m_axi.p1i512, i512 %gmem0_addr" [/users/arashs/U280_CRC_Accelerator/src/kernel.cpp:621->/users/arashs/U280_CRC_Accelerator/src/kernel.cpp:733]   --->   Operation 149 'writeresp' 'empty_51' <Predicate = (icmp_ln616_1)> <Delay = 2.43> <CoreInst = "m_axi">   --->   Core 121 'm_axi' <Latency = 0> <II = 1> <Delay = 1.00> <Adapter> <Opcode : 'read' 'write' 'readreq' 'writereq' 'writeresp'>

State 26 <SV = 25> <Delay = 2.43>
ST_26 : Operation 150 [46/68] (2.43ns)   --->   "%empty_51 = writeresp i1 @_ssdm_op_WriteResp.m_axi.p1i512, i512 %gmem0_addr" [/users/arashs/U280_CRC_Accelerator/src/kernel.cpp:621->/users/arashs/U280_CRC_Accelerator/src/kernel.cpp:733]   --->   Operation 150 'writeresp' 'empty_51' <Predicate = (icmp_ln616_1)> <Delay = 2.43> <CoreInst = "m_axi">   --->   Core 121 'm_axi' <Latency = 0> <II = 1> <Delay = 1.00> <Adapter> <Opcode : 'read' 'write' 'readreq' 'writereq' 'writeresp'>

State 27 <SV = 26> <Delay = 2.43>
ST_27 : Operation 151 [45/68] (2.43ns)   --->   "%empty_51 = writeresp i1 @_ssdm_op_WriteResp.m_axi.p1i512, i512 %gmem0_addr" [/users/arashs/U280_CRC_Accelerator/src/kernel.cpp:621->/users/arashs/U280_CRC_Accelerator/src/kernel.cpp:733]   --->   Operation 151 'writeresp' 'empty_51' <Predicate = (icmp_ln616_1)> <Delay = 2.43> <CoreInst = "m_axi">   --->   Core 121 'm_axi' <Latency = 0> <II = 1> <Delay = 1.00> <Adapter> <Opcode : 'read' 'write' 'readreq' 'writereq' 'writeresp'>

State 28 <SV = 27> <Delay = 2.43>
ST_28 : Operation 152 [44/68] (2.43ns)   --->   "%empty_51 = writeresp i1 @_ssdm_op_WriteResp.m_axi.p1i512, i512 %gmem0_addr" [/users/arashs/U280_CRC_Accelerator/src/kernel.cpp:621->/users/arashs/U280_CRC_Accelerator/src/kernel.cpp:733]   --->   Operation 152 'writeresp' 'empty_51' <Predicate = (icmp_ln616_1)> <Delay = 2.43> <CoreInst = "m_axi">   --->   Core 121 'm_axi' <Latency = 0> <II = 1> <Delay = 1.00> <Adapter> <Opcode : 'read' 'write' 'readreq' 'writereq' 'writeresp'>

State 29 <SV = 28> <Delay = 2.43>
ST_29 : Operation 153 [43/68] (2.43ns)   --->   "%empty_51 = writeresp i1 @_ssdm_op_WriteResp.m_axi.p1i512, i512 %gmem0_addr" [/users/arashs/U280_CRC_Accelerator/src/kernel.cpp:621->/users/arashs/U280_CRC_Accelerator/src/kernel.cpp:733]   --->   Operation 153 'writeresp' 'empty_51' <Predicate = (icmp_ln616_1)> <Delay = 2.43> <CoreInst = "m_axi">   --->   Core 121 'm_axi' <Latency = 0> <II = 1> <Delay = 1.00> <Adapter> <Opcode : 'read' 'write' 'readreq' 'writereq' 'writeresp'>

State 30 <SV = 29> <Delay = 2.43>
ST_30 : Operation 154 [42/68] (2.43ns)   --->   "%empty_51 = writeresp i1 @_ssdm_op_WriteResp.m_axi.p1i512, i512 %gmem0_addr" [/users/arashs/U280_CRC_Accelerator/src/kernel.cpp:621->/users/arashs/U280_CRC_Accelerator/src/kernel.cpp:733]   --->   Operation 154 'writeresp' 'empty_51' <Predicate = (icmp_ln616_1)> <Delay = 2.43> <CoreInst = "m_axi">   --->   Core 121 'm_axi' <Latency = 0> <II = 1> <Delay = 1.00> <Adapter> <Opcode : 'read' 'write' 'readreq' 'writereq' 'writeresp'>

State 31 <SV = 30> <Delay = 2.43>
ST_31 : Operation 155 [41/68] (2.43ns)   --->   "%empty_51 = writeresp i1 @_ssdm_op_WriteResp.m_axi.p1i512, i512 %gmem0_addr" [/users/arashs/U280_CRC_Accelerator/src/kernel.cpp:621->/users/arashs/U280_CRC_Accelerator/src/kernel.cpp:733]   --->   Operation 155 'writeresp' 'empty_51' <Predicate = (icmp_ln616_1)> <Delay = 2.43> <CoreInst = "m_axi">   --->   Core 121 'm_axi' <Latency = 0> <II = 1> <Delay = 1.00> <Adapter> <Opcode : 'read' 'write' 'readreq' 'writereq' 'writeresp'>

State 32 <SV = 31> <Delay = 2.43>
ST_32 : Operation 156 [40/68] (2.43ns)   --->   "%empty_51 = writeresp i1 @_ssdm_op_WriteResp.m_axi.p1i512, i512 %gmem0_addr" [/users/arashs/U280_CRC_Accelerator/src/kernel.cpp:621->/users/arashs/U280_CRC_Accelerator/src/kernel.cpp:733]   --->   Operation 156 'writeresp' 'empty_51' <Predicate = (icmp_ln616_1)> <Delay = 2.43> <CoreInst = "m_axi">   --->   Core 121 'm_axi' <Latency = 0> <II = 1> <Delay = 1.00> <Adapter> <Opcode : 'read' 'write' 'readreq' 'writereq' 'writeresp'>

State 33 <SV = 32> <Delay = 2.43>
ST_33 : Operation 157 [39/68] (2.43ns)   --->   "%empty_51 = writeresp i1 @_ssdm_op_WriteResp.m_axi.p1i512, i512 %gmem0_addr" [/users/arashs/U280_CRC_Accelerator/src/kernel.cpp:621->/users/arashs/U280_CRC_Accelerator/src/kernel.cpp:733]   --->   Operation 157 'writeresp' 'empty_51' <Predicate = (icmp_ln616_1)> <Delay = 2.43> <CoreInst = "m_axi">   --->   Core 121 'm_axi' <Latency = 0> <II = 1> <Delay = 1.00> <Adapter> <Opcode : 'read' 'write' 'readreq' 'writereq' 'writeresp'>

State 34 <SV = 33> <Delay = 2.43>
ST_34 : Operation 158 [38/68] (2.43ns)   --->   "%empty_51 = writeresp i1 @_ssdm_op_WriteResp.m_axi.p1i512, i512 %gmem0_addr" [/users/arashs/U280_CRC_Accelerator/src/kernel.cpp:621->/users/arashs/U280_CRC_Accelerator/src/kernel.cpp:733]   --->   Operation 158 'writeresp' 'empty_51' <Predicate = (icmp_ln616_1)> <Delay = 2.43> <CoreInst = "m_axi">   --->   Core 121 'm_axi' <Latency = 0> <II = 1> <Delay = 1.00> <Adapter> <Opcode : 'read' 'write' 'readreq' 'writereq' 'writeresp'>

State 35 <SV = 34> <Delay = 2.43>
ST_35 : Operation 159 [37/68] (2.43ns)   --->   "%empty_51 = writeresp i1 @_ssdm_op_WriteResp.m_axi.p1i512, i512 %gmem0_addr" [/users/arashs/U280_CRC_Accelerator/src/kernel.cpp:621->/users/arashs/U280_CRC_Accelerator/src/kernel.cpp:733]   --->   Operation 159 'writeresp' 'empty_51' <Predicate = (icmp_ln616_1)> <Delay = 2.43> <CoreInst = "m_axi">   --->   Core 121 'm_axi' <Latency = 0> <II = 1> <Delay = 1.00> <Adapter> <Opcode : 'read' 'write' 'readreq' 'writereq' 'writeresp'>

State 36 <SV = 35> <Delay = 2.43>
ST_36 : Operation 160 [36/68] (2.43ns)   --->   "%empty_51 = writeresp i1 @_ssdm_op_WriteResp.m_axi.p1i512, i512 %gmem0_addr" [/users/arashs/U280_CRC_Accelerator/src/kernel.cpp:621->/users/arashs/U280_CRC_Accelerator/src/kernel.cpp:733]   --->   Operation 160 'writeresp' 'empty_51' <Predicate = (icmp_ln616_1)> <Delay = 2.43> <CoreInst = "m_axi">   --->   Core 121 'm_axi' <Latency = 0> <II = 1> <Delay = 1.00> <Adapter> <Opcode : 'read' 'write' 'readreq' 'writereq' 'writeresp'>

State 37 <SV = 36> <Delay = 2.43>
ST_37 : Operation 161 [35/68] (2.43ns)   --->   "%empty_51 = writeresp i1 @_ssdm_op_WriteResp.m_axi.p1i512, i512 %gmem0_addr" [/users/arashs/U280_CRC_Accelerator/src/kernel.cpp:621->/users/arashs/U280_CRC_Accelerator/src/kernel.cpp:733]   --->   Operation 161 'writeresp' 'empty_51' <Predicate = (icmp_ln616_1)> <Delay = 2.43> <CoreInst = "m_axi">   --->   Core 121 'm_axi' <Latency = 0> <II = 1> <Delay = 1.00> <Adapter> <Opcode : 'read' 'write' 'readreq' 'writereq' 'writeresp'>

State 38 <SV = 37> <Delay = 2.43>
ST_38 : Operation 162 [34/68] (2.43ns)   --->   "%empty_51 = writeresp i1 @_ssdm_op_WriteResp.m_axi.p1i512, i512 %gmem0_addr" [/users/arashs/U280_CRC_Accelerator/src/kernel.cpp:621->/users/arashs/U280_CRC_Accelerator/src/kernel.cpp:733]   --->   Operation 162 'writeresp' 'empty_51' <Predicate = (icmp_ln616_1)> <Delay = 2.43> <CoreInst = "m_axi">   --->   Core 121 'm_axi' <Latency = 0> <II = 1> <Delay = 1.00> <Adapter> <Opcode : 'read' 'write' 'readreq' 'writereq' 'writeresp'>

State 39 <SV = 38> <Delay = 2.43>
ST_39 : Operation 163 [33/68] (2.43ns)   --->   "%empty_51 = writeresp i1 @_ssdm_op_WriteResp.m_axi.p1i512, i512 %gmem0_addr" [/users/arashs/U280_CRC_Accelerator/src/kernel.cpp:621->/users/arashs/U280_CRC_Accelerator/src/kernel.cpp:733]   --->   Operation 163 'writeresp' 'empty_51' <Predicate = (icmp_ln616_1)> <Delay = 2.43> <CoreInst = "m_axi">   --->   Core 121 'm_axi' <Latency = 0> <II = 1> <Delay = 1.00> <Adapter> <Opcode : 'read' 'write' 'readreq' 'writereq' 'writeresp'>

State 40 <SV = 39> <Delay = 2.43>
ST_40 : Operation 164 [32/68] (2.43ns)   --->   "%empty_51 = writeresp i1 @_ssdm_op_WriteResp.m_axi.p1i512, i512 %gmem0_addr" [/users/arashs/U280_CRC_Accelerator/src/kernel.cpp:621->/users/arashs/U280_CRC_Accelerator/src/kernel.cpp:733]   --->   Operation 164 'writeresp' 'empty_51' <Predicate = (icmp_ln616_1)> <Delay = 2.43> <CoreInst = "m_axi">   --->   Core 121 'm_axi' <Latency = 0> <II = 1> <Delay = 1.00> <Adapter> <Opcode : 'read' 'write' 'readreq' 'writereq' 'writeresp'>

State 41 <SV = 40> <Delay = 2.43>
ST_41 : Operation 165 [31/68] (2.43ns)   --->   "%empty_51 = writeresp i1 @_ssdm_op_WriteResp.m_axi.p1i512, i512 %gmem0_addr" [/users/arashs/U280_CRC_Accelerator/src/kernel.cpp:621->/users/arashs/U280_CRC_Accelerator/src/kernel.cpp:733]   --->   Operation 165 'writeresp' 'empty_51' <Predicate = (icmp_ln616_1)> <Delay = 2.43> <CoreInst = "m_axi">   --->   Core 121 'm_axi' <Latency = 0> <II = 1> <Delay = 1.00> <Adapter> <Opcode : 'read' 'write' 'readreq' 'writereq' 'writeresp'>

State 42 <SV = 41> <Delay = 2.43>
ST_42 : Operation 166 [30/68] (2.43ns)   --->   "%empty_51 = writeresp i1 @_ssdm_op_WriteResp.m_axi.p1i512, i512 %gmem0_addr" [/users/arashs/U280_CRC_Accelerator/src/kernel.cpp:621->/users/arashs/U280_CRC_Accelerator/src/kernel.cpp:733]   --->   Operation 166 'writeresp' 'empty_51' <Predicate = (icmp_ln616_1)> <Delay = 2.43> <CoreInst = "m_axi">   --->   Core 121 'm_axi' <Latency = 0> <II = 1> <Delay = 1.00> <Adapter> <Opcode : 'read' 'write' 'readreq' 'writereq' 'writeresp'>

State 43 <SV = 42> <Delay = 2.43>
ST_43 : Operation 167 [29/68] (2.43ns)   --->   "%empty_51 = writeresp i1 @_ssdm_op_WriteResp.m_axi.p1i512, i512 %gmem0_addr" [/users/arashs/U280_CRC_Accelerator/src/kernel.cpp:621->/users/arashs/U280_CRC_Accelerator/src/kernel.cpp:733]   --->   Operation 167 'writeresp' 'empty_51' <Predicate = (icmp_ln616_1)> <Delay = 2.43> <CoreInst = "m_axi">   --->   Core 121 'm_axi' <Latency = 0> <II = 1> <Delay = 1.00> <Adapter> <Opcode : 'read' 'write' 'readreq' 'writereq' 'writeresp'>

State 44 <SV = 43> <Delay = 2.43>
ST_44 : Operation 168 [28/68] (2.43ns)   --->   "%empty_51 = writeresp i1 @_ssdm_op_WriteResp.m_axi.p1i512, i512 %gmem0_addr" [/users/arashs/U280_CRC_Accelerator/src/kernel.cpp:621->/users/arashs/U280_CRC_Accelerator/src/kernel.cpp:733]   --->   Operation 168 'writeresp' 'empty_51' <Predicate = (icmp_ln616_1)> <Delay = 2.43> <CoreInst = "m_axi">   --->   Core 121 'm_axi' <Latency = 0> <II = 1> <Delay = 1.00> <Adapter> <Opcode : 'read' 'write' 'readreq' 'writereq' 'writeresp'>

State 45 <SV = 44> <Delay = 2.43>
ST_45 : Operation 169 [27/68] (2.43ns)   --->   "%empty_51 = writeresp i1 @_ssdm_op_WriteResp.m_axi.p1i512, i512 %gmem0_addr" [/users/arashs/U280_CRC_Accelerator/src/kernel.cpp:621->/users/arashs/U280_CRC_Accelerator/src/kernel.cpp:733]   --->   Operation 169 'writeresp' 'empty_51' <Predicate = (icmp_ln616_1)> <Delay = 2.43> <CoreInst = "m_axi">   --->   Core 121 'm_axi' <Latency = 0> <II = 1> <Delay = 1.00> <Adapter> <Opcode : 'read' 'write' 'readreq' 'writereq' 'writeresp'>

State 46 <SV = 45> <Delay = 2.43>
ST_46 : Operation 170 [26/68] (2.43ns)   --->   "%empty_51 = writeresp i1 @_ssdm_op_WriteResp.m_axi.p1i512, i512 %gmem0_addr" [/users/arashs/U280_CRC_Accelerator/src/kernel.cpp:621->/users/arashs/U280_CRC_Accelerator/src/kernel.cpp:733]   --->   Operation 170 'writeresp' 'empty_51' <Predicate = (icmp_ln616_1)> <Delay = 2.43> <CoreInst = "m_axi">   --->   Core 121 'm_axi' <Latency = 0> <II = 1> <Delay = 1.00> <Adapter> <Opcode : 'read' 'write' 'readreq' 'writereq' 'writeresp'>

State 47 <SV = 46> <Delay = 2.43>
ST_47 : Operation 171 [25/68] (2.43ns)   --->   "%empty_51 = writeresp i1 @_ssdm_op_WriteResp.m_axi.p1i512, i512 %gmem0_addr" [/users/arashs/U280_CRC_Accelerator/src/kernel.cpp:621->/users/arashs/U280_CRC_Accelerator/src/kernel.cpp:733]   --->   Operation 171 'writeresp' 'empty_51' <Predicate = (icmp_ln616_1)> <Delay = 2.43> <CoreInst = "m_axi">   --->   Core 121 'm_axi' <Latency = 0> <II = 1> <Delay = 1.00> <Adapter> <Opcode : 'read' 'write' 'readreq' 'writereq' 'writeresp'>

State 48 <SV = 47> <Delay = 2.43>
ST_48 : Operation 172 [24/68] (2.43ns)   --->   "%empty_51 = writeresp i1 @_ssdm_op_WriteResp.m_axi.p1i512, i512 %gmem0_addr" [/users/arashs/U280_CRC_Accelerator/src/kernel.cpp:621->/users/arashs/U280_CRC_Accelerator/src/kernel.cpp:733]   --->   Operation 172 'writeresp' 'empty_51' <Predicate = (icmp_ln616_1)> <Delay = 2.43> <CoreInst = "m_axi">   --->   Core 121 'm_axi' <Latency = 0> <II = 1> <Delay = 1.00> <Adapter> <Opcode : 'read' 'write' 'readreq' 'writereq' 'writeresp'>

State 49 <SV = 48> <Delay = 2.43>
ST_49 : Operation 173 [23/68] (2.43ns)   --->   "%empty_51 = writeresp i1 @_ssdm_op_WriteResp.m_axi.p1i512, i512 %gmem0_addr" [/users/arashs/U280_CRC_Accelerator/src/kernel.cpp:621->/users/arashs/U280_CRC_Accelerator/src/kernel.cpp:733]   --->   Operation 173 'writeresp' 'empty_51' <Predicate = (icmp_ln616_1)> <Delay = 2.43> <CoreInst = "m_axi">   --->   Core 121 'm_axi' <Latency = 0> <II = 1> <Delay = 1.00> <Adapter> <Opcode : 'read' 'write' 'readreq' 'writereq' 'writeresp'>

State 50 <SV = 49> <Delay = 2.43>
ST_50 : Operation 174 [22/68] (2.43ns)   --->   "%empty_51 = writeresp i1 @_ssdm_op_WriteResp.m_axi.p1i512, i512 %gmem0_addr" [/users/arashs/U280_CRC_Accelerator/src/kernel.cpp:621->/users/arashs/U280_CRC_Accelerator/src/kernel.cpp:733]   --->   Operation 174 'writeresp' 'empty_51' <Predicate = (icmp_ln616_1)> <Delay = 2.43> <CoreInst = "m_axi">   --->   Core 121 'm_axi' <Latency = 0> <II = 1> <Delay = 1.00> <Adapter> <Opcode : 'read' 'write' 'readreq' 'writereq' 'writeresp'>

State 51 <SV = 50> <Delay = 2.43>
ST_51 : Operation 175 [21/68] (2.43ns)   --->   "%empty_51 = writeresp i1 @_ssdm_op_WriteResp.m_axi.p1i512, i512 %gmem0_addr" [/users/arashs/U280_CRC_Accelerator/src/kernel.cpp:621->/users/arashs/U280_CRC_Accelerator/src/kernel.cpp:733]   --->   Operation 175 'writeresp' 'empty_51' <Predicate = (icmp_ln616_1)> <Delay = 2.43> <CoreInst = "m_axi">   --->   Core 121 'm_axi' <Latency = 0> <II = 1> <Delay = 1.00> <Adapter> <Opcode : 'read' 'write' 'readreq' 'writereq' 'writeresp'>

State 52 <SV = 51> <Delay = 2.43>
ST_52 : Operation 176 [20/68] (2.43ns)   --->   "%empty_51 = writeresp i1 @_ssdm_op_WriteResp.m_axi.p1i512, i512 %gmem0_addr" [/users/arashs/U280_CRC_Accelerator/src/kernel.cpp:621->/users/arashs/U280_CRC_Accelerator/src/kernel.cpp:733]   --->   Operation 176 'writeresp' 'empty_51' <Predicate = (icmp_ln616_1)> <Delay = 2.43> <CoreInst = "m_axi">   --->   Core 121 'm_axi' <Latency = 0> <II = 1> <Delay = 1.00> <Adapter> <Opcode : 'read' 'write' 'readreq' 'writereq' 'writeresp'>

State 53 <SV = 52> <Delay = 2.43>
ST_53 : Operation 177 [19/68] (2.43ns)   --->   "%empty_51 = writeresp i1 @_ssdm_op_WriteResp.m_axi.p1i512, i512 %gmem0_addr" [/users/arashs/U280_CRC_Accelerator/src/kernel.cpp:621->/users/arashs/U280_CRC_Accelerator/src/kernel.cpp:733]   --->   Operation 177 'writeresp' 'empty_51' <Predicate = (icmp_ln616_1)> <Delay = 2.43> <CoreInst = "m_axi">   --->   Core 121 'm_axi' <Latency = 0> <II = 1> <Delay = 1.00> <Adapter> <Opcode : 'read' 'write' 'readreq' 'writereq' 'writeresp'>

State 54 <SV = 53> <Delay = 2.43>
ST_54 : Operation 178 [18/68] (2.43ns)   --->   "%empty_51 = writeresp i1 @_ssdm_op_WriteResp.m_axi.p1i512, i512 %gmem0_addr" [/users/arashs/U280_CRC_Accelerator/src/kernel.cpp:621->/users/arashs/U280_CRC_Accelerator/src/kernel.cpp:733]   --->   Operation 178 'writeresp' 'empty_51' <Predicate = (icmp_ln616_1)> <Delay = 2.43> <CoreInst = "m_axi">   --->   Core 121 'm_axi' <Latency = 0> <II = 1> <Delay = 1.00> <Adapter> <Opcode : 'read' 'write' 'readreq' 'writereq' 'writeresp'>

State 55 <SV = 54> <Delay = 2.43>
ST_55 : Operation 179 [17/68] (2.43ns)   --->   "%empty_51 = writeresp i1 @_ssdm_op_WriteResp.m_axi.p1i512, i512 %gmem0_addr" [/users/arashs/U280_CRC_Accelerator/src/kernel.cpp:621->/users/arashs/U280_CRC_Accelerator/src/kernel.cpp:733]   --->   Operation 179 'writeresp' 'empty_51' <Predicate = (icmp_ln616_1)> <Delay = 2.43> <CoreInst = "m_axi">   --->   Core 121 'm_axi' <Latency = 0> <II = 1> <Delay = 1.00> <Adapter> <Opcode : 'read' 'write' 'readreq' 'writereq' 'writeresp'>

State 56 <SV = 55> <Delay = 2.43>
ST_56 : Operation 180 [16/68] (2.43ns)   --->   "%empty_51 = writeresp i1 @_ssdm_op_WriteResp.m_axi.p1i512, i512 %gmem0_addr" [/users/arashs/U280_CRC_Accelerator/src/kernel.cpp:621->/users/arashs/U280_CRC_Accelerator/src/kernel.cpp:733]   --->   Operation 180 'writeresp' 'empty_51' <Predicate = (icmp_ln616_1)> <Delay = 2.43> <CoreInst = "m_axi">   --->   Core 121 'm_axi' <Latency = 0> <II = 1> <Delay = 1.00> <Adapter> <Opcode : 'read' 'write' 'readreq' 'writereq' 'writeresp'>

State 57 <SV = 56> <Delay = 2.43>
ST_57 : Operation 181 [15/68] (2.43ns)   --->   "%empty_51 = writeresp i1 @_ssdm_op_WriteResp.m_axi.p1i512, i512 %gmem0_addr" [/users/arashs/U280_CRC_Accelerator/src/kernel.cpp:621->/users/arashs/U280_CRC_Accelerator/src/kernel.cpp:733]   --->   Operation 181 'writeresp' 'empty_51' <Predicate = (icmp_ln616_1)> <Delay = 2.43> <CoreInst = "m_axi">   --->   Core 121 'm_axi' <Latency = 0> <II = 1> <Delay = 1.00> <Adapter> <Opcode : 'read' 'write' 'readreq' 'writereq' 'writeresp'>

State 58 <SV = 57> <Delay = 2.43>
ST_58 : Operation 182 [14/68] (2.43ns)   --->   "%empty_51 = writeresp i1 @_ssdm_op_WriteResp.m_axi.p1i512, i512 %gmem0_addr" [/users/arashs/U280_CRC_Accelerator/src/kernel.cpp:621->/users/arashs/U280_CRC_Accelerator/src/kernel.cpp:733]   --->   Operation 182 'writeresp' 'empty_51' <Predicate = (icmp_ln616_1)> <Delay = 2.43> <CoreInst = "m_axi">   --->   Core 121 'm_axi' <Latency = 0> <II = 1> <Delay = 1.00> <Adapter> <Opcode : 'read' 'write' 'readreq' 'writereq' 'writeresp'>

State 59 <SV = 58> <Delay = 2.43>
ST_59 : Operation 183 [13/68] (2.43ns)   --->   "%empty_51 = writeresp i1 @_ssdm_op_WriteResp.m_axi.p1i512, i512 %gmem0_addr" [/users/arashs/U280_CRC_Accelerator/src/kernel.cpp:621->/users/arashs/U280_CRC_Accelerator/src/kernel.cpp:733]   --->   Operation 183 'writeresp' 'empty_51' <Predicate = (icmp_ln616_1)> <Delay = 2.43> <CoreInst = "m_axi">   --->   Core 121 'm_axi' <Latency = 0> <II = 1> <Delay = 1.00> <Adapter> <Opcode : 'read' 'write' 'readreq' 'writereq' 'writeresp'>

State 60 <SV = 59> <Delay = 2.43>
ST_60 : Operation 184 [12/68] (2.43ns)   --->   "%empty_51 = writeresp i1 @_ssdm_op_WriteResp.m_axi.p1i512, i512 %gmem0_addr" [/users/arashs/U280_CRC_Accelerator/src/kernel.cpp:621->/users/arashs/U280_CRC_Accelerator/src/kernel.cpp:733]   --->   Operation 184 'writeresp' 'empty_51' <Predicate = (icmp_ln616_1)> <Delay = 2.43> <CoreInst = "m_axi">   --->   Core 121 'm_axi' <Latency = 0> <II = 1> <Delay = 1.00> <Adapter> <Opcode : 'read' 'write' 'readreq' 'writereq' 'writeresp'>

State 61 <SV = 60> <Delay = 2.43>
ST_61 : Operation 185 [11/68] (2.43ns)   --->   "%empty_51 = writeresp i1 @_ssdm_op_WriteResp.m_axi.p1i512, i512 %gmem0_addr" [/users/arashs/U280_CRC_Accelerator/src/kernel.cpp:621->/users/arashs/U280_CRC_Accelerator/src/kernel.cpp:733]   --->   Operation 185 'writeresp' 'empty_51' <Predicate = (icmp_ln616_1)> <Delay = 2.43> <CoreInst = "m_axi">   --->   Core 121 'm_axi' <Latency = 0> <II = 1> <Delay = 1.00> <Adapter> <Opcode : 'read' 'write' 'readreq' 'writereq' 'writeresp'>

State 62 <SV = 61> <Delay = 2.43>
ST_62 : Operation 186 [10/68] (2.43ns)   --->   "%empty_51 = writeresp i1 @_ssdm_op_WriteResp.m_axi.p1i512, i512 %gmem0_addr" [/users/arashs/U280_CRC_Accelerator/src/kernel.cpp:621->/users/arashs/U280_CRC_Accelerator/src/kernel.cpp:733]   --->   Operation 186 'writeresp' 'empty_51' <Predicate = (icmp_ln616_1)> <Delay = 2.43> <CoreInst = "m_axi">   --->   Core 121 'm_axi' <Latency = 0> <II = 1> <Delay = 1.00> <Adapter> <Opcode : 'read' 'write' 'readreq' 'writereq' 'writeresp'>

State 63 <SV = 62> <Delay = 2.43>
ST_63 : Operation 187 [9/68] (2.43ns)   --->   "%empty_51 = writeresp i1 @_ssdm_op_WriteResp.m_axi.p1i512, i512 %gmem0_addr" [/users/arashs/U280_CRC_Accelerator/src/kernel.cpp:621->/users/arashs/U280_CRC_Accelerator/src/kernel.cpp:733]   --->   Operation 187 'writeresp' 'empty_51' <Predicate = (icmp_ln616_1)> <Delay = 2.43> <CoreInst = "m_axi">   --->   Core 121 'm_axi' <Latency = 0> <II = 1> <Delay = 1.00> <Adapter> <Opcode : 'read' 'write' 'readreq' 'writereq' 'writeresp'>

State 64 <SV = 63> <Delay = 2.43>
ST_64 : Operation 188 [8/68] (2.43ns)   --->   "%empty_51 = writeresp i1 @_ssdm_op_WriteResp.m_axi.p1i512, i512 %gmem0_addr" [/users/arashs/U280_CRC_Accelerator/src/kernel.cpp:621->/users/arashs/U280_CRC_Accelerator/src/kernel.cpp:733]   --->   Operation 188 'writeresp' 'empty_51' <Predicate = (icmp_ln616_1)> <Delay = 2.43> <CoreInst = "m_axi">   --->   Core 121 'm_axi' <Latency = 0> <II = 1> <Delay = 1.00> <Adapter> <Opcode : 'read' 'write' 'readreq' 'writereq' 'writeresp'>

State 65 <SV = 64> <Delay = 2.43>
ST_65 : Operation 189 [7/68] (2.43ns)   --->   "%empty_51 = writeresp i1 @_ssdm_op_WriteResp.m_axi.p1i512, i512 %gmem0_addr" [/users/arashs/U280_CRC_Accelerator/src/kernel.cpp:621->/users/arashs/U280_CRC_Accelerator/src/kernel.cpp:733]   --->   Operation 189 'writeresp' 'empty_51' <Predicate = (icmp_ln616_1)> <Delay = 2.43> <CoreInst = "m_axi">   --->   Core 121 'm_axi' <Latency = 0> <II = 1> <Delay = 1.00> <Adapter> <Opcode : 'read' 'write' 'readreq' 'writereq' 'writeresp'>

State 66 <SV = 65> <Delay = 2.43>
ST_66 : Operation 190 [6/68] (2.43ns)   --->   "%empty_51 = writeresp i1 @_ssdm_op_WriteResp.m_axi.p1i512, i512 %gmem0_addr" [/users/arashs/U280_CRC_Accelerator/src/kernel.cpp:621->/users/arashs/U280_CRC_Accelerator/src/kernel.cpp:733]   --->   Operation 190 'writeresp' 'empty_51' <Predicate = (icmp_ln616_1)> <Delay = 2.43> <CoreInst = "m_axi">   --->   Core 121 'm_axi' <Latency = 0> <II = 1> <Delay = 1.00> <Adapter> <Opcode : 'read' 'write' 'readreq' 'writereq' 'writeresp'>

State 67 <SV = 66> <Delay = 2.43>
ST_67 : Operation 191 [5/68] (2.43ns)   --->   "%empty_51 = writeresp i1 @_ssdm_op_WriteResp.m_axi.p1i512, i512 %gmem0_addr" [/users/arashs/U280_CRC_Accelerator/src/kernel.cpp:621->/users/arashs/U280_CRC_Accelerator/src/kernel.cpp:733]   --->   Operation 191 'writeresp' 'empty_51' <Predicate = (icmp_ln616_1)> <Delay = 2.43> <CoreInst = "m_axi">   --->   Core 121 'm_axi' <Latency = 0> <II = 1> <Delay = 1.00> <Adapter> <Opcode : 'read' 'write' 'readreq' 'writereq' 'writeresp'>

State 68 <SV = 67> <Delay = 2.43>
ST_68 : Operation 192 [4/68] (2.43ns)   --->   "%empty_51 = writeresp i1 @_ssdm_op_WriteResp.m_axi.p1i512, i512 %gmem0_addr" [/users/arashs/U280_CRC_Accelerator/src/kernel.cpp:621->/users/arashs/U280_CRC_Accelerator/src/kernel.cpp:733]   --->   Operation 192 'writeresp' 'empty_51' <Predicate = (icmp_ln616_1)> <Delay = 2.43> <CoreInst = "m_axi">   --->   Core 121 'm_axi' <Latency = 0> <II = 1> <Delay = 1.00> <Adapter> <Opcode : 'read' 'write' 'readreq' 'writereq' 'writeresp'>

State 69 <SV = 68> <Delay = 2.43>
ST_69 : Operation 193 [3/68] (2.43ns)   --->   "%empty_51 = writeresp i1 @_ssdm_op_WriteResp.m_axi.p1i512, i512 %gmem0_addr" [/users/arashs/U280_CRC_Accelerator/src/kernel.cpp:621->/users/arashs/U280_CRC_Accelerator/src/kernel.cpp:733]   --->   Operation 193 'writeresp' 'empty_51' <Predicate = (icmp_ln616_1)> <Delay = 2.43> <CoreInst = "m_axi">   --->   Core 121 'm_axi' <Latency = 0> <II = 1> <Delay = 1.00> <Adapter> <Opcode : 'read' 'write' 'readreq' 'writereq' 'writeresp'>

State 70 <SV = 69> <Delay = 2.43>
ST_70 : Operation 194 [2/68] (2.43ns)   --->   "%empty_51 = writeresp i1 @_ssdm_op_WriteResp.m_axi.p1i512, i512 %gmem0_addr" [/users/arashs/U280_CRC_Accelerator/src/kernel.cpp:621->/users/arashs/U280_CRC_Accelerator/src/kernel.cpp:733]   --->   Operation 194 'writeresp' 'empty_51' <Predicate = (icmp_ln616_1)> <Delay = 2.43> <CoreInst = "m_axi">   --->   Core 121 'm_axi' <Latency = 0> <II = 1> <Delay = 1.00> <Adapter> <Opcode : 'read' 'write' 'readreq' 'writereq' 'writeresp'>
ST_70 : Operation 197 [1/1] (0.00ns)   --->   "%ret_ln0 = ret"   --->   Operation 197 'ret' 'ret_ln0' <Predicate = (icmp_ln616)> <Delay = 0.00>

State 71 <SV = 70> <Delay = 2.43>
ST_71 : Operation 195 [1/68] (2.43ns)   --->   "%empty_51 = writeresp i1 @_ssdm_op_WriteResp.m_axi.p1i512, i512 %gmem0_addr" [/users/arashs/U280_CRC_Accelerator/src/kernel.cpp:621->/users/arashs/U280_CRC_Accelerator/src/kernel.cpp:733]   --->   Operation 195 'writeresp' 'empty_51' <Predicate = (icmp_ln616_1)> <Delay = 2.43> <CoreInst = "m_axi">   --->   Core 121 'm_axi' <Latency = 0> <II = 1> <Delay = 1.00> <Adapter> <Opcode : 'read' 'write' 'readreq' 'writereq' 'writeresp'>
ST_71 : Operation 196 [1/1] (0.00ns)   --->   "%br_ln0 = br void %ifFalse"   --->   Operation 196 'br' 'br_ln0' <Predicate = (icmp_ln616_1)> <Delay = 0.00>


============================================================
+ Verbose Summary: Timing violations
============================================================
Target clock period: 3.333ns, clock uncertainty: 0.900ns.

 <State 1>: 1.538ns
The critical path consists of the following:
	'alloca' operation ('i') [14]  (0.000 ns)
	'load' operation ('i', /users/arashs/U280_CRC_Accelerator/src/kernel.cpp:616->/users/arashs/U280_CRC_Accelerator/src/kernel.cpp:733) on local variable 'i' [31]  (0.000 ns)
	'add' operation ('add_ln616', /users/arashs/U280_CRC_Accelerator/src/kernel.cpp:616->/users/arashs/U280_CRC_Accelerator/src/kernel.cpp:733) [34]  (0.708 ns)
	'icmp' operation ('icmp_ln616_1', /users/arashs/U280_CRC_Accelerator/src/kernel.cpp:616->/users/arashs/U280_CRC_Accelerator/src/kernel.cpp:733) [44]  (0.708 ns)
	blocking operation 0.122 ns on control path)

 <State 2>: 2.433ns
The critical path consists of the following:
	'getelementptr' operation ('gmem0_addr', /users/arashs/U280_CRC_Accelerator/src/kernel.cpp:621->/users/arashs/U280_CRC_Accelerator/src/kernel.cpp:733) [61]  (0.000 ns)
	bus request operation ('empty', /users/arashs/U280_CRC_Accelerator/src/kernel.cpp:621->/users/arashs/U280_CRC_Accelerator/src/kernel.cpp:733) on port 'gmem0' (/users/arashs/U280_CRC_Accelerator/src/kernel.cpp:621->/users/arashs/U280_CRC_Accelerator/src/kernel.cpp:733) [62]  (2.433 ns)

 <State 3>: 2.433ns
The critical path consists of the following:
	bus write operation ('write_ln621', /users/arashs/U280_CRC_Accelerator/src/kernel.cpp:621->/users/arashs/U280_CRC_Accelerator/src/kernel.cpp:733) on port 'gmem0' (/users/arashs/U280_CRC_Accelerator/src/kernel.cpp:621->/users/arashs/U280_CRC_Accelerator/src/kernel.cpp:733) [63]  (2.433 ns)

 <State 4>: 2.433ns
The critical path consists of the following:
	bus response operation ('empty_51', /users/arashs/U280_CRC_Accelerator/src/kernel.cpp:621->/users/arashs/U280_CRC_Accelerator/src/kernel.cpp:733) on port 'gmem0' (/users/arashs/U280_CRC_Accelerator/src/kernel.cpp:621->/users/arashs/U280_CRC_Accelerator/src/kernel.cpp:733) [64]  (2.433 ns)

 <State 5>: 2.433ns
The critical path consists of the following:
	bus response operation ('empty_51', /users/arashs/U280_CRC_Accelerator/src/kernel.cpp:621->/users/arashs/U280_CRC_Accelerator/src/kernel.cpp:733) on port 'gmem0' (/users/arashs/U280_CRC_Accelerator/src/kernel.cpp:621->/users/arashs/U280_CRC_Accelerator/src/kernel.cpp:733) [64]  (2.433 ns)

 <State 6>: 2.433ns
The critical path consists of the following:
	bus response operation ('empty_51', /users/arashs/U280_CRC_Accelerator/src/kernel.cpp:621->/users/arashs/U280_CRC_Accelerator/src/kernel.cpp:733) on port 'gmem0' (/users/arashs/U280_CRC_Accelerator/src/kernel.cpp:621->/users/arashs/U280_CRC_Accelerator/src/kernel.cpp:733) [64]  (2.433 ns)

 <State 7>: 2.433ns
The critical path consists of the following:
	bus response operation ('empty_51', /users/arashs/U280_CRC_Accelerator/src/kernel.cpp:621->/users/arashs/U280_CRC_Accelerator/src/kernel.cpp:733) on port 'gmem0' (/users/arashs/U280_CRC_Accelerator/src/kernel.cpp:621->/users/arashs/U280_CRC_Accelerator/src/kernel.cpp:733) [64]  (2.433 ns)

 <State 8>: 2.433ns
The critical path consists of the following:
	bus response operation ('empty_51', /users/arashs/U280_CRC_Accelerator/src/kernel.cpp:621->/users/arashs/U280_CRC_Accelerator/src/kernel.cpp:733) on port 'gmem0' (/users/arashs/U280_CRC_Accelerator/src/kernel.cpp:621->/users/arashs/U280_CRC_Accelerator/src/kernel.cpp:733) [64]  (2.433 ns)

 <State 9>: 2.433ns
The critical path consists of the following:
	bus response operation ('empty_51', /users/arashs/U280_CRC_Accelerator/src/kernel.cpp:621->/users/arashs/U280_CRC_Accelerator/src/kernel.cpp:733) on port 'gmem0' (/users/arashs/U280_CRC_Accelerator/src/kernel.cpp:621->/users/arashs/U280_CRC_Accelerator/src/kernel.cpp:733) [64]  (2.433 ns)

 <State 10>: 2.433ns
The critical path consists of the following:
	bus response operation ('empty_51', /users/arashs/U280_CRC_Accelerator/src/kernel.cpp:621->/users/arashs/U280_CRC_Accelerator/src/kernel.cpp:733) on port 'gmem0' (/users/arashs/U280_CRC_Accelerator/src/kernel.cpp:621->/users/arashs/U280_CRC_Accelerator/src/kernel.cpp:733) [64]  (2.433 ns)

 <State 11>: 2.433ns
The critical path consists of the following:
	bus response operation ('empty_51', /users/arashs/U280_CRC_Accelerator/src/kernel.cpp:621->/users/arashs/U280_CRC_Accelerator/src/kernel.cpp:733) on port 'gmem0' (/users/arashs/U280_CRC_Accelerator/src/kernel.cpp:621->/users/arashs/U280_CRC_Accelerator/src/kernel.cpp:733) [64]  (2.433 ns)

 <State 12>: 2.433ns
The critical path consists of the following:
	bus response operation ('empty_51', /users/arashs/U280_CRC_Accelerator/src/kernel.cpp:621->/users/arashs/U280_CRC_Accelerator/src/kernel.cpp:733) on port 'gmem0' (/users/arashs/U280_CRC_Accelerator/src/kernel.cpp:621->/users/arashs/U280_CRC_Accelerator/src/kernel.cpp:733) [64]  (2.433 ns)

 <State 13>: 2.433ns
The critical path consists of the following:
	bus response operation ('empty_51', /users/arashs/U280_CRC_Accelerator/src/kernel.cpp:621->/users/arashs/U280_CRC_Accelerator/src/kernel.cpp:733) on port 'gmem0' (/users/arashs/U280_CRC_Accelerator/src/kernel.cpp:621->/users/arashs/U280_CRC_Accelerator/src/kernel.cpp:733) [64]  (2.433 ns)

 <State 14>: 2.433ns
The critical path consists of the following:
	bus response operation ('empty_51', /users/arashs/U280_CRC_Accelerator/src/kernel.cpp:621->/users/arashs/U280_CRC_Accelerator/src/kernel.cpp:733) on port 'gmem0' (/users/arashs/U280_CRC_Accelerator/src/kernel.cpp:621->/users/arashs/U280_CRC_Accelerator/src/kernel.cpp:733) [64]  (2.433 ns)

 <State 15>: 2.433ns
The critical path consists of the following:
	bus response operation ('empty_51', /users/arashs/U280_CRC_Accelerator/src/kernel.cpp:621->/users/arashs/U280_CRC_Accelerator/src/kernel.cpp:733) on port 'gmem0' (/users/arashs/U280_CRC_Accelerator/src/kernel.cpp:621->/users/arashs/U280_CRC_Accelerator/src/kernel.cpp:733) [64]  (2.433 ns)

 <State 16>: 2.433ns
The critical path consists of the following:
	bus response operation ('empty_51', /users/arashs/U280_CRC_Accelerator/src/kernel.cpp:621->/users/arashs/U280_CRC_Accelerator/src/kernel.cpp:733) on port 'gmem0' (/users/arashs/U280_CRC_Accelerator/src/kernel.cpp:621->/users/arashs/U280_CRC_Accelerator/src/kernel.cpp:733) [64]  (2.433 ns)

 <State 17>: 2.433ns
The critical path consists of the following:
	bus response operation ('empty_51', /users/arashs/U280_CRC_Accelerator/src/kernel.cpp:621->/users/arashs/U280_CRC_Accelerator/src/kernel.cpp:733) on port 'gmem0' (/users/arashs/U280_CRC_Accelerator/src/kernel.cpp:621->/users/arashs/U280_CRC_Accelerator/src/kernel.cpp:733) [64]  (2.433 ns)

 <State 18>: 2.433ns
The critical path consists of the following:
	bus response operation ('empty_51', /users/arashs/U280_CRC_Accelerator/src/kernel.cpp:621->/users/arashs/U280_CRC_Accelerator/src/kernel.cpp:733) on port 'gmem0' (/users/arashs/U280_CRC_Accelerator/src/kernel.cpp:621->/users/arashs/U280_CRC_Accelerator/src/kernel.cpp:733) [64]  (2.433 ns)

 <State 19>: 2.433ns
The critical path consists of the following:
	bus response operation ('empty_51', /users/arashs/U280_CRC_Accelerator/src/kernel.cpp:621->/users/arashs/U280_CRC_Accelerator/src/kernel.cpp:733) on port 'gmem0' (/users/arashs/U280_CRC_Accelerator/src/kernel.cpp:621->/users/arashs/U280_CRC_Accelerator/src/kernel.cpp:733) [64]  (2.433 ns)

 <State 20>: 2.433ns
The critical path consists of the following:
	bus response operation ('empty_51', /users/arashs/U280_CRC_Accelerator/src/kernel.cpp:621->/users/arashs/U280_CRC_Accelerator/src/kernel.cpp:733) on port 'gmem0' (/users/arashs/U280_CRC_Accelerator/src/kernel.cpp:621->/users/arashs/U280_CRC_Accelerator/src/kernel.cpp:733) [64]  (2.433 ns)

 <State 21>: 2.433ns
The critical path consists of the following:
	bus response operation ('empty_51', /users/arashs/U280_CRC_Accelerator/src/kernel.cpp:621->/users/arashs/U280_CRC_Accelerator/src/kernel.cpp:733) on port 'gmem0' (/users/arashs/U280_CRC_Accelerator/src/kernel.cpp:621->/users/arashs/U280_CRC_Accelerator/src/kernel.cpp:733) [64]  (2.433 ns)

 <State 22>: 2.433ns
The critical path consists of the following:
	bus response operation ('empty_51', /users/arashs/U280_CRC_Accelerator/src/kernel.cpp:621->/users/arashs/U280_CRC_Accelerator/src/kernel.cpp:733) on port 'gmem0' (/users/arashs/U280_CRC_Accelerator/src/kernel.cpp:621->/users/arashs/U280_CRC_Accelerator/src/kernel.cpp:733) [64]  (2.433 ns)

 <State 23>: 2.433ns
The critical path consists of the following:
	bus response operation ('empty_51', /users/arashs/U280_CRC_Accelerator/src/kernel.cpp:621->/users/arashs/U280_CRC_Accelerator/src/kernel.cpp:733) on port 'gmem0' (/users/arashs/U280_CRC_Accelerator/src/kernel.cpp:621->/users/arashs/U280_CRC_Accelerator/src/kernel.cpp:733) [64]  (2.433 ns)

 <State 24>: 2.433ns
The critical path consists of the following:
	bus response operation ('empty_51', /users/arashs/U280_CRC_Accelerator/src/kernel.cpp:621->/users/arashs/U280_CRC_Accelerator/src/kernel.cpp:733) on port 'gmem0' (/users/arashs/U280_CRC_Accelerator/src/kernel.cpp:621->/users/arashs/U280_CRC_Accelerator/src/kernel.cpp:733) [64]  (2.433 ns)

 <State 25>: 2.433ns
The critical path consists of the following:
	bus response operation ('empty_51', /users/arashs/U280_CRC_Accelerator/src/kernel.cpp:621->/users/arashs/U280_CRC_Accelerator/src/kernel.cpp:733) on port 'gmem0' (/users/arashs/U280_CRC_Accelerator/src/kernel.cpp:621->/users/arashs/U280_CRC_Accelerator/src/kernel.cpp:733) [64]  (2.433 ns)

 <State 26>: 2.433ns
The critical path consists of the following:
	bus response operation ('empty_51', /users/arashs/U280_CRC_Accelerator/src/kernel.cpp:621->/users/arashs/U280_CRC_Accelerator/src/kernel.cpp:733) on port 'gmem0' (/users/arashs/U280_CRC_Accelerator/src/kernel.cpp:621->/users/arashs/U280_CRC_Accelerator/src/kernel.cpp:733) [64]  (2.433 ns)

 <State 27>: 2.433ns
The critical path consists of the following:
	bus response operation ('empty_51', /users/arashs/U280_CRC_Accelerator/src/kernel.cpp:621->/users/arashs/U280_CRC_Accelerator/src/kernel.cpp:733) on port 'gmem0' (/users/arashs/U280_CRC_Accelerator/src/kernel.cpp:621->/users/arashs/U280_CRC_Accelerator/src/kernel.cpp:733) [64]  (2.433 ns)

 <State 28>: 2.433ns
The critical path consists of the following:
	bus response operation ('empty_51', /users/arashs/U280_CRC_Accelerator/src/kernel.cpp:621->/users/arashs/U280_CRC_Accelerator/src/kernel.cpp:733) on port 'gmem0' (/users/arashs/U280_CRC_Accelerator/src/kernel.cpp:621->/users/arashs/U280_CRC_Accelerator/src/kernel.cpp:733) [64]  (2.433 ns)

 <State 29>: 2.433ns
The critical path consists of the following:
	bus response operation ('empty_51', /users/arashs/U280_CRC_Accelerator/src/kernel.cpp:621->/users/arashs/U280_CRC_Accelerator/src/kernel.cpp:733) on port 'gmem0' (/users/arashs/U280_CRC_Accelerator/src/kernel.cpp:621->/users/arashs/U280_CRC_Accelerator/src/kernel.cpp:733) [64]  (2.433 ns)

 <State 30>: 2.433ns
The critical path consists of the following:
	bus response operation ('empty_51', /users/arashs/U280_CRC_Accelerator/src/kernel.cpp:621->/users/arashs/U280_CRC_Accelerator/src/kernel.cpp:733) on port 'gmem0' (/users/arashs/U280_CRC_Accelerator/src/kernel.cpp:621->/users/arashs/U280_CRC_Accelerator/src/kernel.cpp:733) [64]  (2.433 ns)

 <State 31>: 2.433ns
The critical path consists of the following:
	bus response operation ('empty_51', /users/arashs/U280_CRC_Accelerator/src/kernel.cpp:621->/users/arashs/U280_CRC_Accelerator/src/kernel.cpp:733) on port 'gmem0' (/users/arashs/U280_CRC_Accelerator/src/kernel.cpp:621->/users/arashs/U280_CRC_Accelerator/src/kernel.cpp:733) [64]  (2.433 ns)

 <State 32>: 2.433ns
The critical path consists of the following:
	bus response operation ('empty_51', /users/arashs/U280_CRC_Accelerator/src/kernel.cpp:621->/users/arashs/U280_CRC_Accelerator/src/kernel.cpp:733) on port 'gmem0' (/users/arashs/U280_CRC_Accelerator/src/kernel.cpp:621->/users/arashs/U280_CRC_Accelerator/src/kernel.cpp:733) [64]  (2.433 ns)

 <State 33>: 2.433ns
The critical path consists of the following:
	bus response operation ('empty_51', /users/arashs/U280_CRC_Accelerator/src/kernel.cpp:621->/users/arashs/U280_CRC_Accelerator/src/kernel.cpp:733) on port 'gmem0' (/users/arashs/U280_CRC_Accelerator/src/kernel.cpp:621->/users/arashs/U280_CRC_Accelerator/src/kernel.cpp:733) [64]  (2.433 ns)

 <State 34>: 2.433ns
The critical path consists of the following:
	bus response operation ('empty_51', /users/arashs/U280_CRC_Accelerator/src/kernel.cpp:621->/users/arashs/U280_CRC_Accelerator/src/kernel.cpp:733) on port 'gmem0' (/users/arashs/U280_CRC_Accelerator/src/kernel.cpp:621->/users/arashs/U280_CRC_Accelerator/src/kernel.cpp:733) [64]  (2.433 ns)

 <State 35>: 2.433ns
The critical path consists of the following:
	bus response operation ('empty_51', /users/arashs/U280_CRC_Accelerator/src/kernel.cpp:621->/users/arashs/U280_CRC_Accelerator/src/kernel.cpp:733) on port 'gmem0' (/users/arashs/U280_CRC_Accelerator/src/kernel.cpp:621->/users/arashs/U280_CRC_Accelerator/src/kernel.cpp:733) [64]  (2.433 ns)

 <State 36>: 2.433ns
The critical path consists of the following:
	bus response operation ('empty_51', /users/arashs/U280_CRC_Accelerator/src/kernel.cpp:621->/users/arashs/U280_CRC_Accelerator/src/kernel.cpp:733) on port 'gmem0' (/users/arashs/U280_CRC_Accelerator/src/kernel.cpp:621->/users/arashs/U280_CRC_Accelerator/src/kernel.cpp:733) [64]  (2.433 ns)

 <State 37>: 2.433ns
The critical path consists of the following:
	bus response operation ('empty_51', /users/arashs/U280_CRC_Accelerator/src/kernel.cpp:621->/users/arashs/U280_CRC_Accelerator/src/kernel.cpp:733) on port 'gmem0' (/users/arashs/U280_CRC_Accelerator/src/kernel.cpp:621->/users/arashs/U280_CRC_Accelerator/src/kernel.cpp:733) [64]  (2.433 ns)

 <State 38>: 2.433ns
The critical path consists of the following:
	bus response operation ('empty_51', /users/arashs/U280_CRC_Accelerator/src/kernel.cpp:621->/users/arashs/U280_CRC_Accelerator/src/kernel.cpp:733) on port 'gmem0' (/users/arashs/U280_CRC_Accelerator/src/kernel.cpp:621->/users/arashs/U280_CRC_Accelerator/src/kernel.cpp:733) [64]  (2.433 ns)

 <State 39>: 2.433ns
The critical path consists of the following:
	bus response operation ('empty_51', /users/arashs/U280_CRC_Accelerator/src/kernel.cpp:621->/users/arashs/U280_CRC_Accelerator/src/kernel.cpp:733) on port 'gmem0' (/users/arashs/U280_CRC_Accelerator/src/kernel.cpp:621->/users/arashs/U280_CRC_Accelerator/src/kernel.cpp:733) [64]  (2.433 ns)

 <State 40>: 2.433ns
The critical path consists of the following:
	bus response operation ('empty_51', /users/arashs/U280_CRC_Accelerator/src/kernel.cpp:621->/users/arashs/U280_CRC_Accelerator/src/kernel.cpp:733) on port 'gmem0' (/users/arashs/U280_CRC_Accelerator/src/kernel.cpp:621->/users/arashs/U280_CRC_Accelerator/src/kernel.cpp:733) [64]  (2.433 ns)

 <State 41>: 2.433ns
The critical path consists of the following:
	bus response operation ('empty_51', /users/arashs/U280_CRC_Accelerator/src/kernel.cpp:621->/users/arashs/U280_CRC_Accelerator/src/kernel.cpp:733) on port 'gmem0' (/users/arashs/U280_CRC_Accelerator/src/kernel.cpp:621->/users/arashs/U280_CRC_Accelerator/src/kernel.cpp:733) [64]  (2.433 ns)

 <State 42>: 2.433ns
The critical path consists of the following:
	bus response operation ('empty_51', /users/arashs/U280_CRC_Accelerator/src/kernel.cpp:621->/users/arashs/U280_CRC_Accelerator/src/kernel.cpp:733) on port 'gmem0' (/users/arashs/U280_CRC_Accelerator/src/kernel.cpp:621->/users/arashs/U280_CRC_Accelerator/src/kernel.cpp:733) [64]  (2.433 ns)

 <State 43>: 2.433ns
The critical path consists of the following:
	bus response operation ('empty_51', /users/arashs/U280_CRC_Accelerator/src/kernel.cpp:621->/users/arashs/U280_CRC_Accelerator/src/kernel.cpp:733) on port 'gmem0' (/users/arashs/U280_CRC_Accelerator/src/kernel.cpp:621->/users/arashs/U280_CRC_Accelerator/src/kernel.cpp:733) [64]  (2.433 ns)

 <State 44>: 2.433ns
The critical path consists of the following:
	bus response operation ('empty_51', /users/arashs/U280_CRC_Accelerator/src/kernel.cpp:621->/users/arashs/U280_CRC_Accelerator/src/kernel.cpp:733) on port 'gmem0' (/users/arashs/U280_CRC_Accelerator/src/kernel.cpp:621->/users/arashs/U280_CRC_Accelerator/src/kernel.cpp:733) [64]  (2.433 ns)

 <State 45>: 2.433ns
The critical path consists of the following:
	bus response operation ('empty_51', /users/arashs/U280_CRC_Accelerator/src/kernel.cpp:621->/users/arashs/U280_CRC_Accelerator/src/kernel.cpp:733) on port 'gmem0' (/users/arashs/U280_CRC_Accelerator/src/kernel.cpp:621->/users/arashs/U280_CRC_Accelerator/src/kernel.cpp:733) [64]  (2.433 ns)

 <State 46>: 2.433ns
The critical path consists of the following:
	bus response operation ('empty_51', /users/arashs/U280_CRC_Accelerator/src/kernel.cpp:621->/users/arashs/U280_CRC_Accelerator/src/kernel.cpp:733) on port 'gmem0' (/users/arashs/U280_CRC_Accelerator/src/kernel.cpp:621->/users/arashs/U280_CRC_Accelerator/src/kernel.cpp:733) [64]  (2.433 ns)

 <State 47>: 2.433ns
The critical path consists of the following:
	bus response operation ('empty_51', /users/arashs/U280_CRC_Accelerator/src/kernel.cpp:621->/users/arashs/U280_CRC_Accelerator/src/kernel.cpp:733) on port 'gmem0' (/users/arashs/U280_CRC_Accelerator/src/kernel.cpp:621->/users/arashs/U280_CRC_Accelerator/src/kernel.cpp:733) [64]  (2.433 ns)

 <State 48>: 2.433ns
The critical path consists of the following:
	bus response operation ('empty_51', /users/arashs/U280_CRC_Accelerator/src/kernel.cpp:621->/users/arashs/U280_CRC_Accelerator/src/kernel.cpp:733) on port 'gmem0' (/users/arashs/U280_CRC_Accelerator/src/kernel.cpp:621->/users/arashs/U280_CRC_Accelerator/src/kernel.cpp:733) [64]  (2.433 ns)

 <State 49>: 2.433ns
The critical path consists of the following:
	bus response operation ('empty_51', /users/arashs/U280_CRC_Accelerator/src/kernel.cpp:621->/users/arashs/U280_CRC_Accelerator/src/kernel.cpp:733) on port 'gmem0' (/users/arashs/U280_CRC_Accelerator/src/kernel.cpp:621->/users/arashs/U280_CRC_Accelerator/src/kernel.cpp:733) [64]  (2.433 ns)

 <State 50>: 2.433ns
The critical path consists of the following:
	bus response operation ('empty_51', /users/arashs/U280_CRC_Accelerator/src/kernel.cpp:621->/users/arashs/U280_CRC_Accelerator/src/kernel.cpp:733) on port 'gmem0' (/users/arashs/U280_CRC_Accelerator/src/kernel.cpp:621->/users/arashs/U280_CRC_Accelerator/src/kernel.cpp:733) [64]  (2.433 ns)

 <State 51>: 2.433ns
The critical path consists of the following:
	bus response operation ('empty_51', /users/arashs/U280_CRC_Accelerator/src/kernel.cpp:621->/users/arashs/U280_CRC_Accelerator/src/kernel.cpp:733) on port 'gmem0' (/users/arashs/U280_CRC_Accelerator/src/kernel.cpp:621->/users/arashs/U280_CRC_Accelerator/src/kernel.cpp:733) [64]  (2.433 ns)

 <State 52>: 2.433ns
The critical path consists of the following:
	bus response operation ('empty_51', /users/arashs/U280_CRC_Accelerator/src/kernel.cpp:621->/users/arashs/U280_CRC_Accelerator/src/kernel.cpp:733) on port 'gmem0' (/users/arashs/U280_CRC_Accelerator/src/kernel.cpp:621->/users/arashs/U280_CRC_Accelerator/src/kernel.cpp:733) [64]  (2.433 ns)

 <State 53>: 2.433ns
The critical path consists of the following:
	bus response operation ('empty_51', /users/arashs/U280_CRC_Accelerator/src/kernel.cpp:621->/users/arashs/U280_CRC_Accelerator/src/kernel.cpp:733) on port 'gmem0' (/users/arashs/U280_CRC_Accelerator/src/kernel.cpp:621->/users/arashs/U280_CRC_Accelerator/src/kernel.cpp:733) [64]  (2.433 ns)

 <State 54>: 2.433ns
The critical path consists of the following:
	bus response operation ('empty_51', /users/arashs/U280_CRC_Accelerator/src/kernel.cpp:621->/users/arashs/U280_CRC_Accelerator/src/kernel.cpp:733) on port 'gmem0' (/users/arashs/U280_CRC_Accelerator/src/kernel.cpp:621->/users/arashs/U280_CRC_Accelerator/src/kernel.cpp:733) [64]  (2.433 ns)

 <State 55>: 2.433ns
The critical path consists of the following:
	bus response operation ('empty_51', /users/arashs/U280_CRC_Accelerator/src/kernel.cpp:621->/users/arashs/U280_CRC_Accelerator/src/kernel.cpp:733) on port 'gmem0' (/users/arashs/U280_CRC_Accelerator/src/kernel.cpp:621->/users/arashs/U280_CRC_Accelerator/src/kernel.cpp:733) [64]  (2.433 ns)

 <State 56>: 2.433ns
The critical path consists of the following:
	bus response operation ('empty_51', /users/arashs/U280_CRC_Accelerator/src/kernel.cpp:621->/users/arashs/U280_CRC_Accelerator/src/kernel.cpp:733) on port 'gmem0' (/users/arashs/U280_CRC_Accelerator/src/kernel.cpp:621->/users/arashs/U280_CRC_Accelerator/src/kernel.cpp:733) [64]  (2.433 ns)

 <State 57>: 2.433ns
The critical path consists of the following:
	bus response operation ('empty_51', /users/arashs/U280_CRC_Accelerator/src/kernel.cpp:621->/users/arashs/U280_CRC_Accelerator/src/kernel.cpp:733) on port 'gmem0' (/users/arashs/U280_CRC_Accelerator/src/kernel.cpp:621->/users/arashs/U280_CRC_Accelerator/src/kernel.cpp:733) [64]  (2.433 ns)

 <State 58>: 2.433ns
The critical path consists of the following:
	bus response operation ('empty_51', /users/arashs/U280_CRC_Accelerator/src/kernel.cpp:621->/users/arashs/U280_CRC_Accelerator/src/kernel.cpp:733) on port 'gmem0' (/users/arashs/U280_CRC_Accelerator/src/kernel.cpp:621->/users/arashs/U280_CRC_Accelerator/src/kernel.cpp:733) [64]  (2.433 ns)

 <State 59>: 2.433ns
The critical path consists of the following:
	bus response operation ('empty_51', /users/arashs/U280_CRC_Accelerator/src/kernel.cpp:621->/users/arashs/U280_CRC_Accelerator/src/kernel.cpp:733) on port 'gmem0' (/users/arashs/U280_CRC_Accelerator/src/kernel.cpp:621->/users/arashs/U280_CRC_Accelerator/src/kernel.cpp:733) [64]  (2.433 ns)

 <State 60>: 2.433ns
The critical path consists of the following:
	bus response operation ('empty_51', /users/arashs/U280_CRC_Accelerator/src/kernel.cpp:621->/users/arashs/U280_CRC_Accelerator/src/kernel.cpp:733) on port 'gmem0' (/users/arashs/U280_CRC_Accelerator/src/kernel.cpp:621->/users/arashs/U280_CRC_Accelerator/src/kernel.cpp:733) [64]  (2.433 ns)

 <State 61>: 2.433ns
The critical path consists of the following:
	bus response operation ('empty_51', /users/arashs/U280_CRC_Accelerator/src/kernel.cpp:621->/users/arashs/U280_CRC_Accelerator/src/kernel.cpp:733) on port 'gmem0' (/users/arashs/U280_CRC_Accelerator/src/kernel.cpp:621->/users/arashs/U280_CRC_Accelerator/src/kernel.cpp:733) [64]  (2.433 ns)

 <State 62>: 2.433ns
The critical path consists of the following:
	bus response operation ('empty_51', /users/arashs/U280_CRC_Accelerator/src/kernel.cpp:621->/users/arashs/U280_CRC_Accelerator/src/kernel.cpp:733) on port 'gmem0' (/users/arashs/U280_CRC_Accelerator/src/kernel.cpp:621->/users/arashs/U280_CRC_Accelerator/src/kernel.cpp:733) [64]  (2.433 ns)

 <State 63>: 2.433ns
The critical path consists of the following:
	bus response operation ('empty_51', /users/arashs/U280_CRC_Accelerator/src/kernel.cpp:621->/users/arashs/U280_CRC_Accelerator/src/kernel.cpp:733) on port 'gmem0' (/users/arashs/U280_CRC_Accelerator/src/kernel.cpp:621->/users/arashs/U280_CRC_Accelerator/src/kernel.cpp:733) [64]  (2.433 ns)

 <State 64>: 2.433ns
The critical path consists of the following:
	bus response operation ('empty_51', /users/arashs/U280_CRC_Accelerator/src/kernel.cpp:621->/users/arashs/U280_CRC_Accelerator/src/kernel.cpp:733) on port 'gmem0' (/users/arashs/U280_CRC_Accelerator/src/kernel.cpp:621->/users/arashs/U280_CRC_Accelerator/src/kernel.cpp:733) [64]  (2.433 ns)

 <State 65>: 2.433ns
The critical path consists of the following:
	bus response operation ('empty_51', /users/arashs/U280_CRC_Accelerator/src/kernel.cpp:621->/users/arashs/U280_CRC_Accelerator/src/kernel.cpp:733) on port 'gmem0' (/users/arashs/U280_CRC_Accelerator/src/kernel.cpp:621->/users/arashs/U280_CRC_Accelerator/src/kernel.cpp:733) [64]  (2.433 ns)

 <State 66>: 2.433ns
The critical path consists of the following:
	bus response operation ('empty_51', /users/arashs/U280_CRC_Accelerator/src/kernel.cpp:621->/users/arashs/U280_CRC_Accelerator/src/kernel.cpp:733) on port 'gmem0' (/users/arashs/U280_CRC_Accelerator/src/kernel.cpp:621->/users/arashs/U280_CRC_Accelerator/src/kernel.cpp:733) [64]  (2.433 ns)

 <State 67>: 2.433ns
The critical path consists of the following:
	bus response operation ('empty_51', /users/arashs/U280_CRC_Accelerator/src/kernel.cpp:621->/users/arashs/U280_CRC_Accelerator/src/kernel.cpp:733) on port 'gmem0' (/users/arashs/U280_CRC_Accelerator/src/kernel.cpp:621->/users/arashs/U280_CRC_Accelerator/src/kernel.cpp:733) [64]  (2.433 ns)

 <State 68>: 2.433ns
The critical path consists of the following:
	bus response operation ('empty_51', /users/arashs/U280_CRC_Accelerator/src/kernel.cpp:621->/users/arashs/U280_CRC_Accelerator/src/kernel.cpp:733) on port 'gmem0' (/users/arashs/U280_CRC_Accelerator/src/kernel.cpp:621->/users/arashs/U280_CRC_Accelerator/src/kernel.cpp:733) [64]  (2.433 ns)

 <State 69>: 2.433ns
The critical path consists of the following:
	bus response operation ('empty_51', /users/arashs/U280_CRC_Accelerator/src/kernel.cpp:621->/users/arashs/U280_CRC_Accelerator/src/kernel.cpp:733) on port 'gmem0' (/users/arashs/U280_CRC_Accelerator/src/kernel.cpp:621->/users/arashs/U280_CRC_Accelerator/src/kernel.cpp:733) [64]  (2.433 ns)

 <State 70>: 2.433ns
The critical path consists of the following:
	bus response operation ('empty_51', /users/arashs/U280_CRC_Accelerator/src/kernel.cpp:621->/users/arashs/U280_CRC_Accelerator/src/kernel.cpp:733) on port 'gmem0' (/users/arashs/U280_CRC_Accelerator/src/kernel.cpp:621->/users/arashs/U280_CRC_Accelerator/src/kernel.cpp:733) [64]  (2.433 ns)

 <State 71>: 2.433ns
The critical path consists of the following:
	bus response operation ('empty_51', /users/arashs/U280_CRC_Accelerator/src/kernel.cpp:621->/users/arashs/U280_CRC_Accelerator/src/kernel.cpp:733) on port 'gmem0' (/users/arashs/U280_CRC_Accelerator/src/kernel.cpp:621->/users/arashs/U280_CRC_Accelerator/src/kernel.cpp:733) [64]  (2.433 ns)


============================================================
+ Verbose Summary: Binding
============================================================
N/A
* FSMD analyzer results:
  - Output states:
 - Input state : 
  - Chain level:
	State 1
	State 2
	State 3
	State 4
	State 5
	State 6
	State 7
	State 8
	State 9
	State 10
	State 11
	State 12
	State 13
	State 14
	State 15
	State 16
	State 17
	State 18
	State 19
	State 20
	State 21
	State 22
	State 23
	State 24
	State 25
	State 26
	State 27
	State 28
	State 29
	State 30
	State 31
	State 32
	State 33
	State 34
	State 35
	State 36
	State 37
	State 38
	State 39
	State 40
	State 41
	State 42
	State 43
	State 44
	State 45
	State 46
	State 47
	State 48
	State 49
	State 50
	State 51
	State 52
	State 53
	State 54
	State 55
	State 56
	State 57
	State 58
	State 59
	State 60
	State 61
	State 62
	State 63
	State 64
	State 65
	State 66
	State 67
	State 68
	State 69
	State 70
	State 71


============================================================
+ Verbose Summary: Datapath Resource usage 
============================================================
N/A
