

================================================================
== Vitis HLS Report for 'calculate_sha256'
================================================================
* Date:           Thu Apr  2 18:19:32 2026

* Version:        2022.1 (Build 3526262 on Mon Apr 18 15:47:01 MDT 2022)
* Project:        calculate_sha256
* Solution:       solution (Vitis Kernel Flow Target)
* Product family: virtexuplus
* Target device:  xcu280-fsvh2892-2L-e


================================================================
== Performance Estimates
================================================================
+ Timing: 
    * Summary: 
    +--------+---------+----------+------------+
    |  Clock |  Target | Estimated| Uncertainty|
    +--------+---------+----------+------------+
    |ap_clk  |  3.33 ns|  2.939 ns|     0.90 ns|
    +--------+---------+----------+------------+

+ Latency: 
    * Summary: 
    +---------+---------+----------+----------+-----+-----+---------+
    |  Latency (cycles) |  Latency (absolute) |  Interval | Pipeline|
    |   min   |   max   |    min   |    max   | min | max |   Type  |
    +---------+---------+----------+----------+-----+-----+---------+
    |        ?|        ?|         ?|         ?|    ?|    ?|       no|
    +---------+---------+----------+----------+-----+-----+---------+

    + Detail: 
        * Instance: 
        +-------------------------------------------+--------------------------------+---------+---------+----------+----------+-----+-----+---------+
        |                                           |                                |  Latency (cycles) |  Latency (absolute) |  Interval | Pipeline|
        |                  Instance                 |             Module             |   min   |   max   |    min   |    max   | min | max |   Type  |
        +-------------------------------------------+--------------------------------+---------+---------+----------+----------+-----+-----+---------+
        |grp_sha256_process_and_write_chunk_fu_108  |sha256_process_and_write_chunk  |      273|        ?|  0.910 us|         ?|  273|    ?|       no|
        +-------------------------------------------+--------------------------------+---------+---------+----------+----------+-----+-----+---------+

        * Loop: 
        +-------------------+---------+---------+----------+-----------+-----------+------+----------+
        |                   |  Latency (cycles) | Iteration|  Initiation Interval  | Trip |          |
        |     Loop Name     |   min   |   max   |  Latency |  achieved |   target  | Count| Pipelined|
        +-------------------+---------+---------+----------+-----------+-----------+------+----------+
        |- hash_chunk_loop  |        ?|        ?|   276 ~ ?|          -|          -|     ?|        no|
        +-------------------+---------+---------+----------+-----------+-----------+------+----------+

============================================================
+ Verbose Summary: Synthesis Manager
============================================================
InlineROM: 1
ExposeGlobal: 0
============================================================
+ Verbose Summary: CDFG Model
============================================================
IsTopModel: 1
ResetActiveHigh: 1
IsCombinational: 0
IsDatapathOnly: 0
HasWiredReturn: 1
HasMFsm: 0
HasVarLatency: 1
IsPipeline: 0
IsRtlPipelined: 0
IsInstanceOverlapped: 0
IsDontTouch: 0
HasImplIP: 0
IsGatedGlobalClock: 0


============================================================
+ Verbose Summary: Schedule
============================================================
* Number of FSM states : 4
* Pipeline : 0
* Dataflow Pipeline: 0

* FSM state transitions: 
1 --> 2 
2 --> 3 
3 --> 4 
4 --> 2 

* FSM state operations: 

State 1 <SV = 0> <Delay = 1.00>
ST_1 : Operation 5 [1/1] (0.00ns)   --->   "%phi_mul = alloca i32 1"   --->   Operation 5 'alloca' 'phi_mul' <Predicate = true> <Delay = 0.00>
ST_1 : Operation 6 [1/1] (0.00ns)   --->   "%c = alloca i32 1"   --->   Operation 6 'alloca' 'c' <Predicate = true> <Delay = 0.00>
ST_1 : Operation 7 [1/1] (0.00ns)   --->   "%spectopmodule_ln843 = spectopmodule void @_ssdm_op_SpecTopModule, void @empty_11" [/home/efrink/mled/split_cu/U280_CRC_Accelerator/src/kernel.cpp:843]   --->   Operation 7 'spectopmodule' 'spectopmodule_ln843' <Predicate = true> <Delay = 0.00>
ST_1 : Operation 8 [1/1] (0.00ns)   --->   "%specinterface_ln843 = specinterface void @_ssdm_op_SpecInterface, i32 0, void @empty_12, i32 0, i32 0, void @empty, i32 0, i32 0, void @empty, void @empty, void @empty, i32 0, i32 0, i32 0, i32 0, void @empty, void @empty, i32 4294967295, i32 0" [/home/efrink/mled/split_cu/U280_CRC_Accelerator/src/kernel.cpp:843]   --->   Operation 8 'specinterface' 'specinterface_ln843' <Predicate = true> <Delay = 0.00>
ST_1 : Operation 9 [1/1] (0.00ns)   --->   "%specinterface_ln0 = specinterface void @_ssdm_op_SpecInterface, i512 %gmem0, void @empty_16, i32 0, i32 0, void @empty, i32 64, i32 1024, void @empty_0, void @empty_1, void @empty, i32 16, i32 16, i32 16, i32 16, void @empty, void @empty, i32 4294967295, i32 0"   --->   Operation 9 'specinterface' 'specinterface_ln0' <Predicate = true> <Delay = 0.00>
ST_1 : Operation 10 [1/1] (0.00ns)   --->   "%specbitsmap_ln0 = specbitsmap void @_ssdm_op_SpecBitsMap, i512 %gmem0"   --->   Operation 10 'specbitsmap' 'specbitsmap_ln0' <Predicate = true> <Delay = 0.00>
ST_1 : Operation 11 [1/1] (0.00ns)   --->   "%specinterface_ln0 = specinterface void @_ssdm_op_SpecInterface, i64 %data_in, void @empty_2, i32 0, i32 0, void @empty, i32 0, i32 0, void @empty_3, void @empty_4, void @empty, i32 0, i32 0, i32 0, i32 0, void @empty, void @empty_5, i32 4294967295, i32 0"   --->   Operation 11 'specinterface' 'specinterface_ln0' <Predicate = true> <Delay = 0.00>
ST_1 : Operation 12 [1/1] (0.00ns)   --->   "%specinterface_ln0 = specinterface void @_ssdm_op_SpecInterface, i64 %data_in, void @empty_6, i32 0, i32 0, void @empty, i32 0, i32 0, void @empty, void @empty, void @empty, i32 0, i32 0, i32 0, i32 0, void @empty, void @empty_5, i32 4294967295, i32 0"   --->   Operation 12 'specinterface' 'specinterface_ln0' <Predicate = true> <Delay = 0.00>
ST_1 : Operation 13 [1/1] (0.00ns)   --->   "%specinterface_ln0 = specinterface void @_ssdm_op_SpecInterface, i64 %crc_out, void @empty_2, i32 0, i32 0, void @empty, i32 0, i32 0, void @empty_3, void @empty_7, void @empty, i32 0, i32 0, i32 0, i32 0, void @empty, void @empty_5, i32 4294967295, i32 0"   --->   Operation 13 'specinterface' 'specinterface_ln0' <Predicate = true> <Delay = 0.00>
ST_1 : Operation 14 [1/1] (0.00ns)   --->   "%specinterface_ln0 = specinterface void @_ssdm_op_SpecInterface, i64 %crc_out, void @empty_6, i32 0, i32 0, void @empty, i32 0, i32 0, void @empty, void @empty, void @empty, i32 0, i32 0, i32 0, i32 0, void @empty, void @empty_5, i32 4294967295, i32 0"   --->   Operation 14 'specinterface' 'specinterface_ln0' <Predicate = true> <Delay = 0.00>
ST_1 : Operation 15 [1/1] (0.00ns)   --->   "%specbitsmap_ln0 = specbitsmap void @_ssdm_op_SpecBitsMap, i32 %numChunks"   --->   Operation 15 'specbitsmap' 'specbitsmap_ln0' <Predicate = true> <Delay = 0.00>
ST_1 : Operation 16 [1/1] (0.00ns)   --->   "%specinterface_ln0 = specinterface void @_ssdm_op_SpecInterface, i32 %numChunks, void @empty_2, i32 0, i32 0, void @empty, i32 0, i32 0, void @empty_3, void @empty_8, void @empty, i32 0, i32 0, i32 0, i32 0, void @empty, void @empty, i32 4294967295, i32 0"   --->   Operation 16 'specinterface' 'specinterface_ln0' <Predicate = true> <Delay = 0.00>
ST_1 : Operation 17 [1/1] (0.00ns)   --->   "%specinterface_ln0 = specinterface void @_ssdm_op_SpecInterface, i32 %numChunks, void @empty_9, i32 0, i32 0, void @empty, i32 0, i32 0, void @empty, void @empty, void @empty, i32 0, i32 0, i32 0, i32 0, void @empty, void @empty, i32 4294967295, i32 0"   --->   Operation 17 'specinterface' 'specinterface_ln0' <Predicate = true> <Delay = 0.00>
ST_1 : Operation 18 [1/1] (0.00ns)   --->   "%specbitsmap_ln0 = specbitsmap void @_ssdm_op_SpecBitsMap, i32 %chunkSize"   --->   Operation 18 'specbitsmap' 'specbitsmap_ln0' <Predicate = true> <Delay = 0.00>
ST_1 : Operation 19 [1/1] (0.00ns)   --->   "%specinterface_ln0 = specinterface void @_ssdm_op_SpecInterface, i32 %chunkSize, void @empty_2, i32 0, i32 0, void @empty, i32 0, i32 0, void @empty_3, void @empty_23, void @empty, i32 0, i32 0, i32 0, i32 0, void @empty, void @empty, i32 4294967295, i32 0"   --->   Operation 19 'specinterface' 'specinterface_ln0' <Predicate = true> <Delay = 0.00>
ST_1 : Operation 20 [1/1] (0.00ns)   --->   "%specinterface_ln0 = specinterface void @_ssdm_op_SpecInterface, i32 %chunkSize, void @empty_9, i32 0, i32 0, void @empty, i32 0, i32 0, void @empty, void @empty, void @empty, i32 0, i32 0, i32 0, i32 0, void @empty, void @empty, i32 4294967295, i32 0"   --->   Operation 20 'specinterface' 'specinterface_ln0' <Predicate = true> <Delay = 0.00>
ST_1 : Operation 21 [1/1] (0.00ns)   --->   "%specinterface_ln0 = specinterface void @_ssdm_op_SpecInterface, i32 0, void @empty_2, i32 0, i32 0, void @empty, i32 0, i32 0, void @empty_3, void @empty, void @empty, i32 0, i32 0, i32 0, i32 0, void @empty, void @empty, i32 4294967295, i32 0"   --->   Operation 21 'specinterface' 'specinterface_ln0' <Predicate = true> <Delay = 0.00>
ST_1 : Operation 22 [1/1] (1.00ns)   --->   "%chunkSize_read = read i32 @_ssdm_op_Read.ap_none.i32, i32 %chunkSize" [/home/efrink/mled/split_cu/U280_CRC_Accelerator/src/kernel.cpp:843]   --->   Operation 22 'read' 'chunkSize_read' <Predicate = true> <Delay = 1.00> <CoreInst = "s_axilite">   --->   Core 122 's_axilite' <Latency = 0> <II = 1> <Delay = 1.00> <Adapter> <Opcode : 'read' 'write'>
ST_1 : Operation 23 [1/1] (1.00ns)   --->   "%numChunks_read = read i32 @_ssdm_op_Read.ap_none.i32, i32 %numChunks" [/home/efrink/mled/split_cu/U280_CRC_Accelerator/src/kernel.cpp:843]   --->   Operation 23 'read' 'numChunks_read' <Predicate = true> <Delay = 1.00> <CoreInst = "s_axilite">   --->   Core 122 's_axilite' <Latency = 0> <II = 1> <Delay = 1.00> <Adapter> <Opcode : 'read' 'write'>
ST_1 : Operation 24 [1/1] (1.00ns)   --->   "%crc_out_read = read i64 @_ssdm_op_Read.s_axilite.i64, i64 %crc_out" [/home/efrink/mled/split_cu/U280_CRC_Accelerator/src/kernel.cpp:843]   --->   Operation 24 'read' 'crc_out_read' <Predicate = true> <Delay = 1.00> <CoreInst = "s_axilite">   --->   Core 122 's_axilite' <Latency = 0> <II = 1> <Delay = 1.00> <Adapter> <Opcode : 'read' 'write'>
ST_1 : Operation 25 [1/1] (1.00ns)   --->   "%data_in_read = read i64 @_ssdm_op_Read.s_axilite.i64, i64 %data_in" [/home/efrink/mled/split_cu/U280_CRC_Accelerator/src/kernel.cpp:843]   --->   Operation 25 'read' 'data_in_read' <Predicate = true> <Delay = 1.00> <CoreInst = "s_axilite">   --->   Core 122 's_axilite' <Latency = 0> <II = 1> <Delay = 1.00> <Adapter> <Opcode : 'read' 'write'>
ST_1 : Operation 26 [1/1] (0.00ns)   --->   "%conv1_i = zext i32 %chunkSize_read" [/home/efrink/mled/split_cu/U280_CRC_Accelerator/src/kernel.cpp:843]   --->   Operation 26 'zext' 'conv1_i' <Predicate = true> <Delay = 0.00>
ST_1 : Operation 27 [1/1] (0.38ns)   --->   "%store_ln786 = store i32 0, i32 %c" [/home/efrink/mled/split_cu/U280_CRC_Accelerator/src/kernel.cpp:786]   --->   Operation 27 'store' 'store_ln786' <Predicate = true> <Delay = 0.38>
ST_1 : Operation 28 [1/1] (0.38ns)   --->   "%store_ln786 = store i64 0, i64 %phi_mul" [/home/efrink/mled/split_cu/U280_CRC_Accelerator/src/kernel.cpp:786]   --->   Operation 28 'store' 'store_ln786' <Predicate = true> <Delay = 0.38>
ST_1 : Operation 29 [1/1] (0.00ns)   --->   "%br_ln786 = br void %for.inc.i" [/home/efrink/mled/split_cu/U280_CRC_Accelerator/src/kernel.cpp:786]   --->   Operation 29 'br' 'br_ln786' <Predicate = true> <Delay = 0.00>

State 2 <SV = 1> <Delay = 1.53>
ST_2 : Operation 30 [1/1] (0.00ns)   --->   "%c_3 = load i32 %c" [/home/efrink/mled/split_cu/U280_CRC_Accelerator/src/kernel.cpp:786]   --->   Operation 30 'load' 'c_3' <Predicate = true> <Delay = 0.00>
ST_2 : Operation 31 [1/1] (0.85ns)   --->   "%icmp_ln786 = icmp_eq  i32 %c_3, i32 %numChunks_read" [/home/efrink/mled/split_cu/U280_CRC_Accelerator/src/kernel.cpp:786]   --->   Operation 31 'icmp' 'icmp_ln786' <Predicate = true> <Delay = 0.85> <CoreInst = "Cmp">   --->   Core 9 'Cmp' <Latency = 0> <II = 1> <Delay = 0.85> <FuncUnit> <Opcode : 'icmp'> <InPorts = 2> <OutPorts = 1>
ST_2 : Operation 32 [1/1] (0.88ns)   --->   "%add_ln786 = add i32 %c_3, i32 1" [/home/efrink/mled/split_cu/U280_CRC_Accelerator/src/kernel.cpp:786]   --->   Operation 32 'add' 'add_ln786' <Predicate = true> <Delay = 0.88> <CoreInst = "Adder">   --->   Core 1 'Adder' <Latency = 0> <II = 1> <Delay = 0.88> <FuncUnit> <Opcode : 'add' 'sub'> <InPorts = 2> <OutPorts = 1>
ST_2 : Operation 33 [1/1] (0.00ns)   --->   "%br_ln786 = br i1 %icmp_ln786, void %for.inc.i.split, void %_ZL12process_hashPK7ap_uintILi512EEPjjj.exit.loopexit" [/home/efrink/mled/split_cu/U280_CRC_Accelerator/src/kernel.cpp:786]   --->   Operation 33 'br' 'br_ln786' <Predicate = true> <Delay = 0.00>
ST_2 : Operation 34 [1/1] (0.00ns)   --->   "%phi_mul_load = load i64 %phi_mul" [/home/efrink/mled/split_cu/U280_CRC_Accelerator/src/kernel.cpp:788]   --->   Operation 34 'load' 'phi_mul_load' <Predicate = (!icmp_ln786)> <Delay = 0.00>
ST_2 : Operation 35 [1/1] (1.14ns)   --->   "%add_ln788 = add i64 %phi_mul_load, i64 %conv1_i" [/home/efrink/mled/split_cu/U280_CRC_Accelerator/src/kernel.cpp:788]   --->   Operation 35 'add' 'add_ln788' <Predicate = (!icmp_ln786)> <Delay = 1.14> <CoreInst = "Adder">   --->   Core 1 'Adder' <Latency = 0> <II = 1> <Delay = 1.14> <FuncUnit> <Opcode : 'add' 'sub'> <InPorts = 2> <OutPorts = 1>
ST_2 : Operation 36 [1/1] (1.14ns)   --->   "%chunk = add i64 %phi_mul_load, i64 %data_in_read" [/home/efrink/mled/split_cu/U280_CRC_Accelerator/src/kernel.cpp:788]   --->   Operation 36 'add' 'chunk' <Predicate = (!icmp_ln786)> <Delay = 1.14> <CoreInst = "Adder">   --->   Core 1 'Adder' <Latency = 0> <II = 1> <Delay = 1.14> <FuncUnit> <Opcode : 'add' 'sub'> <InPorts = 2> <OutPorts = 1>
ST_2 : Operation 37 [1/1] (0.00ns)   --->   "%shl_ln = bitconcatenate i37 @_ssdm_op_BitConcatenate.i37.i32.i5, i32 %c_3, i5 0" [/home/efrink/mled/split_cu/U280_CRC_Accelerator/src/kernel.cpp:789]   --->   Operation 37 'bitconcatenate' 'shl_ln' <Predicate = (!icmp_ln786)> <Delay = 0.00>
ST_2 : Operation 38 [1/1] (0.00ns)   --->   "%zext_ln789 = zext i37 %shl_ln" [/home/efrink/mled/split_cu/U280_CRC_Accelerator/src/kernel.cpp:789]   --->   Operation 38 'zext' 'zext_ln789' <Predicate = (!icmp_ln786)> <Delay = 0.00>
ST_2 : Operation 39 [1/1] (1.14ns)   --->   "%digest_out = add i64 %zext_ln789, i64 %crc_out_read" [/home/efrink/mled/split_cu/U280_CRC_Accelerator/src/kernel.cpp:789]   --->   Operation 39 'add' 'digest_out' <Predicate = (!icmp_ln786)> <Delay = 1.14> <CoreInst = "Adder">   --->   Core 1 'Adder' <Latency = 0> <II = 1> <Delay = 1.14> <FuncUnit> <Opcode : 'add' 'sub'> <InPorts = 2> <OutPorts = 1>
ST_2 : Operation 40 [1/1] (0.38ns)   --->   "%store_ln786 = store i32 %add_ln786, i32 %c" [/home/efrink/mled/split_cu/U280_CRC_Accelerator/src/kernel.cpp:786]   --->   Operation 40 'store' 'store_ln786' <Predicate = (!icmp_ln786)> <Delay = 0.38>
ST_2 : Operation 41 [1/1] (0.38ns)   --->   "%store_ln786 = store i64 %add_ln788, i64 %phi_mul" [/home/efrink/mled/split_cu/U280_CRC_Accelerator/src/kernel.cpp:786]   --->   Operation 41 'store' 'store_ln786' <Predicate = (!icmp_ln786)> <Delay = 0.38>
ST_2 : Operation 42 [1/1] (0.00ns)   --->   "%ret_ln851 = ret" [/home/efrink/mled/split_cu/U280_CRC_Accelerator/src/kernel.cpp:851]   --->   Operation 42 'ret' 'ret_ln851' <Predicate = (icmp_ln786)> <Delay = 0.00>

State 3 <SV = 2> <Delay = 2.43>
ST_3 : Operation 43 [2/2] (2.43ns)   --->   "%call_ln790 = call void @sha256_process_and_write_chunk, i512 %gmem0, i64 %chunk, i32 %chunkSize_read, i64 %digest_out, i32 %SHA256_K" [/home/efrink/mled/split_cu/U280_CRC_Accelerator/src/kernel.cpp:790]   --->   Operation 43 'call' 'call_ln790' <Predicate = true> <Delay = 2.43> <CoreType = "Generic">   --->   Core 0 '' <Latency = 0> <II = 1> <Delay = 1.00> <Generic> <Opcode : >

State 4 <SV = 3> <Delay = 0.00>
ST_4 : Operation 44 [1/1] (0.00ns)   --->   "%specloopname_ln786 = specloopname void @_ssdm_op_SpecLoopName, void @empty_13" [/home/efrink/mled/split_cu/U280_CRC_Accelerator/src/kernel.cpp:786]   --->   Operation 44 'specloopname' 'specloopname_ln786' <Predicate = true> <Delay = 0.00>
ST_4 : Operation 45 [1/2] (0.00ns)   --->   "%call_ln790 = call void @sha256_process_and_write_chunk, i512 %gmem0, i64 %chunk, i32 %chunkSize_read, i64 %digest_out, i32 %SHA256_K" [/home/efrink/mled/split_cu/U280_CRC_Accelerator/src/kernel.cpp:790]   --->   Operation 45 'call' 'call_ln790' <Predicate = true> <Delay = 0.00> <CoreType = "Generic">   --->   Core 0 '' <Latency = 0> <II = 1> <Delay = 1.00> <Generic> <Opcode : >
ST_4 : Operation 46 [1/1] (0.00ns)   --->   "%br_ln786 = br void %for.inc.i" [/home/efrink/mled/split_cu/U280_CRC_Accelerator/src/kernel.cpp:786]   --->   Operation 46 'br' 'br_ln786' <Predicate = true> <Delay = 0.00>


============================================================
+ Verbose Summary: Binding
============================================================
STG Binding: 
---------------- STG Properties BEGIN ----------------
- Is combinational: 0
- Is one-state seq: 0
- Is datapath-only: 0
- Is pipelined: 0
- Is top level: 1
Port [ Return ] is wired: 1; IO mode=ap_ctrl_chain:ce=0
Port [ gmem0]:  wired=1; compound=1; hidden=0; nouse=0; global=0; static=0; extern=0; dir=2; type=4; pingpong=0; private_global=0; IO mode=m_axi:ce=0
Port [ data_in]:  wired=1; compound=0; hidden=0; nouse=0; global=0; static=0; extern=0; dir=0; type=0; pingpong=0; private_global=0; IO mode=ap_none:ce=0
Port [ crc_out]:  wired=1; compound=0; hidden=0; nouse=0; global=0; static=0; extern=0; dir=0; type=0; pingpong=0; private_global=0; IO mode=ap_none:ce=0
Port [ numChunks]:  wired=1; compound=0; hidden=0; nouse=0; global=0; static=0; extern=0; dir=0; type=0; pingpong=0; private_global=0; IO mode=ap_none:ce=0
Port [ chunkSize]:  wired=1; compound=0; hidden=0; nouse=0; global=0; static=0; extern=0; dir=0; type=0; pingpong=0; private_global=0; IO mode=ap_none:ce=0
Port [ SHA256_K]:  wired=0; compound=1; hidden=1; nouse=1; global=1; static=1; extern=0; dir=0; type=1; pingpong=0; private_global=0; MemPort=[1]; IO mode=ap_memory:ce=0
---------------- STG Properties END ------------------

---------------- Datapath Model BEGIN ----------------

<LifeTime>
<method=bitvector/>
phi_mul             (alloca        ) [ 01111]
c                   (alloca        ) [ 01111]
spectopmodule_ln843 (spectopmodule ) [ 00000]
specinterface_ln843 (specinterface ) [ 00000]
specinterface_ln0   (specinterface ) [ 00000]
specbitsmap_ln0     (specbitsmap   ) [ 00000]
specinterface_ln0   (specinterface ) [ 00000]
specinterface_ln0   (specinterface ) [ 00000]
specinterface_ln0   (specinterface ) [ 00000]
specinterface_ln0   (specinterface ) [ 00000]
specbitsmap_ln0     (specbitsmap   ) [ 00000]
specinterface_ln0   (specinterface ) [ 00000]
specinterface_ln0   (specinterface ) [ 00000]
specbitsmap_ln0     (specbitsmap   ) [ 00000]
specinterface_ln0   (specinterface ) [ 00000]
specinterface_ln0   (specinterface ) [ 00000]
specinterface_ln0   (specinterface ) [ 00000]
chunkSize_read      (read          ) [ 00111]
numChunks_read      (read          ) [ 00111]
crc_out_read        (read          ) [ 00111]
data_in_read        (read          ) [ 00111]
conv1_i             (zext          ) [ 00111]
store_ln786         (store         ) [ 00000]
store_ln786         (store         ) [ 00000]
br_ln786            (br            ) [ 00000]
c_3                 (load          ) [ 00000]
icmp_ln786          (icmp          ) [ 00111]
add_ln786           (add           ) [ 00000]
br_ln786            (br            ) [ 00000]
phi_mul_load        (load          ) [ 00000]
add_ln788           (add           ) [ 00000]
chunk               (add           ) [ 00011]
shl_ln              (bitconcatenate) [ 00000]
zext_ln789          (zext          ) [ 00000]
digest_out          (add           ) [ 00011]
store_ln786         (store         ) [ 00000]
store_ln786         (store         ) [ 00000]
ret_ln851           (ret           ) [ 00000]
specloopname_ln786  (specloopname  ) [ 00000]
call_ln790          (call          ) [ 00000]
br_ln786            (br            ) [ 00000]
</LifeTime>

<model>

<comp_list>
<comp id="0" class="1000" name="gmem0">
<pin_list>
<pin id="1" dir="1" index="0" bw="1" slack="0"/>
</pin_list>
<bind>
<StgValue><ssdm name="gmem0"/></StgValue>
</bind>
</comp>

<comp id="2" class="1000" name="data_in">
<pin_list>
<pin id="3" dir="1" index="0" bw="1" slack="0"/>
</pin_list>
<bind>
<StgValue><ssdm name="data_in"/></StgValue>
</bind>
</comp>

<comp id="4" class="1000" name="crc_out">
<pin_list>
<pin id="5" dir="1" index="0" bw="1" slack="0"/>
</pin_list>
<bind>
<StgValue><ssdm name="crc_out"/></StgValue>
</bind>
</comp>

<comp id="6" class="1000" name="numChunks">
<pin_list>
<pin id="7" dir="1" index="0" bw="1" slack="0"/>
</pin_list>
<bind>
<StgValue><ssdm name="numChunks"/></StgValue>
</bind>
</comp>

<comp id="8" class="1000" name="chunkSize">
<pin_list>
<pin id="9" dir="1" index="0" bw="1" slack="0"/>
</pin_list>
<bind>
<StgValue><ssdm name="chunkSize"/></StgValue>
</bind>
</comp>

<comp id="10" class="1000" name="SHA256_K">
<pin_list>
<pin id="11" dir="1" index="0" bw="1" slack="0"/>
</pin_list>
<bind>
<StgValue><ssdm name="SHA256_K"/><MemPortTyVec>1 </MemPortTyVec>
</StgValue>
</bind>
</comp>

<comp id="12" class="1001" name="const_12">
<pin_list>
<pin id="13" dir="1" index="0" bw="1" slack="0"/>
</pin_list>
<bind>
<StgValue><ssdm name=""/></StgValue>
</bind>
</comp>

<comp id="14" class="1001" name="const_14">
<pin_list>
<pin id="15" dir="1" index="0" bw="1" slack="2147483647"/>
</pin_list>
<bind>
<StgValue><ssdm name="_ssdm_op_SpecTopModule"/></StgValue>
</bind>
</comp>

<comp id="16" class="1001" name="const_16">
<pin_list>
<pin id="17" dir="1" index="0" bw="1" slack="2147483647"/>
</pin_list>
<bind>
<StgValue><ssdm name="empty_11"/></StgValue>
</bind>
</comp>

<comp id="18" class="1001" name="const_18">
<pin_list>
<pin id="19" dir="1" index="0" bw="1" slack="2147483647"/>
</pin_list>
<bind>
<StgValue><ssdm name="_ssdm_op_SpecInterface"/></StgValue>
</bind>
</comp>

<comp id="20" class="1001" name="const_20">
<pin_list>
<pin id="21" dir="1" index="0" bw="1" slack="0"/>
</pin_list>
<bind>
<StgValue><ssdm name=""/></StgValue>
</bind>
</comp>

<comp id="22" class="1001" name="const_22">
<pin_list>
<pin id="23" dir="1" index="0" bw="1" slack="2147483647"/>
</pin_list>
<bind>
<StgValue><ssdm name="empty_12"/></StgValue>
</bind>
</comp>

<comp id="24" class="1001" name="const_24">
<pin_list>
<pin id="25" dir="1" index="0" bw="1" slack="2147483647"/>
</pin_list>
<bind>
<StgValue><ssdm name="empty"/></StgValue>
</bind>
</comp>

<comp id="26" class="1001" name="const_26">
<pin_list>
<pin id="27" dir="1" index="0" bw="1" slack="2147483647"/>
</pin_list>
<bind>
<StgValue><ssdm name=""/></StgValue>
</bind>
</comp>

<comp id="28" class="1001" name="const_28">
<pin_list>
<pin id="29" dir="1" index="0" bw="1" slack="2147483647"/>
</pin_list>
<bind>
<StgValue><ssdm name="empty_16"/></StgValue>
</bind>
</comp>

<comp id="30" class="1001" name="const_30">
<pin_list>
<pin id="31" dir="1" index="0" bw="1" slack="2147483647"/>
</pin_list>
<bind>
<StgValue><ssdm name=""/></StgValue>
</bind>
</comp>

<comp id="32" class="1001" name="const_32">
<pin_list>
<pin id="33" dir="1" index="0" bw="1" slack="2147483647"/>
</pin_list>
<bind>
<StgValue><ssdm name=""/></StgValue>
</bind>
</comp>

<comp id="34" class="1001" name="const_34">
<pin_list>
<pin id="35" dir="1" index="0" bw="1" slack="2147483647"/>
</pin_list>
<bind>
<StgValue><ssdm name="empty_0"/></StgValue>
</bind>
</comp>

<comp id="36" class="1001" name="const_36">
<pin_list>
<pin id="37" dir="1" index="0" bw="1" slack="2147483647"/>
</pin_list>
<bind>
<StgValue><ssdm name="empty_1"/></StgValue>
</bind>
</comp>

<comp id="38" class="1001" name="const_38">
<pin_list>
<pin id="39" dir="1" index="0" bw="1" slack="2147483647"/>
</pin_list>
<bind>
<StgValue><ssdm name=""/></StgValue>
</bind>
</comp>

<comp id="40" class="1001" name="const_40">
<pin_list>
<pin id="41" dir="1" index="0" bw="1" slack="2147483647"/>
</pin_list>
<bind>
<StgValue><ssdm name="_ssdm_op_SpecBitsMap"/></StgValue>
</bind>
</comp>

<comp id="42" class="1001" name="const_42">
<pin_list>
<pin id="43" dir="1" index="0" bw="1" slack="2147483647"/>
</pin_list>
<bind>
<StgValue><ssdm name="empty_2"/></StgValue>
</bind>
</comp>

<comp id="44" class="1001" name="const_44">
<pin_list>
<pin id="45" dir="1" index="0" bw="1" slack="2147483647"/>
</pin_list>
<bind>
<StgValue><ssdm name="empty_3"/></StgValue>
</bind>
</comp>

<comp id="46" class="1001" name="const_46">
<pin_list>
<pin id="47" dir="1" index="0" bw="1" slack="2147483647"/>
</pin_list>
<bind>
<StgValue><ssdm name="empty_4"/></StgValue>
</bind>
</comp>

<comp id="48" class="1001" name="const_48">
<pin_list>
<pin id="49" dir="1" index="0" bw="1" slack="2147483647"/>
</pin_list>
<bind>
<StgValue><ssdm name="empty_5"/></StgValue>
</bind>
</comp>

<comp id="50" class="1001" name="const_50">
<pin_list>
<pin id="51" dir="1" index="0" bw="1" slack="2147483647"/>
</pin_list>
<bind>
<StgValue><ssdm name="empty_6"/></StgValue>
</bind>
</comp>

<comp id="52" class="1001" name="const_52">
<pin_list>
<pin id="53" dir="1" index="0" bw="1" slack="2147483647"/>
</pin_list>
<bind>
<StgValue><ssdm name="empty_7"/></StgValue>
</bind>
</comp>

<comp id="54" class="1001" name="const_54">
<pin_list>
<pin id="55" dir="1" index="0" bw="1" slack="2147483647"/>
</pin_list>
<bind>
<StgValue><ssdm name="empty_8"/></StgValue>
</bind>
</comp>

<comp id="56" class="1001" name="const_56">
<pin_list>
<pin id="57" dir="1" index="0" bw="1" slack="2147483647"/>
</pin_list>
<bind>
<StgValue><ssdm name="empty_9"/></StgValue>
</bind>
</comp>

<comp id="58" class="1001" name="const_58">
<pin_list>
<pin id="59" dir="1" index="0" bw="1" slack="2147483647"/>
</pin_list>
<bind>
<StgValue><ssdm name="empty_23"/></StgValue>
</bind>
</comp>

<comp id="60" class="1001" name="const_60">
<pin_list>
<pin id="61" dir="1" index="0" bw="1" slack="0"/>
</pin_list>
<bind>
<StgValue><ssdm name="_ssdm_op_Read.ap_none.i32"/></StgValue>
</bind>
</comp>

<comp id="62" class="1001" name="const_62">
<pin_list>
<pin id="63" dir="1" index="0" bw="1" slack="0"/>
</pin_list>
<bind>
<StgValue><ssdm name="_ssdm_op_Read.s_axilite.i64"/></StgValue>
</bind>
</comp>

<comp id="64" class="1001" name="const_64">
<pin_list>
<pin id="65" dir="1" index="0" bw="1" slack="0"/>
</pin_list>
<bind>
<StgValue><ssdm name=""/></StgValue>
</bind>
</comp>

<comp id="66" class="1001" name="const_66">
<pin_list>
<pin id="67" dir="1" index="0" bw="1" slack="0"/>
</pin_list>
<bind>
<StgValue><ssdm name="_ssdm_op_BitConcatenate.i37.i32.i5"/></StgValue>
</bind>
</comp>

<comp id="68" class="1001" name="const_68">
<pin_list>
<pin id="69" dir="1" index="0" bw="1" slack="0"/>
</pin_list>
<bind>
<StgValue><ssdm name=""/></StgValue>
</bind>
</comp>

<comp id="70" class="1001" name="const_70">
<pin_list>
<pin id="71" dir="1" index="0" bw="1" slack="0"/>
</pin_list>
<bind>
<StgValue><ssdm name="sha256_process_and_write_chunk"/></StgValue>
</bind>
</comp>

<comp id="72" class="1001" name="const_72">
<pin_list>
<pin id="73" dir="1" index="0" bw="1" slack="2147483647"/>
</pin_list>
<bind>
<StgValue><ssdm name="_ssdm_op_SpecLoopName"/></StgValue>
</bind>
</comp>

<comp id="74" class="1001" name="const_74">
<pin_list>
<pin id="75" dir="1" index="0" bw="1" slack="2147483647"/>
</pin_list>
<bind>
<StgValue><ssdm name="empty_13"/></StgValue>
</bind>
</comp>

<comp id="76" class="1004" name="phi_mul_fu_76">
<pin_list>
<pin id="77" dir="0" index="0" bw="1" slack="0"/>
<pin id="78" dir="1" index="1" bw="64" slack="0"/>
</pin_list>
<bind>
<opcode="alloca(26) " fcode="alloca"/>
<opset="phi_mul/1 "/>
</bind>
</comp>

<comp id="80" class="1004" name="c_fu_80">
<pin_list>
<pin id="81" dir="0" index="0" bw="1" slack="0"/>
<pin id="82" dir="1" index="1" bw="32" slack="0"/>
</pin_list>
<bind>
<opcode="alloca(26) " fcode="alloca"/>
<opset="c/1 "/>
</bind>
</comp>

<comp id="84" class="1004" name="chunkSize_read_read_fu_84">
<pin_list>
<pin id="85" dir="0" index="0" bw="32" slack="0"/>
<pin id="86" dir="0" index="1" bw="32" slack="0"/>
<pin id="87" dir="1" index="2" bw="32" slack="0"/>
</pin_list>
<bind>
<opcode="read(1150) " fcode="read"/>
<opset="chunkSize_read/1 "/>
</bind>
</comp>

<comp id="90" class="1004" name="numChunks_read_read_fu_90">
<pin_list>
<pin id="91" dir="0" index="0" bw="32" slack="0"/>
<pin id="92" dir="0" index="1" bw="32" slack="0"/>
<pin id="93" dir="1" index="2" bw="32" slack="1"/>
</pin_list>
<bind>
<opcode="read(1150) " fcode="read"/>
<opset="numChunks_read/1 "/>
</bind>
</comp>

<comp id="96" class="1004" name="crc_out_read_read_fu_96">
<pin_list>
<pin id="97" dir="0" index="0" bw="64" slack="0"/>
<pin id="98" dir="0" index="1" bw="64" slack="0"/>
<pin id="99" dir="1" index="2" bw="64" slack="1"/>
</pin_list>
<bind>
<opcode="read(1150) " fcode="read"/>
<opset="crc_out_read/1 "/>
</bind>
</comp>

<comp id="102" class="1004" name="data_in_read_read_fu_102">
<pin_list>
<pin id="103" dir="0" index="0" bw="64" slack="0"/>
<pin id="104" dir="0" index="1" bw="64" slack="0"/>
<pin id="105" dir="1" index="2" bw="64" slack="1"/>
</pin_list>
<bind>
<opcode="read(1150) " fcode="read"/>
<opset="data_in_read/1 "/>
</bind>
</comp>

<comp id="108" class="1004" name="grp_sha256_process_and_write_chunk_fu_108">
<pin_list>
<pin id="109" dir="0" index="0" bw="0" slack="0"/>
<pin id="110" dir="0" index="1" bw="512" slack="0"/>
<pin id="111" dir="0" index="2" bw="64" slack="1"/>
<pin id="112" dir="0" index="3" bw="32" slack="2"/>
<pin id="113" dir="0" index="4" bw="64" slack="1"/>
<pin id="114" dir="0" index="5" bw="32" slack="0"/>
<pin id="115" dir="1" index="6" bw="0" slack="2147483647"/>
</pin_list>
<bind>
<opcode="call(48) " fcode="call"/>
<opset="call_ln790/3 "/>
</bind>
</comp>

<comp id="119" class="1004" name="conv1_i_fu_119">
<pin_list>
<pin id="120" dir="0" index="0" bw="32" slack="0"/>
<pin id="121" dir="1" index="1" bw="64" slack="1"/>
</pin_list>
<bind>
<opcode="zext(34) " fcode="zext"/>
<opset="conv1_i/1 "/>
</bind>
</comp>

<comp id="123" class="1004" name="store_ln786_store_fu_123">
<pin_list>
<pin id="124" dir="0" index="0" bw="1" slack="0"/>
<pin id="125" dir="0" index="1" bw="32" slack="0"/>
<pin id="126" dir="1" index="2" bw="0" slack="2147483647"/>
</pin_list>
<bind>
<opcode="store(28) " fcode="store"/>
<opset="store_ln786/1 "/>
</bind>
</comp>

<comp id="128" class="1004" name="store_ln786_store_fu_128">
<pin_list>
<pin id="129" dir="0" index="0" bw="1" slack="0"/>
<pin id="130" dir="0" index="1" bw="64" slack="0"/>
<pin id="131" dir="1" index="2" bw="0" slack="2147483647"/>
</pin_list>
<bind>
<opcode="store(28) " fcode="store"/>
<opset="store_ln786/1 "/>
</bind>
</comp>

<comp id="133" class="1004" name="c_3_load_fu_133">
<pin_list>
<pin id="134" dir="0" index="0" bw="32" slack="1"/>
<pin id="135" dir="1" index="1" bw="32" slack="0"/>
</pin_list>
<bind>
<opcode="load(27) " fcode="load"/>
<opset="c_3/2 "/>
</bind>
</comp>

<comp id="136" class="1004" name="icmp_ln786_fu_136">
<pin_list>
<pin id="137" dir="0" index="0" bw="32" slack="0"/>
<pin id="138" dir="0" index="1" bw="32" slack="1"/>
<pin id="139" dir="1" index="2" bw="1" slack="2147483647"/>
</pin_list>
<bind>
<opcode="icmp(45) " fcode="icmp"/>
<opset="icmp_ln786/2 "/>
</bind>
</comp>

<comp id="141" class="1004" name="add_ln786_fu_141">
<pin_list>
<pin id="142" dir="0" index="0" bw="32" slack="0"/>
<pin id="143" dir="0" index="1" bw="1" slack="0"/>
<pin id="144" dir="1" index="2" bw="32" slack="0"/>
</pin_list>
<bind>
<opcode="add(8) " fcode="add"/>
<opset="add_ln786/2 "/>
</bind>
</comp>

<comp id="147" class="1004" name="phi_mul_load_load_fu_147">
<pin_list>
<pin id="148" dir="0" index="0" bw="64" slack="1"/>
<pin id="149" dir="1" index="1" bw="64" slack="0"/>
</pin_list>
<bind>
<opcode="load(27) " fcode="load"/>
<opset="phi_mul_load/2 "/>
</bind>
</comp>

<comp id="150" class="1004" name="add_ln788_fu_150">
<pin_list>
<pin id="151" dir="0" index="0" bw="64" slack="0"/>
<pin id="152" dir="0" index="1" bw="32" slack="1"/>
<pin id="153" dir="1" index="2" bw="64" slack="0"/>
</pin_list>
<bind>
<opcode="add(8) " fcode="add"/>
<opset="add_ln788/2 "/>
</bind>
</comp>

<comp id="155" class="1004" name="chunk_fu_155">
<pin_list>
<pin id="156" dir="0" index="0" bw="64" slack="0"/>
<pin id="157" dir="0" index="1" bw="64" slack="1"/>
<pin id="158" dir="1" index="2" bw="64" slack="1"/>
</pin_list>
<bind>
<opcode="add(8) " fcode="add"/>
<opset="chunk/2 "/>
</bind>
</comp>

<comp id="160" class="1004" name="shl_ln_fu_160">
<pin_list>
<pin id="161" dir="0" index="0" bw="37" slack="0"/>
<pin id="162" dir="0" index="1" bw="32" slack="0"/>
<pin id="163" dir="0" index="2" bw="1" slack="0"/>
<pin id="164" dir="1" index="3" bw="37" slack="0"/>
</pin_list>
<bind>
<opcode="bitconcatenate(1004) " fcode="bitconcatenate"/>
<opset="shl_ln/2 "/>
</bind>
</comp>

<comp id="168" class="1004" name="zext_ln789_fu_168">
<pin_list>
<pin id="169" dir="0" index="0" bw="37" slack="0"/>
<pin id="170" dir="1" index="1" bw="64" slack="0"/>
</pin_list>
<bind>
<opcode="zext(34) " fcode="zext"/>
<opset="zext_ln789/2 "/>
</bind>
</comp>

<comp id="172" class="1004" name="digest_out_fu_172">
<pin_list>
<pin id="173" dir="0" index="0" bw="37" slack="0"/>
<pin id="174" dir="0" index="1" bw="64" slack="1"/>
<pin id="175" dir="1" index="2" bw="64" slack="1"/>
</pin_list>
<bind>
<opcode="add(8) " fcode="add"/>
<opset="digest_out/2 "/>
</bind>
</comp>

<comp id="177" class="1004" name="store_ln786_store_fu_177">
<pin_list>
<pin id="178" dir="0" index="0" bw="32" slack="0"/>
<pin id="179" dir="0" index="1" bw="32" slack="1"/>
<pin id="180" dir="1" index="2" bw="0" slack="2147483647"/>
</pin_list>
<bind>
<opcode="store(28) " fcode="store"/>
<opset="store_ln786/2 "/>
</bind>
</comp>

<comp id="182" class="1004" name="store_ln786_store_fu_182">
<pin_list>
<pin id="183" dir="0" index="0" bw="64" slack="0"/>
<pin id="184" dir="0" index="1" bw="64" slack="1"/>
<pin id="185" dir="1" index="2" bw="0" slack="2147483647"/>
</pin_list>
<bind>
<opcode="store(28) " fcode="store"/>
<opset="store_ln786/2 "/>
</bind>
</comp>

<comp id="187" class="1005" name="phi_mul_reg_187">
<pin_list>
<pin id="188" dir="0" index="0" bw="64" slack="0"/>
<pin id="189" dir="1" index="1" bw="64" slack="0"/>
</pin_list>
<bind>
<opset="phi_mul "/>
</bind>
</comp>

<comp id="194" class="1005" name="c_reg_194">
<pin_list>
<pin id="195" dir="0" index="0" bw="32" slack="0"/>
<pin id="196" dir="1" index="1" bw="32" slack="0"/>
</pin_list>
<bind>
<opset="c "/>
</bind>
</comp>

<comp id="201" class="1005" name="chunkSize_read_reg_201">
<pin_list>
<pin id="202" dir="0" index="0" bw="32" slack="2"/>
<pin id="203" dir="1" index="1" bw="32" slack="2"/>
</pin_list>
<bind>
<opset="chunkSize_read "/>
</bind>
</comp>

<comp id="206" class="1005" name="numChunks_read_reg_206">
<pin_list>
<pin id="207" dir="0" index="0" bw="32" slack="1"/>
<pin id="208" dir="1" index="1" bw="32" slack="1"/>
</pin_list>
<bind>
<opset="numChunks_read "/>
</bind>
</comp>

<comp id="211" class="1005" name="crc_out_read_reg_211">
<pin_list>
<pin id="212" dir="0" index="0" bw="64" slack="1"/>
<pin id="213" dir="1" index="1" bw="64" slack="1"/>
</pin_list>
<bind>
<opset="crc_out_read "/>
</bind>
</comp>

<comp id="216" class="1005" name="data_in_read_reg_216">
<pin_list>
<pin id="217" dir="0" index="0" bw="64" slack="1"/>
<pin id="218" dir="1" index="1" bw="64" slack="1"/>
</pin_list>
<bind>
<opset="data_in_read "/>
</bind>
</comp>

<comp id="221" class="1005" name="conv1_i_reg_221">
<pin_list>
<pin id="222" dir="0" index="0" bw="64" slack="1"/>
<pin id="223" dir="1" index="1" bw="64" slack="1"/>
</pin_list>
<bind>
<opset="conv1_i "/>
</bind>
</comp>

<comp id="229" class="1005" name="chunk_reg_229">
<pin_list>
<pin id="230" dir="0" index="0" bw="64" slack="1"/>
<pin id="231" dir="1" index="1" bw="64" slack="1"/>
</pin_list>
<bind>
<opset="chunk "/>
</bind>
</comp>

<comp id="234" class="1005" name="digest_out_reg_234">
<pin_list>
<pin id="235" dir="0" index="0" bw="64" slack="1"/>
<pin id="236" dir="1" index="1" bw="64" slack="1"/>
</pin_list>
<bind>
<opset="digest_out "/>
</bind>
</comp>

</comp_list>

<net_list>
<net id="79"><net_src comp="12" pin="0"/><net_sink comp="76" pin=0"/></net>

<net id="83"><net_src comp="12" pin="0"/><net_sink comp="80" pin=0"/></net>

<net id="88"><net_src comp="60" pin="0"/><net_sink comp="84" pin=0"/></net>

<net id="89"><net_src comp="8" pin="0"/><net_sink comp="84" pin=1"/></net>

<net id="94"><net_src comp="60" pin="0"/><net_sink comp="90" pin=0"/></net>

<net id="95"><net_src comp="6" pin="0"/><net_sink comp="90" pin=1"/></net>

<net id="100"><net_src comp="62" pin="0"/><net_sink comp="96" pin=0"/></net>

<net id="101"><net_src comp="4" pin="0"/><net_sink comp="96" pin=1"/></net>

<net id="106"><net_src comp="62" pin="0"/><net_sink comp="102" pin=0"/></net>

<net id="107"><net_src comp="2" pin="0"/><net_sink comp="102" pin=1"/></net>

<net id="116"><net_src comp="70" pin="0"/><net_sink comp="108" pin=0"/></net>

<net id="117"><net_src comp="0" pin="0"/><net_sink comp="108" pin=1"/></net>

<net id="118"><net_src comp="10" pin="0"/><net_sink comp="108" pin=5"/></net>

<net id="122"><net_src comp="84" pin="2"/><net_sink comp="119" pin=0"/></net>

<net id="127"><net_src comp="20" pin="0"/><net_sink comp="123" pin=0"/></net>

<net id="132"><net_src comp="64" pin="0"/><net_sink comp="128" pin=0"/></net>

<net id="140"><net_src comp="133" pin="1"/><net_sink comp="136" pin=0"/></net>

<net id="145"><net_src comp="133" pin="1"/><net_sink comp="141" pin=0"/></net>

<net id="146"><net_src comp="12" pin="0"/><net_sink comp="141" pin=1"/></net>

<net id="154"><net_src comp="147" pin="1"/><net_sink comp="150" pin=0"/></net>

<net id="159"><net_src comp="147" pin="1"/><net_sink comp="155" pin=0"/></net>

<net id="165"><net_src comp="66" pin="0"/><net_sink comp="160" pin=0"/></net>

<net id="166"><net_src comp="133" pin="1"/><net_sink comp="160" pin=1"/></net>

<net id="167"><net_src comp="68" pin="0"/><net_sink comp="160" pin=2"/></net>

<net id="171"><net_src comp="160" pin="3"/><net_sink comp="168" pin=0"/></net>

<net id="176"><net_src comp="168" pin="1"/><net_sink comp="172" pin=0"/></net>

<net id="181"><net_src comp="141" pin="2"/><net_sink comp="177" pin=0"/></net>

<net id="186"><net_src comp="150" pin="2"/><net_sink comp="182" pin=0"/></net>

<net id="190"><net_src comp="76" pin="1"/><net_sink comp="187" pin=0"/></net>

<net id="191"><net_src comp="187" pin="1"/><net_sink comp="128" pin=1"/></net>

<net id="192"><net_src comp="187" pin="1"/><net_sink comp="147" pin=0"/></net>

<net id="193"><net_src comp="187" pin="1"/><net_sink comp="182" pin=1"/></net>

<net id="197"><net_src comp="80" pin="1"/><net_sink comp="194" pin=0"/></net>

<net id="198"><net_src comp="194" pin="1"/><net_sink comp="123" pin=1"/></net>

<net id="199"><net_src comp="194" pin="1"/><net_sink comp="133" pin=0"/></net>

<net id="200"><net_src comp="194" pin="1"/><net_sink comp="177" pin=1"/></net>

<net id="204"><net_src comp="84" pin="2"/><net_sink comp="201" pin=0"/></net>

<net id="205"><net_src comp="201" pin="1"/><net_sink comp="108" pin=3"/></net>

<net id="209"><net_src comp="90" pin="2"/><net_sink comp="206" pin=0"/></net>

<net id="210"><net_src comp="206" pin="1"/><net_sink comp="136" pin=1"/></net>

<net id="214"><net_src comp="96" pin="2"/><net_sink comp="211" pin=0"/></net>

<net id="215"><net_src comp="211" pin="1"/><net_sink comp="172" pin=1"/></net>

<net id="219"><net_src comp="102" pin="2"/><net_sink comp="216" pin=0"/></net>

<net id="220"><net_src comp="216" pin="1"/><net_sink comp="155" pin=1"/></net>

<net id="224"><net_src comp="119" pin="1"/><net_sink comp="221" pin=0"/></net>

<net id="225"><net_src comp="221" pin="1"/><net_sink comp="150" pin=1"/></net>

<net id="232"><net_src comp="155" pin="2"/><net_sink comp="229" pin=0"/></net>

<net id="233"><net_src comp="229" pin="1"/><net_sink comp="108" pin=2"/></net>

<net id="237"><net_src comp="172" pin="2"/><net_sink comp="234" pin=0"/></net>

<net id="238"><net_src comp="234" pin="1"/><net_sink comp="108" pin=4"/></net>

</net_list>

</model> 
---------------- Datapath Model END ------------------

* FSMD analyzer results:
  - Output states:
	Port: gmem0 | {3 4 }
 - Input state : 
	Port: calculate_sha256 : gmem0 | {3 4 }
	Port: calculate_sha256 : data_in | {1 }
	Port: calculate_sha256 : crc_out | {1 }
	Port: calculate_sha256 : numChunks | {1 }
	Port: calculate_sha256 : chunkSize | {1 }
	Port: calculate_sha256 : SHA256_K | {3 4 }
  - Chain level:
	State 1
		store_ln786 : 1
		store_ln786 : 1
	State 2
		icmp_ln786 : 1
		add_ln786 : 1
		br_ln786 : 2
		add_ln788 : 1
		chunk : 1
		shl_ln : 1
		zext_ln789 : 2
		digest_out : 3
		store_ln786 : 2
		store_ln786 : 2
	State 3
	State 4


============================================================
+ Verbose Summary: Datapath Resource usage 
============================================================

* Functional unit list:
|----------|-------------------------------------------|---------|---------|---------|---------|---------|
| Operation|              Functional Unit              |   BRAM  |  Delay  |    FF   |   LUT   |   URAM  |
|----------|-------------------------------------------|---------|---------|---------|---------|---------|
|   call   | grp_sha256_process_and_write_chunk_fu_108 |    0    | 50.6995 |  114595 |  152299 |    0    |
|----------|-------------------------------------------|---------|---------|---------|---------|---------|
|          |              add_ln786_fu_141             |    0    |    0    |    0    |    39   |    0    |
|    add   |              add_ln788_fu_150             |    0    |    0    |    0    |    71   |    0    |
|          |                chunk_fu_155               |    0    |    0    |    0    |    71   |    0    |
|          |             digest_out_fu_172             |    0    |    0    |    0    |    71   |    0    |
|----------|-------------------------------------------|---------|---------|---------|---------|---------|
|   icmp   |             icmp_ln786_fu_136             |    0    |    0    |    0    |    20   |    0    |
|----------|-------------------------------------------|---------|---------|---------|---------|---------|
|          |         chunkSize_read_read_fu_84         |    0    |    0    |    0    |    0    |    0    |
|   read   |         numChunks_read_read_fu_90         |    0    |    0    |    0    |    0    |    0    |
|          |          crc_out_read_read_fu_96          |    0    |    0    |    0    |    0    |    0    |
|          |          data_in_read_read_fu_102         |    0    |    0    |    0    |    0    |    0    |
|----------|-------------------------------------------|---------|---------|---------|---------|---------|
|   zext   |               conv1_i_fu_119              |    0    |    0    |    0    |    0    |    0    |
|          |             zext_ln789_fu_168             |    0    |    0    |    0    |    0    |    0    |
|----------|-------------------------------------------|---------|---------|---------|---------|---------|
|bitconcatenate|               shl_ln_fu_160               |    0    |    0    |    0    |    0    |    0    |
|----------|-------------------------------------------|---------|---------|---------|---------|---------|
|   Total  |                                           |    0    | 50.6995 |  114595 |  152571 |    0    |
|----------|-------------------------------------------|---------|---------|---------|---------|---------|

Memories:
+--------+--------+--------+--------+
|        |  BRAM  |   FF   |   LUT  |
+--------+--------+--------+--------+
|SHA256_K|    0   |   32   |   33   |
+--------+--------+--------+--------+
|  Total |    0   |   32   |   33   |
+--------+--------+--------+--------+

* Register list:
+----------------------+--------+
|                      |   FF   |
+----------------------+--------+
|       c_reg_194      |   32   |
|chunkSize_read_reg_201|   32   |
|     chunk_reg_229    |   64   |
|    conv1_i_reg_221   |   64   |
| crc_out_read_reg_211 |   64   |
| data_in_read_reg_216 |   64   |
|  digest_out_reg_234  |   64   |
|numChunks_read_reg_206|   32   |
|    phi_mul_reg_187   |   64   |
+----------------------+--------+
|         Total        |   480  |
+----------------------+--------+

* Multiplexer (MUX) list: 
|--------|------|------|------|--------|
|  Comp  |  Pin | Size |  BW  | S x BW |
|--------|------|------|------|--------|
|  Total |      |      |      |    0   |
|--------|------|------|------|--------|



* Summary:
+-----------+--------+--------+--------+--------+--------+
|           |  BRAM  |  Delay |   FF   |   LUT  |  URAM  |
+-----------+--------+--------+--------+--------+--------+
|  Function |    0   |   50   | 114595 | 152571 |    0   |
|   Memory  |    0   |    -   |   32   |   33   |    -   |
|Multiplexer|    -   |    -   |    -   |    -   |    -   |
|  Register |    -   |    -   |   480  |    -   |    -   |
+-----------+--------+--------+--------+--------+--------+
|   Total   |    0   |   50   | 115107 | 152604 |    0   |
+-----------+--------+--------+--------+--------+--------+
