

================================================================
== Vitis HLS Report for 'calculate_sha256'
================================================================
* Date:           Thu Apr  2 18:19:32 2026

* Version:        2022.1 (Build 3526262 on Mon Apr 18 15:47:01 MDT 2022)
* Project:        calculate_sha256
* Solution:       solution (Vitis Kernel Flow Target)
* Product family: virtexuplus
* Target device:  xcu280-fsvh2892-2L-e


================================================================
== Performance Estimates
================================================================
+ Timing: 
    * Summary: 
    +--------+---------+----------+------------+
    |  Clock |  Target | Estimated| Uncertainty|
    +--------+---------+----------+------------+
    |ap_clk  |  3.33 ns|  2.939 ns|     0.90 ns|
    +--------+---------+----------+------------+

+ Latency: 
    * Summary: 
    +---------+---------+----------+----------+-----+-----+---------+
    |  Latency (cycles) |  Latency (absolute) |  Interval | Pipeline|
    |   min   |   max   |    min   |    max   | min | max |   Type  |
    +---------+---------+----------+----------+-----+-----+---------+
    |        ?|        ?|         ?|         ?|    ?|    ?|       no|
    +---------+---------+----------+----------+-----+-----+---------+

    + Detail: 
        * Instance: 
        N/A

        * Loop: 
        +-------------------+---------+---------+----------+-----------+-----------+------+----------+
        |                   |  Latency (cycles) | Iteration|  Initiation Interval  | Trip |          |
        |     Loop Name     |   min   |   max   |  Latency |  achieved |   target  | Count| Pipelined|
        +-------------------+---------+---------+----------+-----------+-----------+------+----------+
        |- hash_chunk_loop  |        ?|        ?|   276 ~ ?|          -|          -|     ?|        no|
        +-------------------+---------+---------+----------+-----------+-----------+------+----------+

============================================================
+ Verbose Summary: Synthesis Manager
============================================================
InlineROM: 1
ExposeGlobal: 0
============================================================
+ Verbose Summary: CDFG Model
============================================================
IsTopModel: 1
ResetActiveHigh: 1
IsCombinational: 0
IsDatapathOnly: 0
HasWiredReturn: 1
HasMFsm: 0
HasVarLatency: 1
IsPipeline: 0
IsRtlPipelined: 0
IsInstanceOverlapped: 0
IsDontTouch: 0
HasImplIP: 0
IsGatedGlobalClock: 0


============================================================
+ Verbose Summary: Schedule
============================================================
* Number of FSM states : 4
* Pipeline : 0
* Dataflow Pipeline: 0

* FSM state transitions: 
1 --> 2 
2 --> 3 
3 --> 4 
4 --> 2 

* FSM state operations: 

State 1 <SV = 0> <Delay = 1.00>
ST_1 : Operation 5 [1/1] (0.00ns)   --->   "%phi_mul = alloca i32 1"   --->   Operation 5 'alloca' 'phi_mul' <Predicate = true> <Delay = 0.00>
ST_1 : Operation 6 [1/1] (0.00ns)   --->   "%c = alloca i32 1"   --->   Operation 6 'alloca' 'c' <Predicate = true> <Delay = 0.00>
ST_1 : Operation 7 [1/1] (0.00ns)   --->   "%spectopmodule_ln843 = spectopmodule void @_ssdm_op_SpecTopModule, void @empty_11" [/home/efrink/mled/split_cu/U280_CRC_Accelerator/src/kernel.cpp:843]   --->   Operation 7 'spectopmodule' 'spectopmodule_ln843' <Predicate = true> <Delay = 0.00>
ST_1 : Operation 8 [1/1] (0.00ns)   --->   "%specinterface_ln843 = specinterface void @_ssdm_op_SpecInterface, i32 0, void @empty_12, i32 0, i32 0, void @empty, i32 0, i32 0, void @empty, void @empty, void @empty, i32 0, i32 0, i32 0, i32 0, void @empty, void @empty, i32 4294967295, i32 0" [/home/efrink/mled/split_cu/U280_CRC_Accelerator/src/kernel.cpp:843]   --->   Operation 8 'specinterface' 'specinterface_ln843' <Predicate = true> <Delay = 0.00>
ST_1 : Operation 9 [1/1] (0.00ns)   --->   "%specinterface_ln0 = specinterface void @_ssdm_op_SpecInterface, i512 %gmem0, void @empty_16, i32 0, i32 0, void @empty, i32 64, i32 1024, void @empty_0, void @empty_1, void @empty, i32 16, i32 16, i32 16, i32 16, void @empty, void @empty, i32 4294967295, i32 0"   --->   Operation 9 'specinterface' 'specinterface_ln0' <Predicate = true> <Delay = 0.00>
ST_1 : Operation 10 [1/1] (0.00ns)   --->   "%specbitsmap_ln0 = specbitsmap void @_ssdm_op_SpecBitsMap, i512 %gmem0"   --->   Operation 10 'specbitsmap' 'specbitsmap_ln0' <Predicate = true> <Delay = 0.00>
ST_1 : Operation 11 [1/1] (0.00ns)   --->   "%specinterface_ln0 = specinterface void @_ssdm_op_SpecInterface, i64 %data_in, void @empty_2, i32 0, i32 0, void @empty, i32 0, i32 0, void @empty_3, void @empty_4, void @empty, i32 0, i32 0, i32 0, i32 0, void @empty, void @empty_5, i32 4294967295, i32 0"   --->   Operation 11 'specinterface' 'specinterface_ln0' <Predicate = true> <Delay = 0.00>
ST_1 : Operation 12 [1/1] (0.00ns)   --->   "%specinterface_ln0 = specinterface void @_ssdm_op_SpecInterface, i64 %data_in, void @empty_6, i32 0, i32 0, void @empty, i32 0, i32 0, void @empty, void @empty, void @empty, i32 0, i32 0, i32 0, i32 0, void @empty, void @empty_5, i32 4294967295, i32 0"   --->   Operation 12 'specinterface' 'specinterface_ln0' <Predicate = true> <Delay = 0.00>
ST_1 : Operation 13 [1/1] (0.00ns)   --->   "%specinterface_ln0 = specinterface void @_ssdm_op_SpecInterface, i64 %crc_out, void @empty_2, i32 0, i32 0, void @empty, i32 0, i32 0, void @empty_3, void @empty_7, void @empty, i32 0, i32 0, i32 0, i32 0, void @empty, void @empty_5, i32 4294967295, i32 0"   --->   Operation 13 'specinterface' 'specinterface_ln0' <Predicate = true> <Delay = 0.00>
ST_1 : Operation 14 [1/1] (0.00ns)   --->   "%specinterface_ln0 = specinterface void @_ssdm_op_SpecInterface, i64 %crc_out, void @empty_6, i32 0, i32 0, void @empty, i32 0, i32 0, void @empty, void @empty, void @empty, i32 0, i32 0, i32 0, i32 0, void @empty, void @empty_5, i32 4294967295, i32 0"   --->   Operation 14 'specinterface' 'specinterface_ln0' <Predicate = true> <Delay = 0.00>
ST_1 : Operation 15 [1/1] (0.00ns)   --->   "%specbitsmap_ln0 = specbitsmap void @_ssdm_op_SpecBitsMap, i32 %numChunks"   --->   Operation 15 'specbitsmap' 'specbitsmap_ln0' <Predicate = true> <Delay = 0.00>
ST_1 : Operation 16 [1/1] (0.00ns)   --->   "%specinterface_ln0 = specinterface void @_ssdm_op_SpecInterface, i32 %numChunks, void @empty_2, i32 0, i32 0, void @empty, i32 0, i32 0, void @empty_3, void @empty_8, void @empty, i32 0, i32 0, i32 0, i32 0, void @empty, void @empty, i32 4294967295, i32 0"   --->   Operation 16 'specinterface' 'specinterface_ln0' <Predicate = true> <Delay = 0.00>
ST_1 : Operation 17 [1/1] (0.00ns)   --->   "%specinterface_ln0 = specinterface void @_ssdm_op_SpecInterface, i32 %numChunks, void @empty_9, i32 0, i32 0, void @empty, i32 0, i32 0, void @empty, void @empty, void @empty, i32 0, i32 0, i32 0, i32 0, void @empty, void @empty, i32 4294967295, i32 0"   --->   Operation 17 'specinterface' 'specinterface_ln0' <Predicate = true> <Delay = 0.00>
ST_1 : Operation 18 [1/1] (0.00ns)   --->   "%specbitsmap_ln0 = specbitsmap void @_ssdm_op_SpecBitsMap, i32 %chunkSize"   --->   Operation 18 'specbitsmap' 'specbitsmap_ln0' <Predicate = true> <Delay = 0.00>
ST_1 : Operation 19 [1/1] (0.00ns)   --->   "%specinterface_ln0 = specinterface void @_ssdm_op_SpecInterface, i32 %chunkSize, void @empty_2, i32 0, i32 0, void @empty, i32 0, i32 0, void @empty_3, void @empty_23, void @empty, i32 0, i32 0, i32 0, i32 0, void @empty, void @empty, i32 4294967295, i32 0"   --->   Operation 19 'specinterface' 'specinterface_ln0' <Predicate = true> <Delay = 0.00>
ST_1 : Operation 20 [1/1] (0.00ns)   --->   "%specinterface_ln0 = specinterface void @_ssdm_op_SpecInterface, i32 %chunkSize, void @empty_9, i32 0, i32 0, void @empty, i32 0, i32 0, void @empty, void @empty, void @empty, i32 0, i32 0, i32 0, i32 0, void @empty, void @empty, i32 4294967295, i32 0"   --->   Operation 20 'specinterface' 'specinterface_ln0' <Predicate = true> <Delay = 0.00>
ST_1 : Operation 21 [1/1] (0.00ns)   --->   "%specinterface_ln0 = specinterface void @_ssdm_op_SpecInterface, i32 0, void @empty_2, i32 0, i32 0, void @empty, i32 0, i32 0, void @empty_3, void @empty, void @empty, i32 0, i32 0, i32 0, i32 0, void @empty, void @empty, i32 4294967295, i32 0"   --->   Operation 21 'specinterface' 'specinterface_ln0' <Predicate = true> <Delay = 0.00>
ST_1 : Operation 22 [1/1] (1.00ns)   --->   "%chunkSize_read = read i32 @_ssdm_op_Read.ap_none.i32, i32 %chunkSize" [/home/efrink/mled/split_cu/U280_CRC_Accelerator/src/kernel.cpp:843]   --->   Operation 22 'read' 'chunkSize_read' <Predicate = true> <Delay = 1.00> <CoreInst = "s_axilite">   --->   Core 122 's_axilite' <Latency = 0> <II = 1> <Delay = 1.00> <Adapter> <Opcode : 'read' 'write'>
ST_1 : Operation 23 [1/1] (1.00ns)   --->   "%numChunks_read = read i32 @_ssdm_op_Read.ap_none.i32, i32 %numChunks" [/home/efrink/mled/split_cu/U280_CRC_Accelerator/src/kernel.cpp:843]   --->   Operation 23 'read' 'numChunks_read' <Predicate = true> <Delay = 1.00> <CoreInst = "s_axilite">   --->   Core 122 's_axilite' <Latency = 0> <II = 1> <Delay = 1.00> <Adapter> <Opcode : 'read' 'write'>
ST_1 : Operation 24 [1/1] (1.00ns)   --->   "%crc_out_read = read i64 @_ssdm_op_Read.s_axilite.i64, i64 %crc_out" [/home/efrink/mled/split_cu/U280_CRC_Accelerator/src/kernel.cpp:843]   --->   Operation 24 'read' 'crc_out_read' <Predicate = true> <Delay = 1.00> <CoreInst = "s_axilite">   --->   Core 122 's_axilite' <Latency = 0> <II = 1> <Delay = 1.00> <Adapter> <Opcode : 'read' 'write'>
ST_1 : Operation 25 [1/1] (1.00ns)   --->   "%data_in_read = read i64 @_ssdm_op_Read.s_axilite.i64, i64 %data_in" [/home/efrink/mled/split_cu/U280_CRC_Accelerator/src/kernel.cpp:843]   --->   Operation 25 'read' 'data_in_read' <Predicate = true> <Delay = 1.00> <CoreInst = "s_axilite">   --->   Core 122 's_axilite' <Latency = 0> <II = 1> <Delay = 1.00> <Adapter> <Opcode : 'read' 'write'>
ST_1 : Operation 26 [1/1] (0.00ns)   --->   "%conv1_i = zext i32 %chunkSize_read" [/home/efrink/mled/split_cu/U280_CRC_Accelerator/src/kernel.cpp:843]   --->   Operation 26 'zext' 'conv1_i' <Predicate = true> <Delay = 0.00>
ST_1 : Operation 27 [1/1] (0.38ns)   --->   "%store_ln786 = store i32 0, i32 %c" [/home/efrink/mled/split_cu/U280_CRC_Accelerator/src/kernel.cpp:786]   --->   Operation 27 'store' 'store_ln786' <Predicate = true> <Delay = 0.38>
ST_1 : Operation 28 [1/1] (0.38ns)   --->   "%store_ln786 = store i64 0, i64 %phi_mul" [/home/efrink/mled/split_cu/U280_CRC_Accelerator/src/kernel.cpp:786]   --->   Operation 28 'store' 'store_ln786' <Predicate = true> <Delay = 0.38>
ST_1 : Operation 29 [1/1] (0.00ns)   --->   "%br_ln786 = br void %for.inc.i" [/home/efrink/mled/split_cu/U280_CRC_Accelerator/src/kernel.cpp:786]   --->   Operation 29 'br' 'br_ln786' <Predicate = true> <Delay = 0.00>

State 2 <SV = 1> <Delay = 1.53>
ST_2 : Operation 30 [1/1] (0.00ns)   --->   "%c_3 = load i32 %c" [/home/efrink/mled/split_cu/U280_CRC_Accelerator/src/kernel.cpp:786]   --->   Operation 30 'load' 'c_3' <Predicate = true> <Delay = 0.00>
ST_2 : Operation 31 [1/1] (0.85ns)   --->   "%icmp_ln786 = icmp_eq  i32 %c_3, i32 %numChunks_read" [/home/efrink/mled/split_cu/U280_CRC_Accelerator/src/kernel.cpp:786]   --->   Operation 31 'icmp' 'icmp_ln786' <Predicate = true> <Delay = 0.85> <CoreInst = "Cmp">   --->   Core 9 'Cmp' <Latency = 0> <II = 1> <Delay = 0.85> <FuncUnit> <Opcode : 'icmp'> <InPorts = 2> <OutPorts = 1>
ST_2 : Operation 32 [1/1] (0.88ns)   --->   "%add_ln786 = add i32 %c_3, i32 1" [/home/efrink/mled/split_cu/U280_CRC_Accelerator/src/kernel.cpp:786]   --->   Operation 32 'add' 'add_ln786' <Predicate = true> <Delay = 0.88> <CoreInst = "Adder">   --->   Core 1 'Adder' <Latency = 0> <II = 1> <Delay = 0.88> <FuncUnit> <Opcode : 'add' 'sub'> <InPorts = 2> <OutPorts = 1>
ST_2 : Operation 33 [1/1] (0.00ns)   --->   "%br_ln786 = br i1 %icmp_ln786, void %for.inc.i.split, void %_ZL12process_hashPK7ap_uintILi512EEPjjj.exit.loopexit" [/home/efrink/mled/split_cu/U280_CRC_Accelerator/src/kernel.cpp:786]   --->   Operation 33 'br' 'br_ln786' <Predicate = true> <Delay = 0.00>
ST_2 : Operation 34 [1/1] (0.00ns)   --->   "%phi_mul_load = load i64 %phi_mul" [/home/efrink/mled/split_cu/U280_CRC_Accelerator/src/kernel.cpp:788]   --->   Operation 34 'load' 'phi_mul_load' <Predicate = (!icmp_ln786)> <Delay = 0.00>
ST_2 : Operation 35 [1/1] (1.14ns)   --->   "%add_ln788 = add i64 %phi_mul_load, i64 %conv1_i" [/home/efrink/mled/split_cu/U280_CRC_Accelerator/src/kernel.cpp:788]   --->   Operation 35 'add' 'add_ln788' <Predicate = (!icmp_ln786)> <Delay = 1.14> <CoreInst = "Adder">   --->   Core 1 'Adder' <Latency = 0> <II = 1> <Delay = 1.14> <FuncUnit> <Opcode : 'add' 'sub'> <InPorts = 2> <OutPorts = 1>
ST_2 : Operation 36 [1/1] (1.14ns)   --->   "%chunk = add i64 %phi_mul_load, i64 %data_in_read" [/home/efrink/mled/split_cu/U280_CRC_Accelerator/src/kernel.cpp:788]   --->   Operation 36 'add' 'chunk' <Predicate = (!icmp_ln786)> <Delay = 1.14> <CoreInst = "Adder">   --->   Core 1 'Adder' <Latency = 0> <II = 1> <Delay = 1.14> <FuncUnit> <Opcode : 'add' 'sub'> <InPorts = 2> <OutPorts = 1>
ST_2 : Operation 37 [1/1] (0.00ns)   --->   "%shl_ln = bitconcatenate i37 @_ssdm_op_BitConcatenate.i37.i32.i5, i32 %c_3, i5 0" [/home/efrink/mled/split_cu/U280_CRC_Accelerator/src/kernel.cpp:789]   --->   Operation 37 'bitconcatenate' 'shl_ln' <Predicate = (!icmp_ln786)> <Delay = 0.00>
ST_2 : Operation 38 [1/1] (0.00ns)   --->   "%zext_ln789 = zext i37 %shl_ln" [/home/efrink/mled/split_cu/U280_CRC_Accelerator/src/kernel.cpp:789]   --->   Operation 38 'zext' 'zext_ln789' <Predicate = (!icmp_ln786)> <Delay = 0.00>
ST_2 : Operation 39 [1/1] (1.14ns)   --->   "%digest_out = add i64 %zext_ln789, i64 %crc_out_read" [/home/efrink/mled/split_cu/U280_CRC_Accelerator/src/kernel.cpp:789]   --->   Operation 39 'add' 'digest_out' <Predicate = (!icmp_ln786)> <Delay = 1.14> <CoreInst = "Adder">   --->   Core 1 'Adder' <Latency = 0> <II = 1> <Delay = 1.14> <FuncUnit> <Opcode : 'add' 'sub'> <InPorts = 2> <OutPorts = 1>
ST_2 : Operation 40 [1/1] (0.38ns)   --->   "%store_ln786 = store i32 %add_ln786, i32 %c" [/home/efrink/mled/split_cu/U280_CRC_Accelerator/src/kernel.cpp:786]   --->   Operation 40 'store' 'store_ln786' <Predicate = (!icmp_ln786)> <Delay = 0.38>
ST_2 : Operation 41 [1/1] (0.38ns)   --->   "%store_ln786 = store i64 %add_ln788, i64 %phi_mul" [/home/efrink/mled/split_cu/U280_CRC_Accelerator/src/kernel.cpp:786]   --->   Operation 41 'store' 'store_ln786' <Predicate = (!icmp_ln786)> <Delay = 0.38>
ST_2 : Operation 42 [1/1] (0.00ns)   --->   "%ret_ln851 = ret" [/home/efrink/mled/split_cu/U280_CRC_Accelerator/src/kernel.cpp:851]   --->   Operation 42 'ret' 'ret_ln851' <Predicate = (icmp_ln786)> <Delay = 0.00>

State 3 <SV = 2> <Delay = 2.43>
ST_3 : Operation 43 [2/2] (2.43ns)   --->   "%call_ln790 = call void @sha256_process_and_write_chunk, i512 %gmem0, i64 %chunk, i32 %chunkSize_read, i64 %digest_out, i32 %SHA256_K" [/home/efrink/mled/split_cu/U280_CRC_Accelerator/src/kernel.cpp:790]   --->   Operation 43 'call' 'call_ln790' <Predicate = true> <Delay = 2.43> <CoreType = "Generic">   --->   Core 0 '' <Latency = 0> <II = 1> <Delay = 1.00> <Generic> <Opcode : >

State 4 <SV = 3> <Delay = 0.00>
ST_4 : Operation 44 [1/1] (0.00ns)   --->   "%specloopname_ln786 = specloopname void @_ssdm_op_SpecLoopName, void @empty_13" [/home/efrink/mled/split_cu/U280_CRC_Accelerator/src/kernel.cpp:786]   --->   Operation 44 'specloopname' 'specloopname_ln786' <Predicate = true> <Delay = 0.00>
ST_4 : Operation 45 [1/2] (0.00ns)   --->   "%call_ln790 = call void @sha256_process_and_write_chunk, i512 %gmem0, i64 %chunk, i32 %chunkSize_read, i64 %digest_out, i32 %SHA256_K" [/home/efrink/mled/split_cu/U280_CRC_Accelerator/src/kernel.cpp:790]   --->   Operation 45 'call' 'call_ln790' <Predicate = true> <Delay = 0.00> <CoreType = "Generic">   --->   Core 0 '' <Latency = 0> <II = 1> <Delay = 1.00> <Generic> <Opcode : >
ST_4 : Operation 46 [1/1] (0.00ns)   --->   "%br_ln786 = br void %for.inc.i" [/home/efrink/mled/split_cu/U280_CRC_Accelerator/src/kernel.cpp:786]   --->   Operation 46 'br' 'br_ln786' <Predicate = true> <Delay = 0.00>


============================================================
+ Verbose Summary: Timing violations
============================================================
Target clock period: 3.33ns, clock uncertainty: 0.9ns.

 <State 1>: 1ns
The critical path consists of the following:
	wire read operation ('chunkSize', /home/efrink/mled/split_cu/U280_CRC_Accelerator/src/kernel.cpp:843) on port 'chunkSize' (/home/efrink/mled/split_cu/U280_CRC_Accelerator/src/kernel.cpp:843) [24]  (1 ns)

 <State 2>: 1.53ns
The critical path consists of the following:
	'load' operation ('phi_mul_load', /home/efrink/mled/split_cu/U280_CRC_Accelerator/src/kernel.cpp:788) on local variable 'phi_mul' [38]  (0 ns)
	'add' operation ('add_ln788', /home/efrink/mled/split_cu/U280_CRC_Accelerator/src/kernel.cpp:788) [40]  (1.15 ns)
	'store' operation ('store_ln786', /home/efrink/mled/split_cu/U280_CRC_Accelerator/src/kernel.cpp:786) of variable 'add_ln788', /home/efrink/mled/split_cu/U280_CRC_Accelerator/src/kernel.cpp:788 on local variable 'phi_mul' [47]  (0.387 ns)

 <State 3>: 2.43ns
The critical path consists of the following:
	'call' operation ('call_ln790', /home/efrink/mled/split_cu/U280_CRC_Accelerator/src/kernel.cpp:790) to 'sha256_process_and_write_chunk' [45]  (2.43 ns)

 <State 4>: 0ns
The critical path consists of the following:


============================================================
+ Verbose Summary: Binding
============================================================
N/A
* FSMD analyzer results:
  - Output states:
 - Input state : 
  - Chain level:
	State 1
	State 2
	State 3
	State 4


============================================================
+ Verbose Summary: Datapath Resource usage 
============================================================
N/A
