

================================================================
== Vitis HLS Report for 'sha256_process_chunk_Pipeline_clear_pad_block'
================================================================
* Date:           Thu Apr  2 18:19:24 2026

* Version:        2022.1 (Build 3526262 on Mon Apr 18 15:47:01 MDT 2022)
* Project:        calculate_sha256
* Solution:       solution (Vitis Kernel Flow Target)
* Product family: virtexuplus
* Target device:  xcu280-fsvh2892-2L-e


================================================================
== Performance Estimates
================================================================
+ Timing: 
    * Summary: 
    +--------+---------+----------+------------+
    |  Clock |  Target | Estimated| Uncertainty|
    +--------+---------+----------+------------+
    |ap_clk  |  3.33 ns|  1.267 ns|     0.90 ns|
    +--------+---------+----------+------------+

+ Latency: 
    * Summary: 
    +---------+---------+----------+----------+-----+-----+---------+
    |  Latency (cycles) |  Latency (absolute) |  Interval | Pipeline|
    |   min   |   max   |    min   |    max   | min | max |   Type  |
    +---------+---------+----------+----------+-----+-----+---------+
    |       66|       66|  0.220 us|  0.220 us|   66|   66|       no|
    +---------+---------+----------+----------+-----+-----+---------+

    + Detail: 
        * Instance: 
        N/A

        * Loop: 
        +-------------------+---------+---------+----------+-----------+-----------+------+----------+
        |                   |  Latency (cycles) | Iteration|  Initiation Interval  | Trip |          |
        |     Loop Name     |   min   |   max   |  Latency |  achieved |   target  | Count| Pipelined|
        +-------------------+---------+---------+----------+-----------+-----------+------+----------+
        |- clear_pad_block  |       64|       64|         1|          1|          1|    64|       yes|
        +-------------------+---------+---------+----------+-----------+-----------+------+----------+

============================================================
+ Verbose Summary: Synthesis Manager
============================================================
InlineROM: 1
ExposeGlobal: 0
============================================================
+ Verbose Summary: CDFG Model
============================================================
IsTopModel: 0
ResetActiveHigh: 1
IsCombinational: 0
IsDatapathOnly: 0
HasWiredReturn: 1
HasMFsm: 2
HasVarLatency: 1
IsPipeline: 0
IsRtlPipelined: 0
IsInstanceOverlapped: 0
IsDontTouch: 0
HasImplIP: 0
IsGatedGlobalClock: 0

+ Individual pipeline summary: 
  * Pipeline-0: initiation interval (II) = 1, depth = 1


============================================================
+ Verbose Summary: Schedule
============================================================
* Number of FSM states : 1
* Pipeline : 1
  Pipeline-0 : II = 1, D = 1, States = { 1 }
* Dataflow Pipeline: 0

* FSM state transitions: 
1 --> 

* FSM state operations: 

State 1 <SV = 0> <Delay = 1.26>
ST_1 : Operation 4 [1/1] (0.00ns)   --->   "%i = alloca i32 1"   --->   Operation 4 'alloca' 'i' <Predicate = true> <Delay = 0.00>
ST_1 : Operation 5 [1/1] (0.38ns)   --->   "%store_ln0 = store i7 0, i7 %i"   --->   Operation 5 'store' 'store_ln0' <Predicate = true> <Delay = 0.38>
ST_1 : Operation 6 [1/1] (0.00ns)   --->   "%br_ln0 = br void %for.inc31"   --->   Operation 6 'br' 'br_ln0' <Predicate = true> <Delay = 0.00>
ST_1 : Operation 7 [1/1] (0.00ns)   --->   "%i_4 = load i7 %i" [/home/efrink/mled/split_cu/U280_CRC_Accelerator/src/kernel.cpp:252]   --->   Operation 7 'load' 'i_4' <Predicate = true> <Delay = 0.00>
ST_1 : Operation 8 [1/1] (0.59ns)   --->   "%icmp_ln252 = icmp_eq  i7 %i_4, i7 64" [/home/efrink/mled/split_cu/U280_CRC_Accelerator/src/kernel.cpp:252]   --->   Operation 8 'icmp' 'icmp_ln252' <Predicate = true> <Delay = 0.59> <CoreInst = "Cmp">   --->   Core 9 'Cmp' <Latency = 0> <II = 1> <Delay = 0.59> <FuncUnit> <Opcode : 'icmp'> <InPorts = 2> <OutPorts = 1>
ST_1 : Operation 9 [1/1] (0.00ns)   --->   "%empty = speclooptripcount i32 @_ssdm_op_SpecLoopTripCount, i64 64, i64 64, i64 64"   --->   Operation 9 'speclooptripcount' 'empty' <Predicate = true> <Delay = 0.00>
ST_1 : Operation 10 [1/1] (0.70ns)   --->   "%add_ln252 = add i7 %i_4, i7 1" [/home/efrink/mled/split_cu/U280_CRC_Accelerator/src/kernel.cpp:252]   --->   Operation 10 'add' 'add_ln252' <Predicate = true> <Delay = 0.70> <CoreInst = "Adder">   --->   Core 1 'Adder' <Latency = 0> <II = 1> <Delay = 0.70> <FuncUnit> <Opcode : 'add' 'sub'> <InPorts = 2> <OutPorts = 1>
ST_1 : Operation 11 [1/1] (0.00ns)   --->   "%br_ln252 = br i1 %icmp_ln252, void %for.inc31.split, void %copy_remainder.exitStub" [/home/efrink/mled/split_cu/U280_CRC_Accelerator/src/kernel.cpp:252]   --->   Operation 11 'br' 'br_ln252' <Predicate = true> <Delay = 0.00>
ST_1 : Operation 12 [1/1] (0.00ns)   --->   "%zext_ln252 = zext i7 %i_4" [/home/efrink/mled/split_cu/U280_CRC_Accelerator/src/kernel.cpp:252]   --->   Operation 12 'zext' 'zext_ln252' <Predicate = (!icmp_ln252)> <Delay = 0.00>
ST_1 : Operation 13 [1/1] (0.00ns)   --->   "%specpipeline_ln254 = specpipeline void @_ssdm_op_SpecPipeline, i32 1, i32 0, i32 0, i32 0, void @empty" [/home/efrink/mled/split_cu/U280_CRC_Accelerator/src/kernel.cpp:254]   --->   Operation 13 'specpipeline' 'specpipeline_ln254' <Predicate = (!icmp_ln252)> <Delay = 0.00>
ST_1 : Operation 14 [1/1] (0.00ns)   --->   "%specloopname_ln252 = specloopname void @_ssdm_op_SpecLoopName, void @empty_20" [/home/efrink/mled/split_cu/U280_CRC_Accelerator/src/kernel.cpp:252]   --->   Operation 14 'specloopname' 'specloopname_ln252' <Predicate = (!icmp_ln252)> <Delay = 0.00>
ST_1 : Operation 15 [1/1] (0.00ns)   --->   "%pad_block_addr = getelementptr i8 %pad_block, i64 0, i64 %zext_ln252" [/home/efrink/mled/split_cu/U280_CRC_Accelerator/src/kernel.cpp:255]   --->   Operation 15 'getelementptr' 'pad_block_addr' <Predicate = (!icmp_ln252)> <Delay = 0.00>
ST_1 : Operation 16 [1/1] (0.66ns)   --->   "%store_ln255 = store i8 0, i6 %pad_block_addr" [/home/efrink/mled/split_cu/U280_CRC_Accelerator/src/kernel.cpp:255]   --->   Operation 16 'store' 'store_ln255' <Predicate = (!icmp_ln252)> <Delay = 0.66> <CoreInst = "RAM">   --->   Core 83 'RAM' <Latency = 1> <II = 1> <Delay = 0.66> <Storage> <Opcode : 'load' 'store'> <Ports = 2> <Width = 8> <Depth = 64> <RAM>
ST_1 : Operation 17 [1/1] (0.38ns)   --->   "%store_ln252 = store i7 %add_ln252, i7 %i" [/home/efrink/mled/split_cu/U280_CRC_Accelerator/src/kernel.cpp:252]   --->   Operation 17 'store' 'store_ln252' <Predicate = (!icmp_ln252)> <Delay = 0.38>
ST_1 : Operation 18 [1/1] (0.00ns)   --->   "%br_ln252 = br void %for.inc31" [/home/efrink/mled/split_cu/U280_CRC_Accelerator/src/kernel.cpp:252]   --->   Operation 18 'br' 'br_ln252' <Predicate = (!icmp_ln252)> <Delay = 0.00>
ST_1 : Operation 19 [1/1] (0.00ns)   --->   "%ret_ln0 = ret"   --->   Operation 19 'ret' 'ret_ln0' <Predicate = (icmp_ln252)> <Delay = 0.00>


============================================================
+ Verbose Summary: Timing violations
============================================================
Target clock period: 3.33ns, clock uncertainty: 0.9ns.

 <State 1>: 1.27ns
The critical path consists of the following:
	'alloca' operation ('i') [2]  (0 ns)
	'load' operation ('i', /home/efrink/mled/split_cu/U280_CRC_Accelerator/src/kernel.cpp:252) on local variable 'i' [6]  (0 ns)
	'add' operation ('add_ln252', /home/efrink/mled/split_cu/U280_CRC_Accelerator/src/kernel.cpp:252) [9]  (0.706 ns)
	'store' operation ('store_ln252', /home/efrink/mled/split_cu/U280_CRC_Accelerator/src/kernel.cpp:252) of variable 'add_ln252', /home/efrink/mled/split_cu/U280_CRC_Accelerator/src/kernel.cpp:252 on local variable 'i' [17]  (0.387 ns)
	blocking operation 0.174 ns on control path)


============================================================
+ Verbose Summary: Binding
============================================================
N/A
* FSMD analyzer results:
  - Output states:
 - Input state : 
  - Chain level:
	State 1


============================================================
+ Verbose Summary: Datapath Resource usage 
============================================================
N/A
