

================================================================
== Vitis HLS Report for 'sha256_process_and_write_chunk_Pipeline_write_digest'
================================================================
* Date:           Thu Apr  2 18:19:31 2026

* Version:        2022.1 (Build 3526262 on Mon Apr 18 15:47:01 MDT 2022)
* Project:        calculate_sha256
* Solution:       solution (Vitis Kernel Flow Target)
* Product family: virtexuplus
* Target device:  xcu280-fsvh2892-2L-e


================================================================
== Performance Estimates
================================================================
+ Timing: 
    * Summary: 
    +--------+---------+----------+------------+
    |  Clock |  Target | Estimated| Uncertainty|
    +--------+---------+----------+------------+
    |ap_clk  |  3.33 ns|  1.095 ns|     0.90 ns|
    +--------+---------+----------+------------+

+ Latency: 
    * Summary: 
    +---------+---------+-----------+-----------+-----+-----+---------+
    |  Latency (cycles) |   Latency (absolute)  |  Interval | Pipeline|
    |   min   |   max   |    min    |    max    | min | max |   Type  |
    +---------+---------+-----------+-----------+-----+-----+---------+
    |       10|       10|  33.330 ns|  33.330 ns|   10|   10|       no|
    +---------+---------+-----------+-----------+-----+-----+---------+

    + Detail: 
        * Instance: 
        N/A

        * Loop: 
        +----------------+---------+---------+----------+-----------+-----------+------+----------+
        |                |  Latency (cycles) | Iteration|  Initiation Interval  | Trip |          |
        |    Loop Name   |   min   |   max   |  Latency |  achieved |   target  | Count| Pipelined|
        +----------------+---------+---------+----------+-----------+-----------+------+----------+
        |- write_digest  |        8|        8|         1|          1|          1|     8|       yes|
        +----------------+---------+---------+----------+-----------+-----------+------+----------+

============================================================
+ Verbose Summary: Synthesis Manager
============================================================
InlineROM: 1
ExposeGlobal: 0
============================================================
+ Verbose Summary: CDFG Model
============================================================
IsTopModel: 0
ResetActiveHigh: 1
IsCombinational: 0
IsDatapathOnly: 0
HasWiredReturn: 1
HasMFsm: 2
HasVarLatency: 1
IsPipeline: 0
IsRtlPipelined: 0
IsInstanceOverlapped: 0
IsDontTouch: 0
HasImplIP: 0
IsGatedGlobalClock: 0

+ Individual pipeline summary: 
  * Pipeline-0: initiation interval (II) = 1, depth = 2


============================================================
+ Verbose Summary: Schedule
============================================================
* Number of FSM states : 2
* Pipeline : 1
  Pipeline-0 : II = 1, D = 2, States = { 1 2 }
* Dataflow Pipeline: 0

* FSM state transitions: 
1 --> 2 
2 --> 

* FSM state operations: 

State 1 <SV = 0> <Delay = 0.38>
ST_1 : Operation 4 [1/1] (0.00ns)   --->   "%shiftreg = alloca i32 1"   --->   Operation 4 'alloca' 'shiftreg' <Predicate = true> <Delay = 0.00>
ST_1 : Operation 5 [1/1] (0.00ns)   --->   "%i = alloca i32 1"   --->   Operation 5 'alloca' 'i' <Predicate = true> <Delay = 0.00>
ST_1 : Operation 6 [1/1] (0.00ns)   --->   "%digest_7_read = read i32 @_ssdm_op_Read.ap_auto.i32, i32 %digest_7"   --->   Operation 6 'read' 'digest_7_read' <Predicate = true> <Delay = 0.00>
ST_1 : Operation 7 [1/1] (0.00ns)   --->   "%digest_6_read = read i32 @_ssdm_op_Read.ap_auto.i32, i32 %digest_6"   --->   Operation 7 'read' 'digest_6_read' <Predicate = true> <Delay = 0.00>
ST_1 : Operation 8 [1/1] (0.00ns)   --->   "%digest_5_read = read i32 @_ssdm_op_Read.ap_auto.i32, i32 %digest_5"   --->   Operation 8 'read' 'digest_5_read' <Predicate = true> <Delay = 0.00>
ST_1 : Operation 9 [1/1] (0.00ns)   --->   "%digest_4_read = read i32 @_ssdm_op_Read.ap_auto.i32, i32 %digest_4"   --->   Operation 9 'read' 'digest_4_read' <Predicate = true> <Delay = 0.00>
ST_1 : Operation 10 [1/1] (0.00ns)   --->   "%digest_3_read = read i32 @_ssdm_op_Read.ap_auto.i32, i32 %digest_3"   --->   Operation 10 'read' 'digest_3_read' <Predicate = true> <Delay = 0.00>
ST_1 : Operation 11 [1/1] (0.00ns)   --->   "%digest_2_read = read i32 @_ssdm_op_Read.ap_auto.i32, i32 %digest_2"   --->   Operation 11 'read' 'digest_2_read' <Predicate = true> <Delay = 0.00>
ST_1 : Operation 12 [1/1] (0.00ns)   --->   "%digest_1_read = read i32 @_ssdm_op_Read.ap_auto.i32, i32 %digest_1"   --->   Operation 12 'read' 'digest_1_read' <Predicate = true> <Delay = 0.00>
ST_1 : Operation 13 [1/1] (0.00ns)   --->   "%digest_read = read i32 @_ssdm_op_Read.ap_auto.i32, i32 %digest"   --->   Operation 13 'read' 'digest_read' <Predicate = true> <Delay = 0.00>
ST_1 : Operation 14 [1/1] (0.38ns)   --->   "%store_ln0 = store i4 0, i4 %i"   --->   Operation 14 'store' 'store_ln0' <Predicate = true> <Delay = 0.38>
ST_1 : Operation 15 [1/1] (0.38ns)   --->   "%store_ln0 = store i256 0, i256 %shiftreg"   --->   Operation 15 'store' 'store_ln0' <Predicate = true> <Delay = 0.38>
ST_1 : Operation 16 [1/1] (0.00ns)   --->   "%br_ln0 = br void %for.inc"   --->   Operation 16 'br' 'br_ln0' <Predicate = true> <Delay = 0.00>

State 2 <SV = 1> <Delay = 1.09>
ST_2 : Operation 17 [1/1] (0.00ns)   --->   "%i_5 = load i4 %i" [/home/efrink/mled/split_cu/U280_CRC_Accelerator/src/kernel.cpp:204]   --->   Operation 17 'load' 'i_5' <Predicate = true> <Delay = 0.00>
ST_2 : Operation 18 [1/1] (0.65ns)   --->   "%icmp_ln204 = icmp_eq  i4 %i_5, i4 8" [/home/efrink/mled/split_cu/U280_CRC_Accelerator/src/kernel.cpp:204]   --->   Operation 18 'icmp' 'icmp_ln204' <Predicate = true> <Delay = 0.65> <CoreInst = "Cmp">   --->   Core 9 'Cmp' <Latency = 0> <II = 1> <Delay = 0.65> <FuncUnit> <Opcode : 'icmp'> <InPorts = 2> <OutPorts = 1>
ST_2 : Operation 19 [1/1] (0.00ns)   --->   "%empty = speclooptripcount i32 @_ssdm_op_SpecLoopTripCount, i64 8, i64 8, i64 8"   --->   Operation 19 'speclooptripcount' 'empty' <Predicate = true> <Delay = 0.00>
ST_2 : Operation 20 [1/1] (0.70ns)   --->   "%add_ln204 = add i4 %i_5, i4 1" [/home/efrink/mled/split_cu/U280_CRC_Accelerator/src/kernel.cpp:204]   --->   Operation 20 'add' 'add_ln204' <Predicate = true> <Delay = 0.70> <CoreInst = "Adder">   --->   Core 1 'Adder' <Latency = 0> <II = 1> <Delay = 0.70> <FuncUnit> <Opcode : 'add' 'sub'> <InPorts = 2> <OutPorts = 1>
ST_2 : Operation 21 [1/1] (0.00ns)   --->   "%br_ln204 = br i1 %icmp_ln204, void %for.inc.split, void %for.end.exitStub" [/home/efrink/mled/split_cu/U280_CRC_Accelerator/src/kernel.cpp:204]   --->   Operation 21 'br' 'br_ln204' <Predicate = true> <Delay = 0.00>
ST_2 : Operation 22 [1/1] (0.00ns)   --->   "%shiftreg_load_1 = load i256 %shiftreg" [/home/efrink/mled/split_cu/U280_CRC_Accelerator/src/kernel.cpp:207]   --->   Operation 22 'load' 'shiftreg_load_1' <Predicate = (!icmp_ln204)> <Delay = 0.00>
ST_2 : Operation 23 [1/1] (0.00ns)   --->   "%specpipeline_ln206 = specpipeline void @_ssdm_op_SpecPipeline, i32 1, i32 0, i32 0, i32 0, void @empty" [/home/efrink/mled/split_cu/U280_CRC_Accelerator/src/kernel.cpp:206]   --->   Operation 23 'specpipeline' 'specpipeline_ln206' <Predicate = (!icmp_ln204)> <Delay = 0.00>
ST_2 : Operation 24 [1/1] (0.00ns)   --->   "%specloopname_ln204 = specloopname void @_ssdm_op_SpecLoopName, void @empty_15" [/home/efrink/mled/split_cu/U280_CRC_Accelerator/src/kernel.cpp:204]   --->   Operation 24 'specloopname' 'specloopname_ln204' <Predicate = (!icmp_ln204)> <Delay = 0.00>
ST_2 : Operation 25 [1/1] (0.58ns)   --->   "%tmp = mux i32 @_ssdm_op_Mux.ap_auto.8i32.i4, i32 %digest_read, i32 %digest_1_read, i32 %digest_2_read, i32 %digest_3_read, i32 %digest_4_read, i32 %digest_5_read, i32 %digest_6_read, i32 %digest_7_read, i4 %i_5" [/home/efrink/mled/split_cu/U280_CRC_Accelerator/src/kernel.cpp:207]   --->   Operation 25 'mux' 'tmp' <Predicate = (!icmp_ln204)> <Delay = 0.58> <CoreInst = "Multiplexer">   --->   Core 76 'Multiplexer' <Latency = 0> <II = 1> <Delay = 0.58> <FuncUnit> <Opcode : 'mux'> <InPorts = 2> <OutPorts = 1>
ST_2 : Operation 26 [1/1] (0.00ns)   --->   "%lshr_ln = partselect i224 @_ssdm_op_PartSelect.i224.i256.i32.i32, i256 %shiftreg_load_1, i32 32, i32 255" [/home/efrink/mled/split_cu/U280_CRC_Accelerator/src/kernel.cpp:207]   --->   Operation 26 'partselect' 'lshr_ln' <Predicate = (!icmp_ln204)> <Delay = 0.00>
ST_2 : Operation 27 [1/1] (0.00ns)   --->   "%or_ln = bitconcatenate i256 @_ssdm_op_BitConcatenate.i256.i32.i224, i32 %tmp, i224 %lshr_ln" [/home/efrink/mled/split_cu/U280_CRC_Accelerator/src/kernel.cpp:207]   --->   Operation 27 'bitconcatenate' 'or_ln' <Predicate = (!icmp_ln204)> <Delay = 0.00>
ST_2 : Operation 28 [1/1] (0.38ns)   --->   "%store_ln204 = store i4 %add_ln204, i4 %i" [/home/efrink/mled/split_cu/U280_CRC_Accelerator/src/kernel.cpp:204]   --->   Operation 28 'store' 'store_ln204' <Predicate = (!icmp_ln204)> <Delay = 0.38>
ST_2 : Operation 29 [1/1] (0.38ns)   --->   "%store_ln204 = store i256 %or_ln, i256 %shiftreg" [/home/efrink/mled/split_cu/U280_CRC_Accelerator/src/kernel.cpp:204]   --->   Operation 29 'store' 'store_ln204' <Predicate = (!icmp_ln204)> <Delay = 0.38>
ST_2 : Operation 30 [1/1] (0.00ns)   --->   "%br_ln204 = br void %for.inc" [/home/efrink/mled/split_cu/U280_CRC_Accelerator/src/kernel.cpp:204]   --->   Operation 30 'br' 'br_ln204' <Predicate = (!icmp_ln204)> <Delay = 0.00>
ST_2 : Operation 31 [1/1] (0.00ns)   --->   "%shiftreg_load = load i256 %shiftreg"   --->   Operation 31 'load' 'shiftreg_load' <Predicate = (icmp_ln204)> <Delay = 0.00>
ST_2 : Operation 32 [1/1] (0.00ns)   --->   "%write_ln0 = write void @_ssdm_op_Write.ap_auto.i256P0A, i256 %shiftreg_out, i256 %shiftreg_load"   --->   Operation 32 'write' 'write_ln0' <Predicate = (icmp_ln204)> <Delay = 0.00>
ST_2 : Operation 33 [1/1] (0.00ns)   --->   "%ret_ln0 = ret"   --->   Operation 33 'ret' 'ret_ln0' <Predicate = (icmp_ln204)> <Delay = 0.00>


============================================================
+ Verbose Summary: Timing violations
============================================================
Target clock period: 3.33ns, clock uncertainty: 0.9ns.

 <State 1>: 0.387ns
The critical path consists of the following:
	'alloca' operation ('i') [11]  (0 ns)
	'store' operation ('store_ln0') of constant 0 on local variable 'i' [20]  (0.387 ns)

 <State 2>: 1.09ns
The critical path consists of the following:
	'load' operation ('i', /home/efrink/mled/split_cu/U280_CRC_Accelerator/src/kernel.cpp:204) on local variable 'i' [24]  (0 ns)
	'add' operation ('add_ln204', /home/efrink/mled/split_cu/U280_CRC_Accelerator/src/kernel.cpp:204) [27]  (0.708 ns)
	'store' operation ('store_ln204', /home/efrink/mled/split_cu/U280_CRC_Accelerator/src/kernel.cpp:204) of variable 'add_ln204', /home/efrink/mled/split_cu/U280_CRC_Accelerator/src/kernel.cpp:204 on local variable 'i' [36]  (0.387 ns)


============================================================
+ Verbose Summary: Binding
============================================================
N/A
* FSMD analyzer results:
  - Output states:
 - Input state : 
  - Chain level:
	State 1
	State 2


============================================================
+ Verbose Summary: Datapath Resource usage 
============================================================
N/A
