

================================================================
== Vitis HLS Report for 'sha256_process_and_write_chunk'
================================================================
* Date:           Thu Apr  2 18:19:31 2026

* Version:        2022.1 (Build 3526262 on Mon Apr 18 15:47:01 MDT 2022)
* Project:        calculate_sha256
* Solution:       solution (Vitis Kernel Flow Target)
* Product family: virtexuplus
* Target device:  xcu280-fsvh2892-2L-e


================================================================
== Performance Estimates
================================================================
+ Timing: 
    * Summary: 
    +--------+---------+----------+------------+
    |  Clock |  Target | Estimated| Uncertainty|
    +--------+---------+----------+------------+
    |ap_clk  |  3.33 ns|  2.939 ns|     0.90 ns|
    +--------+---------+----------+------------+

+ Latency: 
    * Summary: 
    +---------+---------+----------+----------+-----+-----+---------+
    |  Latency (cycles) |  Latency (absolute) |  Interval | Pipeline|
    |   min   |   max   |    min   |    max   | min | max |   Type  |
    +---------+---------+----------+----------+-----+-----+---------+
    |      273|        ?|  0.910 us|         ?|  273|    ?|       no|
    +---------+---------+----------+----------+-----+-----+---------+

    + Detail: 
        * Instance: 
        N/A

        * Loop: 
        N/A

============================================================
+ Verbose Summary: Synthesis Manager
============================================================
InlineROM: 1
ExposeGlobal: 0
============================================================
+ Verbose Summary: CDFG Model
============================================================
IsTopModel: 0
ResetActiveHigh: 1
IsCombinational: 0
IsDatapathOnly: 0
HasWiredReturn: 1
HasMFsm: 0
HasVarLatency: 1
IsPipeline: 0
IsRtlPipelined: 0
IsInstanceOverlapped: 0
IsDontTouch: 0
HasImplIP: 0
IsGatedGlobalClock: 0


============================================================
+ Verbose Summary: Schedule
============================================================
* Number of FSM states : 73
* Pipeline : 0
* Dataflow Pipeline: 0

* FSM state transitions: 
1 --> 2 
2 --> 3 
3 --> 4 
4 --> 5 
5 --> 6 
6 --> 7 
7 --> 8 
8 --> 9 
9 --> 10 
10 --> 11 
11 --> 12 
12 --> 13 
13 --> 14 
14 --> 15 
15 --> 16 
16 --> 17 
17 --> 18 
18 --> 19 
19 --> 20 
20 --> 21 
21 --> 22 
22 --> 23 
23 --> 24 
24 --> 25 
25 --> 26 
26 --> 27 
27 --> 28 
28 --> 29 
29 --> 30 
30 --> 31 
31 --> 32 
32 --> 33 
33 --> 34 
34 --> 35 
35 --> 36 
36 --> 37 
37 --> 38 
38 --> 39 
39 --> 40 
40 --> 41 
41 --> 42 
42 --> 43 
43 --> 44 
44 --> 45 
45 --> 46 
46 --> 47 
47 --> 48 
48 --> 49 
49 --> 50 
50 --> 51 
51 --> 52 
52 --> 53 
53 --> 54 
54 --> 55 
55 --> 56 
56 --> 57 
57 --> 58 
58 --> 59 
59 --> 60 
60 --> 61 
61 --> 62 
62 --> 63 
63 --> 64 
64 --> 65 
65 --> 66 
66 --> 67 
67 --> 68 
68 --> 69 
69 --> 70 
70 --> 71 
71 --> 72 
72 --> 73 
73 --> 

* FSM state operations: 

State 1 <SV = 0> <Delay = 2.43>
ST_1 : Operation 74 [1/1] (0.00ns)   --->   "%chunk_size_read = read i32 @_ssdm_op_Read.ap_auto.i32, i32 %chunk_size"   --->   Operation 74 'read' 'chunk_size_read' <Predicate = true> <Delay = 0.00>
ST_1 : Operation 75 [1/1] (0.00ns)   --->   "%chunk_read = read i64 @_ssdm_op_Read.ap_auto.i64, i64 %chunk"   --->   Operation 75 'read' 'chunk_read' <Predicate = true> <Delay = 0.00>
ST_1 : Operation 76 [1/1] (0.00ns)   --->   "%shiftreg_loc = alloca i64 1"   --->   Operation 76 'alloca' 'shiftreg_loc' <Predicate = true> <Delay = 0.00>
ST_1 : Operation 77 [2/2] (2.43ns)   --->   "%call_ret = call i256 @sha256_process_chunk, i512 %gmem0, i64 %chunk_read, i32 %chunk_size_read, i32 %SHA256_K" [/home/efrink/mled/split_cu/U280_CRC_Accelerator/src/kernel.cpp:201]   --->   Operation 77 'call' 'call_ret' <Predicate = true> <Delay = 2.43> <CoreType = "Generic">   --->   Core 0 '' <Latency = 0> <II = 1> <Delay = 1.00> <Generic> <Opcode : >

State 2 <SV = 1> <Delay = 1.26>
ST_2 : Operation 78 [1/2] (1.26ns)   --->   "%call_ret = call i256 @sha256_process_chunk, i512 %gmem0, i64 %chunk_read, i32 %chunk_size_read, i32 %SHA256_K" [/home/efrink/mled/split_cu/U280_CRC_Accelerator/src/kernel.cpp:201]   --->   Operation 78 'call' 'call_ret' <Predicate = true> <Delay = 1.26> <CoreType = "Generic">   --->   Core 0 '' <Latency = 0> <II = 1> <Delay = 1.00> <Generic> <Opcode : >
ST_2 : Operation 79 [1/1] (0.00ns)   --->   "%digest = extractvalue i256 %call_ret" [/home/efrink/mled/split_cu/U280_CRC_Accelerator/src/kernel.cpp:201]   --->   Operation 79 'extractvalue' 'digest' <Predicate = true> <Delay = 0.00>
ST_2 : Operation 80 [1/1] (0.00ns)   --->   "%digest_1 = extractvalue i256 %call_ret" [/home/efrink/mled/split_cu/U280_CRC_Accelerator/src/kernel.cpp:201]   --->   Operation 80 'extractvalue' 'digest_1' <Predicate = true> <Delay = 0.00>
ST_2 : Operation 81 [1/1] (0.00ns)   --->   "%digest_2 = extractvalue i256 %call_ret" [/home/efrink/mled/split_cu/U280_CRC_Accelerator/src/kernel.cpp:201]   --->   Operation 81 'extractvalue' 'digest_2' <Predicate = true> <Delay = 0.00>
ST_2 : Operation 82 [1/1] (0.00ns)   --->   "%digest_3 = extractvalue i256 %call_ret" [/home/efrink/mled/split_cu/U280_CRC_Accelerator/src/kernel.cpp:201]   --->   Operation 82 'extractvalue' 'digest_3' <Predicate = true> <Delay = 0.00>
ST_2 : Operation 83 [1/1] (0.00ns)   --->   "%digest_4 = extractvalue i256 %call_ret" [/home/efrink/mled/split_cu/U280_CRC_Accelerator/src/kernel.cpp:201]   --->   Operation 83 'extractvalue' 'digest_4' <Predicate = true> <Delay = 0.00>
ST_2 : Operation 84 [1/1] (0.00ns)   --->   "%digest_5 = extractvalue i256 %call_ret" [/home/efrink/mled/split_cu/U280_CRC_Accelerator/src/kernel.cpp:201]   --->   Operation 84 'extractvalue' 'digest_5' <Predicate = true> <Delay = 0.00>
ST_2 : Operation 85 [1/1] (0.00ns)   --->   "%digest_6 = extractvalue i256 %call_ret" [/home/efrink/mled/split_cu/U280_CRC_Accelerator/src/kernel.cpp:201]   --->   Operation 85 'extractvalue' 'digest_6' <Predicate = true> <Delay = 0.00>
ST_2 : Operation 86 [1/1] (0.00ns)   --->   "%digest_7 = extractvalue i256 %call_ret" [/home/efrink/mled/split_cu/U280_CRC_Accelerator/src/kernel.cpp:201]   --->   Operation 86 'extractvalue' 'digest_7' <Predicate = true> <Delay = 0.00>
ST_2 : Operation 87 [2/2] (0.00ns)   --->   "%call_ln201 = call void @sha256_process_and_write_chunk_Pipeline_write_digest, i32 %digest, i32 %digest_1, i32 %digest_2, i32 %digest_3, i32 %digest_4, i32 %digest_5, i32 %digest_6, i32 %digest_7, i256 %shiftreg_loc" [/home/efrink/mled/split_cu/U280_CRC_Accelerator/src/kernel.cpp:201]   --->   Operation 87 'call' 'call_ln201' <Predicate = true> <Delay = 0.00> <CoreType = "Generic">   --->   Core 0 '' <Latency = 0> <II = 1> <Delay = 1.00> <Generic> <Opcode : >

State 3 <SV = 2> <Delay = 0.65>
ST_3 : Operation 88 [1/2] (0.65ns)   --->   "%call_ln201 = call void @sha256_process_and_write_chunk_Pipeline_write_digest, i32 %digest, i32 %digest_1, i32 %digest_2, i32 %digest_3, i32 %digest_4, i32 %digest_5, i32 %digest_6, i32 %digest_7, i256 %shiftreg_loc" [/home/efrink/mled/split_cu/U280_CRC_Accelerator/src/kernel.cpp:201]   --->   Operation 88 'call' 'call_ln201' <Predicate = true> <Delay = 0.65> <CoreType = "Generic">   --->   Core 0 '' <Latency = 0> <II = 1> <Delay = 1.00> <Generic> <Opcode : >

State 4 <SV = 3> <Delay = 2.43>
ST_4 : Operation 89 [1/1] (0.00ns)   --->   "%out_words_read = read i64 @_ssdm_op_Read.ap_auto.i64, i64 %out_words"   --->   Operation 89 'read' 'out_words_read' <Predicate = true> <Delay = 0.00>
ST_4 : Operation 90 [1/1] (0.00ns)   --->   "%shiftreg_loc_load = load i256 %shiftreg_loc"   --->   Operation 90 'load' 'shiftreg_loc_load' <Predicate = true> <Delay = 0.00>
ST_4 : Operation 91 [1/1] (0.00ns)   --->   "%zext_ln209 = zext i256 %shiftreg_loc_load" [/home/efrink/mled/split_cu/U280_CRC_Accelerator/src/kernel.cpp:209]   --->   Operation 91 'zext' 'zext_ln209' <Predicate = true> <Delay = 0.00>
ST_4 : Operation 92 [1/1] (0.00ns)   --->   "%trunc_ln209 = trunc i64 %out_words_read" [/home/efrink/mled/split_cu/U280_CRC_Accelerator/src/kernel.cpp:209]   --->   Operation 92 'trunc' 'trunc_ln209' <Predicate = true> <Delay = 0.00>
ST_4 : Operation 93 [1/1] (0.00ns)   --->   "%zext_ln209_1 = zext i6 %trunc_ln209" [/home/efrink/mled/split_cu/U280_CRC_Accelerator/src/kernel.cpp:209]   --->   Operation 93 'zext' 'zext_ln209_1' <Predicate = true> <Delay = 0.00>
ST_4 : Operation 94 [1/1] (1.16ns)   --->   "%shl_ln209 = shl i64 4294967295, i64 %zext_ln209_1" [/home/efrink/mled/split_cu/U280_CRC_Accelerator/src/kernel.cpp:209]   --->   Operation 94 'shl' 'shl_ln209' <Predicate = true> <Delay = 1.16> <CoreInst = "Shifter">   --->   Core 75 'Shifter' <Latency = 0> <II = 1> <Delay = 1.16> <FuncUnit> <Opcode : 'shl' 'lshr' 'ashr'> <InPorts = 2> <OutPorts = 1>
ST_4 : Operation 95 [1/1] (0.00ns)   --->   "%shl_ln209_1 = bitconcatenate i9 @_ssdm_op_BitConcatenate.i9.i6.i3, i6 %trunc_ln209, i3 0" [/home/efrink/mled/split_cu/U280_CRC_Accelerator/src/kernel.cpp:209]   --->   Operation 95 'bitconcatenate' 'shl_ln209_1' <Predicate = true> <Delay = 0.00>
ST_4 : Operation 96 [1/1] (0.00ns)   --->   "%zext_ln209_2 = zext i9 %shl_ln209_1" [/home/efrink/mled/split_cu/U280_CRC_Accelerator/src/kernel.cpp:209]   --->   Operation 96 'zext' 'zext_ln209_2' <Predicate = true> <Delay = 0.00>
ST_4 : Operation 97 [1/1] (1.20ns)   --->   "%shl_ln209_2 = shl i512 %zext_ln209, i512 %zext_ln209_2" [/home/efrink/mled/split_cu/U280_CRC_Accelerator/src/kernel.cpp:209]   --->   Operation 97 'shl' 'shl_ln209_2' <Predicate = true> <Delay = 1.20> <CoreInst = "Shifter">   --->   Core 75 'Shifter' <Latency = 0> <II = 1> <Delay = 1.20> <FuncUnit> <Opcode : 'shl' 'lshr' 'ashr'> <InPorts = 2> <OutPorts = 1>
ST_4 : Operation 98 [1/1] (0.00ns)   --->   "%trunc_ln209_1 = partselect i58 @_ssdm_op_PartSelect.i58.i64.i32.i32, i64 %out_words_read, i32 6, i32 63" [/home/efrink/mled/split_cu/U280_CRC_Accelerator/src/kernel.cpp:209]   --->   Operation 98 'partselect' 'trunc_ln209_1' <Predicate = true> <Delay = 0.00>
ST_4 : Operation 99 [1/1] (0.00ns)   --->   "%sext_ln209 = sext i58 %trunc_ln209_1" [/home/efrink/mled/split_cu/U280_CRC_Accelerator/src/kernel.cpp:209]   --->   Operation 99 'sext' 'sext_ln209' <Predicate = true> <Delay = 0.00>
ST_4 : Operation 100 [1/1] (0.00ns)   --->   "%gmem0_addr = getelementptr i512 %gmem0, i64 %sext_ln209" [/home/efrink/mled/split_cu/U280_CRC_Accelerator/src/kernel.cpp:209]   --->   Operation 100 'getelementptr' 'gmem0_addr' <Predicate = true> <Delay = 0.00>
ST_4 : Operation 101 [1/1] (2.43ns)   --->   "%empty = writereq i1 @_ssdm_op_WriteReq.m_axi.p1i512, i512 %gmem0_addr, i32 1" [/home/efrink/mled/split_cu/U280_CRC_Accelerator/src/kernel.cpp:209]   --->   Operation 101 'writereq' 'empty' <Predicate = true> <Delay = 2.43> <CoreInst = "m_axi">   --->   Core 121 'm_axi' <Latency = 0> <II = 1> <Delay = 1.00> <Adapter> <Opcode : 'read' 'write' 'readreq' 'writereq' 'writeresp'>

State 5 <SV = 4> <Delay = 2.43>
ST_5 : Operation 102 [1/1] (2.43ns)   --->   "%write_ln209 = write void @_ssdm_op_Write.m_axi.p1i512, i512 %gmem0_addr, i512 %shl_ln209_2, i64 %shl_ln209" [/home/efrink/mled/split_cu/U280_CRC_Accelerator/src/kernel.cpp:209]   --->   Operation 102 'write' 'write_ln209' <Predicate = true> <Delay = 2.43> <CoreInst = "m_axi">   --->   Core 121 'm_axi' <Latency = 0> <II = 1> <Delay = 1.00> <Adapter> <Opcode : 'read' 'write' 'readreq' 'writereq' 'writeresp'>

State 6 <SV = 5> <Delay = 2.43>
ST_6 : Operation 103 [68/68] (2.43ns)   --->   "%empty_47 = writeresp i1 @_ssdm_op_WriteResp.m_axi.p1i512, i512 %gmem0_addr" [/home/efrink/mled/split_cu/U280_CRC_Accelerator/src/kernel.cpp:209]   --->   Operation 103 'writeresp' 'empty_47' <Predicate = true> <Delay = 2.43> <CoreInst = "m_axi">   --->   Core 121 'm_axi' <Latency = 0> <II = 1> <Delay = 1.00> <Adapter> <Opcode : 'read' 'write' 'readreq' 'writereq' 'writeresp'>

State 7 <SV = 6> <Delay = 2.43>
ST_7 : Operation 104 [67/68] (2.43ns)   --->   "%empty_47 = writeresp i1 @_ssdm_op_WriteResp.m_axi.p1i512, i512 %gmem0_addr" [/home/efrink/mled/split_cu/U280_CRC_Accelerator/src/kernel.cpp:209]   --->   Operation 104 'writeresp' 'empty_47' <Predicate = true> <Delay = 2.43> <CoreInst = "m_axi">   --->   Core 121 'm_axi' <Latency = 0> <II = 1> <Delay = 1.00> <Adapter> <Opcode : 'read' 'write' 'readreq' 'writereq' 'writeresp'>

State 8 <SV = 7> <Delay = 2.43>
ST_8 : Operation 105 [66/68] (2.43ns)   --->   "%empty_47 = writeresp i1 @_ssdm_op_WriteResp.m_axi.p1i512, i512 %gmem0_addr" [/home/efrink/mled/split_cu/U280_CRC_Accelerator/src/kernel.cpp:209]   --->   Operation 105 'writeresp' 'empty_47' <Predicate = true> <Delay = 2.43> <CoreInst = "m_axi">   --->   Core 121 'm_axi' <Latency = 0> <II = 1> <Delay = 1.00> <Adapter> <Opcode : 'read' 'write' 'readreq' 'writereq' 'writeresp'>

State 9 <SV = 8> <Delay = 2.43>
ST_9 : Operation 106 [65/68] (2.43ns)   --->   "%empty_47 = writeresp i1 @_ssdm_op_WriteResp.m_axi.p1i512, i512 %gmem0_addr" [/home/efrink/mled/split_cu/U280_CRC_Accelerator/src/kernel.cpp:209]   --->   Operation 106 'writeresp' 'empty_47' <Predicate = true> <Delay = 2.43> <CoreInst = "m_axi">   --->   Core 121 'm_axi' <Latency = 0> <II = 1> <Delay = 1.00> <Adapter> <Opcode : 'read' 'write' 'readreq' 'writereq' 'writeresp'>

State 10 <SV = 9> <Delay = 2.43>
ST_10 : Operation 107 [64/68] (2.43ns)   --->   "%empty_47 = writeresp i1 @_ssdm_op_WriteResp.m_axi.p1i512, i512 %gmem0_addr" [/home/efrink/mled/split_cu/U280_CRC_Accelerator/src/kernel.cpp:209]   --->   Operation 107 'writeresp' 'empty_47' <Predicate = true> <Delay = 2.43> <CoreInst = "m_axi">   --->   Core 121 'm_axi' <Latency = 0> <II = 1> <Delay = 1.00> <Adapter> <Opcode : 'read' 'write' 'readreq' 'writereq' 'writeresp'>

State 11 <SV = 10> <Delay = 2.43>
ST_11 : Operation 108 [63/68] (2.43ns)   --->   "%empty_47 = writeresp i1 @_ssdm_op_WriteResp.m_axi.p1i512, i512 %gmem0_addr" [/home/efrink/mled/split_cu/U280_CRC_Accelerator/src/kernel.cpp:209]   --->   Operation 108 'writeresp' 'empty_47' <Predicate = true> <Delay = 2.43> <CoreInst = "m_axi">   --->   Core 121 'm_axi' <Latency = 0> <II = 1> <Delay = 1.00> <Adapter> <Opcode : 'read' 'write' 'readreq' 'writereq' 'writeresp'>

State 12 <SV = 11> <Delay = 2.43>
ST_12 : Operation 109 [62/68] (2.43ns)   --->   "%empty_47 = writeresp i1 @_ssdm_op_WriteResp.m_axi.p1i512, i512 %gmem0_addr" [/home/efrink/mled/split_cu/U280_CRC_Accelerator/src/kernel.cpp:209]   --->   Operation 109 'writeresp' 'empty_47' <Predicate = true> <Delay = 2.43> <CoreInst = "m_axi">   --->   Core 121 'm_axi' <Latency = 0> <II = 1> <Delay = 1.00> <Adapter> <Opcode : 'read' 'write' 'readreq' 'writereq' 'writeresp'>

State 13 <SV = 12> <Delay = 2.43>
ST_13 : Operation 110 [61/68] (2.43ns)   --->   "%empty_47 = writeresp i1 @_ssdm_op_WriteResp.m_axi.p1i512, i512 %gmem0_addr" [/home/efrink/mled/split_cu/U280_CRC_Accelerator/src/kernel.cpp:209]   --->   Operation 110 'writeresp' 'empty_47' <Predicate = true> <Delay = 2.43> <CoreInst = "m_axi">   --->   Core 121 'm_axi' <Latency = 0> <II = 1> <Delay = 1.00> <Adapter> <Opcode : 'read' 'write' 'readreq' 'writereq' 'writeresp'>

State 14 <SV = 13> <Delay = 2.43>
ST_14 : Operation 111 [60/68] (2.43ns)   --->   "%empty_47 = writeresp i1 @_ssdm_op_WriteResp.m_axi.p1i512, i512 %gmem0_addr" [/home/efrink/mled/split_cu/U280_CRC_Accelerator/src/kernel.cpp:209]   --->   Operation 111 'writeresp' 'empty_47' <Predicate = true> <Delay = 2.43> <CoreInst = "m_axi">   --->   Core 121 'm_axi' <Latency = 0> <II = 1> <Delay = 1.00> <Adapter> <Opcode : 'read' 'write' 'readreq' 'writereq' 'writeresp'>

State 15 <SV = 14> <Delay = 2.43>
ST_15 : Operation 112 [59/68] (2.43ns)   --->   "%empty_47 = writeresp i1 @_ssdm_op_WriteResp.m_axi.p1i512, i512 %gmem0_addr" [/home/efrink/mled/split_cu/U280_CRC_Accelerator/src/kernel.cpp:209]   --->   Operation 112 'writeresp' 'empty_47' <Predicate = true> <Delay = 2.43> <CoreInst = "m_axi">   --->   Core 121 'm_axi' <Latency = 0> <II = 1> <Delay = 1.00> <Adapter> <Opcode : 'read' 'write' 'readreq' 'writereq' 'writeresp'>

State 16 <SV = 15> <Delay = 2.43>
ST_16 : Operation 113 [58/68] (2.43ns)   --->   "%empty_47 = writeresp i1 @_ssdm_op_WriteResp.m_axi.p1i512, i512 %gmem0_addr" [/home/efrink/mled/split_cu/U280_CRC_Accelerator/src/kernel.cpp:209]   --->   Operation 113 'writeresp' 'empty_47' <Predicate = true> <Delay = 2.43> <CoreInst = "m_axi">   --->   Core 121 'm_axi' <Latency = 0> <II = 1> <Delay = 1.00> <Adapter> <Opcode : 'read' 'write' 'readreq' 'writereq' 'writeresp'>

State 17 <SV = 16> <Delay = 2.43>
ST_17 : Operation 114 [57/68] (2.43ns)   --->   "%empty_47 = writeresp i1 @_ssdm_op_WriteResp.m_axi.p1i512, i512 %gmem0_addr" [/home/efrink/mled/split_cu/U280_CRC_Accelerator/src/kernel.cpp:209]   --->   Operation 114 'writeresp' 'empty_47' <Predicate = true> <Delay = 2.43> <CoreInst = "m_axi">   --->   Core 121 'm_axi' <Latency = 0> <II = 1> <Delay = 1.00> <Adapter> <Opcode : 'read' 'write' 'readreq' 'writereq' 'writeresp'>

State 18 <SV = 17> <Delay = 2.43>
ST_18 : Operation 115 [56/68] (2.43ns)   --->   "%empty_47 = writeresp i1 @_ssdm_op_WriteResp.m_axi.p1i512, i512 %gmem0_addr" [/home/efrink/mled/split_cu/U280_CRC_Accelerator/src/kernel.cpp:209]   --->   Operation 115 'writeresp' 'empty_47' <Predicate = true> <Delay = 2.43> <CoreInst = "m_axi">   --->   Core 121 'm_axi' <Latency = 0> <II = 1> <Delay = 1.00> <Adapter> <Opcode : 'read' 'write' 'readreq' 'writereq' 'writeresp'>

State 19 <SV = 18> <Delay = 2.43>
ST_19 : Operation 116 [55/68] (2.43ns)   --->   "%empty_47 = writeresp i1 @_ssdm_op_WriteResp.m_axi.p1i512, i512 %gmem0_addr" [/home/efrink/mled/split_cu/U280_CRC_Accelerator/src/kernel.cpp:209]   --->   Operation 116 'writeresp' 'empty_47' <Predicate = true> <Delay = 2.43> <CoreInst = "m_axi">   --->   Core 121 'm_axi' <Latency = 0> <II = 1> <Delay = 1.00> <Adapter> <Opcode : 'read' 'write' 'readreq' 'writereq' 'writeresp'>

State 20 <SV = 19> <Delay = 2.43>
ST_20 : Operation 117 [54/68] (2.43ns)   --->   "%empty_47 = writeresp i1 @_ssdm_op_WriteResp.m_axi.p1i512, i512 %gmem0_addr" [/home/efrink/mled/split_cu/U280_CRC_Accelerator/src/kernel.cpp:209]   --->   Operation 117 'writeresp' 'empty_47' <Predicate = true> <Delay = 2.43> <CoreInst = "m_axi">   --->   Core 121 'm_axi' <Latency = 0> <II = 1> <Delay = 1.00> <Adapter> <Opcode : 'read' 'write' 'readreq' 'writereq' 'writeresp'>

State 21 <SV = 20> <Delay = 2.43>
ST_21 : Operation 118 [53/68] (2.43ns)   --->   "%empty_47 = writeresp i1 @_ssdm_op_WriteResp.m_axi.p1i512, i512 %gmem0_addr" [/home/efrink/mled/split_cu/U280_CRC_Accelerator/src/kernel.cpp:209]   --->   Operation 118 'writeresp' 'empty_47' <Predicate = true> <Delay = 2.43> <CoreInst = "m_axi">   --->   Core 121 'm_axi' <Latency = 0> <II = 1> <Delay = 1.00> <Adapter> <Opcode : 'read' 'write' 'readreq' 'writereq' 'writeresp'>

State 22 <SV = 21> <Delay = 2.43>
ST_22 : Operation 119 [52/68] (2.43ns)   --->   "%empty_47 = writeresp i1 @_ssdm_op_WriteResp.m_axi.p1i512, i512 %gmem0_addr" [/home/efrink/mled/split_cu/U280_CRC_Accelerator/src/kernel.cpp:209]   --->   Operation 119 'writeresp' 'empty_47' <Predicate = true> <Delay = 2.43> <CoreInst = "m_axi">   --->   Core 121 'm_axi' <Latency = 0> <II = 1> <Delay = 1.00> <Adapter> <Opcode : 'read' 'write' 'readreq' 'writereq' 'writeresp'>

State 23 <SV = 22> <Delay = 2.43>
ST_23 : Operation 120 [51/68] (2.43ns)   --->   "%empty_47 = writeresp i1 @_ssdm_op_WriteResp.m_axi.p1i512, i512 %gmem0_addr" [/home/efrink/mled/split_cu/U280_CRC_Accelerator/src/kernel.cpp:209]   --->   Operation 120 'writeresp' 'empty_47' <Predicate = true> <Delay = 2.43> <CoreInst = "m_axi">   --->   Core 121 'm_axi' <Latency = 0> <II = 1> <Delay = 1.00> <Adapter> <Opcode : 'read' 'write' 'readreq' 'writereq' 'writeresp'>

State 24 <SV = 23> <Delay = 2.43>
ST_24 : Operation 121 [50/68] (2.43ns)   --->   "%empty_47 = writeresp i1 @_ssdm_op_WriteResp.m_axi.p1i512, i512 %gmem0_addr" [/home/efrink/mled/split_cu/U280_CRC_Accelerator/src/kernel.cpp:209]   --->   Operation 121 'writeresp' 'empty_47' <Predicate = true> <Delay = 2.43> <CoreInst = "m_axi">   --->   Core 121 'm_axi' <Latency = 0> <II = 1> <Delay = 1.00> <Adapter> <Opcode : 'read' 'write' 'readreq' 'writereq' 'writeresp'>

State 25 <SV = 24> <Delay = 2.43>
ST_25 : Operation 122 [49/68] (2.43ns)   --->   "%empty_47 = writeresp i1 @_ssdm_op_WriteResp.m_axi.p1i512, i512 %gmem0_addr" [/home/efrink/mled/split_cu/U280_CRC_Accelerator/src/kernel.cpp:209]   --->   Operation 122 'writeresp' 'empty_47' <Predicate = true> <Delay = 2.43> <CoreInst = "m_axi">   --->   Core 121 'm_axi' <Latency = 0> <II = 1> <Delay = 1.00> <Adapter> <Opcode : 'read' 'write' 'readreq' 'writereq' 'writeresp'>

State 26 <SV = 25> <Delay = 2.43>
ST_26 : Operation 123 [48/68] (2.43ns)   --->   "%empty_47 = writeresp i1 @_ssdm_op_WriteResp.m_axi.p1i512, i512 %gmem0_addr" [/home/efrink/mled/split_cu/U280_CRC_Accelerator/src/kernel.cpp:209]   --->   Operation 123 'writeresp' 'empty_47' <Predicate = true> <Delay = 2.43> <CoreInst = "m_axi">   --->   Core 121 'm_axi' <Latency = 0> <II = 1> <Delay = 1.00> <Adapter> <Opcode : 'read' 'write' 'readreq' 'writereq' 'writeresp'>

State 27 <SV = 26> <Delay = 2.43>
ST_27 : Operation 124 [47/68] (2.43ns)   --->   "%empty_47 = writeresp i1 @_ssdm_op_WriteResp.m_axi.p1i512, i512 %gmem0_addr" [/home/efrink/mled/split_cu/U280_CRC_Accelerator/src/kernel.cpp:209]   --->   Operation 124 'writeresp' 'empty_47' <Predicate = true> <Delay = 2.43> <CoreInst = "m_axi">   --->   Core 121 'm_axi' <Latency = 0> <II = 1> <Delay = 1.00> <Adapter> <Opcode : 'read' 'write' 'readreq' 'writereq' 'writeresp'>

State 28 <SV = 27> <Delay = 2.43>
ST_28 : Operation 125 [46/68] (2.43ns)   --->   "%empty_47 = writeresp i1 @_ssdm_op_WriteResp.m_axi.p1i512, i512 %gmem0_addr" [/home/efrink/mled/split_cu/U280_CRC_Accelerator/src/kernel.cpp:209]   --->   Operation 125 'writeresp' 'empty_47' <Predicate = true> <Delay = 2.43> <CoreInst = "m_axi">   --->   Core 121 'm_axi' <Latency = 0> <II = 1> <Delay = 1.00> <Adapter> <Opcode : 'read' 'write' 'readreq' 'writereq' 'writeresp'>

State 29 <SV = 28> <Delay = 2.43>
ST_29 : Operation 126 [45/68] (2.43ns)   --->   "%empty_47 = writeresp i1 @_ssdm_op_WriteResp.m_axi.p1i512, i512 %gmem0_addr" [/home/efrink/mled/split_cu/U280_CRC_Accelerator/src/kernel.cpp:209]   --->   Operation 126 'writeresp' 'empty_47' <Predicate = true> <Delay = 2.43> <CoreInst = "m_axi">   --->   Core 121 'm_axi' <Latency = 0> <II = 1> <Delay = 1.00> <Adapter> <Opcode : 'read' 'write' 'readreq' 'writereq' 'writeresp'>

State 30 <SV = 29> <Delay = 2.43>
ST_30 : Operation 127 [44/68] (2.43ns)   --->   "%empty_47 = writeresp i1 @_ssdm_op_WriteResp.m_axi.p1i512, i512 %gmem0_addr" [/home/efrink/mled/split_cu/U280_CRC_Accelerator/src/kernel.cpp:209]   --->   Operation 127 'writeresp' 'empty_47' <Predicate = true> <Delay = 2.43> <CoreInst = "m_axi">   --->   Core 121 'm_axi' <Latency = 0> <II = 1> <Delay = 1.00> <Adapter> <Opcode : 'read' 'write' 'readreq' 'writereq' 'writeresp'>

State 31 <SV = 30> <Delay = 2.43>
ST_31 : Operation 128 [43/68] (2.43ns)   --->   "%empty_47 = writeresp i1 @_ssdm_op_WriteResp.m_axi.p1i512, i512 %gmem0_addr" [/home/efrink/mled/split_cu/U280_CRC_Accelerator/src/kernel.cpp:209]   --->   Operation 128 'writeresp' 'empty_47' <Predicate = true> <Delay = 2.43> <CoreInst = "m_axi">   --->   Core 121 'm_axi' <Latency = 0> <II = 1> <Delay = 1.00> <Adapter> <Opcode : 'read' 'write' 'readreq' 'writereq' 'writeresp'>

State 32 <SV = 31> <Delay = 2.43>
ST_32 : Operation 129 [42/68] (2.43ns)   --->   "%empty_47 = writeresp i1 @_ssdm_op_WriteResp.m_axi.p1i512, i512 %gmem0_addr" [/home/efrink/mled/split_cu/U280_CRC_Accelerator/src/kernel.cpp:209]   --->   Operation 129 'writeresp' 'empty_47' <Predicate = true> <Delay = 2.43> <CoreInst = "m_axi">   --->   Core 121 'm_axi' <Latency = 0> <II = 1> <Delay = 1.00> <Adapter> <Opcode : 'read' 'write' 'readreq' 'writereq' 'writeresp'>

State 33 <SV = 32> <Delay = 2.43>
ST_33 : Operation 130 [41/68] (2.43ns)   --->   "%empty_47 = writeresp i1 @_ssdm_op_WriteResp.m_axi.p1i512, i512 %gmem0_addr" [/home/efrink/mled/split_cu/U280_CRC_Accelerator/src/kernel.cpp:209]   --->   Operation 130 'writeresp' 'empty_47' <Predicate = true> <Delay = 2.43> <CoreInst = "m_axi">   --->   Core 121 'm_axi' <Latency = 0> <II = 1> <Delay = 1.00> <Adapter> <Opcode : 'read' 'write' 'readreq' 'writereq' 'writeresp'>

State 34 <SV = 33> <Delay = 2.43>
ST_34 : Operation 131 [40/68] (2.43ns)   --->   "%empty_47 = writeresp i1 @_ssdm_op_WriteResp.m_axi.p1i512, i512 %gmem0_addr" [/home/efrink/mled/split_cu/U280_CRC_Accelerator/src/kernel.cpp:209]   --->   Operation 131 'writeresp' 'empty_47' <Predicate = true> <Delay = 2.43> <CoreInst = "m_axi">   --->   Core 121 'm_axi' <Latency = 0> <II = 1> <Delay = 1.00> <Adapter> <Opcode : 'read' 'write' 'readreq' 'writereq' 'writeresp'>

State 35 <SV = 34> <Delay = 2.43>
ST_35 : Operation 132 [39/68] (2.43ns)   --->   "%empty_47 = writeresp i1 @_ssdm_op_WriteResp.m_axi.p1i512, i512 %gmem0_addr" [/home/efrink/mled/split_cu/U280_CRC_Accelerator/src/kernel.cpp:209]   --->   Operation 132 'writeresp' 'empty_47' <Predicate = true> <Delay = 2.43> <CoreInst = "m_axi">   --->   Core 121 'm_axi' <Latency = 0> <II = 1> <Delay = 1.00> <Adapter> <Opcode : 'read' 'write' 'readreq' 'writereq' 'writeresp'>

State 36 <SV = 35> <Delay = 2.43>
ST_36 : Operation 133 [38/68] (2.43ns)   --->   "%empty_47 = writeresp i1 @_ssdm_op_WriteResp.m_axi.p1i512, i512 %gmem0_addr" [/home/efrink/mled/split_cu/U280_CRC_Accelerator/src/kernel.cpp:209]   --->   Operation 133 'writeresp' 'empty_47' <Predicate = true> <Delay = 2.43> <CoreInst = "m_axi">   --->   Core 121 'm_axi' <Latency = 0> <II = 1> <Delay = 1.00> <Adapter> <Opcode : 'read' 'write' 'readreq' 'writereq' 'writeresp'>

State 37 <SV = 36> <Delay = 2.43>
ST_37 : Operation 134 [37/68] (2.43ns)   --->   "%empty_47 = writeresp i1 @_ssdm_op_WriteResp.m_axi.p1i512, i512 %gmem0_addr" [/home/efrink/mled/split_cu/U280_CRC_Accelerator/src/kernel.cpp:209]   --->   Operation 134 'writeresp' 'empty_47' <Predicate = true> <Delay = 2.43> <CoreInst = "m_axi">   --->   Core 121 'm_axi' <Latency = 0> <II = 1> <Delay = 1.00> <Adapter> <Opcode : 'read' 'write' 'readreq' 'writereq' 'writeresp'>

State 38 <SV = 37> <Delay = 2.43>
ST_38 : Operation 135 [36/68] (2.43ns)   --->   "%empty_47 = writeresp i1 @_ssdm_op_WriteResp.m_axi.p1i512, i512 %gmem0_addr" [/home/efrink/mled/split_cu/U280_CRC_Accelerator/src/kernel.cpp:209]   --->   Operation 135 'writeresp' 'empty_47' <Predicate = true> <Delay = 2.43> <CoreInst = "m_axi">   --->   Core 121 'm_axi' <Latency = 0> <II = 1> <Delay = 1.00> <Adapter> <Opcode : 'read' 'write' 'readreq' 'writereq' 'writeresp'>

State 39 <SV = 38> <Delay = 2.43>
ST_39 : Operation 136 [35/68] (2.43ns)   --->   "%empty_47 = writeresp i1 @_ssdm_op_WriteResp.m_axi.p1i512, i512 %gmem0_addr" [/home/efrink/mled/split_cu/U280_CRC_Accelerator/src/kernel.cpp:209]   --->   Operation 136 'writeresp' 'empty_47' <Predicate = true> <Delay = 2.43> <CoreInst = "m_axi">   --->   Core 121 'm_axi' <Latency = 0> <II = 1> <Delay = 1.00> <Adapter> <Opcode : 'read' 'write' 'readreq' 'writereq' 'writeresp'>

State 40 <SV = 39> <Delay = 2.43>
ST_40 : Operation 137 [34/68] (2.43ns)   --->   "%empty_47 = writeresp i1 @_ssdm_op_WriteResp.m_axi.p1i512, i512 %gmem0_addr" [/home/efrink/mled/split_cu/U280_CRC_Accelerator/src/kernel.cpp:209]   --->   Operation 137 'writeresp' 'empty_47' <Predicate = true> <Delay = 2.43> <CoreInst = "m_axi">   --->   Core 121 'm_axi' <Latency = 0> <II = 1> <Delay = 1.00> <Adapter> <Opcode : 'read' 'write' 'readreq' 'writereq' 'writeresp'>

State 41 <SV = 40> <Delay = 2.43>
ST_41 : Operation 138 [33/68] (2.43ns)   --->   "%empty_47 = writeresp i1 @_ssdm_op_WriteResp.m_axi.p1i512, i512 %gmem0_addr" [/home/efrink/mled/split_cu/U280_CRC_Accelerator/src/kernel.cpp:209]   --->   Operation 138 'writeresp' 'empty_47' <Predicate = true> <Delay = 2.43> <CoreInst = "m_axi">   --->   Core 121 'm_axi' <Latency = 0> <II = 1> <Delay = 1.00> <Adapter> <Opcode : 'read' 'write' 'readreq' 'writereq' 'writeresp'>

State 42 <SV = 41> <Delay = 2.43>
ST_42 : Operation 139 [32/68] (2.43ns)   --->   "%empty_47 = writeresp i1 @_ssdm_op_WriteResp.m_axi.p1i512, i512 %gmem0_addr" [/home/efrink/mled/split_cu/U280_CRC_Accelerator/src/kernel.cpp:209]   --->   Operation 139 'writeresp' 'empty_47' <Predicate = true> <Delay = 2.43> <CoreInst = "m_axi">   --->   Core 121 'm_axi' <Latency = 0> <II = 1> <Delay = 1.00> <Adapter> <Opcode : 'read' 'write' 'readreq' 'writereq' 'writeresp'>

State 43 <SV = 42> <Delay = 2.43>
ST_43 : Operation 140 [31/68] (2.43ns)   --->   "%empty_47 = writeresp i1 @_ssdm_op_WriteResp.m_axi.p1i512, i512 %gmem0_addr" [/home/efrink/mled/split_cu/U280_CRC_Accelerator/src/kernel.cpp:209]   --->   Operation 140 'writeresp' 'empty_47' <Predicate = true> <Delay = 2.43> <CoreInst = "m_axi">   --->   Core 121 'm_axi' <Latency = 0> <II = 1> <Delay = 1.00> <Adapter> <Opcode : 'read' 'write' 'readreq' 'writereq' 'writeresp'>

State 44 <SV = 43> <Delay = 2.43>
ST_44 : Operation 141 [30/68] (2.43ns)   --->   "%empty_47 = writeresp i1 @_ssdm_op_WriteResp.m_axi.p1i512, i512 %gmem0_addr" [/home/efrink/mled/split_cu/U280_CRC_Accelerator/src/kernel.cpp:209]   --->   Operation 141 'writeresp' 'empty_47' <Predicate = true> <Delay = 2.43> <CoreInst = "m_axi">   --->   Core 121 'm_axi' <Latency = 0> <II = 1> <Delay = 1.00> <Adapter> <Opcode : 'read' 'write' 'readreq' 'writereq' 'writeresp'>

State 45 <SV = 44> <Delay = 2.43>
ST_45 : Operation 142 [29/68] (2.43ns)   --->   "%empty_47 = writeresp i1 @_ssdm_op_WriteResp.m_axi.p1i512, i512 %gmem0_addr" [/home/efrink/mled/split_cu/U280_CRC_Accelerator/src/kernel.cpp:209]   --->   Operation 142 'writeresp' 'empty_47' <Predicate = true> <Delay = 2.43> <CoreInst = "m_axi">   --->   Core 121 'm_axi' <Latency = 0> <II = 1> <Delay = 1.00> <Adapter> <Opcode : 'read' 'write' 'readreq' 'writereq' 'writeresp'>

State 46 <SV = 45> <Delay = 2.43>
ST_46 : Operation 143 [28/68] (2.43ns)   --->   "%empty_47 = writeresp i1 @_ssdm_op_WriteResp.m_axi.p1i512, i512 %gmem0_addr" [/home/efrink/mled/split_cu/U280_CRC_Accelerator/src/kernel.cpp:209]   --->   Operation 143 'writeresp' 'empty_47' <Predicate = true> <Delay = 2.43> <CoreInst = "m_axi">   --->   Core 121 'm_axi' <Latency = 0> <II = 1> <Delay = 1.00> <Adapter> <Opcode : 'read' 'write' 'readreq' 'writereq' 'writeresp'>

State 47 <SV = 46> <Delay = 2.43>
ST_47 : Operation 144 [27/68] (2.43ns)   --->   "%empty_47 = writeresp i1 @_ssdm_op_WriteResp.m_axi.p1i512, i512 %gmem0_addr" [/home/efrink/mled/split_cu/U280_CRC_Accelerator/src/kernel.cpp:209]   --->   Operation 144 'writeresp' 'empty_47' <Predicate = true> <Delay = 2.43> <CoreInst = "m_axi">   --->   Core 121 'm_axi' <Latency = 0> <II = 1> <Delay = 1.00> <Adapter> <Opcode : 'read' 'write' 'readreq' 'writereq' 'writeresp'>

State 48 <SV = 47> <Delay = 2.43>
ST_48 : Operation 145 [26/68] (2.43ns)   --->   "%empty_47 = writeresp i1 @_ssdm_op_WriteResp.m_axi.p1i512, i512 %gmem0_addr" [/home/efrink/mled/split_cu/U280_CRC_Accelerator/src/kernel.cpp:209]   --->   Operation 145 'writeresp' 'empty_47' <Predicate = true> <Delay = 2.43> <CoreInst = "m_axi">   --->   Core 121 'm_axi' <Latency = 0> <II = 1> <Delay = 1.00> <Adapter> <Opcode : 'read' 'write' 'readreq' 'writereq' 'writeresp'>

State 49 <SV = 48> <Delay = 2.43>
ST_49 : Operation 146 [25/68] (2.43ns)   --->   "%empty_47 = writeresp i1 @_ssdm_op_WriteResp.m_axi.p1i512, i512 %gmem0_addr" [/home/efrink/mled/split_cu/U280_CRC_Accelerator/src/kernel.cpp:209]   --->   Operation 146 'writeresp' 'empty_47' <Predicate = true> <Delay = 2.43> <CoreInst = "m_axi">   --->   Core 121 'm_axi' <Latency = 0> <II = 1> <Delay = 1.00> <Adapter> <Opcode : 'read' 'write' 'readreq' 'writereq' 'writeresp'>

State 50 <SV = 49> <Delay = 2.43>
ST_50 : Operation 147 [24/68] (2.43ns)   --->   "%empty_47 = writeresp i1 @_ssdm_op_WriteResp.m_axi.p1i512, i512 %gmem0_addr" [/home/efrink/mled/split_cu/U280_CRC_Accelerator/src/kernel.cpp:209]   --->   Operation 147 'writeresp' 'empty_47' <Predicate = true> <Delay = 2.43> <CoreInst = "m_axi">   --->   Core 121 'm_axi' <Latency = 0> <II = 1> <Delay = 1.00> <Adapter> <Opcode : 'read' 'write' 'readreq' 'writereq' 'writeresp'>

State 51 <SV = 50> <Delay = 2.43>
ST_51 : Operation 148 [23/68] (2.43ns)   --->   "%empty_47 = writeresp i1 @_ssdm_op_WriteResp.m_axi.p1i512, i512 %gmem0_addr" [/home/efrink/mled/split_cu/U280_CRC_Accelerator/src/kernel.cpp:209]   --->   Operation 148 'writeresp' 'empty_47' <Predicate = true> <Delay = 2.43> <CoreInst = "m_axi">   --->   Core 121 'm_axi' <Latency = 0> <II = 1> <Delay = 1.00> <Adapter> <Opcode : 'read' 'write' 'readreq' 'writereq' 'writeresp'>

State 52 <SV = 51> <Delay = 2.43>
ST_52 : Operation 149 [22/68] (2.43ns)   --->   "%empty_47 = writeresp i1 @_ssdm_op_WriteResp.m_axi.p1i512, i512 %gmem0_addr" [/home/efrink/mled/split_cu/U280_CRC_Accelerator/src/kernel.cpp:209]   --->   Operation 149 'writeresp' 'empty_47' <Predicate = true> <Delay = 2.43> <CoreInst = "m_axi">   --->   Core 121 'm_axi' <Latency = 0> <II = 1> <Delay = 1.00> <Adapter> <Opcode : 'read' 'write' 'readreq' 'writereq' 'writeresp'>

State 53 <SV = 52> <Delay = 2.43>
ST_53 : Operation 150 [21/68] (2.43ns)   --->   "%empty_47 = writeresp i1 @_ssdm_op_WriteResp.m_axi.p1i512, i512 %gmem0_addr" [/home/efrink/mled/split_cu/U280_CRC_Accelerator/src/kernel.cpp:209]   --->   Operation 150 'writeresp' 'empty_47' <Predicate = true> <Delay = 2.43> <CoreInst = "m_axi">   --->   Core 121 'm_axi' <Latency = 0> <II = 1> <Delay = 1.00> <Adapter> <Opcode : 'read' 'write' 'readreq' 'writereq' 'writeresp'>

State 54 <SV = 53> <Delay = 2.43>
ST_54 : Operation 151 [20/68] (2.43ns)   --->   "%empty_47 = writeresp i1 @_ssdm_op_WriteResp.m_axi.p1i512, i512 %gmem0_addr" [/home/efrink/mled/split_cu/U280_CRC_Accelerator/src/kernel.cpp:209]   --->   Operation 151 'writeresp' 'empty_47' <Predicate = true> <Delay = 2.43> <CoreInst = "m_axi">   --->   Core 121 'm_axi' <Latency = 0> <II = 1> <Delay = 1.00> <Adapter> <Opcode : 'read' 'write' 'readreq' 'writereq' 'writeresp'>

State 55 <SV = 54> <Delay = 2.43>
ST_55 : Operation 152 [19/68] (2.43ns)   --->   "%empty_47 = writeresp i1 @_ssdm_op_WriteResp.m_axi.p1i512, i512 %gmem0_addr" [/home/efrink/mled/split_cu/U280_CRC_Accelerator/src/kernel.cpp:209]   --->   Operation 152 'writeresp' 'empty_47' <Predicate = true> <Delay = 2.43> <CoreInst = "m_axi">   --->   Core 121 'm_axi' <Latency = 0> <II = 1> <Delay = 1.00> <Adapter> <Opcode : 'read' 'write' 'readreq' 'writereq' 'writeresp'>

State 56 <SV = 55> <Delay = 2.43>
ST_56 : Operation 153 [18/68] (2.43ns)   --->   "%empty_47 = writeresp i1 @_ssdm_op_WriteResp.m_axi.p1i512, i512 %gmem0_addr" [/home/efrink/mled/split_cu/U280_CRC_Accelerator/src/kernel.cpp:209]   --->   Operation 153 'writeresp' 'empty_47' <Predicate = true> <Delay = 2.43> <CoreInst = "m_axi">   --->   Core 121 'm_axi' <Latency = 0> <II = 1> <Delay = 1.00> <Adapter> <Opcode : 'read' 'write' 'readreq' 'writereq' 'writeresp'>

State 57 <SV = 56> <Delay = 2.43>
ST_57 : Operation 154 [17/68] (2.43ns)   --->   "%empty_47 = writeresp i1 @_ssdm_op_WriteResp.m_axi.p1i512, i512 %gmem0_addr" [/home/efrink/mled/split_cu/U280_CRC_Accelerator/src/kernel.cpp:209]   --->   Operation 154 'writeresp' 'empty_47' <Predicate = true> <Delay = 2.43> <CoreInst = "m_axi">   --->   Core 121 'm_axi' <Latency = 0> <II = 1> <Delay = 1.00> <Adapter> <Opcode : 'read' 'write' 'readreq' 'writereq' 'writeresp'>

State 58 <SV = 57> <Delay = 2.43>
ST_58 : Operation 155 [16/68] (2.43ns)   --->   "%empty_47 = writeresp i1 @_ssdm_op_WriteResp.m_axi.p1i512, i512 %gmem0_addr" [/home/efrink/mled/split_cu/U280_CRC_Accelerator/src/kernel.cpp:209]   --->   Operation 155 'writeresp' 'empty_47' <Predicate = true> <Delay = 2.43> <CoreInst = "m_axi">   --->   Core 121 'm_axi' <Latency = 0> <II = 1> <Delay = 1.00> <Adapter> <Opcode : 'read' 'write' 'readreq' 'writereq' 'writeresp'>

State 59 <SV = 58> <Delay = 2.43>
ST_59 : Operation 156 [15/68] (2.43ns)   --->   "%empty_47 = writeresp i1 @_ssdm_op_WriteResp.m_axi.p1i512, i512 %gmem0_addr" [/home/efrink/mled/split_cu/U280_CRC_Accelerator/src/kernel.cpp:209]   --->   Operation 156 'writeresp' 'empty_47' <Predicate = true> <Delay = 2.43> <CoreInst = "m_axi">   --->   Core 121 'm_axi' <Latency = 0> <II = 1> <Delay = 1.00> <Adapter> <Opcode : 'read' 'write' 'readreq' 'writereq' 'writeresp'>

State 60 <SV = 59> <Delay = 2.43>
ST_60 : Operation 157 [14/68] (2.43ns)   --->   "%empty_47 = writeresp i1 @_ssdm_op_WriteResp.m_axi.p1i512, i512 %gmem0_addr" [/home/efrink/mled/split_cu/U280_CRC_Accelerator/src/kernel.cpp:209]   --->   Operation 157 'writeresp' 'empty_47' <Predicate = true> <Delay = 2.43> <CoreInst = "m_axi">   --->   Core 121 'm_axi' <Latency = 0> <II = 1> <Delay = 1.00> <Adapter> <Opcode : 'read' 'write' 'readreq' 'writereq' 'writeresp'>

State 61 <SV = 60> <Delay = 2.43>
ST_61 : Operation 158 [13/68] (2.43ns)   --->   "%empty_47 = writeresp i1 @_ssdm_op_WriteResp.m_axi.p1i512, i512 %gmem0_addr" [/home/efrink/mled/split_cu/U280_CRC_Accelerator/src/kernel.cpp:209]   --->   Operation 158 'writeresp' 'empty_47' <Predicate = true> <Delay = 2.43> <CoreInst = "m_axi">   --->   Core 121 'm_axi' <Latency = 0> <II = 1> <Delay = 1.00> <Adapter> <Opcode : 'read' 'write' 'readreq' 'writereq' 'writeresp'>

State 62 <SV = 61> <Delay = 2.43>
ST_62 : Operation 159 [12/68] (2.43ns)   --->   "%empty_47 = writeresp i1 @_ssdm_op_WriteResp.m_axi.p1i512, i512 %gmem0_addr" [/home/efrink/mled/split_cu/U280_CRC_Accelerator/src/kernel.cpp:209]   --->   Operation 159 'writeresp' 'empty_47' <Predicate = true> <Delay = 2.43> <CoreInst = "m_axi">   --->   Core 121 'm_axi' <Latency = 0> <II = 1> <Delay = 1.00> <Adapter> <Opcode : 'read' 'write' 'readreq' 'writereq' 'writeresp'>

State 63 <SV = 62> <Delay = 2.43>
ST_63 : Operation 160 [11/68] (2.43ns)   --->   "%empty_47 = writeresp i1 @_ssdm_op_WriteResp.m_axi.p1i512, i512 %gmem0_addr" [/home/efrink/mled/split_cu/U280_CRC_Accelerator/src/kernel.cpp:209]   --->   Operation 160 'writeresp' 'empty_47' <Predicate = true> <Delay = 2.43> <CoreInst = "m_axi">   --->   Core 121 'm_axi' <Latency = 0> <II = 1> <Delay = 1.00> <Adapter> <Opcode : 'read' 'write' 'readreq' 'writereq' 'writeresp'>

State 64 <SV = 63> <Delay = 2.43>
ST_64 : Operation 161 [10/68] (2.43ns)   --->   "%empty_47 = writeresp i1 @_ssdm_op_WriteResp.m_axi.p1i512, i512 %gmem0_addr" [/home/efrink/mled/split_cu/U280_CRC_Accelerator/src/kernel.cpp:209]   --->   Operation 161 'writeresp' 'empty_47' <Predicate = true> <Delay = 2.43> <CoreInst = "m_axi">   --->   Core 121 'm_axi' <Latency = 0> <II = 1> <Delay = 1.00> <Adapter> <Opcode : 'read' 'write' 'readreq' 'writereq' 'writeresp'>

State 65 <SV = 64> <Delay = 2.43>
ST_65 : Operation 162 [9/68] (2.43ns)   --->   "%empty_47 = writeresp i1 @_ssdm_op_WriteResp.m_axi.p1i512, i512 %gmem0_addr" [/home/efrink/mled/split_cu/U280_CRC_Accelerator/src/kernel.cpp:209]   --->   Operation 162 'writeresp' 'empty_47' <Predicate = true> <Delay = 2.43> <CoreInst = "m_axi">   --->   Core 121 'm_axi' <Latency = 0> <II = 1> <Delay = 1.00> <Adapter> <Opcode : 'read' 'write' 'readreq' 'writereq' 'writeresp'>

State 66 <SV = 65> <Delay = 2.43>
ST_66 : Operation 163 [8/68] (2.43ns)   --->   "%empty_47 = writeresp i1 @_ssdm_op_WriteResp.m_axi.p1i512, i512 %gmem0_addr" [/home/efrink/mled/split_cu/U280_CRC_Accelerator/src/kernel.cpp:209]   --->   Operation 163 'writeresp' 'empty_47' <Predicate = true> <Delay = 2.43> <CoreInst = "m_axi">   --->   Core 121 'm_axi' <Latency = 0> <II = 1> <Delay = 1.00> <Adapter> <Opcode : 'read' 'write' 'readreq' 'writereq' 'writeresp'>

State 67 <SV = 66> <Delay = 2.43>
ST_67 : Operation 164 [7/68] (2.43ns)   --->   "%empty_47 = writeresp i1 @_ssdm_op_WriteResp.m_axi.p1i512, i512 %gmem0_addr" [/home/efrink/mled/split_cu/U280_CRC_Accelerator/src/kernel.cpp:209]   --->   Operation 164 'writeresp' 'empty_47' <Predicate = true> <Delay = 2.43> <CoreInst = "m_axi">   --->   Core 121 'm_axi' <Latency = 0> <II = 1> <Delay = 1.00> <Adapter> <Opcode : 'read' 'write' 'readreq' 'writereq' 'writeresp'>

State 68 <SV = 67> <Delay = 2.43>
ST_68 : Operation 165 [6/68] (2.43ns)   --->   "%empty_47 = writeresp i1 @_ssdm_op_WriteResp.m_axi.p1i512, i512 %gmem0_addr" [/home/efrink/mled/split_cu/U280_CRC_Accelerator/src/kernel.cpp:209]   --->   Operation 165 'writeresp' 'empty_47' <Predicate = true> <Delay = 2.43> <CoreInst = "m_axi">   --->   Core 121 'm_axi' <Latency = 0> <II = 1> <Delay = 1.00> <Adapter> <Opcode : 'read' 'write' 'readreq' 'writereq' 'writeresp'>

State 69 <SV = 68> <Delay = 2.43>
ST_69 : Operation 166 [5/68] (2.43ns)   --->   "%empty_47 = writeresp i1 @_ssdm_op_WriteResp.m_axi.p1i512, i512 %gmem0_addr" [/home/efrink/mled/split_cu/U280_CRC_Accelerator/src/kernel.cpp:209]   --->   Operation 166 'writeresp' 'empty_47' <Predicate = true> <Delay = 2.43> <CoreInst = "m_axi">   --->   Core 121 'm_axi' <Latency = 0> <II = 1> <Delay = 1.00> <Adapter> <Opcode : 'read' 'write' 'readreq' 'writereq' 'writeresp'>

State 70 <SV = 69> <Delay = 2.43>
ST_70 : Operation 167 [4/68] (2.43ns)   --->   "%empty_47 = writeresp i1 @_ssdm_op_WriteResp.m_axi.p1i512, i512 %gmem0_addr" [/home/efrink/mled/split_cu/U280_CRC_Accelerator/src/kernel.cpp:209]   --->   Operation 167 'writeresp' 'empty_47' <Predicate = true> <Delay = 2.43> <CoreInst = "m_axi">   --->   Core 121 'm_axi' <Latency = 0> <II = 1> <Delay = 1.00> <Adapter> <Opcode : 'read' 'write' 'readreq' 'writereq' 'writeresp'>

State 71 <SV = 70> <Delay = 2.43>
ST_71 : Operation 168 [3/68] (2.43ns)   --->   "%empty_47 = writeresp i1 @_ssdm_op_WriteResp.m_axi.p1i512, i512 %gmem0_addr" [/home/efrink/mled/split_cu/U280_CRC_Accelerator/src/kernel.cpp:209]   --->   Operation 168 'writeresp' 'empty_47' <Predicate = true> <Delay = 2.43> <CoreInst = "m_axi">   --->   Core 121 'm_axi' <Latency = 0> <II = 1> <Delay = 1.00> <Adapter> <Opcode : 'read' 'write' 'readreq' 'writereq' 'writeresp'>

State 72 <SV = 71> <Delay = 2.43>
ST_72 : Operation 169 [2/68] (2.43ns)   --->   "%empty_47 = writeresp i1 @_ssdm_op_WriteResp.m_axi.p1i512, i512 %gmem0_addr" [/home/efrink/mled/split_cu/U280_CRC_Accelerator/src/kernel.cpp:209]   --->   Operation 169 'writeresp' 'empty_47' <Predicate = true> <Delay = 2.43> <CoreInst = "m_axi">   --->   Core 121 'm_axi' <Latency = 0> <II = 1> <Delay = 1.00> <Adapter> <Opcode : 'read' 'write' 'readreq' 'writereq' 'writeresp'>

State 73 <SV = 72> <Delay = 2.43>
ST_73 : Operation 170 [1/1] (0.00ns)   --->   "%specinterface_ln0 = specinterface void @_ssdm_op_SpecInterface, i512 %gmem0, void @empty_16, i32 0, i32 0, void @empty, i32 64, i32 1024, void @empty_0, void @empty_1, void @empty, i32 16, i32 16, i32 16, i32 16, void @empty, void @empty, i32 4294967295, i32 0"   --->   Operation 170 'specinterface' 'specinterface_ln0' <Predicate = true> <Delay = 0.00>
ST_73 : Operation 171 [1/68] (2.43ns)   --->   "%empty_47 = writeresp i1 @_ssdm_op_WriteResp.m_axi.p1i512, i512 %gmem0_addr" [/home/efrink/mled/split_cu/U280_CRC_Accelerator/src/kernel.cpp:209]   --->   Operation 171 'writeresp' 'empty_47' <Predicate = true> <Delay = 2.43> <CoreInst = "m_axi">   --->   Core 121 'm_axi' <Latency = 0> <II = 1> <Delay = 1.00> <Adapter> <Opcode : 'read' 'write' 'readreq' 'writereq' 'writeresp'>
ST_73 : Operation 172 [1/1] (0.00ns)   --->   "%ret_ln209 = ret" [/home/efrink/mled/split_cu/U280_CRC_Accelerator/src/kernel.cpp:209]   --->   Operation 172 'ret' 'ret_ln209' <Predicate = true> <Delay = 0.00>


============================================================
+ Verbose Summary: Timing violations
============================================================
Target clock period: 3.33ns, clock uncertainty: 0.9ns.

 <State 1>: 2.43ns
The critical path consists of the following:
	wire read operation ('chunk_size') on port 'chunk_size' [7]  (0 ns)
	'call' operation ('call_ret', /home/efrink/mled/split_cu/U280_CRC_Accelerator/src/kernel.cpp:201) to 'sha256_process_chunk' [11]  (2.43 ns)

 <State 2>: 1.27ns
The critical path consists of the following:
	'call' operation ('call_ret', /home/efrink/mled/split_cu/U280_CRC_Accelerator/src/kernel.cpp:201) to 'sha256_process_chunk' [11]  (1.27 ns)

 <State 3>: 0.656ns
The critical path consists of the following:
	'call' operation ('call_ln201', /home/efrink/mled/split_cu/U280_CRC_Accelerator/src/kernel.cpp:201) to 'sha256_process_and_write_chunk_Pipeline_write_digest' [20]  (0.656 ns)

 <State 4>: 2.43ns
The critical path consists of the following:
	wire read operation ('out_words') on port 'out_words' [6]  (0 ns)
	'getelementptr' operation ('gmem0_addr', /home/efrink/mled/split_cu/U280_CRC_Accelerator/src/kernel.cpp:209) [31]  (0 ns)
	bus request operation ('empty', /home/efrink/mled/split_cu/U280_CRC_Accelerator/src/kernel.cpp:209) on port 'gmem0' (/home/efrink/mled/split_cu/U280_CRC_Accelerator/src/kernel.cpp:209) [32]  (2.43 ns)

 <State 5>: 2.43ns
The critical path consists of the following:
	bus write operation ('write_ln209', /home/efrink/mled/split_cu/U280_CRC_Accelerator/src/kernel.cpp:209) on port 'gmem0' (/home/efrink/mled/split_cu/U280_CRC_Accelerator/src/kernel.cpp:209) [33]  (2.43 ns)

 <State 6>: 2.43ns
The critical path consists of the following:
	bus response operation ('empty_47', /home/efrink/mled/split_cu/U280_CRC_Accelerator/src/kernel.cpp:209) on port 'gmem0' (/home/efrink/mled/split_cu/U280_CRC_Accelerator/src/kernel.cpp:209) [34]  (2.43 ns)

 <State 7>: 2.43ns
The critical path consists of the following:
	bus response operation ('empty_47', /home/efrink/mled/split_cu/U280_CRC_Accelerator/src/kernel.cpp:209) on port 'gmem0' (/home/efrink/mled/split_cu/U280_CRC_Accelerator/src/kernel.cpp:209) [34]  (2.43 ns)

 <State 8>: 2.43ns
The critical path consists of the following:
	bus response operation ('empty_47', /home/efrink/mled/split_cu/U280_CRC_Accelerator/src/kernel.cpp:209) on port 'gmem0' (/home/efrink/mled/split_cu/U280_CRC_Accelerator/src/kernel.cpp:209) [34]  (2.43 ns)

 <State 9>: 2.43ns
The critical path consists of the following:
	bus response operation ('empty_47', /home/efrink/mled/split_cu/U280_CRC_Accelerator/src/kernel.cpp:209) on port 'gmem0' (/home/efrink/mled/split_cu/U280_CRC_Accelerator/src/kernel.cpp:209) [34]  (2.43 ns)

 <State 10>: 2.43ns
The critical path consists of the following:
	bus response operation ('empty_47', /home/efrink/mled/split_cu/U280_CRC_Accelerator/src/kernel.cpp:209) on port 'gmem0' (/home/efrink/mled/split_cu/U280_CRC_Accelerator/src/kernel.cpp:209) [34]  (2.43 ns)

 <State 11>: 2.43ns
The critical path consists of the following:
	bus response operation ('empty_47', /home/efrink/mled/split_cu/U280_CRC_Accelerator/src/kernel.cpp:209) on port 'gmem0' (/home/efrink/mled/split_cu/U280_CRC_Accelerator/src/kernel.cpp:209) [34]  (2.43 ns)

 <State 12>: 2.43ns
The critical path consists of the following:
	bus response operation ('empty_47', /home/efrink/mled/split_cu/U280_CRC_Accelerator/src/kernel.cpp:209) on port 'gmem0' (/home/efrink/mled/split_cu/U280_CRC_Accelerator/src/kernel.cpp:209) [34]  (2.43 ns)

 <State 13>: 2.43ns
The critical path consists of the following:
	bus response operation ('empty_47', /home/efrink/mled/split_cu/U280_CRC_Accelerator/src/kernel.cpp:209) on port 'gmem0' (/home/efrink/mled/split_cu/U280_CRC_Accelerator/src/kernel.cpp:209) [34]  (2.43 ns)

 <State 14>: 2.43ns
The critical path consists of the following:
	bus response operation ('empty_47', /home/efrink/mled/split_cu/U280_CRC_Accelerator/src/kernel.cpp:209) on port 'gmem0' (/home/efrink/mled/split_cu/U280_CRC_Accelerator/src/kernel.cpp:209) [34]  (2.43 ns)

 <State 15>: 2.43ns
The critical path consists of the following:
	bus response operation ('empty_47', /home/efrink/mled/split_cu/U280_CRC_Accelerator/src/kernel.cpp:209) on port 'gmem0' (/home/efrink/mled/split_cu/U280_CRC_Accelerator/src/kernel.cpp:209) [34]  (2.43 ns)

 <State 16>: 2.43ns
The critical path consists of the following:
	bus response operation ('empty_47', /home/efrink/mled/split_cu/U280_CRC_Accelerator/src/kernel.cpp:209) on port 'gmem0' (/home/efrink/mled/split_cu/U280_CRC_Accelerator/src/kernel.cpp:209) [34]  (2.43 ns)

 <State 17>: 2.43ns
The critical path consists of the following:
	bus response operation ('empty_47', /home/efrink/mled/split_cu/U280_CRC_Accelerator/src/kernel.cpp:209) on port 'gmem0' (/home/efrink/mled/split_cu/U280_CRC_Accelerator/src/kernel.cpp:209) [34]  (2.43 ns)

 <State 18>: 2.43ns
The critical path consists of the following:
	bus response operation ('empty_47', /home/efrink/mled/split_cu/U280_CRC_Accelerator/src/kernel.cpp:209) on port 'gmem0' (/home/efrink/mled/split_cu/U280_CRC_Accelerator/src/kernel.cpp:209) [34]  (2.43 ns)

 <State 19>: 2.43ns
The critical path consists of the following:
	bus response operation ('empty_47', /home/efrink/mled/split_cu/U280_CRC_Accelerator/src/kernel.cpp:209) on port 'gmem0' (/home/efrink/mled/split_cu/U280_CRC_Accelerator/src/kernel.cpp:209) [34]  (2.43 ns)

 <State 20>: 2.43ns
The critical path consists of the following:
	bus response operation ('empty_47', /home/efrink/mled/split_cu/U280_CRC_Accelerator/src/kernel.cpp:209) on port 'gmem0' (/home/efrink/mled/split_cu/U280_CRC_Accelerator/src/kernel.cpp:209) [34]  (2.43 ns)

 <State 21>: 2.43ns
The critical path consists of the following:
	bus response operation ('empty_47', /home/efrink/mled/split_cu/U280_CRC_Accelerator/src/kernel.cpp:209) on port 'gmem0' (/home/efrink/mled/split_cu/U280_CRC_Accelerator/src/kernel.cpp:209) [34]  (2.43 ns)

 <State 22>: 2.43ns
The critical path consists of the following:
	bus response operation ('empty_47', /home/efrink/mled/split_cu/U280_CRC_Accelerator/src/kernel.cpp:209) on port 'gmem0' (/home/efrink/mled/split_cu/U280_CRC_Accelerator/src/kernel.cpp:209) [34]  (2.43 ns)

 <State 23>: 2.43ns
The critical path consists of the following:
	bus response operation ('empty_47', /home/efrink/mled/split_cu/U280_CRC_Accelerator/src/kernel.cpp:209) on port 'gmem0' (/home/efrink/mled/split_cu/U280_CRC_Accelerator/src/kernel.cpp:209) [34]  (2.43 ns)

 <State 24>: 2.43ns
The critical path consists of the following:
	bus response operation ('empty_47', /home/efrink/mled/split_cu/U280_CRC_Accelerator/src/kernel.cpp:209) on port 'gmem0' (/home/efrink/mled/split_cu/U280_CRC_Accelerator/src/kernel.cpp:209) [34]  (2.43 ns)

 <State 25>: 2.43ns
The critical path consists of the following:
	bus response operation ('empty_47', /home/efrink/mled/split_cu/U280_CRC_Accelerator/src/kernel.cpp:209) on port 'gmem0' (/home/efrink/mled/split_cu/U280_CRC_Accelerator/src/kernel.cpp:209) [34]  (2.43 ns)

 <State 26>: 2.43ns
The critical path consists of the following:
	bus response operation ('empty_47', /home/efrink/mled/split_cu/U280_CRC_Accelerator/src/kernel.cpp:209) on port 'gmem0' (/home/efrink/mled/split_cu/U280_CRC_Accelerator/src/kernel.cpp:209) [34]  (2.43 ns)

 <State 27>: 2.43ns
The critical path consists of the following:
	bus response operation ('empty_47', /home/efrink/mled/split_cu/U280_CRC_Accelerator/src/kernel.cpp:209) on port 'gmem0' (/home/efrink/mled/split_cu/U280_CRC_Accelerator/src/kernel.cpp:209) [34]  (2.43 ns)

 <State 28>: 2.43ns
The critical path consists of the following:
	bus response operation ('empty_47', /home/efrink/mled/split_cu/U280_CRC_Accelerator/src/kernel.cpp:209) on port 'gmem0' (/home/efrink/mled/split_cu/U280_CRC_Accelerator/src/kernel.cpp:209) [34]  (2.43 ns)

 <State 29>: 2.43ns
The critical path consists of the following:
	bus response operation ('empty_47', /home/efrink/mled/split_cu/U280_CRC_Accelerator/src/kernel.cpp:209) on port 'gmem0' (/home/efrink/mled/split_cu/U280_CRC_Accelerator/src/kernel.cpp:209) [34]  (2.43 ns)

 <State 30>: 2.43ns
The critical path consists of the following:
	bus response operation ('empty_47', /home/efrink/mled/split_cu/U280_CRC_Accelerator/src/kernel.cpp:209) on port 'gmem0' (/home/efrink/mled/split_cu/U280_CRC_Accelerator/src/kernel.cpp:209) [34]  (2.43 ns)

 <State 31>: 2.43ns
The critical path consists of the following:
	bus response operation ('empty_47', /home/efrink/mled/split_cu/U280_CRC_Accelerator/src/kernel.cpp:209) on port 'gmem0' (/home/efrink/mled/split_cu/U280_CRC_Accelerator/src/kernel.cpp:209) [34]  (2.43 ns)

 <State 32>: 2.43ns
The critical path consists of the following:
	bus response operation ('empty_47', /home/efrink/mled/split_cu/U280_CRC_Accelerator/src/kernel.cpp:209) on port 'gmem0' (/home/efrink/mled/split_cu/U280_CRC_Accelerator/src/kernel.cpp:209) [34]  (2.43 ns)

 <State 33>: 2.43ns
The critical path consists of the following:
	bus response operation ('empty_47', /home/efrink/mled/split_cu/U280_CRC_Accelerator/src/kernel.cpp:209) on port 'gmem0' (/home/efrink/mled/split_cu/U280_CRC_Accelerator/src/kernel.cpp:209) [34]  (2.43 ns)

 <State 34>: 2.43ns
The critical path consists of the following:
	bus response operation ('empty_47', /home/efrink/mled/split_cu/U280_CRC_Accelerator/src/kernel.cpp:209) on port 'gmem0' (/home/efrink/mled/split_cu/U280_CRC_Accelerator/src/kernel.cpp:209) [34]  (2.43 ns)

 <State 35>: 2.43ns
The critical path consists of the following:
	bus response operation ('empty_47', /home/efrink/mled/split_cu/U280_CRC_Accelerator/src/kernel.cpp:209) on port 'gmem0' (/home/efrink/mled/split_cu/U280_CRC_Accelerator/src/kernel.cpp:209) [34]  (2.43 ns)

 <State 36>: 2.43ns
The critical path consists of the following:
	bus response operation ('empty_47', /home/efrink/mled/split_cu/U280_CRC_Accelerator/src/kernel.cpp:209) on port 'gmem0' (/home/efrink/mled/split_cu/U280_CRC_Accelerator/src/kernel.cpp:209) [34]  (2.43 ns)

 <State 37>: 2.43ns
The critical path consists of the following:
	bus response operation ('empty_47', /home/efrink/mled/split_cu/U280_CRC_Accelerator/src/kernel.cpp:209) on port 'gmem0' (/home/efrink/mled/split_cu/U280_CRC_Accelerator/src/kernel.cpp:209) [34]  (2.43 ns)

 <State 38>: 2.43ns
The critical path consists of the following:
	bus response operation ('empty_47', /home/efrink/mled/split_cu/U280_CRC_Accelerator/src/kernel.cpp:209) on port 'gmem0' (/home/efrink/mled/split_cu/U280_CRC_Accelerator/src/kernel.cpp:209) [34]  (2.43 ns)

 <State 39>: 2.43ns
The critical path consists of the following:
	bus response operation ('empty_47', /home/efrink/mled/split_cu/U280_CRC_Accelerator/src/kernel.cpp:209) on port 'gmem0' (/home/efrink/mled/split_cu/U280_CRC_Accelerator/src/kernel.cpp:209) [34]  (2.43 ns)

 <State 40>: 2.43ns
The critical path consists of the following:
	bus response operation ('empty_47', /home/efrink/mled/split_cu/U280_CRC_Accelerator/src/kernel.cpp:209) on port 'gmem0' (/home/efrink/mled/split_cu/U280_CRC_Accelerator/src/kernel.cpp:209) [34]  (2.43 ns)

 <State 41>: 2.43ns
The critical path consists of the following:
	bus response operation ('empty_47', /home/efrink/mled/split_cu/U280_CRC_Accelerator/src/kernel.cpp:209) on port 'gmem0' (/home/efrink/mled/split_cu/U280_CRC_Accelerator/src/kernel.cpp:209) [34]  (2.43 ns)

 <State 42>: 2.43ns
The critical path consists of the following:
	bus response operation ('empty_47', /home/efrink/mled/split_cu/U280_CRC_Accelerator/src/kernel.cpp:209) on port 'gmem0' (/home/efrink/mled/split_cu/U280_CRC_Accelerator/src/kernel.cpp:209) [34]  (2.43 ns)

 <State 43>: 2.43ns
The critical path consists of the following:
	bus response operation ('empty_47', /home/efrink/mled/split_cu/U280_CRC_Accelerator/src/kernel.cpp:209) on port 'gmem0' (/home/efrink/mled/split_cu/U280_CRC_Accelerator/src/kernel.cpp:209) [34]  (2.43 ns)

 <State 44>: 2.43ns
The critical path consists of the following:
	bus response operation ('empty_47', /home/efrink/mled/split_cu/U280_CRC_Accelerator/src/kernel.cpp:209) on port 'gmem0' (/home/efrink/mled/split_cu/U280_CRC_Accelerator/src/kernel.cpp:209) [34]  (2.43 ns)

 <State 45>: 2.43ns
The critical path consists of the following:
	bus response operation ('empty_47', /home/efrink/mled/split_cu/U280_CRC_Accelerator/src/kernel.cpp:209) on port 'gmem0' (/home/efrink/mled/split_cu/U280_CRC_Accelerator/src/kernel.cpp:209) [34]  (2.43 ns)

 <State 46>: 2.43ns
The critical path consists of the following:
	bus response operation ('empty_47', /home/efrink/mled/split_cu/U280_CRC_Accelerator/src/kernel.cpp:209) on port 'gmem0' (/home/efrink/mled/split_cu/U280_CRC_Accelerator/src/kernel.cpp:209) [34]  (2.43 ns)

 <State 47>: 2.43ns
The critical path consists of the following:
	bus response operation ('empty_47', /home/efrink/mled/split_cu/U280_CRC_Accelerator/src/kernel.cpp:209) on port 'gmem0' (/home/efrink/mled/split_cu/U280_CRC_Accelerator/src/kernel.cpp:209) [34]  (2.43 ns)

 <State 48>: 2.43ns
The critical path consists of the following:
	bus response operation ('empty_47', /home/efrink/mled/split_cu/U280_CRC_Accelerator/src/kernel.cpp:209) on port 'gmem0' (/home/efrink/mled/split_cu/U280_CRC_Accelerator/src/kernel.cpp:209) [34]  (2.43 ns)

 <State 49>: 2.43ns
The critical path consists of the following:
	bus response operation ('empty_47', /home/efrink/mled/split_cu/U280_CRC_Accelerator/src/kernel.cpp:209) on port 'gmem0' (/home/efrink/mled/split_cu/U280_CRC_Accelerator/src/kernel.cpp:209) [34]  (2.43 ns)

 <State 50>: 2.43ns
The critical path consists of the following:
	bus response operation ('empty_47', /home/efrink/mled/split_cu/U280_CRC_Accelerator/src/kernel.cpp:209) on port 'gmem0' (/home/efrink/mled/split_cu/U280_CRC_Accelerator/src/kernel.cpp:209) [34]  (2.43 ns)

 <State 51>: 2.43ns
The critical path consists of the following:
	bus response operation ('empty_47', /home/efrink/mled/split_cu/U280_CRC_Accelerator/src/kernel.cpp:209) on port 'gmem0' (/home/efrink/mled/split_cu/U280_CRC_Accelerator/src/kernel.cpp:209) [34]  (2.43 ns)

 <State 52>: 2.43ns
The critical path consists of the following:
	bus response operation ('empty_47', /home/efrink/mled/split_cu/U280_CRC_Accelerator/src/kernel.cpp:209) on port 'gmem0' (/home/efrink/mled/split_cu/U280_CRC_Accelerator/src/kernel.cpp:209) [34]  (2.43 ns)

 <State 53>: 2.43ns
The critical path consists of the following:
	bus response operation ('empty_47', /home/efrink/mled/split_cu/U280_CRC_Accelerator/src/kernel.cpp:209) on port 'gmem0' (/home/efrink/mled/split_cu/U280_CRC_Accelerator/src/kernel.cpp:209) [34]  (2.43 ns)

 <State 54>: 2.43ns
The critical path consists of the following:
	bus response operation ('empty_47', /home/efrink/mled/split_cu/U280_CRC_Accelerator/src/kernel.cpp:209) on port 'gmem0' (/home/efrink/mled/split_cu/U280_CRC_Accelerator/src/kernel.cpp:209) [34]  (2.43 ns)

 <State 55>: 2.43ns
The critical path consists of the following:
	bus response operation ('empty_47', /home/efrink/mled/split_cu/U280_CRC_Accelerator/src/kernel.cpp:209) on port 'gmem0' (/home/efrink/mled/split_cu/U280_CRC_Accelerator/src/kernel.cpp:209) [34]  (2.43 ns)

 <State 56>: 2.43ns
The critical path consists of the following:
	bus response operation ('empty_47', /home/efrink/mled/split_cu/U280_CRC_Accelerator/src/kernel.cpp:209) on port 'gmem0' (/home/efrink/mled/split_cu/U280_CRC_Accelerator/src/kernel.cpp:209) [34]  (2.43 ns)

 <State 57>: 2.43ns
The critical path consists of the following:
	bus response operation ('empty_47', /home/efrink/mled/split_cu/U280_CRC_Accelerator/src/kernel.cpp:209) on port 'gmem0' (/home/efrink/mled/split_cu/U280_CRC_Accelerator/src/kernel.cpp:209) [34]  (2.43 ns)

 <State 58>: 2.43ns
The critical path consists of the following:
	bus response operation ('empty_47', /home/efrink/mled/split_cu/U280_CRC_Accelerator/src/kernel.cpp:209) on port 'gmem0' (/home/efrink/mled/split_cu/U280_CRC_Accelerator/src/kernel.cpp:209) [34]  (2.43 ns)

 <State 59>: 2.43ns
The critical path consists of the following:
	bus response operation ('empty_47', /home/efrink/mled/split_cu/U280_CRC_Accelerator/src/kernel.cpp:209) on port 'gmem0' (/home/efrink/mled/split_cu/U280_CRC_Accelerator/src/kernel.cpp:209) [34]  (2.43 ns)

 <State 60>: 2.43ns
The critical path consists of the following:
	bus response operation ('empty_47', /home/efrink/mled/split_cu/U280_CRC_Accelerator/src/kernel.cpp:209) on port 'gmem0' (/home/efrink/mled/split_cu/U280_CRC_Accelerator/src/kernel.cpp:209) [34]  (2.43 ns)

 <State 61>: 2.43ns
The critical path consists of the following:
	bus response operation ('empty_47', /home/efrink/mled/split_cu/U280_CRC_Accelerator/src/kernel.cpp:209) on port 'gmem0' (/home/efrink/mled/split_cu/U280_CRC_Accelerator/src/kernel.cpp:209) [34]  (2.43 ns)

 <State 62>: 2.43ns
The critical path consists of the following:
	bus response operation ('empty_47', /home/efrink/mled/split_cu/U280_CRC_Accelerator/src/kernel.cpp:209) on port 'gmem0' (/home/efrink/mled/split_cu/U280_CRC_Accelerator/src/kernel.cpp:209) [34]  (2.43 ns)

 <State 63>: 2.43ns
The critical path consists of the following:
	bus response operation ('empty_47', /home/efrink/mled/split_cu/U280_CRC_Accelerator/src/kernel.cpp:209) on port 'gmem0' (/home/efrink/mled/split_cu/U280_CRC_Accelerator/src/kernel.cpp:209) [34]  (2.43 ns)

 <State 64>: 2.43ns
The critical path consists of the following:
	bus response operation ('empty_47', /home/efrink/mled/split_cu/U280_CRC_Accelerator/src/kernel.cpp:209) on port 'gmem0' (/home/efrink/mled/split_cu/U280_CRC_Accelerator/src/kernel.cpp:209) [34]  (2.43 ns)

 <State 65>: 2.43ns
The critical path consists of the following:
	bus response operation ('empty_47', /home/efrink/mled/split_cu/U280_CRC_Accelerator/src/kernel.cpp:209) on port 'gmem0' (/home/efrink/mled/split_cu/U280_CRC_Accelerator/src/kernel.cpp:209) [34]  (2.43 ns)

 <State 66>: 2.43ns
The critical path consists of the following:
	bus response operation ('empty_47', /home/efrink/mled/split_cu/U280_CRC_Accelerator/src/kernel.cpp:209) on port 'gmem0' (/home/efrink/mled/split_cu/U280_CRC_Accelerator/src/kernel.cpp:209) [34]  (2.43 ns)

 <State 67>: 2.43ns
The critical path consists of the following:
	bus response operation ('empty_47', /home/efrink/mled/split_cu/U280_CRC_Accelerator/src/kernel.cpp:209) on port 'gmem0' (/home/efrink/mled/split_cu/U280_CRC_Accelerator/src/kernel.cpp:209) [34]  (2.43 ns)

 <State 68>: 2.43ns
The critical path consists of the following:
	bus response operation ('empty_47', /home/efrink/mled/split_cu/U280_CRC_Accelerator/src/kernel.cpp:209) on port 'gmem0' (/home/efrink/mled/split_cu/U280_CRC_Accelerator/src/kernel.cpp:209) [34]  (2.43 ns)

 <State 69>: 2.43ns
The critical path consists of the following:
	bus response operation ('empty_47', /home/efrink/mled/split_cu/U280_CRC_Accelerator/src/kernel.cpp:209) on port 'gmem0' (/home/efrink/mled/split_cu/U280_CRC_Accelerator/src/kernel.cpp:209) [34]  (2.43 ns)

 <State 70>: 2.43ns
The critical path consists of the following:
	bus response operation ('empty_47', /home/efrink/mled/split_cu/U280_CRC_Accelerator/src/kernel.cpp:209) on port 'gmem0' (/home/efrink/mled/split_cu/U280_CRC_Accelerator/src/kernel.cpp:209) [34]  (2.43 ns)

 <State 71>: 2.43ns
The critical path consists of the following:
	bus response operation ('empty_47', /home/efrink/mled/split_cu/U280_CRC_Accelerator/src/kernel.cpp:209) on port 'gmem0' (/home/efrink/mled/split_cu/U280_CRC_Accelerator/src/kernel.cpp:209) [34]  (2.43 ns)

 <State 72>: 2.43ns
The critical path consists of the following:
	bus response operation ('empty_47', /home/efrink/mled/split_cu/U280_CRC_Accelerator/src/kernel.cpp:209) on port 'gmem0' (/home/efrink/mled/split_cu/U280_CRC_Accelerator/src/kernel.cpp:209) [34]  (2.43 ns)

 <State 73>: 2.43ns
The critical path consists of the following:
	bus response operation ('empty_47', /home/efrink/mled/split_cu/U280_CRC_Accelerator/src/kernel.cpp:209) on port 'gmem0' (/home/efrink/mled/split_cu/U280_CRC_Accelerator/src/kernel.cpp:209) [34]  (2.43 ns)


============================================================
+ Verbose Summary: Binding
============================================================
N/A
* FSMD analyzer results:
  - Output states:
 - Input state : 
  - Chain level:
	State 1
	State 2
	State 3
	State 4
	State 5
	State 6
	State 7
	State 8
	State 9
	State 10
	State 11
	State 12
	State 13
	State 14
	State 15
	State 16
	State 17
	State 18
	State 19
	State 20
	State 21
	State 22
	State 23
	State 24
	State 25
	State 26
	State 27
	State 28
	State 29
	State 30
	State 31
	State 32
	State 33
	State 34
	State 35
	State 36
	State 37
	State 38
	State 39
	State 40
	State 41
	State 42
	State 43
	State 44
	State 45
	State 46
	State 47
	State 48
	State 49
	State 50
	State 51
	State 52
	State 53
	State 54
	State 55
	State 56
	State 57
	State 58
	State 59
	State 60
	State 61
	State 62
	State 63
	State 64
	State 65
	State 66
	State 67
	State 68
	State 69
	State 70
	State 71
	State 72
	State 73


============================================================
+ Verbose Summary: Datapath Resource usage 
============================================================
N/A
