

================================================================
== Vitis HLS Report for 'sha256_process_chunk_Pipeline_copy_remainder'
================================================================
* Date:           Thu Apr  2 18:19:24 2026

* Version:        2022.1 (Build 3526262 on Mon Apr 18 15:47:01 MDT 2022)
* Project:        calculate_sha256
* Solution:       solution (Vitis Kernel Flow Target)
* Product family: virtexuplus
* Target device:  xcu280-fsvh2892-2L-e


================================================================
== Performance Estimates
================================================================
+ Timing: 
    * Summary: 
    +--------+---------+----------+------------+
    |  Clock |  Target | Estimated| Uncertainty|
    +--------+---------+----------+------------+
    |ap_clk  |  3.33 ns|  2.433 ns|     0.90 ns|
    +--------+---------+----------+------------+

+ Latency: 
    * Summary: 
    +---------+---------+----------+----------+-----+-----+---------+
    |  Latency (cycles) |  Latency (absolute) |  Interval | Pipeline|
    |   min   |   max   |    min   |    max   | min | max |   Type  |
    +---------+---------+----------+----------+-----+-----+---------+
    |        2|      136|  6.666 ns|  0.453 us|    2|  136|       no|
    +---------+---------+----------+----------+-----+-----+---------+

    + Detail: 
        * Instance: 
        N/A

        * Loop: 
        +------------------+---------+---------+----------+-----------+-----------+--------+----------+
        |                  |  Latency (cycles) | Iteration|  Initiation Interval  |  Trip  |          |
        |     Loop Name    |   min   |   max   |  Latency |  achieved |   target  |  Count | Pipelined|
        +------------------+---------+---------+----------+-----------+-----------+--------+----------+
        |- copy_remainder  |        0|      134|        73|          1|          1|  0 ~ 63|       yes|
        +------------------+---------+---------+----------+-----------+-----------+--------+----------+

============================================================
+ Verbose Summary: Synthesis Manager
============================================================
InlineROM: 1
ExposeGlobal: 0
============================================================
+ Verbose Summary: CDFG Model
============================================================
IsTopModel: 0
ResetActiveHigh: 1
IsCombinational: 0
IsDatapathOnly: 0
HasWiredReturn: 1
HasMFsm: 2
HasVarLatency: 1
IsPipeline: 0
IsRtlPipelined: 0
IsInstanceOverlapped: 0
IsDontTouch: 0
HasImplIP: 0
IsGatedGlobalClock: 0

+ Individual pipeline summary: 
  * Pipeline-0: initiation interval (II) = 1, depth = 73


============================================================
+ Verbose Summary: Schedule
============================================================
* Number of FSM states : 73
* Pipeline : 1
  Pipeline-0 : II = 1, D = 73, States = { 1 2 3 4 5 6 7 8 9 10 11 12 13 14 15 16 17 18 19 20 21 22 23 24 25 26 27 28 29 30 31 32 33 34 35 36 37 38 39 40 41 42 43 44 45 46 47 48 49 50 51 52 53 54 55 56 57 58 59 60 61 62 63 64 65 66 67 68 69 70 71 72 73 }
* Dataflow Pipeline: 0

* FSM state transitions: 
1 --> 2 
2 --> 3 
3 --> 4 
4 --> 5 
5 --> 6 
6 --> 7 
7 --> 8 
8 --> 9 
9 --> 10 
10 --> 11 
11 --> 12 
12 --> 13 
13 --> 14 
14 --> 15 
15 --> 16 
16 --> 17 
17 --> 18 
18 --> 19 
19 --> 20 
20 --> 21 
21 --> 22 
22 --> 23 
23 --> 24 
24 --> 25 
25 --> 26 
26 --> 27 
27 --> 28 
28 --> 29 
29 --> 30 
30 --> 31 
31 --> 32 
32 --> 33 
33 --> 34 
34 --> 35 
35 --> 36 
36 --> 37 
37 --> 38 
38 --> 39 
39 --> 40 
40 --> 41 
41 --> 42 
42 --> 43 
43 --> 44 
44 --> 45 
45 --> 46 
46 --> 47 
47 --> 48 
48 --> 49 
49 --> 50 
50 --> 51 
51 --> 52 
52 --> 53 
53 --> 54 
54 --> 55 
55 --> 56 
56 --> 57 
57 --> 58 
58 --> 59 
59 --> 60 
60 --> 61 
61 --> 62 
62 --> 63 
63 --> 64 
64 --> 65 
65 --> 66 
66 --> 67 
67 --> 68 
68 --> 69 
69 --> 70 
70 --> 71 
71 --> 72 
72 --> 73 
73 --> 

* FSM state operations: 

State 1 <SV = 0> <Delay = 1.09>
ST_1 : Operation 76 [1/1] (0.00ns)   --->   "%i_1 = alloca i32 1"   --->   Operation 76 'alloca' 'i_1' <Predicate = true> <Delay = 0.00>
ST_1 : Operation 77 [1/1] (0.00ns)   --->   "%trunc_ln4_read = read i6 @_ssdm_op_Read.ap_auto.i6, i6 %trunc_ln4"   --->   Operation 77 'read' 'trunc_ln4_read' <Predicate = true> <Delay = 0.00>
ST_1 : Operation 78 [1/1] (0.00ns)   --->   "%zext_ln264_1_read = read i32 @_ssdm_op_Read.ap_auto.i32, i32 %zext_ln264_1"   --->   Operation 78 'read' 'zext_ln264_1_read' <Predicate = true> <Delay = 0.00>
ST_1 : Operation 79 [1/1] (0.00ns)   --->   "%chunk_read = read i64 @_ssdm_op_Read.ap_auto.i64, i64 %chunk"   --->   Operation 79 'read' 'chunk_read' <Predicate = true> <Delay = 0.00>
ST_1 : Operation 80 [1/1] (0.00ns)   --->   "%rem_read = read i6 @_ssdm_op_Read.ap_auto.i6, i6 %rem_r"   --->   Operation 80 'read' 'rem_read' <Predicate = true> <Delay = 0.00>
ST_1 : Operation 81 [1/1] (0.00ns)   --->   "%zext_ln264_1_cast = zext i32 %zext_ln264_1_read"   --->   Operation 81 'zext' 'zext_ln264_1_cast' <Predicate = true> <Delay = 0.00>
ST_1 : Operation 82 [1/1] (0.00ns)   --->   "%specinterface_ln0 = specinterface void @_ssdm_op_SpecInterface, i512 %gmem0, void @empty_16, i32 0, i32 0, void @empty, i32 64, i32 1024, void @empty_0, void @empty_1, void @empty, i32 16, i32 16, i32 16, i32 16, void @empty, void @empty, i32 4294967295, i32 0"   --->   Operation 82 'specinterface' 'specinterface_ln0' <Predicate = true> <Delay = 0.00>
ST_1 : Operation 83 [1/1] (0.38ns)   --->   "%store_ln0 = store i6 0, i6 %i_1"   --->   Operation 83 'store' 'store_ln0' <Predicate = true> <Delay = 0.38>
ST_1 : Operation 84 [1/1] (0.00ns)   --->   "%br_ln0 = br void %for.inc45"   --->   Operation 84 'br' 'br_ln0' <Predicate = true> <Delay = 0.00>
ST_1 : Operation 85 [1/1] (0.00ns)   --->   "%i = load i6 %i_1" [/home/efrink/mled/split_cu/U280_CRC_Accelerator/src/kernel.cpp:262]   --->   Operation 85 'load' 'i' <Predicate = true> <Delay = 0.00>
ST_1 : Operation 86 [1/1] (0.61ns)   --->   "%icmp_ln259 = icmp_eq  i6 %i, i6 %rem_read" [/home/efrink/mled/split_cu/U280_CRC_Accelerator/src/kernel.cpp:259]   --->   Operation 86 'icmp' 'icmp_ln259' <Predicate = true> <Delay = 0.61> <CoreInst = "Cmp">   --->   Core 9 'Cmp' <Latency = 0> <II = 1> <Delay = 0.61> <FuncUnit> <Opcode : 'icmp'> <InPorts = 2> <OutPorts = 1>
ST_1 : Operation 87 [1/1] (0.00ns)   --->   "%empty = speclooptripcount i32 @_ssdm_op_SpecLoopTripCount, i64 0, i64 63, i64 0"   --->   Operation 87 'speclooptripcount' 'empty' <Predicate = true> <Delay = 0.00>
ST_1 : Operation 88 [1/1] (0.70ns)   --->   "%add_ln259 = add i6 %i, i6 1" [/home/efrink/mled/split_cu/U280_CRC_Accelerator/src/kernel.cpp:259]   --->   Operation 88 'add' 'add_ln259' <Predicate = true> <Delay = 0.70> <CoreInst = "Adder">   --->   Core 1 'Adder' <Latency = 0> <II = 1> <Delay = 0.70> <FuncUnit> <Opcode : 'add' 'sub'> <InPorts = 2> <OutPorts = 1>
ST_1 : Operation 89 [1/1] (0.00ns)   --->   "%br_ln259 = br i1 %icmp_ln259, void %for.inc45.split, void %for.end47.loopexit.exitStub" [/home/efrink/mled/split_cu/U280_CRC_Accelerator/src/kernel.cpp:259]   --->   Operation 89 'br' 'br_ln259' <Predicate = true> <Delay = 0.00>
ST_1 : Operation 90 [1/1] (0.00ns)   --->   "%zext_ln259 = zext i6 %i" [/home/efrink/mled/split_cu/U280_CRC_Accelerator/src/kernel.cpp:259]   --->   Operation 90 'zext' 'zext_ln259' <Predicate = (!icmp_ln259)> <Delay = 0.00>
ST_1 : Operation 91 [1/1] (0.00ns) (grouped into TernaryAdder)   --->   "%add_ln262_2 = add i64 %zext_ln259, i64 %chunk_read" [/home/efrink/mled/split_cu/U280_CRC_Accelerator/src/kernel.cpp:262]   --->   Operation 91 'add' 'add_ln262_2' <Predicate = (!icmp_ln259)> <Delay = 0.00> <CoreInst = "TAddSub">   --->   Core 10 'TAddSub' <Latency = 0> <II = 1> <Delay = 0.42> <IPBlock> <Opcode : 'add' 'sub'> <InPorts = 3> <OutPorts = 1> <Sync> <CReg>
ST_1 : Operation 92 [1/1] (0.84ns) (root node of TernaryAdder)   --->   "%add_ln262 = add i64 %add_ln262_2, i64 %zext_ln264_1_cast" [/home/efrink/mled/split_cu/U280_CRC_Accelerator/src/kernel.cpp:262]   --->   Operation 92 'add' 'add_ln262' <Predicate = (!icmp_ln259)> <Delay = 0.84> <CoreInst = "TAddSub">   --->   Core 10 'TAddSub' <Latency = 0> <II = 1> <Delay = 0.42> <IPBlock> <Opcode : 'add' 'sub'> <InPorts = 3> <OutPorts = 1> <Sync> <CReg>
ST_1 : Operation 93 [1/1] (0.00ns)   --->   "%trunc_ln5 = partselect i58 @_ssdm_op_PartSelect.i58.i64.i32.i32, i64 %add_ln262, i32 6, i32 63" [/home/efrink/mled/split_cu/U280_CRC_Accelerator/src/kernel.cpp:262]   --->   Operation 93 'partselect' 'trunc_ln5' <Predicate = (!icmp_ln259)> <Delay = 0.00>
ST_1 : Operation 94 [1/1] (0.70ns)   --->   "%add_ln262_1 = add i6 %trunc_ln4_read, i6 %i" [/home/efrink/mled/split_cu/U280_CRC_Accelerator/src/kernel.cpp:262]   --->   Operation 94 'add' 'add_ln262_1' <Predicate = (!icmp_ln259)> <Delay = 0.70> <CoreInst = "Adder">   --->   Core 1 'Adder' <Latency = 0> <II = 1> <Delay = 0.70> <FuncUnit> <Opcode : 'add' 'sub'> <InPorts = 2> <OutPorts = 1>
ST_1 : Operation 95 [1/1] (0.38ns)   --->   "%store_ln259 = store i6 %add_ln259, i6 %i_1" [/home/efrink/mled/split_cu/U280_CRC_Accelerator/src/kernel.cpp:259]   --->   Operation 95 'store' 'store_ln259' <Predicate = (!icmp_ln259)> <Delay = 0.38>

State 2 <SV = 1> <Delay = 2.43>
ST_2 : Operation 96 [1/1] (0.00ns)   --->   "%sext_ln262 = sext i58 %trunc_ln5" [/home/efrink/mled/split_cu/U280_CRC_Accelerator/src/kernel.cpp:262]   --->   Operation 96 'sext' 'sext_ln262' <Predicate = true> <Delay = 0.00>
ST_2 : Operation 97 [1/1] (0.00ns)   --->   "%gmem0_addr = getelementptr i512 %gmem0, i64 %sext_ln262" [/home/efrink/mled/split_cu/U280_CRC_Accelerator/src/kernel.cpp:262]   --->   Operation 97 'getelementptr' 'gmem0_addr' <Predicate = true> <Delay = 0.00>
ST_2 : Operation 98 [70/70] (2.43ns)   --->   "%gmem0_load_64_req = readreq i1 @_ssdm_op_ReadReq.m_axi.i512P1A, i512 %gmem0_addr, i32 1" [/home/efrink/mled/split_cu/U280_CRC_Accelerator/src/kernel.cpp:262]   --->   Operation 98 'readreq' 'gmem0_load_64_req' <Predicate = true> <Delay = 2.43> <CoreInst = "m_axi">   --->   Core 121 'm_axi' <Latency = 0> <II = 1> <Delay = 1.00> <Adapter> <Opcode : 'read' 'write' 'readreq' 'writereq' 'writeresp'>

State 3 <SV = 2> <Delay = 2.43>
ST_3 : Operation 99 [69/70] (2.43ns)   --->   "%gmem0_load_64_req = readreq i1 @_ssdm_op_ReadReq.m_axi.i512P1A, i512 %gmem0_addr, i32 1" [/home/efrink/mled/split_cu/U280_CRC_Accelerator/src/kernel.cpp:262]   --->   Operation 99 'readreq' 'gmem0_load_64_req' <Predicate = true> <Delay = 2.43> <CoreInst = "m_axi">   --->   Core 121 'm_axi' <Latency = 0> <II = 1> <Delay = 1.00> <Adapter> <Opcode : 'read' 'write' 'readreq' 'writereq' 'writeresp'>

State 4 <SV = 3> <Delay = 2.43>
ST_4 : Operation 100 [68/70] (2.43ns)   --->   "%gmem0_load_64_req = readreq i1 @_ssdm_op_ReadReq.m_axi.i512P1A, i512 %gmem0_addr, i32 1" [/home/efrink/mled/split_cu/U280_CRC_Accelerator/src/kernel.cpp:262]   --->   Operation 100 'readreq' 'gmem0_load_64_req' <Predicate = true> <Delay = 2.43> <CoreInst = "m_axi">   --->   Core 121 'm_axi' <Latency = 0> <II = 1> <Delay = 1.00> <Adapter> <Opcode : 'read' 'write' 'readreq' 'writereq' 'writeresp'>

State 5 <SV = 4> <Delay = 2.43>
ST_5 : Operation 101 [67/70] (2.43ns)   --->   "%gmem0_load_64_req = readreq i1 @_ssdm_op_ReadReq.m_axi.i512P1A, i512 %gmem0_addr, i32 1" [/home/efrink/mled/split_cu/U280_CRC_Accelerator/src/kernel.cpp:262]   --->   Operation 101 'readreq' 'gmem0_load_64_req' <Predicate = true> <Delay = 2.43> <CoreInst = "m_axi">   --->   Core 121 'm_axi' <Latency = 0> <II = 1> <Delay = 1.00> <Adapter> <Opcode : 'read' 'write' 'readreq' 'writereq' 'writeresp'>

State 6 <SV = 5> <Delay = 2.43>
ST_6 : Operation 102 [66/70] (2.43ns)   --->   "%gmem0_load_64_req = readreq i1 @_ssdm_op_ReadReq.m_axi.i512P1A, i512 %gmem0_addr, i32 1" [/home/efrink/mled/split_cu/U280_CRC_Accelerator/src/kernel.cpp:262]   --->   Operation 102 'readreq' 'gmem0_load_64_req' <Predicate = true> <Delay = 2.43> <CoreInst = "m_axi">   --->   Core 121 'm_axi' <Latency = 0> <II = 1> <Delay = 1.00> <Adapter> <Opcode : 'read' 'write' 'readreq' 'writereq' 'writeresp'>

State 7 <SV = 6> <Delay = 2.43>
ST_7 : Operation 103 [65/70] (2.43ns)   --->   "%gmem0_load_64_req = readreq i1 @_ssdm_op_ReadReq.m_axi.i512P1A, i512 %gmem0_addr, i32 1" [/home/efrink/mled/split_cu/U280_CRC_Accelerator/src/kernel.cpp:262]   --->   Operation 103 'readreq' 'gmem0_load_64_req' <Predicate = true> <Delay = 2.43> <CoreInst = "m_axi">   --->   Core 121 'm_axi' <Latency = 0> <II = 1> <Delay = 1.00> <Adapter> <Opcode : 'read' 'write' 'readreq' 'writereq' 'writeresp'>

State 8 <SV = 7> <Delay = 2.43>
ST_8 : Operation 104 [64/70] (2.43ns)   --->   "%gmem0_load_64_req = readreq i1 @_ssdm_op_ReadReq.m_axi.i512P1A, i512 %gmem0_addr, i32 1" [/home/efrink/mled/split_cu/U280_CRC_Accelerator/src/kernel.cpp:262]   --->   Operation 104 'readreq' 'gmem0_load_64_req' <Predicate = true> <Delay = 2.43> <CoreInst = "m_axi">   --->   Core 121 'm_axi' <Latency = 0> <II = 1> <Delay = 1.00> <Adapter> <Opcode : 'read' 'write' 'readreq' 'writereq' 'writeresp'>

State 9 <SV = 8> <Delay = 2.43>
ST_9 : Operation 105 [63/70] (2.43ns)   --->   "%gmem0_load_64_req = readreq i1 @_ssdm_op_ReadReq.m_axi.i512P1A, i512 %gmem0_addr, i32 1" [/home/efrink/mled/split_cu/U280_CRC_Accelerator/src/kernel.cpp:262]   --->   Operation 105 'readreq' 'gmem0_load_64_req' <Predicate = true> <Delay = 2.43> <CoreInst = "m_axi">   --->   Core 121 'm_axi' <Latency = 0> <II = 1> <Delay = 1.00> <Adapter> <Opcode : 'read' 'write' 'readreq' 'writereq' 'writeresp'>

State 10 <SV = 9> <Delay = 2.43>
ST_10 : Operation 106 [62/70] (2.43ns)   --->   "%gmem0_load_64_req = readreq i1 @_ssdm_op_ReadReq.m_axi.i512P1A, i512 %gmem0_addr, i32 1" [/home/efrink/mled/split_cu/U280_CRC_Accelerator/src/kernel.cpp:262]   --->   Operation 106 'readreq' 'gmem0_load_64_req' <Predicate = true> <Delay = 2.43> <CoreInst = "m_axi">   --->   Core 121 'm_axi' <Latency = 0> <II = 1> <Delay = 1.00> <Adapter> <Opcode : 'read' 'write' 'readreq' 'writereq' 'writeresp'>

State 11 <SV = 10> <Delay = 2.43>
ST_11 : Operation 107 [61/70] (2.43ns)   --->   "%gmem0_load_64_req = readreq i1 @_ssdm_op_ReadReq.m_axi.i512P1A, i512 %gmem0_addr, i32 1" [/home/efrink/mled/split_cu/U280_CRC_Accelerator/src/kernel.cpp:262]   --->   Operation 107 'readreq' 'gmem0_load_64_req' <Predicate = true> <Delay = 2.43> <CoreInst = "m_axi">   --->   Core 121 'm_axi' <Latency = 0> <II = 1> <Delay = 1.00> <Adapter> <Opcode : 'read' 'write' 'readreq' 'writereq' 'writeresp'>

State 12 <SV = 11> <Delay = 2.43>
ST_12 : Operation 108 [60/70] (2.43ns)   --->   "%gmem0_load_64_req = readreq i1 @_ssdm_op_ReadReq.m_axi.i512P1A, i512 %gmem0_addr, i32 1" [/home/efrink/mled/split_cu/U280_CRC_Accelerator/src/kernel.cpp:262]   --->   Operation 108 'readreq' 'gmem0_load_64_req' <Predicate = true> <Delay = 2.43> <CoreInst = "m_axi">   --->   Core 121 'm_axi' <Latency = 0> <II = 1> <Delay = 1.00> <Adapter> <Opcode : 'read' 'write' 'readreq' 'writereq' 'writeresp'>

State 13 <SV = 12> <Delay = 2.43>
ST_13 : Operation 109 [59/70] (2.43ns)   --->   "%gmem0_load_64_req = readreq i1 @_ssdm_op_ReadReq.m_axi.i512P1A, i512 %gmem0_addr, i32 1" [/home/efrink/mled/split_cu/U280_CRC_Accelerator/src/kernel.cpp:262]   --->   Operation 109 'readreq' 'gmem0_load_64_req' <Predicate = true> <Delay = 2.43> <CoreInst = "m_axi">   --->   Core 121 'm_axi' <Latency = 0> <II = 1> <Delay = 1.00> <Adapter> <Opcode : 'read' 'write' 'readreq' 'writereq' 'writeresp'>

State 14 <SV = 13> <Delay = 2.43>
ST_14 : Operation 110 [58/70] (2.43ns)   --->   "%gmem0_load_64_req = readreq i1 @_ssdm_op_ReadReq.m_axi.i512P1A, i512 %gmem0_addr, i32 1" [/home/efrink/mled/split_cu/U280_CRC_Accelerator/src/kernel.cpp:262]   --->   Operation 110 'readreq' 'gmem0_load_64_req' <Predicate = true> <Delay = 2.43> <CoreInst = "m_axi">   --->   Core 121 'm_axi' <Latency = 0> <II = 1> <Delay = 1.00> <Adapter> <Opcode : 'read' 'write' 'readreq' 'writereq' 'writeresp'>

State 15 <SV = 14> <Delay = 2.43>
ST_15 : Operation 111 [57/70] (2.43ns)   --->   "%gmem0_load_64_req = readreq i1 @_ssdm_op_ReadReq.m_axi.i512P1A, i512 %gmem0_addr, i32 1" [/home/efrink/mled/split_cu/U280_CRC_Accelerator/src/kernel.cpp:262]   --->   Operation 111 'readreq' 'gmem0_load_64_req' <Predicate = true> <Delay = 2.43> <CoreInst = "m_axi">   --->   Core 121 'm_axi' <Latency = 0> <II = 1> <Delay = 1.00> <Adapter> <Opcode : 'read' 'write' 'readreq' 'writereq' 'writeresp'>

State 16 <SV = 15> <Delay = 2.43>
ST_16 : Operation 112 [56/70] (2.43ns)   --->   "%gmem0_load_64_req = readreq i1 @_ssdm_op_ReadReq.m_axi.i512P1A, i512 %gmem0_addr, i32 1" [/home/efrink/mled/split_cu/U280_CRC_Accelerator/src/kernel.cpp:262]   --->   Operation 112 'readreq' 'gmem0_load_64_req' <Predicate = true> <Delay = 2.43> <CoreInst = "m_axi">   --->   Core 121 'm_axi' <Latency = 0> <II = 1> <Delay = 1.00> <Adapter> <Opcode : 'read' 'write' 'readreq' 'writereq' 'writeresp'>

State 17 <SV = 16> <Delay = 2.43>
ST_17 : Operation 113 [55/70] (2.43ns)   --->   "%gmem0_load_64_req = readreq i1 @_ssdm_op_ReadReq.m_axi.i512P1A, i512 %gmem0_addr, i32 1" [/home/efrink/mled/split_cu/U280_CRC_Accelerator/src/kernel.cpp:262]   --->   Operation 113 'readreq' 'gmem0_load_64_req' <Predicate = true> <Delay = 2.43> <CoreInst = "m_axi">   --->   Core 121 'm_axi' <Latency = 0> <II = 1> <Delay = 1.00> <Adapter> <Opcode : 'read' 'write' 'readreq' 'writereq' 'writeresp'>

State 18 <SV = 17> <Delay = 2.43>
ST_18 : Operation 114 [54/70] (2.43ns)   --->   "%gmem0_load_64_req = readreq i1 @_ssdm_op_ReadReq.m_axi.i512P1A, i512 %gmem0_addr, i32 1" [/home/efrink/mled/split_cu/U280_CRC_Accelerator/src/kernel.cpp:262]   --->   Operation 114 'readreq' 'gmem0_load_64_req' <Predicate = true> <Delay = 2.43> <CoreInst = "m_axi">   --->   Core 121 'm_axi' <Latency = 0> <II = 1> <Delay = 1.00> <Adapter> <Opcode : 'read' 'write' 'readreq' 'writereq' 'writeresp'>

State 19 <SV = 18> <Delay = 2.43>
ST_19 : Operation 115 [53/70] (2.43ns)   --->   "%gmem0_load_64_req = readreq i1 @_ssdm_op_ReadReq.m_axi.i512P1A, i512 %gmem0_addr, i32 1" [/home/efrink/mled/split_cu/U280_CRC_Accelerator/src/kernel.cpp:262]   --->   Operation 115 'readreq' 'gmem0_load_64_req' <Predicate = true> <Delay = 2.43> <CoreInst = "m_axi">   --->   Core 121 'm_axi' <Latency = 0> <II = 1> <Delay = 1.00> <Adapter> <Opcode : 'read' 'write' 'readreq' 'writereq' 'writeresp'>

State 20 <SV = 19> <Delay = 2.43>
ST_20 : Operation 116 [52/70] (2.43ns)   --->   "%gmem0_load_64_req = readreq i1 @_ssdm_op_ReadReq.m_axi.i512P1A, i512 %gmem0_addr, i32 1" [/home/efrink/mled/split_cu/U280_CRC_Accelerator/src/kernel.cpp:262]   --->   Operation 116 'readreq' 'gmem0_load_64_req' <Predicate = true> <Delay = 2.43> <CoreInst = "m_axi">   --->   Core 121 'm_axi' <Latency = 0> <II = 1> <Delay = 1.00> <Adapter> <Opcode : 'read' 'write' 'readreq' 'writereq' 'writeresp'>

State 21 <SV = 20> <Delay = 2.43>
ST_21 : Operation 117 [51/70] (2.43ns)   --->   "%gmem0_load_64_req = readreq i1 @_ssdm_op_ReadReq.m_axi.i512P1A, i512 %gmem0_addr, i32 1" [/home/efrink/mled/split_cu/U280_CRC_Accelerator/src/kernel.cpp:262]   --->   Operation 117 'readreq' 'gmem0_load_64_req' <Predicate = true> <Delay = 2.43> <CoreInst = "m_axi">   --->   Core 121 'm_axi' <Latency = 0> <II = 1> <Delay = 1.00> <Adapter> <Opcode : 'read' 'write' 'readreq' 'writereq' 'writeresp'>

State 22 <SV = 21> <Delay = 2.43>
ST_22 : Operation 118 [50/70] (2.43ns)   --->   "%gmem0_load_64_req = readreq i1 @_ssdm_op_ReadReq.m_axi.i512P1A, i512 %gmem0_addr, i32 1" [/home/efrink/mled/split_cu/U280_CRC_Accelerator/src/kernel.cpp:262]   --->   Operation 118 'readreq' 'gmem0_load_64_req' <Predicate = true> <Delay = 2.43> <CoreInst = "m_axi">   --->   Core 121 'm_axi' <Latency = 0> <II = 1> <Delay = 1.00> <Adapter> <Opcode : 'read' 'write' 'readreq' 'writereq' 'writeresp'>

State 23 <SV = 22> <Delay = 2.43>
ST_23 : Operation 119 [49/70] (2.43ns)   --->   "%gmem0_load_64_req = readreq i1 @_ssdm_op_ReadReq.m_axi.i512P1A, i512 %gmem0_addr, i32 1" [/home/efrink/mled/split_cu/U280_CRC_Accelerator/src/kernel.cpp:262]   --->   Operation 119 'readreq' 'gmem0_load_64_req' <Predicate = true> <Delay = 2.43> <CoreInst = "m_axi">   --->   Core 121 'm_axi' <Latency = 0> <II = 1> <Delay = 1.00> <Adapter> <Opcode : 'read' 'write' 'readreq' 'writereq' 'writeresp'>

State 24 <SV = 23> <Delay = 2.43>
ST_24 : Operation 120 [48/70] (2.43ns)   --->   "%gmem0_load_64_req = readreq i1 @_ssdm_op_ReadReq.m_axi.i512P1A, i512 %gmem0_addr, i32 1" [/home/efrink/mled/split_cu/U280_CRC_Accelerator/src/kernel.cpp:262]   --->   Operation 120 'readreq' 'gmem0_load_64_req' <Predicate = true> <Delay = 2.43> <CoreInst = "m_axi">   --->   Core 121 'm_axi' <Latency = 0> <II = 1> <Delay = 1.00> <Adapter> <Opcode : 'read' 'write' 'readreq' 'writereq' 'writeresp'>

State 25 <SV = 24> <Delay = 2.43>
ST_25 : Operation 121 [47/70] (2.43ns)   --->   "%gmem0_load_64_req = readreq i1 @_ssdm_op_ReadReq.m_axi.i512P1A, i512 %gmem0_addr, i32 1" [/home/efrink/mled/split_cu/U280_CRC_Accelerator/src/kernel.cpp:262]   --->   Operation 121 'readreq' 'gmem0_load_64_req' <Predicate = true> <Delay = 2.43> <CoreInst = "m_axi">   --->   Core 121 'm_axi' <Latency = 0> <II = 1> <Delay = 1.00> <Adapter> <Opcode : 'read' 'write' 'readreq' 'writereq' 'writeresp'>

State 26 <SV = 25> <Delay = 2.43>
ST_26 : Operation 122 [46/70] (2.43ns)   --->   "%gmem0_load_64_req = readreq i1 @_ssdm_op_ReadReq.m_axi.i512P1A, i512 %gmem0_addr, i32 1" [/home/efrink/mled/split_cu/U280_CRC_Accelerator/src/kernel.cpp:262]   --->   Operation 122 'readreq' 'gmem0_load_64_req' <Predicate = true> <Delay = 2.43> <CoreInst = "m_axi">   --->   Core 121 'm_axi' <Latency = 0> <II = 1> <Delay = 1.00> <Adapter> <Opcode : 'read' 'write' 'readreq' 'writereq' 'writeresp'>

State 27 <SV = 26> <Delay = 2.43>
ST_27 : Operation 123 [45/70] (2.43ns)   --->   "%gmem0_load_64_req = readreq i1 @_ssdm_op_ReadReq.m_axi.i512P1A, i512 %gmem0_addr, i32 1" [/home/efrink/mled/split_cu/U280_CRC_Accelerator/src/kernel.cpp:262]   --->   Operation 123 'readreq' 'gmem0_load_64_req' <Predicate = true> <Delay = 2.43> <CoreInst = "m_axi">   --->   Core 121 'm_axi' <Latency = 0> <II = 1> <Delay = 1.00> <Adapter> <Opcode : 'read' 'write' 'readreq' 'writereq' 'writeresp'>

State 28 <SV = 27> <Delay = 2.43>
ST_28 : Operation 124 [44/70] (2.43ns)   --->   "%gmem0_load_64_req = readreq i1 @_ssdm_op_ReadReq.m_axi.i512P1A, i512 %gmem0_addr, i32 1" [/home/efrink/mled/split_cu/U280_CRC_Accelerator/src/kernel.cpp:262]   --->   Operation 124 'readreq' 'gmem0_load_64_req' <Predicate = true> <Delay = 2.43> <CoreInst = "m_axi">   --->   Core 121 'm_axi' <Latency = 0> <II = 1> <Delay = 1.00> <Adapter> <Opcode : 'read' 'write' 'readreq' 'writereq' 'writeresp'>

State 29 <SV = 28> <Delay = 2.43>
ST_29 : Operation 125 [43/70] (2.43ns)   --->   "%gmem0_load_64_req = readreq i1 @_ssdm_op_ReadReq.m_axi.i512P1A, i512 %gmem0_addr, i32 1" [/home/efrink/mled/split_cu/U280_CRC_Accelerator/src/kernel.cpp:262]   --->   Operation 125 'readreq' 'gmem0_load_64_req' <Predicate = true> <Delay = 2.43> <CoreInst = "m_axi">   --->   Core 121 'm_axi' <Latency = 0> <II = 1> <Delay = 1.00> <Adapter> <Opcode : 'read' 'write' 'readreq' 'writereq' 'writeresp'>

State 30 <SV = 29> <Delay = 2.43>
ST_30 : Operation 126 [42/70] (2.43ns)   --->   "%gmem0_load_64_req = readreq i1 @_ssdm_op_ReadReq.m_axi.i512P1A, i512 %gmem0_addr, i32 1" [/home/efrink/mled/split_cu/U280_CRC_Accelerator/src/kernel.cpp:262]   --->   Operation 126 'readreq' 'gmem0_load_64_req' <Predicate = true> <Delay = 2.43> <CoreInst = "m_axi">   --->   Core 121 'm_axi' <Latency = 0> <II = 1> <Delay = 1.00> <Adapter> <Opcode : 'read' 'write' 'readreq' 'writereq' 'writeresp'>

State 31 <SV = 30> <Delay = 2.43>
ST_31 : Operation 127 [41/70] (2.43ns)   --->   "%gmem0_load_64_req = readreq i1 @_ssdm_op_ReadReq.m_axi.i512P1A, i512 %gmem0_addr, i32 1" [/home/efrink/mled/split_cu/U280_CRC_Accelerator/src/kernel.cpp:262]   --->   Operation 127 'readreq' 'gmem0_load_64_req' <Predicate = true> <Delay = 2.43> <CoreInst = "m_axi">   --->   Core 121 'm_axi' <Latency = 0> <II = 1> <Delay = 1.00> <Adapter> <Opcode : 'read' 'write' 'readreq' 'writereq' 'writeresp'>

State 32 <SV = 31> <Delay = 2.43>
ST_32 : Operation 128 [40/70] (2.43ns)   --->   "%gmem0_load_64_req = readreq i1 @_ssdm_op_ReadReq.m_axi.i512P1A, i512 %gmem0_addr, i32 1" [/home/efrink/mled/split_cu/U280_CRC_Accelerator/src/kernel.cpp:262]   --->   Operation 128 'readreq' 'gmem0_load_64_req' <Predicate = true> <Delay = 2.43> <CoreInst = "m_axi">   --->   Core 121 'm_axi' <Latency = 0> <II = 1> <Delay = 1.00> <Adapter> <Opcode : 'read' 'write' 'readreq' 'writereq' 'writeresp'>

State 33 <SV = 32> <Delay = 2.43>
ST_33 : Operation 129 [39/70] (2.43ns)   --->   "%gmem0_load_64_req = readreq i1 @_ssdm_op_ReadReq.m_axi.i512P1A, i512 %gmem0_addr, i32 1" [/home/efrink/mled/split_cu/U280_CRC_Accelerator/src/kernel.cpp:262]   --->   Operation 129 'readreq' 'gmem0_load_64_req' <Predicate = true> <Delay = 2.43> <CoreInst = "m_axi">   --->   Core 121 'm_axi' <Latency = 0> <II = 1> <Delay = 1.00> <Adapter> <Opcode : 'read' 'write' 'readreq' 'writereq' 'writeresp'>

State 34 <SV = 33> <Delay = 2.43>
ST_34 : Operation 130 [38/70] (2.43ns)   --->   "%gmem0_load_64_req = readreq i1 @_ssdm_op_ReadReq.m_axi.i512P1A, i512 %gmem0_addr, i32 1" [/home/efrink/mled/split_cu/U280_CRC_Accelerator/src/kernel.cpp:262]   --->   Operation 130 'readreq' 'gmem0_load_64_req' <Predicate = true> <Delay = 2.43> <CoreInst = "m_axi">   --->   Core 121 'm_axi' <Latency = 0> <II = 1> <Delay = 1.00> <Adapter> <Opcode : 'read' 'write' 'readreq' 'writereq' 'writeresp'>

State 35 <SV = 34> <Delay = 2.43>
ST_35 : Operation 131 [37/70] (2.43ns)   --->   "%gmem0_load_64_req = readreq i1 @_ssdm_op_ReadReq.m_axi.i512P1A, i512 %gmem0_addr, i32 1" [/home/efrink/mled/split_cu/U280_CRC_Accelerator/src/kernel.cpp:262]   --->   Operation 131 'readreq' 'gmem0_load_64_req' <Predicate = true> <Delay = 2.43> <CoreInst = "m_axi">   --->   Core 121 'm_axi' <Latency = 0> <II = 1> <Delay = 1.00> <Adapter> <Opcode : 'read' 'write' 'readreq' 'writereq' 'writeresp'>

State 36 <SV = 35> <Delay = 2.43>
ST_36 : Operation 132 [36/70] (2.43ns)   --->   "%gmem0_load_64_req = readreq i1 @_ssdm_op_ReadReq.m_axi.i512P1A, i512 %gmem0_addr, i32 1" [/home/efrink/mled/split_cu/U280_CRC_Accelerator/src/kernel.cpp:262]   --->   Operation 132 'readreq' 'gmem0_load_64_req' <Predicate = true> <Delay = 2.43> <CoreInst = "m_axi">   --->   Core 121 'm_axi' <Latency = 0> <II = 1> <Delay = 1.00> <Adapter> <Opcode : 'read' 'write' 'readreq' 'writereq' 'writeresp'>

State 37 <SV = 36> <Delay = 2.43>
ST_37 : Operation 133 [35/70] (2.43ns)   --->   "%gmem0_load_64_req = readreq i1 @_ssdm_op_ReadReq.m_axi.i512P1A, i512 %gmem0_addr, i32 1" [/home/efrink/mled/split_cu/U280_CRC_Accelerator/src/kernel.cpp:262]   --->   Operation 133 'readreq' 'gmem0_load_64_req' <Predicate = true> <Delay = 2.43> <CoreInst = "m_axi">   --->   Core 121 'm_axi' <Latency = 0> <II = 1> <Delay = 1.00> <Adapter> <Opcode : 'read' 'write' 'readreq' 'writereq' 'writeresp'>

State 38 <SV = 37> <Delay = 2.43>
ST_38 : Operation 134 [34/70] (2.43ns)   --->   "%gmem0_load_64_req = readreq i1 @_ssdm_op_ReadReq.m_axi.i512P1A, i512 %gmem0_addr, i32 1" [/home/efrink/mled/split_cu/U280_CRC_Accelerator/src/kernel.cpp:262]   --->   Operation 134 'readreq' 'gmem0_load_64_req' <Predicate = true> <Delay = 2.43> <CoreInst = "m_axi">   --->   Core 121 'm_axi' <Latency = 0> <II = 1> <Delay = 1.00> <Adapter> <Opcode : 'read' 'write' 'readreq' 'writereq' 'writeresp'>

State 39 <SV = 38> <Delay = 2.43>
ST_39 : Operation 135 [33/70] (2.43ns)   --->   "%gmem0_load_64_req = readreq i1 @_ssdm_op_ReadReq.m_axi.i512P1A, i512 %gmem0_addr, i32 1" [/home/efrink/mled/split_cu/U280_CRC_Accelerator/src/kernel.cpp:262]   --->   Operation 135 'readreq' 'gmem0_load_64_req' <Predicate = true> <Delay = 2.43> <CoreInst = "m_axi">   --->   Core 121 'm_axi' <Latency = 0> <II = 1> <Delay = 1.00> <Adapter> <Opcode : 'read' 'write' 'readreq' 'writereq' 'writeresp'>

State 40 <SV = 39> <Delay = 2.43>
ST_40 : Operation 136 [32/70] (2.43ns)   --->   "%gmem0_load_64_req = readreq i1 @_ssdm_op_ReadReq.m_axi.i512P1A, i512 %gmem0_addr, i32 1" [/home/efrink/mled/split_cu/U280_CRC_Accelerator/src/kernel.cpp:262]   --->   Operation 136 'readreq' 'gmem0_load_64_req' <Predicate = true> <Delay = 2.43> <CoreInst = "m_axi">   --->   Core 121 'm_axi' <Latency = 0> <II = 1> <Delay = 1.00> <Adapter> <Opcode : 'read' 'write' 'readreq' 'writereq' 'writeresp'>

State 41 <SV = 40> <Delay = 2.43>
ST_41 : Operation 137 [31/70] (2.43ns)   --->   "%gmem0_load_64_req = readreq i1 @_ssdm_op_ReadReq.m_axi.i512P1A, i512 %gmem0_addr, i32 1" [/home/efrink/mled/split_cu/U280_CRC_Accelerator/src/kernel.cpp:262]   --->   Operation 137 'readreq' 'gmem0_load_64_req' <Predicate = true> <Delay = 2.43> <CoreInst = "m_axi">   --->   Core 121 'm_axi' <Latency = 0> <II = 1> <Delay = 1.00> <Adapter> <Opcode : 'read' 'write' 'readreq' 'writereq' 'writeresp'>

State 42 <SV = 41> <Delay = 2.43>
ST_42 : Operation 138 [30/70] (2.43ns)   --->   "%gmem0_load_64_req = readreq i1 @_ssdm_op_ReadReq.m_axi.i512P1A, i512 %gmem0_addr, i32 1" [/home/efrink/mled/split_cu/U280_CRC_Accelerator/src/kernel.cpp:262]   --->   Operation 138 'readreq' 'gmem0_load_64_req' <Predicate = true> <Delay = 2.43> <CoreInst = "m_axi">   --->   Core 121 'm_axi' <Latency = 0> <II = 1> <Delay = 1.00> <Adapter> <Opcode : 'read' 'write' 'readreq' 'writereq' 'writeresp'>

State 43 <SV = 42> <Delay = 2.43>
ST_43 : Operation 139 [29/70] (2.43ns)   --->   "%gmem0_load_64_req = readreq i1 @_ssdm_op_ReadReq.m_axi.i512P1A, i512 %gmem0_addr, i32 1" [/home/efrink/mled/split_cu/U280_CRC_Accelerator/src/kernel.cpp:262]   --->   Operation 139 'readreq' 'gmem0_load_64_req' <Predicate = true> <Delay = 2.43> <CoreInst = "m_axi">   --->   Core 121 'm_axi' <Latency = 0> <II = 1> <Delay = 1.00> <Adapter> <Opcode : 'read' 'write' 'readreq' 'writereq' 'writeresp'>

State 44 <SV = 43> <Delay = 2.43>
ST_44 : Operation 140 [28/70] (2.43ns)   --->   "%gmem0_load_64_req = readreq i1 @_ssdm_op_ReadReq.m_axi.i512P1A, i512 %gmem0_addr, i32 1" [/home/efrink/mled/split_cu/U280_CRC_Accelerator/src/kernel.cpp:262]   --->   Operation 140 'readreq' 'gmem0_load_64_req' <Predicate = true> <Delay = 2.43> <CoreInst = "m_axi">   --->   Core 121 'm_axi' <Latency = 0> <II = 1> <Delay = 1.00> <Adapter> <Opcode : 'read' 'write' 'readreq' 'writereq' 'writeresp'>

State 45 <SV = 44> <Delay = 2.43>
ST_45 : Operation 141 [27/70] (2.43ns)   --->   "%gmem0_load_64_req = readreq i1 @_ssdm_op_ReadReq.m_axi.i512P1A, i512 %gmem0_addr, i32 1" [/home/efrink/mled/split_cu/U280_CRC_Accelerator/src/kernel.cpp:262]   --->   Operation 141 'readreq' 'gmem0_load_64_req' <Predicate = true> <Delay = 2.43> <CoreInst = "m_axi">   --->   Core 121 'm_axi' <Latency = 0> <II = 1> <Delay = 1.00> <Adapter> <Opcode : 'read' 'write' 'readreq' 'writereq' 'writeresp'>

State 46 <SV = 45> <Delay = 2.43>
ST_46 : Operation 142 [26/70] (2.43ns)   --->   "%gmem0_load_64_req = readreq i1 @_ssdm_op_ReadReq.m_axi.i512P1A, i512 %gmem0_addr, i32 1" [/home/efrink/mled/split_cu/U280_CRC_Accelerator/src/kernel.cpp:262]   --->   Operation 142 'readreq' 'gmem0_load_64_req' <Predicate = true> <Delay = 2.43> <CoreInst = "m_axi">   --->   Core 121 'm_axi' <Latency = 0> <II = 1> <Delay = 1.00> <Adapter> <Opcode : 'read' 'write' 'readreq' 'writereq' 'writeresp'>

State 47 <SV = 46> <Delay = 2.43>
ST_47 : Operation 143 [25/70] (2.43ns)   --->   "%gmem0_load_64_req = readreq i1 @_ssdm_op_ReadReq.m_axi.i512P1A, i512 %gmem0_addr, i32 1" [/home/efrink/mled/split_cu/U280_CRC_Accelerator/src/kernel.cpp:262]   --->   Operation 143 'readreq' 'gmem0_load_64_req' <Predicate = true> <Delay = 2.43> <CoreInst = "m_axi">   --->   Core 121 'm_axi' <Latency = 0> <II = 1> <Delay = 1.00> <Adapter> <Opcode : 'read' 'write' 'readreq' 'writereq' 'writeresp'>

State 48 <SV = 47> <Delay = 2.43>
ST_48 : Operation 144 [24/70] (2.43ns)   --->   "%gmem0_load_64_req = readreq i1 @_ssdm_op_ReadReq.m_axi.i512P1A, i512 %gmem0_addr, i32 1" [/home/efrink/mled/split_cu/U280_CRC_Accelerator/src/kernel.cpp:262]   --->   Operation 144 'readreq' 'gmem0_load_64_req' <Predicate = true> <Delay = 2.43> <CoreInst = "m_axi">   --->   Core 121 'm_axi' <Latency = 0> <II = 1> <Delay = 1.00> <Adapter> <Opcode : 'read' 'write' 'readreq' 'writereq' 'writeresp'>

State 49 <SV = 48> <Delay = 2.43>
ST_49 : Operation 145 [23/70] (2.43ns)   --->   "%gmem0_load_64_req = readreq i1 @_ssdm_op_ReadReq.m_axi.i512P1A, i512 %gmem0_addr, i32 1" [/home/efrink/mled/split_cu/U280_CRC_Accelerator/src/kernel.cpp:262]   --->   Operation 145 'readreq' 'gmem0_load_64_req' <Predicate = true> <Delay = 2.43> <CoreInst = "m_axi">   --->   Core 121 'm_axi' <Latency = 0> <II = 1> <Delay = 1.00> <Adapter> <Opcode : 'read' 'write' 'readreq' 'writereq' 'writeresp'>

State 50 <SV = 49> <Delay = 2.43>
ST_50 : Operation 146 [22/70] (2.43ns)   --->   "%gmem0_load_64_req = readreq i1 @_ssdm_op_ReadReq.m_axi.i512P1A, i512 %gmem0_addr, i32 1" [/home/efrink/mled/split_cu/U280_CRC_Accelerator/src/kernel.cpp:262]   --->   Operation 146 'readreq' 'gmem0_load_64_req' <Predicate = true> <Delay = 2.43> <CoreInst = "m_axi">   --->   Core 121 'm_axi' <Latency = 0> <II = 1> <Delay = 1.00> <Adapter> <Opcode : 'read' 'write' 'readreq' 'writereq' 'writeresp'>

State 51 <SV = 50> <Delay = 2.43>
ST_51 : Operation 147 [21/70] (2.43ns)   --->   "%gmem0_load_64_req = readreq i1 @_ssdm_op_ReadReq.m_axi.i512P1A, i512 %gmem0_addr, i32 1" [/home/efrink/mled/split_cu/U280_CRC_Accelerator/src/kernel.cpp:262]   --->   Operation 147 'readreq' 'gmem0_load_64_req' <Predicate = true> <Delay = 2.43> <CoreInst = "m_axi">   --->   Core 121 'm_axi' <Latency = 0> <II = 1> <Delay = 1.00> <Adapter> <Opcode : 'read' 'write' 'readreq' 'writereq' 'writeresp'>

State 52 <SV = 51> <Delay = 2.43>
ST_52 : Operation 148 [20/70] (2.43ns)   --->   "%gmem0_load_64_req = readreq i1 @_ssdm_op_ReadReq.m_axi.i512P1A, i512 %gmem0_addr, i32 1" [/home/efrink/mled/split_cu/U280_CRC_Accelerator/src/kernel.cpp:262]   --->   Operation 148 'readreq' 'gmem0_load_64_req' <Predicate = true> <Delay = 2.43> <CoreInst = "m_axi">   --->   Core 121 'm_axi' <Latency = 0> <II = 1> <Delay = 1.00> <Adapter> <Opcode : 'read' 'write' 'readreq' 'writereq' 'writeresp'>

State 53 <SV = 52> <Delay = 2.43>
ST_53 : Operation 149 [19/70] (2.43ns)   --->   "%gmem0_load_64_req = readreq i1 @_ssdm_op_ReadReq.m_axi.i512P1A, i512 %gmem0_addr, i32 1" [/home/efrink/mled/split_cu/U280_CRC_Accelerator/src/kernel.cpp:262]   --->   Operation 149 'readreq' 'gmem0_load_64_req' <Predicate = true> <Delay = 2.43> <CoreInst = "m_axi">   --->   Core 121 'm_axi' <Latency = 0> <II = 1> <Delay = 1.00> <Adapter> <Opcode : 'read' 'write' 'readreq' 'writereq' 'writeresp'>

State 54 <SV = 53> <Delay = 2.43>
ST_54 : Operation 150 [18/70] (2.43ns)   --->   "%gmem0_load_64_req = readreq i1 @_ssdm_op_ReadReq.m_axi.i512P1A, i512 %gmem0_addr, i32 1" [/home/efrink/mled/split_cu/U280_CRC_Accelerator/src/kernel.cpp:262]   --->   Operation 150 'readreq' 'gmem0_load_64_req' <Predicate = true> <Delay = 2.43> <CoreInst = "m_axi">   --->   Core 121 'm_axi' <Latency = 0> <II = 1> <Delay = 1.00> <Adapter> <Opcode : 'read' 'write' 'readreq' 'writereq' 'writeresp'>

State 55 <SV = 54> <Delay = 2.43>
ST_55 : Operation 151 [17/70] (2.43ns)   --->   "%gmem0_load_64_req = readreq i1 @_ssdm_op_ReadReq.m_axi.i512P1A, i512 %gmem0_addr, i32 1" [/home/efrink/mled/split_cu/U280_CRC_Accelerator/src/kernel.cpp:262]   --->   Operation 151 'readreq' 'gmem0_load_64_req' <Predicate = true> <Delay = 2.43> <CoreInst = "m_axi">   --->   Core 121 'm_axi' <Latency = 0> <II = 1> <Delay = 1.00> <Adapter> <Opcode : 'read' 'write' 'readreq' 'writereq' 'writeresp'>

State 56 <SV = 55> <Delay = 2.43>
ST_56 : Operation 152 [16/70] (2.43ns)   --->   "%gmem0_load_64_req = readreq i1 @_ssdm_op_ReadReq.m_axi.i512P1A, i512 %gmem0_addr, i32 1" [/home/efrink/mled/split_cu/U280_CRC_Accelerator/src/kernel.cpp:262]   --->   Operation 152 'readreq' 'gmem0_load_64_req' <Predicate = true> <Delay = 2.43> <CoreInst = "m_axi">   --->   Core 121 'm_axi' <Latency = 0> <II = 1> <Delay = 1.00> <Adapter> <Opcode : 'read' 'write' 'readreq' 'writereq' 'writeresp'>

State 57 <SV = 56> <Delay = 2.43>
ST_57 : Operation 153 [15/70] (2.43ns)   --->   "%gmem0_load_64_req = readreq i1 @_ssdm_op_ReadReq.m_axi.i512P1A, i512 %gmem0_addr, i32 1" [/home/efrink/mled/split_cu/U280_CRC_Accelerator/src/kernel.cpp:262]   --->   Operation 153 'readreq' 'gmem0_load_64_req' <Predicate = true> <Delay = 2.43> <CoreInst = "m_axi">   --->   Core 121 'm_axi' <Latency = 0> <II = 1> <Delay = 1.00> <Adapter> <Opcode : 'read' 'write' 'readreq' 'writereq' 'writeresp'>

State 58 <SV = 57> <Delay = 2.43>
ST_58 : Operation 154 [14/70] (2.43ns)   --->   "%gmem0_load_64_req = readreq i1 @_ssdm_op_ReadReq.m_axi.i512P1A, i512 %gmem0_addr, i32 1" [/home/efrink/mled/split_cu/U280_CRC_Accelerator/src/kernel.cpp:262]   --->   Operation 154 'readreq' 'gmem0_load_64_req' <Predicate = true> <Delay = 2.43> <CoreInst = "m_axi">   --->   Core 121 'm_axi' <Latency = 0> <II = 1> <Delay = 1.00> <Adapter> <Opcode : 'read' 'write' 'readreq' 'writereq' 'writeresp'>

State 59 <SV = 58> <Delay = 2.43>
ST_59 : Operation 155 [13/70] (2.43ns)   --->   "%gmem0_load_64_req = readreq i1 @_ssdm_op_ReadReq.m_axi.i512P1A, i512 %gmem0_addr, i32 1" [/home/efrink/mled/split_cu/U280_CRC_Accelerator/src/kernel.cpp:262]   --->   Operation 155 'readreq' 'gmem0_load_64_req' <Predicate = true> <Delay = 2.43> <CoreInst = "m_axi">   --->   Core 121 'm_axi' <Latency = 0> <II = 1> <Delay = 1.00> <Adapter> <Opcode : 'read' 'write' 'readreq' 'writereq' 'writeresp'>

State 60 <SV = 59> <Delay = 2.43>
ST_60 : Operation 156 [12/70] (2.43ns)   --->   "%gmem0_load_64_req = readreq i1 @_ssdm_op_ReadReq.m_axi.i512P1A, i512 %gmem0_addr, i32 1" [/home/efrink/mled/split_cu/U280_CRC_Accelerator/src/kernel.cpp:262]   --->   Operation 156 'readreq' 'gmem0_load_64_req' <Predicate = true> <Delay = 2.43> <CoreInst = "m_axi">   --->   Core 121 'm_axi' <Latency = 0> <II = 1> <Delay = 1.00> <Adapter> <Opcode : 'read' 'write' 'readreq' 'writereq' 'writeresp'>

State 61 <SV = 60> <Delay = 2.43>
ST_61 : Operation 157 [11/70] (2.43ns)   --->   "%gmem0_load_64_req = readreq i1 @_ssdm_op_ReadReq.m_axi.i512P1A, i512 %gmem0_addr, i32 1" [/home/efrink/mled/split_cu/U280_CRC_Accelerator/src/kernel.cpp:262]   --->   Operation 157 'readreq' 'gmem0_load_64_req' <Predicate = true> <Delay = 2.43> <CoreInst = "m_axi">   --->   Core 121 'm_axi' <Latency = 0> <II = 1> <Delay = 1.00> <Adapter> <Opcode : 'read' 'write' 'readreq' 'writereq' 'writeresp'>

State 62 <SV = 61> <Delay = 2.43>
ST_62 : Operation 158 [10/70] (2.43ns)   --->   "%gmem0_load_64_req = readreq i1 @_ssdm_op_ReadReq.m_axi.i512P1A, i512 %gmem0_addr, i32 1" [/home/efrink/mled/split_cu/U280_CRC_Accelerator/src/kernel.cpp:262]   --->   Operation 158 'readreq' 'gmem0_load_64_req' <Predicate = true> <Delay = 2.43> <CoreInst = "m_axi">   --->   Core 121 'm_axi' <Latency = 0> <II = 1> <Delay = 1.00> <Adapter> <Opcode : 'read' 'write' 'readreq' 'writereq' 'writeresp'>

State 63 <SV = 62> <Delay = 2.43>
ST_63 : Operation 159 [9/70] (2.43ns)   --->   "%gmem0_load_64_req = readreq i1 @_ssdm_op_ReadReq.m_axi.i512P1A, i512 %gmem0_addr, i32 1" [/home/efrink/mled/split_cu/U280_CRC_Accelerator/src/kernel.cpp:262]   --->   Operation 159 'readreq' 'gmem0_load_64_req' <Predicate = true> <Delay = 2.43> <CoreInst = "m_axi">   --->   Core 121 'm_axi' <Latency = 0> <II = 1> <Delay = 1.00> <Adapter> <Opcode : 'read' 'write' 'readreq' 'writereq' 'writeresp'>

State 64 <SV = 63> <Delay = 2.43>
ST_64 : Operation 160 [8/70] (2.43ns)   --->   "%gmem0_load_64_req = readreq i1 @_ssdm_op_ReadReq.m_axi.i512P1A, i512 %gmem0_addr, i32 1" [/home/efrink/mled/split_cu/U280_CRC_Accelerator/src/kernel.cpp:262]   --->   Operation 160 'readreq' 'gmem0_load_64_req' <Predicate = true> <Delay = 2.43> <CoreInst = "m_axi">   --->   Core 121 'm_axi' <Latency = 0> <II = 1> <Delay = 1.00> <Adapter> <Opcode : 'read' 'write' 'readreq' 'writereq' 'writeresp'>

State 65 <SV = 64> <Delay = 2.43>
ST_65 : Operation 161 [7/70] (2.43ns)   --->   "%gmem0_load_64_req = readreq i1 @_ssdm_op_ReadReq.m_axi.i512P1A, i512 %gmem0_addr, i32 1" [/home/efrink/mled/split_cu/U280_CRC_Accelerator/src/kernel.cpp:262]   --->   Operation 161 'readreq' 'gmem0_load_64_req' <Predicate = true> <Delay = 2.43> <CoreInst = "m_axi">   --->   Core 121 'm_axi' <Latency = 0> <II = 1> <Delay = 1.00> <Adapter> <Opcode : 'read' 'write' 'readreq' 'writereq' 'writeresp'>

State 66 <SV = 65> <Delay = 2.43>
ST_66 : Operation 162 [6/70] (2.43ns)   --->   "%gmem0_load_64_req = readreq i1 @_ssdm_op_ReadReq.m_axi.i512P1A, i512 %gmem0_addr, i32 1" [/home/efrink/mled/split_cu/U280_CRC_Accelerator/src/kernel.cpp:262]   --->   Operation 162 'readreq' 'gmem0_load_64_req' <Predicate = true> <Delay = 2.43> <CoreInst = "m_axi">   --->   Core 121 'm_axi' <Latency = 0> <II = 1> <Delay = 1.00> <Adapter> <Opcode : 'read' 'write' 'readreq' 'writereq' 'writeresp'>

State 67 <SV = 66> <Delay = 2.43>
ST_67 : Operation 163 [5/70] (2.43ns)   --->   "%gmem0_load_64_req = readreq i1 @_ssdm_op_ReadReq.m_axi.i512P1A, i512 %gmem0_addr, i32 1" [/home/efrink/mled/split_cu/U280_CRC_Accelerator/src/kernel.cpp:262]   --->   Operation 163 'readreq' 'gmem0_load_64_req' <Predicate = true> <Delay = 2.43> <CoreInst = "m_axi">   --->   Core 121 'm_axi' <Latency = 0> <II = 1> <Delay = 1.00> <Adapter> <Opcode : 'read' 'write' 'readreq' 'writereq' 'writeresp'>

State 68 <SV = 67> <Delay = 2.43>
ST_68 : Operation 164 [4/70] (2.43ns)   --->   "%gmem0_load_64_req = readreq i1 @_ssdm_op_ReadReq.m_axi.i512P1A, i512 %gmem0_addr, i32 1" [/home/efrink/mled/split_cu/U280_CRC_Accelerator/src/kernel.cpp:262]   --->   Operation 164 'readreq' 'gmem0_load_64_req' <Predicate = true> <Delay = 2.43> <CoreInst = "m_axi">   --->   Core 121 'm_axi' <Latency = 0> <II = 1> <Delay = 1.00> <Adapter> <Opcode : 'read' 'write' 'readreq' 'writereq' 'writeresp'>

State 69 <SV = 68> <Delay = 2.43>
ST_69 : Operation 165 [3/70] (2.43ns)   --->   "%gmem0_load_64_req = readreq i1 @_ssdm_op_ReadReq.m_axi.i512P1A, i512 %gmem0_addr, i32 1" [/home/efrink/mled/split_cu/U280_CRC_Accelerator/src/kernel.cpp:262]   --->   Operation 165 'readreq' 'gmem0_load_64_req' <Predicate = true> <Delay = 2.43> <CoreInst = "m_axi">   --->   Core 121 'm_axi' <Latency = 0> <II = 1> <Delay = 1.00> <Adapter> <Opcode : 'read' 'write' 'readreq' 'writereq' 'writeresp'>

State 70 <SV = 69> <Delay = 2.43>
ST_70 : Operation 166 [2/70] (2.43ns)   --->   "%gmem0_load_64_req = readreq i1 @_ssdm_op_ReadReq.m_axi.i512P1A, i512 %gmem0_addr, i32 1" [/home/efrink/mled/split_cu/U280_CRC_Accelerator/src/kernel.cpp:262]   --->   Operation 166 'readreq' 'gmem0_load_64_req' <Predicate = true> <Delay = 2.43> <CoreInst = "m_axi">   --->   Core 121 'm_axi' <Latency = 0> <II = 1> <Delay = 1.00> <Adapter> <Opcode : 'read' 'write' 'readreq' 'writereq' 'writeresp'>

State 71 <SV = 70> <Delay = 2.43>
ST_71 : Operation 167 [1/70] (2.43ns)   --->   "%gmem0_load_64_req = readreq i1 @_ssdm_op_ReadReq.m_axi.i512P1A, i512 %gmem0_addr, i32 1" [/home/efrink/mled/split_cu/U280_CRC_Accelerator/src/kernel.cpp:262]   --->   Operation 167 'readreq' 'gmem0_load_64_req' <Predicate = true> <Delay = 2.43> <CoreInst = "m_axi">   --->   Core 121 'm_axi' <Latency = 0> <II = 1> <Delay = 1.00> <Adapter> <Opcode : 'read' 'write' 'readreq' 'writereq' 'writeresp'>

State 72 <SV = 71> <Delay = 2.43>
ST_72 : Operation 168 [1/1] (2.43ns)   --->   "%gmem0_addr_read = read i512 @_ssdm_op_Read.m_axi.i512P1A, i512 %gmem0_addr" [/home/efrink/mled/split_cu/U280_CRC_Accelerator/src/kernel.cpp:262]   --->   Operation 168 'read' 'gmem0_addr_read' <Predicate = true> <Delay = 2.43> <CoreInst = "m_axi">   --->   Core 121 'm_axi' <Latency = 0> <II = 1> <Delay = 1.00> <Adapter> <Opcode : 'read' 'write' 'readreq' 'writereq' 'writeresp'>
ST_72 : Operation 178 [1/1] (0.00ns)   --->   "%ret_ln0 = ret"   --->   Operation 178 'ret' 'ret_ln0' <Predicate = (icmp_ln259)> <Delay = 0.00>

State 73 <SV = 72> <Delay = 2.11>
ST_73 : Operation 169 [1/1] (0.00ns)   --->   "%specpipeline_ln261 = specpipeline void @_ssdm_op_SpecPipeline, i32 1, i32 0, i32 0, i32 0, void @empty" [/home/efrink/mled/split_cu/U280_CRC_Accelerator/src/kernel.cpp:261]   --->   Operation 169 'specpipeline' 'specpipeline_ln261' <Predicate = true> <Delay = 0.00>
ST_73 : Operation 170 [1/1] (0.00ns)   --->   "%specloopname_ln259 = specloopname void @_ssdm_op_SpecLoopName, void @empty_19" [/home/efrink/mled/split_cu/U280_CRC_Accelerator/src/kernel.cpp:259]   --->   Operation 170 'specloopname' 'specloopname_ln259' <Predicate = true> <Delay = 0.00>
ST_73 : Operation 171 [1/1] (0.00ns)   --->   "%shl_ln2 = bitconcatenate i9 @_ssdm_op_BitConcatenate.i9.i6.i3, i6 %add_ln262_1, i3 0" [/home/efrink/mled/split_cu/U280_CRC_Accelerator/src/kernel.cpp:262]   --->   Operation 171 'bitconcatenate' 'shl_ln2' <Predicate = true> <Delay = 0.00>
ST_73 : Operation 172 [1/1] (0.00ns)   --->   "%zext_ln262 = zext i9 %shl_ln2" [/home/efrink/mled/split_cu/U280_CRC_Accelerator/src/kernel.cpp:262]   --->   Operation 172 'zext' 'zext_ln262' <Predicate = true> <Delay = 0.00>
ST_73 : Operation 173 [1/1] (1.44ns)   --->   "%lshr_ln262 = lshr i512 %gmem0_addr_read, i512 %zext_ln262" [/home/efrink/mled/split_cu/U280_CRC_Accelerator/src/kernel.cpp:262]   --->   Operation 173 'lshr' 'lshr_ln262' <Predicate = true> <Delay = 1.44> <CoreInst = "Shifter">   --->   Core 75 'Shifter' <Latency = 0> <II = 1> <Delay = 1.44> <FuncUnit> <Opcode : 'shl' 'lshr' 'ashr'> <InPorts = 2> <OutPorts = 1>
ST_73 : Operation 174 [1/1] (0.00ns)   --->   "%trunc_ln262 = trunc i512 %lshr_ln262" [/home/efrink/mled/split_cu/U280_CRC_Accelerator/src/kernel.cpp:262]   --->   Operation 174 'trunc' 'trunc_ln262' <Predicate = true> <Delay = 0.00>
ST_73 : Operation 175 [1/1] (0.00ns)   --->   "%pad_block_addr = getelementptr i8 %pad_block, i64 0, i64 %zext_ln259" [/home/efrink/mled/split_cu/U280_CRC_Accelerator/src/kernel.cpp:262]   --->   Operation 175 'getelementptr' 'pad_block_addr' <Predicate = true> <Delay = 0.00>
ST_73 : Operation 176 [1/1] (0.66ns)   --->   "%store_ln262 = store i8 %trunc_ln262, i6 %pad_block_addr" [/home/efrink/mled/split_cu/U280_CRC_Accelerator/src/kernel.cpp:262]   --->   Operation 176 'store' 'store_ln262' <Predicate = true> <Delay = 0.66> <CoreInst = "RAM">   --->   Core 83 'RAM' <Latency = 1> <II = 1> <Delay = 0.66> <Storage> <Opcode : 'load' 'store'> <Ports = 2> <Width = 8> <Depth = 64> <RAM>
ST_73 : Operation 177 [1/1] (0.00ns)   --->   "%br_ln259 = br void %for.inc45" [/home/efrink/mled/split_cu/U280_CRC_Accelerator/src/kernel.cpp:259]   --->   Operation 177 'br' 'br_ln259' <Predicate = true> <Delay = 0.00>


============================================================
+ Verbose Summary: Timing violations
============================================================
Target clock period: 3.33ns, clock uncertainty: 0.9ns.

 <State 1>: 1.09ns
The critical path consists of the following:
	'alloca' operation ('i') [7]  (0 ns)
	'load' operation ('i', /home/efrink/mled/split_cu/U280_CRC_Accelerator/src/kernel.cpp:262) on local variable 'i' [17]  (0 ns)
	'add' operation ('add_ln259', /home/efrink/mled/split_cu/U280_CRC_Accelerator/src/kernel.cpp:259) [20]  (0.706 ns)
	'store' operation ('store_ln259', /home/efrink/mled/split_cu/U280_CRC_Accelerator/src/kernel.cpp:259) of variable 'add_ln259', /home/efrink/mled/split_cu/U280_CRC_Accelerator/src/kernel.cpp:259 on local variable 'i' [40]  (0.387 ns)

 <State 2>: 2.43ns
The critical path consists of the following:
	'getelementptr' operation ('gmem0_addr', /home/efrink/mled/split_cu/U280_CRC_Accelerator/src/kernel.cpp:262) [30]  (0 ns)
	bus request operation ('gmem0_load_64_req', /home/efrink/mled/split_cu/U280_CRC_Accelerator/src/kernel.cpp:262) on port 'gmem0' (/home/efrink/mled/split_cu/U280_CRC_Accelerator/src/kernel.cpp:262) [31]  (2.43 ns)

 <State 3>: 2.43ns
The critical path consists of the following:
	bus request operation ('gmem0_load_64_req', /home/efrink/mled/split_cu/U280_CRC_Accelerator/src/kernel.cpp:262) on port 'gmem0' (/home/efrink/mled/split_cu/U280_CRC_Accelerator/src/kernel.cpp:262) [31]  (2.43 ns)

 <State 4>: 2.43ns
The critical path consists of the following:
	bus request operation ('gmem0_load_64_req', /home/efrink/mled/split_cu/U280_CRC_Accelerator/src/kernel.cpp:262) on port 'gmem0' (/home/efrink/mled/split_cu/U280_CRC_Accelerator/src/kernel.cpp:262) [31]  (2.43 ns)

 <State 5>: 2.43ns
The critical path consists of the following:
	bus request operation ('gmem0_load_64_req', /home/efrink/mled/split_cu/U280_CRC_Accelerator/src/kernel.cpp:262) on port 'gmem0' (/home/efrink/mled/split_cu/U280_CRC_Accelerator/src/kernel.cpp:262) [31]  (2.43 ns)

 <State 6>: 2.43ns
The critical path consists of the following:
	bus request operation ('gmem0_load_64_req', /home/efrink/mled/split_cu/U280_CRC_Accelerator/src/kernel.cpp:262) on port 'gmem0' (/home/efrink/mled/split_cu/U280_CRC_Accelerator/src/kernel.cpp:262) [31]  (2.43 ns)

 <State 7>: 2.43ns
The critical path consists of the following:
	bus request operation ('gmem0_load_64_req', /home/efrink/mled/split_cu/U280_CRC_Accelerator/src/kernel.cpp:262) on port 'gmem0' (/home/efrink/mled/split_cu/U280_CRC_Accelerator/src/kernel.cpp:262) [31]  (2.43 ns)

 <State 8>: 2.43ns
The critical path consists of the following:
	bus request operation ('gmem0_load_64_req', /home/efrink/mled/split_cu/U280_CRC_Accelerator/src/kernel.cpp:262) on port 'gmem0' (/home/efrink/mled/split_cu/U280_CRC_Accelerator/src/kernel.cpp:262) [31]  (2.43 ns)

 <State 9>: 2.43ns
The critical path consists of the following:
	bus request operation ('gmem0_load_64_req', /home/efrink/mled/split_cu/U280_CRC_Accelerator/src/kernel.cpp:262) on port 'gmem0' (/home/efrink/mled/split_cu/U280_CRC_Accelerator/src/kernel.cpp:262) [31]  (2.43 ns)

 <State 10>: 2.43ns
The critical path consists of the following:
	bus request operation ('gmem0_load_64_req', /home/efrink/mled/split_cu/U280_CRC_Accelerator/src/kernel.cpp:262) on port 'gmem0' (/home/efrink/mled/split_cu/U280_CRC_Accelerator/src/kernel.cpp:262) [31]  (2.43 ns)

 <State 11>: 2.43ns
The critical path consists of the following:
	bus request operation ('gmem0_load_64_req', /home/efrink/mled/split_cu/U280_CRC_Accelerator/src/kernel.cpp:262) on port 'gmem0' (/home/efrink/mled/split_cu/U280_CRC_Accelerator/src/kernel.cpp:262) [31]  (2.43 ns)

 <State 12>: 2.43ns
The critical path consists of the following:
	bus request operation ('gmem0_load_64_req', /home/efrink/mled/split_cu/U280_CRC_Accelerator/src/kernel.cpp:262) on port 'gmem0' (/home/efrink/mled/split_cu/U280_CRC_Accelerator/src/kernel.cpp:262) [31]  (2.43 ns)

 <State 13>: 2.43ns
The critical path consists of the following:
	bus request operation ('gmem0_load_64_req', /home/efrink/mled/split_cu/U280_CRC_Accelerator/src/kernel.cpp:262) on port 'gmem0' (/home/efrink/mled/split_cu/U280_CRC_Accelerator/src/kernel.cpp:262) [31]  (2.43 ns)

 <State 14>: 2.43ns
The critical path consists of the following:
	bus request operation ('gmem0_load_64_req', /home/efrink/mled/split_cu/U280_CRC_Accelerator/src/kernel.cpp:262) on port 'gmem0' (/home/efrink/mled/split_cu/U280_CRC_Accelerator/src/kernel.cpp:262) [31]  (2.43 ns)

 <State 15>: 2.43ns
The critical path consists of the following:
	bus request operation ('gmem0_load_64_req', /home/efrink/mled/split_cu/U280_CRC_Accelerator/src/kernel.cpp:262) on port 'gmem0' (/home/efrink/mled/split_cu/U280_CRC_Accelerator/src/kernel.cpp:262) [31]  (2.43 ns)

 <State 16>: 2.43ns
The critical path consists of the following:
	bus request operation ('gmem0_load_64_req', /home/efrink/mled/split_cu/U280_CRC_Accelerator/src/kernel.cpp:262) on port 'gmem0' (/home/efrink/mled/split_cu/U280_CRC_Accelerator/src/kernel.cpp:262) [31]  (2.43 ns)

 <State 17>: 2.43ns
The critical path consists of the following:
	bus request operation ('gmem0_load_64_req', /home/efrink/mled/split_cu/U280_CRC_Accelerator/src/kernel.cpp:262) on port 'gmem0' (/home/efrink/mled/split_cu/U280_CRC_Accelerator/src/kernel.cpp:262) [31]  (2.43 ns)

 <State 18>: 2.43ns
The critical path consists of the following:
	bus request operation ('gmem0_load_64_req', /home/efrink/mled/split_cu/U280_CRC_Accelerator/src/kernel.cpp:262) on port 'gmem0' (/home/efrink/mled/split_cu/U280_CRC_Accelerator/src/kernel.cpp:262) [31]  (2.43 ns)

 <State 19>: 2.43ns
The critical path consists of the following:
	bus request operation ('gmem0_load_64_req', /home/efrink/mled/split_cu/U280_CRC_Accelerator/src/kernel.cpp:262) on port 'gmem0' (/home/efrink/mled/split_cu/U280_CRC_Accelerator/src/kernel.cpp:262) [31]  (2.43 ns)

 <State 20>: 2.43ns
The critical path consists of the following:
	bus request operation ('gmem0_load_64_req', /home/efrink/mled/split_cu/U280_CRC_Accelerator/src/kernel.cpp:262) on port 'gmem0' (/home/efrink/mled/split_cu/U280_CRC_Accelerator/src/kernel.cpp:262) [31]  (2.43 ns)

 <State 21>: 2.43ns
The critical path consists of the following:
	bus request operation ('gmem0_load_64_req', /home/efrink/mled/split_cu/U280_CRC_Accelerator/src/kernel.cpp:262) on port 'gmem0' (/home/efrink/mled/split_cu/U280_CRC_Accelerator/src/kernel.cpp:262) [31]  (2.43 ns)

 <State 22>: 2.43ns
The critical path consists of the following:
	bus request operation ('gmem0_load_64_req', /home/efrink/mled/split_cu/U280_CRC_Accelerator/src/kernel.cpp:262) on port 'gmem0' (/home/efrink/mled/split_cu/U280_CRC_Accelerator/src/kernel.cpp:262) [31]  (2.43 ns)

 <State 23>: 2.43ns
The critical path consists of the following:
	bus request operation ('gmem0_load_64_req', /home/efrink/mled/split_cu/U280_CRC_Accelerator/src/kernel.cpp:262) on port 'gmem0' (/home/efrink/mled/split_cu/U280_CRC_Accelerator/src/kernel.cpp:262) [31]  (2.43 ns)

 <State 24>: 2.43ns
The critical path consists of the following:
	bus request operation ('gmem0_load_64_req', /home/efrink/mled/split_cu/U280_CRC_Accelerator/src/kernel.cpp:262) on port 'gmem0' (/home/efrink/mled/split_cu/U280_CRC_Accelerator/src/kernel.cpp:262) [31]  (2.43 ns)

 <State 25>: 2.43ns
The critical path consists of the following:
	bus request operation ('gmem0_load_64_req', /home/efrink/mled/split_cu/U280_CRC_Accelerator/src/kernel.cpp:262) on port 'gmem0' (/home/efrink/mled/split_cu/U280_CRC_Accelerator/src/kernel.cpp:262) [31]  (2.43 ns)

 <State 26>: 2.43ns
The critical path consists of the following:
	bus request operation ('gmem0_load_64_req', /home/efrink/mled/split_cu/U280_CRC_Accelerator/src/kernel.cpp:262) on port 'gmem0' (/home/efrink/mled/split_cu/U280_CRC_Accelerator/src/kernel.cpp:262) [31]  (2.43 ns)

 <State 27>: 2.43ns
The critical path consists of the following:
	bus request operation ('gmem0_load_64_req', /home/efrink/mled/split_cu/U280_CRC_Accelerator/src/kernel.cpp:262) on port 'gmem0' (/home/efrink/mled/split_cu/U280_CRC_Accelerator/src/kernel.cpp:262) [31]  (2.43 ns)

 <State 28>: 2.43ns
The critical path consists of the following:
	bus request operation ('gmem0_load_64_req', /home/efrink/mled/split_cu/U280_CRC_Accelerator/src/kernel.cpp:262) on port 'gmem0' (/home/efrink/mled/split_cu/U280_CRC_Accelerator/src/kernel.cpp:262) [31]  (2.43 ns)

 <State 29>: 2.43ns
The critical path consists of the following:
	bus request operation ('gmem0_load_64_req', /home/efrink/mled/split_cu/U280_CRC_Accelerator/src/kernel.cpp:262) on port 'gmem0' (/home/efrink/mled/split_cu/U280_CRC_Accelerator/src/kernel.cpp:262) [31]  (2.43 ns)

 <State 30>: 2.43ns
The critical path consists of the following:
	bus request operation ('gmem0_load_64_req', /home/efrink/mled/split_cu/U280_CRC_Accelerator/src/kernel.cpp:262) on port 'gmem0' (/home/efrink/mled/split_cu/U280_CRC_Accelerator/src/kernel.cpp:262) [31]  (2.43 ns)

 <State 31>: 2.43ns
The critical path consists of the following:
	bus request operation ('gmem0_load_64_req', /home/efrink/mled/split_cu/U280_CRC_Accelerator/src/kernel.cpp:262) on port 'gmem0' (/home/efrink/mled/split_cu/U280_CRC_Accelerator/src/kernel.cpp:262) [31]  (2.43 ns)

 <State 32>: 2.43ns
The critical path consists of the following:
	bus request operation ('gmem0_load_64_req', /home/efrink/mled/split_cu/U280_CRC_Accelerator/src/kernel.cpp:262) on port 'gmem0' (/home/efrink/mled/split_cu/U280_CRC_Accelerator/src/kernel.cpp:262) [31]  (2.43 ns)

 <State 33>: 2.43ns
The critical path consists of the following:
	bus request operation ('gmem0_load_64_req', /home/efrink/mled/split_cu/U280_CRC_Accelerator/src/kernel.cpp:262) on port 'gmem0' (/home/efrink/mled/split_cu/U280_CRC_Accelerator/src/kernel.cpp:262) [31]  (2.43 ns)

 <State 34>: 2.43ns
The critical path consists of the following:
	bus request operation ('gmem0_load_64_req', /home/efrink/mled/split_cu/U280_CRC_Accelerator/src/kernel.cpp:262) on port 'gmem0' (/home/efrink/mled/split_cu/U280_CRC_Accelerator/src/kernel.cpp:262) [31]  (2.43 ns)

 <State 35>: 2.43ns
The critical path consists of the following:
	bus request operation ('gmem0_load_64_req', /home/efrink/mled/split_cu/U280_CRC_Accelerator/src/kernel.cpp:262) on port 'gmem0' (/home/efrink/mled/split_cu/U280_CRC_Accelerator/src/kernel.cpp:262) [31]  (2.43 ns)

 <State 36>: 2.43ns
The critical path consists of the following:
	bus request operation ('gmem0_load_64_req', /home/efrink/mled/split_cu/U280_CRC_Accelerator/src/kernel.cpp:262) on port 'gmem0' (/home/efrink/mled/split_cu/U280_CRC_Accelerator/src/kernel.cpp:262) [31]  (2.43 ns)

 <State 37>: 2.43ns
The critical path consists of the following:
	bus request operation ('gmem0_load_64_req', /home/efrink/mled/split_cu/U280_CRC_Accelerator/src/kernel.cpp:262) on port 'gmem0' (/home/efrink/mled/split_cu/U280_CRC_Accelerator/src/kernel.cpp:262) [31]  (2.43 ns)

 <State 38>: 2.43ns
The critical path consists of the following:
	bus request operation ('gmem0_load_64_req', /home/efrink/mled/split_cu/U280_CRC_Accelerator/src/kernel.cpp:262) on port 'gmem0' (/home/efrink/mled/split_cu/U280_CRC_Accelerator/src/kernel.cpp:262) [31]  (2.43 ns)

 <State 39>: 2.43ns
The critical path consists of the following:
	bus request operation ('gmem0_load_64_req', /home/efrink/mled/split_cu/U280_CRC_Accelerator/src/kernel.cpp:262) on port 'gmem0' (/home/efrink/mled/split_cu/U280_CRC_Accelerator/src/kernel.cpp:262) [31]  (2.43 ns)

 <State 40>: 2.43ns
The critical path consists of the following:
	bus request operation ('gmem0_load_64_req', /home/efrink/mled/split_cu/U280_CRC_Accelerator/src/kernel.cpp:262) on port 'gmem0' (/home/efrink/mled/split_cu/U280_CRC_Accelerator/src/kernel.cpp:262) [31]  (2.43 ns)

 <State 41>: 2.43ns
The critical path consists of the following:
	bus request operation ('gmem0_load_64_req', /home/efrink/mled/split_cu/U280_CRC_Accelerator/src/kernel.cpp:262) on port 'gmem0' (/home/efrink/mled/split_cu/U280_CRC_Accelerator/src/kernel.cpp:262) [31]  (2.43 ns)

 <State 42>: 2.43ns
The critical path consists of the following:
	bus request operation ('gmem0_load_64_req', /home/efrink/mled/split_cu/U280_CRC_Accelerator/src/kernel.cpp:262) on port 'gmem0' (/home/efrink/mled/split_cu/U280_CRC_Accelerator/src/kernel.cpp:262) [31]  (2.43 ns)

 <State 43>: 2.43ns
The critical path consists of the following:
	bus request operation ('gmem0_load_64_req', /home/efrink/mled/split_cu/U280_CRC_Accelerator/src/kernel.cpp:262) on port 'gmem0' (/home/efrink/mled/split_cu/U280_CRC_Accelerator/src/kernel.cpp:262) [31]  (2.43 ns)

 <State 44>: 2.43ns
The critical path consists of the following:
	bus request operation ('gmem0_load_64_req', /home/efrink/mled/split_cu/U280_CRC_Accelerator/src/kernel.cpp:262) on port 'gmem0' (/home/efrink/mled/split_cu/U280_CRC_Accelerator/src/kernel.cpp:262) [31]  (2.43 ns)

 <State 45>: 2.43ns
The critical path consists of the following:
	bus request operation ('gmem0_load_64_req', /home/efrink/mled/split_cu/U280_CRC_Accelerator/src/kernel.cpp:262) on port 'gmem0' (/home/efrink/mled/split_cu/U280_CRC_Accelerator/src/kernel.cpp:262) [31]  (2.43 ns)

 <State 46>: 2.43ns
The critical path consists of the following:
	bus request operation ('gmem0_load_64_req', /home/efrink/mled/split_cu/U280_CRC_Accelerator/src/kernel.cpp:262) on port 'gmem0' (/home/efrink/mled/split_cu/U280_CRC_Accelerator/src/kernel.cpp:262) [31]  (2.43 ns)

 <State 47>: 2.43ns
The critical path consists of the following:
	bus request operation ('gmem0_load_64_req', /home/efrink/mled/split_cu/U280_CRC_Accelerator/src/kernel.cpp:262) on port 'gmem0' (/home/efrink/mled/split_cu/U280_CRC_Accelerator/src/kernel.cpp:262) [31]  (2.43 ns)

 <State 48>: 2.43ns
The critical path consists of the following:
	bus request operation ('gmem0_load_64_req', /home/efrink/mled/split_cu/U280_CRC_Accelerator/src/kernel.cpp:262) on port 'gmem0' (/home/efrink/mled/split_cu/U280_CRC_Accelerator/src/kernel.cpp:262) [31]  (2.43 ns)

 <State 49>: 2.43ns
The critical path consists of the following:
	bus request operation ('gmem0_load_64_req', /home/efrink/mled/split_cu/U280_CRC_Accelerator/src/kernel.cpp:262) on port 'gmem0' (/home/efrink/mled/split_cu/U280_CRC_Accelerator/src/kernel.cpp:262) [31]  (2.43 ns)

 <State 50>: 2.43ns
The critical path consists of the following:
	bus request operation ('gmem0_load_64_req', /home/efrink/mled/split_cu/U280_CRC_Accelerator/src/kernel.cpp:262) on port 'gmem0' (/home/efrink/mled/split_cu/U280_CRC_Accelerator/src/kernel.cpp:262) [31]  (2.43 ns)

 <State 51>: 2.43ns
The critical path consists of the following:
	bus request operation ('gmem0_load_64_req', /home/efrink/mled/split_cu/U280_CRC_Accelerator/src/kernel.cpp:262) on port 'gmem0' (/home/efrink/mled/split_cu/U280_CRC_Accelerator/src/kernel.cpp:262) [31]  (2.43 ns)

 <State 52>: 2.43ns
The critical path consists of the following:
	bus request operation ('gmem0_load_64_req', /home/efrink/mled/split_cu/U280_CRC_Accelerator/src/kernel.cpp:262) on port 'gmem0' (/home/efrink/mled/split_cu/U280_CRC_Accelerator/src/kernel.cpp:262) [31]  (2.43 ns)

 <State 53>: 2.43ns
The critical path consists of the following:
	bus request operation ('gmem0_load_64_req', /home/efrink/mled/split_cu/U280_CRC_Accelerator/src/kernel.cpp:262) on port 'gmem0' (/home/efrink/mled/split_cu/U280_CRC_Accelerator/src/kernel.cpp:262) [31]  (2.43 ns)

 <State 54>: 2.43ns
The critical path consists of the following:
	bus request operation ('gmem0_load_64_req', /home/efrink/mled/split_cu/U280_CRC_Accelerator/src/kernel.cpp:262) on port 'gmem0' (/home/efrink/mled/split_cu/U280_CRC_Accelerator/src/kernel.cpp:262) [31]  (2.43 ns)

 <State 55>: 2.43ns
The critical path consists of the following:
	bus request operation ('gmem0_load_64_req', /home/efrink/mled/split_cu/U280_CRC_Accelerator/src/kernel.cpp:262) on port 'gmem0' (/home/efrink/mled/split_cu/U280_CRC_Accelerator/src/kernel.cpp:262) [31]  (2.43 ns)

 <State 56>: 2.43ns
The critical path consists of the following:
	bus request operation ('gmem0_load_64_req', /home/efrink/mled/split_cu/U280_CRC_Accelerator/src/kernel.cpp:262) on port 'gmem0' (/home/efrink/mled/split_cu/U280_CRC_Accelerator/src/kernel.cpp:262) [31]  (2.43 ns)

 <State 57>: 2.43ns
The critical path consists of the following:
	bus request operation ('gmem0_load_64_req', /home/efrink/mled/split_cu/U280_CRC_Accelerator/src/kernel.cpp:262) on port 'gmem0' (/home/efrink/mled/split_cu/U280_CRC_Accelerator/src/kernel.cpp:262) [31]  (2.43 ns)

 <State 58>: 2.43ns
The critical path consists of the following:
	bus request operation ('gmem0_load_64_req', /home/efrink/mled/split_cu/U280_CRC_Accelerator/src/kernel.cpp:262) on port 'gmem0' (/home/efrink/mled/split_cu/U280_CRC_Accelerator/src/kernel.cpp:262) [31]  (2.43 ns)

 <State 59>: 2.43ns
The critical path consists of the following:
	bus request operation ('gmem0_load_64_req', /home/efrink/mled/split_cu/U280_CRC_Accelerator/src/kernel.cpp:262) on port 'gmem0' (/home/efrink/mled/split_cu/U280_CRC_Accelerator/src/kernel.cpp:262) [31]  (2.43 ns)

 <State 60>: 2.43ns
The critical path consists of the following:
	bus request operation ('gmem0_load_64_req', /home/efrink/mled/split_cu/U280_CRC_Accelerator/src/kernel.cpp:262) on port 'gmem0' (/home/efrink/mled/split_cu/U280_CRC_Accelerator/src/kernel.cpp:262) [31]  (2.43 ns)

 <State 61>: 2.43ns
The critical path consists of the following:
	bus request operation ('gmem0_load_64_req', /home/efrink/mled/split_cu/U280_CRC_Accelerator/src/kernel.cpp:262) on port 'gmem0' (/home/efrink/mled/split_cu/U280_CRC_Accelerator/src/kernel.cpp:262) [31]  (2.43 ns)

 <State 62>: 2.43ns
The critical path consists of the following:
	bus request operation ('gmem0_load_64_req', /home/efrink/mled/split_cu/U280_CRC_Accelerator/src/kernel.cpp:262) on port 'gmem0' (/home/efrink/mled/split_cu/U280_CRC_Accelerator/src/kernel.cpp:262) [31]  (2.43 ns)

 <State 63>: 2.43ns
The critical path consists of the following:
	bus request operation ('gmem0_load_64_req', /home/efrink/mled/split_cu/U280_CRC_Accelerator/src/kernel.cpp:262) on port 'gmem0' (/home/efrink/mled/split_cu/U280_CRC_Accelerator/src/kernel.cpp:262) [31]  (2.43 ns)

 <State 64>: 2.43ns
The critical path consists of the following:
	bus request operation ('gmem0_load_64_req', /home/efrink/mled/split_cu/U280_CRC_Accelerator/src/kernel.cpp:262) on port 'gmem0' (/home/efrink/mled/split_cu/U280_CRC_Accelerator/src/kernel.cpp:262) [31]  (2.43 ns)

 <State 65>: 2.43ns
The critical path consists of the following:
	bus request operation ('gmem0_load_64_req', /home/efrink/mled/split_cu/U280_CRC_Accelerator/src/kernel.cpp:262) on port 'gmem0' (/home/efrink/mled/split_cu/U280_CRC_Accelerator/src/kernel.cpp:262) [31]  (2.43 ns)

 <State 66>: 2.43ns
The critical path consists of the following:
	bus request operation ('gmem0_load_64_req', /home/efrink/mled/split_cu/U280_CRC_Accelerator/src/kernel.cpp:262) on port 'gmem0' (/home/efrink/mled/split_cu/U280_CRC_Accelerator/src/kernel.cpp:262) [31]  (2.43 ns)

 <State 67>: 2.43ns
The critical path consists of the following:
	bus request operation ('gmem0_load_64_req', /home/efrink/mled/split_cu/U280_CRC_Accelerator/src/kernel.cpp:262) on port 'gmem0' (/home/efrink/mled/split_cu/U280_CRC_Accelerator/src/kernel.cpp:262) [31]  (2.43 ns)

 <State 68>: 2.43ns
The critical path consists of the following:
	bus request operation ('gmem0_load_64_req', /home/efrink/mled/split_cu/U280_CRC_Accelerator/src/kernel.cpp:262) on port 'gmem0' (/home/efrink/mled/split_cu/U280_CRC_Accelerator/src/kernel.cpp:262) [31]  (2.43 ns)

 <State 69>: 2.43ns
The critical path consists of the following:
	bus request operation ('gmem0_load_64_req', /home/efrink/mled/split_cu/U280_CRC_Accelerator/src/kernel.cpp:262) on port 'gmem0' (/home/efrink/mled/split_cu/U280_CRC_Accelerator/src/kernel.cpp:262) [31]  (2.43 ns)

 <State 70>: 2.43ns
The critical path consists of the following:
	bus request operation ('gmem0_load_64_req', /home/efrink/mled/split_cu/U280_CRC_Accelerator/src/kernel.cpp:262) on port 'gmem0' (/home/efrink/mled/split_cu/U280_CRC_Accelerator/src/kernel.cpp:262) [31]  (2.43 ns)

 <State 71>: 2.43ns
The critical path consists of the following:
	bus request operation ('gmem0_load_64_req', /home/efrink/mled/split_cu/U280_CRC_Accelerator/src/kernel.cpp:262) on port 'gmem0' (/home/efrink/mled/split_cu/U280_CRC_Accelerator/src/kernel.cpp:262) [31]  (2.43 ns)

 <State 72>: 2.43ns
The critical path consists of the following:
	bus read operation ('gmem0_addr_read', /home/efrink/mled/split_cu/U280_CRC_Accelerator/src/kernel.cpp:262) on port 'gmem0' (/home/efrink/mled/split_cu/U280_CRC_Accelerator/src/kernel.cpp:262) [32]  (2.43 ns)

 <State 73>: 2.11ns
The critical path consists of the following:
	'lshr' operation ('lshr_ln262', /home/efrink/mled/split_cu/U280_CRC_Accelerator/src/kernel.cpp:262) [36]  (1.44 ns)
	'store' operation ('store_ln262', /home/efrink/mled/split_cu/U280_CRC_Accelerator/src/kernel.cpp:262) of variable 'trunc_ln262', /home/efrink/mled/split_cu/U280_CRC_Accelerator/src/kernel.cpp:262 on array 'pad_block' [39]  (0.667 ns)


============================================================
+ Verbose Summary: Binding
============================================================
N/A
* FSMD analyzer results:
  - Output states:
 - Input state : 
  - Chain level:
	State 1
	State 2
	State 3
	State 4
	State 5
	State 6
	State 7
	State 8
	State 9
	State 10
	State 11
	State 12
	State 13
	State 14
	State 15
	State 16
	State 17
	State 18
	State 19
	State 20
	State 21
	State 22
	State 23
	State 24
	State 25
	State 26
	State 27
	State 28
	State 29
	State 30
	State 31
	State 32
	State 33
	State 34
	State 35
	State 36
	State 37
	State 38
	State 39
	State 40
	State 41
	State 42
	State 43
	State 44
	State 45
	State 46
	State 47
	State 48
	State 49
	State 50
	State 51
	State 52
	State 53
	State 54
	State 55
	State 56
	State 57
	State 58
	State 59
	State 60
	State 61
	State 62
	State 63
	State 64
	State 65
	State 66
	State 67
	State 68
	State 69
	State 70
	State 71
	State 72
	State 73


============================================================
+ Verbose Summary: Datapath Resource usage 
============================================================
N/A
