

================================================================
== Vitis HLS Report for 'sha256_compress_block_Pipeline_round_loop'
================================================================
* Date:           Thu Apr  2 18:19:24 2026

* Version:        2022.1 (Build 3526262 on Mon Apr 18 15:47:01 MDT 2022)
* Project:        calculate_sha256
* Solution:       solution (Vitis Kernel Flow Target)
* Product family: virtexuplus
* Target device:  xcu280-fsvh2892-2L-e


================================================================
== Performance Estimates
================================================================
+ Timing: 
    * Summary: 
    +--------+---------+----------+------------+
    |  Clock |  Target | Estimated| Uncertainty|
    +--------+---------+----------+------------+
    |ap_clk  |  3.33 ns|  2.939 ns|     0.90 ns|
    +--------+---------+----------+------------+

+ Latency: 
    * Summary: 
    +---------+---------+----------+----------+-----+-----+---------+
    |  Latency (cycles) |  Latency (absolute) |  Interval | Pipeline|
    |   min   |   max   |    min   |    max   | min | max |   Type  |
    +---------+---------+----------+----------+-----+-----+---------+
    |       68|       68|  0.227 us|  0.227 us|   68|   68|       no|
    +---------+---------+----------+----------+-----+-----+---------+

    + Detail: 
        * Instance: 
        N/A

        * Loop: 
        +--------------+---------+---------+----------+-----------+-----------+------+----------+
        |              |  Latency (cycles) | Iteration|  Initiation Interval  | Trip |          |
        |   Loop Name  |   min   |   max   |  Latency |  achieved |   target  | Count| Pipelined|
        +--------------+---------+---------+----------+-----------+-----------+------+----------+
        |- round_loop  |       66|       66|         3|          1|          1|    64|       yes|
        +--------------+---------+---------+----------+-----------+-----------+------+----------+

============================================================
+ Verbose Summary: Synthesis Manager
============================================================
InlineROM: 1
ExposeGlobal: 0
============================================================
+ Verbose Summary: CDFG Model
============================================================
IsTopModel: 0
ResetActiveHigh: 1
IsCombinational: 0
IsDatapathOnly: 0
HasWiredReturn: 1
HasMFsm: 2
HasVarLatency: 1
IsPipeline: 0
IsRtlPipelined: 0
IsInstanceOverlapped: 0
IsDontTouch: 0
HasImplIP: 0
IsGatedGlobalClock: 0

+ Individual pipeline summary: 
  * Pipeline-0: initiation interval (II) = 1, depth = 3


============================================================
+ Verbose Summary: Schedule
============================================================
* Number of FSM states : 3
* Pipeline : 1
  Pipeline-0 : II = 1, D = 3, States = { 1 2 3 }
* Dataflow Pipeline: 0

* FSM state transitions: 
1 --> 2 
2 --> 3 
3 --> 

* FSM state operations: 

State 1 <SV = 0> <Delay = 1.09>
ST_1 : Operation 6 [1/1] (0.00ns)   --->   "%h = alloca i32 1"   --->   Operation 6 'alloca' 'h' <Predicate = true> <Delay = 0.00>
ST_1 : Operation 7 [1/1] (0.00ns)   --->   "%d = alloca i32 1"   --->   Operation 7 'alloca' 'd' <Predicate = true> <Delay = 0.00>
ST_1 : Operation 8 [1/1] (0.00ns)   --->   "%i = alloca i32 1"   --->   Operation 8 'alloca' 'i' <Predicate = true> <Delay = 0.00>
ST_1 : Operation 9 [1/1] (0.00ns)   --->   "%wbuf_16 = alloca i32 1"   --->   Operation 9 'alloca' 'wbuf_16' <Predicate = true> <Delay = 0.00>
ST_1 : Operation 10 [1/1] (0.00ns)   --->   "%wbuf_17 = alloca i32 1"   --->   Operation 10 'alloca' 'wbuf_17' <Predicate = true> <Delay = 0.00>
ST_1 : Operation 11 [1/1] (0.00ns)   --->   "%wbuf_18 = alloca i32 1"   --->   Operation 11 'alloca' 'wbuf_18' <Predicate = true> <Delay = 0.00>
ST_1 : Operation 12 [1/1] (0.00ns)   --->   "%wbuf_19 = alloca i32 1"   --->   Operation 12 'alloca' 'wbuf_19' <Predicate = true> <Delay = 0.00>
ST_1 : Operation 13 [1/1] (0.00ns)   --->   "%wbuf_20 = alloca i32 1"   --->   Operation 13 'alloca' 'wbuf_20' <Predicate = true> <Delay = 0.00>
ST_1 : Operation 14 [1/1] (0.00ns)   --->   "%wbuf_21 = alloca i32 1"   --->   Operation 14 'alloca' 'wbuf_21' <Predicate = true> <Delay = 0.00>
ST_1 : Operation 15 [1/1] (0.00ns)   --->   "%wbuf_22 = alloca i32 1"   --->   Operation 15 'alloca' 'wbuf_22' <Predicate = true> <Delay = 0.00>
ST_1 : Operation 16 [1/1] (0.00ns)   --->   "%wbuf_23 = alloca i32 1"   --->   Operation 16 'alloca' 'wbuf_23' <Predicate = true> <Delay = 0.00>
ST_1 : Operation 17 [1/1] (0.00ns)   --->   "%wbuf_24 = alloca i32 1"   --->   Operation 17 'alloca' 'wbuf_24' <Predicate = true> <Delay = 0.00>
ST_1 : Operation 18 [1/1] (0.00ns)   --->   "%wbuf_25 = alloca i32 1"   --->   Operation 18 'alloca' 'wbuf_25' <Predicate = true> <Delay = 0.00>
ST_1 : Operation 19 [1/1] (0.00ns)   --->   "%wbuf_26 = alloca i32 1"   --->   Operation 19 'alloca' 'wbuf_26' <Predicate = true> <Delay = 0.00>
ST_1 : Operation 20 [1/1] (0.00ns)   --->   "%wbuf_27 = alloca i32 1"   --->   Operation 20 'alloca' 'wbuf_27' <Predicate = true> <Delay = 0.00>
ST_1 : Operation 21 [1/1] (0.00ns)   --->   "%wbuf_28 = alloca i32 1"   --->   Operation 21 'alloca' 'wbuf_28' <Predicate = true> <Delay = 0.00>
ST_1 : Operation 22 [1/1] (0.00ns)   --->   "%wbuf_29 = alloca i32 1"   --->   Operation 22 'alloca' 'wbuf_29' <Predicate = true> <Delay = 0.00>
ST_1 : Operation 23 [1/1] (0.00ns)   --->   "%wbuf_30 = alloca i32 1"   --->   Operation 23 'alloca' 'wbuf_30' <Predicate = true> <Delay = 0.00>
ST_1 : Operation 24 [1/1] (0.00ns)   --->   "%wbuf_31 = alloca i32 1"   --->   Operation 24 'alloca' 'wbuf_31' <Predicate = true> <Delay = 0.00>
ST_1 : Operation 25 [1/1] (0.00ns)   --->   "%h_1 = alloca i32 1"   --->   Operation 25 'alloca' 'h_1' <Predicate = true> <Delay = 0.00>
ST_1 : Operation 26 [1/1] (0.00ns)   --->   "%g = alloca i32 1"   --->   Operation 26 'alloca' 'g' <Predicate = true> <Delay = 0.00>
ST_1 : Operation 27 [1/1] (0.00ns)   --->   "%f = alloca i32 1"   --->   Operation 27 'alloca' 'f' <Predicate = true> <Delay = 0.00>
ST_1 : Operation 28 [1/1] (0.00ns)   --->   "%d_1 = alloca i32 1"   --->   Operation 28 'alloca' 'd_1' <Predicate = true> <Delay = 0.00>
ST_1 : Operation 29 [1/1] (0.00ns)   --->   "%c = alloca i32 1"   --->   Operation 29 'alloca' 'c' <Predicate = true> <Delay = 0.00>
ST_1 : Operation 30 [1/1] (0.00ns)   --->   "%b = alloca i32 1"   --->   Operation 30 'alloca' 'b' <Predicate = true> <Delay = 0.00>
ST_1 : Operation 31 [1/1] (0.00ns)   --->   "%state_7_read_1 = read i32 @_ssdm_op_Read.ap_auto.i32, i32 %state_7_read"   --->   Operation 31 'read' 'state_7_read_1' <Predicate = true> <Delay = 0.00>
ST_1 : Operation 32 [1/1] (0.00ns)   --->   "%state_6_read_1 = read i32 @_ssdm_op_Read.ap_auto.i32, i32 %state_6_read"   --->   Operation 32 'read' 'state_6_read_1' <Predicate = true> <Delay = 0.00>
ST_1 : Operation 33 [1/1] (0.00ns)   --->   "%state_5_read_1 = read i32 @_ssdm_op_Read.ap_auto.i32, i32 %state_5_read"   --->   Operation 33 'read' 'state_5_read_1' <Predicate = true> <Delay = 0.00>
ST_1 : Operation 34 [1/1] (0.00ns)   --->   "%state_4_read_1 = read i32 @_ssdm_op_Read.ap_auto.i32, i32 %state_4_read"   --->   Operation 34 'read' 'state_4_read_1' <Predicate = true> <Delay = 0.00>
ST_1 : Operation 35 [1/1] (0.00ns)   --->   "%state_3_read_1 = read i32 @_ssdm_op_Read.ap_auto.i32, i32 %state_3_read"   --->   Operation 35 'read' 'state_3_read_1' <Predicate = true> <Delay = 0.00>
ST_1 : Operation 36 [1/1] (0.00ns)   --->   "%state_2_read_1 = read i32 @_ssdm_op_Read.ap_auto.i32, i32 %state_2_read"   --->   Operation 36 'read' 'state_2_read_1' <Predicate = true> <Delay = 0.00>
ST_1 : Operation 37 [1/1] (0.00ns)   --->   "%state_1_read_1 = read i32 @_ssdm_op_Read.ap_auto.i32, i32 %state_1_read"   --->   Operation 37 'read' 'state_1_read_1' <Predicate = true> <Delay = 0.00>
ST_1 : Operation 38 [1/1] (0.00ns)   --->   "%state_0_read_1 = read i32 @_ssdm_op_Read.ap_auto.i32, i32 %state_0_read"   --->   Operation 38 'read' 'state_0_read_1' <Predicate = true> <Delay = 0.00>
ST_1 : Operation 39 [1/1] (0.00ns)   --->   "%wbuf_read = read i32 @_ssdm_op_Read.ap_auto.i32, i32 %wbuf"   --->   Operation 39 'read' 'wbuf_read' <Predicate = true> <Delay = 0.00>
ST_1 : Operation 40 [1/1] (0.00ns)   --->   "%wbuf_1_read = read i32 @_ssdm_op_Read.ap_auto.i32, i32 %wbuf_1"   --->   Operation 40 'read' 'wbuf_1_read' <Predicate = true> <Delay = 0.00>
ST_1 : Operation 41 [1/1] (0.00ns)   --->   "%wbuf_2_read = read i32 @_ssdm_op_Read.ap_auto.i32, i32 %wbuf_2"   --->   Operation 41 'read' 'wbuf_2_read' <Predicate = true> <Delay = 0.00>
ST_1 : Operation 42 [1/1] (0.00ns)   --->   "%wbuf_3_read = read i32 @_ssdm_op_Read.ap_auto.i32, i32 %wbuf_3"   --->   Operation 42 'read' 'wbuf_3_read' <Predicate = true> <Delay = 0.00>
ST_1 : Operation 43 [1/1] (0.00ns)   --->   "%wbuf_4_read = read i32 @_ssdm_op_Read.ap_auto.i32, i32 %wbuf_4"   --->   Operation 43 'read' 'wbuf_4_read' <Predicate = true> <Delay = 0.00>
ST_1 : Operation 44 [1/1] (0.00ns)   --->   "%wbuf_5_read = read i32 @_ssdm_op_Read.ap_auto.i32, i32 %wbuf_5"   --->   Operation 44 'read' 'wbuf_5_read' <Predicate = true> <Delay = 0.00>
ST_1 : Operation 45 [1/1] (0.00ns)   --->   "%wbuf_6_read = read i32 @_ssdm_op_Read.ap_auto.i32, i32 %wbuf_6"   --->   Operation 45 'read' 'wbuf_6_read' <Predicate = true> <Delay = 0.00>
ST_1 : Operation 46 [1/1] (0.00ns)   --->   "%wbuf_7_read = read i32 @_ssdm_op_Read.ap_auto.i32, i32 %wbuf_7"   --->   Operation 46 'read' 'wbuf_7_read' <Predicate = true> <Delay = 0.00>
ST_1 : Operation 47 [1/1] (0.00ns)   --->   "%wbuf_8_read = read i32 @_ssdm_op_Read.ap_auto.i32, i32 %wbuf_8"   --->   Operation 47 'read' 'wbuf_8_read' <Predicate = true> <Delay = 0.00>
ST_1 : Operation 48 [1/1] (0.00ns)   --->   "%wbuf_9_read = read i32 @_ssdm_op_Read.ap_auto.i32, i32 %wbuf_9"   --->   Operation 48 'read' 'wbuf_9_read' <Predicate = true> <Delay = 0.00>
ST_1 : Operation 49 [1/1] (0.00ns)   --->   "%wbuf_10_read = read i32 @_ssdm_op_Read.ap_auto.i32, i32 %wbuf_10"   --->   Operation 49 'read' 'wbuf_10_read' <Predicate = true> <Delay = 0.00>
ST_1 : Operation 50 [1/1] (0.00ns)   --->   "%wbuf_11_read = read i32 @_ssdm_op_Read.ap_auto.i32, i32 %wbuf_11"   --->   Operation 50 'read' 'wbuf_11_read' <Predicate = true> <Delay = 0.00>
ST_1 : Operation 51 [1/1] (0.00ns)   --->   "%wbuf_12_read = read i32 @_ssdm_op_Read.ap_auto.i32, i32 %wbuf_12"   --->   Operation 51 'read' 'wbuf_12_read' <Predicate = true> <Delay = 0.00>
ST_1 : Operation 52 [1/1] (0.00ns)   --->   "%wbuf_13_read = read i32 @_ssdm_op_Read.ap_auto.i32, i32 %wbuf_13"   --->   Operation 52 'read' 'wbuf_13_read' <Predicate = true> <Delay = 0.00>
ST_1 : Operation 53 [1/1] (0.00ns)   --->   "%wbuf_14_read = read i32 @_ssdm_op_Read.ap_auto.i32, i32 %wbuf_14"   --->   Operation 53 'read' 'wbuf_14_read' <Predicate = true> <Delay = 0.00>
ST_1 : Operation 54 [1/1] (0.00ns)   --->   "%wbuf_15_read = read i32 @_ssdm_op_Read.ap_auto.i32, i32 %wbuf_15"   --->   Operation 54 'read' 'wbuf_15_read' <Predicate = true> <Delay = 0.00>
ST_1 : Operation 55 [1/1] (0.38ns)   --->   "%store_ln0 = store i32 %state_0_read_1, i32 %b"   --->   Operation 55 'store' 'store_ln0' <Predicate = true> <Delay = 0.38>
ST_1 : Operation 56 [1/1] (0.38ns)   --->   "%store_ln0 = store i32 %state_1_read_1, i32 %c"   --->   Operation 56 'store' 'store_ln0' <Predicate = true> <Delay = 0.38>
ST_1 : Operation 57 [1/1] (0.38ns)   --->   "%store_ln0 = store i32 %state_2_read_1, i32 %d_1"   --->   Operation 57 'store' 'store_ln0' <Predicate = true> <Delay = 0.38>
ST_1 : Operation 58 [1/1] (0.38ns)   --->   "%store_ln0 = store i32 %state_4_read_1, i32 %f"   --->   Operation 58 'store' 'store_ln0' <Predicate = true> <Delay = 0.38>
ST_1 : Operation 59 [1/1] (0.38ns)   --->   "%store_ln0 = store i32 %state_5_read_1, i32 %g"   --->   Operation 59 'store' 'store_ln0' <Predicate = true> <Delay = 0.38>
ST_1 : Operation 60 [1/1] (0.38ns)   --->   "%store_ln0 = store i32 %state_6_read_1, i32 %h_1"   --->   Operation 60 'store' 'store_ln0' <Predicate = true> <Delay = 0.38>
ST_1 : Operation 61 [1/1] (0.38ns)   --->   "%store_ln0 = store i32 %wbuf_15_read, i32 %wbuf_31"   --->   Operation 61 'store' 'store_ln0' <Predicate = true> <Delay = 0.38>
ST_1 : Operation 62 [1/1] (0.38ns)   --->   "%store_ln0 = store i32 %wbuf_14_read, i32 %wbuf_30"   --->   Operation 62 'store' 'store_ln0' <Predicate = true> <Delay = 0.38>
ST_1 : Operation 63 [1/1] (0.38ns)   --->   "%store_ln0 = store i32 %wbuf_13_read, i32 %wbuf_29"   --->   Operation 63 'store' 'store_ln0' <Predicate = true> <Delay = 0.38>
ST_1 : Operation 64 [1/1] (0.38ns)   --->   "%store_ln0 = store i32 %wbuf_12_read, i32 %wbuf_28"   --->   Operation 64 'store' 'store_ln0' <Predicate = true> <Delay = 0.38>
ST_1 : Operation 65 [1/1] (0.38ns)   --->   "%store_ln0 = store i32 %wbuf_11_read, i32 %wbuf_27"   --->   Operation 65 'store' 'store_ln0' <Predicate = true> <Delay = 0.38>
ST_1 : Operation 66 [1/1] (0.38ns)   --->   "%store_ln0 = store i32 %wbuf_10_read, i32 %wbuf_26"   --->   Operation 66 'store' 'store_ln0' <Predicate = true> <Delay = 0.38>
ST_1 : Operation 67 [1/1] (0.38ns)   --->   "%store_ln0 = store i32 %wbuf_9_read, i32 %wbuf_25"   --->   Operation 67 'store' 'store_ln0' <Predicate = true> <Delay = 0.38>
ST_1 : Operation 68 [1/1] (0.38ns)   --->   "%store_ln0 = store i32 %wbuf_8_read, i32 %wbuf_24"   --->   Operation 68 'store' 'store_ln0' <Predicate = true> <Delay = 0.38>
ST_1 : Operation 69 [1/1] (0.38ns)   --->   "%store_ln0 = store i32 %wbuf_7_read, i32 %wbuf_23"   --->   Operation 69 'store' 'store_ln0' <Predicate = true> <Delay = 0.38>
ST_1 : Operation 70 [1/1] (0.38ns)   --->   "%store_ln0 = store i32 %wbuf_6_read, i32 %wbuf_22"   --->   Operation 70 'store' 'store_ln0' <Predicate = true> <Delay = 0.38>
ST_1 : Operation 71 [1/1] (0.38ns)   --->   "%store_ln0 = store i32 %wbuf_5_read, i32 %wbuf_21"   --->   Operation 71 'store' 'store_ln0' <Predicate = true> <Delay = 0.38>
ST_1 : Operation 72 [1/1] (0.38ns)   --->   "%store_ln0 = store i32 %wbuf_4_read, i32 %wbuf_20"   --->   Operation 72 'store' 'store_ln0' <Predicate = true> <Delay = 0.38>
ST_1 : Operation 73 [1/1] (0.38ns)   --->   "%store_ln0 = store i32 %wbuf_3_read, i32 %wbuf_19"   --->   Operation 73 'store' 'store_ln0' <Predicate = true> <Delay = 0.38>
ST_1 : Operation 74 [1/1] (0.38ns)   --->   "%store_ln0 = store i32 %wbuf_2_read, i32 %wbuf_18"   --->   Operation 74 'store' 'store_ln0' <Predicate = true> <Delay = 0.38>
ST_1 : Operation 75 [1/1] (0.38ns)   --->   "%store_ln0 = store i32 %wbuf_1_read, i32 %wbuf_17"   --->   Operation 75 'store' 'store_ln0' <Predicate = true> <Delay = 0.38>
ST_1 : Operation 76 [1/1] (0.38ns)   --->   "%store_ln0 = store i32 %wbuf_read, i32 %wbuf_16"   --->   Operation 76 'store' 'store_ln0' <Predicate = true> <Delay = 0.38>
ST_1 : Operation 77 [1/1] (0.38ns)   --->   "%store_ln0 = store i7 0, i7 %i"   --->   Operation 77 'store' 'store_ln0' <Predicate = true> <Delay = 0.38>
ST_1 : Operation 78 [1/1] (0.38ns)   --->   "%store_ln0 = store i32 %state_3_read_1, i32 %d"   --->   Operation 78 'store' 'store_ln0' <Predicate = true> <Delay = 0.38>
ST_1 : Operation 79 [1/1] (0.38ns)   --->   "%store_ln0 = store i32 %state_7_read_1, i32 %h"   --->   Operation 79 'store' 'store_ln0' <Predicate = true> <Delay = 0.38>
ST_1 : Operation 80 [1/1] (0.00ns)   --->   "%br_ln0 = br void %for.body14"   --->   Operation 80 'br' 'br_ln0' <Predicate = true> <Delay = 0.00>
ST_1 : Operation 81 [1/1] (0.00ns)   --->   "%i_6 = load i7 %i" [/home/efrink/mled/split_cu/U280_CRC_Accelerator/src/kernel.cpp:158]   --->   Operation 81 'load' 'i_6' <Predicate = true> <Delay = 0.00>
ST_1 : Operation 82 [1/1] (0.59ns)   --->   "%icmp_ln147 = icmp_eq  i7 %i_6, i7 64" [/home/efrink/mled/split_cu/U280_CRC_Accelerator/src/kernel.cpp:147]   --->   Operation 82 'icmp' 'icmp_ln147' <Predicate = true> <Delay = 0.59> <CoreInst = "Cmp">   --->   Core 9 'Cmp' <Latency = 0> <II = 1> <Delay = 0.59> <FuncUnit> <Opcode : 'icmp'> <InPorts = 2> <OutPorts = 1>
ST_1 : Operation 83 [1/1] (0.70ns)   --->   "%add_ln147 = add i7 %i_6, i7 1" [/home/efrink/mled/split_cu/U280_CRC_Accelerator/src/kernel.cpp:147]   --->   Operation 83 'add' 'add_ln147' <Predicate = true> <Delay = 0.70> <CoreInst = "Adder">   --->   Core 1 'Adder' <Latency = 0> <II = 1> <Delay = 0.70> <FuncUnit> <Opcode : 'add' 'sub'> <InPorts = 2> <OutPorts = 1>
ST_1 : Operation 84 [1/1] (0.00ns)   --->   "%br_ln147 = br i1 %icmp_ln147, void %for.body14.split, void %for.end55.exitStub" [/home/efrink/mled/split_cu/U280_CRC_Accelerator/src/kernel.cpp:147]   --->   Operation 84 'br' 'br_ln147' <Predicate = true> <Delay = 0.00>
ST_1 : Operation 85 [1/1] (0.00ns)   --->   "%zext_ln147 = zext i7 %i_6" [/home/efrink/mled/split_cu/U280_CRC_Accelerator/src/kernel.cpp:147]   --->   Operation 85 'zext' 'zext_ln147' <Predicate = (!icmp_ln147)> <Delay = 0.00>
ST_1 : Operation 86 [1/1] (0.00ns)   --->   "%tmp = partselect i3 @_ssdm_op_PartSelect.i3.i7.i32.i32, i7 %i_6, i32 4, i32 6" [/home/efrink/mled/split_cu/U280_CRC_Accelerator/src/kernel.cpp:152]   --->   Operation 86 'partselect' 'tmp' <Predicate = (!icmp_ln147)> <Delay = 0.00>
ST_1 : Operation 87 [1/1] (0.49ns)   --->   "%icmp_ln152 = icmp_eq  i3 %tmp, i3 0" [/home/efrink/mled/split_cu/U280_CRC_Accelerator/src/kernel.cpp:152]   --->   Operation 87 'icmp' 'icmp_ln152' <Predicate = (!icmp_ln147)> <Delay = 0.49> <CoreInst = "Cmp">   --->   Core 9 'Cmp' <Latency = 0> <II = 1> <Delay = 0.49> <FuncUnit> <Opcode : 'icmp'> <InPorts = 2> <OutPorts = 1>
ST_1 : Operation 88 [1/1] (0.00ns)   --->   "%br_ln152 = br i1 %icmp_ln152, void %if.else, void %if.then" [/home/efrink/mled/split_cu/U280_CRC_Accelerator/src/kernel.cpp:152]   --->   Operation 88 'br' 'br_ln152' <Predicate = (!icmp_ln147)> <Delay = 0.00>
ST_1 : Operation 89 [1/1] (0.00ns)   --->   "%idx = trunc i7 %i_6" [/home/efrink/mled/split_cu/U280_CRC_Accelerator/src/kernel.cpp:158]   --->   Operation 89 'trunc' 'idx' <Predicate = (!icmp_ln147 & !icmp_ln152)> <Delay = 0.00>
ST_1 : Operation 90 [1/1] (0.70ns)   --->   "%add_ln159 = add i4 %idx, i4 1" [/home/efrink/mled/split_cu/U280_CRC_Accelerator/src/kernel.cpp:159]   --->   Operation 90 'add' 'add_ln159' <Predicate = (!icmp_ln147 & !icmp_ln152)> <Delay = 0.70> <CoreInst = "Adder">   --->   Core 1 'Adder' <Latency = 0> <II = 1> <Delay = 0.70> <FuncUnit> <Opcode : 'add' 'sub'> <InPorts = 2> <OutPorts = 1>
ST_1 : Operation 91 [1/1] (0.70ns)   --->   "%add_ln160 = add i4 %idx, i4 14" [/home/efrink/mled/split_cu/U280_CRC_Accelerator/src/kernel.cpp:160]   --->   Operation 91 'add' 'add_ln160' <Predicate = (!icmp_ln147 & !icmp_ln152)> <Delay = 0.70> <CoreInst = "Adder">   --->   Core 1 'Adder' <Latency = 0> <II = 1> <Delay = 0.70> <FuncUnit> <Opcode : 'add' 'sub'> <InPorts = 2> <OutPorts = 1>
ST_1 : Operation 92 [1/1] (0.34ns)   --->   "%switch_ln162 = switch i4 %idx, void %arrayidx36.case.15, i4 0, void %if.else.for.inc53_crit_edge, i4 1, void %if.else.for.inc53_crit_edge40, i4 2, void %arrayidx36.case.2, i4 3, void %arrayidx36.case.3, i4 4, void %arrayidx36.case.4, i4 5, void %arrayidx36.case.5, i4 6, void %arrayidx36.case.6, i4 7, void %arrayidx36.case.7, i4 8, void %arrayidx36.case.8, i4 9, void %arrayidx36.case.9, i4 10, void %arrayidx36.case.10, i4 11, void %arrayidx36.case.11, i4 12, void %arrayidx36.case.12, i4 13, void %arrayidx36.case.13, i4 14, void %arrayidx36.case.14" [/home/efrink/mled/split_cu/U280_CRC_Accelerator/src/kernel.cpp:162]   --->   Operation 92 'switch' 'switch_ln162' <Predicate = (!icmp_ln147 & !icmp_ln152)> <Delay = 0.34>
ST_1 : Operation 93 [1/1] (0.00ns)   --->   "%SHA256_K_addr = getelementptr i32 %SHA256_K, i64 0, i64 %zext_ln147" [/home/efrink/mled/split_cu/U280_CRC_Accelerator/src/kernel.cpp:165]   --->   Operation 93 'getelementptr' 'SHA256_K_addr' <Predicate = (!icmp_ln147)> <Delay = 0.00>
ST_1 : Operation 94 [2/2] (0.69ns)   --->   "%SHA256_K_load = load i6 %SHA256_K_addr" [/home/efrink/mled/split_cu/U280_CRC_Accelerator/src/kernel.cpp:165]   --->   Operation 94 'load' 'SHA256_K_load' <Predicate = (!icmp_ln147)> <Delay = 0.69> <CoreInst = "ROM">   --->   Core 101 'ROM' <Latency = 1> <II = 1> <Delay = 0.69> <Storage> <Opcode : 'load'> <Ports = 0> <Width = 32> <Depth = 64> <ROM>
ST_1 : Operation 95 [1/1] (0.38ns)   --->   "%store_ln147 = store i7 %add_ln147, i7 %i" [/home/efrink/mled/split_cu/U280_CRC_Accelerator/src/kernel.cpp:147]   --->   Operation 95 'store' 'store_ln147' <Predicate = (!icmp_ln147)> <Delay = 0.38>

State 2 <SV = 1> <Delay = 2.49>
ST_2 : Operation 96 [1/1] (0.00ns)   --->   "%specpipeline_ln149 = specpipeline void @_ssdm_op_SpecPipeline, i32 1, i32 0, i32 0, i32 0, void @empty" [/home/efrink/mled/split_cu/U280_CRC_Accelerator/src/kernel.cpp:149]   --->   Operation 96 'specpipeline' 'specpipeline_ln149' <Predicate = (!icmp_ln147)> <Delay = 0.00>
ST_2 : Operation 97 [1/1] (0.00ns)   --->   "%specloopname_ln126 = specloopname void @_ssdm_op_SpecLoopName, void @empty_14" [/home/efrink/mled/split_cu/U280_CRC_Accelerator/src/kernel.cpp:126]   --->   Operation 97 'specloopname' 'specloopname_ln126' <Predicate = (!icmp_ln147)> <Delay = 0.00>
ST_2 : Operation 98 [1/1] (0.00ns)   --->   "%wbuf_16_load = load i32 %wbuf_16" [/home/efrink/mled/split_cu/U280_CRC_Accelerator/src/kernel.cpp:154]   --->   Operation 98 'load' 'wbuf_16_load' <Predicate = (!icmp_ln147)> <Delay = 0.00>
ST_2 : Operation 99 [1/1] (0.00ns)   --->   "%wbuf_17_load = load i32 %wbuf_17" [/home/efrink/mled/split_cu/U280_CRC_Accelerator/src/kernel.cpp:154]   --->   Operation 99 'load' 'wbuf_17_load' <Predicate = (!icmp_ln147)> <Delay = 0.00>
ST_2 : Operation 100 [1/1] (0.00ns)   --->   "%wbuf_18_load = load i32 %wbuf_18" [/home/efrink/mled/split_cu/U280_CRC_Accelerator/src/kernel.cpp:154]   --->   Operation 100 'load' 'wbuf_18_load' <Predicate = (!icmp_ln147)> <Delay = 0.00>
ST_2 : Operation 101 [1/1] (0.00ns)   --->   "%wbuf_19_load = load i32 %wbuf_19" [/home/efrink/mled/split_cu/U280_CRC_Accelerator/src/kernel.cpp:154]   --->   Operation 101 'load' 'wbuf_19_load' <Predicate = (!icmp_ln147)> <Delay = 0.00>
ST_2 : Operation 102 [1/1] (0.00ns)   --->   "%wbuf_20_load = load i32 %wbuf_20" [/home/efrink/mled/split_cu/U280_CRC_Accelerator/src/kernel.cpp:154]   --->   Operation 102 'load' 'wbuf_20_load' <Predicate = (!icmp_ln147)> <Delay = 0.00>
ST_2 : Operation 103 [1/1] (0.00ns)   --->   "%wbuf_21_load = load i32 %wbuf_21" [/home/efrink/mled/split_cu/U280_CRC_Accelerator/src/kernel.cpp:154]   --->   Operation 103 'load' 'wbuf_21_load' <Predicate = (!icmp_ln147)> <Delay = 0.00>
ST_2 : Operation 104 [1/1] (0.00ns)   --->   "%wbuf_22_load = load i32 %wbuf_22" [/home/efrink/mled/split_cu/U280_CRC_Accelerator/src/kernel.cpp:154]   --->   Operation 104 'load' 'wbuf_22_load' <Predicate = (!icmp_ln147)> <Delay = 0.00>
ST_2 : Operation 105 [1/1] (0.00ns)   --->   "%wbuf_23_load = load i32 %wbuf_23" [/home/efrink/mled/split_cu/U280_CRC_Accelerator/src/kernel.cpp:154]   --->   Operation 105 'load' 'wbuf_23_load' <Predicate = (!icmp_ln147)> <Delay = 0.00>
ST_2 : Operation 106 [1/1] (0.00ns)   --->   "%wbuf_24_load = load i32 %wbuf_24" [/home/efrink/mled/split_cu/U280_CRC_Accelerator/src/kernel.cpp:154]   --->   Operation 106 'load' 'wbuf_24_load' <Predicate = (!icmp_ln147)> <Delay = 0.00>
ST_2 : Operation 107 [1/1] (0.00ns)   --->   "%wbuf_25_load = load i32 %wbuf_25" [/home/efrink/mled/split_cu/U280_CRC_Accelerator/src/kernel.cpp:154]   --->   Operation 107 'load' 'wbuf_25_load' <Predicate = (!icmp_ln147)> <Delay = 0.00>
ST_2 : Operation 108 [1/1] (0.00ns)   --->   "%wbuf_26_load = load i32 %wbuf_26" [/home/efrink/mled/split_cu/U280_CRC_Accelerator/src/kernel.cpp:154]   --->   Operation 108 'load' 'wbuf_26_load' <Predicate = (!icmp_ln147)> <Delay = 0.00>
ST_2 : Operation 109 [1/1] (0.00ns)   --->   "%wbuf_27_load = load i32 %wbuf_27" [/home/efrink/mled/split_cu/U280_CRC_Accelerator/src/kernel.cpp:154]   --->   Operation 109 'load' 'wbuf_27_load' <Predicate = (!icmp_ln147)> <Delay = 0.00>
ST_2 : Operation 110 [1/1] (0.00ns)   --->   "%wbuf_28_load = load i32 %wbuf_28" [/home/efrink/mled/split_cu/U280_CRC_Accelerator/src/kernel.cpp:154]   --->   Operation 110 'load' 'wbuf_28_load' <Predicate = (!icmp_ln147)> <Delay = 0.00>
ST_2 : Operation 111 [1/1] (0.00ns)   --->   "%wbuf_29_load = load i32 %wbuf_29" [/home/efrink/mled/split_cu/U280_CRC_Accelerator/src/kernel.cpp:154]   --->   Operation 111 'load' 'wbuf_29_load' <Predicate = (!icmp_ln147)> <Delay = 0.00>
ST_2 : Operation 112 [1/1] (0.00ns)   --->   "%wbuf_30_load = load i32 %wbuf_30" [/home/efrink/mled/split_cu/U280_CRC_Accelerator/src/kernel.cpp:154]   --->   Operation 112 'load' 'wbuf_30_load' <Predicate = (!icmp_ln147)> <Delay = 0.00>
ST_2 : Operation 113 [1/1] (0.00ns)   --->   "%wbuf_31_load = load i32 %wbuf_31" [/home/efrink/mled/split_cu/U280_CRC_Accelerator/src/kernel.cpp:154]   --->   Operation 113 'load' 'wbuf_31_load' <Predicate = (!icmp_ln147)> <Delay = 0.00>
ST_2 : Operation 114 [1/1] (0.49ns)   --->   "%x_assign = mux i32 @_ssdm_op_Mux.ap_auto.16i32.i4, i32 %wbuf_16_load, i32 %wbuf_17_load, i32 %wbuf_18_load, i32 %wbuf_19_load, i32 %wbuf_20_load, i32 %wbuf_21_load, i32 %wbuf_22_load, i32 %wbuf_23_load, i32 %wbuf_24_load, i32 %wbuf_25_load, i32 %wbuf_26_load, i32 %wbuf_27_load, i32 %wbuf_28_load, i32 %wbuf_29_load, i32 %wbuf_30_load, i32 %wbuf_31_load, i4 %add_ln159" [/home/efrink/mled/split_cu/U280_CRC_Accelerator/src/kernel.cpp:159]   --->   Operation 114 'mux' 'x_assign' <Predicate = (!icmp_ln147 & !icmp_ln152)> <Delay = 0.49> <CoreInst = "Multiplexer">   --->   Core 76 'Multiplexer' <Latency = 0> <II = 1> <Delay = 0.49> <FuncUnit> <Opcode : 'mux'> <InPorts = 2> <OutPorts = 1>
ST_2 : Operation 115 [1/1] (0.00ns) (grouped into LUT with out node s0)   --->   "%lshr_ln = partselect i25 @_ssdm_op_PartSelect.i25.i32.i32.i32, i32 %x_assign, i32 7, i32 31" [/home/efrink/mled/split_cu/U280_CRC_Accelerator/src/kernel.cpp:55]   --->   Operation 115 'partselect' 'lshr_ln' <Predicate = (!icmp_ln147 & !icmp_ln152)> <Delay = 0.00>
ST_2 : Operation 116 [1/1] (0.00ns) (grouped into LUT with out node s0)   --->   "%trunc_ln55 = trunc i32 %x_assign" [/home/efrink/mled/split_cu/U280_CRC_Accelerator/src/kernel.cpp:55]   --->   Operation 116 'trunc' 'trunc_ln55' <Predicate = (!icmp_ln147 & !icmp_ln152)> <Delay = 0.00>
ST_2 : Operation 117 [1/1] (0.00ns) (grouped into LUT with out node s0)   --->   "%or_ln = bitconcatenate i32 @_ssdm_op_BitConcatenate.i32.i7.i25, i7 %trunc_ln55, i25 %lshr_ln" [/home/efrink/mled/split_cu/U280_CRC_Accelerator/src/kernel.cpp:55]   --->   Operation 117 'bitconcatenate' 'or_ln' <Predicate = (!icmp_ln147 & !icmp_ln152)> <Delay = 0.00>
ST_2 : Operation 118 [1/1] (0.00ns) (grouped into LUT with out node s0)   --->   "%lshr_ln55_1 = partselect i14 @_ssdm_op_PartSelect.i14.i32.i32.i32, i32 %x_assign, i32 18, i32 31" [/home/efrink/mled/split_cu/U280_CRC_Accelerator/src/kernel.cpp:55]   --->   Operation 118 'partselect' 'lshr_ln55_1' <Predicate = (!icmp_ln147 & !icmp_ln152)> <Delay = 0.00>
ST_2 : Operation 119 [1/1] (0.00ns) (grouped into LUT with out node s0)   --->   "%trunc_ln55_1 = trunc i32 %x_assign" [/home/efrink/mled/split_cu/U280_CRC_Accelerator/src/kernel.cpp:55]   --->   Operation 119 'trunc' 'trunc_ln55_1' <Predicate = (!icmp_ln147 & !icmp_ln152)> <Delay = 0.00>
ST_2 : Operation 120 [1/1] (0.00ns) (grouped into LUT with out node s0)   --->   "%or_ln55_1 = bitconcatenate i32 @_ssdm_op_BitConcatenate.i32.i18.i14, i18 %trunc_ln55_1, i14 %lshr_ln55_1" [/home/efrink/mled/split_cu/U280_CRC_Accelerator/src/kernel.cpp:55]   --->   Operation 120 'bitconcatenate' 'or_ln55_1' <Predicate = (!icmp_ln147 & !icmp_ln152)> <Delay = 0.00>
ST_2 : Operation 121 [1/1] (0.00ns) (grouped into LUT with out node s0)   --->   "%lshr_ln1 = partselect i29 @_ssdm_op_PartSelect.i29.i32.i32.i32, i32 %x_assign, i32 3, i32 31" [/home/efrink/mled/split_cu/U280_CRC_Accelerator/src/kernel.cpp:85]   --->   Operation 121 'partselect' 'lshr_ln1' <Predicate = (!icmp_ln147 & !icmp_ln152)> <Delay = 0.00>
ST_2 : Operation 122 [1/1] (0.00ns) (grouped into LUT with out node s0)   --->   "%zext_ln85 = zext i29 %lshr_ln1" [/home/efrink/mled/split_cu/U280_CRC_Accelerator/src/kernel.cpp:85]   --->   Operation 122 'zext' 'zext_ln85' <Predicate = (!icmp_ln147 & !icmp_ln152)> <Delay = 0.00>
ST_2 : Operation 123 [1/1] (0.00ns) (grouped into LUT with out node s0)   --->   "%xor_ln85 = xor i32 %zext_ln85, i32 %or_ln55_1" [/home/efrink/mled/split_cu/U280_CRC_Accelerator/src/kernel.cpp:85]   --->   Operation 123 'xor' 'xor_ln85' <Predicate = (!icmp_ln147 & !icmp_ln152)> <Delay = 0.00> <CoreInst = "LogicGate">   --->   Core 74 'LogicGate' <Latency = 0> <II = 1> <Delay = 0.21> <FuncUnit> <Opcode : 'and' 'or' 'xor'> <InPorts = 2> <OutPorts = 1>
ST_2 : Operation 124 [1/1] (0.21ns) (out node of the LUT)   --->   "%s0 = xor i32 %xor_ln85, i32 %or_ln" [/home/efrink/mled/split_cu/U280_CRC_Accelerator/src/kernel.cpp:85]   --->   Operation 124 'xor' 's0' <Predicate = (!icmp_ln147 & !icmp_ln152)> <Delay = 0.21> <CoreInst = "LogicGate">   --->   Core 74 'LogicGate' <Latency = 0> <II = 1> <Delay = 0.21> <FuncUnit> <Opcode : 'and' 'or' 'xor'> <InPorts = 2> <OutPorts = 1>
ST_2 : Operation 125 [1/1] (0.49ns)   --->   "%x_assign_1 = mux i32 @_ssdm_op_Mux.ap_auto.16i32.i4, i32 %wbuf_16_load, i32 %wbuf_17_load, i32 %wbuf_18_load, i32 %wbuf_19_load, i32 %wbuf_20_load, i32 %wbuf_21_load, i32 %wbuf_22_load, i32 %wbuf_23_load, i32 %wbuf_24_load, i32 %wbuf_25_load, i32 %wbuf_26_load, i32 %wbuf_27_load, i32 %wbuf_28_load, i32 %wbuf_29_load, i32 %wbuf_30_load, i32 %wbuf_31_load, i4 %add_ln160" [/home/efrink/mled/split_cu/U280_CRC_Accelerator/src/kernel.cpp:160]   --->   Operation 125 'mux' 'x_assign_1' <Predicate = (!icmp_ln147 & !icmp_ln152)> <Delay = 0.49> <CoreInst = "Multiplexer">   --->   Core 76 'Multiplexer' <Latency = 0> <II = 1> <Delay = 0.49> <FuncUnit> <Opcode : 'mux'> <InPorts = 2> <OutPorts = 1>
ST_2 : Operation 126 [1/1] (0.00ns) (grouped into LUT with out node add_ln161_2)   --->   "%lshr_ln55_2 = partselect i15 @_ssdm_op_PartSelect.i15.i32.i32.i32, i32 %x_assign_1, i32 17, i32 31" [/home/efrink/mled/split_cu/U280_CRC_Accelerator/src/kernel.cpp:55]   --->   Operation 126 'partselect' 'lshr_ln55_2' <Predicate = (!icmp_ln147 & !icmp_ln152)> <Delay = 0.00>
ST_2 : Operation 127 [1/1] (0.00ns) (grouped into LUT with out node add_ln161_2)   --->   "%trunc_ln55_2 = trunc i32 %x_assign_1" [/home/efrink/mled/split_cu/U280_CRC_Accelerator/src/kernel.cpp:55]   --->   Operation 127 'trunc' 'trunc_ln55_2' <Predicate = (!icmp_ln147 & !icmp_ln152)> <Delay = 0.00>
ST_2 : Operation 128 [1/1] (0.00ns) (grouped into LUT with out node add_ln161_2)   --->   "%or_ln55_2 = bitconcatenate i32 @_ssdm_op_BitConcatenate.i32.i17.i15, i17 %trunc_ln55_2, i15 %lshr_ln55_2" [/home/efrink/mled/split_cu/U280_CRC_Accelerator/src/kernel.cpp:55]   --->   Operation 128 'bitconcatenate' 'or_ln55_2' <Predicate = (!icmp_ln147 & !icmp_ln152)> <Delay = 0.00>
ST_2 : Operation 129 [1/1] (0.00ns) (grouped into LUT with out node add_ln161_2)   --->   "%lshr_ln55_3 = partselect i13 @_ssdm_op_PartSelect.i13.i32.i32.i32, i32 %x_assign_1, i32 19, i32 31" [/home/efrink/mled/split_cu/U280_CRC_Accelerator/src/kernel.cpp:55]   --->   Operation 129 'partselect' 'lshr_ln55_3' <Predicate = (!icmp_ln147 & !icmp_ln152)> <Delay = 0.00>
ST_2 : Operation 130 [1/1] (0.00ns) (grouped into LUT with out node add_ln161_2)   --->   "%trunc_ln55_3 = trunc i32 %x_assign_1" [/home/efrink/mled/split_cu/U280_CRC_Accelerator/src/kernel.cpp:55]   --->   Operation 130 'trunc' 'trunc_ln55_3' <Predicate = (!icmp_ln147 & !icmp_ln152)> <Delay = 0.00>
ST_2 : Operation 131 [1/1] (0.00ns) (grouped into LUT with out node add_ln161_2)   --->   "%or_ln55_3 = bitconcatenate i32 @_ssdm_op_BitConcatenate.i32.i19.i13, i19 %trunc_ln55_3, i13 %lshr_ln55_3" [/home/efrink/mled/split_cu/U280_CRC_Accelerator/src/kernel.cpp:55]   --->   Operation 131 'bitconcatenate' 'or_ln55_3' <Predicate = (!icmp_ln147 & !icmp_ln152)> <Delay = 0.00>
ST_2 : Operation 132 [1/1] (0.00ns) (grouped into LUT with out node add_ln161_2)   --->   "%lshr_ln2 = partselect i22 @_ssdm_op_PartSelect.i22.i32.i32.i32, i32 %x_assign_1, i32 10, i32 31" [/home/efrink/mled/split_cu/U280_CRC_Accelerator/src/kernel.cpp:91]   --->   Operation 132 'partselect' 'lshr_ln2' <Predicate = (!icmp_ln147 & !icmp_ln152)> <Delay = 0.00>
ST_2 : Operation 133 [1/1] (0.00ns) (grouped into LUT with out node add_ln161_2)   --->   "%zext_ln91 = zext i22 %lshr_ln2" [/home/efrink/mled/split_cu/U280_CRC_Accelerator/src/kernel.cpp:91]   --->   Operation 133 'zext' 'zext_ln91' <Predicate = (!icmp_ln147 & !icmp_ln152)> <Delay = 0.00>
ST_2 : Operation 134 [1/1] (0.00ns) (grouped into LUT with out node add_ln161_2)   --->   "%xor_ln91 = xor i32 %or_ln55_2, i32 %zext_ln91" [/home/efrink/mled/split_cu/U280_CRC_Accelerator/src/kernel.cpp:91]   --->   Operation 134 'xor' 'xor_ln91' <Predicate = (!icmp_ln147 & !icmp_ln152)> <Delay = 0.00> <CoreInst = "LogicGate">   --->   Core 74 'LogicGate' <Latency = 0> <II = 1> <Delay = 0.21> <FuncUnit> <Opcode : 'and' 'or' 'xor'> <InPorts = 2> <OutPorts = 1>
ST_2 : Operation 135 [1/1] (0.00ns) (grouped into LUT with out node add_ln161_2)   --->   "%s1 = xor i32 %xor_ln91, i32 %or_ln55_3" [/home/efrink/mled/split_cu/U280_CRC_Accelerator/src/kernel.cpp:91]   --->   Operation 135 'xor' 's1' <Predicate = (!icmp_ln147 & !icmp_ln152)> <Delay = 0.00> <CoreInst = "LogicGate">   --->   Core 74 'LogicGate' <Latency = 0> <II = 1> <Delay = 0.21> <FuncUnit> <Opcode : 'and' 'or' 'xor'> <InPorts = 2> <OutPorts = 1>
ST_2 : Operation 136 [1/1] (0.70ns)   --->   "%add_ln161 = add i4 %idx, i4 9" [/home/efrink/mled/split_cu/U280_CRC_Accelerator/src/kernel.cpp:161]   --->   Operation 136 'add' 'add_ln161' <Predicate = (!icmp_ln147 & !icmp_ln152)> <Delay = 0.70> <CoreInst = "Adder">   --->   Core 1 'Adder' <Latency = 0> <II = 1> <Delay = 0.70> <FuncUnit> <Opcode : 'add' 'sub'> <InPorts = 2> <OutPorts = 1>
ST_2 : Operation 137 [1/1] (0.49ns)   --->   "%tmp_s = mux i32 @_ssdm_op_Mux.ap_auto.16i32.i4, i32 %wbuf_16_load, i32 %wbuf_17_load, i32 %wbuf_18_load, i32 %wbuf_19_load, i32 %wbuf_20_load, i32 %wbuf_21_load, i32 %wbuf_22_load, i32 %wbuf_23_load, i32 %wbuf_24_load, i32 %wbuf_25_load, i32 %wbuf_26_load, i32 %wbuf_27_load, i32 %wbuf_28_load, i32 %wbuf_29_load, i32 %wbuf_30_load, i32 %wbuf_31_load, i4 %add_ln161" [/home/efrink/mled/split_cu/U280_CRC_Accelerator/src/kernel.cpp:161]   --->   Operation 137 'mux' 'tmp_s' <Predicate = (!icmp_ln147 & !icmp_ln152)> <Delay = 0.49> <CoreInst = "Multiplexer">   --->   Core 76 'Multiplexer' <Latency = 0> <II = 1> <Delay = 0.49> <FuncUnit> <Opcode : 'mux'> <InPorts = 2> <OutPorts = 1>
ST_2 : Operation 138 [1/1] (0.49ns)   --->   "%tmp_1 = mux i32 @_ssdm_op_Mux.ap_auto.16i32.i4, i32 %wbuf_16_load, i32 %wbuf_17_load, i32 %wbuf_18_load, i32 %wbuf_19_load, i32 %wbuf_20_load, i32 %wbuf_21_load, i32 %wbuf_22_load, i32 %wbuf_23_load, i32 %wbuf_24_load, i32 %wbuf_25_load, i32 %wbuf_26_load, i32 %wbuf_27_load, i32 %wbuf_28_load, i32 %wbuf_29_load, i32 %wbuf_30_load, i32 %wbuf_31_load, i4 %idx" [/home/efrink/mled/split_cu/U280_CRC_Accelerator/src/kernel.cpp:161]   --->   Operation 138 'mux' 'tmp_1' <Predicate = (!icmp_ln147 & !icmp_ln152)> <Delay = 0.49> <CoreInst = "Multiplexer">   --->   Core 76 'Multiplexer' <Latency = 0> <II = 1> <Delay = 0.49> <FuncUnit> <Opcode : 'mux'> <InPorts = 2> <OutPorts = 1>
ST_2 : Operation 139 [1/1] (0.00ns) (grouped into TernaryAdder)   --->   "%add_ln161_1 = add i32 %tmp_s, i32 %s0" [/home/efrink/mled/split_cu/U280_CRC_Accelerator/src/kernel.cpp:161]   --->   Operation 139 'add' 'add_ln161_1' <Predicate = (!icmp_ln147 & !icmp_ln152)> <Delay = 0.00> <CoreInst = "TAddSub">   --->   Core 10 'TAddSub' <Latency = 0> <II = 1> <Delay = 0.36> <IPBlock> <Opcode : 'add' 'sub'> <InPorts = 3> <OutPorts = 1> <Sync> <CReg>
ST_2 : Operation 140 [1/1] (0.88ns) (out node of the LUT)   --->   "%add_ln161_2 = add i32 %s1, i32 %tmp_1" [/home/efrink/mled/split_cu/U280_CRC_Accelerator/src/kernel.cpp:161]   --->   Operation 140 'add' 'add_ln161_2' <Predicate = (!icmp_ln147 & !icmp_ln152)> <Delay = 0.88> <CoreInst = "Adder">   --->   Core 1 'Adder' <Latency = 0> <II = 1> <Delay = 0.88> <FuncUnit> <Opcode : 'add' 'sub'> <InPorts = 2> <OutPorts = 1>
ST_2 : Operation 141 [1/1] (0.73ns) (root node of TernaryAdder)   --->   "%wbuf_33 = add i32 %add_ln161_2, i32 %add_ln161_1" [/home/efrink/mled/split_cu/U280_CRC_Accelerator/src/kernel.cpp:161]   --->   Operation 141 'add' 'wbuf_33' <Predicate = (!icmp_ln147 & !icmp_ln152)> <Delay = 0.73> <CoreInst = "TAddSub">   --->   Core 10 'TAddSub' <Latency = 0> <II = 1> <Delay = 0.36> <IPBlock> <Opcode : 'add' 'sub'> <InPorts = 3> <OutPorts = 1> <Sync> <CReg>
ST_2 : Operation 142 [1/1] (0.38ns)   --->   "%store_ln162 = store i32 %wbuf_33, i32 %wbuf_30" [/home/efrink/mled/split_cu/U280_CRC_Accelerator/src/kernel.cpp:162]   --->   Operation 142 'store' 'store_ln162' <Predicate = (!icmp_ln147 & !icmp_ln152 & idx == 14)> <Delay = 0.38>
ST_2 : Operation 143 [1/1] (0.38ns)   --->   "%br_ln162 = br void %for.inc53" [/home/efrink/mled/split_cu/U280_CRC_Accelerator/src/kernel.cpp:162]   --->   Operation 143 'br' 'br_ln162' <Predicate = (!icmp_ln147 & !icmp_ln152 & idx == 14)> <Delay = 0.38>
ST_2 : Operation 144 [1/1] (0.38ns)   --->   "%store_ln162 = store i32 %wbuf_33, i32 %wbuf_29" [/home/efrink/mled/split_cu/U280_CRC_Accelerator/src/kernel.cpp:162]   --->   Operation 144 'store' 'store_ln162' <Predicate = (!icmp_ln147 & !icmp_ln152 & idx == 13)> <Delay = 0.38>
ST_2 : Operation 145 [1/1] (0.38ns)   --->   "%br_ln162 = br void %for.inc53" [/home/efrink/mled/split_cu/U280_CRC_Accelerator/src/kernel.cpp:162]   --->   Operation 145 'br' 'br_ln162' <Predicate = (!icmp_ln147 & !icmp_ln152 & idx == 13)> <Delay = 0.38>
ST_2 : Operation 146 [1/1] (0.38ns)   --->   "%store_ln162 = store i32 %wbuf_33, i32 %wbuf_28" [/home/efrink/mled/split_cu/U280_CRC_Accelerator/src/kernel.cpp:162]   --->   Operation 146 'store' 'store_ln162' <Predicate = (!icmp_ln147 & !icmp_ln152 & idx == 12)> <Delay = 0.38>
ST_2 : Operation 147 [1/1] (0.38ns)   --->   "%br_ln162 = br void %for.inc53" [/home/efrink/mled/split_cu/U280_CRC_Accelerator/src/kernel.cpp:162]   --->   Operation 147 'br' 'br_ln162' <Predicate = (!icmp_ln147 & !icmp_ln152 & idx == 12)> <Delay = 0.38>
ST_2 : Operation 148 [1/1] (0.38ns)   --->   "%store_ln162 = store i32 %wbuf_33, i32 %wbuf_27" [/home/efrink/mled/split_cu/U280_CRC_Accelerator/src/kernel.cpp:162]   --->   Operation 148 'store' 'store_ln162' <Predicate = (!icmp_ln147 & !icmp_ln152 & idx == 11)> <Delay = 0.38>
ST_2 : Operation 149 [1/1] (0.38ns)   --->   "%br_ln162 = br void %for.inc53" [/home/efrink/mled/split_cu/U280_CRC_Accelerator/src/kernel.cpp:162]   --->   Operation 149 'br' 'br_ln162' <Predicate = (!icmp_ln147 & !icmp_ln152 & idx == 11)> <Delay = 0.38>
ST_2 : Operation 150 [1/1] (0.38ns)   --->   "%store_ln162 = store i32 %wbuf_33, i32 %wbuf_26" [/home/efrink/mled/split_cu/U280_CRC_Accelerator/src/kernel.cpp:162]   --->   Operation 150 'store' 'store_ln162' <Predicate = (!icmp_ln147 & !icmp_ln152 & idx == 10)> <Delay = 0.38>
ST_2 : Operation 151 [1/1] (0.38ns)   --->   "%br_ln162 = br void %for.inc53" [/home/efrink/mled/split_cu/U280_CRC_Accelerator/src/kernel.cpp:162]   --->   Operation 151 'br' 'br_ln162' <Predicate = (!icmp_ln147 & !icmp_ln152 & idx == 10)> <Delay = 0.38>
ST_2 : Operation 152 [1/1] (0.38ns)   --->   "%store_ln162 = store i32 %wbuf_33, i32 %wbuf_25" [/home/efrink/mled/split_cu/U280_CRC_Accelerator/src/kernel.cpp:162]   --->   Operation 152 'store' 'store_ln162' <Predicate = (!icmp_ln147 & !icmp_ln152 & idx == 9)> <Delay = 0.38>
ST_2 : Operation 153 [1/1] (0.38ns)   --->   "%br_ln162 = br void %for.inc53" [/home/efrink/mled/split_cu/U280_CRC_Accelerator/src/kernel.cpp:162]   --->   Operation 153 'br' 'br_ln162' <Predicate = (!icmp_ln147 & !icmp_ln152 & idx == 9)> <Delay = 0.38>
ST_2 : Operation 154 [1/1] (0.38ns)   --->   "%store_ln162 = store i32 %wbuf_33, i32 %wbuf_24" [/home/efrink/mled/split_cu/U280_CRC_Accelerator/src/kernel.cpp:162]   --->   Operation 154 'store' 'store_ln162' <Predicate = (!icmp_ln147 & !icmp_ln152 & idx == 8)> <Delay = 0.38>
ST_2 : Operation 155 [1/1] (0.38ns)   --->   "%br_ln162 = br void %for.inc53" [/home/efrink/mled/split_cu/U280_CRC_Accelerator/src/kernel.cpp:162]   --->   Operation 155 'br' 'br_ln162' <Predicate = (!icmp_ln147 & !icmp_ln152 & idx == 8)> <Delay = 0.38>
ST_2 : Operation 156 [1/1] (0.38ns)   --->   "%store_ln162 = store i32 %wbuf_33, i32 %wbuf_23" [/home/efrink/mled/split_cu/U280_CRC_Accelerator/src/kernel.cpp:162]   --->   Operation 156 'store' 'store_ln162' <Predicate = (!icmp_ln147 & !icmp_ln152 & idx == 7)> <Delay = 0.38>
ST_2 : Operation 157 [1/1] (0.38ns)   --->   "%br_ln162 = br void %for.inc53" [/home/efrink/mled/split_cu/U280_CRC_Accelerator/src/kernel.cpp:162]   --->   Operation 157 'br' 'br_ln162' <Predicate = (!icmp_ln147 & !icmp_ln152 & idx == 7)> <Delay = 0.38>
ST_2 : Operation 158 [1/1] (0.38ns)   --->   "%store_ln162 = store i32 %wbuf_33, i32 %wbuf_22" [/home/efrink/mled/split_cu/U280_CRC_Accelerator/src/kernel.cpp:162]   --->   Operation 158 'store' 'store_ln162' <Predicate = (!icmp_ln147 & !icmp_ln152 & idx == 6)> <Delay = 0.38>
ST_2 : Operation 159 [1/1] (0.38ns)   --->   "%br_ln162 = br void %for.inc53" [/home/efrink/mled/split_cu/U280_CRC_Accelerator/src/kernel.cpp:162]   --->   Operation 159 'br' 'br_ln162' <Predicate = (!icmp_ln147 & !icmp_ln152 & idx == 6)> <Delay = 0.38>
ST_2 : Operation 160 [1/1] (0.38ns)   --->   "%store_ln162 = store i32 %wbuf_33, i32 %wbuf_21" [/home/efrink/mled/split_cu/U280_CRC_Accelerator/src/kernel.cpp:162]   --->   Operation 160 'store' 'store_ln162' <Predicate = (!icmp_ln147 & !icmp_ln152 & idx == 5)> <Delay = 0.38>
ST_2 : Operation 161 [1/1] (0.38ns)   --->   "%br_ln162 = br void %for.inc53" [/home/efrink/mled/split_cu/U280_CRC_Accelerator/src/kernel.cpp:162]   --->   Operation 161 'br' 'br_ln162' <Predicate = (!icmp_ln147 & !icmp_ln152 & idx == 5)> <Delay = 0.38>
ST_2 : Operation 162 [1/1] (0.38ns)   --->   "%store_ln162 = store i32 %wbuf_33, i32 %wbuf_20" [/home/efrink/mled/split_cu/U280_CRC_Accelerator/src/kernel.cpp:162]   --->   Operation 162 'store' 'store_ln162' <Predicate = (!icmp_ln147 & !icmp_ln152 & idx == 4)> <Delay = 0.38>
ST_2 : Operation 163 [1/1] (0.38ns)   --->   "%br_ln162 = br void %for.inc53" [/home/efrink/mled/split_cu/U280_CRC_Accelerator/src/kernel.cpp:162]   --->   Operation 163 'br' 'br_ln162' <Predicate = (!icmp_ln147 & !icmp_ln152 & idx == 4)> <Delay = 0.38>
ST_2 : Operation 164 [1/1] (0.38ns)   --->   "%store_ln162 = store i32 %wbuf_33, i32 %wbuf_19" [/home/efrink/mled/split_cu/U280_CRC_Accelerator/src/kernel.cpp:162]   --->   Operation 164 'store' 'store_ln162' <Predicate = (!icmp_ln147 & !icmp_ln152 & idx == 3)> <Delay = 0.38>
ST_2 : Operation 165 [1/1] (0.38ns)   --->   "%br_ln162 = br void %for.inc53" [/home/efrink/mled/split_cu/U280_CRC_Accelerator/src/kernel.cpp:162]   --->   Operation 165 'br' 'br_ln162' <Predicate = (!icmp_ln147 & !icmp_ln152 & idx == 3)> <Delay = 0.38>
ST_2 : Operation 166 [1/1] (0.38ns)   --->   "%store_ln162 = store i32 %wbuf_33, i32 %wbuf_18" [/home/efrink/mled/split_cu/U280_CRC_Accelerator/src/kernel.cpp:162]   --->   Operation 166 'store' 'store_ln162' <Predicate = (!icmp_ln147 & !icmp_ln152 & idx == 2)> <Delay = 0.38>
ST_2 : Operation 167 [1/1] (0.38ns)   --->   "%br_ln162 = br void %for.inc53" [/home/efrink/mled/split_cu/U280_CRC_Accelerator/src/kernel.cpp:162]   --->   Operation 167 'br' 'br_ln162' <Predicate = (!icmp_ln147 & !icmp_ln152 & idx == 2)> <Delay = 0.38>
ST_2 : Operation 168 [1/1] (0.38ns)   --->   "%store_ln162 = store i32 %wbuf_33, i32 %wbuf_17" [/home/efrink/mled/split_cu/U280_CRC_Accelerator/src/kernel.cpp:162]   --->   Operation 168 'store' 'store_ln162' <Predicate = (!icmp_ln147 & !icmp_ln152 & idx == 1)> <Delay = 0.38>
ST_2 : Operation 169 [1/1] (0.38ns)   --->   "%br_ln162 = br void %for.inc53" [/home/efrink/mled/split_cu/U280_CRC_Accelerator/src/kernel.cpp:162]   --->   Operation 169 'br' 'br_ln162' <Predicate = (!icmp_ln147 & !icmp_ln152 & idx == 1)> <Delay = 0.38>
ST_2 : Operation 170 [1/1] (0.38ns)   --->   "%store_ln162 = store i32 %wbuf_33, i32 %wbuf_16" [/home/efrink/mled/split_cu/U280_CRC_Accelerator/src/kernel.cpp:162]   --->   Operation 170 'store' 'store_ln162' <Predicate = (!icmp_ln147 & !icmp_ln152 & idx == 0)> <Delay = 0.38>
ST_2 : Operation 171 [1/1] (0.38ns)   --->   "%br_ln162 = br void %for.inc53" [/home/efrink/mled/split_cu/U280_CRC_Accelerator/src/kernel.cpp:162]   --->   Operation 171 'br' 'br_ln162' <Predicate = (!icmp_ln147 & !icmp_ln152 & idx == 0)> <Delay = 0.38>
ST_2 : Operation 172 [1/1] (0.38ns)   --->   "%store_ln162 = store i32 %wbuf_33, i32 %wbuf_31" [/home/efrink/mled/split_cu/U280_CRC_Accelerator/src/kernel.cpp:162]   --->   Operation 172 'store' 'store_ln162' <Predicate = (!icmp_ln147 & !icmp_ln152 & idx == 15)> <Delay = 0.38>
ST_2 : Operation 173 [1/1] (0.38ns)   --->   "%br_ln162 = br void %for.inc53" [/home/efrink/mled/split_cu/U280_CRC_Accelerator/src/kernel.cpp:162]   --->   Operation 173 'br' 'br_ln162' <Predicate = (!icmp_ln147 & !icmp_ln152 & idx == 15)> <Delay = 0.38>
ST_2 : Operation 174 [1/1] (0.49ns)   --->   "%wt = mux i32 @_ssdm_op_Mux.ap_auto.16i32.i7, i32 %wbuf_16_load, i32 %wbuf_17_load, i32 %wbuf_18_load, i32 %wbuf_19_load, i32 %wbuf_20_load, i32 %wbuf_21_load, i32 %wbuf_22_load, i32 %wbuf_23_load, i32 %wbuf_24_load, i32 %wbuf_25_load, i32 %wbuf_26_load, i32 %wbuf_27_load, i32 %wbuf_28_load, i32 %wbuf_29_load, i32 %wbuf_30_load, i32 %wbuf_31_load, i7 %i_6" [/home/efrink/mled/split_cu/U280_CRC_Accelerator/src/kernel.cpp:154]   --->   Operation 174 'mux' 'wt' <Predicate = (!icmp_ln147 & icmp_ln152)> <Delay = 0.49> <CoreInst = "Multiplexer">   --->   Core 76 'Multiplexer' <Latency = 0> <II = 1> <Delay = 0.49> <FuncUnit> <Opcode : 'mux'> <InPorts = 2> <OutPorts = 1>
ST_2 : Operation 175 [1/1] (0.38ns)   --->   "%br_ln155 = br void %for.inc53" [/home/efrink/mled/split_cu/U280_CRC_Accelerator/src/kernel.cpp:155]   --->   Operation 175 'br' 'br_ln155' <Predicate = (!icmp_ln147 & icmp_ln152)> <Delay = 0.38>
ST_2 : Operation 176 [1/2] (0.69ns)   --->   "%SHA256_K_load = load i6 %SHA256_K_addr" [/home/efrink/mled/split_cu/U280_CRC_Accelerator/src/kernel.cpp:165]   --->   Operation 176 'load' 'SHA256_K_load' <Predicate = (!icmp_ln147)> <Delay = 0.69> <CoreInst = "ROM">   --->   Core 101 'ROM' <Latency = 1> <II = 1> <Delay = 0.69> <Storage> <Opcode : 'load'> <Ports = 0> <Width = 32> <Depth = 64> <ROM>

State 3 <SV = 2> <Delay = 2.93>
ST_3 : Operation 177 [1/1] (0.00ns)   --->   "%h_2 = load i32 %h_1" [/home/efrink/mled/split_cu/U280_CRC_Accelerator/src/kernel.cpp:61]   --->   Operation 177 'load' 'h_2' <Predicate = true> <Delay = 0.00>
ST_3 : Operation 178 [1/1] (0.00ns)   --->   "%g_2 = load i32 %g" [/home/efrink/mled/split_cu/U280_CRC_Accelerator/src/kernel.cpp:61]   --->   Operation 178 'load' 'g_2' <Predicate = true> <Delay = 0.00>
ST_3 : Operation 179 [1/1] (0.00ns)   --->   "%f_2 = load i32 %f" [/home/efrink/mled/split_cu/U280_CRC_Accelerator/src/kernel.cpp:55]   --->   Operation 179 'load' 'f_2' <Predicate = true> <Delay = 0.00>
ST_3 : Operation 180 [1/1] (0.00ns)   --->   "%d_2 = load i32 %d_1" [/home/efrink/mled/split_cu/U280_CRC_Accelerator/src/kernel.cpp:67]   --->   Operation 180 'load' 'd_2' <Predicate = true> <Delay = 0.00>
ST_3 : Operation 181 [1/1] (0.00ns)   --->   "%c_2 = load i32 %c" [/home/efrink/mled/split_cu/U280_CRC_Accelerator/src/kernel.cpp:67]   --->   Operation 181 'load' 'c_2' <Predicate = true> <Delay = 0.00>
ST_3 : Operation 182 [1/1] (0.00ns)   --->   "%b_5 = load i32 %b" [/home/efrink/mled/split_cu/U280_CRC_Accelerator/src/kernel.cpp:55]   --->   Operation 182 'load' 'b_5' <Predicate = true> <Delay = 0.00>
ST_3 : Operation 183 [1/1] (0.00ns)   --->   "%empty = speclooptripcount i32 @_ssdm_op_SpecLoopTripCount, i64 64, i64 64, i64 64"   --->   Operation 183 'speclooptripcount' 'empty' <Predicate = true> <Delay = 0.00>
ST_3 : Operation 184 [1/1] (0.00ns)   --->   "%wt_2 = phi i32 %wt, void %if.then, i32 %wbuf_33, void %arrayidx36.case.15, i32 %wbuf_33, void %arrayidx36.case.14, i32 %wbuf_33, void %arrayidx36.case.13, i32 %wbuf_33, void %arrayidx36.case.12, i32 %wbuf_33, void %arrayidx36.case.11, i32 %wbuf_33, void %arrayidx36.case.10, i32 %wbuf_33, void %arrayidx36.case.9, i32 %wbuf_33, void %arrayidx36.case.8, i32 %wbuf_33, void %arrayidx36.case.7, i32 %wbuf_33, void %arrayidx36.case.6, i32 %wbuf_33, void %arrayidx36.case.5, i32 %wbuf_33, void %arrayidx36.case.4, i32 %wbuf_33, void %arrayidx36.case.3, i32 %wbuf_33, void %arrayidx36.case.2, i32 %wbuf_33, void %if.else.for.inc53_crit_edge, i32 %wbuf_33, void %if.else.for.inc53_crit_edge40"   --->   Operation 184 'phi' 'wt_2' <Predicate = (!icmp_ln147)> <Delay = 0.00>
ST_3 : Operation 185 [1/1] (0.00ns)   --->   "%h_load = load i32 %h" [/home/efrink/mled/split_cu/U280_CRC_Accelerator/src/kernel.cpp:165]   --->   Operation 185 'load' 'h_load' <Predicate = (!icmp_ln147)> <Delay = 0.00>
ST_3 : Operation 186 [1/1] (0.00ns)   --->   "%d_load = load i32 %d" [/home/efrink/mled/split_cu/U280_CRC_Accelerator/src/kernel.cpp:171]   --->   Operation 186 'load' 'd_load' <Predicate = (!icmp_ln147)> <Delay = 0.00>
ST_3 : Operation 187 [1/1] (0.00ns) (grouped into LUT with out node xor_ln79_1)   --->   "%lshr_ln55_4 = partselect i26 @_ssdm_op_PartSelect.i26.i32.i32.i32, i32 %f_2, i32 6, i32 31" [/home/efrink/mled/split_cu/U280_CRC_Accelerator/src/kernel.cpp:55]   --->   Operation 187 'partselect' 'lshr_ln55_4' <Predicate = (!icmp_ln147)> <Delay = 0.00>
ST_3 : Operation 188 [1/1] (0.00ns) (grouped into LUT with out node xor_ln79_1)   --->   "%trunc_ln55_4 = trunc i32 %f_2" [/home/efrink/mled/split_cu/U280_CRC_Accelerator/src/kernel.cpp:55]   --->   Operation 188 'trunc' 'trunc_ln55_4' <Predicate = (!icmp_ln147)> <Delay = 0.00>
ST_3 : Operation 189 [1/1] (0.00ns) (grouped into LUT with out node xor_ln79_1)   --->   "%or_ln55_4 = bitconcatenate i32 @_ssdm_op_BitConcatenate.i32.i6.i26, i6 %trunc_ln55_4, i26 %lshr_ln55_4" [/home/efrink/mled/split_cu/U280_CRC_Accelerator/src/kernel.cpp:55]   --->   Operation 189 'bitconcatenate' 'or_ln55_4' <Predicate = (!icmp_ln147)> <Delay = 0.00>
ST_3 : Operation 190 [1/1] (0.00ns) (grouped into LUT with out node xor_ln79_1)   --->   "%lshr_ln55_5 = partselect i21 @_ssdm_op_PartSelect.i21.i32.i32.i32, i32 %f_2, i32 11, i32 31" [/home/efrink/mled/split_cu/U280_CRC_Accelerator/src/kernel.cpp:55]   --->   Operation 190 'partselect' 'lshr_ln55_5' <Predicate = (!icmp_ln147)> <Delay = 0.00>
ST_3 : Operation 191 [1/1] (0.00ns) (grouped into LUT with out node xor_ln79_1)   --->   "%trunc_ln55_5 = trunc i32 %f_2" [/home/efrink/mled/split_cu/U280_CRC_Accelerator/src/kernel.cpp:55]   --->   Operation 191 'trunc' 'trunc_ln55_5' <Predicate = (!icmp_ln147)> <Delay = 0.00>
ST_3 : Operation 192 [1/1] (0.00ns) (grouped into LUT with out node xor_ln79_1)   --->   "%or_ln55_5 = bitconcatenate i32 @_ssdm_op_BitConcatenate.i32.i11.i21, i11 %trunc_ln55_5, i21 %lshr_ln55_5" [/home/efrink/mled/split_cu/U280_CRC_Accelerator/src/kernel.cpp:55]   --->   Operation 192 'bitconcatenate' 'or_ln55_5' <Predicate = (!icmp_ln147)> <Delay = 0.00>
ST_3 : Operation 193 [1/1] (0.00ns) (grouped into LUT with out node xor_ln79_1)   --->   "%lshr_ln55_6 = partselect i7 @_ssdm_op_PartSelect.i7.i32.i32.i32, i32 %f_2, i32 25, i32 31" [/home/efrink/mled/split_cu/U280_CRC_Accelerator/src/kernel.cpp:55]   --->   Operation 193 'partselect' 'lshr_ln55_6' <Predicate = (!icmp_ln147)> <Delay = 0.00>
ST_3 : Operation 194 [1/1] (0.00ns) (grouped into LUT with out node xor_ln79_1)   --->   "%trunc_ln55_6 = trunc i32 %f_2" [/home/efrink/mled/split_cu/U280_CRC_Accelerator/src/kernel.cpp:55]   --->   Operation 194 'trunc' 'trunc_ln55_6' <Predicate = (!icmp_ln147)> <Delay = 0.00>
ST_3 : Operation 195 [1/1] (0.00ns) (grouped into LUT with out node xor_ln79_1)   --->   "%or_ln55_6 = bitconcatenate i32 @_ssdm_op_BitConcatenate.i32.i25.i7, i25 %trunc_ln55_6, i7 %lshr_ln55_6" [/home/efrink/mled/split_cu/U280_CRC_Accelerator/src/kernel.cpp:55]   --->   Operation 195 'bitconcatenate' 'or_ln55_6' <Predicate = (!icmp_ln147)> <Delay = 0.00>
ST_3 : Operation 196 [1/1] (0.00ns) (grouped into LUT with out node xor_ln79_1)   --->   "%xor_ln79 = xor i32 %or_ln55_4, i32 %or_ln55_5" [/home/efrink/mled/split_cu/U280_CRC_Accelerator/src/kernel.cpp:79]   --->   Operation 196 'xor' 'xor_ln79' <Predicate = (!icmp_ln147)> <Delay = 0.00> <CoreInst = "LogicGate">   --->   Core 74 'LogicGate' <Latency = 0> <II = 1> <Delay = 0.21> <FuncUnit> <Opcode : 'and' 'or' 'xor'> <InPorts = 2> <OutPorts = 1>
ST_3 : Operation 197 [1/1] (0.21ns) (out node of the LUT)   --->   "%xor_ln79_1 = xor i32 %xor_ln79, i32 %or_ln55_6" [/home/efrink/mled/split_cu/U280_CRC_Accelerator/src/kernel.cpp:79]   --->   Operation 197 'xor' 'xor_ln79_1' <Predicate = (!icmp_ln147)> <Delay = 0.21> <CoreInst = "LogicGate">   --->   Core 74 'LogicGate' <Latency = 0> <II = 1> <Delay = 0.21> <FuncUnit> <Opcode : 'and' 'or' 'xor'> <InPorts = 2> <OutPorts = 1>
ST_3 : Operation 198 [1/1] (0.00ns) (grouped into LUT with out node xor_ln61_1)   --->   "%and_ln61 = and i32 %g_2, i32 %f_2" [/home/efrink/mled/split_cu/U280_CRC_Accelerator/src/kernel.cpp:61]   --->   Operation 198 'and' 'and_ln61' <Predicate = (!icmp_ln147)> <Delay = 0.00> <CoreInst = "LogicGate">   --->   Core 74 'LogicGate' <Latency = 0> <II = 1> <Delay = 0.21> <FuncUnit> <Opcode : 'and' 'or' 'xor'> <InPorts = 2> <OutPorts = 1>
ST_3 : Operation 199 [1/1] (0.00ns) (grouped into LUT with out node xor_ln61_1)   --->   "%xor_ln61 = xor i32 %f_2, i32 4294967295" [/home/efrink/mled/split_cu/U280_CRC_Accelerator/src/kernel.cpp:61]   --->   Operation 199 'xor' 'xor_ln61' <Predicate = (!icmp_ln147)> <Delay = 0.00> <CoreInst = "LogicGate">   --->   Core 74 'LogicGate' <Latency = 0> <II = 1> <Delay = 0.21> <FuncUnit> <Opcode : 'and' 'or' 'xor'> <InPorts = 2> <OutPorts = 1>
ST_3 : Operation 200 [1/1] (0.00ns) (grouped into LUT with out node xor_ln61_1)   --->   "%and_ln61_1 = and i32 %h_2, i32 %xor_ln61" [/home/efrink/mled/split_cu/U280_CRC_Accelerator/src/kernel.cpp:61]   --->   Operation 200 'and' 'and_ln61_1' <Predicate = (!icmp_ln147)> <Delay = 0.00> <CoreInst = "LogicGate">   --->   Core 74 'LogicGate' <Latency = 0> <II = 1> <Delay = 0.21> <FuncUnit> <Opcode : 'and' 'or' 'xor'> <InPorts = 2> <OutPorts = 1>
ST_3 : Operation 201 [1/1] (0.21ns) (out node of the LUT)   --->   "%xor_ln61_1 = xor i32 %and_ln61_1, i32 %and_ln61" [/home/efrink/mled/split_cu/U280_CRC_Accelerator/src/kernel.cpp:61]   --->   Operation 201 'xor' 'xor_ln61_1' <Predicate = (!icmp_ln147)> <Delay = 0.21> <CoreInst = "LogicGate">   --->   Core 74 'LogicGate' <Latency = 0> <II = 1> <Delay = 0.21> <FuncUnit> <Opcode : 'and' 'or' 'xor'> <InPorts = 2> <OutPorts = 1>
ST_3 : Operation 202 [1/1] (0.00ns) (grouped into TernaryAdder)   --->   "%add_ln165 = add i32 %SHA256_K_load, i32 %xor_ln61_1" [/home/efrink/mled/split_cu/U280_CRC_Accelerator/src/kernel.cpp:165]   --->   Operation 202 'add' 'add_ln165' <Predicate = (!icmp_ln147)> <Delay = 0.00> <CoreInst = "TAddSub">   --->   Core 10 'TAddSub' <Latency = 0> <II = 1> <Delay = 0.36> <IPBlock> <Opcode : 'add' 'sub'> <InPorts = 3> <OutPorts = 1> <Sync> <CReg>
ST_3 : Operation 203 [1/1] (0.00ns) (grouped into TernaryAdder)   --->   "%add_ln165_1 = add i32 %h_load, i32 %xor_ln79_1" [/home/efrink/mled/split_cu/U280_CRC_Accelerator/src/kernel.cpp:165]   --->   Operation 203 'add' 'add_ln165_1' <Predicate = (!icmp_ln147)> <Delay = 0.00> <CoreInst = "TAddSub">   --->   Core 10 'TAddSub' <Latency = 0> <II = 1> <Delay = 0.36> <IPBlock> <Opcode : 'add' 'sub'> <InPorts = 3> <OutPorts = 1> <Sync> <CReg>
ST_3 : Operation 204 [1/1] (0.73ns) (root node of TernaryAdder)   --->   "%add_ln165_2 = add i32 %wt_2, i32 %add_ln165_1" [/home/efrink/mled/split_cu/U280_CRC_Accelerator/src/kernel.cpp:165]   --->   Operation 204 'add' 'add_ln165_2' <Predicate = (!icmp_ln147)> <Delay = 0.73> <CoreInst = "TAddSub">   --->   Core 10 'TAddSub' <Latency = 0> <II = 1> <Delay = 0.36> <IPBlock> <Opcode : 'add' 'sub'> <InPorts = 3> <OutPorts = 1> <Sync> <CReg>
ST_3 : Operation 205 [1/1] (0.73ns) (root node of TernaryAdder)   --->   "%t1 = add i32 %add_ln165_2, i32 %add_ln165" [/home/efrink/mled/split_cu/U280_CRC_Accelerator/src/kernel.cpp:165]   --->   Operation 205 'add' 't1' <Predicate = (!icmp_ln147)> <Delay = 0.73> <CoreInst = "TAddSub">   --->   Core 10 'TAddSub' <Latency = 0> <II = 1> <Delay = 0.36> <IPBlock> <Opcode : 'add' 'sub'> <InPorts = 3> <OutPorts = 1> <Sync> <CReg>
ST_3 : Operation 206 [1/1] (0.00ns) (grouped into LUT with out node xor_ln73_1)   --->   "%lshr_ln55_7 = partselect i30 @_ssdm_op_PartSelect.i30.i32.i32.i32, i32 %b_5, i32 2, i32 31" [/home/efrink/mled/split_cu/U280_CRC_Accelerator/src/kernel.cpp:55]   --->   Operation 206 'partselect' 'lshr_ln55_7' <Predicate = (!icmp_ln147)> <Delay = 0.00>
ST_3 : Operation 207 [1/1] (0.00ns) (grouped into LUT with out node xor_ln73_1)   --->   "%trunc_ln55_7 = trunc i32 %b_5" [/home/efrink/mled/split_cu/U280_CRC_Accelerator/src/kernel.cpp:55]   --->   Operation 207 'trunc' 'trunc_ln55_7' <Predicate = (!icmp_ln147)> <Delay = 0.00>
ST_3 : Operation 208 [1/1] (0.00ns) (grouped into LUT with out node xor_ln73_1)   --->   "%or_ln55_7 = bitconcatenate i32 @_ssdm_op_BitConcatenate.i32.i2.i30, i2 %trunc_ln55_7, i30 %lshr_ln55_7" [/home/efrink/mled/split_cu/U280_CRC_Accelerator/src/kernel.cpp:55]   --->   Operation 208 'bitconcatenate' 'or_ln55_7' <Predicate = (!icmp_ln147)> <Delay = 0.00>
ST_3 : Operation 209 [1/1] (0.00ns) (grouped into LUT with out node xor_ln73_1)   --->   "%lshr_ln55_8 = partselect i19 @_ssdm_op_PartSelect.i19.i32.i32.i32, i32 %b_5, i32 13, i32 31" [/home/efrink/mled/split_cu/U280_CRC_Accelerator/src/kernel.cpp:55]   --->   Operation 209 'partselect' 'lshr_ln55_8' <Predicate = (!icmp_ln147)> <Delay = 0.00>
ST_3 : Operation 210 [1/1] (0.00ns) (grouped into LUT with out node xor_ln73_1)   --->   "%trunc_ln55_8 = trunc i32 %b_5" [/home/efrink/mled/split_cu/U280_CRC_Accelerator/src/kernel.cpp:55]   --->   Operation 210 'trunc' 'trunc_ln55_8' <Predicate = (!icmp_ln147)> <Delay = 0.00>
ST_3 : Operation 211 [1/1] (0.00ns) (grouped into LUT with out node xor_ln73_1)   --->   "%or_ln55_8 = bitconcatenate i32 @_ssdm_op_BitConcatenate.i32.i13.i19, i13 %trunc_ln55_8, i19 %lshr_ln55_8" [/home/efrink/mled/split_cu/U280_CRC_Accelerator/src/kernel.cpp:55]   --->   Operation 211 'bitconcatenate' 'or_ln55_8' <Predicate = (!icmp_ln147)> <Delay = 0.00>
ST_3 : Operation 212 [1/1] (0.00ns) (grouped into LUT with out node xor_ln73_1)   --->   "%lshr_ln55_9 = partselect i10 @_ssdm_op_PartSelect.i10.i32.i32.i32, i32 %b_5, i32 22, i32 31" [/home/efrink/mled/split_cu/U280_CRC_Accelerator/src/kernel.cpp:55]   --->   Operation 212 'partselect' 'lshr_ln55_9' <Predicate = (!icmp_ln147)> <Delay = 0.00>
ST_3 : Operation 213 [1/1] (0.00ns) (grouped into LUT with out node xor_ln73_1)   --->   "%trunc_ln55_9 = trunc i32 %b_5" [/home/efrink/mled/split_cu/U280_CRC_Accelerator/src/kernel.cpp:55]   --->   Operation 213 'trunc' 'trunc_ln55_9' <Predicate = (!icmp_ln147)> <Delay = 0.00>
ST_3 : Operation 214 [1/1] (0.00ns) (grouped into LUT with out node xor_ln73_1)   --->   "%or_ln55_9 = bitconcatenate i32 @_ssdm_op_BitConcatenate.i32.i22.i10, i22 %trunc_ln55_9, i10 %lshr_ln55_9" [/home/efrink/mled/split_cu/U280_CRC_Accelerator/src/kernel.cpp:55]   --->   Operation 214 'bitconcatenate' 'or_ln55_9' <Predicate = (!icmp_ln147)> <Delay = 0.00>
ST_3 : Operation 215 [1/1] (0.00ns) (grouped into LUT with out node xor_ln73_1)   --->   "%xor_ln73 = xor i32 %or_ln55_7, i32 %or_ln55_8" [/home/efrink/mled/split_cu/U280_CRC_Accelerator/src/kernel.cpp:73]   --->   Operation 215 'xor' 'xor_ln73' <Predicate = (!icmp_ln147)> <Delay = 0.00> <CoreInst = "LogicGate">   --->   Core 74 'LogicGate' <Latency = 0> <II = 1> <Delay = 0.21> <FuncUnit> <Opcode : 'and' 'or' 'xor'> <InPorts = 2> <OutPorts = 1>
ST_3 : Operation 216 [1/1] (0.21ns) (out node of the LUT)   --->   "%xor_ln73_1 = xor i32 %xor_ln73, i32 %or_ln55_9" [/home/efrink/mled/split_cu/U280_CRC_Accelerator/src/kernel.cpp:73]   --->   Operation 216 'xor' 'xor_ln73_1' <Predicate = (!icmp_ln147)> <Delay = 0.21> <CoreInst = "LogicGate">   --->   Core 74 'LogicGate' <Latency = 0> <II = 1> <Delay = 0.21> <FuncUnit> <Opcode : 'and' 'or' 'xor'> <InPorts = 2> <OutPorts = 1>
ST_3 : Operation 217 [1/1] (0.00ns) (grouped into LUT with out node xor_ln67_1)   --->   "%xor_ln67 = xor i32 %d_2, i32 %c_2" [/home/efrink/mled/split_cu/U280_CRC_Accelerator/src/kernel.cpp:67]   --->   Operation 217 'xor' 'xor_ln67' <Predicate = (!icmp_ln147)> <Delay = 0.00> <CoreInst = "LogicGate">   --->   Core 74 'LogicGate' <Latency = 0> <II = 1> <Delay = 0.21> <FuncUnit> <Opcode : 'and' 'or' 'xor'> <InPorts = 2> <OutPorts = 1>
ST_3 : Operation 218 [1/1] (0.00ns) (grouped into LUT with out node xor_ln67_1)   --->   "%and_ln67 = and i32 %xor_ln67, i32 %b_5" [/home/efrink/mled/split_cu/U280_CRC_Accelerator/src/kernel.cpp:67]   --->   Operation 218 'and' 'and_ln67' <Predicate = (!icmp_ln147)> <Delay = 0.00> <CoreInst = "LogicGate">   --->   Core 74 'LogicGate' <Latency = 0> <II = 1> <Delay = 0.21> <FuncUnit> <Opcode : 'and' 'or' 'xor'> <InPorts = 2> <OutPorts = 1>
ST_3 : Operation 219 [1/1] (0.00ns) (grouped into LUT with out node xor_ln67_1)   --->   "%and_ln67_1 = and i32 %d_2, i32 %c_2" [/home/efrink/mled/split_cu/U280_CRC_Accelerator/src/kernel.cpp:67]   --->   Operation 219 'and' 'and_ln67_1' <Predicate = (!icmp_ln147)> <Delay = 0.00> <CoreInst = "LogicGate">   --->   Core 74 'LogicGate' <Latency = 0> <II = 1> <Delay = 0.21> <FuncUnit> <Opcode : 'and' 'or' 'xor'> <InPorts = 2> <OutPorts = 1>
ST_3 : Operation 220 [1/1] (0.21ns) (out node of the LUT)   --->   "%xor_ln67_1 = xor i32 %and_ln67, i32 %and_ln67_1" [/home/efrink/mled/split_cu/U280_CRC_Accelerator/src/kernel.cpp:67]   --->   Operation 220 'xor' 'xor_ln67_1' <Predicate = (!icmp_ln147)> <Delay = 0.21> <CoreInst = "LogicGate">   --->   Core 74 'LogicGate' <Latency = 0> <II = 1> <Delay = 0.21> <FuncUnit> <Opcode : 'and' 'or' 'xor'> <InPorts = 2> <OutPorts = 1>
ST_3 : Operation 221 [1/1] (0.88ns)   --->   "%e = add i32 %t1, i32 %d_load" [/home/efrink/mled/split_cu/U280_CRC_Accelerator/src/kernel.cpp:171]   --->   Operation 221 'add' 'e' <Predicate = (!icmp_ln147)> <Delay = 0.88> <CoreInst = "Adder">   --->   Core 1 'Adder' <Latency = 0> <II = 1> <Delay = 0.88> <FuncUnit> <Opcode : 'add' 'sub'> <InPorts = 2> <OutPorts = 1>
ST_3 : Operation 222 [1/1] (0.00ns) (grouped into TernaryAdder)   --->   "%add_ln175 = add i32 %t1, i32 %xor_ln73_1" [/home/efrink/mled/split_cu/U280_CRC_Accelerator/src/kernel.cpp:175]   --->   Operation 222 'add' 'add_ln175' <Predicate = (!icmp_ln147)> <Delay = 0.00> <CoreInst = "TAddSub">   --->   Core 10 'TAddSub' <Latency = 0> <II = 1> <Delay = 0.36> <IPBlock> <Opcode : 'add' 'sub'> <InPorts = 3> <OutPorts = 1> <Sync> <CReg>
ST_3 : Operation 223 [1/1] (0.73ns) (root node of TernaryAdder)   --->   "%a = add i32 %add_ln175, i32 %xor_ln67_1" [/home/efrink/mled/split_cu/U280_CRC_Accelerator/src/kernel.cpp:175]   --->   Operation 223 'add' 'a' <Predicate = (!icmp_ln147)> <Delay = 0.73> <CoreInst = "TAddSub">   --->   Core 10 'TAddSub' <Latency = 0> <II = 1> <Delay = 0.36> <IPBlock> <Opcode : 'add' 'sub'> <InPorts = 3> <OutPorts = 1> <Sync> <CReg>
ST_3 : Operation 224 [1/1] (0.38ns)   --->   "%store_ln147 = store i32 %a, i32 %b" [/home/efrink/mled/split_cu/U280_CRC_Accelerator/src/kernel.cpp:147]   --->   Operation 224 'store' 'store_ln147' <Predicate = (!icmp_ln147)> <Delay = 0.38>
ST_3 : Operation 225 [1/1] (0.38ns)   --->   "%store_ln147 = store i32 %b_5, i32 %c" [/home/efrink/mled/split_cu/U280_CRC_Accelerator/src/kernel.cpp:147]   --->   Operation 225 'store' 'store_ln147' <Predicate = (!icmp_ln147)> <Delay = 0.38>
ST_3 : Operation 226 [1/1] (0.38ns)   --->   "%store_ln147 = store i32 %c_2, i32 %d_1" [/home/efrink/mled/split_cu/U280_CRC_Accelerator/src/kernel.cpp:147]   --->   Operation 226 'store' 'store_ln147' <Predicate = (!icmp_ln147)> <Delay = 0.38>
ST_3 : Operation 227 [1/1] (0.38ns)   --->   "%store_ln147 = store i32 %e, i32 %f" [/home/efrink/mled/split_cu/U280_CRC_Accelerator/src/kernel.cpp:147]   --->   Operation 227 'store' 'store_ln147' <Predicate = (!icmp_ln147)> <Delay = 0.38>
ST_3 : Operation 228 [1/1] (0.38ns)   --->   "%store_ln147 = store i32 %f_2, i32 %g" [/home/efrink/mled/split_cu/U280_CRC_Accelerator/src/kernel.cpp:147]   --->   Operation 228 'store' 'store_ln147' <Predicate = (!icmp_ln147)> <Delay = 0.38>
ST_3 : Operation 229 [1/1] (0.38ns)   --->   "%store_ln147 = store i32 %g_2, i32 %h_1" [/home/efrink/mled/split_cu/U280_CRC_Accelerator/src/kernel.cpp:147]   --->   Operation 229 'store' 'store_ln147' <Predicate = (!icmp_ln147)> <Delay = 0.38>
ST_3 : Operation 230 [1/1] (0.38ns)   --->   "%store_ln147 = store i32 %d_2, i32 %d" [/home/efrink/mled/split_cu/U280_CRC_Accelerator/src/kernel.cpp:147]   --->   Operation 230 'store' 'store_ln147' <Predicate = (!icmp_ln147)> <Delay = 0.38>
ST_3 : Operation 231 [1/1] (0.38ns)   --->   "%store_ln147 = store i32 %h_2, i32 %h" [/home/efrink/mled/split_cu/U280_CRC_Accelerator/src/kernel.cpp:147]   --->   Operation 231 'store' 'store_ln147' <Predicate = (!icmp_ln147)> <Delay = 0.38>
ST_3 : Operation 232 [1/1] (0.00ns)   --->   "%br_ln147 = br void %for.body14" [/home/efrink/mled/split_cu/U280_CRC_Accelerator/src/kernel.cpp:147]   --->   Operation 232 'br' 'br_ln147' <Predicate = (!icmp_ln147)> <Delay = 0.00>
ST_3 : Operation 233 [1/1] (0.00ns)   --->   "%h_load_1 = load i32 %h"   --->   Operation 233 'load' 'h_load_1' <Predicate = (icmp_ln147)> <Delay = 0.00>
ST_3 : Operation 234 [1/1] (0.00ns)   --->   "%d_load_1 = load i32 %d"   --->   Operation 234 'load' 'd_load_1' <Predicate = (icmp_ln147)> <Delay = 0.00>
ST_3 : Operation 235 [1/1] (0.00ns)   --->   "%write_ln55 = write void @_ssdm_op_Write.ap_auto.i32P0A, i32 %a_2_out, i32 %b_5" [/home/efrink/mled/split_cu/U280_CRC_Accelerator/src/kernel.cpp:55]   --->   Operation 235 'write' 'write_ln55' <Predicate = (icmp_ln147)> <Delay = 0.00>
ST_3 : Operation 236 [1/1] (0.00ns)   --->   "%write_ln67 = write void @_ssdm_op_Write.ap_auto.i32P0A, i32 %b_out, i32 %c_2" [/home/efrink/mled/split_cu/U280_CRC_Accelerator/src/kernel.cpp:67]   --->   Operation 236 'write' 'write_ln67' <Predicate = (icmp_ln147)> <Delay = 0.00>
ST_3 : Operation 237 [1/1] (0.00ns)   --->   "%write_ln67 = write void @_ssdm_op_Write.ap_auto.i32P0A, i32 %c_out, i32 %d_2" [/home/efrink/mled/split_cu/U280_CRC_Accelerator/src/kernel.cpp:67]   --->   Operation 237 'write' 'write_ln67' <Predicate = (icmp_ln147)> <Delay = 0.00>
ST_3 : Operation 238 [1/1] (0.00ns)   --->   "%write_ln0 = write void @_ssdm_op_Write.ap_auto.i32P0A, i32 %d_out, i32 %d_load_1"   --->   Operation 238 'write' 'write_ln0' <Predicate = (icmp_ln147)> <Delay = 0.00>
ST_3 : Operation 239 [1/1] (0.00ns)   --->   "%write_ln55 = write void @_ssdm_op_Write.ap_auto.i32P0A, i32 %e_2_out, i32 %f_2" [/home/efrink/mled/split_cu/U280_CRC_Accelerator/src/kernel.cpp:55]   --->   Operation 239 'write' 'write_ln55' <Predicate = (icmp_ln147)> <Delay = 0.00>
ST_3 : Operation 240 [1/1] (0.00ns)   --->   "%write_ln61 = write void @_ssdm_op_Write.ap_auto.i32P0A, i32 %f_out, i32 %g_2" [/home/efrink/mled/split_cu/U280_CRC_Accelerator/src/kernel.cpp:61]   --->   Operation 240 'write' 'write_ln61' <Predicate = (icmp_ln147)> <Delay = 0.00>
ST_3 : Operation 241 [1/1] (0.00ns)   --->   "%write_ln61 = write void @_ssdm_op_Write.ap_auto.i32P0A, i32 %g_out, i32 %h_2" [/home/efrink/mled/split_cu/U280_CRC_Accelerator/src/kernel.cpp:61]   --->   Operation 241 'write' 'write_ln61' <Predicate = (icmp_ln147)> <Delay = 0.00>
ST_3 : Operation 242 [1/1] (0.00ns)   --->   "%write_ln0 = write void @_ssdm_op_Write.ap_auto.i32P0A, i32 %h_out, i32 %h_load_1"   --->   Operation 242 'write' 'write_ln0' <Predicate = (icmp_ln147)> <Delay = 0.00>
ST_3 : Operation 243 [1/1] (0.00ns)   --->   "%ret_ln0 = ret"   --->   Operation 243 'ret' 'ret_ln0' <Predicate = (icmp_ln147)> <Delay = 0.00>


============================================================
+ Verbose Summary: Timing violations
============================================================
Target clock period: 3.33ns, clock uncertainty: 0.9ns.

 <State 1>: 1.09ns
The critical path consists of the following:
	'alloca' operation ('i') [36]  (0 ns)
	'load' operation ('i', /home/efrink/mled/split_cu/U280_CRC_Accelerator/src/kernel.cpp:158) on local variable 'i' [110]  (0 ns)
	'add' operation ('add_ln147', /home/efrink/mled/split_cu/U280_CRC_Accelerator/src/kernel.cpp:147) [119]  (0.706 ns)
	'store' operation ('store_ln147', /home/efrink/mled/split_cu/U280_CRC_Accelerator/src/kernel.cpp:147) of variable 'add_ln147', /home/efrink/mled/split_cu/U280_CRC_Accelerator/src/kernel.cpp:147 on local variable 'i' [277]  (0.387 ns)

 <State 2>: 2.49ns
The critical path consists of the following:
	'load' operation ('wbuf_16_load', /home/efrink/mled/split_cu/U280_CRC_Accelerator/src/kernel.cpp:154) on local variable 'wbuf' [127]  (0 ns)
	'mux' operation ('tmp_1', /home/efrink/mled/split_cu/U280_CRC_Accelerator/src/kernel.cpp:161) [172]  (0.493 ns)
	'add' operation ('add_ln161_2', /home/efrink/mled/split_cu/U280_CRC_Accelerator/src/kernel.cpp:161) [174]  (0.88 ns)
	'add' operation ('wbuf', /home/efrink/mled/split_cu/U280_CRC_Accelerator/src/kernel.cpp:161) [175]  (0.731 ns)
	'store' operation ('store_ln162', /home/efrink/mled/split_cu/U280_CRC_Accelerator/src/kernel.cpp:162) of variable 'wbuf', /home/efrink/mled/split_cu/U280_CRC_Accelerator/src/kernel.cpp:161 on local variable 'wbuf' [178]  (0.387 ns)

 <State 3>: 2.94ns
The critical path consists of the following:
	'load' operation ('e', /home/efrink/mled/split_cu/U280_CRC_Accelerator/src/kernel.cpp:55) on local variable 'f' [113]  (0 ns)
	'xor' operation ('xor_ln79_1', /home/efrink/mled/split_cu/U280_CRC_Accelerator/src/kernel.cpp:79) [242]  (0.21 ns)
	'add' operation ('add_ln165_1', /home/efrink/mled/split_cu/U280_CRC_Accelerator/src/kernel.cpp:165) [250]  (0 ns)
	'add' operation ('add_ln165_2', /home/efrink/mled/split_cu/U280_CRC_Accelerator/src/kernel.cpp:165) [251]  (0.731 ns)
	'add' operation ('t1', /home/efrink/mled/split_cu/U280_CRC_Accelerator/src/kernel.cpp:165) [252]  (0.731 ns)
	'add' operation ('e', /home/efrink/mled/split_cu/U280_CRC_Accelerator/src/kernel.cpp:171) [268]  (0.88 ns)
	'store' operation ('store_ln147', /home/efrink/mled/split_cu/U280_CRC_Accelerator/src/kernel.cpp:147) of variable 'e', /home/efrink/mled/split_cu/U280_CRC_Accelerator/src/kernel.cpp:171 on local variable 'f' [274]  (0.387 ns)


============================================================
+ Verbose Summary: Binding
============================================================
N/A
* FSMD analyzer results:
  - Output states:
 - Input state : 
  - Chain level:
	State 1
	State 2
	State 3


============================================================
+ Verbose Summary: Datapath Resource usage 
============================================================
N/A
