

================================================================
== Vitis HLS Report for 'sha256_compress_block_Pipeline_expand_words'
================================================================
* Date:           Fri Feb 20 12:34:45 2026

* Version:        2023.1 (Build 3854077 on May  4 2023)
* Project:        calculate_sha256
* Solution:       solution (Vitis Kernel Flow Target)
* Product family: virtexuplusHBM
* Target device:  xcu280-fsvh2892-2L-e


================================================================
== Performance Estimates
================================================================
+ Timing: 
    * Summary: 
    +--------+---------+----------+------------+
    |  Clock |  Target | Estimated| Uncertainty|
    +--------+---------+----------+------------+
    |ap_clk  |  3.33 ns|  3.429 ns|     0.90 ns|
    +--------+---------+----------+------------+

+ Latency: 
    * Summary: 
    +---------+---------+----------+----------+-----+-----+---------+
    |  Latency (cycles) |  Latency (absolute) |  Interval | Pipeline|
    |   min   |   max   |    min   |    max   | min | max |   Type  |
    +---------+---------+----------+----------+-----+-----+---------+
    |      108|      108|  0.370 us|  0.370 us|  108|  108|       no|
    +---------+---------+----------+----------+-----+-----+---------+

    + Detail: 
        * Instance: 
        N/A

        * Loop: 
        +----------------+---------+---------+----------+-----------+-----------+------+----------+
        |                |  Latency (cycles) | Iteration|  Initiation Interval  | Trip |          |
        |    Loop Name   |   min   |   max   |  Latency |  achieved |   target  | Count| Pipelined|
        +----------------+---------+---------+----------+-----------+-----------+------+----------+
        |- expand_words  |      106|      106|        13|          2|          1|    48|       yes|
        +----------------+---------+---------+----------+-----------+-----------+------+----------+

============================================================
+ Verbose Summary: Synthesis Manager
============================================================
InlineROM: 1
ExposeGlobal: 0
============================================================
+ Verbose Summary: CDFG Model
============================================================
IsTopModel: 0
ResetActiveHigh: 1
IsCombinational: 0
IsDatapathOnly: 0
HasWiredReturn: 1
HasMFsm: 2
HasVarLatency: 1
IsPipeline: 0
IsRtlPipelined: 0
IsInstanceOverlapped: 0
IsDontTouch: 0
HasImplIP: 0
IsGatedGlobalClock: 0

+ Individual pipeline summary: 
  * Pipeline-0: initiation interval (II) = 2, depth = 13


============================================================
+ Verbose Summary: Schedule
============================================================
* Number of FSM states : 13
* Pipeline : 1
  Pipeline-0 : II = 2, D = 13, States = { 1 2 3 4 5 6 7 8 9 10 11 12 13 }
* Dataflow Pipeline: 0

* FSM state transitions: 
1 --> 2 
2 --> 3 
3 --> 4 
4 --> 5 
5 --> 6 
6 --> 7 
7 --> 8 
8 --> 9 
9 --> 10 
10 --> 11 
11 --> 12 
12 --> 13 
13 --> 

* FSM state operations: 

State 1 <SV = 0> <Delay = 1.21>
ST_1 : Operation 16 [1/1] (0.00ns)   --->   "%i_5 = alloca i32 1"   --->   Operation 16 'alloca' 'i_5' <Predicate = true> <Delay = 0.00>
ST_1 : Operation 17 [1/1] (0.38ns)   --->   "%store_ln0 = store i7 16, i7 %i_5"   --->   Operation 17 'store' 'store_ln0' <Predicate = true> <Delay = 0.38>
ST_1 : Operation 18 [1/1] (0.00ns)   --->   "%br_ln0 = br void %for.inc25"   --->   Operation 18 'br' 'br_ln0' <Predicate = true> <Delay = 0.00>
ST_1 : Operation 19 [1/1] (0.00ns)   --->   "%i = load i7 %i_5" [/users/arashs/U280_CRC_Accelerator/src/kernel.cpp:135]   --->   Operation 19 'load' 'i' <Predicate = true> <Delay = 0.00>
ST_1 : Operation 20 [1/1] (0.70ns)   --->   "%icmp_ln135 = icmp_eq  i7 %i, i7 64" [/users/arashs/U280_CRC_Accelerator/src/kernel.cpp:135]   --->   Operation 20 'icmp' 'icmp_ln135' <Predicate = true> <Delay = 0.70> <CoreInst = "Cmp">   --->   Core 9 'Cmp' <Latency = 0> <II = 1> <Delay = 0.70> <FuncUnit> <Opcode : 'icmp'> <InPorts = 2> <OutPorts = 1>
ST_1 : Operation 21 [1/1] (0.00ns)   --->   "%br_ln135 = br i1 %icmp_ln135, void %for.inc25.split, void %for.inc56.preheader.exitStub" [/users/arashs/U280_CRC_Accelerator/src/kernel.cpp:135]   --->   Operation 21 'br' 'br_ln135' <Predicate = true> <Delay = 0.00>
ST_1 : Operation 22 [11/11] (1.21ns)   --->   "%urem_ln135 = urem i7 %i, i7 3" [/users/arashs/U280_CRC_Accelerator/src/kernel.cpp:135]   --->   Operation 22 'urem' 'urem_ln135' <Predicate = (!icmp_ln135)> <Delay = 1.21> <CoreInst = "Divider">   --->   Core 6 'Divider' <Latency = 10> <II = 1> <Delay = 1.21> <FuncUnit> <Opcode : 'sdiv' 'srem' 'udiv' 'urem'> <InPorts = 2> <OutPorts = 1>
ST_1 : Operation 23 [1/1] (0.70ns)   --->   "%add_ln135 = add i7 %i, i7 1" [/users/arashs/U280_CRC_Accelerator/src/kernel.cpp:135]   --->   Operation 23 'add' 'add_ln135' <Predicate = (!icmp_ln135)> <Delay = 0.70> <CoreInst = "Adder">   --->   Core 1 'Adder' <Latency = 0> <II = 1> <Delay = 0.70> <FuncUnit> <Opcode : 'add' 'sub'> <InPorts = 2> <OutPorts = 1>
ST_1 : Operation 24 [1/1] (0.38ns)   --->   "%store_ln135 = store i7 %add_ln135, i7 %i_5" [/users/arashs/U280_CRC_Accelerator/src/kernel.cpp:135]   --->   Operation 24 'store' 'store_ln135' <Predicate = (!icmp_ln135)> <Delay = 0.38>
ST_1 : Operation 25 [1/1] (0.00ns)   --->   "%br_ln135 = br void %for.inc25" [/users/arashs/U280_CRC_Accelerator/src/kernel.cpp:135]   --->   Operation 25 'br' 'br_ln135' <Predicate = (!icmp_ln135)> <Delay = 0.00>

State 2 <SV = 1> <Delay = 1.21>
ST_2 : Operation 26 [10/11] (1.21ns)   --->   "%urem_ln135 = urem i7 %i, i7 3" [/users/arashs/U280_CRC_Accelerator/src/kernel.cpp:135]   --->   Operation 26 'urem' 'urem_ln135' <Predicate = (!icmp_ln135)> <Delay = 1.21> <CoreInst = "Divider">   --->   Core 6 'Divider' <Latency = 10> <II = 1> <Delay = 1.21> <FuncUnit> <Opcode : 'sdiv' 'srem' 'udiv' 'urem'> <InPorts = 2> <OutPorts = 1>

State 3 <SV = 2> <Delay = 1.21>
ST_3 : Operation 27 [9/11] (1.21ns)   --->   "%urem_ln135 = urem i7 %i, i7 3" [/users/arashs/U280_CRC_Accelerator/src/kernel.cpp:135]   --->   Operation 27 'urem' 'urem_ln135' <Predicate = true> <Delay = 1.21> <CoreInst = "Divider">   --->   Core 6 'Divider' <Latency = 10> <II = 1> <Delay = 1.21> <FuncUnit> <Opcode : 'sdiv' 'srem' 'udiv' 'urem'> <InPorts = 2> <OutPorts = 1>

State 4 <SV = 3> <Delay = 1.21>
ST_4 : Operation 28 [8/11] (1.21ns)   --->   "%urem_ln135 = urem i7 %i, i7 3" [/users/arashs/U280_CRC_Accelerator/src/kernel.cpp:135]   --->   Operation 28 'urem' 'urem_ln135' <Predicate = true> <Delay = 1.21> <CoreInst = "Divider">   --->   Core 6 'Divider' <Latency = 10> <II = 1> <Delay = 1.21> <FuncUnit> <Opcode : 'sdiv' 'srem' 'udiv' 'urem'> <InPorts = 2> <OutPorts = 1>

State 5 <SV = 4> <Delay = 1.21>
ST_5 : Operation 29 [7/11] (1.21ns)   --->   "%urem_ln135 = urem i7 %i, i7 3" [/users/arashs/U280_CRC_Accelerator/src/kernel.cpp:135]   --->   Operation 29 'urem' 'urem_ln135' <Predicate = true> <Delay = 1.21> <CoreInst = "Divider">   --->   Core 6 'Divider' <Latency = 10> <II = 1> <Delay = 1.21> <FuncUnit> <Opcode : 'sdiv' 'srem' 'udiv' 'urem'> <InPorts = 2> <OutPorts = 1>

State 6 <SV = 5> <Delay = 1.21>
ST_6 : Operation 30 [6/11] (1.21ns)   --->   "%urem_ln135 = urem i7 %i, i7 3" [/users/arashs/U280_CRC_Accelerator/src/kernel.cpp:135]   --->   Operation 30 'urem' 'urem_ln135' <Predicate = true> <Delay = 1.21> <CoreInst = "Divider">   --->   Core 6 'Divider' <Latency = 10> <II = 1> <Delay = 1.21> <FuncUnit> <Opcode : 'sdiv' 'srem' 'udiv' 'urem'> <InPorts = 2> <OutPorts = 1>

State 7 <SV = 6> <Delay = 1.21>
ST_7 : Operation 31 [5/11] (1.21ns)   --->   "%urem_ln135 = urem i7 %i, i7 3" [/users/arashs/U280_CRC_Accelerator/src/kernel.cpp:135]   --->   Operation 31 'urem' 'urem_ln135' <Predicate = true> <Delay = 1.21> <CoreInst = "Divider">   --->   Core 6 'Divider' <Latency = 10> <II = 1> <Delay = 1.21> <FuncUnit> <Opcode : 'sdiv' 'srem' 'udiv' 'urem'> <InPorts = 2> <OutPorts = 1>

State 8 <SV = 7> <Delay = 1.21>
ST_8 : Operation 32 [4/11] (1.21ns)   --->   "%urem_ln135 = urem i7 %i, i7 3" [/users/arashs/U280_CRC_Accelerator/src/kernel.cpp:135]   --->   Operation 32 'urem' 'urem_ln135' <Predicate = true> <Delay = 1.21> <CoreInst = "Divider">   --->   Core 6 'Divider' <Latency = 10> <II = 1> <Delay = 1.21> <FuncUnit> <Opcode : 'sdiv' 'srem' 'udiv' 'urem'> <InPorts = 2> <OutPorts = 1>

State 9 <SV = 8> <Delay = 1.21>
ST_9 : Operation 33 [3/11] (1.21ns)   --->   "%urem_ln135 = urem i7 %i, i7 3" [/users/arashs/U280_CRC_Accelerator/src/kernel.cpp:135]   --->   Operation 33 'urem' 'urem_ln135' <Predicate = true> <Delay = 1.21> <CoreInst = "Divider">   --->   Core 6 'Divider' <Latency = 10> <II = 1> <Delay = 1.21> <FuncUnit> <Opcode : 'sdiv' 'srem' 'udiv' 'urem'> <InPorts = 2> <OutPorts = 1>

State 10 <SV = 9> <Delay = 1.21>
ST_10 : Operation 34 [2/11] (1.21ns)   --->   "%urem_ln135 = urem i7 %i, i7 3" [/users/arashs/U280_CRC_Accelerator/src/kernel.cpp:135]   --->   Operation 34 'urem' 'urem_ln135' <Predicate = true> <Delay = 1.21> <CoreInst = "Divider">   --->   Core 6 'Divider' <Latency = 10> <II = 1> <Delay = 1.21> <FuncUnit> <Opcode : 'sdiv' 'srem' 'udiv' 'urem'> <InPorts = 2> <OutPorts = 1>

State 11 <SV = 10> <Delay = 2.25>
ST_11 : Operation 35 [1/1] (0.00ns)   --->   "%trunc_ln135 = trunc i7 %i" [/users/arashs/U280_CRC_Accelerator/src/kernel.cpp:135]   --->   Operation 35 'trunc' 'trunc_ln135' <Predicate = true> <Delay = 0.00>
ST_11 : Operation 36 [1/11] (1.21ns)   --->   "%urem_ln135 = urem i7 %i, i7 3" [/users/arashs/U280_CRC_Accelerator/src/kernel.cpp:135]   --->   Operation 36 'urem' 'urem_ln135' <Predicate = true> <Delay = 1.21> <CoreInst = "Divider">   --->   Core 6 'Divider' <Latency = 10> <II = 1> <Delay = 1.21> <FuncUnit> <Opcode : 'sdiv' 'srem' 'udiv' 'urem'> <InPorts = 2> <OutPorts = 1>
ST_11 : Operation 37 [1/1] (0.00ns)   --->   "%trunc_ln135_1 = trunc i2 %urem_ln135" [/users/arashs/U280_CRC_Accelerator/src/kernel.cpp:135]   --->   Operation 37 'trunc' 'trunc_ln135_1' <Predicate = true> <Delay = 0.00>
ST_11 : Operation 38 [1/1] (0.70ns)   --->   "%add_ln138 = add i6 %trunc_ln135, i6 62" [/users/arashs/U280_CRC_Accelerator/src/kernel.cpp:138]   --->   Operation 38 'add' 'add_ln138' <Predicate = true> <Delay = 0.70> <CoreInst = "Adder">   --->   Core 1 'Adder' <Latency = 0> <II = 1> <Delay = 0.70> <FuncUnit> <Opcode : 'add' 'sub'> <InPorts = 2> <OutPorts = 1>
ST_11 : Operation 39 [1/1] (0.00ns)   --->   "%zext_ln138_4 = zext i6 %add_ln138" [/users/arashs/U280_CRC_Accelerator/src/kernel.cpp:138]   --->   Operation 39 'zext' 'zext_ln138_4' <Predicate = true> <Delay = 0.00>
ST_11 : Operation 40 [1/1] (1.55ns)   --->   "%mul_ln138 = mul i13 %zext_ln138_4, i13 86" [/users/arashs/U280_CRC_Accelerator/src/kernel.cpp:138]   --->   Operation 40 'mul' 'mul_ln138' <Predicate = true> <Delay = 1.55> <CoreInst = "Multiplier">   --->   Core 3 'Multiplier' <Latency = 0> <II = 1> <Delay = 1.55> <FuncUnit> <Opcode : 'mul'> <InPorts = 2> <OutPorts = 1>
ST_11 : Operation 41 [1/1] (0.00ns)   --->   "%tmp_1 = partselect i5 @_ssdm_op_PartSelect.i5.i13.i32.i32, i13 %mul_ln138, i32 8, i32 12" [/users/arashs/U280_CRC_Accelerator/src/kernel.cpp:138]   --->   Operation 41 'partselect' 'tmp_1' <Predicate = true> <Delay = 0.00>
ST_11 : Operation 42 [1/1] (0.70ns)   --->   "%add_ln138_1 = add i6 %trunc_ln135, i6 57" [/users/arashs/U280_CRC_Accelerator/src/kernel.cpp:138]   --->   Operation 42 'add' 'add_ln138_1' <Predicate = true> <Delay = 0.70> <CoreInst = "Adder">   --->   Core 1 'Adder' <Latency = 0> <II = 1> <Delay = 0.70> <FuncUnit> <Opcode : 'add' 'sub'> <InPorts = 2> <OutPorts = 1>
ST_11 : Operation 43 [1/1] (0.00ns)   --->   "%zext_ln138_5 = zext i6 %add_ln138_1" [/users/arashs/U280_CRC_Accelerator/src/kernel.cpp:138]   --->   Operation 43 'zext' 'zext_ln138_5' <Predicate = true> <Delay = 0.00>
ST_11 : Operation 44 [1/1] (1.55ns)   --->   "%mul_ln138_1 = mul i13 %zext_ln138_5, i13 86" [/users/arashs/U280_CRC_Accelerator/src/kernel.cpp:138]   --->   Operation 44 'mul' 'mul_ln138_1' <Predicate = true> <Delay = 1.55> <CoreInst = "Multiplier">   --->   Core 3 'Multiplier' <Latency = 0> <II = 1> <Delay = 1.55> <FuncUnit> <Opcode : 'mul'> <InPorts = 2> <OutPorts = 1>
ST_11 : Operation 45 [1/1] (0.00ns)   --->   "%tmp_2 = partselect i5 @_ssdm_op_PartSelect.i5.i13.i32.i32, i13 %mul_ln138_1, i32 8, i32 12" [/users/arashs/U280_CRC_Accelerator/src/kernel.cpp:138]   --->   Operation 45 'partselect' 'tmp_2' <Predicate = true> <Delay = 0.00>
ST_11 : Operation 46 [1/1] (0.70ns)   --->   "%add_ln138_2 = add i6 %trunc_ln135, i6 49" [/users/arashs/U280_CRC_Accelerator/src/kernel.cpp:138]   --->   Operation 46 'add' 'add_ln138_2' <Predicate = true> <Delay = 0.70> <CoreInst = "Adder">   --->   Core 1 'Adder' <Latency = 0> <II = 1> <Delay = 0.70> <FuncUnit> <Opcode : 'add' 'sub'> <InPorts = 2> <OutPorts = 1>
ST_11 : Operation 47 [1/1] (0.00ns)   --->   "%zext_ln138_6 = zext i6 %add_ln138_2" [/users/arashs/U280_CRC_Accelerator/src/kernel.cpp:138]   --->   Operation 47 'zext' 'zext_ln138_6' <Predicate = true> <Delay = 0.00>
ST_11 : Operation 48 [1/1] (1.55ns)   --->   "%mul_ln138_2 = mul i13 %zext_ln138_6, i13 86" [/users/arashs/U280_CRC_Accelerator/src/kernel.cpp:138]   --->   Operation 48 'mul' 'mul_ln138_2' <Predicate = true> <Delay = 1.55> <CoreInst = "Multiplier">   --->   Core 3 'Multiplier' <Latency = 0> <II = 1> <Delay = 1.55> <FuncUnit> <Opcode : 'mul'> <InPorts = 2> <OutPorts = 1>
ST_11 : Operation 49 [1/1] (0.00ns)   --->   "%tmp_3 = partselect i5 @_ssdm_op_PartSelect.i5.i13.i32.i32, i13 %mul_ln138_2, i32 8, i32 12" [/users/arashs/U280_CRC_Accelerator/src/kernel.cpp:138]   --->   Operation 49 'partselect' 'tmp_3' <Predicate = true> <Delay = 0.00>
ST_11 : Operation 50 [1/1] (0.70ns)   --->   "%add_ln138_3 = add i6 %trunc_ln135, i6 48" [/users/arashs/U280_CRC_Accelerator/src/kernel.cpp:138]   --->   Operation 50 'add' 'add_ln138_3' <Predicate = true> <Delay = 0.70> <CoreInst = "Adder">   --->   Core 1 'Adder' <Latency = 0> <II = 1> <Delay = 0.70> <FuncUnit> <Opcode : 'add' 'sub'> <InPorts = 2> <OutPorts = 1>
ST_11 : Operation 51 [1/1] (0.66ns)   --->   "%switch_ln138 = switch i2 %trunc_ln135_1, void %arrayidx24.case.2, i2 0, void %arrayidx24.case.0, i2 1, void %arrayidx24.case.1" [/users/arashs/U280_CRC_Accelerator/src/kernel.cpp:138]   --->   Operation 51 'switch' 'switch_ln138' <Predicate = true> <Delay = 0.66>
ST_11 : Operation 138 [1/1] (0.00ns)   --->   "%ret_ln0 = ret"   --->   Operation 138 'ret' 'ret_ln0' <Predicate = (icmp_ln135)> <Delay = 0.00>

State 12 <SV = 11> <Delay = 2.24>
ST_12 : Operation 52 [1/1] (0.00ns)   --->   "%zext_ln135_1 = zext i7 %i" [/users/arashs/U280_CRC_Accelerator/src/kernel.cpp:135]   --->   Operation 52 'zext' 'zext_ln135_1' <Predicate = true> <Delay = 0.00>
ST_12 : Operation 53 [1/1] (1.46ns)   --->   "%mul_ln135 = mul i14 %zext_ln135_1, i14 171" [/users/arashs/U280_CRC_Accelerator/src/kernel.cpp:135]   --->   Operation 53 'mul' 'mul_ln135' <Predicate = true> <Delay = 1.46> <CoreInst = "Multiplier">   --->   Core 3 'Multiplier' <Latency = 0> <II = 1> <Delay = 1.46> <FuncUnit> <Opcode : 'mul'> <InPorts = 2> <OutPorts = 1>
ST_12 : Operation 54 [1/1] (0.00ns)   --->   "%tmp = partselect i5 @_ssdm_op_PartSelect.i5.i14.i32.i32, i14 %mul_ln135, i32 9, i32 13" [/users/arashs/U280_CRC_Accelerator/src/kernel.cpp:135]   --->   Operation 54 'partselect' 'tmp' <Predicate = true> <Delay = 0.00>
ST_12 : Operation 55 [1/1] (0.00ns)   --->   "%zext_ln138 = zext i5 %tmp_1" [/users/arashs/U280_CRC_Accelerator/src/kernel.cpp:138]   --->   Operation 55 'zext' 'zext_ln138' <Predicate = true> <Delay = 0.00>
ST_12 : Operation 56 [1/1] (0.00ns)   --->   "%w_addr = getelementptr i32 %w, i64 0, i64 %zext_ln138" [/users/arashs/U280_CRC_Accelerator/src/kernel.cpp:138]   --->   Operation 56 'getelementptr' 'w_addr' <Predicate = true> <Delay = 0.00>
ST_12 : Operation 57 [1/1] (0.00ns)   --->   "%w_1_addr = getelementptr i32 %w_1, i64 0, i64 %zext_ln138" [/users/arashs/U280_CRC_Accelerator/src/kernel.cpp:138]   --->   Operation 57 'getelementptr' 'w_1_addr' <Predicate = true> <Delay = 0.00>
ST_12 : Operation 58 [1/1] (0.00ns)   --->   "%w_2_addr = getelementptr i32 %w_2, i64 0, i64 %zext_ln138" [/users/arashs/U280_CRC_Accelerator/src/kernel.cpp:138]   --->   Operation 58 'getelementptr' 'w_2_addr' <Predicate = true> <Delay = 0.00>
ST_12 : Operation 59 [2/2] (0.69ns)   --->   "%w_load = load i5 %w_addr" [/users/arashs/U280_CRC_Accelerator/src/kernel.cpp:138]   --->   Operation 59 'load' 'w_load' <Predicate = (trunc_ln135_1 == 2)> <Delay = 0.69> <CoreInst = "RAM_1WnR">   --->   Core 84 'RAM_1WnR' <Latency = 1> <II = 1> <Delay = 0.69> <Storage> <Opcode : 'load' 'store'> <Ports = 17> <Width = 32> <Depth = 22> <RAM>
ST_12 : Operation 60 [2/2] (0.69ns)   --->   "%w_1_load = load i5 %w_1_addr" [/users/arashs/U280_CRC_Accelerator/src/kernel.cpp:138]   --->   Operation 60 'load' 'w_1_load' <Predicate = (trunc_ln135_1 == 0)> <Delay = 0.69> <CoreInst = "RAM_1WnR">   --->   Core 84 'RAM_1WnR' <Latency = 1> <II = 1> <Delay = 0.69> <Storage> <Opcode : 'load' 'store'> <Ports = 17> <Width = 32> <Depth = 22> <RAM>
ST_12 : Operation 61 [2/2] (0.69ns)   --->   "%w_2_load = load i5 %w_2_addr" [/users/arashs/U280_CRC_Accelerator/src/kernel.cpp:138]   --->   Operation 61 'load' 'w_2_load' <Predicate = (trunc_ln135_1 == 1)> <Delay = 0.69> <CoreInst = "RAM_1WnR">   --->   Core 84 'RAM_1WnR' <Latency = 1> <II = 1> <Delay = 0.69> <Storage> <Opcode : 'load' 'store'> <Ports = 17> <Width = 32> <Depth = 22> <RAM>
ST_12 : Operation 62 [1/1] (0.00ns)   --->   "%zext_ln138_1 = zext i5 %tmp_2" [/users/arashs/U280_CRC_Accelerator/src/kernel.cpp:138]   --->   Operation 62 'zext' 'zext_ln138_1' <Predicate = true> <Delay = 0.00>
ST_12 : Operation 63 [1/1] (0.00ns)   --->   "%w_addr_1 = getelementptr i32 %w, i64 0, i64 %zext_ln138_1" [/users/arashs/U280_CRC_Accelerator/src/kernel.cpp:138]   --->   Operation 63 'getelementptr' 'w_addr_1' <Predicate = true> <Delay = 0.00>
ST_12 : Operation 64 [1/1] (0.00ns)   --->   "%w_1_addr_1 = getelementptr i32 %w_1, i64 0, i64 %zext_ln138_1" [/users/arashs/U280_CRC_Accelerator/src/kernel.cpp:138]   --->   Operation 64 'getelementptr' 'w_1_addr_1' <Predicate = true> <Delay = 0.00>
ST_12 : Operation 65 [1/1] (0.00ns)   --->   "%w_2_addr_1 = getelementptr i32 %w_2, i64 0, i64 %zext_ln138_1" [/users/arashs/U280_CRC_Accelerator/src/kernel.cpp:138]   --->   Operation 65 'getelementptr' 'w_2_addr_1' <Predicate = true> <Delay = 0.00>
ST_12 : Operation 66 [2/2] (0.69ns)   --->   "%w_load_1 = load i5 %w_addr_1" [/users/arashs/U280_CRC_Accelerator/src/kernel.cpp:138]   --->   Operation 66 'load' 'w_load_1' <Predicate = (trunc_ln135_1 == 1)> <Delay = 0.69> <CoreInst = "RAM_1WnR">   --->   Core 84 'RAM_1WnR' <Latency = 1> <II = 1> <Delay = 0.69> <Storage> <Opcode : 'load' 'store'> <Ports = 17> <Width = 32> <Depth = 22> <RAM>
ST_12 : Operation 67 [2/2] (0.69ns)   --->   "%w_1_load_1 = load i5 %w_1_addr_1" [/users/arashs/U280_CRC_Accelerator/src/kernel.cpp:138]   --->   Operation 67 'load' 'w_1_load_1' <Predicate = (trunc_ln135_1 == 2)> <Delay = 0.69> <CoreInst = "RAM_1WnR">   --->   Core 84 'RAM_1WnR' <Latency = 1> <II = 1> <Delay = 0.69> <Storage> <Opcode : 'load' 'store'> <Ports = 17> <Width = 32> <Depth = 22> <RAM>
ST_12 : Operation 68 [2/2] (0.69ns)   --->   "%w_2_load_1 = load i5 %w_2_addr_1" [/users/arashs/U280_CRC_Accelerator/src/kernel.cpp:138]   --->   Operation 68 'load' 'w_2_load_1' <Predicate = (trunc_ln135_1 == 0)> <Delay = 0.69> <CoreInst = "RAM_1WnR">   --->   Core 84 'RAM_1WnR' <Latency = 1> <II = 1> <Delay = 0.69> <Storage> <Opcode : 'load' 'store'> <Ports = 17> <Width = 32> <Depth = 22> <RAM>
ST_12 : Operation 69 [1/1] (0.00ns)   --->   "%zext_ln138_2 = zext i5 %tmp_3" [/users/arashs/U280_CRC_Accelerator/src/kernel.cpp:138]   --->   Operation 69 'zext' 'zext_ln138_2' <Predicate = true> <Delay = 0.00>
ST_12 : Operation 70 [1/1] (0.00ns)   --->   "%w_addr_2 = getelementptr i32 %w, i64 0, i64 %zext_ln138_2" [/users/arashs/U280_CRC_Accelerator/src/kernel.cpp:138]   --->   Operation 70 'getelementptr' 'w_addr_2' <Predicate = true> <Delay = 0.00>
ST_12 : Operation 71 [1/1] (0.00ns)   --->   "%w_1_addr_2 = getelementptr i32 %w_1, i64 0, i64 %zext_ln138_2" [/users/arashs/U280_CRC_Accelerator/src/kernel.cpp:138]   --->   Operation 71 'getelementptr' 'w_1_addr_2' <Predicate = true> <Delay = 0.00>
ST_12 : Operation 72 [1/1] (0.00ns)   --->   "%w_2_addr_2 = getelementptr i32 %w_2, i64 0, i64 %zext_ln138_2" [/users/arashs/U280_CRC_Accelerator/src/kernel.cpp:138]   --->   Operation 72 'getelementptr' 'w_2_addr_2' <Predicate = true> <Delay = 0.00>
ST_12 : Operation 73 [2/2] (0.69ns)   --->   "%w_load_2 = load i5 %w_addr_2" [/users/arashs/U280_CRC_Accelerator/src/kernel.cpp:138]   --->   Operation 73 'load' 'w_load_2' <Predicate = (trunc_ln135_1 == 0)> <Delay = 0.69> <CoreInst = "RAM_1WnR">   --->   Core 84 'RAM_1WnR' <Latency = 1> <II = 1> <Delay = 0.69> <Storage> <Opcode : 'load' 'store'> <Ports = 17> <Width = 32> <Depth = 22> <RAM>
ST_12 : Operation 74 [2/2] (0.69ns)   --->   "%w_1_load_2 = load i5 %w_1_addr_2" [/users/arashs/U280_CRC_Accelerator/src/kernel.cpp:138]   --->   Operation 74 'load' 'w_1_load_2' <Predicate = (trunc_ln135_1 == 1)> <Delay = 0.69> <CoreInst = "RAM_1WnR">   --->   Core 84 'RAM_1WnR' <Latency = 1> <II = 1> <Delay = 0.69> <Storage> <Opcode : 'load' 'store'> <Ports = 17> <Width = 32> <Depth = 22> <RAM>
ST_12 : Operation 75 [2/2] (0.69ns)   --->   "%w_2_load_2 = load i5 %w_2_addr_2" [/users/arashs/U280_CRC_Accelerator/src/kernel.cpp:138]   --->   Operation 75 'load' 'w_2_load_2' <Predicate = (trunc_ln135_1 == 2)> <Delay = 0.69> <CoreInst = "RAM_1WnR">   --->   Core 84 'RAM_1WnR' <Latency = 1> <II = 1> <Delay = 0.69> <Storage> <Opcode : 'load' 'store'> <Ports = 17> <Width = 32> <Depth = 22> <RAM>
ST_12 : Operation 76 [1/1] (0.00ns)   --->   "%zext_ln138_7 = zext i6 %add_ln138_3" [/users/arashs/U280_CRC_Accelerator/src/kernel.cpp:138]   --->   Operation 76 'zext' 'zext_ln138_7' <Predicate = true> <Delay = 0.00>
ST_12 : Operation 77 [1/1] (1.55ns)   --->   "%mul_ln138_3 = mul i13 %zext_ln138_7, i13 86" [/users/arashs/U280_CRC_Accelerator/src/kernel.cpp:138]   --->   Operation 77 'mul' 'mul_ln138_3' <Predicate = true> <Delay = 1.55> <CoreInst = "Multiplier">   --->   Core 3 'Multiplier' <Latency = 0> <II = 1> <Delay = 1.55> <FuncUnit> <Opcode : 'mul'> <InPorts = 2> <OutPorts = 1>
ST_12 : Operation 78 [1/1] (0.00ns)   --->   "%tmp_4 = partselect i5 @_ssdm_op_PartSelect.i5.i13.i32.i32, i13 %mul_ln138_3, i32 8, i32 12" [/users/arashs/U280_CRC_Accelerator/src/kernel.cpp:138]   --->   Operation 78 'partselect' 'tmp_4' <Predicate = true> <Delay = 0.00>
ST_12 : Operation 79 [1/1] (0.00ns)   --->   "%zext_ln138_3 = zext i5 %tmp_4" [/users/arashs/U280_CRC_Accelerator/src/kernel.cpp:138]   --->   Operation 79 'zext' 'zext_ln138_3' <Predicate = true> <Delay = 0.00>
ST_12 : Operation 80 [1/1] (0.00ns)   --->   "%w_addr_3 = getelementptr i32 %w, i64 0, i64 %zext_ln138_3" [/users/arashs/U280_CRC_Accelerator/src/kernel.cpp:138]   --->   Operation 80 'getelementptr' 'w_addr_3' <Predicate = true> <Delay = 0.00>
ST_12 : Operation 81 [1/1] (0.00ns)   --->   "%w_1_addr_3 = getelementptr i32 %w_1, i64 0, i64 %zext_ln138_3" [/users/arashs/U280_CRC_Accelerator/src/kernel.cpp:138]   --->   Operation 81 'getelementptr' 'w_1_addr_3' <Predicate = true> <Delay = 0.00>
ST_12 : Operation 82 [1/1] (0.00ns)   --->   "%w_2_addr_3 = getelementptr i32 %w_2, i64 0, i64 %zext_ln138_3" [/users/arashs/U280_CRC_Accelerator/src/kernel.cpp:138]   --->   Operation 82 'getelementptr' 'w_2_addr_3' <Predicate = true> <Delay = 0.00>
ST_12 : Operation 83 [2/2] (0.69ns)   --->   "%w_load_3 = load i5 %w_addr_3" [/users/arashs/U280_CRC_Accelerator/src/kernel.cpp:138]   --->   Operation 83 'load' 'w_load_3' <Predicate = (trunc_ln135_1 == 1)> <Delay = 0.69> <CoreInst = "RAM_1WnR">   --->   Core 84 'RAM_1WnR' <Latency = 1> <II = 1> <Delay = 0.69> <Storage> <Opcode : 'load' 'store'> <Ports = 17> <Width = 32> <Depth = 22> <RAM>
ST_12 : Operation 84 [2/2] (0.69ns)   --->   "%w_1_load_3 = load i5 %w_1_addr_3" [/users/arashs/U280_CRC_Accelerator/src/kernel.cpp:138]   --->   Operation 84 'load' 'w_1_load_3' <Predicate = (trunc_ln135_1 == 2)> <Delay = 0.69> <CoreInst = "RAM_1WnR">   --->   Core 84 'RAM_1WnR' <Latency = 1> <II = 1> <Delay = 0.69> <Storage> <Opcode : 'load' 'store'> <Ports = 17> <Width = 32> <Depth = 22> <RAM>
ST_12 : Operation 85 [2/2] (0.69ns)   --->   "%w_2_load_3 = load i5 %w_2_addr_3" [/users/arashs/U280_CRC_Accelerator/src/kernel.cpp:138]   --->   Operation 85 'load' 'w_2_load_3' <Predicate = (trunc_ln135_1 == 0)> <Delay = 0.69> <CoreInst = "RAM_1WnR">   --->   Core 84 'RAM_1WnR' <Latency = 1> <II = 1> <Delay = 0.69> <Storage> <Opcode : 'load' 'store'> <Ports = 17> <Width = 32> <Depth = 22> <RAM>

State 13 <SV = 12> <Delay = 3.42>
ST_13 : Operation 86 [1/1] (0.00ns)   --->   "%specpipeline_ln137 = specpipeline void @_ssdm_op_SpecPipeline, i32 1, i32 0, i32 0, i32 0, void @empty" [/users/arashs/U280_CRC_Accelerator/src/kernel.cpp:137]   --->   Operation 86 'specpipeline' 'specpipeline_ln137' <Predicate = true> <Delay = 0.00>
ST_13 : Operation 87 [1/1] (0.00ns)   --->   "%speclooptripcount_ln135 = speclooptripcount void @_ssdm_op_SpecLoopTripCount, i64 48, i64 48, i64 48" [/users/arashs/U280_CRC_Accelerator/src/kernel.cpp:135]   --->   Operation 87 'speclooptripcount' 'speclooptripcount_ln135' <Predicate = true> <Delay = 0.00>
ST_13 : Operation 88 [1/1] (0.00ns)   --->   "%specloopname_ln135 = specloopname void @_ssdm_op_SpecLoopName, void @empty_19" [/users/arashs/U280_CRC_Accelerator/src/kernel.cpp:135]   --->   Operation 88 'specloopname' 'specloopname_ln135' <Predicate = true> <Delay = 0.00>
ST_13 : Operation 89 [1/1] (0.00ns)   --->   "%zext_ln135 = zext i5 %tmp" [/users/arashs/U280_CRC_Accelerator/src/kernel.cpp:135]   --->   Operation 89 'zext' 'zext_ln135' <Predicate = true> <Delay = 0.00>
ST_13 : Operation 90 [1/2] (0.69ns)   --->   "%w_load = load i5 %w_addr" [/users/arashs/U280_CRC_Accelerator/src/kernel.cpp:138]   --->   Operation 90 'load' 'w_load' <Predicate = (trunc_ln135_1 == 2)> <Delay = 0.69> <CoreInst = "RAM_1WnR">   --->   Core 84 'RAM_1WnR' <Latency = 1> <II = 1> <Delay = 0.69> <Storage> <Opcode : 'load' 'store'> <Ports = 17> <Width = 32> <Depth = 22> <RAM>
ST_13 : Operation 91 [1/2] (0.69ns)   --->   "%w_1_load = load i5 %w_1_addr" [/users/arashs/U280_CRC_Accelerator/src/kernel.cpp:138]   --->   Operation 91 'load' 'w_1_load' <Predicate = (trunc_ln135_1 == 0)> <Delay = 0.69> <CoreInst = "RAM_1WnR">   --->   Core 84 'RAM_1WnR' <Latency = 1> <II = 1> <Delay = 0.69> <Storage> <Opcode : 'load' 'store'> <Ports = 17> <Width = 32> <Depth = 22> <RAM>
ST_13 : Operation 92 [1/2] (0.69ns)   --->   "%w_2_load = load i5 %w_2_addr" [/users/arashs/U280_CRC_Accelerator/src/kernel.cpp:138]   --->   Operation 92 'load' 'w_2_load' <Predicate = (trunc_ln135_1 == 1)> <Delay = 0.69> <CoreInst = "RAM_1WnR">   --->   Core 84 'RAM_1WnR' <Latency = 1> <II = 1> <Delay = 0.69> <Storage> <Opcode : 'load' 'store'> <Ports = 17> <Width = 32> <Depth = 22> <RAM>
ST_13 : Operation 93 [1/1] (0.41ns)   --->   "%x_assign = mux i32 @_ssdm_op_Mux.ap_auto.3i32.i2, i32 %w_1_load, i32 %w_2_load, i32 %w_load, i2 %trunc_ln135_1" [/users/arashs/U280_CRC_Accelerator/src/kernel.cpp:138]   --->   Operation 93 'mux' 'x_assign' <Predicate = true> <Delay = 0.41> <CoreInst = "Multiplexer">   --->   Core 76 'Multiplexer' <Latency = 0> <II = 1> <Delay = 0.41> <FuncUnit> <Opcode : 'mux'> <InPorts = 2> <OutPorts = 1>
ST_13 : Operation 94 [1/1] (0.00ns) (grouped into LUT with out node add_ln138_4)   --->   "%lshr_ln = partselect i15 @_ssdm_op_PartSelect.i15.i32.i32.i32, i32 %x_assign, i32 17, i32 31" [/users/arashs/U280_CRC_Accelerator/src/kernel.cpp:54->/users/arashs/U280_CRC_Accelerator/src/kernel.cpp:90->/users/arashs/U280_CRC_Accelerator/src/kernel.cpp:138]   --->   Operation 94 'partselect' 'lshr_ln' <Predicate = true> <Delay = 0.00>
ST_13 : Operation 95 [1/1] (0.00ns) (grouped into LUT with out node add_ln138_4)   --->   "%trunc_ln54 = trunc i32 %x_assign" [/users/arashs/U280_CRC_Accelerator/src/kernel.cpp:54->/users/arashs/U280_CRC_Accelerator/src/kernel.cpp:90->/users/arashs/U280_CRC_Accelerator/src/kernel.cpp:138]   --->   Operation 95 'trunc' 'trunc_ln54' <Predicate = true> <Delay = 0.00>
ST_13 : Operation 96 [1/1] (0.00ns) (grouped into LUT with out node add_ln138_4)   --->   "%lshr_ln54_1 = partselect i13 @_ssdm_op_PartSelect.i13.i32.i32.i32, i32 %x_assign, i32 19, i32 31" [/users/arashs/U280_CRC_Accelerator/src/kernel.cpp:54->/users/arashs/U280_CRC_Accelerator/src/kernel.cpp:90->/users/arashs/U280_CRC_Accelerator/src/kernel.cpp:138]   --->   Operation 96 'partselect' 'lshr_ln54_1' <Predicate = true> <Delay = 0.00>
ST_13 : Operation 97 [1/1] (0.00ns) (grouped into LUT with out node add_ln138_4)   --->   "%trunc_ln54_6 = trunc i32 %x_assign" [/users/arashs/U280_CRC_Accelerator/src/kernel.cpp:54->/users/arashs/U280_CRC_Accelerator/src/kernel.cpp:90->/users/arashs/U280_CRC_Accelerator/src/kernel.cpp:138]   --->   Operation 97 'trunc' 'trunc_ln54_6' <Predicate = true> <Delay = 0.00>
ST_13 : Operation 98 [1/1] (0.00ns) (grouped into LUT with out node add_ln138_4)   --->   "%lshr_ln1 = partselect i22 @_ssdm_op_PartSelect.i22.i32.i32.i32, i32 %x_assign, i32 10, i32 31" [/users/arashs/U280_CRC_Accelerator/src/kernel.cpp:90->/users/arashs/U280_CRC_Accelerator/src/kernel.cpp:138]   --->   Operation 98 'partselect' 'lshr_ln1' <Predicate = true> <Delay = 0.00>
ST_13 : Operation 99 [1/1] (0.00ns) (grouped into LUT with out node add_ln138_4)   --->   "%zext_ln90 = zext i22 %lshr_ln1" [/users/arashs/U280_CRC_Accelerator/src/kernel.cpp:90->/users/arashs/U280_CRC_Accelerator/src/kernel.cpp:138]   --->   Operation 99 'zext' 'zext_ln90' <Predicate = true> <Delay = 0.00>
ST_13 : Operation 100 [1/2] (0.69ns)   --->   "%w_load_1 = load i5 %w_addr_1" [/users/arashs/U280_CRC_Accelerator/src/kernel.cpp:138]   --->   Operation 100 'load' 'w_load_1' <Predicate = (trunc_ln135_1 == 1)> <Delay = 0.69> <CoreInst = "RAM_1WnR">   --->   Core 84 'RAM_1WnR' <Latency = 1> <II = 1> <Delay = 0.69> <Storage> <Opcode : 'load' 'store'> <Ports = 17> <Width = 32> <Depth = 22> <RAM>
ST_13 : Operation 101 [1/2] (0.69ns)   --->   "%w_1_load_1 = load i5 %w_1_addr_1" [/users/arashs/U280_CRC_Accelerator/src/kernel.cpp:138]   --->   Operation 101 'load' 'w_1_load_1' <Predicate = (trunc_ln135_1 == 2)> <Delay = 0.69> <CoreInst = "RAM_1WnR">   --->   Core 84 'RAM_1WnR' <Latency = 1> <II = 1> <Delay = 0.69> <Storage> <Opcode : 'load' 'store'> <Ports = 17> <Width = 32> <Depth = 22> <RAM>
ST_13 : Operation 102 [1/2] (0.69ns)   --->   "%w_2_load_1 = load i5 %w_2_addr_1" [/users/arashs/U280_CRC_Accelerator/src/kernel.cpp:138]   --->   Operation 102 'load' 'w_2_load_1' <Predicate = (trunc_ln135_1 == 0)> <Delay = 0.69> <CoreInst = "RAM_1WnR">   --->   Core 84 'RAM_1WnR' <Latency = 1> <II = 1> <Delay = 0.69> <Storage> <Opcode : 'load' 'store'> <Ports = 17> <Width = 32> <Depth = 22> <RAM>
ST_13 : Operation 103 [1/1] (0.41ns)   --->   "%tmp_5 = mux i32 @_ssdm_op_Mux.ap_auto.3i32.i2, i32 %w_2_load_1, i32 %w_load_1, i32 %w_1_load_1, i2 %trunc_ln135_1" [/users/arashs/U280_CRC_Accelerator/src/kernel.cpp:138]   --->   Operation 103 'mux' 'tmp_5' <Predicate = true> <Delay = 0.41> <CoreInst = "Multiplexer">   --->   Core 76 'Multiplexer' <Latency = 0> <II = 1> <Delay = 0.41> <FuncUnit> <Opcode : 'mux'> <InPorts = 2> <OutPorts = 1>
ST_13 : Operation 104 [1/2] (0.69ns)   --->   "%w_load_2 = load i5 %w_addr_2" [/users/arashs/U280_CRC_Accelerator/src/kernel.cpp:138]   --->   Operation 104 'load' 'w_load_2' <Predicate = (trunc_ln135_1 == 0)> <Delay = 0.69> <CoreInst = "RAM_1WnR">   --->   Core 84 'RAM_1WnR' <Latency = 1> <II = 1> <Delay = 0.69> <Storage> <Opcode : 'load' 'store'> <Ports = 17> <Width = 32> <Depth = 22> <RAM>
ST_13 : Operation 105 [1/2] (0.69ns)   --->   "%w_1_load_2 = load i5 %w_1_addr_2" [/users/arashs/U280_CRC_Accelerator/src/kernel.cpp:138]   --->   Operation 105 'load' 'w_1_load_2' <Predicate = (trunc_ln135_1 == 1)> <Delay = 0.69> <CoreInst = "RAM_1WnR">   --->   Core 84 'RAM_1WnR' <Latency = 1> <II = 1> <Delay = 0.69> <Storage> <Opcode : 'load' 'store'> <Ports = 17> <Width = 32> <Depth = 22> <RAM>
ST_13 : Operation 106 [1/2] (0.69ns)   --->   "%w_2_load_2 = load i5 %w_2_addr_2" [/users/arashs/U280_CRC_Accelerator/src/kernel.cpp:138]   --->   Operation 106 'load' 'w_2_load_2' <Predicate = (trunc_ln135_1 == 2)> <Delay = 0.69> <CoreInst = "RAM_1WnR">   --->   Core 84 'RAM_1WnR' <Latency = 1> <II = 1> <Delay = 0.69> <Storage> <Opcode : 'load' 'store'> <Ports = 17> <Width = 32> <Depth = 22> <RAM>
ST_13 : Operation 107 [1/1] (0.41ns)   --->   "%x_assign_1 = mux i32 @_ssdm_op_Mux.ap_auto.3i32.i2, i32 %w_load_2, i32 %w_1_load_2, i32 %w_2_load_2, i2 %trunc_ln135_1" [/users/arashs/U280_CRC_Accelerator/src/kernel.cpp:138]   --->   Operation 107 'mux' 'x_assign_1' <Predicate = true> <Delay = 0.41> <CoreInst = "Multiplexer">   --->   Core 76 'Multiplexer' <Latency = 0> <II = 1> <Delay = 0.41> <FuncUnit> <Opcode : 'mux'> <InPorts = 2> <OutPorts = 1>
ST_13 : Operation 108 [1/1] (0.00ns) (grouped into LUT with out node add_ln138_4)   --->   "%lshr_ln54_2 = partselect i25 @_ssdm_op_PartSelect.i25.i32.i32.i32, i32 %x_assign_1, i32 7, i32 31" [/users/arashs/U280_CRC_Accelerator/src/kernel.cpp:54->/users/arashs/U280_CRC_Accelerator/src/kernel.cpp:84->/users/arashs/U280_CRC_Accelerator/src/kernel.cpp:138]   --->   Operation 108 'partselect' 'lshr_ln54_2' <Predicate = true> <Delay = 0.00>
ST_13 : Operation 109 [1/1] (0.00ns) (grouped into LUT with out node add_ln138_4)   --->   "%trunc_ln54_7 = trunc i32 %x_assign_1" [/users/arashs/U280_CRC_Accelerator/src/kernel.cpp:54->/users/arashs/U280_CRC_Accelerator/src/kernel.cpp:84->/users/arashs/U280_CRC_Accelerator/src/kernel.cpp:138]   --->   Operation 109 'trunc' 'trunc_ln54_7' <Predicate = true> <Delay = 0.00>
ST_13 : Operation 110 [1/1] (0.00ns) (grouped into LUT with out node add_ln138_4)   --->   "%lshr_ln54_3 = partselect i14 @_ssdm_op_PartSelect.i14.i32.i32.i32, i32 %x_assign_1, i32 18, i32 31" [/users/arashs/U280_CRC_Accelerator/src/kernel.cpp:54->/users/arashs/U280_CRC_Accelerator/src/kernel.cpp:84->/users/arashs/U280_CRC_Accelerator/src/kernel.cpp:138]   --->   Operation 110 'partselect' 'lshr_ln54_3' <Predicate = true> <Delay = 0.00>
ST_13 : Operation 111 [1/1] (0.00ns) (grouped into LUT with out node add_ln138_4)   --->   "%trunc_ln54_8 = trunc i32 %x_assign_1" [/users/arashs/U280_CRC_Accelerator/src/kernel.cpp:54->/users/arashs/U280_CRC_Accelerator/src/kernel.cpp:84->/users/arashs/U280_CRC_Accelerator/src/kernel.cpp:138]   --->   Operation 111 'trunc' 'trunc_ln54_8' <Predicate = true> <Delay = 0.00>
ST_13 : Operation 112 [1/1] (0.00ns) (grouped into LUT with out node add_ln138_4)   --->   "%lshr_ln2 = partselect i29 @_ssdm_op_PartSelect.i29.i32.i32.i32, i32 %x_assign_1, i32 3, i32 31" [/users/arashs/U280_CRC_Accelerator/src/kernel.cpp:84->/users/arashs/U280_CRC_Accelerator/src/kernel.cpp:138]   --->   Operation 112 'partselect' 'lshr_ln2' <Predicate = true> <Delay = 0.00>
ST_13 : Operation 113 [1/1] (0.00ns) (grouped into LUT with out node add_ln138_4)   --->   "%zext_ln84 = zext i29 %lshr_ln2" [/users/arashs/U280_CRC_Accelerator/src/kernel.cpp:84->/users/arashs/U280_CRC_Accelerator/src/kernel.cpp:138]   --->   Operation 113 'zext' 'zext_ln84' <Predicate = true> <Delay = 0.00>
ST_13 : Operation 114 [1/2] (0.69ns)   --->   "%w_load_3 = load i5 %w_addr_3" [/users/arashs/U280_CRC_Accelerator/src/kernel.cpp:138]   --->   Operation 114 'load' 'w_load_3' <Predicate = (trunc_ln135_1 == 1)> <Delay = 0.69> <CoreInst = "RAM_1WnR">   --->   Core 84 'RAM_1WnR' <Latency = 1> <II = 1> <Delay = 0.69> <Storage> <Opcode : 'load' 'store'> <Ports = 17> <Width = 32> <Depth = 22> <RAM>
ST_13 : Operation 115 [1/2] (0.69ns)   --->   "%w_1_load_3 = load i5 %w_1_addr_3" [/users/arashs/U280_CRC_Accelerator/src/kernel.cpp:138]   --->   Operation 115 'load' 'w_1_load_3' <Predicate = (trunc_ln135_1 == 2)> <Delay = 0.69> <CoreInst = "RAM_1WnR">   --->   Core 84 'RAM_1WnR' <Latency = 1> <II = 1> <Delay = 0.69> <Storage> <Opcode : 'load' 'store'> <Ports = 17> <Width = 32> <Depth = 22> <RAM>
ST_13 : Operation 116 [1/2] (0.69ns)   --->   "%w_2_load_3 = load i5 %w_2_addr_3" [/users/arashs/U280_CRC_Accelerator/src/kernel.cpp:138]   --->   Operation 116 'load' 'w_2_load_3' <Predicate = (trunc_ln135_1 == 0)> <Delay = 0.69> <CoreInst = "RAM_1WnR">   --->   Core 84 'RAM_1WnR' <Latency = 1> <II = 1> <Delay = 0.69> <Storage> <Opcode : 'load' 'store'> <Ports = 17> <Width = 32> <Depth = 22> <RAM>
ST_13 : Operation 117 [1/1] (0.41ns)   --->   "%tmp_7 = mux i32 @_ssdm_op_Mux.ap_auto.3i32.i2, i32 %w_2_load_3, i32 %w_load_3, i32 %w_1_load_3, i2 %trunc_ln135_1" [/users/arashs/U280_CRC_Accelerator/src/kernel.cpp:138]   --->   Operation 117 'mux' 'tmp_7' <Predicate = true> <Delay = 0.41> <CoreInst = "Multiplexer">   --->   Core 76 'Multiplexer' <Latency = 0> <II = 1> <Delay = 0.41> <FuncUnit> <Opcode : 'mux'> <InPorts = 2> <OutPorts = 1>
ST_13 : Operation 118 [1/1] (0.00ns) (grouped into LUT with out node add_ln138_4)   --->   "%or_ln = bitconcatenate i32 @_ssdm_op_BitConcatenate.i32.i17.i15, i17 %trunc_ln54, i15 %lshr_ln" [/users/arashs/U280_CRC_Accelerator/src/kernel.cpp:138]   --->   Operation 118 'bitconcatenate' 'or_ln' <Predicate = true> <Delay = 0.00>
ST_13 : Operation 119 [1/1] (0.00ns) (grouped into LUT with out node add_ln138_4)   --->   "%or_ln138_1 = bitconcatenate i32 @_ssdm_op_BitConcatenate.i32.i19.i13, i19 %trunc_ln54_6, i13 %lshr_ln54_1" [/users/arashs/U280_CRC_Accelerator/src/kernel.cpp:138]   --->   Operation 119 'bitconcatenate' 'or_ln138_1' <Predicate = true> <Delay = 0.00>
ST_13 : Operation 120 [1/1] (0.00ns) (grouped into LUT with out node add_ln138_4)   --->   "%or_ln138_2 = bitconcatenate i32 @_ssdm_op_BitConcatenate.i32.i7.i25, i7 %trunc_ln54_7, i25 %lshr_ln54_2" [/users/arashs/U280_CRC_Accelerator/src/kernel.cpp:138]   --->   Operation 120 'bitconcatenate' 'or_ln138_2' <Predicate = true> <Delay = 0.00>
ST_13 : Operation 121 [1/1] (0.00ns) (grouped into LUT with out node add_ln138_4)   --->   "%or_ln138_3 = bitconcatenate i32 @_ssdm_op_BitConcatenate.i32.i18.i14, i18 %trunc_ln54_8, i14 %lshr_ln54_3" [/users/arashs/U280_CRC_Accelerator/src/kernel.cpp:138]   --->   Operation 121 'bitconcatenate' 'or_ln138_3' <Predicate = true> <Delay = 0.00>
ST_13 : Operation 122 [1/1] (0.00ns) (grouped into LUT with out node add_ln138_4)   --->   "%xor_ln138 = xor i32 %or_ln, i32 %zext_ln90" [/users/arashs/U280_CRC_Accelerator/src/kernel.cpp:138]   --->   Operation 122 'xor' 'xor_ln138' <Predicate = true> <Delay = 0.00> <CoreInst = "LogicGate">   --->   Core 74 'LogicGate' <Latency = 0> <II = 1> <Delay = 0.21> <FuncUnit> <Opcode : 'and' 'or' 'xor'> <InPorts = 2> <OutPorts = 1>
ST_13 : Operation 123 [1/1] (0.00ns) (grouped into LUT with out node add_ln138_4)   --->   "%xor_ln138_1 = xor i32 %xor_ln138, i32 %or_ln138_1" [/users/arashs/U280_CRC_Accelerator/src/kernel.cpp:138]   --->   Operation 123 'xor' 'xor_ln138_1' <Predicate = true> <Delay = 0.00> <CoreInst = "LogicGate">   --->   Core 74 'LogicGate' <Latency = 0> <II = 1> <Delay = 0.21> <FuncUnit> <Opcode : 'and' 'or' 'xor'> <InPorts = 2> <OutPorts = 1>
ST_13 : Operation 124 [1/1] (0.00ns) (grouped into LUT with out node add_ln138_4)   --->   "%xor_ln138_2 = xor i32 %or_ln138_2, i32 %zext_ln84" [/users/arashs/U280_CRC_Accelerator/src/kernel.cpp:138]   --->   Operation 124 'xor' 'xor_ln138_2' <Predicate = true> <Delay = 0.00> <CoreInst = "LogicGate">   --->   Core 74 'LogicGate' <Latency = 0> <II = 1> <Delay = 0.21> <FuncUnit> <Opcode : 'and' 'or' 'xor'> <InPorts = 2> <OutPorts = 1>
ST_13 : Operation 125 [1/1] (0.00ns) (grouped into LUT with out node add_ln138_4)   --->   "%xor_ln138_3 = xor i32 %xor_ln138_2, i32 %or_ln138_3" [/users/arashs/U280_CRC_Accelerator/src/kernel.cpp:138]   --->   Operation 125 'xor' 'xor_ln138_3' <Predicate = true> <Delay = 0.00> <CoreInst = "LogicGate">   --->   Core 74 'LogicGate' <Latency = 0> <II = 1> <Delay = 0.21> <FuncUnit> <Opcode : 'and' 'or' 'xor'> <InPorts = 2> <OutPorts = 1>
ST_13 : Operation 126 [1/1] (0.00ns) (grouped into TernaryAdder)   --->   "%add_ln138_5 = add i32 %tmp_5, i32 %tmp_7" [/users/arashs/U280_CRC_Accelerator/src/kernel.cpp:138]   --->   Operation 126 'add' 'add_ln138_5' <Predicate = true> <Delay = 0.00> <CoreInst = "TAddSub">   --->   Core 10 'TAddSub' <Latency = 0> <II = 1> <Delay = 0.36> <IPBlock> <Opcode : '<invalid operator> ' 'add' 'sub'> <InPorts = 3> <OutPorts = 1> <Sync> <CReg>
ST_13 : Operation 127 [1/1] (0.88ns) (out node of the LUT)   --->   "%add_ln138_4 = add i32 %xor_ln138_3, i32 %xor_ln138_1" [/users/arashs/U280_CRC_Accelerator/src/kernel.cpp:138]   --->   Operation 127 'add' 'add_ln138_4' <Predicate = true> <Delay = 0.88> <CoreInst = "Adder">   --->   Core 1 'Adder' <Latency = 0> <II = 1> <Delay = 0.88> <FuncUnit> <Opcode : 'add' 'sub'> <InPorts = 2> <OutPorts = 1>
ST_13 : Operation 128 [1/1] (0.73ns) (root node of TernaryAdder)   --->   "%add_ln138_6 = add i32 %add_ln138_4, i32 %add_ln138_5" [/users/arashs/U280_CRC_Accelerator/src/kernel.cpp:138]   --->   Operation 128 'add' 'add_ln138_6' <Predicate = true> <Delay = 0.73> <CoreInst = "TAddSub">   --->   Core 10 'TAddSub' <Latency = 0> <II = 1> <Delay = 0.36> <IPBlock> <Opcode : '<invalid operator> ' 'add' 'sub'> <InPorts = 3> <OutPorts = 1> <Sync> <CReg>
ST_13 : Operation 129 [1/1] (0.00ns)   --->   "%w_addr_4 = getelementptr i32 %w, i64 0, i64 %zext_ln135" [/users/arashs/U280_CRC_Accelerator/src/kernel.cpp:138]   --->   Operation 129 'getelementptr' 'w_addr_4' <Predicate = true> <Delay = 0.00>
ST_13 : Operation 130 [1/1] (0.00ns)   --->   "%w_1_addr_4 = getelementptr i32 %w_1, i64 0, i64 %zext_ln135" [/users/arashs/U280_CRC_Accelerator/src/kernel.cpp:138]   --->   Operation 130 'getelementptr' 'w_1_addr_4' <Predicate = true> <Delay = 0.00>
ST_13 : Operation 131 [1/1] (0.00ns)   --->   "%w_2_addr_4 = getelementptr i32 %w_2, i64 0, i64 %zext_ln135" [/users/arashs/U280_CRC_Accelerator/src/kernel.cpp:138]   --->   Operation 131 'getelementptr' 'w_2_addr_4' <Predicate = true> <Delay = 0.00>
ST_13 : Operation 132 [1/1] (0.69ns)   --->   "%store_ln138 = store i32 %add_ln138_6, i5 %w_1_addr_4" [/users/arashs/U280_CRC_Accelerator/src/kernel.cpp:138]   --->   Operation 132 'store' 'store_ln138' <Predicate = (trunc_ln135_1 == 1)> <Delay = 0.69> <CoreInst = "RAM_1WnR">   --->   Core 84 'RAM_1WnR' <Latency = 1> <II = 1> <Delay = 0.69> <Storage> <Opcode : 'load' 'store'> <Ports = 17> <Width = 32> <Depth = 22> <RAM>
ST_13 : Operation 133 [1/1] (0.00ns)   --->   "%br_ln138 = br void %arrayidx24.exit" [/users/arashs/U280_CRC_Accelerator/src/kernel.cpp:138]   --->   Operation 133 'br' 'br_ln138' <Predicate = (trunc_ln135_1 == 1)> <Delay = 0.00>
ST_13 : Operation 134 [1/1] (0.69ns)   --->   "%store_ln138 = store i32 %add_ln138_6, i5 %w_addr_4" [/users/arashs/U280_CRC_Accelerator/src/kernel.cpp:138]   --->   Operation 134 'store' 'store_ln138' <Predicate = (trunc_ln135_1 == 0)> <Delay = 0.69> <CoreInst = "RAM_1WnR">   --->   Core 84 'RAM_1WnR' <Latency = 1> <II = 1> <Delay = 0.69> <Storage> <Opcode : 'load' 'store'> <Ports = 17> <Width = 32> <Depth = 22> <RAM>
ST_13 : Operation 135 [1/1] (0.00ns)   --->   "%br_ln138 = br void %arrayidx24.exit" [/users/arashs/U280_CRC_Accelerator/src/kernel.cpp:138]   --->   Operation 135 'br' 'br_ln138' <Predicate = (trunc_ln135_1 == 0)> <Delay = 0.00>
ST_13 : Operation 136 [1/1] (0.69ns)   --->   "%store_ln138 = store i32 %add_ln138_6, i5 %w_2_addr_4" [/users/arashs/U280_CRC_Accelerator/src/kernel.cpp:138]   --->   Operation 136 'store' 'store_ln138' <Predicate = (trunc_ln135_1 != 0 & trunc_ln135_1 != 1)> <Delay = 0.69> <CoreInst = "RAM_1WnR">   --->   Core 84 'RAM_1WnR' <Latency = 1> <II = 1> <Delay = 0.69> <Storage> <Opcode : 'load' 'store'> <Ports = 17> <Width = 32> <Depth = 22> <RAM>
ST_13 : Operation 137 [1/1] (0.00ns)   --->   "%br_ln138 = br void %arrayidx24.exit" [/users/arashs/U280_CRC_Accelerator/src/kernel.cpp:138]   --->   Operation 137 'br' 'br_ln138' <Predicate = (trunc_ln135_1 != 0 & trunc_ln135_1 != 1)> <Delay = 0.00>


============================================================
+ Verbose Summary: Timing violations
============================================================
Target clock period: 3.333ns, clock uncertainty: 0.900ns.

 <State 1>: 1.214ns
The critical path consists of the following:
	'alloca' operation ('i') [4]  (0.000 ns)
	'load' operation ('i', /users/arashs/U280_CRC_Accelerator/src/kernel.cpp:135) on local variable 'i' [8]  (0.000 ns)
	'urem' operation ('urem_ln135', /users/arashs/U280_CRC_Accelerator/src/kernel.cpp:135) [20]  (1.214 ns)

 <State 2>: 1.214ns
The critical path consists of the following:
	'urem' operation ('urem_ln135', /users/arashs/U280_CRC_Accelerator/src/kernel.cpp:135) [20]  (1.214 ns)

 <State 3>: 1.214ns
The critical path consists of the following:
	'urem' operation ('urem_ln135', /users/arashs/U280_CRC_Accelerator/src/kernel.cpp:135) [20]  (1.214 ns)

 <State 4>: 1.214ns
The critical path consists of the following:
	'urem' operation ('urem_ln135', /users/arashs/U280_CRC_Accelerator/src/kernel.cpp:135) [20]  (1.214 ns)

 <State 5>: 1.214ns
The critical path consists of the following:
	'urem' operation ('urem_ln135', /users/arashs/U280_CRC_Accelerator/src/kernel.cpp:135) [20]  (1.214 ns)

 <State 6>: 1.214ns
The critical path consists of the following:
	'urem' operation ('urem_ln135', /users/arashs/U280_CRC_Accelerator/src/kernel.cpp:135) [20]  (1.214 ns)

 <State 7>: 1.214ns
The critical path consists of the following:
	'urem' operation ('urem_ln135', /users/arashs/U280_CRC_Accelerator/src/kernel.cpp:135) [20]  (1.214 ns)

 <State 8>: 1.214ns
The critical path consists of the following:
	'urem' operation ('urem_ln135', /users/arashs/U280_CRC_Accelerator/src/kernel.cpp:135) [20]  (1.214 ns)

 <State 9>: 1.214ns
The critical path consists of the following:
	'urem' operation ('urem_ln135', /users/arashs/U280_CRC_Accelerator/src/kernel.cpp:135) [20]  (1.214 ns)

 <State 10>: 1.214ns
The critical path consists of the following:
	'urem' operation ('urem_ln135', /users/arashs/U280_CRC_Accelerator/src/kernel.cpp:135) [20]  (1.214 ns)

 <State 11>: 2.256ns
The critical path consists of the following:
	'add' operation ('add_ln138', /users/arashs/U280_CRC_Accelerator/src/kernel.cpp:138) [22]  (0.706 ns)
	'mul' operation ('mul_ln138', /users/arashs/U280_CRC_Accelerator/src/kernel.cpp:138) [24]  (1.550 ns)

 <State 12>: 2.249ns
The critical path consists of the following:
	'mul' operation ('mul_ln138_3', /users/arashs/U280_CRC_Accelerator/src/kernel.cpp:138) [72]  (1.550 ns)
	'getelementptr' operation ('w_addr_3', /users/arashs/U280_CRC_Accelerator/src/kernel.cpp:138) [75]  (0.000 ns)
	'load' operation ('w_load_3', /users/arashs/U280_CRC_Accelerator/src/kernel.cpp:138) on array 'w' [78]  (0.699 ns)

 <State 13>: 3.429ns
The critical path consists of the following:
	'load' operation ('w_load', /users/arashs/U280_CRC_Accelerator/src/kernel.cpp:138) on array 'w' [30]  (0.699 ns)
	'mux' operation ('x', /users/arashs/U280_CRC_Accelerator/src/kernel.cpp:138) [33]  (0.420 ns)
	'xor' operation ('xor_ln138_1', /users/arashs/U280_CRC_Accelerator/src/kernel.cpp:138) [87]  (0.000 ns)
	'add' operation ('add_ln138_4', /users/arashs/U280_CRC_Accelerator/src/kernel.cpp:138) [91]  (0.880 ns)
	'add' operation ('add_ln138_6', /users/arashs/U280_CRC_Accelerator/src/kernel.cpp:138) [92]  (0.731 ns)
	'store' operation ('store_ln138', /users/arashs/U280_CRC_Accelerator/src/kernel.cpp:138) of variable 'add_ln138_6', /users/arashs/U280_CRC_Accelerator/src/kernel.cpp:138 on array 'w_1' [98]  (0.699 ns)


============================================================
+ Verbose Summary: Binding
============================================================
N/A
* FSMD analyzer results:
  - Output states:
 - Input state : 
  - Chain level:
	State 1
	State 2
	State 3
	State 4
	State 5
	State 6
	State 7
	State 8
	State 9
	State 10
	State 11
	State 12
	State 13


============================================================
+ Verbose Summary: Datapath Resource usage 
============================================================
N/A
