

================================================================
== Vitis HLS Report for 'sha256_process_and_write_chunk_Pipeline_write_digest'
================================================================
* Date:           Thu Apr  2 18:19:31 2026

* Version:        2022.1 (Build 3526262 on Mon Apr 18 15:47:01 MDT 2022)
* Project:        calculate_sha256
* Solution:       solution (Vitis Kernel Flow Target)
* Product family: virtexuplus
* Target device:  xcu280-fsvh2892-2L-e


================================================================
== Performance Estimates
================================================================
+ Timing: 
    * Summary: 
    +--------+---------+----------+------------+
    |  Clock |  Target | Estimated| Uncertainty|
    +--------+---------+----------+------------+
    |ap_clk  |  3.33 ns|  1.095 ns|     0.90 ns|
    +--------+---------+----------+------------+

+ Latency: 
    * Summary: 
    +---------+---------+-----------+-----------+-----+-----+---------+
    |  Latency (cycles) |   Latency (absolute)  |  Interval | Pipeline|
    |   min   |   max   |    min    |    max    | min | max |   Type  |
    +---------+---------+-----------+-----------+-----+-----+---------+
    |       10|       10|  33.330 ns|  33.330 ns|   10|   10|       no|
    +---------+---------+-----------+-----------+-----+-----+---------+

    + Detail: 
        * Instance: 
        N/A

        * Loop: 
        +----------------+---------+---------+----------+-----------+-----------+------+----------+
        |                |  Latency (cycles) | Iteration|  Initiation Interval  | Trip |          |
        |    Loop Name   |   min   |   max   |  Latency |  achieved |   target  | Count| Pipelined|
        +----------------+---------+---------+----------+-----------+-----------+------+----------+
        |- write_digest  |        8|        8|         1|          1|          1|     8|       yes|
        +----------------+---------+---------+----------+-----------+-----------+------+----------+

============================================================
+ Verbose Summary: Synthesis Manager
============================================================
InlineROM: 1
ExposeGlobal: 0
============================================================
+ Verbose Summary: CDFG Model
============================================================
IsTopModel: 0
ResetActiveHigh: 1
IsCombinational: 0
IsDatapathOnly: 0
HasWiredReturn: 1
HasMFsm: 2
HasVarLatency: 1
IsPipeline: 0
IsRtlPipelined: 0
IsInstanceOverlapped: 0
IsDontTouch: 0
HasImplIP: 0
IsGatedGlobalClock: 0

+ Individual pipeline summary: 
  * Pipeline-0: initiation interval (II) = 1, depth = 2


============================================================
+ Verbose Summary: Schedule
============================================================
* Number of FSM states : 2
* Pipeline : 1
  Pipeline-0 : II = 1, D = 2, States = { 1 2 }
* Dataflow Pipeline: 0

* FSM state transitions: 
1 --> 2 
2 --> 

* FSM state operations: 

State 1 <SV = 0> <Delay = 0.38>
ST_1 : Operation 4 [1/1] (0.00ns)   --->   "%shiftreg = alloca i32 1"   --->   Operation 4 'alloca' 'shiftreg' <Predicate = true> <Delay = 0.00>
ST_1 : Operation 5 [1/1] (0.00ns)   --->   "%i = alloca i32 1"   --->   Operation 5 'alloca' 'i' <Predicate = true> <Delay = 0.00>
ST_1 : Operation 6 [1/1] (0.00ns)   --->   "%digest_7_read = read i32 @_ssdm_op_Read.ap_auto.i32, i32 %digest_7"   --->   Operation 6 'read' 'digest_7_read' <Predicate = true> <Delay = 0.00>
ST_1 : Operation 7 [1/1] (0.00ns)   --->   "%digest_6_read = read i32 @_ssdm_op_Read.ap_auto.i32, i32 %digest_6"   --->   Operation 7 'read' 'digest_6_read' <Predicate = true> <Delay = 0.00>
ST_1 : Operation 8 [1/1] (0.00ns)   --->   "%digest_5_read = read i32 @_ssdm_op_Read.ap_auto.i32, i32 %digest_5"   --->   Operation 8 'read' 'digest_5_read' <Predicate = true> <Delay = 0.00>
ST_1 : Operation 9 [1/1] (0.00ns)   --->   "%digest_4_read = read i32 @_ssdm_op_Read.ap_auto.i32, i32 %digest_4"   --->   Operation 9 'read' 'digest_4_read' <Predicate = true> <Delay = 0.00>
ST_1 : Operation 10 [1/1] (0.00ns)   --->   "%digest_3_read = read i32 @_ssdm_op_Read.ap_auto.i32, i32 %digest_3"   --->   Operation 10 'read' 'digest_3_read' <Predicate = true> <Delay = 0.00>
ST_1 : Operation 11 [1/1] (0.00ns)   --->   "%digest_2_read = read i32 @_ssdm_op_Read.ap_auto.i32, i32 %digest_2"   --->   Operation 11 'read' 'digest_2_read' <Predicate = true> <Delay = 0.00>
ST_1 : Operation 12 [1/1] (0.00ns)   --->   "%digest_1_read = read i32 @_ssdm_op_Read.ap_auto.i32, i32 %digest_1"   --->   Operation 12 'read' 'digest_1_read' <Predicate = true> <Delay = 0.00>
ST_1 : Operation 13 [1/1] (0.00ns)   --->   "%digest_read = read i32 @_ssdm_op_Read.ap_auto.i32, i32 %digest"   --->   Operation 13 'read' 'digest_read' <Predicate = true> <Delay = 0.00>
ST_1 : Operation 14 [1/1] (0.38ns)   --->   "%store_ln0 = store i4 0, i4 %i"   --->   Operation 14 'store' 'store_ln0' <Predicate = true> <Delay = 0.38>
ST_1 : Operation 15 [1/1] (0.38ns)   --->   "%store_ln0 = store i256 0, i256 %shiftreg"   --->   Operation 15 'store' 'store_ln0' <Predicate = true> <Delay = 0.38>
ST_1 : Operation 16 [1/1] (0.00ns)   --->   "%br_ln0 = br void %for.inc"   --->   Operation 16 'br' 'br_ln0' <Predicate = true> <Delay = 0.00>

State 2 <SV = 1> <Delay = 1.09>
ST_2 : Operation 17 [1/1] (0.00ns)   --->   "%i_5 = load i4 %i" [/home/efrink/mled/split_cu/U280_CRC_Accelerator/src/kernel.cpp:204]   --->   Operation 17 'load' 'i_5' <Predicate = true> <Delay = 0.00>
ST_2 : Operation 18 [1/1] (0.65ns)   --->   "%icmp_ln204 = icmp_eq  i4 %i_5, i4 8" [/home/efrink/mled/split_cu/U280_CRC_Accelerator/src/kernel.cpp:204]   --->   Operation 18 'icmp' 'icmp_ln204' <Predicate = true> <Delay = 0.65> <CoreInst = "Cmp">   --->   Core 9 'Cmp' <Latency = 0> <II = 1> <Delay = 0.65> <FuncUnit> <Opcode : 'icmp'> <InPorts = 2> <OutPorts = 1>
ST_2 : Operation 19 [1/1] (0.00ns)   --->   "%empty = speclooptripcount i32 @_ssdm_op_SpecLoopTripCount, i64 8, i64 8, i64 8"   --->   Operation 19 'speclooptripcount' 'empty' <Predicate = true> <Delay = 0.00>
ST_2 : Operation 20 [1/1] (0.70ns)   --->   "%add_ln204 = add i4 %i_5, i4 1" [/home/efrink/mled/split_cu/U280_CRC_Accelerator/src/kernel.cpp:204]   --->   Operation 20 'add' 'add_ln204' <Predicate = true> <Delay = 0.70> <CoreInst = "Adder">   --->   Core 1 'Adder' <Latency = 0> <II = 1> <Delay = 0.70> <FuncUnit> <Opcode : 'add' 'sub'> <InPorts = 2> <OutPorts = 1>
ST_2 : Operation 21 [1/1] (0.00ns)   --->   "%br_ln204 = br i1 %icmp_ln204, void %for.inc.split, void %for.end.exitStub" [/home/efrink/mled/split_cu/U280_CRC_Accelerator/src/kernel.cpp:204]   --->   Operation 21 'br' 'br_ln204' <Predicate = true> <Delay = 0.00>
ST_2 : Operation 22 [1/1] (0.00ns)   --->   "%shiftreg_load_1 = load i256 %shiftreg" [/home/efrink/mled/split_cu/U280_CRC_Accelerator/src/kernel.cpp:207]   --->   Operation 22 'load' 'shiftreg_load_1' <Predicate = (!icmp_ln204)> <Delay = 0.00>
ST_2 : Operation 23 [1/1] (0.00ns)   --->   "%specpipeline_ln206 = specpipeline void @_ssdm_op_SpecPipeline, i32 1, i32 0, i32 0, i32 0, void @empty" [/home/efrink/mled/split_cu/U280_CRC_Accelerator/src/kernel.cpp:206]   --->   Operation 23 'specpipeline' 'specpipeline_ln206' <Predicate = (!icmp_ln204)> <Delay = 0.00>
ST_2 : Operation 24 [1/1] (0.00ns)   --->   "%specloopname_ln204 = specloopname void @_ssdm_op_SpecLoopName, void @empty_15" [/home/efrink/mled/split_cu/U280_CRC_Accelerator/src/kernel.cpp:204]   --->   Operation 24 'specloopname' 'specloopname_ln204' <Predicate = (!icmp_ln204)> <Delay = 0.00>
ST_2 : Operation 25 [1/1] (0.58ns)   --->   "%tmp = mux i32 @_ssdm_op_Mux.ap_auto.8i32.i4, i32 %digest_read, i32 %digest_1_read, i32 %digest_2_read, i32 %digest_3_read, i32 %digest_4_read, i32 %digest_5_read, i32 %digest_6_read, i32 %digest_7_read, i4 %i_5" [/home/efrink/mled/split_cu/U280_CRC_Accelerator/src/kernel.cpp:207]   --->   Operation 25 'mux' 'tmp' <Predicate = (!icmp_ln204)> <Delay = 0.58> <CoreInst = "Multiplexer">   --->   Core 76 'Multiplexer' <Latency = 0> <II = 1> <Delay = 0.58> <FuncUnit> <Opcode : 'mux'> <InPorts = 2> <OutPorts = 1>
ST_2 : Operation 26 [1/1] (0.00ns)   --->   "%lshr_ln = partselect i224 @_ssdm_op_PartSelect.i224.i256.i32.i32, i256 %shiftreg_load_1, i32 32, i32 255" [/home/efrink/mled/split_cu/U280_CRC_Accelerator/src/kernel.cpp:207]   --->   Operation 26 'partselect' 'lshr_ln' <Predicate = (!icmp_ln204)> <Delay = 0.00>
ST_2 : Operation 27 [1/1] (0.00ns)   --->   "%or_ln = bitconcatenate i256 @_ssdm_op_BitConcatenate.i256.i32.i224, i32 %tmp, i224 %lshr_ln" [/home/efrink/mled/split_cu/U280_CRC_Accelerator/src/kernel.cpp:207]   --->   Operation 27 'bitconcatenate' 'or_ln' <Predicate = (!icmp_ln204)> <Delay = 0.00>
ST_2 : Operation 28 [1/1] (0.38ns)   --->   "%store_ln204 = store i4 %add_ln204, i4 %i" [/home/efrink/mled/split_cu/U280_CRC_Accelerator/src/kernel.cpp:204]   --->   Operation 28 'store' 'store_ln204' <Predicate = (!icmp_ln204)> <Delay = 0.38>
ST_2 : Operation 29 [1/1] (0.38ns)   --->   "%store_ln204 = store i256 %or_ln, i256 %shiftreg" [/home/efrink/mled/split_cu/U280_CRC_Accelerator/src/kernel.cpp:204]   --->   Operation 29 'store' 'store_ln204' <Predicate = (!icmp_ln204)> <Delay = 0.38>
ST_2 : Operation 30 [1/1] (0.00ns)   --->   "%br_ln204 = br void %for.inc" [/home/efrink/mled/split_cu/U280_CRC_Accelerator/src/kernel.cpp:204]   --->   Operation 30 'br' 'br_ln204' <Predicate = (!icmp_ln204)> <Delay = 0.00>
ST_2 : Operation 31 [1/1] (0.00ns)   --->   "%shiftreg_load = load i256 %shiftreg"   --->   Operation 31 'load' 'shiftreg_load' <Predicate = (icmp_ln204)> <Delay = 0.00>
ST_2 : Operation 32 [1/1] (0.00ns)   --->   "%write_ln0 = write void @_ssdm_op_Write.ap_auto.i256P0A, i256 %shiftreg_out, i256 %shiftreg_load"   --->   Operation 32 'write' 'write_ln0' <Predicate = (icmp_ln204)> <Delay = 0.00>
ST_2 : Operation 33 [1/1] (0.00ns)   --->   "%ret_ln0 = ret"   --->   Operation 33 'ret' 'ret_ln0' <Predicate = (icmp_ln204)> <Delay = 0.00>


============================================================
+ Verbose Summary: Binding
============================================================
STG Binding: 
---------------- STG Properties BEGIN ----------------
- Is combinational: 0
- Is one-state seq: 0
- Is datapath-only: 0
- Is pipelined: 0
- Is top level: 0
Port [ Return ] is wired: 1; IO mode=ap_ctrl_hs:ce=0
Port [ digest]:  wired=1; compound=0; hidden=0; nouse=0; global=0; static=0; extern=0; dir=0; type=0; pingpong=0; private_global=0; IO mode=ap_none:ce=0
Port [ digest_1]:  wired=1; compound=0; hidden=0; nouse=0; global=0; static=0; extern=0; dir=0; type=0; pingpong=0; private_global=0; IO mode=ap_none:ce=0
Port [ digest_2]:  wired=1; compound=0; hidden=0; nouse=0; global=0; static=0; extern=0; dir=0; type=0; pingpong=0; private_global=0; IO mode=ap_none:ce=0
Port [ digest_3]:  wired=1; compound=0; hidden=0; nouse=0; global=0; static=0; extern=0; dir=0; type=0; pingpong=0; private_global=0; IO mode=ap_none:ce=0
Port [ digest_4]:  wired=1; compound=0; hidden=0; nouse=0; global=0; static=0; extern=0; dir=0; type=0; pingpong=0; private_global=0; IO mode=ap_none:ce=0
Port [ digest_5]:  wired=1; compound=0; hidden=0; nouse=0; global=0; static=0; extern=0; dir=0; type=0; pingpong=0; private_global=0; IO mode=ap_none:ce=0
Port [ digest_6]:  wired=1; compound=0; hidden=0; nouse=0; global=0; static=0; extern=0; dir=0; type=0; pingpong=0; private_global=0; IO mode=ap_none:ce=0
Port [ digest_7]:  wired=1; compound=0; hidden=0; nouse=0; global=0; static=0; extern=0; dir=0; type=0; pingpong=0; private_global=0; IO mode=ap_none:ce=0
Port [ shiftreg_out]:  wired=1; compound=0; hidden=0; nouse=0; global=0; static=0; extern=0; dir=1; type=0; pingpong=0; private_global=0; IO mode=ap_vld:ce=0
---------------- STG Properties END ------------------

---------------- Datapath Model BEGIN ----------------

<LifeTime>
<method=bitvector/>
shiftreg           (alloca           ) [ 011]
i                  (alloca           ) [ 011]
digest_7_read      (read             ) [ 011]
digest_6_read      (read             ) [ 011]
digest_5_read      (read             ) [ 011]
digest_4_read      (read             ) [ 011]
digest_3_read      (read             ) [ 011]
digest_2_read      (read             ) [ 011]
digest_1_read      (read             ) [ 011]
digest_read        (read             ) [ 011]
store_ln0          (store            ) [ 000]
store_ln0          (store            ) [ 000]
br_ln0             (br               ) [ 000]
i_5                (load             ) [ 000]
icmp_ln204         (icmp             ) [ 011]
empty              (speclooptripcount) [ 000]
add_ln204          (add              ) [ 000]
br_ln204           (br               ) [ 000]
shiftreg_load_1    (load             ) [ 000]
specpipeline_ln206 (specpipeline     ) [ 000]
specloopname_ln204 (specloopname     ) [ 000]
tmp                (mux              ) [ 000]
lshr_ln            (partselect       ) [ 000]
or_ln              (bitconcatenate   ) [ 000]
store_ln204        (store            ) [ 000]
store_ln204        (store            ) [ 000]
br_ln204           (br               ) [ 000]
shiftreg_load      (load             ) [ 000]
write_ln0          (write            ) [ 000]
ret_ln0            (ret              ) [ 000]
</LifeTime>

<model>

<comp_list>
<comp id="0" class="1000" name="digest">
<pin_list>
<pin id="1" dir="1" index="0" bw="1" slack="0"/>
</pin_list>
<bind>
<StgValue><ssdm name="digest"/></StgValue>
</bind>
</comp>

<comp id="2" class="1000" name="digest_1">
<pin_list>
<pin id="3" dir="1" index="0" bw="1" slack="0"/>
</pin_list>
<bind>
<StgValue><ssdm name="digest_1"/></StgValue>
</bind>
</comp>

<comp id="4" class="1000" name="digest_2">
<pin_list>
<pin id="5" dir="1" index="0" bw="1" slack="0"/>
</pin_list>
<bind>
<StgValue><ssdm name="digest_2"/></StgValue>
</bind>
</comp>

<comp id="6" class="1000" name="digest_3">
<pin_list>
<pin id="7" dir="1" index="0" bw="1" slack="0"/>
</pin_list>
<bind>
<StgValue><ssdm name="digest_3"/></StgValue>
</bind>
</comp>

<comp id="8" class="1000" name="digest_4">
<pin_list>
<pin id="9" dir="1" index="0" bw="1" slack="0"/>
</pin_list>
<bind>
<StgValue><ssdm name="digest_4"/></StgValue>
</bind>
</comp>

<comp id="10" class="1000" name="digest_5">
<pin_list>
<pin id="11" dir="1" index="0" bw="1" slack="0"/>
</pin_list>
<bind>
<StgValue><ssdm name="digest_5"/></StgValue>
</bind>
</comp>

<comp id="12" class="1000" name="digest_6">
<pin_list>
<pin id="13" dir="1" index="0" bw="1" slack="0"/>
</pin_list>
<bind>
<StgValue><ssdm name="digest_6"/></StgValue>
</bind>
</comp>

<comp id="14" class="1000" name="digest_7">
<pin_list>
<pin id="15" dir="1" index="0" bw="1" slack="0"/>
</pin_list>
<bind>
<StgValue><ssdm name="digest_7"/></StgValue>
</bind>
</comp>

<comp id="16" class="1000" name="shiftreg_out">
<pin_list>
<pin id="17" dir="1" index="0" bw="1" slack="0"/>
</pin_list>
<bind>
<StgValue><ssdm name="shiftreg_out"/></StgValue>
</bind>
</comp>

<comp id="18" class="1001" name="const_18">
<pin_list>
<pin id="19" dir="1" index="0" bw="1" slack="0"/>
</pin_list>
<bind>
<StgValue><ssdm name=""/></StgValue>
</bind>
</comp>

<comp id="20" class="1001" name="const_20">
<pin_list>
<pin id="21" dir="1" index="0" bw="1" slack="0"/>
</pin_list>
<bind>
<StgValue><ssdm name="_ssdm_op_Read.ap_auto.i32"/></StgValue>
</bind>
</comp>

<comp id="22" class="1001" name="const_22">
<pin_list>
<pin id="23" dir="1" index="0" bw="1" slack="0"/>
</pin_list>
<bind>
<StgValue><ssdm name=""/></StgValue>
</bind>
</comp>

<comp id="24" class="1001" name="const_24">
<pin_list>
<pin id="25" dir="1" index="0" bw="1" slack="0"/>
</pin_list>
<bind>
<StgValue><ssdm name=""/></StgValue>
</bind>
</comp>

<comp id="26" class="1001" name="const_26">
<pin_list>
<pin id="27" dir="1" index="0" bw="1" slack="0"/>
</pin_list>
<bind>
<StgValue><ssdm name=""/></StgValue>
</bind>
</comp>

<comp id="28" class="1001" name="const_28">
<pin_list>
<pin id="29" dir="1" index="0" bw="1" slack="2147483647"/>
</pin_list>
<bind>
<StgValue><ssdm name="_ssdm_op_SpecLoopTripCount"/></StgValue>
</bind>
</comp>

<comp id="30" class="1001" name="const_30">
<pin_list>
<pin id="31" dir="1" index="0" bw="1" slack="2147483647"/>
</pin_list>
<bind>
<StgValue><ssdm name=""/></StgValue>
</bind>
</comp>

<comp id="32" class="1001" name="const_32">
<pin_list>
<pin id="33" dir="1" index="0" bw="1" slack="0"/>
</pin_list>
<bind>
<StgValue><ssdm name=""/></StgValue>
</bind>
</comp>

<comp id="34" class="1001" name="const_34">
<pin_list>
<pin id="35" dir="1" index="0" bw="1" slack="2147483647"/>
</pin_list>
<bind>
<StgValue><ssdm name="_ssdm_op_SpecPipeline"/></StgValue>
</bind>
</comp>

<comp id="36" class="1001" name="const_36">
<pin_list>
<pin id="37" dir="1" index="0" bw="1" slack="2147483647"/>
</pin_list>
<bind>
<StgValue><ssdm name=""/></StgValue>
</bind>
</comp>

<comp id="38" class="1001" name="const_38">
<pin_list>
<pin id="39" dir="1" index="0" bw="1" slack="2147483647"/>
</pin_list>
<bind>
<StgValue><ssdm name="empty"/></StgValue>
</bind>
</comp>

<comp id="40" class="1001" name="const_40">
<pin_list>
<pin id="41" dir="1" index="0" bw="1" slack="2147483647"/>
</pin_list>
<bind>
<StgValue><ssdm name="_ssdm_op_SpecLoopName"/></StgValue>
</bind>
</comp>

<comp id="42" class="1001" name="const_42">
<pin_list>
<pin id="43" dir="1" index="0" bw="1" slack="2147483647"/>
</pin_list>
<bind>
<StgValue><ssdm name="empty_15"/></StgValue>
</bind>
</comp>

<comp id="44" class="1001" name="const_44">
<pin_list>
<pin id="45" dir="1" index="0" bw="1" slack="0"/>
</pin_list>
<bind>
<StgValue><ssdm name="_ssdm_op_Mux.ap_auto.8i32.i4"/></StgValue>
</bind>
</comp>

<comp id="46" class="1001" name="const_46">
<pin_list>
<pin id="47" dir="1" index="0" bw="1" slack="0"/>
</pin_list>
<bind>
<StgValue><ssdm name="_ssdm_op_PartSelect.i224.i256.i32.i32"/></StgValue>
</bind>
</comp>

<comp id="48" class="1001" name="const_48">
<pin_list>
<pin id="49" dir="1" index="0" bw="1" slack="0"/>
</pin_list>
<bind>
<StgValue><ssdm name=""/></StgValue>
</bind>
</comp>

<comp id="50" class="1001" name="const_50">
<pin_list>
<pin id="51" dir="1" index="0" bw="1" slack="0"/>
</pin_list>
<bind>
<StgValue><ssdm name=""/></StgValue>
</bind>
</comp>

<comp id="52" class="1001" name="const_52">
<pin_list>
<pin id="53" dir="1" index="0" bw="1" slack="0"/>
</pin_list>
<bind>
<StgValue><ssdm name="_ssdm_op_BitConcatenate.i256.i32.i224"/></StgValue>
</bind>
</comp>

<comp id="54" class="1001" name="const_54">
<pin_list>
<pin id="55" dir="1" index="0" bw="1" slack="0"/>
</pin_list>
<bind>
<StgValue><ssdm name="_ssdm_op_Write.ap_auto.i256P0A"/></StgValue>
</bind>
</comp>

<comp id="56" class="1004" name="shiftreg_fu_56">
<pin_list>
<pin id="57" dir="0" index="0" bw="1" slack="0"/>
<pin id="58" dir="1" index="1" bw="256" slack="0"/>
</pin_list>
<bind>
<opcode="alloca(26) " fcode="alloca"/>
<opset="shiftreg/1 "/>
</bind>
</comp>

<comp id="60" class="1004" name="i_fu_60">
<pin_list>
<pin id="61" dir="0" index="0" bw="1" slack="0"/>
<pin id="62" dir="1" index="1" bw="4" slack="0"/>
</pin_list>
<bind>
<opcode="alloca(26) " fcode="alloca"/>
<opset="i/1 "/>
</bind>
</comp>

<comp id="64" class="1004" name="digest_7_read_read_fu_64">
<pin_list>
<pin id="65" dir="0" index="0" bw="32" slack="0"/>
<pin id="66" dir="0" index="1" bw="32" slack="0"/>
<pin id="67" dir="1" index="2" bw="32" slack="1"/>
</pin_list>
<bind>
<opcode="read(1150) " fcode="read"/>
<opset="digest_7_read/1 "/>
</bind>
</comp>

<comp id="70" class="1004" name="digest_6_read_read_fu_70">
<pin_list>
<pin id="71" dir="0" index="0" bw="32" slack="0"/>
<pin id="72" dir="0" index="1" bw="32" slack="0"/>
<pin id="73" dir="1" index="2" bw="32" slack="1"/>
</pin_list>
<bind>
<opcode="read(1150) " fcode="read"/>
<opset="digest_6_read/1 "/>
</bind>
</comp>

<comp id="76" class="1004" name="digest_5_read_read_fu_76">
<pin_list>
<pin id="77" dir="0" index="0" bw="32" slack="0"/>
<pin id="78" dir="0" index="1" bw="32" slack="0"/>
<pin id="79" dir="1" index="2" bw="32" slack="1"/>
</pin_list>
<bind>
<opcode="read(1150) " fcode="read"/>
<opset="digest_5_read/1 "/>
</bind>
</comp>

<comp id="82" class="1004" name="digest_4_read_read_fu_82">
<pin_list>
<pin id="83" dir="0" index="0" bw="32" slack="0"/>
<pin id="84" dir="0" index="1" bw="32" slack="0"/>
<pin id="85" dir="1" index="2" bw="32" slack="1"/>
</pin_list>
<bind>
<opcode="read(1150) " fcode="read"/>
<opset="digest_4_read/1 "/>
</bind>
</comp>

<comp id="88" class="1004" name="digest_3_read_read_fu_88">
<pin_list>
<pin id="89" dir="0" index="0" bw="32" slack="0"/>
<pin id="90" dir="0" index="1" bw="32" slack="0"/>
<pin id="91" dir="1" index="2" bw="32" slack="1"/>
</pin_list>
<bind>
<opcode="read(1150) " fcode="read"/>
<opset="digest_3_read/1 "/>
</bind>
</comp>

<comp id="94" class="1004" name="digest_2_read_read_fu_94">
<pin_list>
<pin id="95" dir="0" index="0" bw="32" slack="0"/>
<pin id="96" dir="0" index="1" bw="32" slack="0"/>
<pin id="97" dir="1" index="2" bw="32" slack="1"/>
</pin_list>
<bind>
<opcode="read(1150) " fcode="read"/>
<opset="digest_2_read/1 "/>
</bind>
</comp>

<comp id="100" class="1004" name="digest_1_read_read_fu_100">
<pin_list>
<pin id="101" dir="0" index="0" bw="32" slack="0"/>
<pin id="102" dir="0" index="1" bw="32" slack="0"/>
<pin id="103" dir="1" index="2" bw="32" slack="1"/>
</pin_list>
<bind>
<opcode="read(1150) " fcode="read"/>
<opset="digest_1_read/1 "/>
</bind>
</comp>

<comp id="106" class="1004" name="digest_read_read_fu_106">
<pin_list>
<pin id="107" dir="0" index="0" bw="32" slack="0"/>
<pin id="108" dir="0" index="1" bw="32" slack="0"/>
<pin id="109" dir="1" index="2" bw="32" slack="1"/>
</pin_list>
<bind>
<opcode="read(1150) " fcode="read"/>
<opset="digest_read/1 "/>
</bind>
</comp>

<comp id="112" class="1004" name="write_ln0_write_fu_112">
<pin_list>
<pin id="113" dir="0" index="0" bw="0" slack="0"/>
<pin id="114" dir="0" index="1" bw="256" slack="0"/>
<pin id="115" dir="0" index="2" bw="256" slack="0"/>
<pin id="116" dir="1" index="3" bw="0" slack="2147483647"/>
</pin_list>
<bind>
<opcode="write(1151) " fcode="write"/>
<opset="write_ln0/2 "/>
</bind>
</comp>

<comp id="119" class="1004" name="store_ln0_store_fu_119">
<pin_list>
<pin id="120" dir="0" index="0" bw="1" slack="0"/>
<pin id="121" dir="0" index="1" bw="4" slack="0"/>
<pin id="122" dir="1" index="2" bw="0" slack="2147483647"/>
</pin_list>
<bind>
<opcode="store(28) " fcode="store"/>
<opset="store_ln0/1 "/>
</bind>
</comp>

<comp id="124" class="1004" name="store_ln0_store_fu_124">
<pin_list>
<pin id="125" dir="0" index="0" bw="1" slack="0"/>
<pin id="126" dir="0" index="1" bw="256" slack="0"/>
<pin id="127" dir="1" index="2" bw="0" slack="2147483647"/>
</pin_list>
<bind>
<opcode="store(28) " fcode="store"/>
<opset="store_ln0/1 "/>
</bind>
</comp>

<comp id="129" class="1004" name="i_5_load_fu_129">
<pin_list>
<pin id="130" dir="0" index="0" bw="4" slack="1"/>
<pin id="131" dir="1" index="1" bw="4" slack="0"/>
</pin_list>
<bind>
<opcode="load(27) " fcode="load"/>
<opset="i_5/2 "/>
</bind>
</comp>

<comp id="132" class="1004" name="icmp_ln204_fu_132">
<pin_list>
<pin id="133" dir="0" index="0" bw="4" slack="0"/>
<pin id="134" dir="0" index="1" bw="4" slack="0"/>
<pin id="135" dir="1" index="2" bw="1" slack="2147483647"/>
</pin_list>
<bind>
<opcode="icmp(45) " fcode="icmp"/>
<opset="icmp_ln204/2 "/>
</bind>
</comp>

<comp id="138" class="1004" name="add_ln204_fu_138">
<pin_list>
<pin id="139" dir="0" index="0" bw="4" slack="0"/>
<pin id="140" dir="0" index="1" bw="1" slack="0"/>
<pin id="141" dir="1" index="2" bw="4" slack="0"/>
</pin_list>
<bind>
<opcode="add(8) " fcode="add"/>
<opset="add_ln204/2 "/>
</bind>
</comp>

<comp id="144" class="1004" name="shiftreg_load_1_load_fu_144">
<pin_list>
<pin id="145" dir="0" index="0" bw="256" slack="1"/>
<pin id="146" dir="1" index="1" bw="256" slack="0"/>
</pin_list>
<bind>
<opcode="load(27) " fcode="load"/>
<opset="shiftreg_load_1/2 "/>
</bind>
</comp>

<comp id="147" class="1004" name="tmp_fu_147">
<pin_list>
<pin id="148" dir="0" index="0" bw="32" slack="0"/>
<pin id="149" dir="0" index="1" bw="32" slack="1"/>
<pin id="150" dir="0" index="2" bw="32" slack="1"/>
<pin id="151" dir="0" index="3" bw="32" slack="1"/>
<pin id="152" dir="0" index="4" bw="32" slack="1"/>
<pin id="153" dir="0" index="5" bw="32" slack="1"/>
<pin id="154" dir="0" index="6" bw="32" slack="1"/>
<pin id="155" dir="0" index="7" bw="32" slack="1"/>
<pin id="156" dir="0" index="8" bw="32" slack="1"/>
<pin id="157" dir="0" index="9" bw="4" slack="0"/>
<pin id="158" dir="1" index="10" bw="32" slack="0"/>
</pin_list>
<bind>
<opcode="mux(1196) " fcode="mux"/>
<opset="tmp/2 "/>
</bind>
</comp>

<comp id="161" class="1004" name="lshr_ln_fu_161">
<pin_list>
<pin id="162" dir="0" index="0" bw="224" slack="0"/>
<pin id="163" dir="0" index="1" bw="256" slack="0"/>
<pin id="164" dir="0" index="2" bw="7" slack="0"/>
<pin id="165" dir="0" index="3" bw="9" slack="0"/>
<pin id="166" dir="1" index="4" bw="224" slack="0"/>
</pin_list>
<bind>
<opcode="partselect(1002) " fcode="partselect"/>
<opset="lshr_ln/2 "/>
</bind>
</comp>

<comp id="171" class="1004" name="or_ln_fu_171">
<pin_list>
<pin id="172" dir="0" index="0" bw="256" slack="0"/>
<pin id="173" dir="0" index="1" bw="32" slack="0"/>
<pin id="174" dir="0" index="2" bw="224" slack="0"/>
<pin id="175" dir="1" index="3" bw="256" slack="0"/>
</pin_list>
<bind>
<opcode="bitconcatenate(1004) " fcode="bitconcatenate"/>
<opset="or_ln/2 "/>
</bind>
</comp>

<comp id="179" class="1004" name="store_ln204_store_fu_179">
<pin_list>
<pin id="180" dir="0" index="0" bw="4" slack="0"/>
<pin id="181" dir="0" index="1" bw="4" slack="1"/>
<pin id="182" dir="1" index="2" bw="0" slack="2147483647"/>
</pin_list>
<bind>
<opcode="store(28) " fcode="store"/>
<opset="store_ln204/2 "/>
</bind>
</comp>

<comp id="184" class="1004" name="store_ln204_store_fu_184">
<pin_list>
<pin id="185" dir="0" index="0" bw="256" slack="0"/>
<pin id="186" dir="0" index="1" bw="256" slack="1"/>
<pin id="187" dir="1" index="2" bw="0" slack="2147483647"/>
</pin_list>
<bind>
<opcode="store(28) " fcode="store"/>
<opset="store_ln204/2 "/>
</bind>
</comp>

<comp id="189" class="1004" name="shiftreg_load_load_fu_189">
<pin_list>
<pin id="190" dir="0" index="0" bw="256" slack="1"/>
<pin id="191" dir="1" index="1" bw="256" slack="0"/>
</pin_list>
<bind>
<opcode="load(27) " fcode="load"/>
<opset="shiftreg_load/2 "/>
</bind>
</comp>

<comp id="193" class="1005" name="shiftreg_reg_193">
<pin_list>
<pin id="194" dir="0" index="0" bw="256" slack="0"/>
<pin id="195" dir="1" index="1" bw="256" slack="0"/>
</pin_list>
<bind>
<opset="shiftreg "/>
</bind>
</comp>

<comp id="201" class="1005" name="i_reg_201">
<pin_list>
<pin id="202" dir="0" index="0" bw="4" slack="0"/>
<pin id="203" dir="1" index="1" bw="4" slack="0"/>
</pin_list>
<bind>
<opset="i "/>
</bind>
</comp>

<comp id="208" class="1005" name="digest_7_read_reg_208">
<pin_list>
<pin id="209" dir="0" index="0" bw="32" slack="1"/>
<pin id="210" dir="1" index="1" bw="32" slack="1"/>
</pin_list>
<bind>
<opset="digest_7_read "/>
</bind>
</comp>

<comp id="213" class="1005" name="digest_6_read_reg_213">
<pin_list>
<pin id="214" dir="0" index="0" bw="32" slack="1"/>
<pin id="215" dir="1" index="1" bw="32" slack="1"/>
</pin_list>
<bind>
<opset="digest_6_read "/>
</bind>
</comp>

<comp id="218" class="1005" name="digest_5_read_reg_218">
<pin_list>
<pin id="219" dir="0" index="0" bw="32" slack="1"/>
<pin id="220" dir="1" index="1" bw="32" slack="1"/>
</pin_list>
<bind>
<opset="digest_5_read "/>
</bind>
</comp>

<comp id="223" class="1005" name="digest_4_read_reg_223">
<pin_list>
<pin id="224" dir="0" index="0" bw="32" slack="1"/>
<pin id="225" dir="1" index="1" bw="32" slack="1"/>
</pin_list>
<bind>
<opset="digest_4_read "/>
</bind>
</comp>

<comp id="228" class="1005" name="digest_3_read_reg_228">
<pin_list>
<pin id="229" dir="0" index="0" bw="32" slack="1"/>
<pin id="230" dir="1" index="1" bw="32" slack="1"/>
</pin_list>
<bind>
<opset="digest_3_read "/>
</bind>
</comp>

<comp id="233" class="1005" name="digest_2_read_reg_233">
<pin_list>
<pin id="234" dir="0" index="0" bw="32" slack="1"/>
<pin id="235" dir="1" index="1" bw="32" slack="1"/>
</pin_list>
<bind>
<opset="digest_2_read "/>
</bind>
</comp>

<comp id="238" class="1005" name="digest_1_read_reg_238">
<pin_list>
<pin id="239" dir="0" index="0" bw="32" slack="1"/>
<pin id="240" dir="1" index="1" bw="32" slack="1"/>
</pin_list>
<bind>
<opset="digest_1_read "/>
</bind>
</comp>

<comp id="243" class="1005" name="digest_read_reg_243">
<pin_list>
<pin id="244" dir="0" index="0" bw="32" slack="1"/>
<pin id="245" dir="1" index="1" bw="32" slack="1"/>
</pin_list>
<bind>
<opset="digest_read "/>
</bind>
</comp>

</comp_list>

<net_list>
<net id="59"><net_src comp="18" pin="0"/><net_sink comp="56" pin=0"/></net>

<net id="63"><net_src comp="18" pin="0"/><net_sink comp="60" pin=0"/></net>

<net id="68"><net_src comp="20" pin="0"/><net_sink comp="64" pin=0"/></net>

<net id="69"><net_src comp="14" pin="0"/><net_sink comp="64" pin=1"/></net>

<net id="74"><net_src comp="20" pin="0"/><net_sink comp="70" pin=0"/></net>

<net id="75"><net_src comp="12" pin="0"/><net_sink comp="70" pin=1"/></net>

<net id="80"><net_src comp="20" pin="0"/><net_sink comp="76" pin=0"/></net>

<net id="81"><net_src comp="10" pin="0"/><net_sink comp="76" pin=1"/></net>

<net id="86"><net_src comp="20" pin="0"/><net_sink comp="82" pin=0"/></net>

<net id="87"><net_src comp="8" pin="0"/><net_sink comp="82" pin=1"/></net>

<net id="92"><net_src comp="20" pin="0"/><net_sink comp="88" pin=0"/></net>

<net id="93"><net_src comp="6" pin="0"/><net_sink comp="88" pin=1"/></net>

<net id="98"><net_src comp="20" pin="0"/><net_sink comp="94" pin=0"/></net>

<net id="99"><net_src comp="4" pin="0"/><net_sink comp="94" pin=1"/></net>

<net id="104"><net_src comp="20" pin="0"/><net_sink comp="100" pin=0"/></net>

<net id="105"><net_src comp="2" pin="0"/><net_sink comp="100" pin=1"/></net>

<net id="110"><net_src comp="20" pin="0"/><net_sink comp="106" pin=0"/></net>

<net id="111"><net_src comp="0" pin="0"/><net_sink comp="106" pin=1"/></net>

<net id="117"><net_src comp="54" pin="0"/><net_sink comp="112" pin=0"/></net>

<net id="118"><net_src comp="16" pin="0"/><net_sink comp="112" pin=1"/></net>

<net id="123"><net_src comp="22" pin="0"/><net_sink comp="119" pin=0"/></net>

<net id="128"><net_src comp="24" pin="0"/><net_sink comp="124" pin=0"/></net>

<net id="136"><net_src comp="129" pin="1"/><net_sink comp="132" pin=0"/></net>

<net id="137"><net_src comp="26" pin="0"/><net_sink comp="132" pin=1"/></net>

<net id="142"><net_src comp="129" pin="1"/><net_sink comp="138" pin=0"/></net>

<net id="143"><net_src comp="32" pin="0"/><net_sink comp="138" pin=1"/></net>

<net id="159"><net_src comp="44" pin="0"/><net_sink comp="147" pin=0"/></net>

<net id="160"><net_src comp="129" pin="1"/><net_sink comp="147" pin=9"/></net>

<net id="167"><net_src comp="46" pin="0"/><net_sink comp="161" pin=0"/></net>

<net id="168"><net_src comp="144" pin="1"/><net_sink comp="161" pin=1"/></net>

<net id="169"><net_src comp="48" pin="0"/><net_sink comp="161" pin=2"/></net>

<net id="170"><net_src comp="50" pin="0"/><net_sink comp="161" pin=3"/></net>

<net id="176"><net_src comp="52" pin="0"/><net_sink comp="171" pin=0"/></net>

<net id="177"><net_src comp="147" pin="10"/><net_sink comp="171" pin=1"/></net>

<net id="178"><net_src comp="161" pin="4"/><net_sink comp="171" pin=2"/></net>

<net id="183"><net_src comp="138" pin="2"/><net_sink comp="179" pin=0"/></net>

<net id="188"><net_src comp="171" pin="3"/><net_sink comp="184" pin=0"/></net>

<net id="192"><net_src comp="189" pin="1"/><net_sink comp="112" pin=2"/></net>

<net id="196"><net_src comp="56" pin="1"/><net_sink comp="193" pin=0"/></net>

<net id="197"><net_src comp="193" pin="1"/><net_sink comp="124" pin=1"/></net>

<net id="198"><net_src comp="193" pin="1"/><net_sink comp="144" pin=0"/></net>

<net id="199"><net_src comp="193" pin="1"/><net_sink comp="184" pin=1"/></net>

<net id="200"><net_src comp="193" pin="1"/><net_sink comp="189" pin=0"/></net>

<net id="204"><net_src comp="60" pin="1"/><net_sink comp="201" pin=0"/></net>

<net id="205"><net_src comp="201" pin="1"/><net_sink comp="119" pin=1"/></net>

<net id="206"><net_src comp="201" pin="1"/><net_sink comp="129" pin=0"/></net>

<net id="207"><net_src comp="201" pin="1"/><net_sink comp="179" pin=1"/></net>

<net id="211"><net_src comp="64" pin="2"/><net_sink comp="208" pin=0"/></net>

<net id="212"><net_src comp="208" pin="1"/><net_sink comp="147" pin=8"/></net>

<net id="216"><net_src comp="70" pin="2"/><net_sink comp="213" pin=0"/></net>

<net id="217"><net_src comp="213" pin="1"/><net_sink comp="147" pin=7"/></net>

<net id="221"><net_src comp="76" pin="2"/><net_sink comp="218" pin=0"/></net>

<net id="222"><net_src comp="218" pin="1"/><net_sink comp="147" pin=6"/></net>

<net id="226"><net_src comp="82" pin="2"/><net_sink comp="223" pin=0"/></net>

<net id="227"><net_src comp="223" pin="1"/><net_sink comp="147" pin=5"/></net>

<net id="231"><net_src comp="88" pin="2"/><net_sink comp="228" pin=0"/></net>

<net id="232"><net_src comp="228" pin="1"/><net_sink comp="147" pin=4"/></net>

<net id="236"><net_src comp="94" pin="2"/><net_sink comp="233" pin=0"/></net>

<net id="237"><net_src comp="233" pin="1"/><net_sink comp="147" pin=3"/></net>

<net id="241"><net_src comp="100" pin="2"/><net_sink comp="238" pin=0"/></net>

<net id="242"><net_src comp="238" pin="1"/><net_sink comp="147" pin=2"/></net>

<net id="246"><net_src comp="106" pin="2"/><net_sink comp="243" pin=0"/></net>

<net id="247"><net_src comp="243" pin="1"/><net_sink comp="147" pin=1"/></net>

</net_list>

</model> 
---------------- Datapath Model END ------------------

* FSMD analyzer results:
  - Output states:
	Port: shiftreg_out | {2 }
 - Input state : 
	Port: sha256_process_and_write_chunk_Pipeline_write_digest : digest | {1 }
	Port: sha256_process_and_write_chunk_Pipeline_write_digest : digest_1 | {1 }
	Port: sha256_process_and_write_chunk_Pipeline_write_digest : digest_2 | {1 }
	Port: sha256_process_and_write_chunk_Pipeline_write_digest : digest_3 | {1 }
	Port: sha256_process_and_write_chunk_Pipeline_write_digest : digest_4 | {1 }
	Port: sha256_process_and_write_chunk_Pipeline_write_digest : digest_5 | {1 }
	Port: sha256_process_and_write_chunk_Pipeline_write_digest : digest_6 | {1 }
	Port: sha256_process_and_write_chunk_Pipeline_write_digest : digest_7 | {1 }
  - Chain level:
	State 1
		store_ln0 : 1
		store_ln0 : 1
	State 2
		icmp_ln204 : 1
		add_ln204 : 1
		br_ln204 : 2
		tmp : 1
		lshr_ln : 1
		or_ln : 2
		store_ln204 : 2
		store_ln204 : 3
		write_ln0 : 1


============================================================
+ Verbose Summary: Datapath Resource usage 
============================================================

* Functional unit list:
|----------|---------------------------|---------|---------|
| Operation|      Functional Unit      |    FF   |   LUT   |
|----------|---------------------------|---------|---------|
|    mux   |         tmp_fu_147        |    0    |    43   |
|----------|---------------------------|---------|---------|
|    add   |      add_ln204_fu_138     |    0    |    12   |
|----------|---------------------------|---------|---------|
|   icmp   |     icmp_ln204_fu_132     |    0    |    9    |
|----------|---------------------------|---------|---------|
|          |  digest_7_read_read_fu_64 |    0    |    0    |
|          |  digest_6_read_read_fu_70 |    0    |    0    |
|          |  digest_5_read_read_fu_76 |    0    |    0    |
|   read   |  digest_4_read_read_fu_82 |    0    |    0    |
|          |  digest_3_read_read_fu_88 |    0    |    0    |
|          |  digest_2_read_read_fu_94 |    0    |    0    |
|          | digest_1_read_read_fu_100 |    0    |    0    |
|          |  digest_read_read_fu_106  |    0    |    0    |
|----------|---------------------------|---------|---------|
|   write  |   write_ln0_write_fu_112  |    0    |    0    |
|----------|---------------------------|---------|---------|
|partselect|       lshr_ln_fu_161      |    0    |    0    |
|----------|---------------------------|---------|---------|
|bitconcatenate|        or_ln_fu_171       |    0    |    0    |
|----------|---------------------------|---------|---------|
|   Total  |                           |    0    |    64   |
|----------|---------------------------|---------|---------|

Memories:
N/A

* Register list:
+---------------------+--------+
|                     |   FF   |
+---------------------+--------+
|digest_1_read_reg_238|   32   |
|digest_2_read_reg_233|   32   |
|digest_3_read_reg_228|   32   |
|digest_4_read_reg_223|   32   |
|digest_5_read_reg_218|   32   |
|digest_6_read_reg_213|   32   |
|digest_7_read_reg_208|   32   |
| digest_read_reg_243 |   32   |
|      i_reg_201      |    4   |
|   shiftreg_reg_193  |   256  |
+---------------------+--------+
|        Total        |   516  |
+---------------------+--------+

* Multiplexer (MUX) list: 
|--------|------|------|------|--------|
|  Comp  |  Pin | Size |  BW  | S x BW |
|--------|------|------|------|--------|
|  Total |      |      |      |    0   |
|--------|------|------|------|--------|



* Summary:
+-----------+--------+--------+
|           |   FF   |   LUT  |
+-----------+--------+--------+
|  Function |    0   |   64   |
|   Memory  |    -   |    -   |
|Multiplexer|    -   |    -   |
|  Register |   516  |    -   |
+-----------+--------+--------+
|   Total   |   516  |   64   |
+-----------+--------+--------+
