

================================================================
== Vitis HLS Report for 'sha256_compress_block_Pipeline_init_words'
================================================================
* Date:           Fri Feb 20 12:34:45 2026

* Version:        2023.1 (Build 3854077 on May  4 2023)
* Project:        calculate_sha256
* Solution:       solution (Vitis Kernel Flow Target)
* Product family: virtexuplusHBM
* Target device:  xcu280-fsvh2892-2L-e


================================================================
== Performance Estimates
================================================================
+ Timing: 
    * Summary: 
    +--------+---------+----------+------------+
    |  Clock |  Target | Estimated| Uncertainty|
    +--------+---------+----------+------------+
    |ap_clk  |  3.33 ns|  2.142 ns|     0.90 ns|
    +--------+---------+----------+------------+

+ Latency: 
    * Summary: 
    +---------+---------+-----------+-----------+-----+-----+---------+
    |  Latency (cycles) |   Latency (absolute)  |  Interval | Pipeline|
    |   min   |   max   |    min    |    max    | min | max |   Type  |
    +---------+---------+-----------+-----------+-----+-----+---------+
    |       18|       18|  59.994 ns|  59.994 ns|   18|   18|       no|
    +---------+---------+-----------+-----------+-----+-----+---------+

    + Detail: 
        * Instance: 
        N/A

        * Loop: 
        +--------------+---------+---------+----------+-----------+-----------+------+----------+
        |              |  Latency (cycles) | Iteration|  Initiation Interval  | Trip |          |
        |   Loop Name  |   min   |   max   |  Latency |  achieved |   target  | Count| Pipelined|
        +--------------+---------+---------+----------+-----------+-----------+------+----------+
        |- init_words  |       16|       16|         1|          1|          1|    16|       yes|
        +--------------+---------+---------+----------+-----------+-----------+------+----------+

============================================================
+ Verbose Summary: Synthesis Manager
============================================================
InlineROM: 1
ExposeGlobal: 0
============================================================
+ Verbose Summary: CDFG Model
============================================================
IsTopModel: 0
ResetActiveHigh: 1
IsCombinational: 0
IsDatapathOnly: 0
HasWiredReturn: 1
HasMFsm: 2
HasVarLatency: 1
IsPipeline: 0
IsRtlPipelined: 0
IsInstanceOverlapped: 0
IsDontTouch: 0
HasImplIP: 0
IsGatedGlobalClock: 0

+ Individual pipeline summary: 
  * Pipeline-0: initiation interval (II) = 1, depth = 1


============================================================
+ Verbose Summary: Schedule
============================================================
* Number of FSM states : 1
* Pipeline : 1
  Pipeline-0 : II = 1, D = 1, States = { 1 }
* Dataflow Pipeline: 0

* FSM state transitions: 
1 --> 

* FSM state operations: 

State 1 <SV = 0> <Delay = 2.14>
ST_1 : Operation 4 [1/1] (0.00ns)   --->   "%phi_urem = alloca i32 1"   --->   Operation 4 'alloca' 'phi_urem' <Predicate = true> <Delay = 0.00>
ST_1 : Operation 5 [1/1] (0.00ns)   --->   "%phi_mul = alloca i32 1"   --->   Operation 5 'alloca' 'phi_mul' <Predicate = true> <Delay = 0.00>
ST_1 : Operation 6 [1/1] (0.00ns)   --->   "%i = alloca i32 1"   --->   Operation 6 'alloca' 'i' <Predicate = true> <Delay = 0.00>
ST_1 : Operation 7 [1/1] (0.00ns)   --->   "%block_val_read = read i512 @_ssdm_op_Read.ap_auto.i512, i512 %block_val"   --->   Operation 7 'read' 'block_val_read' <Predicate = true> <Delay = 0.00>
ST_1 : Operation 8 [1/1] (0.38ns)   --->   "%store_ln0 = store i5 0, i5 %i"   --->   Operation 8 'store' 'store_ln0' <Predicate = true> <Delay = 0.38>
ST_1 : Operation 9 [1/1] (0.38ns)   --->   "%store_ln0 = store i10 0, i10 %phi_mul"   --->   Operation 9 'store' 'store_ln0' <Predicate = true> <Delay = 0.38>
ST_1 : Operation 10 [1/1] (0.38ns)   --->   "%store_ln0 = store i5 0, i5 %phi_urem"   --->   Operation 10 'store' 'store_ln0' <Predicate = true> <Delay = 0.38>
ST_1 : Operation 11 [1/1] (0.00ns)   --->   "%br_ln0 = br void %for.inc"   --->   Operation 11 'br' 'br_ln0' <Predicate = true> <Delay = 0.00>
ST_1 : Operation 12 [1/1] (0.00ns)   --->   "%phi_urem_load = load i5 %phi_urem" [/users/arashs/U280_CRC_Accelerator/src/kernel.cpp:127]   --->   Operation 12 'load' 'phi_urem_load' <Predicate = true> <Delay = 0.00>
ST_1 : Operation 13 [1/1] (0.00ns)   --->   "%i_6 = load i5 %i" [/users/arashs/U280_CRC_Accelerator/src/kernel.cpp:130]   --->   Operation 13 'load' 'i_6' <Predicate = true> <Delay = 0.00>
ST_1 : Operation 14 [1/1] (0.70ns)   --->   "%icmp_ln127 = icmp_eq  i5 %i_6, i5 16" [/users/arashs/U280_CRC_Accelerator/src/kernel.cpp:127]   --->   Operation 14 'icmp' 'icmp_ln127' <Predicate = true> <Delay = 0.70> <CoreInst = "Cmp">   --->   Core 9 'Cmp' <Latency = 0> <II = 1> <Delay = 0.70> <FuncUnit> <Opcode : 'icmp'> <InPorts = 2> <OutPorts = 1>
ST_1 : Operation 15 [1/1] (0.70ns)   --->   "%add_ln127 = add i5 %i_6, i5 1" [/users/arashs/U280_CRC_Accelerator/src/kernel.cpp:127]   --->   Operation 15 'add' 'add_ln127' <Predicate = true> <Delay = 0.70> <CoreInst = "Adder">   --->   Core 1 'Adder' <Latency = 0> <II = 1> <Delay = 0.70> <FuncUnit> <Opcode : 'add' 'sub'> <InPorts = 2> <OutPorts = 1>
ST_1 : Operation 16 [1/1] (0.00ns)   --->   "%br_ln127 = br i1 %icmp_ln127, void %for.inc.split, void %for.inc25.preheader.exitStub" [/users/arashs/U280_CRC_Accelerator/src/kernel.cpp:127]   --->   Operation 16 'br' 'br_ln127' <Predicate = true> <Delay = 0.00>
ST_1 : Operation 17 [1/1] (0.00ns)   --->   "%phi_mul_load = load i10 %phi_mul" [/users/arashs/U280_CRC_Accelerator/src/kernel.cpp:127]   --->   Operation 17 'load' 'phi_mul_load' <Predicate = (!icmp_ln127)> <Delay = 0.00>
ST_1 : Operation 18 [1/1] (0.00ns)   --->   "%specpipeline_ln129 = specpipeline void @_ssdm_op_SpecPipeline, i32 1, i32 0, i32 0, i32 0, void @empty" [/users/arashs/U280_CRC_Accelerator/src/kernel.cpp:129]   --->   Operation 18 'specpipeline' 'specpipeline_ln129' <Predicate = (!icmp_ln127)> <Delay = 0.00>
ST_1 : Operation 19 [1/1] (0.00ns)   --->   "%speclooptripcount_ln127 = speclooptripcount void @_ssdm_op_SpecLoopTripCount, i64 16, i64 16, i64 16" [/users/arashs/U280_CRC_Accelerator/src/kernel.cpp:127]   --->   Operation 19 'speclooptripcount' 'speclooptripcount_ln127' <Predicate = (!icmp_ln127)> <Delay = 0.00>
ST_1 : Operation 20 [1/1] (0.00ns)   --->   "%specloopname_ln127 = specloopname void @_ssdm_op_SpecLoopName, void @empty_11" [/users/arashs/U280_CRC_Accelerator/src/kernel.cpp:127]   --->   Operation 20 'specloopname' 'specloopname_ln127' <Predicate = (!icmp_ln127)> <Delay = 0.00>
ST_1 : Operation 21 [1/1] (0.72ns)   --->   "%add_ln127_1 = add i10 %phi_mul_load, i10 43" [/users/arashs/U280_CRC_Accelerator/src/kernel.cpp:127]   --->   Operation 21 'add' 'add_ln127_1' <Predicate = (!icmp_ln127)> <Delay = 0.72> <CoreInst = "Adder">   --->   Core 1 'Adder' <Latency = 0> <II = 1> <Delay = 0.72> <FuncUnit> <Opcode : 'add' 'sub'> <InPorts = 2> <OutPorts = 1>
ST_1 : Operation 22 [1/1] (0.00ns)   --->   "%tmp = partselect i3 @_ssdm_op_PartSelect.i3.i10.i32.i32, i10 %phi_mul_load, i32 7, i32 9" [/users/arashs/U280_CRC_Accelerator/src/kernel.cpp:127]   --->   Operation 22 'partselect' 'tmp' <Predicate = (!icmp_ln127)> <Delay = 0.00>
ST_1 : Operation 23 [1/1] (0.00ns)   --->   "%zext_ln127 = zext i3 %tmp" [/users/arashs/U280_CRC_Accelerator/src/kernel.cpp:127]   --->   Operation 23 'zext' 'zext_ln127' <Predicate = (!icmp_ln127)> <Delay = 0.00>
ST_1 : Operation 24 [1/1] (0.00ns)   --->   "%trunc_ln127 = trunc i5 %phi_urem_load" [/users/arashs/U280_CRC_Accelerator/src/kernel.cpp:127]   --->   Operation 24 'trunc' 'trunc_ln127' <Predicate = (!icmp_ln127)> <Delay = 0.00>
ST_1 : Operation 25 [1/1] (0.00ns)   --->   "%trunc_ln130 = trunc i5 %i_6" [/users/arashs/U280_CRC_Accelerator/src/kernel.cpp:130]   --->   Operation 25 'trunc' 'trunc_ln130' <Predicate = (!icmp_ln127)> <Delay = 0.00>
ST_1 : Operation 26 [1/1] (0.00ns)   --->   "%shl_ln = bitconcatenate i9 @_ssdm_op_BitConcatenate.i9.i4.i5, i4 %trunc_ln130, i5 0" [/users/arashs/U280_CRC_Accelerator/src/kernel.cpp:130]   --->   Operation 26 'bitconcatenate' 'shl_ln' <Predicate = (!icmp_ln127)> <Delay = 0.00>
ST_1 : Operation 27 [1/1] (0.00ns)   --->   "%zext_ln130 = zext i9 %shl_ln" [/users/arashs/U280_CRC_Accelerator/src/kernel.cpp:130]   --->   Operation 27 'zext' 'zext_ln130' <Predicate = (!icmp_ln127)> <Delay = 0.00>
ST_1 : Operation 28 [1/1] (1.44ns)   --->   "%lshr_ln130 = lshr i512 %block_val_read, i512 %zext_ln130" [/users/arashs/U280_CRC_Accelerator/src/kernel.cpp:130]   --->   Operation 28 'lshr' 'lshr_ln130' <Predicate = (!icmp_ln127)> <Delay = 1.44> <CoreInst = "Shifter">   --->   Core 75 'Shifter' <Latency = 0> <II = 1> <Delay = 1.44> <FuncUnit> <Opcode : 'shl' 'lshr' 'ashr'> <InPorts = 2> <OutPorts = 1>
ST_1 : Operation 29 [1/1] (0.00ns)   --->   "%tmp_4 = partselect i8 @_ssdm_op_PartSelect.i8.i512.i32.i32, i512 %lshr_ln130, i32 16, i32 23" [/users/arashs/U280_CRC_Accelerator/src/kernel.cpp:104->/users/arashs/U280_CRC_Accelerator/src/kernel.cpp:131]   --->   Operation 29 'partselect' 'tmp_4' <Predicate = (!icmp_ln127)> <Delay = 0.00>
ST_1 : Operation 30 [1/1] (0.00ns)   --->   "%tmp_s = partselect i8 @_ssdm_op_PartSelect.i8.i512.i32.i32, i512 %lshr_ln130, i32 24, i32 31" [/users/arashs/U280_CRC_Accelerator/src/kernel.cpp:105->/users/arashs/U280_CRC_Accelerator/src/kernel.cpp:131]   --->   Operation 30 'partselect' 'tmp_s' <Predicate = (!icmp_ln127)> <Delay = 0.00>
ST_1 : Operation 31 [1/1] (0.00ns)   --->   "%trunc_ln104 = trunc i512 %lshr_ln130" [/users/arashs/U280_CRC_Accelerator/src/kernel.cpp:104->/users/arashs/U280_CRC_Accelerator/src/kernel.cpp:131]   --->   Operation 31 'trunc' 'trunc_ln104' <Predicate = (!icmp_ln127)> <Delay = 0.00>
ST_1 : Operation 32 [1/1] (0.00ns)   --->   "%tmp_9 = partselect i8 @_ssdm_op_PartSelect.i8.i512.i32.i32, i512 %lshr_ln130, i32 8, i32 15" [/users/arashs/U280_CRC_Accelerator/src/kernel.cpp:104->/users/arashs/U280_CRC_Accelerator/src/kernel.cpp:131]   --->   Operation 32 'partselect' 'tmp_9' <Predicate = (!icmp_ln127)> <Delay = 0.00>
ST_1 : Operation 33 [1/1] (0.00ns)   --->   "%or_ln104_2 = bitconcatenate i32 @_ssdm_op_BitConcatenate.i32.i8.i8.i8.i8, i8 %trunc_ln104, i8 %tmp_9, i8 %tmp_4, i8 %tmp_s" [/users/arashs/U280_CRC_Accelerator/src/kernel.cpp:104->/users/arashs/U280_CRC_Accelerator/src/kernel.cpp:131]   --->   Operation 33 'bitconcatenate' 'or_ln104_2' <Predicate = (!icmp_ln127)> <Delay = 0.00>
ST_1 : Operation 34 [1/1] (0.00ns)   --->   "%w_addr = getelementptr i32 %w, i64 0, i64 %zext_ln127" [/users/arashs/U280_CRC_Accelerator/src/kernel.cpp:131]   --->   Operation 34 'getelementptr' 'w_addr' <Predicate = (!icmp_ln127)> <Delay = 0.00>
ST_1 : Operation 35 [1/1] (0.00ns)   --->   "%w_1_addr = getelementptr i32 %w_1, i64 0, i64 %zext_ln127" [/users/arashs/U280_CRC_Accelerator/src/kernel.cpp:131]   --->   Operation 35 'getelementptr' 'w_1_addr' <Predicate = (!icmp_ln127)> <Delay = 0.00>
ST_1 : Operation 36 [1/1] (0.00ns)   --->   "%w_2_addr = getelementptr i32 %w_2, i64 0, i64 %zext_ln127" [/users/arashs/U280_CRC_Accelerator/src/kernel.cpp:131]   --->   Operation 36 'getelementptr' 'w_2_addr' <Predicate = (!icmp_ln127)> <Delay = 0.00>
ST_1 : Operation 37 [1/1] (0.66ns)   --->   "%switch_ln131 = switch i2 %trunc_ln127, void %arrayidx.case.2, i2 0, void %arrayidx.case.0, i2 1, void %arrayidx.case.1" [/users/arashs/U280_CRC_Accelerator/src/kernel.cpp:131]   --->   Operation 37 'switch' 'switch_ln131' <Predicate = (!icmp_ln127)> <Delay = 0.66>
ST_1 : Operation 38 [1/1] (0.69ns)   --->   "%store_ln131 = store i32 %or_ln104_2, i5 %w_1_addr" [/users/arashs/U280_CRC_Accelerator/src/kernel.cpp:131]   --->   Operation 38 'store' 'store_ln131' <Predicate = (!icmp_ln127 & trunc_ln127 == 1)> <Delay = 0.69> <CoreInst = "RAM_1WnR">   --->   Core 84 'RAM_1WnR' <Latency = 1> <II = 1> <Delay = 0.69> <Storage> <Opcode : 'load' 'store'> <Ports = 17> <Width = 32> <Depth = 22> <RAM>
ST_1 : Operation 39 [1/1] (0.00ns)   --->   "%br_ln131 = br void %arrayidx.exit" [/users/arashs/U280_CRC_Accelerator/src/kernel.cpp:131]   --->   Operation 39 'br' 'br_ln131' <Predicate = (!icmp_ln127 & trunc_ln127 == 1)> <Delay = 0.00>
ST_1 : Operation 40 [1/1] (0.69ns)   --->   "%store_ln131 = store i32 %or_ln104_2, i5 %w_addr" [/users/arashs/U280_CRC_Accelerator/src/kernel.cpp:131]   --->   Operation 40 'store' 'store_ln131' <Predicate = (!icmp_ln127 & trunc_ln127 == 0)> <Delay = 0.69> <CoreInst = "RAM_1WnR">   --->   Core 84 'RAM_1WnR' <Latency = 1> <II = 1> <Delay = 0.69> <Storage> <Opcode : 'load' 'store'> <Ports = 17> <Width = 32> <Depth = 22> <RAM>
ST_1 : Operation 41 [1/1] (0.00ns)   --->   "%br_ln131 = br void %arrayidx.exit" [/users/arashs/U280_CRC_Accelerator/src/kernel.cpp:131]   --->   Operation 41 'br' 'br_ln131' <Predicate = (!icmp_ln127 & trunc_ln127 == 0)> <Delay = 0.00>
ST_1 : Operation 42 [1/1] (0.69ns)   --->   "%store_ln131 = store i32 %or_ln104_2, i5 %w_2_addr" [/users/arashs/U280_CRC_Accelerator/src/kernel.cpp:131]   --->   Operation 42 'store' 'store_ln131' <Predicate = (!icmp_ln127 & trunc_ln127 != 0 & trunc_ln127 != 1)> <Delay = 0.69> <CoreInst = "RAM_1WnR">   --->   Core 84 'RAM_1WnR' <Latency = 1> <II = 1> <Delay = 0.69> <Storage> <Opcode : 'load' 'store'> <Ports = 17> <Width = 32> <Depth = 22> <RAM>
ST_1 : Operation 43 [1/1] (0.00ns)   --->   "%br_ln131 = br void %arrayidx.exit" [/users/arashs/U280_CRC_Accelerator/src/kernel.cpp:131]   --->   Operation 43 'br' 'br_ln131' <Predicate = (!icmp_ln127 & trunc_ln127 != 0 & trunc_ln127 != 1)> <Delay = 0.00>
ST_1 : Operation 44 [1/1] (0.70ns)   --->   "%add_ln127_2 = add i5 %phi_urem_load, i5 1" [/users/arashs/U280_CRC_Accelerator/src/kernel.cpp:127]   --->   Operation 44 'add' 'add_ln127_2' <Predicate = (!icmp_ln127)> <Delay = 0.70> <CoreInst = "Adder">   --->   Core 1 'Adder' <Latency = 0> <II = 1> <Delay = 0.70> <FuncUnit> <Opcode : 'add' 'sub'> <InPorts = 2> <OutPorts = 1>
ST_1 : Operation 45 [1/1] (0.70ns)   --->   "%icmp_ln127_1 = icmp_ult  i5 %add_ln127_2, i5 3" [/users/arashs/U280_CRC_Accelerator/src/kernel.cpp:127]   --->   Operation 45 'icmp' 'icmp_ln127_1' <Predicate = (!icmp_ln127)> <Delay = 0.70> <CoreInst = "Cmp">   --->   Core 9 'Cmp' <Latency = 0> <II = 1> <Delay = 0.70> <FuncUnit> <Opcode : 'icmp'> <InPorts = 2> <OutPorts = 1>
ST_1 : Operation 46 [1/1] (0.27ns)   --->   "%select_ln127 = select i1 %icmp_ln127_1, i5 %add_ln127_2, i5 0" [/users/arashs/U280_CRC_Accelerator/src/kernel.cpp:127]   --->   Operation 46 'select' 'select_ln127' <Predicate = (!icmp_ln127)> <Delay = 0.27> <CoreInst = "Sel">   --->   Core 73 'Sel' <Latency = 0> <II = 1> <Delay = 0.27> <FuncUnit> <Opcode : 'select'> <InPorts = 3> <OutPorts = 1>
ST_1 : Operation 47 [1/1] (0.38ns)   --->   "%store_ln127 = store i5 %add_ln127, i5 %i" [/users/arashs/U280_CRC_Accelerator/src/kernel.cpp:127]   --->   Operation 47 'store' 'store_ln127' <Predicate = (!icmp_ln127)> <Delay = 0.38>
ST_1 : Operation 48 [1/1] (0.38ns)   --->   "%store_ln127 = store i10 %add_ln127_1, i10 %phi_mul" [/users/arashs/U280_CRC_Accelerator/src/kernel.cpp:127]   --->   Operation 48 'store' 'store_ln127' <Predicate = (!icmp_ln127)> <Delay = 0.38>
ST_1 : Operation 49 [1/1] (0.38ns)   --->   "%store_ln127 = store i5 %select_ln127, i5 %phi_urem" [/users/arashs/U280_CRC_Accelerator/src/kernel.cpp:127]   --->   Operation 49 'store' 'store_ln127' <Predicate = (!icmp_ln127)> <Delay = 0.38>
ST_1 : Operation 50 [1/1] (0.00ns)   --->   "%br_ln127 = br void %for.inc" [/users/arashs/U280_CRC_Accelerator/src/kernel.cpp:127]   --->   Operation 50 'br' 'br_ln127' <Predicate = (!icmp_ln127)> <Delay = 0.00>
ST_1 : Operation 51 [1/1] (0.00ns)   --->   "%ret_ln0 = ret"   --->   Operation 51 'ret' 'ret_ln0' <Predicate = (icmp_ln127)> <Delay = 0.00>


============================================================
+ Verbose Summary: Timing violations
============================================================
Target clock period: 3.333ns, clock uncertainty: 0.900ns.

 <State 1>: 2.142ns
The critical path consists of the following:
	'alloca' operation ('i') [7]  (0.000 ns)
	'load' operation ('i', /users/arashs/U280_CRC_Accelerator/src/kernel.cpp:130) on local variable 'i' [15]  (0.000 ns)
	'lshr' operation ('lshr_ln130', /users/arashs/U280_CRC_Accelerator/src/kernel.cpp:130) [31]  (1.443 ns)
	'store' operation ('store_ln131', /users/arashs/U280_CRC_Accelerator/src/kernel.cpp:131) of variable 'or_ln104_2', /users/arashs/U280_CRC_Accelerator/src/kernel.cpp:104->/users/arashs/U280_CRC_Accelerator/src/kernel.cpp:131 on array 'w_1' [42]  (0.699 ns)


============================================================
+ Verbose Summary: Binding
============================================================
N/A
* FSMD analyzer results:
  - Output states:
 - Input state : 
  - Chain level:
	State 1


============================================================
+ Verbose Summary: Datapath Resource usage 
============================================================
N/A
