

================================================================
== Vitis HLS Report for 'sha256_process_chunk_Pipeline_len_store_double'
================================================================
* Date:           Thu Apr  2 18:19:34 2026

* Version:        2022.1 (Build 3526262 on Mon Apr 18 15:47:01 MDT 2022)
* Project:        calculate_sha256
* Solution:       solution (Vitis Kernel Flow Target)
* Product family: virtexuplus
* Target device:  xcu280-fsvh2892-2L-e


================================================================
== Performance Estimates
================================================================
+ Timing: 
    * Summary: 
    +--------+---------+----------+------------+
    |  Clock |  Target | Estimated| Uncertainty|
    +--------+---------+----------+------------+
    |ap_clk  |  3.33 ns|  1.835 ns|     0.90 ns|
    +--------+---------+----------+------------+

+ Latency: 
    * Summary: 
    +---------+---------+-----------+-----------+-----+-----+---------+
    |  Latency (cycles) |   Latency (absolute)  |  Interval | Pipeline|
    |   min   |   max   |    min    |    max    | min | max |   Type  |
    +---------+---------+-----------+-----------+-----+-----+---------+
    |       10|       10|  33.330 ns|  33.330 ns|   10|   10|       no|
    +---------+---------+-----------+-----------+-----+-----+---------+

    + Detail: 
        * Instance: 
        N/A

        * Loop: 
        +--------------------+---------+---------+----------+-----------+-----------+------+----------+
        |                    |  Latency (cycles) | Iteration|  Initiation Interval  | Trip |          |
        |      Loop Name     |   min   |   max   |  Latency |  achieved |   target  | Count| Pipelined|
        +--------------------+---------+---------+----------+-----------+-----------+------+----------+
        |- len_store_double  |        8|        8|         1|          1|          1|     8|       yes|
        +--------------------+---------+---------+----------+-----------+-----------+------+----------+



================================================================
== Utilization Estimates
================================================================
* Summary: 
+---------------------+---------+------+---------+---------+-----+
|         Name        | BRAM_18K|  DSP |    FF   |   LUT   | URAM|
+---------------------+---------+------+---------+---------+-----+
|DSP                  |        -|     -|        -|        -|    -|
|Expression           |        -|     -|        0|      211|    -|
|FIFO                 |        -|     -|        -|        -|    -|
|Instance             |        -|     -|        -|        -|    -|
|Memory               |        -|     -|        -|        -|    -|
|Multiplexer          |        -|     -|        -|       27|    -|
|Register             |        -|     -|        6|        -|    -|
+---------------------+---------+------+---------+---------+-----+
|Total                |        0|     0|        6|      238|    0|
+---------------------+---------+------+---------+---------+-----+
|Available SLR        |     1344|  3008|   869120|   434560|  320|
+---------------------+---------+------+---------+---------+-----+
|Utilization SLR (%)  |        0|     0|       ~0|       ~0|    0|
+---------------------+---------+------+---------+---------+-----+
|Available            |     4032|  9024|  2607360|  1303680|  960|
+---------------------+---------+------+---------+---------+-----+
|Utilization (%)      |        0|     0|       ~0|       ~0|    0|
+---------------------+---------+------+---------+---------+-----+

+ Detail: 
    * Instance: 
    N/A

    * DSP: 
    N/A

    * Memory: 
    N/A

    * FIFO: 
    N/A

    * Expression: 
    +-----------------------+----------+----+---+-----+------------+------------+
    |     Variable Name     | Operation| DSP| FF| LUT | Bitwidth P0| Bitwidth P1|
    +-----------------------+----------+----+---+-----+------------+------------+
    |add_ln292_fu_77_p2     |         +|   0|  0|   12|           4|           1|
    |icmp_ln292_fu_71_p2    |      icmp|   0|  0|    9|           4|           5|
    |lshr_ln295_fu_105_p2   |      lshr|   0|  0|  182|          64|          64|
    |xor_ln295_1_fu_116_p2  |       xor|   0|  0|    5|           4|           5|
    |xor_ln295_fu_87_p2     |       xor|   0|  0|    3|           3|           2|
    +-----------------------+----------+----+---+-----+------------+------------+
    |Total                  |          |   0|  0|  211|          79|          77|
    +-----------------------+----------+----+---+-----+------------+------------+

    * Multiplexer: 
    +----------------------+----+-----------+-----+-----------+
    |         Name         | LUT| Input Size| Bits| Total Bits|
    +----------------------+----+-----------+-----+-----------+
    |ap_done_int           |   9|          2|    1|          2|
    |ap_sig_allocacmp_i_2  |   9|          2|    4|          8|
    |i_fu_36               |   9|          2|    4|          8|
    +----------------------+----+-----------+-----+-----------+
    |Total                 |  27|          6|    9|         18|
    +----------------------+----+-----------+-----+-----------+

    * Register: 
    +-------------+---+----+-----+-----------+
    |     Name    | FF| LUT| Bits| Const Bits|
    +-------------+---+----+-----+-----------+
    |ap_CS_fsm    |  1|   0|    1|          0|
    |ap_done_reg  |  1|   0|    1|          0|
    |i_fu_36      |  4|   0|    4|          0|
    +-------------+---+----+-----+-----------+
    |Total        |  6|   0|    6|          0|
    +-------------+---+----+-----+-----------+



================================================================
== Interface
================================================================
* Summary: 
+--------------------+-----+-----+------------+------------------------------------------------+--------------+
|      RTL Ports     | Dir | Bits|  Protocol  |                  Source Object                 |    C Type    |
+--------------------+-----+-----+------------+------------------------------------------------+--------------+
|ap_clk              |   in|    1|  ap_ctrl_hs|  sha256_process_chunk_Pipeline_len_store_double|  return value|
|ap_rst              |   in|    1|  ap_ctrl_hs|  sha256_process_chunk_Pipeline_len_store_double|  return value|
|ap_start            |   in|    1|  ap_ctrl_hs|  sha256_process_chunk_Pipeline_len_store_double|  return value|
|ap_done             |  out|    1|  ap_ctrl_hs|  sha256_process_chunk_Pipeline_len_store_double|  return value|
|ap_idle             |  out|    1|  ap_ctrl_hs|  sha256_process_chunk_Pipeline_len_store_double|  return value|
|ap_ready            |  out|    1|  ap_ctrl_hs|  sha256_process_chunk_Pipeline_len_store_double|  return value|
|zext_ln266          |   in|   35|     ap_none|                                      zext_ln266|        scalar|
|pad_block_address0  |  out|    6|   ap_memory|                                       pad_block|         array|
|pad_block_ce0       |  out|    1|   ap_memory|                                       pad_block|         array|
|pad_block_we0       |  out|    1|   ap_memory|                                       pad_block|         array|
|pad_block_d0        |  out|    8|   ap_memory|                                       pad_block|         array|
+--------------------+-----+-----+------------+------------------------------------------------+--------------+

============================================================
+ Verbose Summary: Synthesis Manager
============================================================
InlineROM: 1
ExposeGlobal: 0
============================================================
+ Verbose Summary: CDFG Model
============================================================
IsTopModel: 0
ResetActiveHigh: 1
IsCombinational: 2
IsDatapathOnly: 2
HasWiredReturn: 1
HasMFsm: 2
HasVarLatency: 1
IsPipeline: 0
IsRtlPipelined: 0
IsInstanceOverlapped: 0
IsDontTouch: 0
HasImplIP: 0
IsGatedGlobalClock: 0

+ Individual pipeline summary: 
  * Pipeline-0: initiation interval (II) = 1, depth = 1


============================================================
+ Verbose Summary: Schedule
============================================================
* Number of FSM states : 1
* Pipeline : 1
  Pipeline-0 : II = 1, D = 1, States = { 1 }
* Dataflow Pipeline: 0

* FSM state transitions: 
1 --> 

* FSM state operations: 

State 1 <SV = 0> <Delay = 1.83>
ST_1 : Operation 4 [1/1] (0.00ns)   --->   "%i = alloca i32 1"   --->   Operation 4 'alloca' 'i' <Predicate = true> <Delay = 0.00>
ST_1 : Operation 5 [1/1] (0.00ns)   --->   "%zext_ln266_read = read i35 @_ssdm_op_Read.ap_auto.i35, i35 %zext_ln266"   --->   Operation 5 'read' 'zext_ln266_read' <Predicate = true> <Delay = 0.00>
ST_1 : Operation 6 [1/1] (0.00ns)   --->   "%zext_ln266_cast = zext i35 %zext_ln266_read"   --->   Operation 6 'zext' 'zext_ln266_cast' <Predicate = true> <Delay = 0.00>
ST_1 : Operation 7 [1/1] (0.38ns)   --->   "%store_ln0 = store i4 0, i4 %i"   --->   Operation 7 'store' 'store_ln0' <Predicate = true> <Delay = 0.38>
ST_1 : Operation 8 [1/1] (0.00ns)   --->   "%br_ln0 = br void %for.inc97"   --->   Operation 8 'br' 'br_ln0' <Predicate = true> <Delay = 0.00>
ST_1 : Operation 9 [1/1] (0.00ns)   --->   "%i_2 = load i4 %i" [/home/efrink/mled/split_cu/U280_CRC_Accelerator/src/kernel.cpp:295]   --->   Operation 9 'load' 'i_2' <Predicate = true> <Delay = 0.00>
ST_1 : Operation 10 [1/1] (0.65ns)   --->   "%icmp_ln292 = icmp_eq  i4 %i_2, i4 8" [/home/efrink/mled/split_cu/U280_CRC_Accelerator/src/kernel.cpp:292]   --->   Operation 10 'icmp' 'icmp_ln292' <Predicate = true> <Delay = 0.65> <CoreInst = "Cmp">   --->   Core 9 'Cmp' <Latency = 0> <II = 1> <Delay = 0.63> <FuncUnit> <Opcode : 'icmp'> <InPorts = 2> <OutPorts = 1>
ST_1 : Operation 11 [1/1] (0.00ns)   --->   "%empty = speclooptripcount i32 @_ssdm_op_SpecLoopTripCount, i64 8, i64 8, i64 8"   --->   Operation 11 'speclooptripcount' 'empty' <Predicate = true> <Delay = 0.00>
ST_1 : Operation 12 [1/1] (0.70ns)   --->   "%add_ln292 = add i4 %i_2, i4 1" [/home/efrink/mled/split_cu/U280_CRC_Accelerator/src/kernel.cpp:292]   --->   Operation 12 'add' 'add_ln292' <Predicate = true> <Delay = 0.70> <CoreInst = "Adder">   --->   Core 1 'Adder' <Latency = 0> <II = 1> <Delay = 0.70> <FuncUnit> <Opcode : 'add' 'sub'> <InPorts = 2> <OutPorts = 1>
ST_1 : Operation 13 [1/1] (0.00ns)   --->   "%br_ln292 = br i1 %icmp_ln292, void %for.inc97.split, void %for.body.i58.exitStub" [/home/efrink/mled/split_cu/U280_CRC_Accelerator/src/kernel.cpp:292]   --->   Operation 13 'br' 'br_ln292' <Predicate = true> <Delay = 0.00>
ST_1 : Operation 14 [1/1] (0.00ns)   --->   "%specpipeline_ln294 = specpipeline void @_ssdm_op_SpecPipeline, i32 1, i32 0, i32 0, i32 0, void @empty" [/home/efrink/mled/split_cu/U280_CRC_Accelerator/src/kernel.cpp:294]   --->   Operation 14 'specpipeline' 'specpipeline_ln294' <Predicate = (!icmp_ln292)> <Delay = 0.00>
ST_1 : Operation 15 [1/1] (0.00ns)   --->   "%specloopname_ln292 = specloopname void @_ssdm_op_SpecLoopName, void @empty_10" [/home/efrink/mled/split_cu/U280_CRC_Accelerator/src/kernel.cpp:292]   --->   Operation 15 'specloopname' 'specloopname_ln292' <Predicate = (!icmp_ln292)> <Delay = 0.00>
ST_1 : Operation 16 [1/1] (0.00ns) (grouped into LUT with out node lshr_ln295)   --->   "%trunc_ln295 = trunc i4 %i_2" [/home/efrink/mled/split_cu/U280_CRC_Accelerator/src/kernel.cpp:295]   --->   Operation 16 'trunc' 'trunc_ln295' <Predicate = (!icmp_ln292)> <Delay = 0.00>
ST_1 : Operation 17 [1/1] (0.00ns) (grouped into LUT with out node lshr_ln295)   --->   "%xor_ln295 = xor i3 %trunc_ln295, i3 7" [/home/efrink/mled/split_cu/U280_CRC_Accelerator/src/kernel.cpp:295]   --->   Operation 17 'xor' 'xor_ln295' <Predicate = (!icmp_ln292)> <Delay = 0.00> <CoreInst = "LogicGate">   --->   Core 74 'LogicGate' <Latency = 0> <II = 1> <Delay = 0.12> <FuncUnit> <Opcode : 'and' 'or' 'xor'> <InPorts = 2> <OutPorts = 1>
ST_1 : Operation 18 [1/1] (0.00ns) (grouped into LUT with out node lshr_ln295)   --->   "%shl_ln4 = bitconcatenate i6 @_ssdm_op_BitConcatenate.i6.i3.i3, i3 %xor_ln295, i3 0" [/home/efrink/mled/split_cu/U280_CRC_Accelerator/src/kernel.cpp:295]   --->   Operation 18 'bitconcatenate' 'shl_ln4' <Predicate = (!icmp_ln292)> <Delay = 0.00>
ST_1 : Operation 19 [1/1] (0.00ns) (grouped into LUT with out node lshr_ln295)   --->   "%zext_ln295 = zext i6 %shl_ln4" [/home/efrink/mled/split_cu/U280_CRC_Accelerator/src/kernel.cpp:295]   --->   Operation 19 'zext' 'zext_ln295' <Predicate = (!icmp_ln292)> <Delay = 0.00>
ST_1 : Operation 20 [1/1] (1.16ns) (out node of the LUT)   --->   "%lshr_ln295 = lshr i64 %zext_ln266_cast, i64 %zext_ln295" [/home/efrink/mled/split_cu/U280_CRC_Accelerator/src/kernel.cpp:295]   --->   Operation 20 'lshr' 'lshr_ln295' <Predicate = (!icmp_ln292)> <Delay = 1.16> <CoreInst = "Shifter">   --->   Core 75 'Shifter' <Latency = 0> <II = 1> <Delay = 1.09> <FuncUnit> <Opcode : 'shl' 'lshr' 'ashr'> <InPorts = 2> <OutPorts = 1>
ST_1 : Operation 21 [1/1] (0.00ns)   --->   "%trunc_ln295_1 = trunc i64 %lshr_ln295" [/home/efrink/mled/split_cu/U280_CRC_Accelerator/src/kernel.cpp:295]   --->   Operation 21 'trunc' 'trunc_ln295_1' <Predicate = (!icmp_ln292)> <Delay = 0.00>
ST_1 : Operation 22 [1/1] (0.22ns)   --->   "%xor_ln295_1 = xor i4 %i_2, i4 8" [/home/efrink/mled/split_cu/U280_CRC_Accelerator/src/kernel.cpp:295]   --->   Operation 22 'xor' 'xor_ln295_1' <Predicate = (!icmp_ln292)> <Delay = 0.22> <CoreInst = "LogicGate">   --->   Core 74 'LogicGate' <Latency = 0> <II = 1> <Delay = 0.10> <FuncUnit> <Opcode : 'and' 'or' 'xor'> <InPorts = 2> <OutPorts = 1>
ST_1 : Operation 23 [1/1] (0.00ns)   --->   "%sext_ln295 = sext i4 %xor_ln295_1" [/home/efrink/mled/split_cu/U280_CRC_Accelerator/src/kernel.cpp:295]   --->   Operation 23 'sext' 'sext_ln295' <Predicate = (!icmp_ln292)> <Delay = 0.00>
ST_1 : Operation 24 [1/1] (0.00ns)   --->   "%zext_ln295_1 = zext i6 %sext_ln295" [/home/efrink/mled/split_cu/U280_CRC_Accelerator/src/kernel.cpp:295]   --->   Operation 24 'zext' 'zext_ln295_1' <Predicate = (!icmp_ln292)> <Delay = 0.00>
ST_1 : Operation 25 [1/1] (0.00ns)   --->   "%pad_block_addr = getelementptr i8 %pad_block, i64 0, i64 %zext_ln295_1" [/home/efrink/mled/split_cu/U280_CRC_Accelerator/src/kernel.cpp:295]   --->   Operation 25 'getelementptr' 'pad_block_addr' <Predicate = (!icmp_ln292)> <Delay = 0.00>
ST_1 : Operation 26 [1/1] (0.66ns)   --->   "%store_ln295 = store i8 %trunc_ln295_1, i6 %pad_block_addr" [/home/efrink/mled/split_cu/U280_CRC_Accelerator/src/kernel.cpp:295]   --->   Operation 26 'store' 'store_ln295' <Predicate = (!icmp_ln292)> <Delay = 0.66> <CoreInst = "RAM">   --->   Core 83 'RAM' <Latency = 1> <II = 1> <Delay = 0.66> <Storage> <Opcode : 'load' 'store'> <Ports = 2> <Width = 8> <Depth = 64> <RAM>
ST_1 : Operation 27 [1/1] (0.38ns)   --->   "%store_ln292 = store i4 %add_ln292, i4 %i" [/home/efrink/mled/split_cu/U280_CRC_Accelerator/src/kernel.cpp:292]   --->   Operation 27 'store' 'store_ln292' <Predicate = (!icmp_ln292)> <Delay = 0.38>
ST_1 : Operation 28 [1/1] (0.00ns)   --->   "%br_ln292 = br void %for.inc97" [/home/efrink/mled/split_cu/U280_CRC_Accelerator/src/kernel.cpp:292]   --->   Operation 28 'br' 'br_ln292' <Predicate = (!icmp_ln292)> <Delay = 0.00>
ST_1 : Operation 29 [1/1] (0.00ns)   --->   "%ret_ln0 = ret"   --->   Operation 29 'ret' 'ret_ln0' <Predicate = (icmp_ln292)> <Delay = 0.00>


============================================================
+ Verbose Summary: Binding
============================================================
STG Binding: 
---------------- STG Properties BEGIN ----------------
- Is combinational: 0
- Is one-state seq: 0
- Is datapath-only: 0
- Is pipelined: 0
- Is top level: 0
Port [ Return ] is wired: 1; IO mode=ap_ctrl_hs:ce=0
Port [ zext_ln266]:  wired=1; compound=0; hidden=0; nouse=0; global=0; static=0; extern=0; dir=0; type=0; pingpong=0; private_global=0; IO mode=ap_none:ce=0
Port [ pad_block]:  wired=1; compound=1; hidden=0; nouse=0; global=0; static=0; extern=0; dir=1; type=1; pingpong=0; private_global=0; MemPort=[03]; IO mode=ap_memory:ce=0
---------------- STG Properties END ------------------

---------------- Datapath Model BEGIN ----------------

<LifeTime>
<method=bitvector/>
i                  (alloca           ) [ 01]
zext_ln266_read    (read             ) [ 00]
zext_ln266_cast    (zext             ) [ 00]
store_ln0          (store            ) [ 00]
br_ln0             (br               ) [ 00]
i_2                (load             ) [ 00]
icmp_ln292         (icmp             ) [ 01]
empty              (speclooptripcount) [ 00]
add_ln292          (add              ) [ 00]
br_ln292           (br               ) [ 00]
specpipeline_ln294 (specpipeline     ) [ 00]
specloopname_ln292 (specloopname     ) [ 00]
trunc_ln295        (trunc            ) [ 00]
xor_ln295          (xor              ) [ 00]
shl_ln4            (bitconcatenate   ) [ 00]
zext_ln295         (zext             ) [ 00]
lshr_ln295         (lshr             ) [ 00]
trunc_ln295_1      (trunc            ) [ 00]
xor_ln295_1        (xor              ) [ 00]
sext_ln295         (sext             ) [ 00]
zext_ln295_1       (zext             ) [ 00]
pad_block_addr     (getelementptr    ) [ 00]
store_ln295        (store            ) [ 00]
store_ln292        (store            ) [ 00]
br_ln292           (br               ) [ 00]
ret_ln0            (ret              ) [ 00]
</LifeTime>

<model>

<comp_list>
<comp id="0" class="1000" name="zext_ln266">
<pin_list>
<pin id="1" dir="1" index="0" bw="1" slack="0"/>
</pin_list>
<bind>
<StgValue><ssdm name="zext_ln266"/></StgValue>
</bind>
</comp>

<comp id="2" class="1000" name="pad_block">
<pin_list>
<pin id="3" dir="1" index="0" bw="1" slack="0"/>
</pin_list>
<bind>
<StgValue><ssdm name="pad_block"/><MemPortTyVec>0 3 </MemPortTyVec>
</StgValue>
</bind>
</comp>

<comp id="4" class="1001" name="const_4">
<pin_list>
<pin id="5" dir="1" index="0" bw="1" slack="0"/>
</pin_list>
<bind>
<StgValue><ssdm name=""/></StgValue>
</bind>
</comp>

<comp id="6" class="1001" name="const_6">
<pin_list>
<pin id="7" dir="1" index="0" bw="1" slack="0"/>
</pin_list>
<bind>
<StgValue><ssdm name="_ssdm_op_Read.ap_auto.i35"/></StgValue>
</bind>
</comp>

<comp id="8" class="1001" name="const_8">
<pin_list>
<pin id="9" dir="1" index="0" bw="1" slack="0"/>
</pin_list>
<bind>
<StgValue><ssdm name=""/></StgValue>
</bind>
</comp>

<comp id="10" class="1001" name="const_10">
<pin_list>
<pin id="11" dir="1" index="0" bw="1" slack="0"/>
</pin_list>
<bind>
<StgValue><ssdm name=""/></StgValue>
</bind>
</comp>

<comp id="12" class="1001" name="const_12">
<pin_list>
<pin id="13" dir="1" index="0" bw="1" slack="2147483647"/>
</pin_list>
<bind>
<StgValue><ssdm name="_ssdm_op_SpecLoopTripCount"/></StgValue>
</bind>
</comp>

<comp id="14" class="1001" name="const_14">
<pin_list>
<pin id="15" dir="1" index="0" bw="1" slack="2147483647"/>
</pin_list>
<bind>
<StgValue><ssdm name=""/></StgValue>
</bind>
</comp>

<comp id="16" class="1001" name="const_16">
<pin_list>
<pin id="17" dir="1" index="0" bw="1" slack="0"/>
</pin_list>
<bind>
<StgValue><ssdm name=""/></StgValue>
</bind>
</comp>

<comp id="18" class="1001" name="const_18">
<pin_list>
<pin id="19" dir="1" index="0" bw="1" slack="2147483647"/>
</pin_list>
<bind>
<StgValue><ssdm name="_ssdm_op_SpecPipeline"/></StgValue>
</bind>
</comp>

<comp id="20" class="1001" name="const_20">
<pin_list>
<pin id="21" dir="1" index="0" bw="1" slack="2147483647"/>
</pin_list>
<bind>
<StgValue><ssdm name=""/></StgValue>
</bind>
</comp>

<comp id="22" class="1001" name="const_22">
<pin_list>
<pin id="23" dir="1" index="0" bw="1" slack="2147483647"/>
</pin_list>
<bind>
<StgValue><ssdm name="empty"/></StgValue>
</bind>
</comp>

<comp id="24" class="1001" name="const_24">
<pin_list>
<pin id="25" dir="1" index="0" bw="1" slack="2147483647"/>
</pin_list>
<bind>
<StgValue><ssdm name="_ssdm_op_SpecLoopName"/></StgValue>
</bind>
</comp>

<comp id="26" class="1001" name="const_26">
<pin_list>
<pin id="27" dir="1" index="0" bw="1" slack="2147483647"/>
</pin_list>
<bind>
<StgValue><ssdm name="empty_10"/></StgValue>
</bind>
</comp>

<comp id="28" class="1001" name="const_28">
<pin_list>
<pin id="29" dir="1" index="0" bw="1" slack="0"/>
</pin_list>
<bind>
<StgValue><ssdm name=""/></StgValue>
</bind>
</comp>

<comp id="30" class="1001" name="const_30">
<pin_list>
<pin id="31" dir="1" index="0" bw="1" slack="0"/>
</pin_list>
<bind>
<StgValue><ssdm name="_ssdm_op_BitConcatenate.i6.i3.i3"/></StgValue>
</bind>
</comp>

<comp id="32" class="1001" name="const_32">
<pin_list>
<pin id="33" dir="1" index="0" bw="1" slack="0"/>
</pin_list>
<bind>
<StgValue><ssdm name=""/></StgValue>
</bind>
</comp>

<comp id="34" class="1001" name="const_34">
<pin_list>
<pin id="35" dir="1" index="0" bw="1" slack="0"/>
</pin_list>
<bind>
<StgValue><ssdm name=""/></StgValue>
</bind>
</comp>

<comp id="36" class="1004" name="i_fu_36">
<pin_list>
<pin id="37" dir="0" index="0" bw="1" slack="0"/>
<pin id="38" dir="1" index="1" bw="4" slack="0"/>
</pin_list>
<bind>
<opcode="alloca(26) " fcode="alloca"/>
<opset="i/1 "/>
</bind>
</comp>

<comp id="40" class="1004" name="zext_ln266_read_read_fu_40">
<pin_list>
<pin id="41" dir="0" index="0" bw="35" slack="0"/>
<pin id="42" dir="0" index="1" bw="35" slack="0"/>
<pin id="43" dir="1" index="2" bw="35" slack="0"/>
</pin_list>
<bind>
<opcode="read(1150) " fcode="read"/>
<opset="zext_ln266_read/1 "/>
</bind>
</comp>

<comp id="46" class="1004" name="pad_block_addr_gep_fu_46">
<pin_list>
<pin id="47" dir="0" index="0" bw="8" slack="0"/>
<pin id="48" dir="0" index="1" bw="1" slack="0"/>
<pin id="49" dir="0" index="2" bw="6" slack="0"/>
<pin id="50" dir="1" index="3" bw="6" slack="0"/>
</pin_list>
<bind>
<opcode="getelementptr(29) " fcode="getelementptr"/>
<opset="pad_block_addr/1 "/>
</bind>
</comp>

<comp id="53" class="1004" name="store_ln295_access_fu_53">
<pin_list>
<pin id="54" dir="0" index="0" bw="6" slack="0"/>
<pin id="55" dir="0" index="1" bw="8" slack="0"/>
<pin id="56" dir="0" index="2" bw="0" slack="2147483647"/>
<pin id="57" dir="1" index="3" bw="8" slack="2147483647"/>
</pin_list>
<bind>
<opcode="store(28) " fcode="store"/>
<opset="store_ln295/1 "/>
</bind>
</comp>

<comp id="59" class="1004" name="zext_ln266_cast_fu_59">
<pin_list>
<pin id="60" dir="0" index="0" bw="35" slack="0"/>
<pin id="61" dir="1" index="1" bw="64" slack="0"/>
</pin_list>
<bind>
<opcode="zext(34) " fcode="zext"/>
<opset="zext_ln266_cast/1 "/>
</bind>
</comp>

<comp id="63" class="1004" name="store_ln0_store_fu_63">
<pin_list>
<pin id="64" dir="0" index="0" bw="1" slack="0"/>
<pin id="65" dir="0" index="1" bw="4" slack="0"/>
<pin id="66" dir="1" index="2" bw="0" slack="2147483647"/>
</pin_list>
<bind>
<opcode="store(28) " fcode="store"/>
<opset="store_ln0/1 "/>
</bind>
</comp>

<comp id="68" class="1004" name="i_2_load_fu_68">
<pin_list>
<pin id="69" dir="0" index="0" bw="4" slack="0"/>
<pin id="70" dir="1" index="1" bw="4" slack="0"/>
</pin_list>
<bind>
<opcode="load(27) " fcode="load"/>
<opset="i_2/1 "/>
</bind>
</comp>

<comp id="71" class="1004" name="icmp_ln292_fu_71">
<pin_list>
<pin id="72" dir="0" index="0" bw="4" slack="0"/>
<pin id="73" dir="0" index="1" bw="4" slack="0"/>
<pin id="74" dir="1" index="2" bw="1" slack="2147483647"/>
</pin_list>
<bind>
<opcode="icmp(45) " fcode="icmp"/>
<opset="icmp_ln292/1 "/>
</bind>
</comp>

<comp id="77" class="1004" name="add_ln292_fu_77">
<pin_list>
<pin id="78" dir="0" index="0" bw="4" slack="0"/>
<pin id="79" dir="0" index="1" bw="1" slack="0"/>
<pin id="80" dir="1" index="2" bw="4" slack="0"/>
</pin_list>
<bind>
<opcode="add(8) " fcode="add"/>
<opset="add_ln292/1 "/>
</bind>
</comp>

<comp id="83" class="1004" name="trunc_ln295_fu_83">
<pin_list>
<pin id="84" dir="0" index="0" bw="4" slack="0"/>
<pin id="85" dir="1" index="1" bw="3" slack="0"/>
</pin_list>
<bind>
<opcode="trunc(33) " fcode="trunc"/>
<opset="trunc_ln295/1 "/>
</bind>
</comp>

<comp id="87" class="1004" name="xor_ln295_fu_87">
<pin_list>
<pin id="88" dir="0" index="0" bw="3" slack="0"/>
<pin id="89" dir="0" index="1" bw="3" slack="0"/>
<pin id="90" dir="1" index="2" bw="3" slack="0"/>
</pin_list>
<bind>
<opcode="xor(25) " fcode="xor"/>
<opset="xor_ln295/1 "/>
</bind>
</comp>

<comp id="93" class="1004" name="shl_ln4_fu_93">
<pin_list>
<pin id="94" dir="0" index="0" bw="6" slack="0"/>
<pin id="95" dir="0" index="1" bw="3" slack="0"/>
<pin id="96" dir="0" index="2" bw="1" slack="0"/>
<pin id="97" dir="1" index="3" bw="6" slack="0"/>
</pin_list>
<bind>
<opcode="bitconcatenate(1004) " fcode="bitconcatenate"/>
<opset="shl_ln4/1 "/>
</bind>
</comp>

<comp id="101" class="1004" name="zext_ln295_fu_101">
<pin_list>
<pin id="102" dir="0" index="0" bw="6" slack="0"/>
<pin id="103" dir="1" index="1" bw="64" slack="0"/>
</pin_list>
<bind>
<opcode="zext(34) " fcode="zext"/>
<opset="zext_ln295/1 "/>
</bind>
</comp>

<comp id="105" class="1004" name="lshr_ln295_fu_105">
<pin_list>
<pin id="106" dir="0" index="0" bw="35" slack="0"/>
<pin id="107" dir="0" index="1" bw="6" slack="0"/>
<pin id="108" dir="1" index="2" bw="64" slack="0"/>
</pin_list>
<bind>
<opcode="lshr(21) " fcode="lshr"/>
<opset="lshr_ln295/1 "/>
</bind>
</comp>

<comp id="111" class="1004" name="trunc_ln295_1_fu_111">
<pin_list>
<pin id="112" dir="0" index="0" bw="64" slack="0"/>
<pin id="113" dir="1" index="1" bw="8" slack="0"/>
</pin_list>
<bind>
<opcode="trunc(33) " fcode="trunc"/>
<opset="trunc_ln295_1/1 "/>
</bind>
</comp>

<comp id="116" class="1004" name="xor_ln295_1_fu_116">
<pin_list>
<pin id="117" dir="0" index="0" bw="4" slack="0"/>
<pin id="118" dir="0" index="1" bw="4" slack="0"/>
<pin id="119" dir="1" index="2" bw="4" slack="0"/>
</pin_list>
<bind>
<opcode="xor(25) " fcode="xor"/>
<opset="xor_ln295_1/1 "/>
</bind>
</comp>

<comp id="122" class="1004" name="sext_ln295_fu_122">
<pin_list>
<pin id="123" dir="0" index="0" bw="4" slack="0"/>
<pin id="124" dir="1" index="1" bw="6" slack="0"/>
</pin_list>
<bind>
<opcode="sext(35) " fcode="sext"/>
<opset="sext_ln295/1 "/>
</bind>
</comp>

<comp id="126" class="1004" name="zext_ln295_1_fu_126">
<pin_list>
<pin id="127" dir="0" index="0" bw="4" slack="0"/>
<pin id="128" dir="1" index="1" bw="64" slack="0"/>
</pin_list>
<bind>
<opcode="zext(34) " fcode="zext"/>
<opset="zext_ln295_1/1 "/>
</bind>
</comp>

<comp id="131" class="1004" name="store_ln292_store_fu_131">
<pin_list>
<pin id="132" dir="0" index="0" bw="4" slack="0"/>
<pin id="133" dir="0" index="1" bw="4" slack="0"/>
<pin id="134" dir="1" index="2" bw="0" slack="2147483647"/>
</pin_list>
<bind>
<opcode="store(28) " fcode="store"/>
<opset="store_ln292/1 "/>
</bind>
</comp>

<comp id="136" class="1005" name="i_reg_136">
<pin_list>
<pin id="137" dir="0" index="0" bw="4" slack="0"/>
<pin id="138" dir="1" index="1" bw="4" slack="0"/>
</pin_list>
<bind>
<opset="i "/>
</bind>
</comp>

</comp_list>

<net_list>
<net id="39"><net_src comp="4" pin="0"/><net_sink comp="36" pin=0"/></net>

<net id="44"><net_src comp="6" pin="0"/><net_sink comp="40" pin=0"/></net>

<net id="45"><net_src comp="0" pin="0"/><net_sink comp="40" pin=1"/></net>

<net id="51"><net_src comp="2" pin="0"/><net_sink comp="46" pin=0"/></net>

<net id="52"><net_src comp="34" pin="0"/><net_sink comp="46" pin=1"/></net>

<net id="58"><net_src comp="46" pin="3"/><net_sink comp="53" pin=0"/></net>

<net id="62"><net_src comp="40" pin="2"/><net_sink comp="59" pin=0"/></net>

<net id="67"><net_src comp="8" pin="0"/><net_sink comp="63" pin=0"/></net>

<net id="75"><net_src comp="68" pin="1"/><net_sink comp="71" pin=0"/></net>

<net id="76"><net_src comp="10" pin="0"/><net_sink comp="71" pin=1"/></net>

<net id="81"><net_src comp="68" pin="1"/><net_sink comp="77" pin=0"/></net>

<net id="82"><net_src comp="16" pin="0"/><net_sink comp="77" pin=1"/></net>

<net id="86"><net_src comp="68" pin="1"/><net_sink comp="83" pin=0"/></net>

<net id="91"><net_src comp="83" pin="1"/><net_sink comp="87" pin=0"/></net>

<net id="92"><net_src comp="28" pin="0"/><net_sink comp="87" pin=1"/></net>

<net id="98"><net_src comp="30" pin="0"/><net_sink comp="93" pin=0"/></net>

<net id="99"><net_src comp="87" pin="2"/><net_sink comp="93" pin=1"/></net>

<net id="100"><net_src comp="32" pin="0"/><net_sink comp="93" pin=2"/></net>

<net id="104"><net_src comp="93" pin="3"/><net_sink comp="101" pin=0"/></net>

<net id="109"><net_src comp="59" pin="1"/><net_sink comp="105" pin=0"/></net>

<net id="110"><net_src comp="101" pin="1"/><net_sink comp="105" pin=1"/></net>

<net id="114"><net_src comp="105" pin="2"/><net_sink comp="111" pin=0"/></net>

<net id="115"><net_src comp="111" pin="1"/><net_sink comp="53" pin=1"/></net>

<net id="120"><net_src comp="68" pin="1"/><net_sink comp="116" pin=0"/></net>

<net id="121"><net_src comp="10" pin="0"/><net_sink comp="116" pin=1"/></net>

<net id="125"><net_src comp="116" pin="2"/><net_sink comp="122" pin=0"/></net>

<net id="129"><net_src comp="122" pin="1"/><net_sink comp="126" pin=0"/></net>

<net id="130"><net_src comp="126" pin="1"/><net_sink comp="46" pin=2"/></net>

<net id="135"><net_src comp="77" pin="2"/><net_sink comp="131" pin=0"/></net>

<net id="139"><net_src comp="36" pin="1"/><net_sink comp="136" pin=0"/></net>

<net id="140"><net_src comp="136" pin="1"/><net_sink comp="63" pin=1"/></net>

<net id="141"><net_src comp="136" pin="1"/><net_sink comp="68" pin=0"/></net>

<net id="142"><net_src comp="136" pin="1"/><net_sink comp="131" pin=1"/></net>

</net_list>

</model> 
---------------- Datapath Model END ------------------

* FSMD analyzer results:
  - Output states:
	Port: pad_block | {1 }
 - Input state : 
	Port: sha256_process_chunk_Pipeline_len_store_double : zext_ln266 | {1 }
  - Chain level:
	State 1
		store_ln0 : 1
		i_2 : 1
		icmp_ln292 : 2
		add_ln292 : 2
		br_ln292 : 3
		trunc_ln295 : 2
		xor_ln295 : 3
		shl_ln4 : 3
		zext_ln295 : 4
		lshr_ln295 : 5
		trunc_ln295_1 : 6
		xor_ln295_1 : 2
		sext_ln295 : 2
		zext_ln295_1 : 3
		pad_block_addr : 4
		store_ln295 : 7
		store_ln292 : 3


============================================================
+ Verbose Summary: Datapath Resource usage 
============================================================

* Functional unit list:
|----------|----------------------------|---------|---------|
| Operation|       Functional Unit      |    FF   |   LUT   |
|----------|----------------------------|---------|---------|
|   lshr   |      lshr_ln295_fu_105     |    0    |   113   |
|----------|----------------------------|---------|---------|
|    add   |       add_ln292_fu_77      |    0    |    12   |
|----------|----------------------------|---------|---------|
|   icmp   |      icmp_ln292_fu_71      |    0    |    9    |
|----------|----------------------------|---------|---------|
|    xor   |       xor_ln295_fu_87      |    0    |    3    |
|          |     xor_ln295_1_fu_116     |    0    |    4    |
|----------|----------------------------|---------|---------|
|   read   | zext_ln266_read_read_fu_40 |    0    |    0    |
|----------|----------------------------|---------|---------|
|          |    zext_ln266_cast_fu_59   |    0    |    0    |
|   zext   |      zext_ln295_fu_101     |    0    |    0    |
|          |     zext_ln295_1_fu_126    |    0    |    0    |
|----------|----------------------------|---------|---------|
|   trunc  |      trunc_ln295_fu_83     |    0    |    0    |
|          |    trunc_ln295_1_fu_111    |    0    |    0    |
|----------|----------------------------|---------|---------|
|bitconcatenate|        shl_ln4_fu_93       |    0    |    0    |
|----------|----------------------------|---------|---------|
|   sext   |      sext_ln295_fu_122     |    0    |    0    |
|----------|----------------------------|---------|---------|
|   Total  |                            |    0    |   141   |
|----------|----------------------------|---------|---------|

Memories:
N/A

* Register list:
+---------+--------+
|         |   FF   |
+---------+--------+
|i_reg_136|    4   |
+---------+--------+
|  Total  |    4   |
+---------+--------+

* Multiplexer (MUX) list: 
|--------|------|------|------|--------|
|  Comp  |  Pin | Size |  BW  | S x BW |
|--------|------|------|------|--------|
|  Total |      |      |      |    0   |
|--------|------|------|------|--------|



* Summary:
+-----------+--------+--------+
|           |   FF   |   LUT  |
+-----------+--------+--------+
|  Function |    0   |   141  |
|   Memory  |    -   |    -   |
|Multiplexer|    -   |    -   |
|  Register |    4   |    -   |
+-----------+--------+--------+
|   Total   |    4   |   141  |
+-----------+--------+--------+
