

================================================================
== Vitis HLS Report for 'sha256_compress_block'
================================================================
* Date:           Thu Apr  2 18:19:24 2026

* Version:        2022.1 (Build 3526262 on Mon Apr 18 15:47:01 MDT 2022)
* Project:        calculate_sha256
* Solution:       solution (Vitis Kernel Flow Target)
* Product family: virtexuplus
* Target device:  xcu280-fsvh2892-2L-e


================================================================
== Performance Estimates
================================================================
+ Timing: 
    * Summary: 
    +--------+---------+----------+------------+
    |  Clock |  Target | Estimated| Uncertainty|
    +--------+---------+----------+------------+
    |ap_clk  |  3.33 ns|  2.939 ns|     0.90 ns|
    +--------+---------+----------+------------+

+ Latency: 
    * Summary: 
    +---------+---------+----------+----------+-----+-----+---------+
    |  Latency (cycles) |  Latency (absolute) |  Interval | Pipeline|
    |   min   |   max   |    min   |    max   | min | max |   Type  |
    +---------+---------+----------+----------+-----+-----+---------+
    |       70|       70|  0.233 us|  0.233 us|   70|   70|       no|
    +---------+---------+----------+----------+-----+-----+---------+

    + Detail: 
        * Instance: 
        N/A

        * Loop: 
        N/A

============================================================
+ Verbose Summary: Synthesis Manager
============================================================
InlineROM: 1
ExposeGlobal: 0
============================================================
+ Verbose Summary: CDFG Model
============================================================
IsTopModel: 0
ResetActiveHigh: 1
IsCombinational: 0
IsDatapathOnly: 0
HasWiredReturn: 1
HasMFsm: 0
HasVarLatency: 1
IsPipeline: 0
IsRtlPipelined: 0
IsInstanceOverlapped: 0
IsDontTouch: 0
HasImplIP: 0
IsGatedGlobalClock: 0


============================================================
+ Verbose Summary: Schedule
============================================================
* Number of FSM states : 3
* Pipeline : 0
* Dataflow Pipeline: 0

* FSM state transitions: 
1 --> 2 
2 --> 3 
3 --> 

* FSM state operations: 

State 1 <SV = 0> <Delay = 0.38>
ST_1 : Operation 4 [1/1] (0.00ns)   --->   "%state_7_read11 = read i32 @_ssdm_op_Read.ap_auto.i32, i32 %state_7_read"   --->   Operation 4 'read' 'state_7_read11' <Predicate = true> <Delay = 0.00>
ST_1 : Operation 5 [1/1] (0.00ns)   --->   "%state_6_read_2 = read i32 @_ssdm_op_Read.ap_auto.i32, i32 %state_6_read"   --->   Operation 5 'read' 'state_6_read_2' <Predicate = true> <Delay = 0.00>
ST_1 : Operation 6 [1/1] (0.00ns)   --->   "%state_5_read_2 = read i32 @_ssdm_op_Read.ap_auto.i32, i32 %state_5_read"   --->   Operation 6 'read' 'state_5_read_2' <Predicate = true> <Delay = 0.00>
ST_1 : Operation 7 [1/1] (0.00ns)   --->   "%state_4_read_2 = read i32 @_ssdm_op_Read.ap_auto.i32, i32 %state_4_read"   --->   Operation 7 'read' 'state_4_read_2' <Predicate = true> <Delay = 0.00>
ST_1 : Operation 8 [1/1] (0.00ns)   --->   "%state_3_read_2 = read i32 @_ssdm_op_Read.ap_auto.i32, i32 %state_3_read"   --->   Operation 8 'read' 'state_3_read_2' <Predicate = true> <Delay = 0.00>
ST_1 : Operation 9 [1/1] (0.00ns)   --->   "%state_2_read_2 = read i32 @_ssdm_op_Read.ap_auto.i32, i32 %state_2_read"   --->   Operation 9 'read' 'state_2_read_2' <Predicate = true> <Delay = 0.00>
ST_1 : Operation 10 [1/1] (0.00ns)   --->   "%state_1_read_2 = read i32 @_ssdm_op_Read.ap_auto.i32, i32 %state_1_read"   --->   Operation 10 'read' 'state_1_read_2' <Predicate = true> <Delay = 0.00>
ST_1 : Operation 11 [1/1] (0.00ns)   --->   "%state_0_read_2 = read i32 @_ssdm_op_Read.ap_auto.i32, i32 %state_0_read"   --->   Operation 11 'read' 'state_0_read_2' <Predicate = true> <Delay = 0.00>
ST_1 : Operation 12 [1/1] (0.00ns)   --->   "%block_V_read_1 = read i512 @_ssdm_op_Read.ap_auto.i512, i512 %block_V_read"   --->   Operation 12 'read' 'block_V_read_1' <Predicate = true> <Delay = 0.00>
ST_1 : Operation 13 [1/1] (0.00ns)   --->   "%h_loc = alloca i64 1"   --->   Operation 13 'alloca' 'h_loc' <Predicate = true> <Delay = 0.00>
ST_1 : Operation 14 [1/1] (0.00ns)   --->   "%g_loc = alloca i64 1"   --->   Operation 14 'alloca' 'g_loc' <Predicate = true> <Delay = 0.00>
ST_1 : Operation 15 [1/1] (0.00ns)   --->   "%f_loc = alloca i64 1"   --->   Operation 15 'alloca' 'f_loc' <Predicate = true> <Delay = 0.00>
ST_1 : Operation 16 [1/1] (0.00ns)   --->   "%e_2_loc = alloca i64 1"   --->   Operation 16 'alloca' 'e_2_loc' <Predicate = true> <Delay = 0.00>
ST_1 : Operation 17 [1/1] (0.00ns)   --->   "%d_loc = alloca i64 1"   --->   Operation 17 'alloca' 'd_loc' <Predicate = true> <Delay = 0.00>
ST_1 : Operation 18 [1/1] (0.00ns)   --->   "%c_loc = alloca i64 1"   --->   Operation 18 'alloca' 'c_loc' <Predicate = true> <Delay = 0.00>
ST_1 : Operation 19 [1/1] (0.00ns)   --->   "%b_loc = alloca i64 1"   --->   Operation 19 'alloca' 'b_loc' <Predicate = true> <Delay = 0.00>
ST_1 : Operation 20 [1/1] (0.00ns)   --->   "%a_2_loc = alloca i64 1"   --->   Operation 20 'alloca' 'a_2_loc' <Predicate = true> <Delay = 0.00>
ST_1 : Operation 21 [1/1] (0.00ns)   --->   "%tmp_4 = partselect i8 @_ssdm_op_PartSelect.i8.i512.i32.i32, i512 %block_V_read_1, i32 8, i32 15" [/home/efrink/mled/split_cu/U280_CRC_Accelerator/src/kernel.cpp:104]   --->   Operation 21 'partselect' 'tmp_4' <Predicate = true> <Delay = 0.00>
ST_1 : Operation 22 [1/1] (0.00ns)   --->   "%tmp_6 = partselect i8 @_ssdm_op_PartSelect.i8.i512.i32.i32, i512 %block_V_read_1, i32 16, i32 23" [/home/efrink/mled/split_cu/U280_CRC_Accelerator/src/kernel.cpp:105]   --->   Operation 22 'partselect' 'tmp_6' <Predicate = true> <Delay = 0.00>
ST_1 : Operation 23 [1/1] (0.00ns)   --->   "%tmp_3 = partselect i8 @_ssdm_op_PartSelect.i8.i512.i32.i32, i512 %block_V_read_1, i32 24, i32 31"   --->   Operation 23 'partselect' 'tmp_3' <Predicate = true> <Delay = 0.00>
ST_1 : Operation 24 [1/1] (0.00ns)   --->   "%trunc_ln104 = trunc i512 %block_V_read_1" [/home/efrink/mled/split_cu/U280_CRC_Accelerator/src/kernel.cpp:104]   --->   Operation 24 'trunc' 'trunc_ln104' <Predicate = true> <Delay = 0.00>
ST_1 : Operation 25 [1/1] (0.00ns)   --->   "%wbuf = bitconcatenate i32 @_ssdm_op_BitConcatenate.i32.i8.i8.i8.i8, i8 %trunc_ln104, i8 %tmp_4, i8 %tmp_6, i8 %tmp_3" [/home/efrink/mled/split_cu/U280_CRC_Accelerator/src/kernel.cpp:105]   --->   Operation 25 'bitconcatenate' 'wbuf' <Predicate = true> <Delay = 0.00>
ST_1 : Operation 26 [1/1] (0.00ns)   --->   "%tmp_7 = partselect i8 @_ssdm_op_PartSelect.i8.i512.i32.i32, i512 %block_V_read_1, i32 40, i32 47" [/home/efrink/mled/split_cu/U280_CRC_Accelerator/src/kernel.cpp:104]   --->   Operation 26 'partselect' 'tmp_7' <Predicate = true> <Delay = 0.00>
ST_1 : Operation 27 [1/1] (0.00ns)   --->   "%tmp_10 = partselect i8 @_ssdm_op_PartSelect.i8.i512.i32.i32, i512 %block_V_read_1, i32 48, i32 55" [/home/efrink/mled/split_cu/U280_CRC_Accelerator/src/kernel.cpp:105]   --->   Operation 27 'partselect' 'tmp_10' <Predicate = true> <Delay = 0.00>
ST_1 : Operation 28 [1/1] (0.00ns)   --->   "%tmp_8 = partselect i8 @_ssdm_op_PartSelect.i8.i512.i32.i32, i512 %block_V_read_1, i32 56, i32 63"   --->   Operation 28 'partselect' 'tmp_8' <Predicate = true> <Delay = 0.00>
ST_1 : Operation 29 [1/1] (0.00ns)   --->   "%tmp_5 = partselect i8 @_ssdm_op_PartSelect.i8.i512.i32.i32, i512 %block_V_read_1, i32 32, i32 39" [/home/efrink/mled/split_cu/U280_CRC_Accelerator/src/kernel.cpp:104]   --->   Operation 29 'partselect' 'tmp_5' <Predicate = true> <Delay = 0.00>
ST_1 : Operation 30 [1/1] (0.00ns)   --->   "%wbuf_1 = bitconcatenate i32 @_ssdm_op_BitConcatenate.i32.i8.i8.i8.i8, i8 %tmp_5, i8 %tmp_7, i8 %tmp_10, i8 %tmp_8" [/home/efrink/mled/split_cu/U280_CRC_Accelerator/src/kernel.cpp:105]   --->   Operation 30 'bitconcatenate' 'wbuf_1' <Predicate = true> <Delay = 0.00>
ST_1 : Operation 31 [1/1] (0.00ns)   --->   "%tmp_11 = partselect i8 @_ssdm_op_PartSelect.i8.i512.i32.i32, i512 %block_V_read_1, i32 72, i32 79" [/home/efrink/mled/split_cu/U280_CRC_Accelerator/src/kernel.cpp:104]   --->   Operation 31 'partselect' 'tmp_11' <Predicate = true> <Delay = 0.00>
ST_1 : Operation 32 [1/1] (0.00ns)   --->   "%tmp_14 = partselect i8 @_ssdm_op_PartSelect.i8.i512.i32.i32, i512 %block_V_read_1, i32 80, i32 87" [/home/efrink/mled/split_cu/U280_CRC_Accelerator/src/kernel.cpp:105]   --->   Operation 32 'partselect' 'tmp_14' <Predicate = true> <Delay = 0.00>
ST_1 : Operation 33 [1/1] (0.00ns)   --->   "%tmp_s = partselect i8 @_ssdm_op_PartSelect.i8.i512.i32.i32, i512 %block_V_read_1, i32 88, i32 95"   --->   Operation 33 'partselect' 'tmp_s' <Predicate = true> <Delay = 0.00>
ST_1 : Operation 34 [1/1] (0.00ns)   --->   "%tmp_9 = partselect i8 @_ssdm_op_PartSelect.i8.i512.i32.i32, i512 %block_V_read_1, i32 64, i32 71" [/home/efrink/mled/split_cu/U280_CRC_Accelerator/src/kernel.cpp:104]   --->   Operation 34 'partselect' 'tmp_9' <Predicate = true> <Delay = 0.00>
ST_1 : Operation 35 [1/1] (0.00ns)   --->   "%wbuf_2 = bitconcatenate i32 @_ssdm_op_BitConcatenate.i32.i8.i8.i8.i8, i8 %tmp_9, i8 %tmp_11, i8 %tmp_14, i8 %tmp_s" [/home/efrink/mled/split_cu/U280_CRC_Accelerator/src/kernel.cpp:105]   --->   Operation 35 'bitconcatenate' 'wbuf_2' <Predicate = true> <Delay = 0.00>
ST_1 : Operation 36 [1/1] (0.00ns)   --->   "%tmp_15 = partselect i8 @_ssdm_op_PartSelect.i8.i512.i32.i32, i512 %block_V_read_1, i32 104, i32 111" [/home/efrink/mled/split_cu/U280_CRC_Accelerator/src/kernel.cpp:104]   --->   Operation 36 'partselect' 'tmp_15' <Predicate = true> <Delay = 0.00>
ST_1 : Operation 37 [1/1] (0.00ns)   --->   "%tmp_17 = partselect i8 @_ssdm_op_PartSelect.i8.i512.i32.i32, i512 %block_V_read_1, i32 112, i32 119" [/home/efrink/mled/split_cu/U280_CRC_Accelerator/src/kernel.cpp:105]   --->   Operation 37 'partselect' 'tmp_17' <Predicate = true> <Delay = 0.00>
ST_1 : Operation 38 [1/1] (0.00ns)   --->   "%tmp_1 = partselect i8 @_ssdm_op_PartSelect.i8.i512.i32.i32, i512 %block_V_read_1, i32 120, i32 127"   --->   Operation 38 'partselect' 'tmp_1' <Predicate = true> <Delay = 0.00>
ST_1 : Operation 39 [1/1] (0.00ns)   --->   "%tmp_2 = partselect i8 @_ssdm_op_PartSelect.i8.i512.i32.i32, i512 %block_V_read_1, i32 96, i32 103" [/home/efrink/mled/split_cu/U280_CRC_Accelerator/src/kernel.cpp:104]   --->   Operation 39 'partselect' 'tmp_2' <Predicate = true> <Delay = 0.00>
ST_1 : Operation 40 [1/1] (0.00ns)   --->   "%wbuf_3 = bitconcatenate i32 @_ssdm_op_BitConcatenate.i32.i8.i8.i8.i8, i8 %tmp_2, i8 %tmp_15, i8 %tmp_17, i8 %tmp_1" [/home/efrink/mled/split_cu/U280_CRC_Accelerator/src/kernel.cpp:105]   --->   Operation 40 'bitconcatenate' 'wbuf_3' <Predicate = true> <Delay = 0.00>
ST_1 : Operation 41 [1/1] (0.00ns)   --->   "%tmp_19 = partselect i8 @_ssdm_op_PartSelect.i8.i512.i32.i32, i512 %block_V_read_1, i32 136, i32 143" [/home/efrink/mled/split_cu/U280_CRC_Accelerator/src/kernel.cpp:104]   --->   Operation 41 'partselect' 'tmp_19' <Predicate = true> <Delay = 0.00>
ST_1 : Operation 42 [1/1] (0.00ns)   --->   "%tmp_21 = partselect i8 @_ssdm_op_PartSelect.i8.i512.i32.i32, i512 %block_V_read_1, i32 144, i32 151" [/home/efrink/mled/split_cu/U280_CRC_Accelerator/src/kernel.cpp:105]   --->   Operation 42 'partselect' 'tmp_21' <Predicate = true> <Delay = 0.00>
ST_1 : Operation 43 [1/1] (0.00ns)   --->   "%tmp_12 = partselect i8 @_ssdm_op_PartSelect.i8.i512.i32.i32, i512 %block_V_read_1, i32 152, i32 159"   --->   Operation 43 'partselect' 'tmp_12' <Predicate = true> <Delay = 0.00>
ST_1 : Operation 44 [1/1] (0.00ns)   --->   "%tmp_13 = partselect i8 @_ssdm_op_PartSelect.i8.i512.i32.i32, i512 %block_V_read_1, i32 128, i32 135" [/home/efrink/mled/split_cu/U280_CRC_Accelerator/src/kernel.cpp:104]   --->   Operation 44 'partselect' 'tmp_13' <Predicate = true> <Delay = 0.00>
ST_1 : Operation 45 [1/1] (0.00ns)   --->   "%wbuf_4 = bitconcatenate i32 @_ssdm_op_BitConcatenate.i32.i8.i8.i8.i8, i8 %tmp_13, i8 %tmp_19, i8 %tmp_21, i8 %tmp_12" [/home/efrink/mled/split_cu/U280_CRC_Accelerator/src/kernel.cpp:105]   --->   Operation 45 'bitconcatenate' 'wbuf_4' <Predicate = true> <Delay = 0.00>
ST_1 : Operation 46 [1/1] (0.00ns)   --->   "%tmp_23 = partselect i8 @_ssdm_op_PartSelect.i8.i512.i32.i32, i512 %block_V_read_1, i32 168, i32 175" [/home/efrink/mled/split_cu/U280_CRC_Accelerator/src/kernel.cpp:104]   --->   Operation 46 'partselect' 'tmp_23' <Predicate = true> <Delay = 0.00>
ST_1 : Operation 47 [1/1] (0.00ns)   --->   "%tmp_25 = partselect i8 @_ssdm_op_PartSelect.i8.i512.i32.i32, i512 %block_V_read_1, i32 176, i32 183" [/home/efrink/mled/split_cu/U280_CRC_Accelerator/src/kernel.cpp:105]   --->   Operation 47 'partselect' 'tmp_25' <Predicate = true> <Delay = 0.00>
ST_1 : Operation 48 [1/1] (0.00ns)   --->   "%tmp_16 = partselect i8 @_ssdm_op_PartSelect.i8.i512.i32.i32, i512 %block_V_read_1, i32 184, i32 191"   --->   Operation 48 'partselect' 'tmp_16' <Predicate = true> <Delay = 0.00>
ST_1 : Operation 49 [1/1] (0.00ns)   --->   "%tmp_18 = partselect i8 @_ssdm_op_PartSelect.i8.i512.i32.i32, i512 %block_V_read_1, i32 160, i32 167" [/home/efrink/mled/split_cu/U280_CRC_Accelerator/src/kernel.cpp:104]   --->   Operation 49 'partselect' 'tmp_18' <Predicate = true> <Delay = 0.00>
ST_1 : Operation 50 [1/1] (0.00ns)   --->   "%wbuf_5 = bitconcatenate i32 @_ssdm_op_BitConcatenate.i32.i8.i8.i8.i8, i8 %tmp_18, i8 %tmp_23, i8 %tmp_25, i8 %tmp_16" [/home/efrink/mled/split_cu/U280_CRC_Accelerator/src/kernel.cpp:105]   --->   Operation 50 'bitconcatenate' 'wbuf_5' <Predicate = true> <Delay = 0.00>
ST_1 : Operation 51 [1/1] (0.00ns)   --->   "%tmp_27 = partselect i8 @_ssdm_op_PartSelect.i8.i512.i32.i32, i512 %block_V_read_1, i32 200, i32 207" [/home/efrink/mled/split_cu/U280_CRC_Accelerator/src/kernel.cpp:104]   --->   Operation 51 'partselect' 'tmp_27' <Predicate = true> <Delay = 0.00>
ST_1 : Operation 52 [1/1] (0.00ns)   --->   "%tmp_29 = partselect i8 @_ssdm_op_PartSelect.i8.i512.i32.i32, i512 %block_V_read_1, i32 208, i32 215" [/home/efrink/mled/split_cu/U280_CRC_Accelerator/src/kernel.cpp:105]   --->   Operation 52 'partselect' 'tmp_29' <Predicate = true> <Delay = 0.00>
ST_1 : Operation 53 [1/1] (0.00ns)   --->   "%tmp_20 = partselect i8 @_ssdm_op_PartSelect.i8.i512.i32.i32, i512 %block_V_read_1, i32 216, i32 223"   --->   Operation 53 'partselect' 'tmp_20' <Predicate = true> <Delay = 0.00>
ST_1 : Operation 54 [1/1] (0.00ns)   --->   "%tmp_22 = partselect i8 @_ssdm_op_PartSelect.i8.i512.i32.i32, i512 %block_V_read_1, i32 192, i32 199" [/home/efrink/mled/split_cu/U280_CRC_Accelerator/src/kernel.cpp:104]   --->   Operation 54 'partselect' 'tmp_22' <Predicate = true> <Delay = 0.00>
ST_1 : Operation 55 [1/1] (0.00ns)   --->   "%wbuf_6 = bitconcatenate i32 @_ssdm_op_BitConcatenate.i32.i8.i8.i8.i8, i8 %tmp_22, i8 %tmp_27, i8 %tmp_29, i8 %tmp_20" [/home/efrink/mled/split_cu/U280_CRC_Accelerator/src/kernel.cpp:105]   --->   Operation 55 'bitconcatenate' 'wbuf_6' <Predicate = true> <Delay = 0.00>
ST_1 : Operation 56 [1/1] (0.00ns)   --->   "%tmp_31 = partselect i8 @_ssdm_op_PartSelect.i8.i512.i32.i32, i512 %block_V_read_1, i32 232, i32 239" [/home/efrink/mled/split_cu/U280_CRC_Accelerator/src/kernel.cpp:104]   --->   Operation 56 'partselect' 'tmp_31' <Predicate = true> <Delay = 0.00>
ST_1 : Operation 57 [1/1] (0.00ns)   --->   "%tmp_33 = partselect i8 @_ssdm_op_PartSelect.i8.i512.i32.i32, i512 %block_V_read_1, i32 240, i32 247" [/home/efrink/mled/split_cu/U280_CRC_Accelerator/src/kernel.cpp:105]   --->   Operation 57 'partselect' 'tmp_33' <Predicate = true> <Delay = 0.00>
ST_1 : Operation 58 [1/1] (0.00ns)   --->   "%tmp_24 = partselect i8 @_ssdm_op_PartSelect.i8.i512.i32.i32, i512 %block_V_read_1, i32 248, i32 255"   --->   Operation 58 'partselect' 'tmp_24' <Predicate = true> <Delay = 0.00>
ST_1 : Operation 59 [1/1] (0.00ns)   --->   "%tmp_26 = partselect i8 @_ssdm_op_PartSelect.i8.i512.i32.i32, i512 %block_V_read_1, i32 224, i32 231" [/home/efrink/mled/split_cu/U280_CRC_Accelerator/src/kernel.cpp:104]   --->   Operation 59 'partselect' 'tmp_26' <Predicate = true> <Delay = 0.00>
ST_1 : Operation 60 [1/1] (0.00ns)   --->   "%wbuf_7 = bitconcatenate i32 @_ssdm_op_BitConcatenate.i32.i8.i8.i8.i8, i8 %tmp_26, i8 %tmp_31, i8 %tmp_33, i8 %tmp_24" [/home/efrink/mled/split_cu/U280_CRC_Accelerator/src/kernel.cpp:105]   --->   Operation 60 'bitconcatenate' 'wbuf_7' <Predicate = true> <Delay = 0.00>
ST_1 : Operation 61 [1/1] (0.00ns)   --->   "%tmp_35 = partselect i8 @_ssdm_op_PartSelect.i8.i512.i32.i32, i512 %block_V_read_1, i32 264, i32 271" [/home/efrink/mled/split_cu/U280_CRC_Accelerator/src/kernel.cpp:104]   --->   Operation 61 'partselect' 'tmp_35' <Predicate = true> <Delay = 0.00>
ST_1 : Operation 62 [1/1] (0.00ns)   --->   "%tmp_37 = partselect i8 @_ssdm_op_PartSelect.i8.i512.i32.i32, i512 %block_V_read_1, i32 272, i32 279" [/home/efrink/mled/split_cu/U280_CRC_Accelerator/src/kernel.cpp:105]   --->   Operation 62 'partselect' 'tmp_37' <Predicate = true> <Delay = 0.00>
ST_1 : Operation 63 [1/1] (0.00ns)   --->   "%tmp_28 = partselect i8 @_ssdm_op_PartSelect.i8.i512.i32.i32, i512 %block_V_read_1, i32 280, i32 287"   --->   Operation 63 'partselect' 'tmp_28' <Predicate = true> <Delay = 0.00>
ST_1 : Operation 64 [1/1] (0.00ns)   --->   "%tmp_30 = partselect i8 @_ssdm_op_PartSelect.i8.i512.i32.i32, i512 %block_V_read_1, i32 256, i32 263" [/home/efrink/mled/split_cu/U280_CRC_Accelerator/src/kernel.cpp:104]   --->   Operation 64 'partselect' 'tmp_30' <Predicate = true> <Delay = 0.00>
ST_1 : Operation 65 [1/1] (0.00ns)   --->   "%wbuf_8 = bitconcatenate i32 @_ssdm_op_BitConcatenate.i32.i8.i8.i8.i8, i8 %tmp_30, i8 %tmp_35, i8 %tmp_37, i8 %tmp_28" [/home/efrink/mled/split_cu/U280_CRC_Accelerator/src/kernel.cpp:105]   --->   Operation 65 'bitconcatenate' 'wbuf_8' <Predicate = true> <Delay = 0.00>
ST_1 : Operation 66 [1/1] (0.00ns)   --->   "%tmp_39 = partselect i8 @_ssdm_op_PartSelect.i8.i512.i32.i32, i512 %block_V_read_1, i32 296, i32 303" [/home/efrink/mled/split_cu/U280_CRC_Accelerator/src/kernel.cpp:104]   --->   Operation 66 'partselect' 'tmp_39' <Predicate = true> <Delay = 0.00>
ST_1 : Operation 67 [1/1] (0.00ns)   --->   "%tmp_41 = partselect i8 @_ssdm_op_PartSelect.i8.i512.i32.i32, i512 %block_V_read_1, i32 304, i32 311" [/home/efrink/mled/split_cu/U280_CRC_Accelerator/src/kernel.cpp:105]   --->   Operation 67 'partselect' 'tmp_41' <Predicate = true> <Delay = 0.00>
ST_1 : Operation 68 [1/1] (0.00ns)   --->   "%tmp_32 = partselect i8 @_ssdm_op_PartSelect.i8.i512.i32.i32, i512 %block_V_read_1, i32 312, i32 319"   --->   Operation 68 'partselect' 'tmp_32' <Predicate = true> <Delay = 0.00>
ST_1 : Operation 69 [1/1] (0.00ns)   --->   "%tmp_34 = partselect i8 @_ssdm_op_PartSelect.i8.i512.i32.i32, i512 %block_V_read_1, i32 288, i32 295" [/home/efrink/mled/split_cu/U280_CRC_Accelerator/src/kernel.cpp:104]   --->   Operation 69 'partselect' 'tmp_34' <Predicate = true> <Delay = 0.00>
ST_1 : Operation 70 [1/1] (0.00ns)   --->   "%wbuf_9 = bitconcatenate i32 @_ssdm_op_BitConcatenate.i32.i8.i8.i8.i8, i8 %tmp_34, i8 %tmp_39, i8 %tmp_41, i8 %tmp_32" [/home/efrink/mled/split_cu/U280_CRC_Accelerator/src/kernel.cpp:105]   --->   Operation 70 'bitconcatenate' 'wbuf_9' <Predicate = true> <Delay = 0.00>
ST_1 : Operation 71 [1/1] (0.00ns)   --->   "%tmp_43 = partselect i8 @_ssdm_op_PartSelect.i8.i512.i32.i32, i512 %block_V_read_1, i32 328, i32 335" [/home/efrink/mled/split_cu/U280_CRC_Accelerator/src/kernel.cpp:104]   --->   Operation 71 'partselect' 'tmp_43' <Predicate = true> <Delay = 0.00>
ST_1 : Operation 72 [1/1] (0.00ns)   --->   "%tmp_45 = partselect i8 @_ssdm_op_PartSelect.i8.i512.i32.i32, i512 %block_V_read_1, i32 336, i32 343" [/home/efrink/mled/split_cu/U280_CRC_Accelerator/src/kernel.cpp:105]   --->   Operation 72 'partselect' 'tmp_45' <Predicate = true> <Delay = 0.00>
ST_1 : Operation 73 [1/1] (0.00ns)   --->   "%tmp_36 = partselect i8 @_ssdm_op_PartSelect.i8.i512.i32.i32, i512 %block_V_read_1, i32 344, i32 351"   --->   Operation 73 'partselect' 'tmp_36' <Predicate = true> <Delay = 0.00>
ST_1 : Operation 74 [1/1] (0.00ns)   --->   "%tmp_38 = partselect i8 @_ssdm_op_PartSelect.i8.i512.i32.i32, i512 %block_V_read_1, i32 320, i32 327" [/home/efrink/mled/split_cu/U280_CRC_Accelerator/src/kernel.cpp:104]   --->   Operation 74 'partselect' 'tmp_38' <Predicate = true> <Delay = 0.00>
ST_1 : Operation 75 [1/1] (0.00ns)   --->   "%wbuf_34 = bitconcatenate i32 @_ssdm_op_BitConcatenate.i32.i8.i8.i8.i8, i8 %tmp_38, i8 %tmp_43, i8 %tmp_45, i8 %tmp_36" [/home/efrink/mled/split_cu/U280_CRC_Accelerator/src/kernel.cpp:105]   --->   Operation 75 'bitconcatenate' 'wbuf_34' <Predicate = true> <Delay = 0.00>
ST_1 : Operation 76 [1/1] (0.00ns)   --->   "%tmp_47 = partselect i8 @_ssdm_op_PartSelect.i8.i512.i32.i32, i512 %block_V_read_1, i32 360, i32 367" [/home/efrink/mled/split_cu/U280_CRC_Accelerator/src/kernel.cpp:104]   --->   Operation 76 'partselect' 'tmp_47' <Predicate = true> <Delay = 0.00>
ST_1 : Operation 77 [1/1] (0.00ns)   --->   "%tmp_49 = partselect i8 @_ssdm_op_PartSelect.i8.i512.i32.i32, i512 %block_V_read_1, i32 368, i32 375" [/home/efrink/mled/split_cu/U280_CRC_Accelerator/src/kernel.cpp:105]   --->   Operation 77 'partselect' 'tmp_49' <Predicate = true> <Delay = 0.00>
ST_1 : Operation 78 [1/1] (0.00ns)   --->   "%tmp_40 = partselect i8 @_ssdm_op_PartSelect.i8.i512.i32.i32, i512 %block_V_read_1, i32 376, i32 383"   --->   Operation 78 'partselect' 'tmp_40' <Predicate = true> <Delay = 0.00>
ST_1 : Operation 79 [1/1] (0.00ns)   --->   "%tmp_42 = partselect i8 @_ssdm_op_PartSelect.i8.i512.i32.i32, i512 %block_V_read_1, i32 352, i32 359" [/home/efrink/mled/split_cu/U280_CRC_Accelerator/src/kernel.cpp:104]   --->   Operation 79 'partselect' 'tmp_42' <Predicate = true> <Delay = 0.00>
ST_1 : Operation 80 [1/1] (0.00ns)   --->   "%wbuf_35 = bitconcatenate i32 @_ssdm_op_BitConcatenate.i32.i8.i8.i8.i8, i8 %tmp_42, i8 %tmp_47, i8 %tmp_49, i8 %tmp_40" [/home/efrink/mled/split_cu/U280_CRC_Accelerator/src/kernel.cpp:105]   --->   Operation 80 'bitconcatenate' 'wbuf_35' <Predicate = true> <Delay = 0.00>
ST_1 : Operation 81 [1/1] (0.00ns)   --->   "%tmp_51 = partselect i8 @_ssdm_op_PartSelect.i8.i512.i32.i32, i512 %block_V_read_1, i32 392, i32 399" [/home/efrink/mled/split_cu/U280_CRC_Accelerator/src/kernel.cpp:104]   --->   Operation 81 'partselect' 'tmp_51' <Predicate = true> <Delay = 0.00>
ST_1 : Operation 82 [1/1] (0.00ns)   --->   "%tmp_53 = partselect i8 @_ssdm_op_PartSelect.i8.i512.i32.i32, i512 %block_V_read_1, i32 400, i32 407" [/home/efrink/mled/split_cu/U280_CRC_Accelerator/src/kernel.cpp:105]   --->   Operation 82 'partselect' 'tmp_53' <Predicate = true> <Delay = 0.00>
ST_1 : Operation 83 [1/1] (0.00ns)   --->   "%tmp_44 = partselect i8 @_ssdm_op_PartSelect.i8.i512.i32.i32, i512 %block_V_read_1, i32 408, i32 415"   --->   Operation 83 'partselect' 'tmp_44' <Predicate = true> <Delay = 0.00>
ST_1 : Operation 84 [1/1] (0.00ns)   --->   "%tmp_46 = partselect i8 @_ssdm_op_PartSelect.i8.i512.i32.i32, i512 %block_V_read_1, i32 384, i32 391" [/home/efrink/mled/split_cu/U280_CRC_Accelerator/src/kernel.cpp:104]   --->   Operation 84 'partselect' 'tmp_46' <Predicate = true> <Delay = 0.00>
ST_1 : Operation 85 [1/1] (0.00ns)   --->   "%wbuf_36 = bitconcatenate i32 @_ssdm_op_BitConcatenate.i32.i8.i8.i8.i8, i8 %tmp_46, i8 %tmp_51, i8 %tmp_53, i8 %tmp_44" [/home/efrink/mled/split_cu/U280_CRC_Accelerator/src/kernel.cpp:105]   --->   Operation 85 'bitconcatenate' 'wbuf_36' <Predicate = true> <Delay = 0.00>
ST_1 : Operation 86 [1/1] (0.00ns)   --->   "%tmp_55 = partselect i8 @_ssdm_op_PartSelect.i8.i512.i32.i32, i512 %block_V_read_1, i32 424, i32 431" [/home/efrink/mled/split_cu/U280_CRC_Accelerator/src/kernel.cpp:104]   --->   Operation 86 'partselect' 'tmp_55' <Predicate = true> <Delay = 0.00>
ST_1 : Operation 87 [1/1] (0.00ns)   --->   "%tmp_57 = partselect i8 @_ssdm_op_PartSelect.i8.i512.i32.i32, i512 %block_V_read_1, i32 432, i32 439" [/home/efrink/mled/split_cu/U280_CRC_Accelerator/src/kernel.cpp:105]   --->   Operation 87 'partselect' 'tmp_57' <Predicate = true> <Delay = 0.00>
ST_1 : Operation 88 [1/1] (0.00ns)   --->   "%tmp_48 = partselect i8 @_ssdm_op_PartSelect.i8.i512.i32.i32, i512 %block_V_read_1, i32 440, i32 447"   --->   Operation 88 'partselect' 'tmp_48' <Predicate = true> <Delay = 0.00>
ST_1 : Operation 89 [1/1] (0.00ns)   --->   "%tmp_50 = partselect i8 @_ssdm_op_PartSelect.i8.i512.i32.i32, i512 %block_V_read_1, i32 416, i32 423" [/home/efrink/mled/split_cu/U280_CRC_Accelerator/src/kernel.cpp:104]   --->   Operation 89 'partselect' 'tmp_50' <Predicate = true> <Delay = 0.00>
ST_1 : Operation 90 [1/1] (0.00ns)   --->   "%wbuf_37 = bitconcatenate i32 @_ssdm_op_BitConcatenate.i32.i8.i8.i8.i8, i8 %tmp_50, i8 %tmp_55, i8 %tmp_57, i8 %tmp_48" [/home/efrink/mled/split_cu/U280_CRC_Accelerator/src/kernel.cpp:105]   --->   Operation 90 'bitconcatenate' 'wbuf_37' <Predicate = true> <Delay = 0.00>
ST_1 : Operation 91 [1/1] (0.00ns)   --->   "%tmp_59 = partselect i8 @_ssdm_op_PartSelect.i8.i512.i32.i32, i512 %block_V_read_1, i32 456, i32 463" [/home/efrink/mled/split_cu/U280_CRC_Accelerator/src/kernel.cpp:104]   --->   Operation 91 'partselect' 'tmp_59' <Predicate = true> <Delay = 0.00>
ST_1 : Operation 92 [1/1] (0.00ns)   --->   "%tmp_60 = partselect i8 @_ssdm_op_PartSelect.i8.i512.i32.i32, i512 %block_V_read_1, i32 464, i32 471" [/home/efrink/mled/split_cu/U280_CRC_Accelerator/src/kernel.cpp:105]   --->   Operation 92 'partselect' 'tmp_60' <Predicate = true> <Delay = 0.00>
ST_1 : Operation 93 [1/1] (0.00ns)   --->   "%tmp_52 = partselect i8 @_ssdm_op_PartSelect.i8.i512.i32.i32, i512 %block_V_read_1, i32 472, i32 479"   --->   Operation 93 'partselect' 'tmp_52' <Predicate = true> <Delay = 0.00>
ST_1 : Operation 94 [1/1] (0.00ns)   --->   "%tmp_54 = partselect i8 @_ssdm_op_PartSelect.i8.i512.i32.i32, i512 %block_V_read_1, i32 448, i32 455" [/home/efrink/mled/split_cu/U280_CRC_Accelerator/src/kernel.cpp:104]   --->   Operation 94 'partselect' 'tmp_54' <Predicate = true> <Delay = 0.00>
ST_1 : Operation 95 [1/1] (0.00ns)   --->   "%wbuf_38 = bitconcatenate i32 @_ssdm_op_BitConcatenate.i32.i8.i8.i8.i8, i8 %tmp_54, i8 %tmp_59, i8 %tmp_60, i8 %tmp_52" [/home/efrink/mled/split_cu/U280_CRC_Accelerator/src/kernel.cpp:105]   --->   Operation 95 'bitconcatenate' 'wbuf_38' <Predicate = true> <Delay = 0.00>
ST_1 : Operation 96 [1/1] (0.00ns)   --->   "%tmp_61 = partselect i8 @_ssdm_op_PartSelect.i8.i512.i32.i32, i512 %block_V_read_1, i32 488, i32 495" [/home/efrink/mled/split_cu/U280_CRC_Accelerator/src/kernel.cpp:104]   --->   Operation 96 'partselect' 'tmp_61' <Predicate = true> <Delay = 0.00>
ST_1 : Operation 97 [1/1] (0.00ns)   --->   "%tmp_62 = partselect i8 @_ssdm_op_PartSelect.i8.i512.i32.i32, i512 %block_V_read_1, i32 496, i32 503" [/home/efrink/mled/split_cu/U280_CRC_Accelerator/src/kernel.cpp:105]   --->   Operation 97 'partselect' 'tmp_62' <Predicate = true> <Delay = 0.00>
ST_1 : Operation 98 [1/1] (0.00ns)   --->   "%tmp_56 = partselect i8 @_ssdm_op_PartSelect.i8.i512.i32.i32, i512 %block_V_read_1, i32 504, i32 511"   --->   Operation 98 'partselect' 'tmp_56' <Predicate = true> <Delay = 0.00>
ST_1 : Operation 99 [1/1] (0.00ns)   --->   "%tmp_58 = partselect i8 @_ssdm_op_PartSelect.i8.i512.i32.i32, i512 %block_V_read_1, i32 480, i32 487" [/home/efrink/mled/split_cu/U280_CRC_Accelerator/src/kernel.cpp:104]   --->   Operation 99 'partselect' 'tmp_58' <Predicate = true> <Delay = 0.00>
ST_1 : Operation 100 [1/1] (0.00ns)   --->   "%wbuf_39 = bitconcatenate i32 @_ssdm_op_BitConcatenate.i32.i8.i8.i8.i8, i8 %tmp_58, i8 %tmp_61, i8 %tmp_62, i8 %tmp_56" [/home/efrink/mled/split_cu/U280_CRC_Accelerator/src/kernel.cpp:105]   --->   Operation 100 'bitconcatenate' 'wbuf_39' <Predicate = true> <Delay = 0.00>
ST_1 : Operation 101 [2/2] (0.38ns)   --->   "%call_ln105 = call void @sha256_compress_block_Pipeline_round_loop, i32 %wbuf_39, i32 %wbuf_38, i32 %wbuf_37, i32 %wbuf_36, i32 %wbuf_35, i32 %wbuf_34, i32 %wbuf_9, i32 %wbuf_8, i32 %wbuf_7, i32 %wbuf_6, i32 %wbuf_5, i32 %wbuf_4, i32 %wbuf_3, i32 %wbuf_2, i32 %wbuf_1, i32 %wbuf, i32 %state_0_read_2, i32 %state_1_read_2, i32 %state_2_read_2, i32 %state_3_read_2, i32 %state_4_read_2, i32 %state_5_read_2, i32 %state_6_read_2, i32 %state_7_read11, i32 %a_2_loc, i32 %b_loc, i32 %c_loc, i32 %d_loc, i32 %e_2_loc, i32 %f_loc, i32 %g_loc, i32 %h_loc, i32 %SHA256_K" [/home/efrink/mled/split_cu/U280_CRC_Accelerator/src/kernel.cpp:105]   --->   Operation 101 'call' 'call_ln105' <Predicate = true> <Delay = 0.38> <CoreType = "Generic">   --->   Core 0 '' <Latency = 0> <II = 1> <Delay = 1.00> <Generic> <Opcode : >

State 2 <SV = 1> <Delay = 0.00>
ST_2 : Operation 102 [1/2] (0.00ns)   --->   "%call_ln105 = call void @sha256_compress_block_Pipeline_round_loop, i32 %wbuf_39, i32 %wbuf_38, i32 %wbuf_37, i32 %wbuf_36, i32 %wbuf_35, i32 %wbuf_34, i32 %wbuf_9, i32 %wbuf_8, i32 %wbuf_7, i32 %wbuf_6, i32 %wbuf_5, i32 %wbuf_4, i32 %wbuf_3, i32 %wbuf_2, i32 %wbuf_1, i32 %wbuf, i32 %state_0_read_2, i32 %state_1_read_2, i32 %state_2_read_2, i32 %state_3_read_2, i32 %state_4_read_2, i32 %state_5_read_2, i32 %state_6_read_2, i32 %state_7_read11, i32 %a_2_loc, i32 %b_loc, i32 %c_loc, i32 %d_loc, i32 %e_2_loc, i32 %f_loc, i32 %g_loc, i32 %h_loc, i32 %SHA256_K" [/home/efrink/mled/split_cu/U280_CRC_Accelerator/src/kernel.cpp:105]   --->   Operation 102 'call' 'call_ln105' <Predicate = true> <Delay = 0.00> <CoreType = "Generic">   --->   Core 0 '' <Latency = 0> <II = 1> <Delay = 1.00> <Generic> <Opcode : >

State 3 <SV = 2> <Delay = 0.88>
ST_3 : Operation 103 [1/1] (0.00ns)   --->   "%a_2_loc_load = load i32 %a_2_loc"   --->   Operation 103 'load' 'a_2_loc_load' <Predicate = true> <Delay = 0.00>
ST_3 : Operation 104 [1/1] (0.00ns)   --->   "%b_loc_load = load i32 %b_loc"   --->   Operation 104 'load' 'b_loc_load' <Predicate = true> <Delay = 0.00>
ST_3 : Operation 105 [1/1] (0.00ns)   --->   "%c_loc_load = load i32 %c_loc"   --->   Operation 105 'load' 'c_loc_load' <Predicate = true> <Delay = 0.00>
ST_3 : Operation 106 [1/1] (0.00ns)   --->   "%d_loc_load = load i32 %d_loc"   --->   Operation 106 'load' 'd_loc_load' <Predicate = true> <Delay = 0.00>
ST_3 : Operation 107 [1/1] (0.00ns)   --->   "%e_2_loc_load = load i32 %e_2_loc"   --->   Operation 107 'load' 'e_2_loc_load' <Predicate = true> <Delay = 0.00>
ST_3 : Operation 108 [1/1] (0.00ns)   --->   "%f_loc_load = load i32 %f_loc"   --->   Operation 108 'load' 'f_loc_load' <Predicate = true> <Delay = 0.00>
ST_3 : Operation 109 [1/1] (0.00ns)   --->   "%g_loc_load = load i32 %g_loc"   --->   Operation 109 'load' 'g_loc_load' <Predicate = true> <Delay = 0.00>
ST_3 : Operation 110 [1/1] (0.00ns)   --->   "%h_loc_load = load i32 %h_loc"   --->   Operation 110 'load' 'h_loc_load' <Predicate = true> <Delay = 0.00>
ST_3 : Operation 111 [1/1] (0.88ns)   --->   "%add_ln178 = add i32 %a_2_loc_load, i32 %state_0_read_2" [/home/efrink/mled/split_cu/U280_CRC_Accelerator/src/kernel.cpp:178]   --->   Operation 111 'add' 'add_ln178' <Predicate = true> <Delay = 0.88> <CoreInst = "Adder">   --->   Core 1 'Adder' <Latency = 0> <II = 1> <Delay = 0.88> <FuncUnit> <Opcode : 'add' 'sub'> <InPorts = 2> <OutPorts = 1>
ST_3 : Operation 112 [1/1] (0.88ns)   --->   "%add_ln179 = add i32 %b_loc_load, i32 %state_1_read_2" [/home/efrink/mled/split_cu/U280_CRC_Accelerator/src/kernel.cpp:179]   --->   Operation 112 'add' 'add_ln179' <Predicate = true> <Delay = 0.88> <CoreInst = "Adder">   --->   Core 1 'Adder' <Latency = 0> <II = 1> <Delay = 0.88> <FuncUnit> <Opcode : 'add' 'sub'> <InPorts = 2> <OutPorts = 1>
ST_3 : Operation 113 [1/1] (0.88ns)   --->   "%add_ln180 = add i32 %c_loc_load, i32 %state_2_read_2" [/home/efrink/mled/split_cu/U280_CRC_Accelerator/src/kernel.cpp:180]   --->   Operation 113 'add' 'add_ln180' <Predicate = true> <Delay = 0.88> <CoreInst = "Adder">   --->   Core 1 'Adder' <Latency = 0> <II = 1> <Delay = 0.88> <FuncUnit> <Opcode : 'add' 'sub'> <InPorts = 2> <OutPorts = 1>
ST_3 : Operation 114 [1/1] (0.88ns)   --->   "%add_ln181 = add i32 %d_loc_load, i32 %state_3_read_2" [/home/efrink/mled/split_cu/U280_CRC_Accelerator/src/kernel.cpp:181]   --->   Operation 114 'add' 'add_ln181' <Predicate = true> <Delay = 0.88> <CoreInst = "Adder">   --->   Core 1 'Adder' <Latency = 0> <II = 1> <Delay = 0.88> <FuncUnit> <Opcode : 'add' 'sub'> <InPorts = 2> <OutPorts = 1>
ST_3 : Operation 115 [1/1] (0.88ns)   --->   "%add_ln182 = add i32 %e_2_loc_load, i32 %state_4_read_2" [/home/efrink/mled/split_cu/U280_CRC_Accelerator/src/kernel.cpp:182]   --->   Operation 115 'add' 'add_ln182' <Predicate = true> <Delay = 0.88> <CoreInst = "Adder">   --->   Core 1 'Adder' <Latency = 0> <II = 1> <Delay = 0.88> <FuncUnit> <Opcode : 'add' 'sub'> <InPorts = 2> <OutPorts = 1>
ST_3 : Operation 116 [1/1] (0.88ns)   --->   "%add_ln183 = add i32 %f_loc_load, i32 %state_5_read_2" [/home/efrink/mled/split_cu/U280_CRC_Accelerator/src/kernel.cpp:183]   --->   Operation 116 'add' 'add_ln183' <Predicate = true> <Delay = 0.88> <CoreInst = "Adder">   --->   Core 1 'Adder' <Latency = 0> <II = 1> <Delay = 0.88> <FuncUnit> <Opcode : 'add' 'sub'> <InPorts = 2> <OutPorts = 1>
ST_3 : Operation 117 [1/1] (0.88ns)   --->   "%add_ln184 = add i32 %g_loc_load, i32 %state_6_read_2" [/home/efrink/mled/split_cu/U280_CRC_Accelerator/src/kernel.cpp:184]   --->   Operation 117 'add' 'add_ln184' <Predicate = true> <Delay = 0.88> <CoreInst = "Adder">   --->   Core 1 'Adder' <Latency = 0> <II = 1> <Delay = 0.88> <FuncUnit> <Opcode : 'add' 'sub'> <InPorts = 2> <OutPorts = 1>
ST_3 : Operation 118 [1/1] (0.88ns)   --->   "%add_ln185 = add i32 %h_loc_load, i32 %state_7_read11" [/home/efrink/mled/split_cu/U280_CRC_Accelerator/src/kernel.cpp:185]   --->   Operation 118 'add' 'add_ln185' <Predicate = true> <Delay = 0.88> <CoreInst = "Adder">   --->   Core 1 'Adder' <Latency = 0> <II = 1> <Delay = 0.88> <FuncUnit> <Opcode : 'add' 'sub'> <InPorts = 2> <OutPorts = 1>
ST_3 : Operation 119 [1/1] (0.00ns)   --->   "%mrv = insertvalue i256 <undef>, i32 %add_ln178" [/home/efrink/mled/split_cu/U280_CRC_Accelerator/src/kernel.cpp:186]   --->   Operation 119 'insertvalue' 'mrv' <Predicate = true> <Delay = 0.00>
ST_3 : Operation 120 [1/1] (0.00ns)   --->   "%mrv_1 = insertvalue i256 %mrv, i32 %add_ln179" [/home/efrink/mled/split_cu/U280_CRC_Accelerator/src/kernel.cpp:186]   --->   Operation 120 'insertvalue' 'mrv_1' <Predicate = true> <Delay = 0.00>
ST_3 : Operation 121 [1/1] (0.00ns)   --->   "%mrv_2 = insertvalue i256 %mrv_1, i32 %add_ln180" [/home/efrink/mled/split_cu/U280_CRC_Accelerator/src/kernel.cpp:186]   --->   Operation 121 'insertvalue' 'mrv_2' <Predicate = true> <Delay = 0.00>
ST_3 : Operation 122 [1/1] (0.00ns)   --->   "%mrv_3 = insertvalue i256 %mrv_2, i32 %add_ln181" [/home/efrink/mled/split_cu/U280_CRC_Accelerator/src/kernel.cpp:186]   --->   Operation 122 'insertvalue' 'mrv_3' <Predicate = true> <Delay = 0.00>
ST_3 : Operation 123 [1/1] (0.00ns)   --->   "%mrv_4 = insertvalue i256 %mrv_3, i32 %add_ln182" [/home/efrink/mled/split_cu/U280_CRC_Accelerator/src/kernel.cpp:186]   --->   Operation 123 'insertvalue' 'mrv_4' <Predicate = true> <Delay = 0.00>
ST_3 : Operation 124 [1/1] (0.00ns)   --->   "%mrv_5 = insertvalue i256 %mrv_4, i32 %add_ln183" [/home/efrink/mled/split_cu/U280_CRC_Accelerator/src/kernel.cpp:186]   --->   Operation 124 'insertvalue' 'mrv_5' <Predicate = true> <Delay = 0.00>
ST_3 : Operation 125 [1/1] (0.00ns)   --->   "%mrv_6 = insertvalue i256 %mrv_5, i32 %add_ln184" [/home/efrink/mled/split_cu/U280_CRC_Accelerator/src/kernel.cpp:186]   --->   Operation 125 'insertvalue' 'mrv_6' <Predicate = true> <Delay = 0.00>
ST_3 : Operation 126 [1/1] (0.00ns)   --->   "%mrv_7 = insertvalue i256 %mrv_6, i32 %add_ln185" [/home/efrink/mled/split_cu/U280_CRC_Accelerator/src/kernel.cpp:186]   --->   Operation 126 'insertvalue' 'mrv_7' <Predicate = true> <Delay = 0.00>
ST_3 : Operation 127 [1/1] (0.00ns)   --->   "%ret_ln186 = ret i256 %mrv_7" [/home/efrink/mled/split_cu/U280_CRC_Accelerator/src/kernel.cpp:186]   --->   Operation 127 'ret' 'ret_ln186' <Predicate = true> <Delay = 0.00>


============================================================
+ Verbose Summary: Timing violations
============================================================
Target clock period: 3.33ns, clock uncertainty: 0.9ns.

 <State 1>: 0.387ns
The critical path consists of the following:
	wire read operation ('state[7]') on port 'state_7_read' [11]  (0 ns)
	'call' operation ('call_ln105', /home/efrink/mled/split_cu/U280_CRC_Accelerator/src/kernel.cpp:105) to 'sha256_compress_block_Pipeline_round_loop' [108]  (0.387 ns)

 <State 2>: 0ns
The critical path consists of the following:

 <State 3>: 0.88ns
The critical path consists of the following:
	'load' operation ('a_2_loc_load') on local variable 'a_2_loc' [109]  (0 ns)
	'add' operation ('state[0]', /home/efrink/mled/split_cu/U280_CRC_Accelerator/src/kernel.cpp:178) [117]  (0.88 ns)


============================================================
+ Verbose Summary: Binding
============================================================
N/A
* FSMD analyzer results:
  - Output states:
 - Input state : 
  - Chain level:
	State 1
	State 2
	State 3


============================================================
+ Verbose Summary: Datapath Resource usage 
============================================================
N/A
