

================================================================
== Vitis HLS Report for 'sha256_compress_block'
================================================================
* Date:           Thu Apr  2 18:19:33 2026

* Version:        2022.1 (Build 3526262 on Mon Apr 18 15:47:01 MDT 2022)
* Project:        calculate_sha256
* Solution:       solution (Vitis Kernel Flow Target)
* Product family: virtexuplus
* Target device:  xcu280-fsvh2892-2L-e


================================================================
== Performance Estimates
================================================================
+ Timing: 
    * Summary: 
    +--------+---------+----------+------------+
    |  Clock |  Target | Estimated| Uncertainty|
    +--------+---------+----------+------------+
    |ap_clk  |  3.33 ns|  2.939 ns|     0.90 ns|
    +--------+---------+----------+------------+

+ Latency: 
    * Summary: 
    +---------+---------+----------+----------+-----+-----+---------+
    |  Latency (cycles) |  Latency (absolute) |  Interval | Pipeline|
    |   min   |   max   |    min   |    max   | min | max |   Type  |
    +---------+---------+----------+----------+-----+-----+---------+
    |       70|       70|  0.233 us|  0.233 us|   70|   70|       no|
    +---------+---------+----------+----------+-----+-----+---------+

    + Detail: 
        * Instance: 
        +------------------------------------------------------+-------------------------------------------+---------+---------+----------+----------+-----+-----+---------+
        |                                                      |                                           |  Latency (cycles) |  Latency (absolute) |  Interval | Pipeline|
        |                       Instance                       |                   Module                  |   min   |   max   |    min   |    max   | min | max |   Type  |
        +------------------------------------------------------+-------------------------------------------+---------+---------+----------+----------+-----+-----+---------+
        |grp_sha256_compress_block_Pipeline_round_loop_fu_372  |sha256_compress_block_Pipeline_round_loop  |       68|       68|  0.227 us|  0.227 us|   68|   68|       no|
        +------------------------------------------------------+-------------------------------------------+---------+---------+----------+----------+-----+-----+---------+

        * Loop: 
        N/A



================================================================
== Utilization Estimates
================================================================
* Summary: 
+---------------------+---------+------+---------+---------+-----+
|         Name        | BRAM_18K|  DSP |    FF   |   LUT   | URAM|
+---------------------+---------+------+---------+---------+-----+
|DSP                  |        -|     -|        -|        -|    -|
|Expression           |        -|     -|        0|      312|    -|
|FIFO                 |        -|     -|        -|        -|    -|
|Instance             |        0|     -|      931|     1573|    -|
|Memory               |        -|     -|        -|        -|    -|
|Multiplexer          |        -|     -|        -|       20|    -|
|Register             |        -|     -|      516|        -|    -|
+---------------------+---------+------+---------+---------+-----+
|Total                |        0|     0|     1447|     1905|    0|
+---------------------+---------+------+---------+---------+-----+
|Available SLR        |     1344|  3008|   869120|   434560|  320|
+---------------------+---------+------+---------+---------+-----+
|Utilization SLR (%)  |        0|     0|       ~0|       ~0|    0|
+---------------------+---------+------+---------+---------+-----+
|Available            |     4032|  9024|  2607360|  1303680|  960|
+---------------------+---------+------+---------+---------+-----+
|Utilization (%)      |        0|     0|       ~0|       ~0|    0|
+---------------------+---------+------+---------+---------+-----+

+ Detail: 
    * Instance: 
    +------------------------------------------------------+-------------------------------------------+---------+----+-----+------+-----+
    |                       Instance                       |                   Module                  | BRAM_18K| DSP|  FF |  LUT | URAM|
    +------------------------------------------------------+-------------------------------------------+---------+----+-----+------+-----+
    |grp_sha256_compress_block_Pipeline_round_loop_fu_372  |sha256_compress_block_Pipeline_round_loop  |        0|   0|  931|  1573|    0|
    +------------------------------------------------------+-------------------------------------------+---------+----+-----+------+-----+
    |Total                                                 |                                           |        0|   0|  931|  1573|    0|
    +------------------------------------------------------+-------------------------------------------+---------+----+-----+------+-----+

    * DSP: 
    N/A

    * Memory: 
    N/A

    * FIFO: 
    N/A

    * Expression: 
    +----------------------+----------+----+---+----+------------+------------+
    |     Variable Name    | Operation| DSP| FF| LUT| Bitwidth P0| Bitwidth P1|
    +----------------------+----------+----+---+----+------------+------------+
    |add_ln178_fu_1284_p2  |         +|   0|  0|  39|          32|          32|
    |add_ln179_fu_1289_p2  |         +|   0|  0|  39|          32|          32|
    |add_ln180_fu_1294_p2  |         +|   0|  0|  39|          32|          32|
    |add_ln181_fu_1299_p2  |         +|   0|  0|  39|          32|          32|
    |add_ln182_fu_1304_p2  |         +|   0|  0|  39|          32|          32|
    |add_ln183_fu_1309_p2  |         +|   0|  0|  39|          32|          32|
    |add_ln184_fu_1314_p2  |         +|   0|  0|  39|          32|          32|
    |add_ln185_fu_1319_p2  |         +|   0|  0|  39|          32|          32|
    +----------------------+----------+----+---+----+------------+------------+
    |Total                 |          |   0|  0| 312|         256|         256|
    +----------------------+----------+----+---+----+------------+------------+

    * Multiplexer: 
    +-----------+----+-----------+-----+-----------+
    |    Name   | LUT| Input Size| Bits| Total Bits|
    +-----------+----+-----------+-----+-----------+
    |ap_NS_fsm  |  20|          4|    1|          4|
    +-----------+----+-----------+-----+-----------+
    |Total      |  20|          4|    1|          4|
    +-----------+----+-----------+-----+-----------+

    * Register: 
    +-------------------------------------------------------------------+----+----+-----+-----------+
    |                                Name                               | FF | LUT| Bits| Const Bits|
    +-------------------------------------------------------------------+----+----+-----+-----------+
    |ap_CS_fsm                                                          |   3|   0|    3|          0|
    |grp_sha256_compress_block_Pipeline_round_loop_fu_372_ap_start_reg  |   1|   0|    1|          0|
    |wbuf_1_reg_1473                                                    |  32|   0|   32|          0|
    |wbuf_2_reg_1478                                                    |  32|   0|   32|          0|
    |wbuf_34_reg_1518                                                   |  32|   0|   32|          0|
    |wbuf_35_reg_1523                                                   |  32|   0|   32|          0|
    |wbuf_36_reg_1528                                                   |  32|   0|   32|          0|
    |wbuf_37_reg_1533                                                   |  32|   0|   32|          0|
    |wbuf_38_reg_1538                                                   |  32|   0|   32|          0|
    |wbuf_39_reg_1543                                                   |  32|   0|   32|          0|
    |wbuf_3_reg_1483                                                    |  32|   0|   32|          0|
    |wbuf_4_reg_1488                                                    |  32|   0|   32|          0|
    |wbuf_5_reg_1493                                                    |  32|   0|   32|          0|
    |wbuf_6_reg_1498                                                    |  32|   0|   32|          0|
    |wbuf_7_reg_1503                                                    |  32|   0|   32|          0|
    |wbuf_8_reg_1508                                                    |  32|   0|   32|          0|
    |wbuf_9_reg_1513                                                    |  32|   0|   32|          0|
    |wbuf_reg_1468                                                      |  32|   0|   32|          0|
    +-------------------------------------------------------------------+----+----+-----+-----------+
    |Total                                                              | 516|   0|  516|          0|
    +-------------------------------------------------------------------+----+----+-----+-----------+



================================================================
== Interface
================================================================
* Summary: 
+--------------+-----+-----+------------+-----------------------+--------------+
|   RTL Ports  | Dir | Bits|  Protocol  |     Source Object     |    C Type    |
+--------------+-----+-----+------------+-----------------------+--------------+
|ap_clk        |   in|    1|  ap_ctrl_hs|  sha256_compress_block|  return value|
|ap_rst        |   in|    1|  ap_ctrl_hs|  sha256_compress_block|  return value|
|ap_start      |   in|    1|  ap_ctrl_hs|  sha256_compress_block|  return value|
|ap_done       |  out|    1|  ap_ctrl_hs|  sha256_compress_block|  return value|
|ap_idle       |  out|    1|  ap_ctrl_hs|  sha256_compress_block|  return value|
|ap_ready      |  out|    1|  ap_ctrl_hs|  sha256_compress_block|  return value|
|ap_return_0   |  out|   32|  ap_ctrl_hs|  sha256_compress_block|  return value|
|ap_return_1   |  out|   32|  ap_ctrl_hs|  sha256_compress_block|  return value|
|ap_return_2   |  out|   32|  ap_ctrl_hs|  sha256_compress_block|  return value|
|ap_return_3   |  out|   32|  ap_ctrl_hs|  sha256_compress_block|  return value|
|ap_return_4   |  out|   32|  ap_ctrl_hs|  sha256_compress_block|  return value|
|ap_return_5   |  out|   32|  ap_ctrl_hs|  sha256_compress_block|  return value|
|ap_return_6   |  out|   32|  ap_ctrl_hs|  sha256_compress_block|  return value|
|ap_return_7   |  out|   32|  ap_ctrl_hs|  sha256_compress_block|  return value|
|block_V_read  |   in|  512|     ap_none|           block_V_read|        scalar|
|state_0_read  |   in|   32|     ap_none|           state_0_read|        scalar|
|state_1_read  |   in|   32|     ap_none|           state_1_read|        scalar|
|state_2_read  |   in|   32|     ap_none|           state_2_read|        scalar|
|state_3_read  |   in|   32|     ap_none|           state_3_read|        scalar|
|state_4_read  |   in|   32|     ap_none|           state_4_read|        scalar|
|state_5_read  |   in|   32|     ap_none|           state_5_read|        scalar|
|state_6_read  |   in|   32|     ap_none|           state_6_read|        scalar|
|state_7_read  |   in|   32|     ap_none|           state_7_read|        scalar|
+--------------+-----+-----+------------+-----------------------+--------------+

