

================================================================
== Vitis HLS Report for 'read_input'
================================================================
* Date:           Mon Feb 16 01:30:44 2026

* Version:        2023.1 (Build 3854077 on May  4 2023)
* Project:        calculate_crc
* Solution:       solution (Vitis Kernel Flow Target)
* Product family: virtexuplusHBM
* Target device:  xcu280-fsvh2892-2L-e


================================================================
== Performance Estimates
================================================================
+ Timing: 
    * Summary: 
    +--------+---------+----------+------------+
    |  Clock |  Target | Estimated| Uncertainty|
    +--------+---------+----------+------------+
    |ap_clk  |  3.33 ns|  2.433 ns|     0.90 ns|
    +--------+---------+----------+------------+

+ Latency: 
    * Summary: 
    +---------+-----------+----------+-----------+-----+-----------+---------+
    |   Latency (cycles)  |  Latency (absolute)  |     Interval    | Pipeline|
    |   min   |    max    |    min   |    max    | min |    max    |   Type  |
    +---------+-----------+----------+-----------+-----+-----------+---------+
    |       79|  134217806|  0.263 us|  0.447 sec|   79|  134217806|       no|
    +---------+-----------+----------+-----------+-----+-----------+---------+

    + Detail: 
        * Instance: 
        +---------------------------------------+----------------------------+---------+-----------+----------+-----------+-----+-----------+---------+
        |                                       |                            |   Latency (cycles)  |  Latency (absolute)  |     Interval    | Pipeline|
        |                Instance               |           Module           |   min   |    max    |    min   |    max    | min |    max    |   Type  |
        +---------------------------------------+----------------------------+---------+-----------+----------+-----------+-----+-----------+---------+
        |grp_read_input_Pipeline_mem_rd_fu_142  |read_input_Pipeline_mem_rd  |        3|  134217730|  9.999 ns|  0.447 sec|    3|  134217730|       no|
        +---------------------------------------+----------------------------+---------+-----------+----------+-----------+-----+-----------+---------+

        * Loop: 
        N/A



================================================================
== Utilization Estimates
================================================================
* Summary: 
+---------------------+---------+------+---------+---------+-----+
|         Name        | BRAM_18K|  DSP |    FF   |   LUT   | URAM|
+---------------------+---------+------+---------+---------+-----+
|DSP                  |        -|     -|        -|        -|    -|
|Expression           |        -|     -|        0|      180|    -|
|FIFO                 |        -|     -|        -|        -|    -|
|Instance             |        -|     3|      327|      327|    -|
|Memory               |        -|     -|        -|        -|    -|
|Multiplexer          |        -|     -|        -|      676|    -|
|Register             |        -|     -|      285|        -|    -|
+---------------------+---------+------+---------+---------+-----+
|Total                |        0|     3|      612|     1183|    0|
+---------------------+---------+------+---------+---------+-----+
|Available SLR        |     1344|  3008|   869120|   434560|  320|
+---------------------+---------+------+---------+---------+-----+
|Utilization SLR (%)  |        0|    ~0|       ~0|       ~0|    0|
+---------------------+---------+------+---------+---------+-----+
|Available            |     4032|  9024|  2607360|  1303680|  960|
+---------------------+---------+------+---------+---------+-----+
|Utilization (%)      |        0|    ~0|       ~0|       ~0|    0|
+---------------------+---------+------+---------+---------+-----+

+ Detail: 
    * Instance: 
    +---------------------------------------+----------------------------+---------+----+-----+-----+-----+
    |                Instance               |           Module           | BRAM_18K| DSP|  FF | LUT | URAM|
    +---------------------------------------+----------------------------+---------+----+-----+-----+-----+
    |mul_32s_32s_32_2_1_U62                 |mul_32s_32s_32_2_1          |        0|   3|  165|   49|    0|
    |grp_read_input_Pipeline_mem_rd_fu_142  |read_input_Pipeline_mem_rd  |        0|   0|  162|  278|    0|
    +---------------------------------------+----------------------------+---------+----+-----+-----+-----+
    |Total                                  |                            |        0|   3|  327|  327|    0|
    +---------------------------------------+----------------------------+---------+----+-----+-----+-----+

    * DSP: 
    N/A

    * Memory: 
    N/A

    * FIFO: 
    N/A

    * Expression: 
    +-----------------------+----------+----+---+----+------------+------------+
    |     Variable Name     | Operation| DSP| FF| LUT| Bitwidth P0| Bitwidth P1|
    +-----------------------+----------+----+---+----+------------+------------+
    |sub_ln283_1_fu_224_p2  |         -|   0|  0|  36|           1|          29|
    |sub_ln283_fu_206_p2    |         -|   0|  0|  39|           1|          32|
    |ap_ext_blocking_cur_n  |       and|   0|  0|   2|           1|           0|
    |ap_ext_blocking_n      |       and|   0|  0|   2|           1|           1|
    |ap_int_blocking_cur_n  |       and|   0|  0|   2|           1|           1|
    |ap_int_blocking_n      |       and|   0|  0|   2|           1|           1|
    |ap_str_blocking_n      |       and|   0|  0|   2|           1|           2|
    |icmp_ln287_fu_244_p2   |      icmp|   0|  0|  36|          29|           1|
    |ap_block_state1        |        or|   0|  0|   2|           1|           1|
    |empty_fu_250_p3        |    select|   0|  0|  28|           1|          28|
    |loop_count_fu_233_p3   |    select|   0|  0|  29|           1|          29|
    +-----------------------+----------+----+---+----+------------+------------+
    |Total                  |          |   0|  0| 180|          39|         125|
    +-----------------------+----------+----+---+----+------------+------------+

    * Multiplexer: 
    +----------------------+-----+-----------+-----+-----------+
    |         Name         | LUT | Input Size| Bits| Total Bits|
    +----------------------+-----+-----------+-----+-----------+
    |ap_NS_fsm             |  364|         78|    1|         78|
    |ap_done               |    9|          2|    1|          2|
    |chunkSize_c_blk_n     |    9|          2|    1|          2|
    |gmem0_blk_n_AR        |    9|          2|    1|          2|
    |inByte0_write         |    9|          2|    1|          2|
    |inByte10_write        |    9|          2|    1|          2|
    |inByte11_write        |    9|          2|    1|          2|
    |inByte12_write        |    9|          2|    1|          2|
    |inByte13_write        |    9|          2|    1|          2|
    |inByte14_write        |    9|          2|    1|          2|
    |inByte15_write        |    9|          2|    1|          2|
    |inByte1_write         |    9|          2|    1|          2|
    |inByte2_write         |    9|          2|    1|          2|
    |inByte3_write         |    9|          2|    1|          2|
    |inByte4_write         |    9|          2|    1|          2|
    |inByte5_write         |    9|          2|    1|          2|
    |inByte6_write         |    9|          2|    1|          2|
    |inByte7_write         |    9|          2|    1|          2|
    |inByte8_write         |    9|          2|    1|          2|
    |inByte9_write         |    9|          2|    1|          2|
    |m_axi_gmem0_ARADDR    |   14|          3|   64|        192|
    |m_axi_gmem0_ARBURST   |    9|          2|    2|          4|
    |m_axi_gmem0_ARCACHE   |    9|          2|    4|          8|
    |m_axi_gmem0_ARID      |    9|          2|    1|          2|
    |m_axi_gmem0_ARLEN     |   14|          3|   32|         96|
    |m_axi_gmem0_ARLOCK    |    9|          2|    2|          4|
    |m_axi_gmem0_ARPROT    |    9|          2|    3|          6|
    |m_axi_gmem0_ARQOS     |    9|          2|    4|          8|
    |m_axi_gmem0_ARREGION  |    9|          2|    4|          8|
    |m_axi_gmem0_ARSIZE    |    9|          2|    3|          6|
    |m_axi_gmem0_ARUSER    |    9|          2|    1|          2|
    |m_axi_gmem0_ARVALID   |   14|          3|    1|          3|
    |m_axi_gmem0_RREADY    |    9|          2|    1|          2|
    |numChunks_c12_blk_n   |    9|          2|    1|          2|
    +----------------------+-----+-----------+-----+-----------+
    |Total                 |  676|        147|  143|        459|
    +----------------------+-----+-----------+-----+-----------+

    * Register: 
    +----------------------------------------------------+----+----+-----+-----------+
    |                        Name                        | FF | LUT| Bits| Const Bits|
    +----------------------------------------------------+----+----+-----+-----------+
    |ap_CS_fsm                                           |  77|   0|   77|          0|
    |ap_done_reg                                         |   1|   0|    1|          0|
    |empty_reg_318                                       |  28|   0|   28|          0|
    |grp_read_input_Pipeline_mem_rd_fu_142_ap_start_reg  |   1|   0|    1|          0|
    |loop_count_reg_313                                  |  29|   0|   29|          0|
    |tmp_reg_298                                         |   1|   0|    1|          0|
    |total_bytes_reg_293                                 |  32|   0|   32|          0|
    |trunc_ln1_reg_323                                   |  60|   0|   60|          0|
    |trunc_ln283_1_reg_308                               |  28|   0|   28|          0|
    |trunc_ln283_2_reg_303                               |  28|   0|   28|          0|
    +----------------------------------------------------+----+----+-----+-----------+
    |Total                                               | 285|   0|  285|          0|
    +----------------------------------------------------+----+----+-----+-----------+



================================================================
== Interface
================================================================
* Summary: 
+------------------------------+-----+-----+------------+---------------+--------------+
|           RTL Ports          | Dir | Bits|  Protocol  | Source Object |    C Type    |
+------------------------------+-----+-----+------------+---------------+--------------+
|ap_clk                        |   in|    1|  ap_ctrl_hs|     read_input|  return value|
|ap_rst                        |   in|    1|  ap_ctrl_hs|     read_input|  return value|
|ap_start                      |   in|    1|  ap_ctrl_hs|     read_input|  return value|
|ap_done                       |  out|    1|  ap_ctrl_hs|     read_input|  return value|
|ap_continue                   |   in|    1|  ap_ctrl_hs|     read_input|  return value|
|ap_idle                       |  out|    1|  ap_ctrl_hs|     read_input|  return value|
|ap_ready                      |  out|    1|  ap_ctrl_hs|     read_input|  return value|
|ap_ext_blocking_n             |  out|    1|  ap_ctrl_hs|     read_input|  return value|
|ap_str_blocking_n             |  out|    1|  ap_ctrl_hs|     read_input|  return value|
|ap_int_blocking_n             |  out|    1|  ap_ctrl_hs|     read_input|  return value|
|m_axi_gmem0_AWVALID           |  out|    1|       m_axi|          gmem0|       pointer|
|m_axi_gmem0_AWREADY           |   in|    1|       m_axi|          gmem0|       pointer|
|m_axi_gmem0_AWADDR            |  out|   64|       m_axi|          gmem0|       pointer|
|m_axi_gmem0_AWID              |  out|    1|       m_axi|          gmem0|       pointer|
|m_axi_gmem0_AWLEN             |  out|   32|       m_axi|          gmem0|       pointer|
|m_axi_gmem0_AWSIZE            |  out|    3|       m_axi|          gmem0|       pointer|
|m_axi_gmem0_AWBURST           |  out|    2|       m_axi|          gmem0|       pointer|
|m_axi_gmem0_AWLOCK            |  out|    2|       m_axi|          gmem0|       pointer|
|m_axi_gmem0_AWCACHE           |  out|    4|       m_axi|          gmem0|       pointer|
|m_axi_gmem0_AWPROT            |  out|    3|       m_axi|          gmem0|       pointer|
|m_axi_gmem0_AWQOS             |  out|    4|       m_axi|          gmem0|       pointer|
|m_axi_gmem0_AWREGION          |  out|    4|       m_axi|          gmem0|       pointer|
|m_axi_gmem0_AWUSER            |  out|    1|       m_axi|          gmem0|       pointer|
|m_axi_gmem0_WVALID            |  out|    1|       m_axi|          gmem0|       pointer|
|m_axi_gmem0_WREADY            |   in|    1|       m_axi|          gmem0|       pointer|
|m_axi_gmem0_WDATA             |  out|  128|       m_axi|          gmem0|       pointer|
|m_axi_gmem0_WSTRB             |  out|   16|       m_axi|          gmem0|       pointer|
|m_axi_gmem0_WLAST             |  out|    1|       m_axi|          gmem0|       pointer|
|m_axi_gmem0_WID               |  out|    1|       m_axi|          gmem0|       pointer|
|m_axi_gmem0_WUSER             |  out|    1|       m_axi|          gmem0|       pointer|
|m_axi_gmem0_ARVALID           |  out|    1|       m_axi|          gmem0|       pointer|
|m_axi_gmem0_ARREADY           |   in|    1|       m_axi|          gmem0|       pointer|
|m_axi_gmem0_ARADDR            |  out|   64|       m_axi|          gmem0|       pointer|
|m_axi_gmem0_ARID              |  out|    1|       m_axi|          gmem0|       pointer|
|m_axi_gmem0_ARLEN             |  out|   32|       m_axi|          gmem0|       pointer|
|m_axi_gmem0_ARSIZE            |  out|    3|       m_axi|          gmem0|       pointer|
|m_axi_gmem0_ARBURST           |  out|    2|       m_axi|          gmem0|       pointer|
|m_axi_gmem0_ARLOCK            |  out|    2|       m_axi|          gmem0|       pointer|
|m_axi_gmem0_ARCACHE           |  out|    4|       m_axi|          gmem0|       pointer|
|m_axi_gmem0_ARPROT            |  out|    3|       m_axi|          gmem0|       pointer|
|m_axi_gmem0_ARQOS             |  out|    4|       m_axi|          gmem0|       pointer|
|m_axi_gmem0_ARREGION          |  out|    4|       m_axi|          gmem0|       pointer|
|m_axi_gmem0_ARUSER            |  out|    1|       m_axi|          gmem0|       pointer|
|m_axi_gmem0_RVALID            |   in|    1|       m_axi|          gmem0|       pointer|
|m_axi_gmem0_RREADY            |  out|    1|       m_axi|          gmem0|       pointer|
|m_axi_gmem0_RDATA             |   in|  128|       m_axi|          gmem0|       pointer|
|m_axi_gmem0_RLAST             |   in|    1|       m_axi|          gmem0|       pointer|
|m_axi_gmem0_RID               |   in|    1|       m_axi|          gmem0|       pointer|
|m_axi_gmem0_RFIFONUM          |   in|    9|       m_axi|          gmem0|       pointer|
|m_axi_gmem0_RUSER             |   in|    1|       m_axi|          gmem0|       pointer|
|m_axi_gmem0_RRESP             |   in|    2|       m_axi|          gmem0|       pointer|
|m_axi_gmem0_BVALID            |   in|    1|       m_axi|          gmem0|       pointer|
|m_axi_gmem0_BREADY            |  out|    1|       m_axi|          gmem0|       pointer|
|m_axi_gmem0_BRESP             |   in|    2|       m_axi|          gmem0|       pointer|
|m_axi_gmem0_BID               |   in|    1|       m_axi|          gmem0|       pointer|
|m_axi_gmem0_BUSER             |   in|    1|       m_axi|          gmem0|       pointer|
|in_r                          |   in|   64|     ap_none|           in_r|        scalar|
|inByte0_din                   |  out|    8|     ap_fifo|        inByte0|       pointer|
|inByte0_num_data_valid        |   in|    7|     ap_fifo|        inByte0|       pointer|
|inByte0_fifo_cap              |   in|    7|     ap_fifo|        inByte0|       pointer|
|inByte0_full_n                |   in|    1|     ap_fifo|        inByte0|       pointer|
|inByte0_write                 |  out|    1|     ap_fifo|        inByte0|       pointer|
|inByte1_din                   |  out|    8|     ap_fifo|        inByte1|       pointer|
|inByte1_num_data_valid        |   in|    7|     ap_fifo|        inByte1|       pointer|
|inByte1_fifo_cap              |   in|    7|     ap_fifo|        inByte1|       pointer|
|inByte1_full_n                |   in|    1|     ap_fifo|        inByte1|       pointer|
|inByte1_write                 |  out|    1|     ap_fifo|        inByte1|       pointer|
|inByte2_din                   |  out|    8|     ap_fifo|        inByte2|       pointer|
|inByte2_num_data_valid        |   in|    7|     ap_fifo|        inByte2|       pointer|
|inByte2_fifo_cap              |   in|    7|     ap_fifo|        inByte2|       pointer|
|inByte2_full_n                |   in|    1|     ap_fifo|        inByte2|       pointer|
|inByte2_write                 |  out|    1|     ap_fifo|        inByte2|       pointer|
|inByte3_din                   |  out|    8|     ap_fifo|        inByte3|       pointer|
|inByte3_num_data_valid        |   in|    7|     ap_fifo|        inByte3|       pointer|
|inByte3_fifo_cap              |   in|    7|     ap_fifo|        inByte3|       pointer|
|inByte3_full_n                |   in|    1|     ap_fifo|        inByte3|       pointer|
|inByte3_write                 |  out|    1|     ap_fifo|        inByte3|       pointer|
|inByte4_din                   |  out|    8|     ap_fifo|        inByte4|       pointer|
|inByte4_num_data_valid        |   in|    7|     ap_fifo|        inByte4|       pointer|
|inByte4_fifo_cap              |   in|    7|     ap_fifo|        inByte4|       pointer|
|inByte4_full_n                |   in|    1|     ap_fifo|        inByte4|       pointer|
|inByte4_write                 |  out|    1|     ap_fifo|        inByte4|       pointer|
|inByte5_din                   |  out|    8|     ap_fifo|        inByte5|       pointer|
|inByte5_num_data_valid        |   in|    7|     ap_fifo|        inByte5|       pointer|
|inByte5_fifo_cap              |   in|    7|     ap_fifo|        inByte5|       pointer|
|inByte5_full_n                |   in|    1|     ap_fifo|        inByte5|       pointer|
|inByte5_write                 |  out|    1|     ap_fifo|        inByte5|       pointer|
|inByte6_din                   |  out|    8|     ap_fifo|        inByte6|       pointer|
|inByte6_num_data_valid        |   in|    7|     ap_fifo|        inByte6|       pointer|
|inByte6_fifo_cap              |   in|    7|     ap_fifo|        inByte6|       pointer|
|inByte6_full_n                |   in|    1|     ap_fifo|        inByte6|       pointer|
|inByte6_write                 |  out|    1|     ap_fifo|        inByte6|       pointer|
|inByte7_din                   |  out|    8|     ap_fifo|        inByte7|       pointer|
|inByte7_num_data_valid        |   in|    7|     ap_fifo|        inByte7|       pointer|
|inByte7_fifo_cap              |   in|    7|     ap_fifo|        inByte7|       pointer|
|inByte7_full_n                |   in|    1|     ap_fifo|        inByte7|       pointer|
|inByte7_write                 |  out|    1|     ap_fifo|        inByte7|       pointer|
|inByte8_din                   |  out|    8|     ap_fifo|        inByte8|       pointer|
|inByte8_num_data_valid        |   in|    7|     ap_fifo|        inByte8|       pointer|
|inByte8_fifo_cap              |   in|    7|     ap_fifo|        inByte8|       pointer|
|inByte8_full_n                |   in|    1|     ap_fifo|        inByte8|       pointer|
|inByte8_write                 |  out|    1|     ap_fifo|        inByte8|       pointer|
|inByte9_din                   |  out|    8|     ap_fifo|        inByte9|       pointer|
|inByte9_num_data_valid        |   in|    7|     ap_fifo|        inByte9|       pointer|
|inByte9_fifo_cap              |   in|    7|     ap_fifo|        inByte9|       pointer|
|inByte9_full_n                |   in|    1|     ap_fifo|        inByte9|       pointer|
|inByte9_write                 |  out|    1|     ap_fifo|        inByte9|       pointer|
|inByte10_din                  |  out|    8|     ap_fifo|       inByte10|       pointer|
|inByte10_num_data_valid       |   in|    7|     ap_fifo|       inByte10|       pointer|
|inByte10_fifo_cap             |   in|    7|     ap_fifo|       inByte10|       pointer|
|inByte10_full_n               |   in|    1|     ap_fifo|       inByte10|       pointer|
|inByte10_write                |  out|    1|     ap_fifo|       inByte10|       pointer|
|inByte11_din                  |  out|    8|     ap_fifo|       inByte11|       pointer|
|inByte11_num_data_valid       |   in|    7|     ap_fifo|       inByte11|       pointer|
|inByte11_fifo_cap             |   in|    7|     ap_fifo|       inByte11|       pointer|
|inByte11_full_n               |   in|    1|     ap_fifo|       inByte11|       pointer|
|inByte11_write                |  out|    1|     ap_fifo|       inByte11|       pointer|
|inByte12_din                  |  out|    8|     ap_fifo|       inByte12|       pointer|
|inByte12_num_data_valid       |   in|    7|     ap_fifo|       inByte12|       pointer|
|inByte12_fifo_cap             |   in|    7|     ap_fifo|       inByte12|       pointer|
|inByte12_full_n               |   in|    1|     ap_fifo|       inByte12|       pointer|
|inByte12_write                |  out|    1|     ap_fifo|       inByte12|       pointer|
|inByte13_din                  |  out|    8|     ap_fifo|       inByte13|       pointer|
|inByte13_num_data_valid       |   in|    7|     ap_fifo|       inByte13|       pointer|
|inByte13_fifo_cap             |   in|    7|     ap_fifo|       inByte13|       pointer|
|inByte13_full_n               |   in|    1|     ap_fifo|       inByte13|       pointer|
|inByte13_write                |  out|    1|     ap_fifo|       inByte13|       pointer|
|inByte14_din                  |  out|    8|     ap_fifo|       inByte14|       pointer|
|inByte14_num_data_valid       |   in|    7|     ap_fifo|       inByte14|       pointer|
|inByte14_fifo_cap             |   in|    7|     ap_fifo|       inByte14|       pointer|
|inByte14_full_n               |   in|    1|     ap_fifo|       inByte14|       pointer|
|inByte14_write                |  out|    1|     ap_fifo|       inByte14|       pointer|
|inByte15_din                  |  out|    8|     ap_fifo|       inByte15|       pointer|
|inByte15_num_data_valid       |   in|    7|     ap_fifo|       inByte15|       pointer|
|inByte15_fifo_cap             |   in|    7|     ap_fifo|       inByte15|       pointer|
|inByte15_full_n               |   in|    1|     ap_fifo|       inByte15|       pointer|
|inByte15_write                |  out|    1|     ap_fifo|       inByte15|       pointer|
|numChunks                     |   in|   32|     ap_none|      numChunks|        scalar|
|chunkSize                     |   in|   32|     ap_none|      chunkSize|        scalar|
|numChunks_c12_din             |  out|   32|     ap_fifo|  numChunks_c12|       pointer|
|numChunks_c12_num_data_valid  |   in|    2|     ap_fifo|  numChunks_c12|       pointer|
|numChunks_c12_fifo_cap        |   in|    2|     ap_fifo|  numChunks_c12|       pointer|
|numChunks_c12_full_n          |   in|    1|     ap_fifo|  numChunks_c12|       pointer|
|numChunks_c12_write           |  out|    1|     ap_fifo|  numChunks_c12|       pointer|
|chunkSize_c_din               |  out|   32|     ap_fifo|    chunkSize_c|       pointer|
|chunkSize_c_num_data_valid    |   in|    2|     ap_fifo|    chunkSize_c|       pointer|
|chunkSize_c_fifo_cap          |   in|    2|     ap_fifo|    chunkSize_c|       pointer|
|chunkSize_c_full_n            |   in|    1|     ap_fifo|    chunkSize_c|       pointer|
|chunkSize_c_write             |  out|    1|     ap_fifo|    chunkSize_c|       pointer|
+------------------------------+-----+-----+------------+---------------+--------------+

