================================================================
== Design Size Report
================================================================

* Instructions per Function for each Compilation Phase
+--------------------+----------------+--------------+---------------+----------------------+---------------+
| Function           | Location       | Compile/Link | Unroll/Inline | Performance/Pipeline | Optimizations |
+--------------------+----------------+--------------+---------------+----------------------+---------------+
| + calculate_crc    | kernel.cpp:698 | 3,672        | 591           | 438                  | 963           |
|  + process_crc     | kernel.cpp:624 | 3,667        | 586           | 418                  | 943           |
|     read_input     | kernel.cpp:275 | 1,142        | 145           |  78                  | 236           |
|     process_blocks | kernel.cpp:310 | 2,236        | 262           | 229                  | 584           |
|     write_output   | kernel.cpp:440 |    36        |  18           |  14                  |  25           |
+--------------------+----------------+--------------+---------------+----------------------+---------------+

* Description of Compilation Phases
+----------------------+------------------------------------------------------------+
| Compilation Phase    | Description                                                |
+----------------------+------------------------------------------------------------+
| Compile/Link         | All functions are compiled and linked into a single design |
| Unroll/Inline        | After user unroll and inline pragmas are applied           |
| Performance/Pipeline | After performance and pipeline pragmas are applied         |
| Optimizations        | After high level synthesis optimizations                   |
+----------------------+------------------------------------------------------------+

* Design Size Message Settings
+---------------------------------------------+--------+------------------------------------------------------------------+
| Message Setting                             | Value  | Description                                                      |
+---------------------------------------------+--------+------------------------------------------------------------------+
| config_compile -design_size_maximum_warning | 100000 | Show a warning when total design instructions exceeds this value |
+---------------------------------------------+--------+------------------------------------------------------------------+


