

================================================================
== Vitis HLS Report for 'sha256_process_chunk_Pipeline_len_store_single'
================================================================
* Date:           Fri Feb 20 12:34:58 2026

* Version:        2023.1 (Build 3854077 on May  4 2023)
* Project:        calculate_sha256
* Solution:       solution (Vitis Kernel Flow Target)
* Product family: virtexuplusHBM
* Target device:  xcu280-fsvh2892-2L-e


================================================================
== Performance Estimates
================================================================
+ Timing: 
    * Summary: 
    +--------+---------+----------+------------+
    |  Clock |  Target | Estimated| Uncertainty|
    +--------+---------+----------+------------+
    |ap_clk  |  3.33 ns|  1.835 ns|     0.90 ns|
    +--------+---------+----------+------------+

+ Latency: 
    * Summary: 
    +---------+---------+-----------+-----------+-----+-----+---------+
    |  Latency (cycles) |   Latency (absolute)  |  Interval | Pipeline|
    |   min   |   max   |    min    |    max    | min | max |   Type  |
    +---------+---------+-----------+-----------+-----+-----+---------+
    |       10|       10|  33.330 ns|  33.330 ns|   10|   10|       no|
    +---------+---------+-----------+-----------+-----+-----+---------+

    + Detail: 
        * Instance: 
        N/A

        * Loop: 
        +--------------------+---------+---------+----------+-----------+-----------+------+----------+
        |                    |  Latency (cycles) | Iteration|  Initiation Interval  | Trip |          |
        |      Loop Name     |   min   |   max   |  Latency |  achieved |   target  | Count| Pipelined|
        +--------------------+---------+---------+----------+-----------+-----------+------+----------+
        |- len_store_single  |        8|        8|         1|          1|          1|     8|       yes|
        +--------------------+---------+---------+----------+-----------+-----------+------+----------+



================================================================
== Utilization Estimates
================================================================
* Summary: 
+---------------------+---------+------+---------+---------+-----+
|         Name        | BRAM_18K|  DSP |    FF   |   LUT   | URAM|
+---------------------+---------+------+---------+---------+-----+
|DSP                  |        -|     -|        -|        -|    -|
|Expression           |        -|     -|        0|      214|    -|
|FIFO                 |        -|     -|        -|        -|    -|
|Instance             |        -|     -|        -|        -|    -|
|Memory               |        -|     -|        -|        -|    -|
|Multiplexer          |        -|     -|        -|       27|    -|
|Register             |        -|     -|        6|        -|    -|
+---------------------+---------+------+---------+---------+-----+
|Total                |        0|     0|        6|      241|    0|
+---------------------+---------+------+---------+---------+-----+
|Available SLR        |     1344|  3008|   869120|   434560|  320|
+---------------------+---------+------+---------+---------+-----+
|Utilization SLR (%)  |        0|     0|       ~0|       ~0|    0|
+---------------------+---------+------+---------+---------+-----+
|Available            |     4032|  9024|  2607360|  1303680|  960|
+---------------------+---------+------+---------+---------+-----+
|Utilization (%)      |        0|     0|       ~0|       ~0|    0|
+---------------------+---------+------+---------+---------+-----+

+ Detail: 
    * Instance: 
    N/A

    * DSP: 
    N/A

    * Memory: 
    N/A

    * FIFO: 
    N/A

    * Expression: 
    +-----------------------+----------+----+---+-----+------------+------------+
    |     Variable Name     | Operation| DSP| FF| LUT | Bitwidth P0| Bitwidth P1|
    +-----------------------+----------+----+---+-----+------------+------------+
    |add_ln237_fu_77_p2     |         +|   0|  0|   12|           4|           1|
    |icmp_ln237_fu_71_p2    |      icmp|   0|  0|   12|           4|           5|
    |lshr_ln240_fu_105_p2   |      lshr|   0|  0|  182|          64|          64|
    |xor_ln240_1_fu_116_p2  |       xor|   0|  0|    5|           4|           5|
    |xor_ln240_fu_87_p2     |       xor|   0|  0|    3|           3|           2|
    +-----------------------+----------+----+---+-----+------------+------------+
    |Total                  |          |   0|  0|  214|          79|          77|
    +-----------------------+----------+----+---+-----+------------+------------+

    * Multiplexer: 
    +----------------------+----+-----------+-----+-----------+
    |         Name         | LUT| Input Size| Bits| Total Bits|
    +----------------------+----+-----------+-----+-----------+
    |ap_done_int           |   9|          2|    1|          2|
    |ap_sig_allocacmp_i_1  |   9|          2|    4|          8|
    |i_fu_36               |   9|          2|    4|          8|
    +----------------------+----+-----------+-----+-----------+
    |Total                 |  27|          6|    9|         18|
    +----------------------+----+-----------+-----+-----------+

    * Register: 
    +-------------+---+----+-----+-----------+
    |     Name    | FF| LUT| Bits| Const Bits|
    +-------------+---+----+-----+-----------+
    |ap_CS_fsm    |  1|   0|    1|          0|
    |ap_done_reg  |  1|   0|    1|          0|
    |i_fu_36      |  4|   0|    4|          0|
    +-------------+---+----+-----+-----------+
    |Total        |  6|   0|    6|          0|
    +-------------+---+----+-----+-----------+



================================================================
== Interface
================================================================
* Summary: 
+--------------------+-----+-----+------------+------------------------------------------------+--------------+
|      RTL Ports     | Dir | Bits|  Protocol  |                  Source Object                 |    C Type    |
+--------------------+-----+-----+------------+------------------------------------------------+--------------+
|ap_clk              |   in|    1|  ap_ctrl_hs|  sha256_process_chunk_Pipeline_len_store_single|  return value|
|ap_rst              |   in|    1|  ap_ctrl_hs|  sha256_process_chunk_Pipeline_len_store_single|  return value|
|ap_start            |   in|    1|  ap_ctrl_hs|  sha256_process_chunk_Pipeline_len_store_single|  return value|
|ap_done             |  out|    1|  ap_ctrl_hs|  sha256_process_chunk_Pipeline_len_store_single|  return value|
|ap_idle             |  out|    1|  ap_ctrl_hs|  sha256_process_chunk_Pipeline_len_store_single|  return value|
|ap_ready            |  out|    1|  ap_ctrl_hs|  sha256_process_chunk_Pipeline_len_store_single|  return value|
|zext_ln232          |   in|   35|     ap_none|                                      zext_ln232|        scalar|
|pad_block_address0  |  out|    6|   ap_memory|                                       pad_block|         array|
|pad_block_ce0       |  out|    1|   ap_memory|                                       pad_block|         array|
|pad_block_we0       |  out|    1|   ap_memory|                                       pad_block|         array|
|pad_block_d0        |  out|    8|   ap_memory|                                       pad_block|         array|
+--------------------+-----+-----+------------+------------------------------------------------+--------------+

