

================================================================
== Vitis HLS Report for 'sha256_compress_block_Pipeline_expand_words'
================================================================
* Date:           Mon Feb 16 01:33:38 2026

* Version:        2023.1 (Build 3854077 on May  4 2023)
* Project:        calculate_sha256
* Solution:       solution (Vitis Kernel Flow Target)
* Product family: virtexuplusHBM
* Target device:  xcu280-fsvh2892-2L-e


================================================================
== Performance Estimates
================================================================
+ Timing: 
    * Summary: 
    +--------+---------+----------+------------+
    |  Clock |  Target | Estimated| Uncertainty|
    +--------+---------+----------+------------+
    |ap_clk  |  3.33 ns|  3.429 ns|     0.90 ns|
    +--------+---------+----------+------------+

+ Latency: 
    * Summary: 
    +---------+---------+----------+----------+-----+-----+---------+
    |  Latency (cycles) |  Latency (absolute) |  Interval | Pipeline|
    |   min   |   max   |    min   |    max   | min | max |   Type  |
    +---------+---------+----------+----------+-----+-----+---------+
    |      108|      108|  0.370 us|  0.370 us|  108|  108|       no|
    +---------+---------+----------+----------+-----+-----+---------+

    + Detail: 
        * Instance: 
        N/A

        * Loop: 
        +----------------+---------+---------+----------+-----------+-----------+------+----------+
        |                |  Latency (cycles) | Iteration|  Initiation Interval  | Trip |          |
        |    Loop Name   |   min   |   max   |  Latency |  achieved |   target  | Count| Pipelined|
        +----------------+---------+---------+----------+-----------+-----------+------+----------+
        |- expand_words  |      106|      106|        13|          2|          1|    48|       yes|
        +----------------+---------+---------+----------+-----------+-----------+------+----------+



================================================================
== Utilization Estimates
================================================================
* Summary: 
+---------------------+---------+------+---------+---------+-----+
|         Name        | BRAM_18K|  DSP |    FF   |   LUT   | URAM|
+---------------------+---------+------+---------+---------+-----+
|DSP                  |        -|     -|        -|        -|    -|
|Expression           |        -|     -|        0|      320|    -|
|FIFO                 |        -|     -|        -|        -|    -|
|Instance             |        -|     0|      158|      352|    -|
|Memory               |        -|     -|        -|        -|    -|
|Multiplexer          |        -|     -|        -|      191|    -|
|Register             |        -|     -|      186|       64|    -|
+---------------------+---------+------+---------+---------+-----+
|Total                |        0|     0|      344|      927|    0|
+---------------------+---------+------+---------+---------+-----+
|Available SLR        |     1344|  3008|   869120|   434560|  320|
+---------------------+---------+------+---------+---------+-----+
|Utilization SLR (%)  |        0|     0|       ~0|       ~0|    0|
+---------------------+---------+------+---------+---------+-----+
|Available            |     4032|  9024|  2607360|  1303680|  960|
+---------------------+---------+------+---------+---------+-----+
|Utilization (%)      |        0|     0|       ~0|       ~0|    0|
+---------------------+---------+------+---------+---------+-----+

+ Detail: 
    * Instance: 
    +------------------------+---------------------+---------+----+-----+----+-----+
    |        Instance        |        Module       | BRAM_18K| DSP|  FF | LUT| URAM|
    +------------------------+---------------------+---------+----+-----+----+-----+
    |mul_6ns_8ns_13_1_1_U6   |mul_6ns_8ns_13_1_1   |        0|   0|    0|  40|    0|
    |mul_6ns_8ns_13_1_1_U7   |mul_6ns_8ns_13_1_1   |        0|   0|    0|  40|    0|
    |mul_6ns_8ns_13_1_1_U8   |mul_6ns_8ns_13_1_1   |        0|   0|    0|  40|    0|
    |mul_6ns_8ns_13_1_1_U10  |mul_6ns_8ns_13_1_1   |        0|   0|    0|  40|    0|
    |mul_7ns_9ns_14_1_1_U9   |mul_7ns_9ns_14_1_1   |        0|   0|    0|  49|    0|
    |mux_3_2_32_1_1_U11      |mux_3_2_32_1_1       |        0|   0|    0|  14|    0|
    |mux_3_2_32_1_1_U12      |mux_3_2_32_1_1       |        0|   0|    0|  14|    0|
    |mux_3_2_32_1_1_U13      |mux_3_2_32_1_1       |        0|   0|    0|  14|    0|
    |mux_3_2_32_1_1_U14      |mux_3_2_32_1_1       |        0|   0|    0|  14|    0|
    |urem_7ns_3ns_2_11_1_U5  |urem_7ns_3ns_2_11_1  |        0|   0|  158|  87|    0|
    +------------------------+---------------------+---------+----+-----+----+-----+
    |Total                   |                     |        0|   0|  158| 352|    0|
    +------------------------+---------------------+---------+----+-----+----+-----+

    * DSP: 
    N/A

    * Memory: 
    N/A

    * FIFO: 
    N/A

    * Expression: 
    +-----------------------+----------+----+---+----+------------+------------+
    |     Variable Name     | Operation| DSP| FF| LUT| Bitwidth P0| Bitwidth P1|
    +-----------------------+----------+----+---+----+------------+------------+
    |add_ln135_fu_267_p2    |         +|   0|  0|  14|           7|           1|
    |add_ln138_1_fu_311_p2  |         +|   0|  0|  13|           6|           4|
    |add_ln138_2_fu_337_p2  |         +|   0|  0|  13|           6|           5|
    |add_ln138_3_fu_363_p2  |         +|   0|  0|  13|           6|           6|
    |add_ln138_4_fu_628_p2  |         +|   0|  0|  39|          32|          32|
    |add_ln138_5_fu_622_p2  |         +|   0|  0|  32|          32|          32|
    |add_ln138_6_fu_634_p2  |         +|   0|  0|  32|          32|          32|
    |add_ln138_fu_285_p2    |         +|   0|  0|  13|           6|           3|
    |ap_ext_blocking_n      |       and|   0|  0|   2|           2|           2|
    |ap_int_blocking_n      |       and|   0|  0|   2|           2|           2|
    |ap_str_blocking_n      |       and|   0|  0|   2|           2|           2|
    |icmp_ln135_fu_255_p2   |      icmp|   0|  0|  15|           7|           8|
    |ap_enable_pp0          |       xor|   0|  0|   2|           1|           2|
    |xor_ln138_1_fu_604_p2  |       xor|   0|  0|  32|          32|          32|
    |xor_ln138_2_fu_610_p2  |       xor|   0|  0|  32|          32|          32|
    |xor_ln138_3_fu_616_p2  |       xor|   0|  0|  32|          32|          32|
    |xor_ln138_fu_598_p2    |       xor|   0|  0|  32|          32|          32|
    +-----------------------+----------+----+---+----+------------+------------+
    |Total                  |          |   0|  0| 320|         269|         259|
    +-----------------------+----------+----+---+----+------------+------------+

    * Multiplexer: 
    +----------------------------------+----+-----------+-----+-----------+
    |               Name               | LUT| Input Size| Bits| Total Bits|
    +----------------------------------+----+-----------+-----+-----------+
    |ap_NS_fsm                         |  14|          3|    1|          3|
    |ap_done_int                       |   9|          2|    1|          2|
    |ap_enable_reg_pp0_iter0           |   9|          2|    1|          2|
    |ap_enable_reg_pp0_iter1           |   9|          2|    1|          2|
    |ap_enable_reg_pp0_iter6           |   9|          2|    1|          2|
    |ap_loop_exit_ready_pp0_iter1_reg  |   9|          2|    1|          2|
    |ap_loop_exit_ready_pp0_iter2_reg  |   9|          2|    1|          2|
    |ap_loop_exit_ready_pp0_iter3_reg  |   9|          2|    1|          2|
    |ap_loop_exit_ready_pp0_iter4_reg  |   9|          2|    1|          2|
    |ap_loop_exit_ready_pp0_iter5_reg  |   9|          2|    1|          2|
    |ap_sig_allocacmp_i                |   9|          2|    7|         14|
    |i_5_fu_96                         |   9|          2|    7|         14|
    |w_1_address0                      |  26|          5|    5|         25|
    |w_2_address0                      |  26|          5|    5|         25|
    |w_address0                        |  26|          5|    5|         25|
    +----------------------------------+----+-----------+-----+-----------+
    |Total                             | 191|         40|   39|        124|
    +----------------------------------+----+-----------+-----+-----------+

    * Register: 
    +----------------------------------+----+----+-----+-----------+
    |               Name               | FF | LUT| Bits| Const Bits|
    +----------------------------------+----+----+-----+-----------+
    |add_ln138_3_reg_684               |   6|   0|    6|          0|
    |ap_CS_fsm                         |   2|   0|    2|          0|
    |ap_done_reg                       |   1|   0|    1|          0|
    |ap_enable_reg_pp0_iter0_reg       |   1|   0|    1|          0|
    |ap_enable_reg_pp0_iter1           |   1|   0|    1|          0|
    |ap_enable_reg_pp0_iter2           |   1|   0|    1|          0|
    |ap_enable_reg_pp0_iter3           |   1|   0|    1|          0|
    |ap_enable_reg_pp0_iter4           |   1|   0|    1|          0|
    |ap_enable_reg_pp0_iter5           |   1|   0|    1|          0|
    |ap_enable_reg_pp0_iter6           |   1|   0|    1|          0|
    |ap_loop_exit_ready_pp0_iter1_reg  |   1|   0|    1|          0|
    |ap_loop_exit_ready_pp0_iter2_reg  |   1|   0|    1|          0|
    |ap_loop_exit_ready_pp0_iter3_reg  |   1|   0|    1|          0|
    |ap_loop_exit_ready_pp0_iter4_reg  |   1|   0|    1|          0|
    |ap_loop_exit_ready_pp0_iter5_reg  |   1|   0|    1|          0|
    |i_5_fu_96                         |   7|   0|    7|          0|
    |i_reg_650                         |   7|   0|    7|          0|
    |icmp_ln135_reg_657                |   1|   0|    1|          0|
    |tmp_1_reg_669                     |   5|   0|    5|          0|
    |tmp_2_reg_674                     |   5|   0|    5|          0|
    |tmp_3_reg_679                     |   5|   0|    5|          0|
    |tmp_reg_689                       |   5|   0|    5|          0|
    |trunc_ln135_1_reg_661             |   2|   0|    2|          0|
    |i_reg_650                         |  64|  32|    7|          0|
    |icmp_ln135_reg_657                |  64|  32|    1|          0|
    +----------------------------------+----+----+-----+-----------+
    |Total                             | 186|  64|   66|          0|
    +----------------------------------+----+----+-----+-----------+



================================================================
== Interface
================================================================
* Summary: 
+-------------------+-----+-----+------------+---------------------------------------------+--------------+
|     RTL Ports     | Dir | Bits|  Protocol  |                Source Object                |    C Type    |
+-------------------+-----+-----+------------+---------------------------------------------+--------------+
|ap_clk             |   in|    1|  ap_ctrl_hs|  sha256_compress_block_Pipeline_expand_words|  return value|
|ap_rst             |   in|    1|  ap_ctrl_hs|  sha256_compress_block_Pipeline_expand_words|  return value|
|ap_start           |   in|    1|  ap_ctrl_hs|  sha256_compress_block_Pipeline_expand_words|  return value|
|ap_done            |  out|    1|  ap_ctrl_hs|  sha256_compress_block_Pipeline_expand_words|  return value|
|ap_idle            |  out|    1|  ap_ctrl_hs|  sha256_compress_block_Pipeline_expand_words|  return value|
|ap_ready           |  out|    1|  ap_ctrl_hs|  sha256_compress_block_Pipeline_expand_words|  return value|
|ap_ext_blocking_n  |  out|    1|  ap_ctrl_hs|  sha256_compress_block_Pipeline_expand_words|  return value|
|ap_str_blocking_n  |  out|    1|  ap_ctrl_hs|  sha256_compress_block_Pipeline_expand_words|  return value|
|ap_int_blocking_n  |  out|    1|  ap_ctrl_hs|  sha256_compress_block_Pipeline_expand_words|  return value|
|w_2_address0       |  out|    5|   ap_memory|                                          w_2|         array|
|w_2_ce0            |  out|    1|   ap_memory|                                          w_2|         array|
|w_2_we0            |  out|    1|   ap_memory|                                          w_2|         array|
|w_2_d0             |  out|   32|   ap_memory|                                          w_2|         array|
|w_2_q0             |   in|   32|   ap_memory|                                          w_2|         array|
|w_2_address1       |  out|    5|   ap_memory|                                          w_2|         array|
|w_2_ce1            |  out|    1|   ap_memory|                                          w_2|         array|
|w_2_q1             |   in|   32|   ap_memory|                                          w_2|         array|
|w_1_address0       |  out|    5|   ap_memory|                                          w_1|         array|
|w_1_ce0            |  out|    1|   ap_memory|                                          w_1|         array|
|w_1_we0            |  out|    1|   ap_memory|                                          w_1|         array|
|w_1_d0             |  out|   32|   ap_memory|                                          w_1|         array|
|w_1_q0             |   in|   32|   ap_memory|                                          w_1|         array|
|w_1_address1       |  out|    5|   ap_memory|                                          w_1|         array|
|w_1_ce1            |  out|    1|   ap_memory|                                          w_1|         array|
|w_1_q1             |   in|   32|   ap_memory|                                          w_1|         array|
|w_address0         |  out|    5|   ap_memory|                                            w|         array|
|w_ce0              |  out|    1|   ap_memory|                                            w|         array|
|w_we0              |  out|    1|   ap_memory|                                            w|         array|
|w_d0               |  out|   32|   ap_memory|                                            w|         array|
|w_q0               |   in|   32|   ap_memory|                                            w|         array|
|w_address1         |  out|    5|   ap_memory|                                            w|         array|
|w_ce1              |  out|    1|   ap_memory|                                            w|         array|
|w_q1               |   in|   32|   ap_memory|                                            w|         array|
+-------------------+-----+-----+------------+---------------------------------------------+--------------+

