

================================================================
== Vitis HLS Report for 'crc_process_full_blocks'
================================================================
* Date:           Thu Apr  2 18:17:06 2026

* Version:        2022.1 (Build 3526262 on Mon Apr 18 15:47:01 MDT 2022)
* Project:        calculate_crc
* Solution:       solution (Vitis Kernel Flow Target)
* Product family: virtexuplus
* Target device:  xcu280-fsvh2892-2L-e


================================================================
== Performance Estimates
================================================================
+ Timing: 
    * Summary: 
    +--------+---------+----------+------------+
    |  Clock |  Target | Estimated| Uncertainty|
    +--------+---------+----------+------------+
    |ap_clk  |  3.33 ns|  2.413 ns|     0.90 ns|
    +--------+---------+----------+------------+

+ Latency: 
    * Summary: 
    +---------+---------+----------+----------+-----+-----+---------+
    |  Latency (cycles) |  Latency (absolute) |  Interval | Pipeline|
    |   min   |   max   |    min   |    max   | min | max |   Type  |
    +---------+---------+----------+----------+-----+-----+---------+
    |        1|        ?|  3.333 ns|         ?|    1|    ?|       no|
    +---------+---------+----------+----------+-----+-----+---------+

    + Detail: 
        * Instance: 
        +-------------------------------------------------------------+--------------------------------------------------+---------+---------+-----------+----------+-----+-----+---------+
        |                                                             |                                                  |  Latency (cycles) |  Latency (absolute)  |  Interval | Pipeline|
        |                           Instance                          |                      Module                      |   min   |   max   |    min    |    max   | min | max |   Type  |
        +-------------------------------------------------------------+--------------------------------------------------+---------+---------+-----------+----------+-----+-----+---------+
        |grp_crc_process_full_blocks_Pipeline_full_block_loop_fu_131  |crc_process_full_blocks_Pipeline_full_block_loop  |        5|        ?|  16.665 ns|         ?|    5|    ?|       no|
        +-------------------------------------------------------------+--------------------------------------------------+---------+---------+-----------+----------+-----+-----+---------+

        * Loop: 
        N/A



================================================================
== Utilization Estimates
================================================================
* Summary: 
+---------------------+---------+------+---------+---------+-----+
|         Name        | BRAM_18K|  DSP |    FF   |   LUT   | URAM|
+---------------------+---------+------+---------+---------+-----+
|DSP                  |        -|     -|        -|        -|    -|
|Expression           |        -|     -|        0|       18|    -|
|FIFO                 |        -|     -|        -|        -|    -|
|Instance             |        -|     -|      293|      801|    -|
|Memory               |        -|     -|        -|        -|    -|
|Multiplexer          |        -|     -|        -|      191|    -|
|Register             |        -|     -|       97|        -|    -|
+---------------------+---------+------+---------+---------+-----+
|Total                |        0|     0|      390|     1010|    0|
+---------------------+---------+------+---------+---------+-----+
|Available SLR        |     1344|  3008|   869120|   434560|  320|
+---------------------+---------+------+---------+---------+-----+
|Utilization SLR (%)  |        0|     0|       ~0|       ~0|    0|
+---------------------+---------+------+---------+---------+-----+
|Available            |     4032|  9024|  2607360|  1303680|  960|
+---------------------+---------+------+---------+---------+-----+
|Utilization (%)      |        0|     0|       ~0|       ~0|    0|
+---------------------+---------+------+---------+---------+-----+

+ Detail: 
    * Instance: 
    +-------------------------------------------------------------+--------------------------------------------------+---------+----+-----+-----+-----+
    |                           Instance                          |                      Module                      | BRAM_18K| DSP|  FF | LUT | URAM|
    +-------------------------------------------------------------+--------------------------------------------------+---------+----+-----+-----+-----+
    |grp_crc_process_full_blocks_Pipeline_full_block_loop_fu_131  |crc_process_full_blocks_Pipeline_full_block_loop  |        0|   0|  293|  801|    0|
    +-------------------------------------------------------------+--------------------------------------------------+---------+----+-----+-----+-----+
    |Total                                                        |                                                  |        0|   0|  293|  801|    0|
    +-------------------------------------------------------------+--------------------------------------------------+---------+----+-----+-----+-----+

    * DSP: 
    N/A

    * Memory: 
    N/A

    * FIFO: 
    N/A

    * Expression: 
    +----------------------+----------+----+---+----+------------+------------+
    |     Variable Name    | Operation| DSP| FF| LUT| Bitwidth P0| Bitwidth P1|
    +----------------------+----------+----+---+----+------------+------------+
    |icmp_ln391_fu_210_p2  |      icmp|   0|  0|  18|          29|           1|
    +----------------------+----------+----+---+----+------------+------------+
    |Total                 |          |   0|  0|  18|          29|           1|
    +----------------------+----------+----+---+----+------------+------------+

    * Multiplexer: 
    +------------------------------------+----+-----------+-----+-----------+
    |                Name                | LUT| Input Size| Bits| Total Bits|
    +------------------------------------+----+-----------+-----+-----------+
    |ap_NS_fsm                           |  20|          4|    1|          4|
    |ap_phi_mux_crc_buf_0_phi_fu_125_p4  |   9|          2|   32|         64|
    |ap_return                           |   9|          2|   32|         64|
    |crc_buf_0_reg_122                   |   9|          2|   32|         64|
    |inByte017_read                      |   9|          2|    1|          2|
    |inByte1027_read                     |   9|          2|    1|          2|
    |inByte1128_read                     |   9|          2|    1|          2|
    |inByte118_read                      |   9|          2|    1|          2|
    |inByte1229_read                     |   9|          2|    1|          2|
    |inByte1330_read                     |   9|          2|    1|          2|
    |inByte1431_read                     |   9|          2|    1|          2|
    |inByte1532_read                     |   9|          2|    1|          2|
    |inByte219_read                      |   9|          2|    1|          2|
    |inByte320_read                      |   9|          2|    1|          2|
    |inByte421_read                      |   9|          2|    1|          2|
    |inByte522_read                      |   9|          2|    1|          2|
    |inByte623_read                      |   9|          2|    1|          2|
    |inByte724_read                      |   9|          2|    1|          2|
    |inByte825_read                      |   9|          2|    1|          2|
    |inByte926_read                      |   9|          2|    1|          2|
    +------------------------------------+----+-----------+-----+-----------+
    |Total                               | 191|         42|  113|        228|
    +------------------------------------+----+-----------+-----+-----------+

    * Register: 
    +--------------------------------------------------------------------------+----+----+-----+-----------+
    |                                   Name                                   | FF | LUT| Bits| Const Bits|
    +--------------------------------------------------------------------------+----+----+-----+-----------+
    |ap_CS_fsm                                                                 |   3|   0|    3|          0|
    |ap_return_preg                                                            |  32|   0|   32|          0|
    |crc_buf_0_reg_122                                                         |  32|   0|   32|          0|
    |empty_reg_231                                                             |  28|   0|   28|          0|
    |grp_crc_process_full_blocks_Pipeline_full_block_loop_fu_131_ap_start_reg  |   1|   0|    1|          0|
    |icmp_ln391_reg_242                                                        |   1|   0|    1|          0|
    +--------------------------------------------------------------------------+----+----+-----+-----------+
    |Total                                                                     |  97|   0|   97|          0|
    +--------------------------------------------------------------------------+----+----+-----+-----------+



================================================================
== Interface
================================================================
* Summary: 
+---------------------------+-----+-----+------------+-------------------------+--------------+
|         RTL Ports         | Dir | Bits|  Protocol  |      Source Object      |    C Type    |
+---------------------------+-----+-----+------------+-------------------------+--------------+
|ap_clk                     |   in|    1|  ap_ctrl_hs|  crc_process_full_blocks|  return value|
|ap_rst                     |   in|    1|  ap_ctrl_hs|  crc_process_full_blocks|  return value|
|ap_start                   |   in|    1|  ap_ctrl_hs|  crc_process_full_blocks|  return value|
|ap_done                    |  out|    1|  ap_ctrl_hs|  crc_process_full_blocks|  return value|
|ap_idle                    |  out|    1|  ap_ctrl_hs|  crc_process_full_blocks|  return value|
|ap_ready                   |  out|    1|  ap_ctrl_hs|  crc_process_full_blocks|  return value|
|ap_return                  |  out|   32|  ap_ctrl_hs|  crc_process_full_blocks|  return value|
|crcTables_0_address0       |  out|    8|   ap_memory|              crcTables_0|         array|
|crcTables_0_ce0            |  out|    1|   ap_memory|              crcTables_0|         array|
|crcTables_0_q0             |   in|   32|   ap_memory|              crcTables_0|         array|
|crcTables_1_address0       |  out|    8|   ap_memory|              crcTables_1|         array|
|crcTables_1_ce0            |  out|    1|   ap_memory|              crcTables_1|         array|
|crcTables_1_q0             |   in|   32|   ap_memory|              crcTables_1|         array|
|crcTables_2_address0       |  out|    8|   ap_memory|              crcTables_2|         array|
|crcTables_2_ce0            |  out|    1|   ap_memory|              crcTables_2|         array|
|crcTables_2_q0             |   in|   32|   ap_memory|              crcTables_2|         array|
|crcTables_3_address0       |  out|    8|   ap_memory|              crcTables_3|         array|
|crcTables_3_ce0            |  out|    1|   ap_memory|              crcTables_3|         array|
|crcTables_3_q0             |   in|   32|   ap_memory|              crcTables_3|         array|
|crcTables_4_address0       |  out|    8|   ap_memory|              crcTables_4|         array|
|crcTables_4_ce0            |  out|    1|   ap_memory|              crcTables_4|         array|
|crcTables_4_q0             |   in|   32|   ap_memory|              crcTables_4|         array|
|crcTables_5_address0       |  out|    8|   ap_memory|              crcTables_5|         array|
|crcTables_5_ce0            |  out|    1|   ap_memory|              crcTables_5|         array|
|crcTables_5_q0             |   in|   32|   ap_memory|              crcTables_5|         array|
|crcTables_6_address0       |  out|    8|   ap_memory|              crcTables_6|         array|
|crcTables_6_ce0            |  out|    1|   ap_memory|              crcTables_6|         array|
|crcTables_6_q0             |   in|   32|   ap_memory|              crcTables_6|         array|
|crcTables_7_address0       |  out|    8|   ap_memory|              crcTables_7|         array|
|crcTables_7_ce0            |  out|    1|   ap_memory|              crcTables_7|         array|
|crcTables_7_q0             |   in|   32|   ap_memory|              crcTables_7|         array|
|crcTables_8_address0       |  out|    8|   ap_memory|              crcTables_8|         array|
|crcTables_8_ce0            |  out|    1|   ap_memory|              crcTables_8|         array|
|crcTables_8_q0             |   in|   32|   ap_memory|              crcTables_8|         array|
|crcTables_9_address0       |  out|    8|   ap_memory|              crcTables_9|         array|
|crcTables_9_ce0            |  out|    1|   ap_memory|              crcTables_9|         array|
|crcTables_9_q0             |   in|   32|   ap_memory|              crcTables_9|         array|
|crcTables_10_address0      |  out|    8|   ap_memory|             crcTables_10|         array|
|crcTables_10_ce0           |  out|    1|   ap_memory|             crcTables_10|         array|
|crcTables_10_q0            |   in|   32|   ap_memory|             crcTables_10|         array|
|crcTables_11_address0      |  out|    8|   ap_memory|             crcTables_11|         array|
|crcTables_11_ce0           |  out|    1|   ap_memory|             crcTables_11|         array|
|crcTables_11_q0            |   in|   32|   ap_memory|             crcTables_11|         array|
|crcTables_12_address0      |  out|    8|   ap_memory|             crcTables_12|         array|
|crcTables_12_ce0           |  out|    1|   ap_memory|             crcTables_12|         array|
|crcTables_12_q0            |   in|   32|   ap_memory|             crcTables_12|         array|
|crcTables_13_address0      |  out|    8|   ap_memory|             crcTables_13|         array|
|crcTables_13_ce0           |  out|    1|   ap_memory|             crcTables_13|         array|
|crcTables_13_q0            |   in|   32|   ap_memory|             crcTables_13|         array|
|crcTables_14_address0      |  out|    8|   ap_memory|             crcTables_14|         array|
|crcTables_14_ce0           |  out|    1|   ap_memory|             crcTables_14|         array|
|crcTables_14_q0            |   in|   32|   ap_memory|             crcTables_14|         array|
|crcTables_15_address0      |  out|    8|   ap_memory|             crcTables_15|         array|
|crcTables_15_ce0           |  out|    1|   ap_memory|             crcTables_15|         array|
|crcTables_15_q0            |   in|   32|   ap_memory|             crcTables_15|         array|
|inByte017_dout             |   in|    8|     ap_fifo|                inByte017|       pointer|
|inByte017_num_data_valid   |   in|    7|     ap_fifo|                inByte017|       pointer|
|inByte017_fifo_cap         |   in|    7|     ap_fifo|                inByte017|       pointer|
|inByte017_empty_n          |   in|    1|     ap_fifo|                inByte017|       pointer|
|inByte017_read             |  out|    1|     ap_fifo|                inByte017|       pointer|
|inByte118_dout             |   in|    8|     ap_fifo|                inByte118|       pointer|
|inByte118_num_data_valid   |   in|    7|     ap_fifo|                inByte118|       pointer|
|inByte118_fifo_cap         |   in|    7|     ap_fifo|                inByte118|       pointer|
|inByte118_empty_n          |   in|    1|     ap_fifo|                inByte118|       pointer|
|inByte118_read             |  out|    1|     ap_fifo|                inByte118|       pointer|
|inByte219_dout             |   in|    8|     ap_fifo|                inByte219|       pointer|
|inByte219_num_data_valid   |   in|    7|     ap_fifo|                inByte219|       pointer|
|inByte219_fifo_cap         |   in|    7|     ap_fifo|                inByte219|       pointer|
|inByte219_empty_n          |   in|    1|     ap_fifo|                inByte219|       pointer|
|inByte219_read             |  out|    1|     ap_fifo|                inByte219|       pointer|
|inByte320_dout             |   in|    8|     ap_fifo|                inByte320|       pointer|
|inByte320_num_data_valid   |   in|    7|     ap_fifo|                inByte320|       pointer|
|inByte320_fifo_cap         |   in|    7|     ap_fifo|                inByte320|       pointer|
|inByte320_empty_n          |   in|    1|     ap_fifo|                inByte320|       pointer|
|inByte320_read             |  out|    1|     ap_fifo|                inByte320|       pointer|
|inByte421_dout             |   in|    8|     ap_fifo|                inByte421|       pointer|
|inByte421_num_data_valid   |   in|    7|     ap_fifo|                inByte421|       pointer|
|inByte421_fifo_cap         |   in|    7|     ap_fifo|                inByte421|       pointer|
|inByte421_empty_n          |   in|    1|     ap_fifo|                inByte421|       pointer|
|inByte421_read             |  out|    1|     ap_fifo|                inByte421|       pointer|
|inByte522_dout             |   in|    8|     ap_fifo|                inByte522|       pointer|
|inByte522_num_data_valid   |   in|    7|     ap_fifo|                inByte522|       pointer|
|inByte522_fifo_cap         |   in|    7|     ap_fifo|                inByte522|       pointer|
|inByte522_empty_n          |   in|    1|     ap_fifo|                inByte522|       pointer|
|inByte522_read             |  out|    1|     ap_fifo|                inByte522|       pointer|
|inByte623_dout             |   in|    8|     ap_fifo|                inByte623|       pointer|
|inByte623_num_data_valid   |   in|    7|     ap_fifo|                inByte623|       pointer|
|inByte623_fifo_cap         |   in|    7|     ap_fifo|                inByte623|       pointer|
|inByte623_empty_n          |   in|    1|     ap_fifo|                inByte623|       pointer|
|inByte623_read             |  out|    1|     ap_fifo|                inByte623|       pointer|
|inByte724_dout             |   in|    8|     ap_fifo|                inByte724|       pointer|
|inByte724_num_data_valid   |   in|    7|     ap_fifo|                inByte724|       pointer|
|inByte724_fifo_cap         |   in|    7|     ap_fifo|                inByte724|       pointer|
|inByte724_empty_n          |   in|    1|     ap_fifo|                inByte724|       pointer|
|inByte724_read             |  out|    1|     ap_fifo|                inByte724|       pointer|
|inByte825_dout             |   in|    8|     ap_fifo|                inByte825|       pointer|
|inByte825_num_data_valid   |   in|    7|     ap_fifo|                inByte825|       pointer|
|inByte825_fifo_cap         |   in|    7|     ap_fifo|                inByte825|       pointer|
|inByte825_empty_n          |   in|    1|     ap_fifo|                inByte825|       pointer|
|inByte825_read             |  out|    1|     ap_fifo|                inByte825|       pointer|
|inByte926_dout             |   in|    8|     ap_fifo|                inByte926|       pointer|
|inByte926_num_data_valid   |   in|    7|     ap_fifo|                inByte926|       pointer|
|inByte926_fifo_cap         |   in|    7|     ap_fifo|                inByte926|       pointer|
|inByte926_empty_n          |   in|    1|     ap_fifo|                inByte926|       pointer|
|inByte926_read             |  out|    1|     ap_fifo|                inByte926|       pointer|
|inByte1027_dout            |   in|    8|     ap_fifo|               inByte1027|       pointer|
|inByte1027_num_data_valid  |   in|    7|     ap_fifo|               inByte1027|       pointer|
|inByte1027_fifo_cap        |   in|    7|     ap_fifo|               inByte1027|       pointer|
|inByte1027_empty_n         |   in|    1|     ap_fifo|               inByte1027|       pointer|
|inByte1027_read            |  out|    1|     ap_fifo|               inByte1027|       pointer|
|inByte1128_dout            |   in|    8|     ap_fifo|               inByte1128|       pointer|
|inByte1128_num_data_valid  |   in|    7|     ap_fifo|               inByte1128|       pointer|
|inByte1128_fifo_cap        |   in|    7|     ap_fifo|               inByte1128|       pointer|
|inByte1128_empty_n         |   in|    1|     ap_fifo|               inByte1128|       pointer|
|inByte1128_read            |  out|    1|     ap_fifo|               inByte1128|       pointer|
|inByte1229_dout            |   in|    8|     ap_fifo|               inByte1229|       pointer|
|inByte1229_num_data_valid  |   in|    7|     ap_fifo|               inByte1229|       pointer|
|inByte1229_fifo_cap        |   in|    7|     ap_fifo|               inByte1229|       pointer|
|inByte1229_empty_n         |   in|    1|     ap_fifo|               inByte1229|       pointer|
|inByte1229_read            |  out|    1|     ap_fifo|               inByte1229|       pointer|
|inByte1330_dout            |   in|    8|     ap_fifo|               inByte1330|       pointer|
|inByte1330_num_data_valid  |   in|    7|     ap_fifo|               inByte1330|       pointer|
|inByte1330_fifo_cap        |   in|    7|     ap_fifo|               inByte1330|       pointer|
|inByte1330_empty_n         |   in|    1|     ap_fifo|               inByte1330|       pointer|
|inByte1330_read            |  out|    1|     ap_fifo|               inByte1330|       pointer|
|inByte1431_dout            |   in|    8|     ap_fifo|               inByte1431|       pointer|
|inByte1431_num_data_valid  |   in|    7|     ap_fifo|               inByte1431|       pointer|
|inByte1431_fifo_cap        |   in|    7|     ap_fifo|               inByte1431|       pointer|
|inByte1431_empty_n         |   in|    1|     ap_fifo|               inByte1431|       pointer|
|inByte1431_read            |  out|    1|     ap_fifo|               inByte1431|       pointer|
|inByte1532_dout            |   in|    8|     ap_fifo|               inByte1532|       pointer|
|inByte1532_num_data_valid  |   in|    7|     ap_fifo|               inByte1532|       pointer|
|inByte1532_fifo_cap        |   in|    7|     ap_fifo|               inByte1532|       pointer|
|inByte1532_empty_n         |   in|    1|     ap_fifo|               inByte1532|       pointer|
|inByte1532_read            |  out|    1|     ap_fifo|               inByte1532|       pointer|
|blocks_in_chunk            |   in|   29|     ap_none|          blocks_in_chunk|        scalar|
|crc                        |   in|   32|     ap_none|                      crc|        scalar|
|mask                       |   in|   32|     ap_none|                     mask|        scalar|
+---------------------------+-----+-----+------------+-------------------------+--------------+

