

================================================================
== Vitis HLS Report for 'process_crc'
================================================================
* Date:           Fri Feb 20 12:32:10 2026

* Version:        2023.1 (Build 3854077 on May  4 2023)
* Project:        calculate_crc
* Solution:       solution (Vitis Kernel Flow Target)
* Product family: virtexuplusHBM
* Target device:  xcu280-fsvh2892-2L-e


================================================================
== Performance Estimates
================================================================
+ Timing: 
    * Summary: 
    +--------+---------+----------+------------+
    |  Clock |  Target | Estimated| Uncertainty|
    +--------+---------+----------+------------+
    |ap_clk  |  3.33 ns|  3.629 ns|     0.90 ns|
    +--------+---------+----------+------------+

+ Latency: 
    * Summary: 
    +---------+---------+----------+----------+-----+-----+----------+
    |  Latency (cycles) |  Latency (absolute) |  Interval | Pipeline |
    |   min   |   max   |    min   |    max   | min | max |   Type   |
    +---------+---------+----------+----------+-----+-----+----------+
    |        ?|        ?|         ?|         ?|    ?|    ?|  dataflow|
    +---------+---------+----------+----------+-----+-----+----------+

    + Detail: 
        * Instance: 
        +-----------------------------------+--------------------------------+---------+-----------+-----------+-----------+------+-----------+---------+
        |                                   |                                |   Latency (cycles)  |   Latency (absolute)  |     Interval     | Pipeline|
        |              Instance             |             Module             |   min   |    max    |    min    |    max    |  min |    max    |   Type  |
        +-----------------------------------+--------------------------------+---------+-----------+-----------+-----------+------+-----------+---------+
        |process_crc_Loop_init_lut_proc_U0  |process_crc_Loop_init_lut_proc  |     4171|       4171|  13.902 us|  13.902 us|  4171|       4171|       no|
        |read_input_U0                      |read_input                      |       79|  134217806|   0.263 us|  0.447 sec|    79|  134217806|       no|
        |entry_proc_U0                      |entry_proc                      |        0|          0|       0 ns|       0 ns|     0|          0|       no|
        |process_blocks_U0                  |process_blocks                  |        ?|          ?|          ?|          ?|     ?|          ?|       no|
        |write_output_U0                    |write_output                    |        ?|          ?|          ?|          ?|     ?|          ?|       no|
        +-----------------------------------+--------------------------------+---------+-----------+-----------+-----------+------+-----------+---------+

        * Loop: 
        N/A



================================================================
== Utilization Estimates
================================================================
* Summary: 
+---------------------+---------+------+---------+---------+-----+
|         Name        | BRAM_18K|  DSP |    FF   |   LUT   | URAM|
+---------------------+---------+------+---------+---------+-----+
|DSP                  |        -|     -|        -|        -|    -|
|Expression           |        -|     -|        0|       84|    -|
|FIFO                 |        0|     -|      481|      874|    -|
|Instance             |        -|     3|     2825|     5215|    -|
|Memory               |       16|     -|        0|        0|    -|
|Multiplexer          |        -|     -|        -|      171|    -|
|Register             |        -|     -|       19|        -|    -|
+---------------------+---------+------+---------+---------+-----+
|Total                |       16|     3|     3325|     6344|    0|
+---------------------+---------+------+---------+---------+-----+
|Available SLR        |     1344|  3008|   869120|   434560|  320|
+---------------------+---------+------+---------+---------+-----+
|Utilization SLR (%)  |        1|    ~0|       ~0|        1|    0|
+---------------------+---------+------+---------+---------+-----+
|Available            |     4032|  9024|  2607360|  1303680|  960|
+---------------------+---------+------+---------+---------+-----+
|Utilization (%)      |       ~0|    ~0|       ~0|       ~0|    0|
+---------------------+---------+------+---------+---------+-----+

+ Detail: 
    * Instance: 
    +-----------------------------------+--------------------------------+---------+----+------+------+-----+
    |              Instance             |             Module             | BRAM_18K| DSP|  FF  |  LUT | URAM|
    +-----------------------------------+--------------------------------+---------+----+------+------+-----+
    |entry_proc_U0                      |entry_proc                      |        0|   0|     3|    47|    0|
    |process_blocks_U0                  |process_blocks                  |        0|   0|   542|  2111|    0|
    |process_crc_Loop_init_lut_proc_U0  |process_crc_Loop_init_lut_proc  |        0|   0|  1185|  1113|    0|
    |read_input_U0                      |read_input                      |        0|   3|   612|  1163|    0|
    |write_output_U0                    |write_output                    |        0|   0|   483|   781|    0|
    +-----------------------------------+--------------------------------+---------+----+------+------+-----+
    |Total                              |                                |        0|   3|  2825|  5215|    0|
    +-----------------------------------+--------------------------------+---------+----+------+------+-----+

    * DSP: 
    N/A

    * Memory: 
    +----------------+----------------------------------------+---------+---+----+-----+------+-----+------+-------------+
    |     Memory     |                 Module                 | BRAM_18K| FF| LUT| URAM| Words| Bits| Banks| W*Bits*Banks|
    +----------------+----------------------------------------+---------+---+----+-----+------+-----+------+-------------+
    |crcTables_U     |process_crc_crcTables_RAM_1P_BRAM_1R1W  |        1|  0|   0|    0|   256|   32|     1|         8192|
    |crcTables_1_U   |process_crc_crcTables_RAM_1P_BRAM_1R1W  |        1|  0|   0|    0|   256|   32|     1|         8192|
    |crcTables_2_U   |process_crc_crcTables_RAM_1P_BRAM_1R1W  |        1|  0|   0|    0|   256|   32|     1|         8192|
    |crcTables_3_U   |process_crc_crcTables_RAM_1P_BRAM_1R1W  |        1|  0|   0|    0|   256|   32|     1|         8192|
    |crcTables_4_U   |process_crc_crcTables_RAM_1P_BRAM_1R1W  |        1|  0|   0|    0|   256|   32|     1|         8192|
    |crcTables_5_U   |process_crc_crcTables_RAM_1P_BRAM_1R1W  |        1|  0|   0|    0|   256|   32|     1|         8192|
    |crcTables_6_U   |process_crc_crcTables_RAM_1P_BRAM_1R1W  |        1|  0|   0|    0|   256|   32|     1|         8192|
    |crcTables_7_U   |process_crc_crcTables_RAM_1P_BRAM_1R1W  |        1|  0|   0|    0|   256|   32|     1|         8192|
    |crcTables_8_U   |process_crc_crcTables_RAM_1P_BRAM_1R1W  |        1|  0|   0|    0|   256|   32|     1|         8192|
    |crcTables_9_U   |process_crc_crcTables_RAM_1P_BRAM_1R1W  |        1|  0|   0|    0|   256|   32|     1|         8192|
    |crcTables_10_U  |process_crc_crcTables_RAM_1P_BRAM_1R1W  |        1|  0|   0|    0|   256|   32|     1|         8192|
    |crcTables_11_U  |process_crc_crcTables_RAM_1P_BRAM_1R1W  |        1|  0|   0|    0|   256|   32|     1|         8192|
    |crcTables_12_U  |process_crc_crcTables_RAM_1P_BRAM_1R1W  |        1|  0|   0|    0|   256|   32|     1|         8192|
    |crcTables_13_U  |process_crc_crcTables_RAM_1P_BRAM_1R1W  |        1|  0|   0|    0|   256|   32|     1|         8192|
    |crcTables_14_U  |process_crc_crcTables_RAM_1P_BRAM_1R1W  |        1|  0|   0|    0|   256|   32|     1|         8192|
    |crcTables_15_U  |process_crc_crcTables_RAM_1P_BRAM_1R1W  |        1|  0|   0|    0|   256|   32|     1|         8192|
    +----------------+----------------------------------------+---------+---+----+-----+------+-----+------+-------------+
    |Total           |                                        |       16|  0|   0|    0|  4096|  512|    16|       131072|
    +----------------+----------------------------------------+---------+---+----+-----+------+-----+------+-------------+

    * FIFO: 
    +-----------------+---------+-----+----+-----+------+-----+---------+
    |       Name      | BRAM_18K|  FF | LUT| URAM| Depth| Bits| Size:D*B|
    +-----------------+---------+-----+----+-----+------+-----+---------+
    |chunkSize_c_U    |        0|   68|   0|    -|     2|   32|       64|
    |crc_out_c_U      |        0|    5|   0|    -|     4|   64|      256|
    |crc_size_c_U     |        0|    5|   0|    -|     3|   32|       96|
    |inByte0_U        |        0|    9|   0|    -|    64|    8|      512|
    |inByte10_U       |        0|    9|   0|    -|    64|    8|      512|
    |inByte11_U       |        0|    9|   0|    -|    64|    8|      512|
    |inByte12_U       |        0|    9|   0|    -|    64|    8|      512|
    |inByte13_U       |        0|    9|   0|    -|    64|    8|      512|
    |inByte14_U       |        0|    9|   0|    -|    64|    8|      512|
    |inByte15_U       |        0|    9|   0|    -|    64|    8|      512|
    |inByte1_U        |        0|    9|   0|    -|    64|    8|      512|
    |inByte2_U        |        0|    9|   0|    -|    64|    8|      512|
    |inByte3_U        |        0|    9|   0|    -|    64|    8|      512|
    |inByte4_U        |        0|    9|   0|    -|    64|    8|      512|
    |inByte5_U        |        0|    9|   0|    -|    64|    8|      512|
    |inByte6_U        |        0|    9|   0|    -|    64|    8|      512|
    |inByte7_U        |        0|    9|   0|    -|    64|    8|      512|
    |inByte8_U        |        0|    9|   0|    -|    64|    8|      512|
    |inByte9_U        |        0|    9|   0|    -|    64|    8|      512|
    |init_value_c_U   |        0|    5|   0|    -|     3|   32|       96|
    |numChunks_c12_U  |        0|   68|   0|    -|     2|   32|       64|
    |numChunks_c_U    |        0|   68|   0|    -|     2|   32|       64|
    |outStream_U      |        0|  118|   0|    -|    64|   32|     2048|
    +-----------------+---------+-----+----+-----+------+-----+---------+
    |Total            |        0|  481|   0|    0|  1104|  384|    10880|
    +-----------------+---------+-----+----+-----+------+-----+---------+

    * Expression: 
    +----------------------------------------------------+----------+----+---+----+------------+------------+
    |                    Variable Name                   | Operation| DSP| FF| LUT| Bitwidth P0| Bitwidth P1|
    +----------------------------------------------------+----------+----+---+----+------------+------------+
    |ap_channel_done_crcTables                           |       and|   0|  0|   2|           1|           1|
    |ap_channel_done_crcTables_1                         |       and|   0|  0|   2|           1|           1|
    |ap_channel_done_crcTables_10                        |       and|   0|  0|   2|           1|           1|
    |ap_channel_done_crcTables_11                        |       and|   0|  0|   2|           1|           1|
    |ap_channel_done_crcTables_12                        |       and|   0|  0|   2|           1|           1|
    |ap_channel_done_crcTables_13                        |       and|   0|  0|   2|           1|           1|
    |ap_channel_done_crcTables_14                        |       and|   0|  0|   2|           1|           1|
    |ap_channel_done_crcTables_15                        |       and|   0|  0|   2|           1|           1|
    |ap_channel_done_crcTables_2                         |       and|   0|  0|   2|           1|           1|
    |ap_channel_done_crcTables_3                         |       and|   0|  0|   2|           1|           1|
    |ap_channel_done_crcTables_4                         |       and|   0|  0|   2|           1|           1|
    |ap_channel_done_crcTables_5                         |       and|   0|  0|   2|           1|           1|
    |ap_channel_done_crcTables_6                         |       and|   0|  0|   2|           1|           1|
    |ap_channel_done_crcTables_7                         |       and|   0|  0|   2|           1|           1|
    |ap_channel_done_crcTables_8                         |       and|   0|  0|   2|           1|           1|
    |ap_channel_done_crcTables_9                         |       and|   0|  0|   2|           1|           1|
    |ap_idle                                             |       and|   0|  0|   2|           1|           1|
    |ap_sync_ready                                       |       and|   0|  0|   2|           1|           1|
    |entry_proc_U0_ap_start                              |       and|   0|  0|   2|           1|           1|
    |process_blocks_U0_ap_start                          |       and|   0|  0|   2|           1|           1|
    |process_crc_Loop_init_lut_proc_U0_ap_continue       |       and|   0|  0|   2|           1|           1|
    |process_crc_Loop_init_lut_proc_U0_ap_start          |       and|   0|  0|   2|           1|           1|
    |read_input_U0_ap_start                              |       and|   0|  0|   2|           1|           1|
    |ap_sync_channel_write_crcTables                     |        or|   0|  0|   2|           1|           1|
    |ap_sync_channel_write_crcTables_1                   |        or|   0|  0|   2|           1|           1|
    |ap_sync_channel_write_crcTables_10                  |        or|   0|  0|   2|           1|           1|
    |ap_sync_channel_write_crcTables_11                  |        or|   0|  0|   2|           1|           1|
    |ap_sync_channel_write_crcTables_12                  |        or|   0|  0|   2|           1|           1|
    |ap_sync_channel_write_crcTables_13                  |        or|   0|  0|   2|           1|           1|
    |ap_sync_channel_write_crcTables_14                  |        or|   0|  0|   2|           1|           1|
    |ap_sync_channel_write_crcTables_15                  |        or|   0|  0|   2|           1|           1|
    |ap_sync_channel_write_crcTables_2                   |        or|   0|  0|   2|           1|           1|
    |ap_sync_channel_write_crcTables_3                   |        or|   0|  0|   2|           1|           1|
    |ap_sync_channel_write_crcTables_4                   |        or|   0|  0|   2|           1|           1|
    |ap_sync_channel_write_crcTables_5                   |        or|   0|  0|   2|           1|           1|
    |ap_sync_channel_write_crcTables_6                   |        or|   0|  0|   2|           1|           1|
    |ap_sync_channel_write_crcTables_7                   |        or|   0|  0|   2|           1|           1|
    |ap_sync_channel_write_crcTables_8                   |        or|   0|  0|   2|           1|           1|
    |ap_sync_channel_write_crcTables_9                   |        or|   0|  0|   2|           1|           1|
    |ap_sync_entry_proc_U0_ap_ready                      |        or|   0|  0|   2|           1|           1|
    |ap_sync_process_crc_Loop_init_lut_proc_U0_ap_ready  |        or|   0|  0|   2|           1|           1|
    |ap_sync_read_input_U0_ap_ready                      |        or|   0|  0|   2|           1|           1|
    +----------------------------------------------------+----------+----+---+----+------------+------------+
    |Total                                               |          |   0|  0|  84|          42|          42|
    +----------------------------------------------------+----------+----+---+----+------------+------------+

    * Multiplexer: 
    +--------------------------------------------------------+----+-----------+-----+-----------+
    |                          Name                          | LUT| Input Size| Bits| Total Bits|
    +--------------------------------------------------------+----+-----------+-----+-----------+
    |ap_sync_reg_channel_write_crcTables                     |   9|          2|    1|          2|
    |ap_sync_reg_channel_write_crcTables_1                   |   9|          2|    1|          2|
    |ap_sync_reg_channel_write_crcTables_10                  |   9|          2|    1|          2|
    |ap_sync_reg_channel_write_crcTables_11                  |   9|          2|    1|          2|
    |ap_sync_reg_channel_write_crcTables_12                  |   9|          2|    1|          2|
    |ap_sync_reg_channel_write_crcTables_13                  |   9|          2|    1|          2|
    |ap_sync_reg_channel_write_crcTables_14                  |   9|          2|    1|          2|
    |ap_sync_reg_channel_write_crcTables_15                  |   9|          2|    1|          2|
    |ap_sync_reg_channel_write_crcTables_2                   |   9|          2|    1|          2|
    |ap_sync_reg_channel_write_crcTables_3                   |   9|          2|    1|          2|
    |ap_sync_reg_channel_write_crcTables_4                   |   9|          2|    1|          2|
    |ap_sync_reg_channel_write_crcTables_5                   |   9|          2|    1|          2|
    |ap_sync_reg_channel_write_crcTables_6                   |   9|          2|    1|          2|
    |ap_sync_reg_channel_write_crcTables_7                   |   9|          2|    1|          2|
    |ap_sync_reg_channel_write_crcTables_8                   |   9|          2|    1|          2|
    |ap_sync_reg_channel_write_crcTables_9                   |   9|          2|    1|          2|
    |ap_sync_reg_entry_proc_U0_ap_ready                      |   9|          2|    1|          2|
    |ap_sync_reg_process_crc_Loop_init_lut_proc_U0_ap_ready  |   9|          2|    1|          2|
    |ap_sync_reg_read_input_U0_ap_ready                      |   9|          2|    1|          2|
    +--------------------------------------------------------+----+-----------+-----+-----------+
    |Total                                                   | 171|         38|   19|         38|
    +--------------------------------------------------------+----+-----------+-----+-----------+

    * Register: 
    +--------------------------------------------------------+---+----+-----+-----------+
    |                          Name                          | FF| LUT| Bits| Const Bits|
    +--------------------------------------------------------+---+----+-----+-----------+
    |ap_sync_reg_channel_write_crcTables                     |  1|   0|    1|          0|
    |ap_sync_reg_channel_write_crcTables_1                   |  1|   0|    1|          0|
    |ap_sync_reg_channel_write_crcTables_10                  |  1|   0|    1|          0|
    |ap_sync_reg_channel_write_crcTables_11                  |  1|   0|    1|          0|
    |ap_sync_reg_channel_write_crcTables_12                  |  1|   0|    1|          0|
    |ap_sync_reg_channel_write_crcTables_13                  |  1|   0|    1|          0|
    |ap_sync_reg_channel_write_crcTables_14                  |  1|   0|    1|          0|
    |ap_sync_reg_channel_write_crcTables_15                  |  1|   0|    1|          0|
    |ap_sync_reg_channel_write_crcTables_2                   |  1|   0|    1|          0|
    |ap_sync_reg_channel_write_crcTables_3                   |  1|   0|    1|          0|
    |ap_sync_reg_channel_write_crcTables_4                   |  1|   0|    1|          0|
    |ap_sync_reg_channel_write_crcTables_5                   |  1|   0|    1|          0|
    |ap_sync_reg_channel_write_crcTables_6                   |  1|   0|    1|          0|
    |ap_sync_reg_channel_write_crcTables_7                   |  1|   0|    1|          0|
    |ap_sync_reg_channel_write_crcTables_8                   |  1|   0|    1|          0|
    |ap_sync_reg_channel_write_crcTables_9                   |  1|   0|    1|          0|
    |ap_sync_reg_entry_proc_U0_ap_ready                      |  1|   0|    1|          0|
    |ap_sync_reg_process_crc_Loop_init_lut_proc_U0_ap_ready  |  1|   0|    1|          0|
    |ap_sync_reg_read_input_U0_ap_ready                      |  1|   0|    1|          0|
    +--------------------------------------------------------+---+----+-----+-----------+
    |Total                                                   | 19|   0|   19|          0|
    +--------------------------------------------------------+---+----+-----+-----------+



================================================================
== Interface
================================================================
* Summary: 
+----------------------+-----+-----+------------+--------------+--------------+
|       RTL Ports      | Dir | Bits|  Protocol  | Source Object|    C Type    |
+----------------------+-----+-----+------------+--------------+--------------+
|ap_clk                |   in|    1|  ap_ctrl_hs|   process_crc|  return value|
|ap_rst                |   in|    1|  ap_ctrl_hs|   process_crc|  return value|
|ap_start              |   in|    1|  ap_ctrl_hs|   process_crc|  return value|
|ap_done               |  out|    1|  ap_ctrl_hs|   process_crc|  return value|
|ap_ready              |  out|    1|  ap_ctrl_hs|   process_crc|  return value|
|ap_idle               |  out|    1|  ap_ctrl_hs|   process_crc|  return value|
|ap_continue           |   in|    1|  ap_ctrl_hs|   process_crc|  return value|
|m_axi_gmem0_AWVALID   |  out|    1|       m_axi|         gmem0|       pointer|
|m_axi_gmem0_AWREADY   |   in|    1|       m_axi|         gmem0|       pointer|
|m_axi_gmem0_AWADDR    |  out|   64|       m_axi|         gmem0|       pointer|
|m_axi_gmem0_AWID      |  out|    1|       m_axi|         gmem0|       pointer|
|m_axi_gmem0_AWLEN     |  out|   32|       m_axi|         gmem0|       pointer|
|m_axi_gmem0_AWSIZE    |  out|    3|       m_axi|         gmem0|       pointer|
|m_axi_gmem0_AWBURST   |  out|    2|       m_axi|         gmem0|       pointer|
|m_axi_gmem0_AWLOCK    |  out|    2|       m_axi|         gmem0|       pointer|
|m_axi_gmem0_AWCACHE   |  out|    4|       m_axi|         gmem0|       pointer|
|m_axi_gmem0_AWPROT    |  out|    3|       m_axi|         gmem0|       pointer|
|m_axi_gmem0_AWQOS     |  out|    4|       m_axi|         gmem0|       pointer|
|m_axi_gmem0_AWREGION  |  out|    4|       m_axi|         gmem0|       pointer|
|m_axi_gmem0_AWUSER    |  out|    1|       m_axi|         gmem0|       pointer|
|m_axi_gmem0_WVALID    |  out|    1|       m_axi|         gmem0|       pointer|
|m_axi_gmem0_WREADY    |   in|    1|       m_axi|         gmem0|       pointer|
|m_axi_gmem0_WDATA     |  out|  128|       m_axi|         gmem0|       pointer|
|m_axi_gmem0_WSTRB     |  out|   16|       m_axi|         gmem0|       pointer|
|m_axi_gmem0_WLAST     |  out|    1|       m_axi|         gmem0|       pointer|
|m_axi_gmem0_WID       |  out|    1|       m_axi|         gmem0|       pointer|
|m_axi_gmem0_WUSER     |  out|    1|       m_axi|         gmem0|       pointer|
|m_axi_gmem0_ARVALID   |  out|    1|       m_axi|         gmem0|       pointer|
|m_axi_gmem0_ARREADY   |   in|    1|       m_axi|         gmem0|       pointer|
|m_axi_gmem0_ARADDR    |  out|   64|       m_axi|         gmem0|       pointer|
|m_axi_gmem0_ARID      |  out|    1|       m_axi|         gmem0|       pointer|
|m_axi_gmem0_ARLEN     |  out|   32|       m_axi|         gmem0|       pointer|
|m_axi_gmem0_ARSIZE    |  out|    3|       m_axi|         gmem0|       pointer|
|m_axi_gmem0_ARBURST   |  out|    2|       m_axi|         gmem0|       pointer|
|m_axi_gmem0_ARLOCK    |  out|    2|       m_axi|         gmem0|       pointer|
|m_axi_gmem0_ARCACHE   |  out|    4|       m_axi|         gmem0|       pointer|
|m_axi_gmem0_ARPROT    |  out|    3|       m_axi|         gmem0|       pointer|
|m_axi_gmem0_ARQOS     |  out|    4|       m_axi|         gmem0|       pointer|
|m_axi_gmem0_ARREGION  |  out|    4|       m_axi|         gmem0|       pointer|
|m_axi_gmem0_ARUSER    |  out|    1|       m_axi|         gmem0|       pointer|
|m_axi_gmem0_RVALID    |   in|    1|       m_axi|         gmem0|       pointer|
|m_axi_gmem0_RREADY    |  out|    1|       m_axi|         gmem0|       pointer|
|m_axi_gmem0_RDATA     |   in|  128|       m_axi|         gmem0|       pointer|
|m_axi_gmem0_RLAST     |   in|    1|       m_axi|         gmem0|       pointer|
|m_axi_gmem0_RID       |   in|    1|       m_axi|         gmem0|       pointer|
|m_axi_gmem0_RFIFONUM  |   in|    9|       m_axi|         gmem0|       pointer|
|m_axi_gmem0_RUSER     |   in|    1|       m_axi|         gmem0|       pointer|
|m_axi_gmem0_RRESP     |   in|    2|       m_axi|         gmem0|       pointer|
|m_axi_gmem0_BVALID    |   in|    1|       m_axi|         gmem0|       pointer|
|m_axi_gmem0_BREADY    |  out|    1|       m_axi|         gmem0|       pointer|
|m_axi_gmem0_BRESP     |   in|    2|       m_axi|         gmem0|       pointer|
|m_axi_gmem0_BID       |   in|    1|       m_axi|         gmem0|       pointer|
|m_axi_gmem0_BUSER     |   in|    1|       m_axi|         gmem0|       pointer|
|data_in               |   in|   64|     ap_none|       data_in|        scalar|
|data_in_ap_vld        |   in|    1|     ap_none|       data_in|        scalar|
|crc_out               |   in|   64|     ap_none|       crc_out|        scalar|
|crc_out_ap_vld        |   in|    1|     ap_none|       crc_out|        scalar|
|m_axi_gmem1_AWVALID   |  out|    1|       m_axi|         gmem1|       pointer|
|m_axi_gmem1_AWREADY   |   in|    1|       m_axi|         gmem1|       pointer|
|m_axi_gmem1_AWADDR    |  out|   64|       m_axi|         gmem1|       pointer|
|m_axi_gmem1_AWID      |  out|    1|       m_axi|         gmem1|       pointer|
|m_axi_gmem1_AWLEN     |  out|   32|       m_axi|         gmem1|       pointer|
|m_axi_gmem1_AWSIZE    |  out|    3|       m_axi|         gmem1|       pointer|
|m_axi_gmem1_AWBURST   |  out|    2|       m_axi|         gmem1|       pointer|
|m_axi_gmem1_AWLOCK    |  out|    2|       m_axi|         gmem1|       pointer|
|m_axi_gmem1_AWCACHE   |  out|    4|       m_axi|         gmem1|       pointer|
|m_axi_gmem1_AWPROT    |  out|    3|       m_axi|         gmem1|       pointer|
|m_axi_gmem1_AWQOS     |  out|    4|       m_axi|         gmem1|       pointer|
|m_axi_gmem1_AWREGION  |  out|    4|       m_axi|         gmem1|       pointer|
|m_axi_gmem1_AWUSER    |  out|    1|       m_axi|         gmem1|       pointer|
|m_axi_gmem1_WVALID    |  out|    1|       m_axi|         gmem1|       pointer|
|m_axi_gmem1_WREADY    |   in|    1|       m_axi|         gmem1|       pointer|
|m_axi_gmem1_WDATA     |  out|  512|       m_axi|         gmem1|       pointer|
|m_axi_gmem1_WSTRB     |  out|   64|       m_axi|         gmem1|       pointer|
|m_axi_gmem1_WLAST     |  out|    1|       m_axi|         gmem1|       pointer|
|m_axi_gmem1_WID       |  out|    1|       m_axi|         gmem1|       pointer|
|m_axi_gmem1_WUSER     |  out|    1|       m_axi|         gmem1|       pointer|
|m_axi_gmem1_ARVALID   |  out|    1|       m_axi|         gmem1|       pointer|
|m_axi_gmem1_ARREADY   |   in|    1|       m_axi|         gmem1|       pointer|
|m_axi_gmem1_ARADDR    |  out|   64|       m_axi|         gmem1|       pointer|
|m_axi_gmem1_ARID      |  out|    1|       m_axi|         gmem1|       pointer|
|m_axi_gmem1_ARLEN     |  out|   32|       m_axi|         gmem1|       pointer|
|m_axi_gmem1_ARSIZE    |  out|    3|       m_axi|         gmem1|       pointer|
|m_axi_gmem1_ARBURST   |  out|    2|       m_axi|         gmem1|       pointer|
|m_axi_gmem1_ARLOCK    |  out|    2|       m_axi|         gmem1|       pointer|
|m_axi_gmem1_ARCACHE   |  out|    4|       m_axi|         gmem1|       pointer|
|m_axi_gmem1_ARPROT    |  out|    3|       m_axi|         gmem1|       pointer|
|m_axi_gmem1_ARQOS     |  out|    4|       m_axi|         gmem1|       pointer|
|m_axi_gmem1_ARREGION  |  out|    4|       m_axi|         gmem1|       pointer|
|m_axi_gmem1_ARUSER    |  out|    1|       m_axi|         gmem1|       pointer|
|m_axi_gmem1_RVALID    |   in|    1|       m_axi|         gmem1|       pointer|
|m_axi_gmem1_RREADY    |  out|    1|       m_axi|         gmem1|       pointer|
|m_axi_gmem1_RDATA     |   in|  512|       m_axi|         gmem1|       pointer|
|m_axi_gmem1_RLAST     |   in|    1|       m_axi|         gmem1|       pointer|
|m_axi_gmem1_RID       |   in|    1|       m_axi|         gmem1|       pointer|
|m_axi_gmem1_RFIFONUM  |   in|    9|       m_axi|         gmem1|       pointer|
|m_axi_gmem1_RUSER     |   in|    1|       m_axi|         gmem1|       pointer|
|m_axi_gmem1_RRESP     |   in|    2|       m_axi|         gmem1|       pointer|
|m_axi_gmem1_BVALID    |   in|    1|       m_axi|         gmem1|       pointer|
|m_axi_gmem1_BREADY    |  out|    1|       m_axi|         gmem1|       pointer|
|m_axi_gmem1_BRESP     |   in|    2|       m_axi|         gmem1|       pointer|
|m_axi_gmem1_BID       |   in|    1|       m_axi|         gmem1|       pointer|
|m_axi_gmem1_BUSER     |   in|    1|       m_axi|         gmem1|       pointer|
|tables                |   in|   64|     ap_none|        tables|        scalar|
|tables_ap_vld         |   in|    1|     ap_none|        tables|        scalar|
|numChunks             |   in|   32|     ap_none|     numChunks|        scalar|
|numChunks_ap_vld      |   in|    1|     ap_none|     numChunks|        scalar|
|chunkSize             |   in|   32|     ap_none|     chunkSize|        scalar|
|chunkSize_ap_vld      |   in|    1|     ap_none|     chunkSize|        scalar|
|crc_size              |   in|   32|     ap_none|      crc_size|        scalar|
|crc_size_ap_vld       |   in|    1|     ap_none|      crc_size|        scalar|
|init_value            |   in|   32|     ap_none|    init_value|        scalar|
|init_value_ap_vld     |   in|    1|     ap_none|    init_value|        scalar|
+----------------------+-----+-----+------------+--------------+--------------+

