#-----------------------------------------------------------
# Vivado v2022.1 (64-bit)
# SW Build 3526262 on Mon Apr 18 15:47:01 MDT 2022
# IP Build 3524634 on Mon Apr 18 20:55:01 MDT 2022
# Start of session at: Thu Apr  2 18:18:27 2026
# Process ID: 1298562
# Current directory: /home/efrink/mled/split_cu/U280_CRC_Accelerator/_x.hw.xilinx_u280_gen3x16_xdma_1_202211_1/calculate_tcp_checksum/calculate_tcp_checksum/calculate_tcp_checksum/solution/impl/ip
# Command line: vivado -notrace -mode batch -source run_ippack.tcl
# Log file: /home/efrink/mled/split_cu/U280_CRC_Accelerator/_x.hw.xilinx_u280_gen3x16_xdma_1_202211_1/calculate_tcp_checksum/calculate_tcp_checksum/calculate_tcp_checksum/solution/impl/ip/vivado.log
# Journal file: /home/efrink/mled/split_cu/U280_CRC_Accelerator/_x.hw.xilinx_u280_gen3x16_xdma_1_202211_1/calculate_tcp_checksum/calculate_tcp_checksum/calculate_tcp_checksum/solution/impl/ip/vivado.jou
# Running On: sfpga01a, OS: Linux, CPU Frequency: 2844.606 MHz, CPU Physical cores: 32, Host memory: 269911 MB
#-----------------------------------------------------------
source run_ippack.tcl -notrace
