

================================================================
== Vitis HLS Report for 'process_blocks_Pipeline_block_loop'
================================================================
* Date:           Mon Feb 16 01:30:45 2026

* Version:        2023.1 (Build 3854077 on May  4 2023)
* Project:        calculate_crc
* Solution:       solution (Vitis Kernel Flow Target)
* Product family: virtexuplusHBM
* Target device:  xcu280-fsvh2892-2L-e


================================================================
== Performance Estimates
================================================================
+ Timing: 
    * Summary: 
    +--------+---------+----------+------------+
    |  Clock |  Target | Estimated| Uncertainty|
    +--------+---------+----------+------------+
    |ap_clk  |  3.33 ns|  2.641 ns|     0.90 ns|
    +--------+---------+----------+------------+

+ Latency: 
    * Summary: 
    +---------+-----------+----------+-----------+-----+-----------+---------+
    |   Latency (cycles)  |  Latency (absolute)  |     Interval    | Pipeline|
    |   min   |    max    |    min   |    max    | min |    max    |   Type  |
    +---------+-----------+----------+-----------+-----+-----------+---------+
    |        2|  134217730|  6.666 ns|  0.447 sec|    2|  134217730|       no|
    +---------+-----------+----------+-----------+-----+-----------+---------+

    + Detail: 
        * Instance: 
        N/A

        * Loop: 
        +--------------+---------+-----------+----------+-----------+-----------+---------------+----------+
        |              |   Latency (cycles)  | Iteration|  Initiation Interval  |      Trip     |          |
        |   Loop Name  |   min   |    max    |  Latency |  achieved |   target  |     Count     | Pipelined|
        +--------------+---------+-----------+----------+-----------+-----------+---------------+----------+
        |- block_loop  |        0|  134217728|         3|          1|          1|  0 ~ 134217727|       yes|
        +--------------+---------+-----------+----------+-----------+-----------+---------------+----------+



================================================================
== Utilization Estimates
================================================================
* Summary: 
+---------------------+---------+------+---------+---------+-----+
|         Name        | BRAM_18K|  DSP |    FF   |   LUT   | URAM|
+---------------------+---------+------+---------+---------+-----+
|DSP                  |        -|     -|        -|        -|    -|
|Expression           |        -|     -|        0|      629|    -|
|FIFO                 |        -|     -|        -|        -|    -|
|Instance             |        -|     -|        -|        -|    -|
|Memory               |        -|     -|        -|        -|    -|
|Multiplexer          |        -|     -|        -|      198|    -|
|Register             |        -|     -|       66|        -|    -|
+---------------------+---------+------+---------+---------+-----+
|Total                |        0|     0|       66|      827|    0|
+---------------------+---------+------+---------+---------+-----+
|Available SLR        |     1344|  3008|   869120|   434560|  320|
+---------------------+---------+------+---------+---------+-----+
|Utilization SLR (%)  |        0|     0|       ~0|       ~0|    0|
+---------------------+---------+------+---------+---------+-----+
|Available            |     4032|  9024|  2607360|  1303680|  960|
+---------------------+---------+------+---------+---------+-----+
|Utilization (%)      |        0|     0|       ~0|       ~0|    0|
+---------------------+---------+------+---------+---------+-----+

+ Detail: 
    * Instance: 
    N/A

    * DSP: 
    N/A

    * Memory: 
    N/A

    * FIFO: 
    N/A

    * Expression: 
    +----------------------------------+----------+----+---+----+------------+------------+
    |           Variable Name          | Operation| DSP| FF| LUT| Bitwidth P0| Bitwidth P1|
    +----------------------------------+----------+----+---+----+------------+------------+
    |add_ln331_fu_492_p2               |         +|   0|  0|  35|          28|           1|
    |ap_block_pp0_stage0_01001         |       and|   0|  0|   2|           1|           1|
    |ap_ext_blocking_n                 |       and|   0|  0|   2|           2|           2|
    |ap_int_blocking_cur_n             |       and|   0|  0|   2|           1|           1|
    |ap_int_blocking_n                 |       and|   0|  0|   2|           1|           2|
    |ap_str_blocking_n                 |       and|   0|  0|   2|           2|           2|
    |crc_2_fu_734_p2                   |       and|   0|  0|  32|          32|          32|
    |icmp_ln337_fu_486_p2              |      icmp|   0|  0|  36|          29|          29|
    |ap_block_state2_pp0_stage0_iter1  |        or|   0|  0|   2|           1|           1|
    |ap_enable_pp0                     |       xor|   0|  0|   2|           1|           2|
    |xor_ln359_fu_510_p2               |       xor|   0|  0|   8|           8|           8|
    |xor_ln360_fu_531_p2               |       xor|   0|  0|   8|           8|           8|
    |xor_ln361_fu_552_p2               |       xor|   0|  0|   8|           8|           8|
    |xor_ln362_fu_573_p2               |       xor|   0|  0|   8|           8|           8|
    |xor_ln370_10_fu_704_p2            |       xor|   0|  0|  32|          32|          32|
    |xor_ln370_11_fu_710_p2            |       xor|   0|  0|  32|          32|          32|
    |xor_ln370_12_fu_716_p2            |       xor|   0|  0|  32|          32|          32|
    |xor_ln370_13_fu_722_p2            |       xor|   0|  0|  32|          32|          32|
    |xor_ln370_14_fu_728_p2            |       xor|   0|  0|  32|          32|          32|
    |xor_ln370_1_fu_650_p2             |       xor|   0|  0|  32|          32|          32|
    |xor_ln370_2_fu_656_p2             |       xor|   0|  0|  32|          32|          32|
    |xor_ln370_3_fu_662_p2             |       xor|   0|  0|  32|          32|          32|
    |xor_ln370_4_fu_668_p2             |       xor|   0|  0|  32|          32|          32|
    |xor_ln370_5_fu_674_p2             |       xor|   0|  0|  32|          32|          32|
    |xor_ln370_6_fu_680_p2             |       xor|   0|  0|  32|          32|          32|
    |xor_ln370_7_fu_686_p2             |       xor|   0|  0|  32|          32|          32|
    |xor_ln370_8_fu_692_p2             |       xor|   0|  0|  32|          32|          32|
    |xor_ln370_9_fu_698_p2             |       xor|   0|  0|  32|          32|          32|
    |xor_ln370_fu_644_p2               |       xor|   0|  0|  32|          32|          32|
    +----------------------------------+----------+----+---+----+------------+------------+
    |Total                             |          |   0|  0| 629|         610|         585|
    +----------------------------------+----------+----+---+----+------------+------------+

    * Multiplexer: 
    +---------------------------+----+-----------+-----+-----------+
    |            Name           | LUT| Input Size| Bits| Total Bits|
    +---------------------------+----+-----------+-----+-----------+
    |ap_done_int                |   9|          2|    1|          2|
    |ap_enable_reg_pp0_iter1    |   9|          2|    1|          2|
    |ap_sig_allocacmp_b_load    |   9|          2|   28|         56|
    |ap_sig_allocacmp_crc_load  |   9|          2|   32|         64|
    |b_fu_136                   |   9|          2|   28|         56|
    |crc_fu_132                 |   9|          2|   32|         64|
    |inByte0_blk_n              |   9|          2|    1|          2|
    |inByte10_blk_n             |   9|          2|    1|          2|
    |inByte11_blk_n             |   9|          2|    1|          2|
    |inByte12_blk_n             |   9|          2|    1|          2|
    |inByte13_blk_n             |   9|          2|    1|          2|
    |inByte14_blk_n             |   9|          2|    1|          2|
    |inByte15_blk_n             |   9|          2|    1|          2|
    |inByte1_blk_n              |   9|          2|    1|          2|
    |inByte2_blk_n              |   9|          2|    1|          2|
    |inByte3_blk_n              |   9|          2|    1|          2|
    |inByte4_blk_n              |   9|          2|    1|          2|
    |inByte5_blk_n              |   9|          2|    1|          2|
    |inByte6_blk_n              |   9|          2|    1|          2|
    |inByte7_blk_n              |   9|          2|    1|          2|
    |inByte8_blk_n              |   9|          2|    1|          2|
    |inByte9_blk_n              |   9|          2|    1|          2|
    +---------------------------+----+-----------+-----+-----------+
    |Total                      | 198|         44|  138|        276|
    +---------------------------+----+-----------+-----+-----------+

    * Register: 
    +----------------------------------+----+----+-----+-----------+
    |               Name               | FF | LUT| Bits| Const Bits|
    +----------------------------------+----+----+-----+-----------+
    |ap_CS_fsm                         |   1|   0|    1|          0|
    |ap_done_reg                       |   1|   0|    1|          0|
    |ap_enable_reg_pp0_iter1           |   1|   0|    1|          0|
    |ap_enable_reg_pp0_iter2           |   1|   0|    1|          0|
    |ap_loop_exit_ready_pp0_iter1_reg  |   1|   0|    1|          0|
    |b_fu_136                          |  28|   0|   28|          0|
    |crc_fu_132                        |  32|   0|   32|          0|
    |icmp_ln337_reg_768                |   1|   0|    1|          0|
    +----------------------------------+----+----+-----+-----------+
    |Total                             |  66|   0|   66|          0|
    +----------------------------------+----+----+-----+-----------+



================================================================
== Interface
================================================================
* Summary: 
+-------------------------+-----+-----+------------+------------------------------------+--------------+
|        RTL Ports        | Dir | Bits|  Protocol  |            Source Object           |    C Type    |
+-------------------------+-----+-----+------------+------------------------------------+--------------+
|ap_clk                   |   in|    1|  ap_ctrl_hs|  process_blocks_Pipeline_block_loop|  return value|
|ap_rst                   |   in|    1|  ap_ctrl_hs|  process_blocks_Pipeline_block_loop|  return value|
|ap_start                 |   in|    1|  ap_ctrl_hs|  process_blocks_Pipeline_block_loop|  return value|
|ap_done                  |  out|    1|  ap_ctrl_hs|  process_blocks_Pipeline_block_loop|  return value|
|ap_idle                  |  out|    1|  ap_ctrl_hs|  process_blocks_Pipeline_block_loop|  return value|
|ap_ready                 |  out|    1|  ap_ctrl_hs|  process_blocks_Pipeline_block_loop|  return value|
|ap_ext_blocking_n        |  out|    1|  ap_ctrl_hs|  process_blocks_Pipeline_block_loop|  return value|
|ap_str_blocking_n        |  out|    1|  ap_ctrl_hs|  process_blocks_Pipeline_block_loop|  return value|
|ap_int_blocking_n        |  out|    1|  ap_ctrl_hs|  process_blocks_Pipeline_block_loop|  return value|
|inByte0_dout             |   in|    8|     ap_fifo|                             inByte0|       pointer|
|inByte0_num_data_valid   |   in|    7|     ap_fifo|                             inByte0|       pointer|
|inByte0_fifo_cap         |   in|    7|     ap_fifo|                             inByte0|       pointer|
|inByte0_empty_n          |   in|    1|     ap_fifo|                             inByte0|       pointer|
|inByte0_read             |  out|    1|     ap_fifo|                             inByte0|       pointer|
|inByte1_dout             |   in|    8|     ap_fifo|                             inByte1|       pointer|
|inByte1_num_data_valid   |   in|    7|     ap_fifo|                             inByte1|       pointer|
|inByte1_fifo_cap         |   in|    7|     ap_fifo|                             inByte1|       pointer|
|inByte1_empty_n          |   in|    1|     ap_fifo|                             inByte1|       pointer|
|inByte1_read             |  out|    1|     ap_fifo|                             inByte1|       pointer|
|inByte2_dout             |   in|    8|     ap_fifo|                             inByte2|       pointer|
|inByte2_num_data_valid   |   in|    7|     ap_fifo|                             inByte2|       pointer|
|inByte2_fifo_cap         |   in|    7|     ap_fifo|                             inByte2|       pointer|
|inByte2_empty_n          |   in|    1|     ap_fifo|                             inByte2|       pointer|
|inByte2_read             |  out|    1|     ap_fifo|                             inByte2|       pointer|
|inByte3_dout             |   in|    8|     ap_fifo|                             inByte3|       pointer|
|inByte3_num_data_valid   |   in|    7|     ap_fifo|                             inByte3|       pointer|
|inByte3_fifo_cap         |   in|    7|     ap_fifo|                             inByte3|       pointer|
|inByte3_empty_n          |   in|    1|     ap_fifo|                             inByte3|       pointer|
|inByte3_read             |  out|    1|     ap_fifo|                             inByte3|       pointer|
|inByte4_dout             |   in|    8|     ap_fifo|                             inByte4|       pointer|
|inByte4_num_data_valid   |   in|    7|     ap_fifo|                             inByte4|       pointer|
|inByte4_fifo_cap         |   in|    7|     ap_fifo|                             inByte4|       pointer|
|inByte4_empty_n          |   in|    1|     ap_fifo|                             inByte4|       pointer|
|inByte4_read             |  out|    1|     ap_fifo|                             inByte4|       pointer|
|inByte5_dout             |   in|    8|     ap_fifo|                             inByte5|       pointer|
|inByte5_num_data_valid   |   in|    7|     ap_fifo|                             inByte5|       pointer|
|inByte5_fifo_cap         |   in|    7|     ap_fifo|                             inByte5|       pointer|
|inByte5_empty_n          |   in|    1|     ap_fifo|                             inByte5|       pointer|
|inByte5_read             |  out|    1|     ap_fifo|                             inByte5|       pointer|
|inByte6_dout             |   in|    8|     ap_fifo|                             inByte6|       pointer|
|inByte6_num_data_valid   |   in|    7|     ap_fifo|                             inByte6|       pointer|
|inByte6_fifo_cap         |   in|    7|     ap_fifo|                             inByte6|       pointer|
|inByte6_empty_n          |   in|    1|     ap_fifo|                             inByte6|       pointer|
|inByte6_read             |  out|    1|     ap_fifo|                             inByte6|       pointer|
|inByte7_dout             |   in|    8|     ap_fifo|                             inByte7|       pointer|
|inByte7_num_data_valid   |   in|    7|     ap_fifo|                             inByte7|       pointer|
|inByte7_fifo_cap         |   in|    7|     ap_fifo|                             inByte7|       pointer|
|inByte7_empty_n          |   in|    1|     ap_fifo|                             inByte7|       pointer|
|inByte7_read             |  out|    1|     ap_fifo|                             inByte7|       pointer|
|inByte8_dout             |   in|    8|     ap_fifo|                             inByte8|       pointer|
|inByte8_num_data_valid   |   in|    7|     ap_fifo|                             inByte8|       pointer|
|inByte8_fifo_cap         |   in|    7|     ap_fifo|                             inByte8|       pointer|
|inByte8_empty_n          |   in|    1|     ap_fifo|                             inByte8|       pointer|
|inByte8_read             |  out|    1|     ap_fifo|                             inByte8|       pointer|
|inByte9_dout             |   in|    8|     ap_fifo|                             inByte9|       pointer|
|inByte9_num_data_valid   |   in|    7|     ap_fifo|                             inByte9|       pointer|
|inByte9_fifo_cap         |   in|    7|     ap_fifo|                             inByte9|       pointer|
|inByte9_empty_n          |   in|    1|     ap_fifo|                             inByte9|       pointer|
|inByte9_read             |  out|    1|     ap_fifo|                             inByte9|       pointer|
|inByte10_dout            |   in|    8|     ap_fifo|                            inByte10|       pointer|
|inByte10_num_data_valid  |   in|    7|     ap_fifo|                            inByte10|       pointer|
|inByte10_fifo_cap        |   in|    7|     ap_fifo|                            inByte10|       pointer|
|inByte10_empty_n         |   in|    1|     ap_fifo|                            inByte10|       pointer|
|inByte10_read            |  out|    1|     ap_fifo|                            inByte10|       pointer|
|inByte11_dout            |   in|    8|     ap_fifo|                            inByte11|       pointer|
|inByte11_num_data_valid  |   in|    7|     ap_fifo|                            inByte11|       pointer|
|inByte11_fifo_cap        |   in|    7|     ap_fifo|                            inByte11|       pointer|
|inByte11_empty_n         |   in|    1|     ap_fifo|                            inByte11|       pointer|
|inByte11_read            |  out|    1|     ap_fifo|                            inByte11|       pointer|
|inByte12_dout            |   in|    8|     ap_fifo|                            inByte12|       pointer|
|inByte12_num_data_valid  |   in|    7|     ap_fifo|                            inByte12|       pointer|
|inByte12_fifo_cap        |   in|    7|     ap_fifo|                            inByte12|       pointer|
|inByte12_empty_n         |   in|    1|     ap_fifo|                            inByte12|       pointer|
|inByte12_read            |  out|    1|     ap_fifo|                            inByte12|       pointer|
|inByte13_dout            |   in|    8|     ap_fifo|                            inByte13|       pointer|
|inByte13_num_data_valid  |   in|    7|     ap_fifo|                            inByte13|       pointer|
|inByte13_fifo_cap        |   in|    7|     ap_fifo|                            inByte13|       pointer|
|inByte13_empty_n         |   in|    1|     ap_fifo|                            inByte13|       pointer|
|inByte13_read            |  out|    1|     ap_fifo|                            inByte13|       pointer|
|inByte14_dout            |   in|    8|     ap_fifo|                            inByte14|       pointer|
|inByte14_num_data_valid  |   in|    7|     ap_fifo|                            inByte14|       pointer|
|inByte14_fifo_cap        |   in|    7|     ap_fifo|                            inByte14|       pointer|
|inByte14_empty_n         |   in|    1|     ap_fifo|                            inByte14|       pointer|
|inByte14_read            |  out|    1|     ap_fifo|                            inByte14|       pointer|
|inByte15_dout            |   in|    8|     ap_fifo|                            inByte15|       pointer|
|inByte15_num_data_valid  |   in|    7|     ap_fifo|                            inByte15|       pointer|
|inByte15_fifo_cap        |   in|    7|     ap_fifo|                            inByte15|       pointer|
|inByte15_empty_n         |   in|    1|     ap_fifo|                            inByte15|       pointer|
|inByte15_read            |  out|    1|     ap_fifo|                            inByte15|       pointer|
|init_value_2             |   in|   32|     ap_none|                        init_value_2|        scalar|
|blocks_in_chunk          |   in|   29|     ap_none|                     blocks_in_chunk|        scalar|
|crcTables_0_address0     |  out|    8|   ap_memory|                         crcTables_0|         array|
|crcTables_0_ce0          |  out|    1|   ap_memory|                         crcTables_0|         array|
|crcTables_0_q0           |   in|   32|   ap_memory|                         crcTables_0|         array|
|crcTables_1_address0     |  out|    8|   ap_memory|                         crcTables_1|         array|
|crcTables_1_ce0          |  out|    1|   ap_memory|                         crcTables_1|         array|
|crcTables_1_q0           |   in|   32|   ap_memory|                         crcTables_1|         array|
|crcTables_2_address0     |  out|    8|   ap_memory|                         crcTables_2|         array|
|crcTables_2_ce0          |  out|    1|   ap_memory|                         crcTables_2|         array|
|crcTables_2_q0           |   in|   32|   ap_memory|                         crcTables_2|         array|
|crcTables_3_address0     |  out|    8|   ap_memory|                         crcTables_3|         array|
|crcTables_3_ce0          |  out|    1|   ap_memory|                         crcTables_3|         array|
|crcTables_3_q0           |   in|   32|   ap_memory|                         crcTables_3|         array|
|crcTables_4_address0     |  out|    8|   ap_memory|                         crcTables_4|         array|
|crcTables_4_ce0          |  out|    1|   ap_memory|                         crcTables_4|         array|
|crcTables_4_q0           |   in|   32|   ap_memory|                         crcTables_4|         array|
|crcTables_5_address0     |  out|    8|   ap_memory|                         crcTables_5|         array|
|crcTables_5_ce0          |  out|    1|   ap_memory|                         crcTables_5|         array|
|crcTables_5_q0           |   in|   32|   ap_memory|                         crcTables_5|         array|
|crcTables_6_address0     |  out|    8|   ap_memory|                         crcTables_6|         array|
|crcTables_6_ce0          |  out|    1|   ap_memory|                         crcTables_6|         array|
|crcTables_6_q0           |   in|   32|   ap_memory|                         crcTables_6|         array|
|crcTables_7_address0     |  out|    8|   ap_memory|                         crcTables_7|         array|
|crcTables_7_ce0          |  out|    1|   ap_memory|                         crcTables_7|         array|
|crcTables_7_q0           |   in|   32|   ap_memory|                         crcTables_7|         array|
|crcTables_8_address0     |  out|    8|   ap_memory|                         crcTables_8|         array|
|crcTables_8_ce0          |  out|    1|   ap_memory|                         crcTables_8|         array|
|crcTables_8_q0           |   in|   32|   ap_memory|                         crcTables_8|         array|
|crcTables_9_address0     |  out|    8|   ap_memory|                         crcTables_9|         array|
|crcTables_9_ce0          |  out|    1|   ap_memory|                         crcTables_9|         array|
|crcTables_9_q0           |   in|   32|   ap_memory|                         crcTables_9|         array|
|crcTables_10_address0    |  out|    8|   ap_memory|                        crcTables_10|         array|
|crcTables_10_ce0         |  out|    1|   ap_memory|                        crcTables_10|         array|
|crcTables_10_q0          |   in|   32|   ap_memory|                        crcTables_10|         array|
|crcTables_11_address0    |  out|    8|   ap_memory|                        crcTables_11|         array|
|crcTables_11_ce0         |  out|    1|   ap_memory|                        crcTables_11|         array|
|crcTables_11_q0          |   in|   32|   ap_memory|                        crcTables_11|         array|
|crcTables_12_address0    |  out|    8|   ap_memory|                        crcTables_12|         array|
|crcTables_12_ce0         |  out|    1|   ap_memory|                        crcTables_12|         array|
|crcTables_12_q0          |   in|   32|   ap_memory|                        crcTables_12|         array|
|crcTables_13_address0    |  out|    8|   ap_memory|                        crcTables_13|         array|
|crcTables_13_ce0         |  out|    1|   ap_memory|                        crcTables_13|         array|
|crcTables_13_q0          |   in|   32|   ap_memory|                        crcTables_13|         array|
|crcTables_14_address0    |  out|    8|   ap_memory|                        crcTables_14|         array|
|crcTables_14_ce0         |  out|    1|   ap_memory|                        crcTables_14|         array|
|crcTables_14_q0          |   in|   32|   ap_memory|                        crcTables_14|         array|
|crcTables_15_address0    |  out|    8|   ap_memory|                        crcTables_15|         array|
|crcTables_15_ce0         |  out|    1|   ap_memory|                        crcTables_15|         array|
|crcTables_15_q0          |   in|   32|   ap_memory|                        crcTables_15|         array|
|mask_1                   |   in|   32|     ap_none|                              mask_1|        scalar|
|crc_out                  |  out|   32|      ap_vld|                             crc_out|       pointer|
|crc_out_ap_vld           |  out|    1|      ap_vld|                             crc_out|       pointer|
+-------------------------+-----+-----+------------+------------------------------------+--------------+

